
Discarded input sections

 .group         0x00000000        0xc ./source/App.o
 .group         0x00000000        0xc ./source/App.o
 .group         0x00000000        0xc ./source/App.o
 .group         0x00000000        0xc ./source/App.o
 .group         0x00000000        0xc ./source/App.o
 .group         0x00000000        0xc ./source/App.o
 .text          0x00000000        0x0 ./source/App.o
 .data          0x00000000        0x0 ./source/App.o
 .bss           0x00000000        0x0 ./source/App.o
 .group         0x00000000        0xc ./source/uart.o
 .group         0x00000000        0xc ./source/uart.o
 .group         0x00000000        0xc ./source/uart.o
 .group         0x00000000        0xc ./source/uart.o
 .group         0x00000000        0xc ./source/uart.o
 .group         0x00000000        0xc ./source/uart.o
 .group         0x00000000        0xc ./source/uart.o
 .group         0x00000000        0xc ./source/uart.o
 .group         0x00000000        0xc ./source/uart.o
 .group         0x00000000        0xc ./source/uart.o
 .group         0x00000000        0xc ./source/uart.o
 .group         0x00000000        0xc ./source/uart.o
 .group         0x00000000        0xc ./source/uart.o
 .text          0x00000000        0x0 ./source/uart.o
 .data          0x00000000        0x0 ./source/uart.o
 .bss           0x00000000        0x0 ./source/uart.o
 .debug_macro   0x00000000      0xa5a ./source/uart.o
 .debug_macro   0x00000000      0x34e ./source/uart.o
 .debug_macro   0x00000000       0x1c ./source/uart.o
 .debug_macro   0x00000000       0x22 ./source/uart.o
 .debug_macro   0x00000000       0x3a ./source/uart.o
 .group         0x00000000        0xc ./SDK/startup/hardware.o
 .group         0x00000000        0xc ./SDK/startup/hardware.o
 .group         0x00000000        0xc ./SDK/startup/hardware.o
 .group         0x00000000        0xc ./SDK/startup/hardware.o
 .group         0x00000000        0xc ./SDK/startup/hardware.o
 .group         0x00000000        0xc ./SDK/startup/hardware.o
 .group         0x00000000        0xc ./SDK/startup/hardware.o
 .group         0x00000000        0xc ./SDK/startup/hardware.o
 .group         0x00000000        0xc ./SDK/startup/hardware.o
 .group         0x00000000        0xc ./SDK/startup/hardware.o
 .group         0x00000000        0xc ./SDK/startup/hardware.o
 .group         0x00000000        0xc ./SDK/startup/hardware.o
 .group         0x00000000        0xc ./SDK/startup/hardware.o
 .text          0x00000000        0x0 ./SDK/startup/hardware.o
 .data          0x00000000        0x0 ./SDK/startup/hardware.o
 .bss           0x00000000        0x0 ./SDK/startup/hardware.o
 .debug_macro   0x00000000      0xa5a ./SDK/startup/hardware.o
 .debug_macro   0x00000000      0x34e ./SDK/startup/hardware.o
 .debug_macro   0x00000000       0x22 ./SDK/startup/hardware.o
 .debug_macro   0x00000000       0x5c ./SDK/startup/hardware.o
 .debug_macro   0x00000000       0x1c ./SDK/startup/hardware.o
 .debug_macro   0x00000000       0x22 ./SDK/startup/hardware.o
 .debug_macro   0x00000000       0xdf ./SDK/startup/hardware.o
 .debug_macro   0x00000000      0xecf ./SDK/startup/hardware.o
 .debug_macro   0x00000000       0x48 ./SDK/startup/hardware.o
 .debug_macro   0x00000000     0xe07b ./SDK/startup/hardware.o
 .group         0x00000000        0xc ./SDK/startup/main.o
 .group         0x00000000        0xc ./SDK/startup/main.o
 .group         0x00000000        0xc ./SDK/startup/main.o
 .group         0x00000000        0xc ./SDK/startup/main.o
 .group         0x00000000        0xc ./SDK/startup/main.o
 .group         0x00000000        0xc ./SDK/startup/main.o
 .group         0x00000000        0xc ./SDK/startup/main.o
 .group         0x00000000        0xc ./SDK/startup/main.o
 .group         0x00000000        0xc ./SDK/startup/main.o
 .group         0x00000000        0xc ./SDK/startup/main.o
 .group         0x00000000        0xc ./SDK/startup/main.o
 .group         0x00000000        0xc ./SDK/startup/main.o
 .group         0x00000000        0xc ./SDK/startup/main.o
 .text          0x00000000        0x0 ./SDK/startup/main.o
 .data          0x00000000        0x0 ./SDK/startup/main.o
 .bss           0x00000000        0x0 ./SDK/startup/main.o
 .debug_macro   0x00000000      0xa5a ./SDK/startup/main.o
 .debug_macro   0x00000000      0x34e ./SDK/startup/main.o
 .debug_macro   0x00000000       0x22 ./SDK/startup/main.o
 .debug_macro   0x00000000       0x10 ./SDK/startup/main.o
 .debug_macro   0x00000000       0x5c ./SDK/startup/main.o
 .debug_macro   0x00000000       0x1c ./SDK/startup/main.o
 .debug_macro   0x00000000       0x22 ./SDK/startup/main.o
 .debug_macro   0x00000000       0xdf ./SDK/startup/main.o
 .debug_macro   0x00000000      0xecf ./SDK/startup/main.o
 .debug_macro   0x00000000       0x48 ./SDK/startup/main.o
 .debug_macro   0x00000000     0xe07b ./SDK/startup/main.o
 .debug_macro   0x00000000     0x122b ./SDK/startup/main.o
 .debug_macro   0x00000000       0x16 ./SDK/startup/main.o
 .group         0x00000000        0xc ./SDK/startup/semihost_hardfault.o
 .text          0x00000000        0x0 ./SDK/startup/semihost_hardfault.o
 .data          0x00000000        0x0 ./SDK/startup/semihost_hardfault.o
 .bss           0x00000000        0x0 ./SDK/startup/semihost_hardfault.o
 .debug_macro   0x00000000      0xa5a ./SDK/startup/semihost_hardfault.o
 .group         0x00000000        0xc ./SDK/startup/startup_mk64f12.o
 .text          0x00000000        0x0 ./SDK/startup/startup_mk64f12.o
 .data          0x00000000        0x0 ./SDK/startup/startup_mk64f12.o
 .bss           0x00000000        0x0 ./SDK/startup/startup_mk64f12.o
 .text.UART0_RX_TX_IRQHandler
                0x00000000        0x8 ./SDK/startup/startup_mk64f12.o
 .debug_macro   0x00000000      0xa5a ./SDK/startup/startup_mk64f12.o
 .group         0x00000000        0xc ./SDK/CMSIS/system_MK64F12.o
 .group         0x00000000        0xc ./SDK/CMSIS/system_MK64F12.o
 .group         0x00000000        0xc ./SDK/CMSIS/system_MK64F12.o
 .group         0x00000000        0xc ./SDK/CMSIS/system_MK64F12.o
 .group         0x00000000        0xc ./SDK/CMSIS/system_MK64F12.o
 .group         0x00000000        0xc ./SDK/CMSIS/system_MK64F12.o
 .group         0x00000000        0xc ./SDK/CMSIS/system_MK64F12.o
 .group         0x00000000        0xc ./SDK/CMSIS/system_MK64F12.o
 .group         0x00000000        0xc ./SDK/CMSIS/system_MK64F12.o
 .group         0x00000000        0xc ./SDK/CMSIS/system_MK64F12.o
 .group         0x00000000        0xc ./SDK/CMSIS/system_MK64F12.o
 .text          0x00000000        0x0 ./SDK/CMSIS/system_MK64F12.o
 .data          0x00000000        0x0 ./SDK/CMSIS/system_MK64F12.o
 .bss           0x00000000        0x0 ./SDK/CMSIS/system_MK64F12.o
 .data.SystemCoreClock
                0x00000000        0x4 ./SDK/CMSIS/system_MK64F12.o
 .text.SystemCoreClockUpdate
                0x00000000      0x278 ./SDK/CMSIS/system_MK64F12.o
 .debug_macro   0x00000000      0xa5a ./SDK/CMSIS/system_MK64F12.o
 .debug_macro   0x00000000      0x34e ./SDK/CMSIS/system_MK64F12.o
 .debug_macro   0x00000000       0x10 ./SDK/CMSIS/system_MK64F12.o
 .debug_macro   0x00000000       0x5c ./SDK/CMSIS/system_MK64F12.o
 .debug_macro   0x00000000       0x1c ./SDK/CMSIS/system_MK64F12.o
 .debug_macro   0x00000000       0x22 ./SDK/CMSIS/system_MK64F12.o
 .debug_macro   0x00000000       0xdf ./SDK/CMSIS/system_MK64F12.o
 .debug_macro   0x00000000      0xecf ./SDK/CMSIS/system_MK64F12.o
 .debug_macro   0x00000000       0x48 ./SDK/CMSIS/system_MK64F12.o
 .debug_macro   0x00000000     0xe07b ./SDK/CMSIS/system_MK64F12.o
 .debug_macro   0x00000000     0x122b ./SDK/CMSIS/system_MK64F12.o
 .group         0x00000000        0xc C:/Users/newto/LABO_DE_MICROS/Guia_4_uart/source/gpio.o
 .group         0x00000000        0xc C:/Users/newto/LABO_DE_MICROS/Guia_4_uart/source/gpio.o
 .group         0x00000000        0xc C:/Users/newto/LABO_DE_MICROS/Guia_4_uart/source/gpio.o
 .group         0x00000000        0xc C:/Users/newto/LABO_DE_MICROS/Guia_4_uart/source/gpio.o
 .group         0x00000000        0xc C:/Users/newto/LABO_DE_MICROS/Guia_4_uart/source/gpio.o
 .group         0x00000000        0xc C:/Users/newto/LABO_DE_MICROS/Guia_4_uart/source/gpio.o
 .group         0x00000000        0xc C:/Users/newto/LABO_DE_MICROS/Guia_4_uart/source/gpio.o
 .group         0x00000000        0xc C:/Users/newto/LABO_DE_MICROS/Guia_4_uart/source/gpio.o
 .group         0x00000000        0xc C:/Users/newto/LABO_DE_MICROS/Guia_4_uart/source/gpio.o
 .group         0x00000000        0xc C:/Users/newto/LABO_DE_MICROS/Guia_4_uart/source/gpio.o
 .group         0x00000000        0xc C:/Users/newto/LABO_DE_MICROS/Guia_4_uart/source/gpio.o
 .group         0x00000000        0xc C:/Users/newto/LABO_DE_MICROS/Guia_4_uart/source/gpio.o
 .group         0x00000000        0xc C:/Users/newto/LABO_DE_MICROS/Guia_4_uart/source/gpio.o
 .group         0x00000000        0xc C:/Users/newto/LABO_DE_MICROS/Guia_4_uart/source/gpio.o
 .text          0x00000000        0x0 C:/Users/newto/LABO_DE_MICROS/Guia_4_uart/source/gpio.o
 .data          0x00000000        0x0 C:/Users/newto/LABO_DE_MICROS/Guia_4_uart/source/gpio.o
 .bss           0x00000000        0x0 C:/Users/newto/LABO_DE_MICROS/Guia_4_uart/source/gpio.o
 .text.gpioToggle
                0x00000000       0x48 C:/Users/newto/LABO_DE_MICROS/Guia_4_uart/source/gpio.o
 .text.gpioRead
                0x00000000       0x68 C:/Users/newto/LABO_DE_MICROS/Guia_4_uart/source/gpio.o
 .debug_macro   0x00000000      0xa5a C:/Users/newto/LABO_DE_MICROS/Guia_4_uart/source/gpio.o
 .debug_macro   0x00000000      0x34e C:/Users/newto/LABO_DE_MICROS/Guia_4_uart/source/gpio.o
 .debug_macro   0x00000000       0x22 C:/Users/newto/LABO_DE_MICROS/Guia_4_uart/source/gpio.o
 .debug_macro   0x00000000       0x3a C:/Users/newto/LABO_DE_MICROS/Guia_4_uart/source/gpio.o
 .debug_macro   0x00000000       0x10 C:/Users/newto/LABO_DE_MICROS/Guia_4_uart/source/gpio.o
 .debug_macro   0x00000000       0x5c C:/Users/newto/LABO_DE_MICROS/Guia_4_uart/source/gpio.o
 .debug_macro   0x00000000       0x1c C:/Users/newto/LABO_DE_MICROS/Guia_4_uart/source/gpio.o
 .debug_macro   0x00000000       0x22 C:/Users/newto/LABO_DE_MICROS/Guia_4_uart/source/gpio.o
 .debug_macro   0x00000000       0xdf C:/Users/newto/LABO_DE_MICROS/Guia_4_uart/source/gpio.o
 .debug_macro   0x00000000      0xecf C:/Users/newto/LABO_DE_MICROS/Guia_4_uart/source/gpio.o
 .debug_macro   0x00000000       0x48 C:/Users/newto/LABO_DE_MICROS/Guia_4_uart/source/gpio.o
 .debug_macro   0x00000000     0xe07b C:/Users/newto/LABO_DE_MICROS/Guia_4_uart/source/gpio.o
 .debug_macro   0x00000000     0x122b C:/Users/newto/LABO_DE_MICROS/Guia_4_uart/source/gpio.o
 .debug_macro   0x00000000       0x16 C:/Users/newto/LABO_DE_MICROS/Guia_4_uart/source/gpio.o

Memory Configuration

Name             Origin             Length             Attributes
PROGRAM_FLASH    0x00000000         0x00100000         xr
SRAM_UPPER       0x20000000         0x00030000         xrw
SRAM_LOWER       0x1fff0000         0x00010000         xrw
FLEX_RAM         0x14000000         0x00001000         xrw
*default*        0x00000000         0xffffffff

Linker script and memory map

LOAD ./source/App.o
LOAD ./source/uart.o
LOAD ./SDK/startup/hardware.o
LOAD ./SDK/startup/main.o
LOAD ./SDK/startup/semihost_hardfault.o
LOAD ./SDK/startup/startup_mk64f12.o
LOAD ./SDK/CMSIS/system_MK64F12.o
LOAD C:/Users/newto/LABO_DE_MICROS/Guia_4_uart/source/gpio.o
START GROUP
LOAD c:/nxp/mcuxpressoide_10.2.0_759/ide/tools/bin/../lib/gcc/arm-none-eabi/7.2.1/../../../../arm-none-eabi/lib/thumb/v7e-m/fpv4-sp/hard\libcr_c.a
LOAD c:/nxp/mcuxpressoide_10.2.0_759/ide/tools/bin/../lib/gcc/arm-none-eabi/7.2.1/thumb/v7e-m/fpv4-sp/hard\libcr_eabihelpers.a
END GROUP
                0x00000000                __base_PROGRAM_FLASH = 0x0
                0x00000000                __base_Flash = 0x0
                0x00100000                __top_PROGRAM_FLASH = 0x100000
                0x00100000                __top_Flash = 0x100000
                0x20000000                __base_SRAM_UPPER = 0x20000000
                0x20000000                __base_RAM = 0x20000000
                0x20030000                __top_SRAM_UPPER = 0x20030000
                0x20030000                __top_RAM = 0x20030000
                0x1fff0000                __base_SRAM_LOWER = 0x1fff0000
                0x1fff0000                __base_RAM2 = 0x1fff0000
                0x20000000                __top_SRAM_LOWER = 0x20000000
                0x20000000                __top_RAM2 = 0x20000000
                0x14000000                __base_FLEX_RAM = 0x14000000
                0x14000000                __base_RAM3 = 0x14000000
                0x14001000                __top_FLEX_RAM = 0x14001000
                0x14001000                __top_RAM3 = 0x14001000

.text           0x00000000      0xde0
 FILL mask 0xff
                0x00000000                __vectors_start__ = ABSOLUTE (.)
 *(SORT_BY_ALIGNMENT(.isr_vector))
 .isr_vector    0x00000000      0x198 ./SDK/startup/startup_mk64f12.o
                0x00000000                g_pfnVectors
                0x00000000                __Vectors
                0x00000198                . = ALIGN (0x4)
                0x00000198                __section_table_start = .
                0x00000198                __data_section_table = .
                0x00000198        0x4 LONG 0xde0 LOADADDR (.data)
                0x0000019c        0x4 LONG 0x20000000 ADDR (.data)
                0x000001a0        0x4 LONG 0x18 SIZEOF (.data)
                0x000001a4        0x4 LONG 0xde0 LOADADDR (.data_RAM2)
                0x000001a8        0x4 LONG 0x1fff0000 ADDR (.data_RAM2)
                0x000001ac        0x4 LONG 0x0 SIZEOF (.data_RAM2)
                0x000001b0        0x4 LONG 0xde0 LOADADDR (.data_RAM3)
                0x000001b4        0x4 LONG 0x14000000 ADDR (.data_RAM3)
                0x000001b8        0x4 LONG 0x0 SIZEOF (.data_RAM3)
                0x000001bc                __data_section_table_end = .
                0x000001bc                __bss_section_table = .
                0x000001bc        0x4 LONG 0x20000018 ADDR (.bss)
                0x000001c0        0x4 LONG 0x1a0 SIZEOF (.bss)
                0x000001c4        0x4 LONG 0x1fff0000 ADDR (.bss_RAM2)
                0x000001c8        0x4 LONG 0x0 SIZEOF (.bss_RAM2)
                0x000001cc        0x4 LONG 0x14000000 ADDR (.bss_RAM3)
                0x000001d0        0x4 LONG 0x0 SIZEOF (.bss_RAM3)
                0x000001d4                __bss_section_table_end = .
                0x000001d4                __section_table_end = .
 *(SORT_BY_ALIGNMENT(.after_vectors*))
 .after_vectors.reset
                0x000001d4       0x4c ./SDK/startup/startup_mk64f12.o
                0x000001d4                ResetISR
 .after_vectors.init_data
                0x00000220       0x1e ./SDK/startup/startup_mk64f12.o
                0x00000220                data_init
 .after_vectors.init_bss
                0x0000023e       0x12 ./SDK/startup/startup_mk64f12.o
                0x0000023e                bss_init
 .after_vectors
                0x00000250       0x14 ./SDK/startup/startup_mk64f12.o
                0x00000250                NMI_Handler
                0x00000254                MemManage_Handler
                0x00000256                BusFault_Handler
                0x00000258                UsageFault_Handler
                0x0000025a                SVC_Handler
                0x0000025c                DebugMon_Handler
                0x0000025e                PendSV_Handler
                0x00000260                SysTick_Handler
                0x00000262                DMA_Error_DriverIRQHandler
                0x00000262                LPTMR0_DriverIRQHandler
                0x00000262                FTM1_DriverIRQHandler
                0x00000262                FTM2_DriverIRQHandler
                0x00000262                PIT2_DriverIRQHandler
                0x00000262                SDHC_DriverIRQHandler
                0x00000262                I2S0_Tx_DriverIRQHandler
                0x00000262                RTC_Seconds_DriverIRQHandler
                0x00000262                DMA6_DriverIRQHandler
                0x00000262                LLWU_DriverIRQHandler
                0x00000262                MCM_DriverIRQHandler
                0x00000262                MCG_DriverIRQHandler
                0x00000262                ENET_1588_Timer_DriverIRQHandler
                0x00000262                I2C2_DriverIRQHandler
                0x00000262                DAC1_DriverIRQHandler
                0x00000262                SPI1_DriverIRQHandler
                0x00000262                CMP1_DriverIRQHandler
                0x00000262                UART5_RX_TX_DriverIRQHandler
                0x00000262                FTM0_DriverIRQHandler
                0x00000262                IntDefaultHandler
                0x00000262                USB0_DriverIRQHandler
                0x00000262                UART5_ERR_DriverIRQHandler
                0x00000262                PORTC_DriverIRQHandler
                0x00000262                DMA11_DriverIRQHandler
                0x00000262                DAC0_DriverIRQHandler
                0x00000262                DMA10_DriverIRQHandler
                0x00000262                CMP2_DriverIRQHandler
                0x00000262                UART2_ERR_DriverIRQHandler
                0x00000262                SPI2_DriverIRQHandler
                0x00000262                LVD_LVW_DriverIRQHandler
                0x00000262                PIT0_DriverIRQHandler
                0x00000262                RNG_DriverIRQHandler
                0x00000262                DMA12_DriverIRQHandler
                0x00000262                DMA4_DriverIRQHandler
                0x00000262                UART2_RX_TX_DriverIRQHandler
                0x00000262                USBDCD_DriverIRQHandler
                0x00000262                UART3_ERR_DriverIRQHandler
                0x00000262                DMA3_DriverIRQHandler
                0x00000262                DMA8_DriverIRQHandler
                0x00000262                DMA9_DriverIRQHandler
                0x00000262                UART0_ERR_DriverIRQHandler
                0x00000262                CMT_DriverIRQHandler
                0x00000262                Reserved71_DriverIRQHandler
                0x00000262                ADC1_DriverIRQHandler
                0x00000262                PORTA_DriverIRQHandler
                0x00000262                DMA14_DriverIRQHandler
                0x00000262                PIT3_DriverIRQHandler
                0x00000262                PIT1_DriverIRQHandler
                0x00000262                WDOG_EWM_DriverIRQHandler
                0x00000262                PDB0_DriverIRQHandler
                0x00000262                RTC_DriverIRQHandler
                0x00000262                I2S0_Rx_DriverIRQHandler
                0x00000262                Read_Collision_DriverIRQHandler
                0x00000262                SWI_DriverIRQHandler
                0x00000262                UART4_RX_TX_DriverIRQHandler
                0x00000262                UART4_ERR_DriverIRQHandler
                0x00000262                PORTB_DriverIRQHandler
                0x00000262                UART0_LON_DriverIRQHandler
                0x00000262                DMA0_DriverIRQHandler
                0x00000262                DMA1_DriverIRQHandler
                0x00000262                I2C1_DriverIRQHandler
                0x00000262                UART3_RX_TX_DriverIRQHandler
                0x00000262                ENET_Receive_DriverIRQHandler
                0x00000262                DMA13_DriverIRQHandler
                0x00000262                ENET_Error_DriverIRQHandler
                0x00000262                DMA15_DriverIRQHandler
                0x00000262                UART0_RX_TX_DriverIRQHandler
                0x00000262                SPI0_DriverIRQHandler
                0x00000262                ADC0_DriverIRQHandler
                0x00000262                CMP0_DriverIRQHandler
                0x00000262                CAN0_DriverIRQHandler
                0x00000262                FTM3_DriverIRQHandler
                0x00000262                DMA5_DriverIRQHandler
                0x00000262                UART1_ERR_DriverIRQHandler
                0x00000262                DMA2_DriverIRQHandler
                0x00000262                ENET_Transmit_DriverIRQHandler
                0x00000262                PORTD_DriverIRQHandler
                0x00000262                PORTE_DriverIRQHandler
                0x00000262                FTFE_DriverIRQHandler
                0x00000262                I2C0_DriverIRQHandler
                0x00000262                DMA7_DriverIRQHandler
                0x00000262                UART1_RX_TX_DriverIRQHandler
                0x00000400                . = 0x400
 *fill*         0x00000264      0x19c ff
                0x00000400                PROVIDE (__FLASH_CONFIG_START__, .)
 *(SORT_BY_ALIGNMENT(.FlashConfig))
 .FlashConfig   0x00000400       0x10 ./SDK/startup/startup_mk64f12.o
                0x00000400                Flash_Config
                0x00000410                PROVIDE (__FLASH_CONFIG_END__, .)
                0x00000001                ASSERT (! ((__FLASH_CONFIG_START__ == __FLASH_CONFIG_END__)), Linker Flash Config Support Enabled, but no .FlashConfig section provided within application)
 *(SORT_BY_ALIGNMENT(.text*))
 .text.App_Run  0x00000410       0x1c ./source/App.o
                0x00000410                App_Run
 .text.__NVIC_EnableIRQ
                0x0000042c       0x3c ./source/uart.o
 .text.UART0_RX_TX_IRQHandler
                0x00000468       0xc0 ./source/uart.o
                0x00000468                UART0_RX_TX_IRQHandler
 .text.sendWord
                0x00000528       0x80 ./source/uart.o
                0x00000528                sendWord
 .text.configPCR
                0x000005a8       0x94 ./source/uart.o
                0x000005a8                configPCR
 .text.uartInit
                0x0000063c      0x13c ./source/uart.o
                0x0000063c                uartInit
 .text.hw_Init  0x00000778      0x10c ./SDK/startup/hardware.o
                0x00000778                hw_Init
 .text.hw_EnableInterrupts
                0x00000884       0x30 ./SDK/startup/hardware.o
                0x00000884                hw_EnableInterrupts
 .text.hw_DisableInterrupts
                0x000008b4       0x20 ./SDK/startup/hardware.o
                0x000008b4                hw_DisableInterrupts
 .text.SystemInit
                0x000008d4       0x3c ./SDK/CMSIS/system_MK64F12.o
                0x000008d4                SystemInit
 .text.gpioMode
                0x00000910       0x98 C:/Users/newto/LABO_DE_MICROS/Guia_4_uart/source/gpio.o
                0x00000910                gpioMode
 .text.gpioWrite
                0x000009a8       0x5c C:/Users/newto/LABO_DE_MICROS/Guia_4_uart/source/gpio.o
                0x000009a8                gpioWrite
 .text.App_Init
                0x00000a04       0x2a ./source/App.o
                0x00000a04                App_Init
 .text.delayLoop
                0x00000a2e       0x20 ./source/App.o
 .text.main     0x00000a4e       0x1a ./SDK/startup/main.o
                0x00000a4e                main
 .text.HardFault_Handler
                0x00000a68       0x2c ./SDK/startup/semihost_hardfault.o
                0x00000a68                HardFault_Handler
 .text.DMA0_IRQHandler
                0x00000a94        0x8 ./SDK/startup/startup_mk64f12.o
                0x00000a94                DMA0_IRQHandler
 .text.DMA1_IRQHandler
                0x00000a9c        0x8 ./SDK/startup/startup_mk64f12.o
                0x00000a9c                DMA1_IRQHandler
 .text.DMA2_IRQHandler
                0x00000aa4        0x8 ./SDK/startup/startup_mk64f12.o
                0x00000aa4                DMA2_IRQHandler
 .text.DMA3_IRQHandler
                0x00000aac        0x8 ./SDK/startup/startup_mk64f12.o
                0x00000aac                DMA3_IRQHandler
 .text.DMA4_IRQHandler
                0x00000ab4        0x8 ./SDK/startup/startup_mk64f12.o
                0x00000ab4                DMA4_IRQHandler
 .text.DMA5_IRQHandler
                0x00000abc        0x8 ./SDK/startup/startup_mk64f12.o
                0x00000abc                DMA5_IRQHandler
 .text.DMA6_IRQHandler
                0x00000ac4        0x8 ./SDK/startup/startup_mk64f12.o
                0x00000ac4                DMA6_IRQHandler
 .text.DMA7_IRQHandler
                0x00000acc        0x8 ./SDK/startup/startup_mk64f12.o
                0x00000acc                DMA7_IRQHandler
 .text.DMA8_IRQHandler
                0x00000ad4        0x8 ./SDK/startup/startup_mk64f12.o
                0x00000ad4                DMA8_IRQHandler
 .text.DMA9_IRQHandler
                0x00000adc        0x8 ./SDK/startup/startup_mk64f12.o
                0x00000adc                DMA9_IRQHandler
 .text.DMA10_IRQHandler
                0x00000ae4        0x8 ./SDK/startup/startup_mk64f12.o
                0x00000ae4                DMA10_IRQHandler
 .text.DMA11_IRQHandler
                0x00000aec        0x8 ./SDK/startup/startup_mk64f12.o
                0x00000aec                DMA11_IRQHandler
 .text.DMA12_IRQHandler
                0x00000af4        0x8 ./SDK/startup/startup_mk64f12.o
                0x00000af4                DMA12_IRQHandler
 .text.DMA13_IRQHandler
                0x00000afc        0x8 ./SDK/startup/startup_mk64f12.o
                0x00000afc                DMA13_IRQHandler
 .text.DMA14_IRQHandler
                0x00000b04        0x8 ./SDK/startup/startup_mk64f12.o
                0x00000b04                DMA14_IRQHandler
 .text.DMA15_IRQHandler
                0x00000b0c        0x8 ./SDK/startup/startup_mk64f12.o
                0x00000b0c                DMA15_IRQHandler
 .text.DMA_Error_IRQHandler
                0x00000b14        0x8 ./SDK/startup/startup_mk64f12.o
                0x00000b14                DMA_Error_IRQHandler
 .text.MCM_IRQHandler
                0x00000b1c        0x8 ./SDK/startup/startup_mk64f12.o
                0x00000b1c                MCM_IRQHandler
 .text.FTFE_IRQHandler
                0x00000b24        0x8 ./SDK/startup/startup_mk64f12.o
                0x00000b24                FTFE_IRQHandler
 .text.Read_Collision_IRQHandler
                0x00000b2c        0x8 ./SDK/startup/startup_mk64f12.o
                0x00000b2c                Read_Collision_IRQHandler
 .text.LVD_LVW_IRQHandler
                0x00000b34        0x8 ./SDK/startup/startup_mk64f12.o
                0x00000b34                LVD_LVW_IRQHandler
 .text.LLWU_IRQHandler
                0x00000b3c        0x8 ./SDK/startup/startup_mk64f12.o
                0x00000b3c                LLWU_IRQHandler
 .text.WDOG_EWM_IRQHandler
                0x00000b44        0x8 ./SDK/startup/startup_mk64f12.o
                0x00000b44                WDOG_EWM_IRQHandler
 .text.RNG_IRQHandler
                0x00000b4c        0x8 ./SDK/startup/startup_mk64f12.o
                0x00000b4c                RNG_IRQHandler
 .text.I2C0_IRQHandler
                0x00000b54        0x8 ./SDK/startup/startup_mk64f12.o
                0x00000b54                I2C0_IRQHandler
 .text.I2C1_IRQHandler
                0x00000b5c        0x8 ./SDK/startup/startup_mk64f12.o
                0x00000b5c                I2C1_IRQHandler
 .text.SPI0_IRQHandler
                0x00000b64        0x8 ./SDK/startup/startup_mk64f12.o
                0x00000b64                SPI0_IRQHandler
 .text.SPI1_IRQHandler
                0x00000b6c        0x8 ./SDK/startup/startup_mk64f12.o
                0x00000b6c                SPI1_IRQHandler
 .text.I2S0_Tx_IRQHandler
                0x00000b74        0x8 ./SDK/startup/startup_mk64f12.o
                0x00000b74                I2S0_Tx_IRQHandler
 .text.I2S0_Rx_IRQHandler
                0x00000b7c        0x8 ./SDK/startup/startup_mk64f12.o
                0x00000b7c                I2S0_Rx_IRQHandler
 .text.UART0_LON_IRQHandler
                0x00000b84        0x8 ./SDK/startup/startup_mk64f12.o
                0x00000b84                UART0_LON_IRQHandler
 .text.UART0_ERR_IRQHandler
                0x00000b8c        0x8 ./SDK/startup/startup_mk64f12.o
                0x00000b8c                UART0_ERR_IRQHandler
 .text.UART1_RX_TX_IRQHandler
                0x00000b94        0x8 ./SDK/startup/startup_mk64f12.o
                0x00000b94                UART1_RX_TX_IRQHandler
 .text.UART1_ERR_IRQHandler
                0x00000b9c        0x8 ./SDK/startup/startup_mk64f12.o
                0x00000b9c                UART1_ERR_IRQHandler
 .text.UART2_RX_TX_IRQHandler
                0x00000ba4        0x8 ./SDK/startup/startup_mk64f12.o
                0x00000ba4                UART2_RX_TX_IRQHandler
 .text.UART2_ERR_IRQHandler
                0x00000bac        0x8 ./SDK/startup/startup_mk64f12.o
                0x00000bac                UART2_ERR_IRQHandler
 .text.UART3_RX_TX_IRQHandler
                0x00000bb4        0x8 ./SDK/startup/startup_mk64f12.o
                0x00000bb4                UART3_RX_TX_IRQHandler
 .text.UART3_ERR_IRQHandler
                0x00000bbc        0x8 ./SDK/startup/startup_mk64f12.o
                0x00000bbc                UART3_ERR_IRQHandler
 .text.ADC0_IRQHandler
                0x00000bc4        0x8 ./SDK/startup/startup_mk64f12.o
                0x00000bc4                ADC0_IRQHandler
 .text.CMP0_IRQHandler
                0x00000bcc        0x8 ./SDK/startup/startup_mk64f12.o
                0x00000bcc                CMP0_IRQHandler
 .text.CMP1_IRQHandler
                0x00000bd4        0x8 ./SDK/startup/startup_mk64f12.o
                0x00000bd4                CMP1_IRQHandler
 .text.FTM0_IRQHandler
                0x00000bdc        0x8 ./SDK/startup/startup_mk64f12.o
                0x00000bdc                FTM0_IRQHandler
 .text.FTM1_IRQHandler
                0x00000be4        0x8 ./SDK/startup/startup_mk64f12.o
                0x00000be4                FTM1_IRQHandler
 .text.FTM2_IRQHandler
                0x00000bec        0x8 ./SDK/startup/startup_mk64f12.o
                0x00000bec                FTM2_IRQHandler
 .text.CMT_IRQHandler
                0x00000bf4        0x8 ./SDK/startup/startup_mk64f12.o
                0x00000bf4                CMT_IRQHandler
 .text.RTC_IRQHandler
                0x00000bfc        0x8 ./SDK/startup/startup_mk64f12.o
                0x00000bfc                RTC_IRQHandler
 .text.RTC_Seconds_IRQHandler
                0x00000c04        0x8 ./SDK/startup/startup_mk64f12.o
                0x00000c04                RTC_Seconds_IRQHandler
 .text.PIT0_IRQHandler
                0x00000c0c        0x8 ./SDK/startup/startup_mk64f12.o
                0x00000c0c                PIT0_IRQHandler
 .text.PIT1_IRQHandler
                0x00000c14        0x8 ./SDK/startup/startup_mk64f12.o
                0x00000c14                PIT1_IRQHandler
 .text.PIT2_IRQHandler
                0x00000c1c        0x8 ./SDK/startup/startup_mk64f12.o
                0x00000c1c                PIT2_IRQHandler
 .text.PIT3_IRQHandler
                0x00000c24        0x8 ./SDK/startup/startup_mk64f12.o
                0x00000c24                PIT3_IRQHandler
 .text.PDB0_IRQHandler
                0x00000c2c        0x8 ./SDK/startup/startup_mk64f12.o
                0x00000c2c                PDB0_IRQHandler
 .text.USB0_IRQHandler
                0x00000c34        0x8 ./SDK/startup/startup_mk64f12.o
                0x00000c34                USB0_IRQHandler
 .text.USBDCD_IRQHandler
                0x00000c3c        0x8 ./SDK/startup/startup_mk64f12.o
                0x00000c3c                USBDCD_IRQHandler
 .text.Reserved71_IRQHandler
                0x00000c44        0x8 ./SDK/startup/startup_mk64f12.o
                0x00000c44                Reserved71_IRQHandler
 .text.DAC0_IRQHandler
                0x00000c4c        0x8 ./SDK/startup/startup_mk64f12.o
                0x00000c4c                DAC0_IRQHandler
 .text.MCG_IRQHandler
                0x00000c54        0x8 ./SDK/startup/startup_mk64f12.o
                0x00000c54                MCG_IRQHandler
 .text.LPTMR0_IRQHandler
                0x00000c5c        0x8 ./SDK/startup/startup_mk64f12.o
                0x00000c5c                LPTMR0_IRQHandler
 .text.PORTA_IRQHandler
                0x00000c64        0x8 ./SDK/startup/startup_mk64f12.o
                0x00000c64                PORTA_IRQHandler
 .text.PORTB_IRQHandler
                0x00000c6c        0x8 ./SDK/startup/startup_mk64f12.o
                0x00000c6c                PORTB_IRQHandler
 .text.PORTC_IRQHandler
                0x00000c74        0x8 ./SDK/startup/startup_mk64f12.o
                0x00000c74                PORTC_IRQHandler
 .text.PORTD_IRQHandler
                0x00000c7c        0x8 ./SDK/startup/startup_mk64f12.o
                0x00000c7c                PORTD_IRQHandler
 .text.PORTE_IRQHandler
                0x00000c84        0x8 ./SDK/startup/startup_mk64f12.o
                0x00000c84                PORTE_IRQHandler
 .text.SWI_IRQHandler
                0x00000c8c        0x8 ./SDK/startup/startup_mk64f12.o
                0x00000c8c                SWI_IRQHandler
 .text.SPI2_IRQHandler
                0x00000c94        0x8 ./SDK/startup/startup_mk64f12.o
                0x00000c94                SPI2_IRQHandler
 .text.UART4_RX_TX_IRQHandler
                0x00000c9c        0x8 ./SDK/startup/startup_mk64f12.o
                0x00000c9c                UART4_RX_TX_IRQHandler
 .text.UART4_ERR_IRQHandler
                0x00000ca4        0x8 ./SDK/startup/startup_mk64f12.o
                0x00000ca4                UART4_ERR_IRQHandler
 .text.UART5_RX_TX_IRQHandler
                0x00000cac        0x8 ./SDK/startup/startup_mk64f12.o
                0x00000cac                UART5_RX_TX_IRQHandler
 .text.UART5_ERR_IRQHandler
                0x00000cb4        0x8 ./SDK/startup/startup_mk64f12.o
                0x00000cb4                UART5_ERR_IRQHandler
 .text.CMP2_IRQHandler
                0x00000cbc        0x8 ./SDK/startup/startup_mk64f12.o
                0x00000cbc                CMP2_IRQHandler
 .text.FTM3_IRQHandler
                0x00000cc4        0x8 ./SDK/startup/startup_mk64f12.o
                0x00000cc4                FTM3_IRQHandler
 .text.DAC1_IRQHandler
                0x00000ccc        0x8 ./SDK/startup/startup_mk64f12.o
                0x00000ccc                DAC1_IRQHandler
 .text.ADC1_IRQHandler
                0x00000cd4        0x8 ./SDK/startup/startup_mk64f12.o
                0x00000cd4                ADC1_IRQHandler
 .text.I2C2_IRQHandler
                0x00000cdc        0x8 ./SDK/startup/startup_mk64f12.o
                0x00000cdc                I2C2_IRQHandler
 .text.CAN0_ORed_Message_buffer_IRQHandler
                0x00000ce4        0x8 ./SDK/startup/startup_mk64f12.o
                0x00000ce4                CAN0_ORed_Message_buffer_IRQHandler
 .text.CAN0_Bus_Off_IRQHandler
                0x00000cec        0x8 ./SDK/startup/startup_mk64f12.o
                0x00000cec                CAN0_Bus_Off_IRQHandler
 .text.CAN0_Error_IRQHandler
                0x00000cf4        0x8 ./SDK/startup/startup_mk64f12.o
                0x00000cf4                CAN0_Error_IRQHandler
 .text.CAN0_Tx_Warning_IRQHandler
                0x00000cfc        0x8 ./SDK/startup/startup_mk64f12.o
                0x00000cfc                CAN0_Tx_Warning_IRQHandler
 .text.CAN0_Rx_Warning_IRQHandler
                0x00000d04        0x8 ./SDK/startup/startup_mk64f12.o
                0x00000d04                CAN0_Rx_Warning_IRQHandler
 .text.CAN0_Wake_Up_IRQHandler
                0x00000d0c        0x8 ./SDK/startup/startup_mk64f12.o
                0x00000d0c                CAN0_Wake_Up_IRQHandler
 .text.SDHC_IRQHandler
                0x00000d14        0x8 ./SDK/startup/startup_mk64f12.o
                0x00000d14                SDHC_IRQHandler
 .text.ENET_1588_Timer_IRQHandler
                0x00000d1c        0x8 ./SDK/startup/startup_mk64f12.o
                0x00000d1c                ENET_1588_Timer_IRQHandler
 .text.ENET_Transmit_IRQHandler
                0x00000d24        0x8 ./SDK/startup/startup_mk64f12.o
                0x00000d24                ENET_Transmit_IRQHandler
 .text.ENET_Receive_IRQHandler
                0x00000d2c        0x8 ./SDK/startup/startup_mk64f12.o
                0x00000d2c                ENET_Receive_IRQHandler
 .text.ENET_Error_IRQHandler
                0x00000d34        0x8 ./SDK/startup/startup_mk64f12.o
                0x00000d34                ENET_Error_IRQHandler
 .text.SystemInitHook
                0x00000d3c        0xe ./SDK/CMSIS/system_MK64F12.o
                0x00000d3c                SystemInitHook
 .text.parsePin
                0x00000d4a       0x42 C:/Users/newto/LABO_DE_MICROS/Guia_4_uart/source/gpio.o
 *(SORT_BY_ALIGNMENT(.rodata) SORT_BY_ALIGNMENT(.rodata.*) SORT_BY_ALIGNMENT(.constdata) SORT_BY_ALIGNMENT(.constdata.*))
 .rodata        0x00000d8c       0x1c ./source/App.o
 .rodata.portPtrList
                0x00000da8       0x14 C:/Users/newto/LABO_DE_MICROS/Guia_4_uart/source/gpio.o
 .rodata.gpioPtrList
                0x00000dbc       0x14 C:/Users/newto/LABO_DE_MICROS/Guia_4_uart/source/gpio.o
 .rodata.mode2pcr
                0x00000dd0       0x10 C:/Users/newto/LABO_DE_MICROS/Guia_4_uart/source/gpio.o
                0x00000de0                . = ALIGN (0x8)

.glue_7         0x00000de0        0x0
 .glue_7        0x00000de0        0x0 linker stubs

.glue_7t        0x00000de0        0x0
 .glue_7t       0x00000de0        0x0 linker stubs

.vfp11_veneer   0x00000de0        0x0
 .vfp11_veneer  0x00000de0        0x0 linker stubs

.v4_bx          0x00000de0        0x0
 .v4_bx         0x00000de0        0x0 linker stubs

.iplt           0x00000de0        0x0
 .iplt          0x00000de0        0x0 ./source/App.o

.rel.dyn        0x00000de0        0x0
 .rel.iplt      0x00000de0        0x0 ./source/App.o

.ARM.extab
 *(SORT_BY_ALIGNMENT(.ARM.extab*) SORT_BY_ALIGNMENT(.gnu.linkonce.armextab.*))
                0x00000de0                __exidx_start = .

.ARM.exidx
 *(SORT_BY_ALIGNMENT(.ARM.exidx*) SORT_BY_ALIGNMENT(.gnu.linkonce.armexidx.*))
                0x00000de0                __exidx_end = .
                0x00000de0                _etext = .

.m_usb_data
 *(SORT_BY_ALIGNMENT(m_usb_bdt))

.data_RAM2      0x1fff0000        0x0 load address 0x00000de0
 FILL mask 0xff
                [!provide]                PROVIDE (__start_data_RAM2, .)
 *(SORT_BY_ALIGNMENT(.ramfunc.$RAM2))
 *(SORT_BY_ALIGNMENT(.ramfunc.$SRAM_LOWER))
 *(SORT_BY_ALIGNMENT(.data.$RAM2*))
 *(SORT_BY_ALIGNMENT(.data.$SRAM_LOWER*))
                0x1fff0000                . = ALIGN (0x8)
                [!provide]                PROVIDE (__end_data_RAM2, .)

.data_RAM3      0x14000000        0x0 load address 0x00000de0
 FILL mask 0xff
                [!provide]                PROVIDE (__start_data_RAM3, .)
 *(SORT_BY_ALIGNMENT(.ramfunc.$RAM3))
 *(SORT_BY_ALIGNMENT(.ramfunc.$FLEX_RAM))
 *(SORT_BY_ALIGNMENT(.data.$RAM3*))
 *(SORT_BY_ALIGNMENT(.data.$FLEX_RAM*))
                0x14000000                . = ALIGN (0x8)
                [!provide]                PROVIDE (__end_data_RAM3, .)

.uninit_RESERVED
                0x20000000        0x0
 *(SORT_BY_ALIGNMENT(.bss.$RESERVED*))
                0x20000000                . = ALIGN (0x4)
                0x20000000                _end_uninit_RESERVED = .

.data           0x20000000       0x18 load address 0x00000de0
 FILL mask 0xff
                0x20000000                _data = .
 *(SORT_BY_ALIGNMENT(vtable))
 *(SORT_BY_ALIGNMENT(.ramfunc*))
 *(SORT_BY_ALIGNMENT(.data*))
 .data.portPtrs
                0x20000000       0x14 ./source/uart.o
                0x20000018                . = ALIGN (0x8)
 *fill*         0x20000014        0x4 ff
                0x20000018                _edata = .

.igot.plt       0x20000018        0x0 load address 0x00000df8
 .igot.plt      0x20000018        0x0 ./source/App.o

.bss_RAM2       0x1fff0000        0x0
                [!provide]                PROVIDE (__start_bss_RAM2, .)
 *(SORT_BY_ALIGNMENT(.bss.$RAM2*))
 *(SORT_BY_ALIGNMENT(.bss.$SRAM_LOWER*))
                0x1fff0000                . = ALIGN ((. != 0x0)?0x8:0x1)
                [!provide]                PROVIDE (__end_bss_RAM2, .)

.bss_RAM3       0x14000000        0x0
                [!provide]                PROVIDE (__start_bss_RAM3, .)
 *(SORT_BY_ALIGNMENT(.bss.$RAM3*))
 *(SORT_BY_ALIGNMENT(.bss.$FLEX_RAM*))
                0x14000000                . = ALIGN ((. != 0x0)?0x8:0x1)
                [!provide]                PROVIDE (__end_bss_RAM3, .)

.bss            0x20000018      0x1a0
                0x20000018                _bss = .
 *(SORT_BY_ALIGNMENT(.bss*))
 .bss.sendBuffer
                0x20000018      0x190 ./source/uart.o
                0x20000018                sendBuffer
 .bss.porEnviar
                0x200001a8        0x4 ./source/uart.o
                0x200001a8                porEnviar
 .bss.enviado   0x200001ac        0x4 ./source/uart.o
                0x200001ac                enviado
 .bss.__LDM_interruptDisableCount
                0x200001b0        0x4 ./SDK/startup/hardware.o
 .bss.rx_data   0x200001b4        0x1 ./source/uart.o
 *(SORT_BY_ALIGNMENT(COMMON))
                0x200001b8                . = ALIGN (0x8)
 *fill*         0x200001b5        0x3 
                0x200001b8                _ebss = .
                [!provide]                PROVIDE (end, .)

.noinit_RAM2    0x1fff0000        0x0
 *(SORT_BY_ALIGNMENT(.noinit.$RAM2*))
 *(SORT_BY_ALIGNMENT(.noinit.$SRAM_LOWER*))
                0x1fff0000                . = ALIGN (0x8)

.noinit_RAM3    0x14000000        0x0
 *(SORT_BY_ALIGNMENT(.noinit.$RAM3*))
 *(SORT_BY_ALIGNMENT(.noinit.$FLEX_RAM*))
                0x14000000                . = ALIGN (0x8)

.noinit         0x200001b8        0x0
                0x200001b8                _noinit = .
 *(SORT_BY_ALIGNMENT(.noinit*))
                0x200001b8                . = ALIGN (0x8)
                0x200001b8                _end_noinit = .
                0x00001000                _HeapSize = 0x1000

.heap           0x200001b8     0x1000
                0x200001b8                _pvHeapStart = .
                0x200011b8                . = (. + _HeapSize)
 *fill*         0x200001b8     0x1000 
                0x200011b8                . = ALIGN (0x8)
                0x200011b8                _pvHeapLimit = .
                0x00001000                _StackSize = 0x1000

.heap2stackfill
                0x200011b8     0x1000
                0x200021b8                . = (. + _StackSize)
 *fill*         0x200011b8     0x1000 

.stack          0x2002f000        0x0
                0x2002f000                _vStackBase = .
                0x2002f000                . = ALIGN (0x8)
                0x20030000                _vStackTop = (. + _StackSize)
                0x00000000                _image_start = LOADADDR (.text)
                0x00000df8                _image_end = (LOADADDR (.data) + SIZEOF (.data))
                0x00000df8                _image_size = (_image_end - _image_start)
OUTPUT(Guia_4_uart.axf elf32-littlearm)

.debug_info     0x00000000     0x264c
 .debug_info    0x00000000      0x117 ./source/App.o
 .debug_info    0x00000117      0xa96 ./source/uart.o
 .debug_info    0x00000bad      0x675 ./SDK/startup/hardware.o
 .debug_info    0x00001222       0xb7 ./SDK/startup/main.o
 .debug_info    0x000012d9       0x3b ./SDK/startup/semihost_hardfault.o
 .debug_info    0x00001314      0x8b0 ./SDK/startup/startup_mk64f12.o
 .debug_info    0x00001bc4      0x5fc ./SDK/CMSIS/system_MK64F12.o
 .debug_info    0x000021c0      0x48c C:/Users/newto/LABO_DE_MICROS/Guia_4_uart/source/gpio.o

.debug_abbrev   0x00000000      0x8bd
 .debug_abbrev  0x00000000       0xd6 ./source/App.o
 .debug_abbrev  0x000000d6      0x206 ./source/uart.o
 .debug_abbrev  0x000002dc      0x138 ./SDK/startup/hardware.o
 .debug_abbrev  0x00000414       0x7d ./SDK/startup/main.o
 .debug_abbrev  0x00000491       0x2f ./SDK/startup/semihost_hardfault.o
 .debug_abbrev  0x000004c0      0x15c ./SDK/startup/startup_mk64f12.o
 .debug_abbrev  0x0000061c      0x13f ./SDK/CMSIS/system_MK64F12.o
 .debug_abbrev  0x0000075b      0x162 C:/Users/newto/LABO_DE_MICROS/Guia_4_uart/source/gpio.o

.debug_aranges  0x00000000      0x480
 .debug_aranges
                0x00000000       0x30 ./source/App.o
 .debug_aranges
                0x00000030       0x40 ./source/uart.o
 .debug_aranges
                0x00000070       0x30 ./SDK/startup/hardware.o
 .debug_aranges
                0x000000a0       0x20 ./SDK/startup/main.o
 .debug_aranges
                0x000000c0       0x20 ./SDK/startup/semihost_hardfault.o
 .debug_aranges
                0x000000e0      0x330 ./SDK/startup/startup_mk64f12.o
 .debug_aranges
                0x00000410       0x30 ./SDK/CMSIS/system_MK64F12.o
 .debug_aranges
                0x00000440       0x40 C:/Users/newto/LABO_DE_MICROS/Guia_4_uart/source/gpio.o

.debug_ranges   0x00000000      0x430
 .debug_ranges  0x00000000       0x20 ./source/App.o
 .debug_ranges  0x00000020       0x30 ./source/uart.o
 .debug_ranges  0x00000050       0x20 ./SDK/startup/hardware.o
 .debug_ranges  0x00000070       0x10 ./SDK/startup/main.o
 .debug_ranges  0x00000080       0x10 ./SDK/startup/semihost_hardfault.o
 .debug_ranges  0x00000090      0x320 ./SDK/startup/startup_mk64f12.o
 .debug_ranges  0x000003b0       0x20 ./SDK/CMSIS/system_MK64F12.o
 .debug_ranges  0x000003d0       0x60 C:/Users/newto/LABO_DE_MICROS/Guia_4_uart/source/gpio.o

.debug_macro    0x00000000    0x115d3
 .debug_macro   0x00000000       0x54 ./source/App.o
 .debug_macro   0x00000054      0xa5a ./source/App.o
 .debug_macro   0x00000aae      0x34e ./source/App.o
 .debug_macro   0x00000dfc       0x22 ./source/App.o
 .debug_macro   0x00000e1e       0x3a ./source/App.o
 .debug_macro   0x00000e58       0x3a ./source/App.o
 .debug_macro   0x00000e92       0x1c ./source/App.o
 .debug_macro   0x00000eae       0xc2 ./source/uart.o
 .debug_macro   0x00000f70       0x5c ./source/uart.o
 .debug_macro   0x00000fcc       0x1c ./source/uart.o
 .debug_macro   0x00000fe8       0x22 ./source/uart.o
 .debug_macro   0x0000100a       0xdf ./source/uart.o
 .debug_macro   0x000010e9      0xecf ./source/uart.o
 .debug_macro   0x00001fb8       0x48 ./source/uart.o
 .debug_macro   0x00002000     0xe07b ./source/uart.o
 .debug_macro   0x0001007b       0x40 ./source/uart.o
 .debug_macro   0x000100bb       0x9c ./SDK/startup/hardware.o
 .debug_macro   0x00010157       0x10 ./SDK/startup/hardware.o
 .debug_macro   0x00010167     0x122b ./SDK/startup/hardware.o
 .debug_macro   0x00011392       0x16 ./SDK/startup/hardware.o
 .debug_macro   0x000113a8       0x9c ./SDK/startup/main.o
 .debug_macro   0x00011444       0x11 ./SDK/startup/semihost_hardfault.o
 .debug_macro   0x00011455       0x29 ./SDK/startup/startup_mk64f12.o
 .debug_macro   0x0001147e       0x80 ./SDK/CMSIS/system_MK64F12.o
 .debug_macro   0x000114fe       0xd5 C:/Users/newto/LABO_DE_MICROS/Guia_4_uart/source/gpio.o

.debug_line     0x00000000     0x10fa
 .debug_line    0x00000000      0x104 ./source/App.o
 .debug_line    0x00000104      0x1c9 ./source/uart.o
 .debug_line    0x000002cd      0x1d4 ./SDK/startup/hardware.o
 .debug_line    0x000004a1      0x175 ./SDK/startup/main.o
 .debug_line    0x00000616       0x59 ./SDK/startup/semihost_hardfault.o
 .debug_line    0x0000066f      0x6d8 ./SDK/startup/startup_mk64f12.o
 .debug_line    0x00000d47      0x1c7 ./SDK/CMSIS/system_MK64F12.o
 .debug_line    0x00000f0e      0x1ec C:/Users/newto/LABO_DE_MICROS/Guia_4_uart/source/gpio.o

.debug_str      0x00000000    0x7840a
 .debug_str     0x00000000     0x3851 ./source/App.o
                               0x39b4 (size before relaxing)
 .debug_str     0x00003851    0x6d40a ./source/uart.o
                              0x70e00 (size before relaxing)
 .debug_str     0x00070c5b     0x6c65 ./SDK/startup/hardware.o
                              0x771e0 (size before relaxing)
 .debug_str     0x000778c0       0x1b ./SDK/startup/main.o
                              0x76fb4 (size before relaxing)
 .debug_str     0x000778db       0x36 ./SDK/startup/semihost_hardfault.o
                               0x2d1a (size before relaxing)
 .debug_str     0x00077911      0x823 ./SDK/startup/startup_mk64f12.o
                               0x3588 (size before relaxing)
 .debug_str     0x00078134       0x62 ./SDK/CMSIS/system_MK64F12.o
                              0x770ef (size before relaxing)
 .debug_str     0x00078196      0x274 C:/Users/newto/LABO_DE_MICROS/Guia_4_uart/source/gpio.o
                              0x772d6 (size before relaxing)

.comment        0x00000000       0x7e
 .comment       0x00000000       0x7e ./source/App.o
                                 0x7f (size before relaxing)
 .comment       0x0000007e       0x7f ./source/uart.o
 .comment       0x0000007e       0x7f ./SDK/startup/hardware.o
 .comment       0x0000007e       0x7f ./SDK/startup/main.o
 .comment       0x0000007e       0x7f ./SDK/startup/semihost_hardfault.o
 .comment       0x0000007e       0x7f ./SDK/startup/startup_mk64f12.o
 .comment       0x0000007e       0x7f ./SDK/CMSIS/system_MK64F12.o
 .comment       0x0000007e       0x7f C:/Users/newto/LABO_DE_MICROS/Guia_4_uart/source/gpio.o

.ARM.attributes
                0x00000000       0x39
 .ARM.attributes
                0x00000000       0x39 ./source/App.o
 .ARM.attributes
                0x00000039       0x39 ./source/uart.o
 .ARM.attributes
                0x00000072       0x39 ./SDK/startup/hardware.o
 .ARM.attributes
                0x000000ab       0x39 ./SDK/startup/main.o
 .ARM.attributes
                0x000000e4       0x39 ./SDK/startup/semihost_hardfault.o
 .ARM.attributes
                0x0000011d       0x39 ./SDK/startup/startup_mk64f12.o
 .ARM.attributes
                0x00000156       0x39 ./SDK/CMSIS/system_MK64F12.o
 .ARM.attributes
                0x0000018f       0x39 C:/Users/newto/LABO_DE_MICROS/Guia_4_uart/source/gpio.o

.debug_frame    0x00000000      0xc50
 .debug_frame   0x00000000       0x78 ./source/App.o
 .debug_frame   0x00000078       0xdc ./source/uart.o
 .debug_frame   0x00000154       0x70 ./SDK/startup/hardware.o
 .debug_frame   0x000001c4       0x2c ./SDK/startup/main.o
 .debug_frame   0x000001f0       0x20 ./SDK/startup/semihost_hardfault.o
 .debug_frame   0x00000210      0x904 ./SDK/startup/startup_mk64f12.o
 .debug_frame   0x00000b14       0x74 ./SDK/CMSIS/system_MK64F12.o
 .debug_frame   0x00000b88       0xc8 C:/Users/newto/LABO_DE_MICROS/Guia_4_uart/source/gpio.o
