
Discarded input sections

 .group         0x00000000        0xc ./source/App.o
 .group         0x00000000        0xc ./source/App.o
 .group         0x00000000        0xc ./source/App.o
 .group         0x00000000        0xc ./source/App.o
 .group         0x00000000        0xc ./source/App.o
 .group         0x00000000        0xc ./source/App.o
 .group         0x00000000        0xc ./source/App.o
 .group         0x00000000        0xc ./source/App.o
 .group         0x00000000        0xc ./source/App.o
 .group         0x00000000        0xc ./source/App.o
 .group         0x00000000        0xc ./source/App.o
 .group         0x00000000        0xc ./source/App.o
 .group         0x00000000        0xc ./source/App.o
 .group         0x00000000        0xc ./source/App.o
 .group         0x00000000        0xc ./source/App.o
 .group         0x00000000        0xc ./source/App.o
 .group         0x00000000        0xc ./source/App.o
 .group         0x00000000        0xc ./source/App.o
 .group         0x00000000        0xc ./source/App.o
 .group         0x00000000        0xc ./source/App.o
 .group         0x00000000        0xc ./source/App.o
 .group         0x00000000        0xc ./source/App.o
 .group         0x00000000        0xc ./source/App.o
 .group         0x00000000        0xc ./source/App.o
 .group         0x00000000        0xc ./source/App.o
 .group         0x00000000        0xc ./source/App.o
 .group         0x00000000        0xc ./source/App.o
 .group         0x00000000        0xc ./source/App.o
 .group         0x00000000        0xc ./source/App.o
 .group         0x00000000        0xc ./source/App.o
 .group         0x00000000        0xc ./source/App.o
 .group         0x00000000        0xc ./source/App.o
 .group         0x00000000        0xc ./source/App.o
 .group         0x00000000        0xc ./source/App.o
 .group         0x00000000        0xc ./source/App.o
 .text          0x00000000        0x0 ./source/App.o
 .data          0x00000000        0x0 ./source/App.o
 .bss           0x00000000        0x0 ./source/App.o
 .group         0x00000000        0xc ./source/InternalControl.o
 .group         0x00000000        0xc ./source/InternalControl.o
 .group         0x00000000        0xc ./source/InternalControl.o
 .group         0x00000000        0xc ./source/InternalControl.o
 .group         0x00000000        0xc ./source/InternalControl.o
 .group         0x00000000        0xc ./source/InternalControl.o
 .group         0x00000000        0xc ./source/InternalControl.o
 .group         0x00000000        0xc ./source/InternalControl.o
 .group         0x00000000        0xc ./source/InternalControl.o
 .group         0x00000000        0xc ./source/InternalControl.o
 .group         0x00000000        0xc ./source/InternalControl.o
 .group         0x00000000        0xc ./source/InternalControl.o
 .group         0x00000000        0xc ./source/InternalControl.o
 .group         0x00000000        0xc ./source/InternalControl.o
 .group         0x00000000        0xc ./source/InternalControl.o
 .group         0x00000000        0xc ./source/InternalControl.o
 .group         0x00000000        0xc ./source/InternalControl.o
 .group         0x00000000        0xc ./source/InternalControl.o
 .group         0x00000000        0xc ./source/InternalControl.o
 .group         0x00000000        0xc ./source/InternalControl.o
 .group         0x00000000        0xc ./source/InternalControl.o
 .group         0x00000000        0xc ./source/InternalControl.o
 .group         0x00000000        0xc ./source/InternalControl.o
 .group         0x00000000        0xc ./source/InternalControl.o
 .group         0x00000000        0xc ./source/InternalControl.o
 .group         0x00000000        0xc ./source/InternalControl.o
 .group         0x00000000        0xc ./source/InternalControl.o
 .group         0x00000000        0xc ./source/InternalControl.o
 .group         0x00000000        0xc ./source/InternalControl.o
 .group         0x00000000        0xc ./source/InternalControl.o
 .group         0x00000000        0xc ./source/InternalControl.o
 .group         0x00000000        0xc ./source/InternalControl.o
 .group         0x00000000        0xc ./source/InternalControl.o
 .group         0x00000000        0xc ./source/InternalControl.o
 .group         0x00000000        0xc ./source/InternalControl.o
 .text          0x00000000        0x0 ./source/InternalControl.o
 .data          0x00000000        0x0 ./source/InternalControl.o
 .bss           0x00000000        0x0 ./source/InternalControl.o
 .debug_macro   0x00000000      0xa5a ./source/InternalControl.o
 .debug_macro   0x00000000      0x34e ./source/InternalControl.o
 .debug_macro   0x00000000       0x22 ./source/InternalControl.o
 .debug_macro   0x00000000       0x17 ./source/InternalControl.o
 .debug_macro   0x00000000       0x22 ./source/InternalControl.o
 .debug_macro   0x00000000       0x52 ./source/InternalControl.o
 .debug_macro   0x00000000       0x8d ./source/InternalControl.o
 .debug_macro   0x00000000       0x35 ./source/InternalControl.o
 .debug_macro   0x00000000       0x9c ./source/InternalControl.o
 .debug_macro   0x00000000       0x16 ./source/InternalControl.o
 .debug_macro   0x00000000      0x10e ./source/InternalControl.o
 .debug_macro   0x00000000       0x8d ./source/InternalControl.o
 .debug_macro   0x00000000       0x57 ./source/InternalControl.o
 .debug_macro   0x00000000       0x58 ./source/InternalControl.o
 .debug_macro   0x00000000       0x1f ./source/InternalControl.o
 .debug_macro   0x00000000       0x43 ./source/InternalControl.o
 .debug_macro   0x00000000       0x20 ./source/InternalControl.o
 .debug_macro   0x00000000      0x18e ./source/InternalControl.o
 .debug_macro   0x00000000      0x330 ./source/InternalControl.o
 .debug_macro   0x00000000       0x16 ./source/InternalControl.o
 .debug_macro   0x00000000       0x29 ./source/InternalControl.o
 .debug_macro   0x00000000       0x10 ./source/InternalControl.o
 .debug_macro   0x00000000       0x5c ./source/InternalControl.o
 .debug_macro   0x00000000       0x1c ./source/InternalControl.o
 .debug_macro   0x00000000       0x22 ./source/InternalControl.o
 .debug_macro   0x00000000       0xd9 ./source/InternalControl.o
 .debug_macro   0x00000000      0xecf ./source/InternalControl.o
 .debug_macro   0x00000000       0x48 ./source/InternalControl.o
 .debug_macro   0x00000000     0xe07b ./source/InternalControl.o
 .debug_macro   0x00000000     0x122b ./source/InternalControl.o
 .debug_macro   0x00000000       0x16 ./source/InternalControl.o
 .debug_macro   0x00000000       0x46 ./source/InternalControl.o
 .debug_macro   0x00000000       0x58 ./source/InternalControl.o
 .group         0x00000000        0xc ./source/SPI.o
 .group         0x00000000        0xc ./source/SPI.o
 .group         0x00000000        0xc ./source/SPI.o
 .group         0x00000000        0xc ./source/SPI.o
 .group         0x00000000        0xc ./source/SPI.o
 .group         0x00000000        0xc ./source/SPI.o
 .group         0x00000000        0xc ./source/SPI.o
 .group         0x00000000        0xc ./source/SPI.o
 .group         0x00000000        0xc ./source/SPI.o
 .group         0x00000000        0xc ./source/SPI.o
 .group         0x00000000        0xc ./source/SPI.o
 .group         0x00000000        0xc ./source/SPI.o
 .group         0x00000000        0xc ./source/SPI.o
 .group         0x00000000        0xc ./source/SPI.o
 .group         0x00000000        0xc ./source/SPI.o
 .text          0x00000000        0x0 ./source/SPI.o
 .data          0x00000000        0x0 ./source/SPI.o
 .bss           0x00000000        0x0 ./source/SPI.o
 .bss.data      0x00000000       0xc8 ./source/SPI.o
 .text.disableTxFIFO
                0x00000000       0x34 ./source/SPI.o
 .text.enableTxFIFO
                0x00000000       0x34 ./source/SPI.o
 .text.disableRxFIFO
                0x00000000       0x34 ./source/SPI.o
 .text.enableRxFIFO
                0x00000000       0x34 ./source/SPI.o
 .text.clearTxFIFO
                0x00000000       0x34 ./source/SPI.o
 .text.clearRxFIFO
                0x00000000       0x34 ./source/SPI.o
 .text.setPCSActiveHigh
                0x00000000       0x34 ./source/SPI.o
 .debug_macro   0x00000000      0xa5a ./source/SPI.o
 .debug_macro   0x00000000      0x34e ./source/SPI.o
 .debug_macro   0x00000000       0x22 ./source/SPI.o
 .debug_macro   0x00000000       0x10 ./source/SPI.o
 .debug_macro   0x00000000       0x5c ./source/SPI.o
 .debug_macro   0x00000000       0x1c ./source/SPI.o
 .debug_macro   0x00000000       0x22 ./source/SPI.o
 .debug_macro   0x00000000      0xecf ./source/SPI.o
 .debug_macro   0x00000000       0x48 ./source/SPI.o
 .debug_macro   0x00000000     0xe07b ./source/SPI.o
 .debug_macro   0x00000000     0x122b ./source/SPI.o
 .debug_macro   0x00000000       0x16 ./source/SPI.o
 .debug_macro   0x00000000       0x46 ./source/SPI.o
 .debug_macro   0x00000000       0x58 ./source/SPI.o
 .group         0x00000000        0xc ./source/SysTick.o
 .group         0x00000000        0xc ./source/SysTick.o
 .group         0x00000000        0xc ./source/SysTick.o
 .group         0x00000000        0xc ./source/SysTick.o
 .group         0x00000000        0xc ./source/SysTick.o
 .group         0x00000000        0xc ./source/SysTick.o
 .group         0x00000000        0xc ./source/SysTick.o
 .group         0x00000000        0xc ./source/SysTick.o
 .group         0x00000000        0xc ./source/SysTick.o
 .group         0x00000000        0xc ./source/SysTick.o
 .group         0x00000000        0xc ./source/SysTick.o
 .group         0x00000000        0xc ./source/SysTick.o
 .group         0x00000000        0xc ./source/SysTick.o
 .text          0x00000000        0x0 ./source/SysTick.o
 .data          0x00000000        0x0 ./source/SysTick.o
 .bss           0x00000000        0x0 ./source/SysTick.o
 .text.__NVIC_EnableIRQ
                0x00000000       0x3c ./source/SysTick.o
 .data.SysTick_ptr
                0x00000000        0x4 ./source/SysTick.o
 .text.SysTick_Init
                0x00000000       0x4c ./source/SysTick.o
 .debug_macro   0x00000000      0xa5a ./source/SysTick.o
 .debug_macro   0x00000000       0x22 ./source/SysTick.o
 .debug_macro   0x00000000      0x34e ./source/SysTick.o
 .debug_macro   0x00000000       0x10 ./source/SysTick.o
 .debug_macro   0x00000000       0x5c ./source/SysTick.o
 .debug_macro   0x00000000       0x1c ./source/SysTick.o
 .debug_macro   0x00000000       0x22 ./source/SysTick.o
 .debug_macro   0x00000000       0xdf ./source/SysTick.o
 .debug_macro   0x00000000      0xecf ./source/SysTick.o
 .debug_macro   0x00000000       0x48 ./source/SysTick.o
 .debug_macro   0x00000000     0xe07b ./source/SysTick.o
 .debug_macro   0x00000000     0x122b ./source/SysTick.o
 .debug_macro   0x00000000       0x16 ./source/SysTick.o
 .group         0x00000000        0xc ./source/gpio.o
 .group         0x00000000        0xc ./source/gpio.o
 .group         0x00000000        0xc ./source/gpio.o
 .group         0x00000000        0xc ./source/gpio.o
 .group         0x00000000        0xc ./source/gpio.o
 .group         0x00000000        0xc ./source/gpio.o
 .group         0x00000000        0xc ./source/gpio.o
 .group         0x00000000        0xc ./source/gpio.o
 .group         0x00000000        0xc ./source/gpio.o
 .group         0x00000000        0xc ./source/gpio.o
 .group         0x00000000        0xc ./source/gpio.o
 .group         0x00000000        0xc ./source/gpio.o
 .group         0x00000000        0xc ./source/gpio.o
 .group         0x00000000        0xc ./source/gpio.o
 .text          0x00000000        0x0 ./source/gpio.o
 .data          0x00000000        0x0 ./source/gpio.o
 .bss           0x00000000        0x0 ./source/gpio.o
 .text.gpioToggle
                0x00000000       0x7c ./source/gpio.o
 .text.gpioRead
                0x00000000       0x5c ./source/gpio.o
 .debug_macro   0x00000000      0xa5a ./source/gpio.o
 .debug_macro   0x00000000      0x34e ./source/gpio.o
 .debug_macro   0x00000000       0x22 ./source/gpio.o
 .debug_macro   0x00000000       0x10 ./source/gpio.o
 .debug_macro   0x00000000       0x5c ./source/gpio.o
 .debug_macro   0x00000000       0x1c ./source/gpio.o
 .debug_macro   0x00000000       0x22 ./source/gpio.o
 .debug_macro   0x00000000       0xdf ./source/gpio.o
 .debug_macro   0x00000000      0xecf ./source/gpio.o
 .debug_macro   0x00000000       0x48 ./source/gpio.o
 .debug_macro   0x00000000     0xe07b ./source/gpio.o
 .debug_macro   0x00000000     0x122b ./source/gpio.o
 .debug_macro   0x00000000       0x16 ./source/gpio.o
 .debug_macro   0x00000000       0x46 ./source/gpio.o
 .group         0x00000000        0xc ./source/timer.o
 .group         0x00000000        0xc ./source/timer.o
 .group         0x00000000        0xc ./source/timer.o
 .group         0x00000000        0xc ./source/timer.o
 .group         0x00000000        0xc ./source/timer.o
 .group         0x00000000        0xc ./source/timer.o
 .group         0x00000000        0xc ./source/timer.o
 .group         0x00000000        0xc ./source/timer.o
 .group         0x00000000        0xc ./source/timer.o
 .group         0x00000000        0xc ./source/timer.o
 .group         0x00000000        0xc ./source/timer.o
 .group         0x00000000        0xc ./source/timer.o
 .group         0x00000000        0xc ./source/timer.o
 .group         0x00000000        0xc ./source/timer.o
 .group         0x00000000        0xc ./source/timer.o
 .group         0x00000000        0xc ./source/timer.o
 .group         0x00000000        0xc ./source/timer.o
 .group         0x00000000        0xc ./source/timer.o
 .group         0x00000000        0xc ./source/timer.o
 .group         0x00000000        0xc ./source/timer.o
 .group         0x00000000        0xc ./source/timer.o
 .group         0x00000000        0xc ./source/timer.o
 .group         0x00000000        0xc ./source/timer.o
 .group         0x00000000        0xc ./source/timer.o
 .group         0x00000000        0xc ./source/timer.o
 .group         0x00000000        0xc ./source/timer.o
 .group         0x00000000        0xc ./source/timer.o
 .group         0x00000000        0xc ./source/timer.o
 .group         0x00000000        0xc ./source/timer.o
 .group         0x00000000        0xc ./source/timer.o
 .group         0x00000000        0xc ./source/timer.o
 .group         0x00000000        0xc ./source/timer.o
 .group         0x00000000        0xc ./source/timer.o
 .group         0x00000000        0xc ./source/timer.o
 .group         0x00000000        0xc ./source/timer.o
 .text          0x00000000        0x0 ./source/timer.o
 .data          0x00000000        0x0 ./source/timer.o
 .bss           0x00000000        0x0 ./source/timer.o
 .text.timerInit
                0x00000000       0x28 ./source/timer.o
 .text.timerStop
                0x00000000       0x30 ./source/timer.o
 .text.timerExpired
                0x00000000       0x44 ./source/timer.o
 .text.timerDelay
                0x00000000       0x30 ./source/timer.o
 .text.timer_isr
                0x00000000       0xdc ./source/timer.o
 .bss.yaInit.7476
                0x00000000        0x1 ./source/timer.o
 .debug_macro   0x00000000      0xa5a ./source/timer.o
 .debug_macro   0x00000000      0x34e ./source/timer.o
 .debug_macro   0x00000000       0x22 ./source/timer.o
 .debug_macro   0x00000000       0x17 ./source/timer.o
 .debug_macro   0x00000000       0x22 ./source/timer.o
 .debug_macro   0x00000000       0x52 ./source/timer.o
 .debug_macro   0x00000000       0x8d ./source/timer.o
 .debug_macro   0x00000000       0x35 ./source/timer.o
 .debug_macro   0x00000000       0x9c ./source/timer.o
 .debug_macro   0x00000000       0x16 ./source/timer.o
 .debug_macro   0x00000000      0x10e ./source/timer.o
 .debug_macro   0x00000000       0x8d ./source/timer.o
 .debug_macro   0x00000000       0x57 ./source/timer.o
 .debug_macro   0x00000000       0x58 ./source/timer.o
 .debug_macro   0x00000000       0x1f ./source/timer.o
 .debug_macro   0x00000000       0x43 ./source/timer.o
 .debug_macro   0x00000000       0x20 ./source/timer.o
 .debug_macro   0x00000000      0x18e ./source/timer.o
 .debug_macro   0x00000000      0x330 ./source/timer.o
 .debug_macro   0x00000000       0x16 ./source/timer.o
 .debug_macro   0x00000000       0x29 ./source/timer.o
 .debug_macro   0x00000000       0x1c ./source/timer.o
 .debug_macro   0x00000000       0x10 ./source/timer.o
 .debug_macro   0x00000000       0x5c ./source/timer.o
 .debug_macro   0x00000000       0x1c ./source/timer.o
 .debug_macro   0x00000000       0x22 ./source/timer.o
 .debug_macro   0x00000000       0xd9 ./source/timer.o
 .debug_macro   0x00000000      0xecf ./source/timer.o
 .debug_macro   0x00000000       0x48 ./source/timer.o
 .debug_macro   0x00000000     0xe07b ./source/timer.o
 .debug_macro   0x00000000     0x122b ./source/timer.o
 .debug_macro   0x00000000       0x16 ./source/timer.o
 .debug_macro   0x00000000       0x46 ./source/timer.o
 .debug_macro   0x00000000       0x58 ./source/timer.o
 .group         0x00000000        0xc ./SDK/startup/hardware.o
 .group         0x00000000        0xc ./SDK/startup/hardware.o
 .group         0x00000000        0xc ./SDK/startup/hardware.o
 .group         0x00000000        0xc ./SDK/startup/hardware.o
 .group         0x00000000        0xc ./SDK/startup/hardware.o
 .group         0x00000000        0xc ./SDK/startup/hardware.o
 .group         0x00000000        0xc ./SDK/startup/hardware.o
 .group         0x00000000        0xc ./SDK/startup/hardware.o
 .group         0x00000000        0xc ./SDK/startup/hardware.o
 .group         0x00000000        0xc ./SDK/startup/hardware.o
 .group         0x00000000        0xc ./SDK/startup/hardware.o
 .group         0x00000000        0xc ./SDK/startup/hardware.o
 .group         0x00000000        0xc ./SDK/startup/hardware.o
 .text          0x00000000        0x0 ./SDK/startup/hardware.o
 .data          0x00000000        0x0 ./SDK/startup/hardware.o
 .bss           0x00000000        0x0 ./SDK/startup/hardware.o
 .debug_macro   0x00000000      0xa5a ./SDK/startup/hardware.o
 .debug_macro   0x00000000      0x34e ./SDK/startup/hardware.o
 .debug_macro   0x00000000       0x22 ./SDK/startup/hardware.o
 .debug_macro   0x00000000       0x10 ./SDK/startup/hardware.o
 .debug_macro   0x00000000       0x5c ./SDK/startup/hardware.o
 .debug_macro   0x00000000       0x1c ./SDK/startup/hardware.o
 .debug_macro   0x00000000       0x22 ./SDK/startup/hardware.o
 .debug_macro   0x00000000       0xdf ./SDK/startup/hardware.o
 .debug_macro   0x00000000      0xecf ./SDK/startup/hardware.o
 .debug_macro   0x00000000       0x48 ./SDK/startup/hardware.o
 .debug_macro   0x00000000     0xe07b ./SDK/startup/hardware.o
 .debug_macro   0x00000000     0x122b ./SDK/startup/hardware.o
 .debug_macro   0x00000000       0x16 ./SDK/startup/hardware.o
 .group         0x00000000        0xc ./SDK/startup/main.o
 .group         0x00000000        0xc ./SDK/startup/main.o
 .group         0x00000000        0xc ./SDK/startup/main.o
 .group         0x00000000        0xc ./SDK/startup/main.o
 .group         0x00000000        0xc ./SDK/startup/main.o
 .group         0x00000000        0xc ./SDK/startup/main.o
 .group         0x00000000        0xc ./SDK/startup/main.o
 .group         0x00000000        0xc ./SDK/startup/main.o
 .group         0x00000000        0xc ./SDK/startup/main.o
 .group         0x00000000        0xc ./SDK/startup/main.o
 .group         0x00000000        0xc ./SDK/startup/main.o
 .group         0x00000000        0xc ./SDK/startup/main.o
 .group         0x00000000        0xc ./SDK/startup/main.o
 .text          0x00000000        0x0 ./SDK/startup/main.o
 .data          0x00000000        0x0 ./SDK/startup/main.o
 .bss           0x00000000        0x0 ./SDK/startup/main.o
 .debug_macro   0x00000000      0xa5a ./SDK/startup/main.o
 .debug_macro   0x00000000      0x34e ./SDK/startup/main.o
 .debug_macro   0x00000000       0x22 ./SDK/startup/main.o
 .debug_macro   0x00000000       0x10 ./SDK/startup/main.o
 .debug_macro   0x00000000       0x5c ./SDK/startup/main.o
 .debug_macro   0x00000000       0x1c ./SDK/startup/main.o
 .debug_macro   0x00000000       0x22 ./SDK/startup/main.o
 .debug_macro   0x00000000       0xdf ./SDK/startup/main.o
 .debug_macro   0x00000000      0xecf ./SDK/startup/main.o
 .debug_macro   0x00000000       0x48 ./SDK/startup/main.o
 .debug_macro   0x00000000     0xe07b ./SDK/startup/main.o
 .debug_macro   0x00000000     0x122b ./SDK/startup/main.o
 .debug_macro   0x00000000       0x16 ./SDK/startup/main.o
 .group         0x00000000        0xc ./SDK/startup/semihost_hardfault.o
 .text          0x00000000        0x0 ./SDK/startup/semihost_hardfault.o
 .data          0x00000000        0x0 ./SDK/startup/semihost_hardfault.o
 .bss           0x00000000        0x0 ./SDK/startup/semihost_hardfault.o
 .debug_macro   0x00000000      0xa5a ./SDK/startup/semihost_hardfault.o
 .group         0x00000000        0xc ./SDK/startup/startup_mk64f12.o
 .text          0x00000000        0x0 ./SDK/startup/startup_mk64f12.o
 .data          0x00000000        0x0 ./SDK/startup/startup_mk64f12.o
 .bss           0x00000000        0x0 ./SDK/startup/startup_mk64f12.o
 .text.PORTA_IRQHandler
                0x00000000        0x8 ./SDK/startup/startup_mk64f12.o
 .text.PORTB_IRQHandler
                0x00000000        0x8 ./SDK/startup/startup_mk64f12.o
 .text.PORTC_IRQHandler
                0x00000000        0x8 ./SDK/startup/startup_mk64f12.o
 .text.PORTD_IRQHandler
                0x00000000        0x8 ./SDK/startup/startup_mk64f12.o
 .text.PORTE_IRQHandler
                0x00000000        0x8 ./SDK/startup/startup_mk64f12.o
 .debug_macro   0x00000000      0xa5a ./SDK/startup/startup_mk64f12.o
 .group         0x00000000        0xc ./SDK/CMSIS/system_MK64F12.o
 .group         0x00000000        0xc ./SDK/CMSIS/system_MK64F12.o
 .group         0x00000000        0xc ./SDK/CMSIS/system_MK64F12.o
 .group         0x00000000        0xc ./SDK/CMSIS/system_MK64F12.o
 .group         0x00000000        0xc ./SDK/CMSIS/system_MK64F12.o
 .group         0x00000000        0xc ./SDK/CMSIS/system_MK64F12.o
 .group         0x00000000        0xc ./SDK/CMSIS/system_MK64F12.o
 .group         0x00000000        0xc ./SDK/CMSIS/system_MK64F12.o
 .group         0x00000000        0xc ./SDK/CMSIS/system_MK64F12.o
 .group         0x00000000        0xc ./SDK/CMSIS/system_MK64F12.o
 .group         0x00000000        0xc ./SDK/CMSIS/system_MK64F12.o
 .text          0x00000000        0x0 ./SDK/CMSIS/system_MK64F12.o
 .data          0x00000000        0x0 ./SDK/CMSIS/system_MK64F12.o
 .bss           0x00000000        0x0 ./SDK/CMSIS/system_MK64F12.o
 .data.SystemCoreClock
                0x00000000        0x4 ./SDK/CMSIS/system_MK64F12.o
 .text.SystemCoreClockUpdate
                0x00000000      0x278 ./SDK/CMSIS/system_MK64F12.o
 .debug_macro   0x00000000      0xa5a ./SDK/CMSIS/system_MK64F12.o
 .debug_macro   0x00000000      0x34e ./SDK/CMSIS/system_MK64F12.o
 .debug_macro   0x00000000       0x10 ./SDK/CMSIS/system_MK64F12.o
 .debug_macro   0x00000000       0x5c ./SDK/CMSIS/system_MK64F12.o
 .debug_macro   0x00000000       0x1c ./SDK/CMSIS/system_MK64F12.o
 .debug_macro   0x00000000       0x22 ./SDK/CMSIS/system_MK64F12.o
 .debug_macro   0x00000000       0xdf ./SDK/CMSIS/system_MK64F12.o
 .debug_macro   0x00000000      0xecf ./SDK/CMSIS/system_MK64F12.o
 .debug_macro   0x00000000       0x48 ./SDK/CMSIS/system_MK64F12.o
 .debug_macro   0x00000000     0xe07b ./SDK/CMSIS/system_MK64F12.o
 .debug_macro   0x00000000     0x122b ./SDK/CMSIS/system_MK64F12.o

Memory Configuration

Name             Origin             Length             Attributes
PROGRAM_FLASH    0x00000000         0x00100000         xr
SRAM_UPPER       0x20000000         0x00030000         xrw
SRAM_LOWER       0x1fff0000         0x00010000         xrw
FLEX_RAM         0x14000000         0x00001000         xrw
*default*        0x00000000         0xffffffff

Linker script and memory map

LOAD ./source/App.o
LOAD ./source/InternalControl.o
LOAD ./source/SPI.o
LOAD ./source/SysTick.o
LOAD ./source/gpio.o
LOAD ./source/timer.o
LOAD ./SDK/startup/hardware.o
LOAD ./SDK/startup/main.o
LOAD ./SDK/startup/semihost_hardfault.o
LOAD ./SDK/startup/startup_mk64f12.o
LOAD ./SDK/CMSIS/system_MK64F12.o
START GROUP
LOAD c:/nxp/mcuxpressoide_10.2.0_759/ide/tools/bin/../lib/gcc/arm-none-eabi/7.2.1/../../../../arm-none-eabi/lib/thumb/v7e-m/fpv4-sp/hard\libcr_c.a
LOAD c:/nxp/mcuxpressoide_10.2.0_759/ide/tools/bin/../lib/gcc/arm-none-eabi/7.2.1/thumb/v7e-m/fpv4-sp/hard\libcr_eabihelpers.a
END GROUP
                0x00000000                __base_PROGRAM_FLASH = 0x0
                0x00000000                __base_Flash = 0x0
                0x00100000                __top_PROGRAM_FLASH = 0x100000
                0x00100000                __top_Flash = 0x100000
                0x20000000                __base_SRAM_UPPER = 0x20000000
                0x20000000                __base_RAM = 0x20000000
                0x20030000                __top_SRAM_UPPER = 0x20030000
                0x20030000                __top_RAM = 0x20030000
                0x1fff0000                __base_SRAM_LOWER = 0x1fff0000
                0x1fff0000                __base_RAM2 = 0x1fff0000
                0x20000000                __top_SRAM_LOWER = 0x20000000
                0x20000000                __top_RAM2 = 0x20000000
                0x14000000                __base_FLEX_RAM = 0x14000000
                0x14000000                __base_RAM3 = 0x14000000
                0x14001000                __top_FLEX_RAM = 0x14001000
                0x14001000                __top_RAM3 = 0x14001000

.text           0x00000000     0x1838
 FILL mask 0xff
                0x00000000                __vectors_start__ = ABSOLUTE (.)
 *(SORT_BY_ALIGNMENT(.isr_vector))
 .isr_vector    0x00000000      0x198 ./SDK/startup/startup_mk64f12.o
                0x00000000                g_pfnVectors
                0x00000000                __Vectors
                0x00000198                . = ALIGN (0x4)
                0x00000198                __section_table_start = .
                0x00000198                __data_section_table = .
                0x00000198        0x4 LONG 0x1838 LOADADDR (.data)
                0x0000019c        0x4 LONG 0x20000000 ADDR (.data)
                0x000001a0        0x4 LONG 0x68 SIZEOF (.data)
                0x000001a4        0x4 LONG 0x1838 LOADADDR (.data_RAM2)
                0x000001a8        0x4 LONG 0x1fff0000 ADDR (.data_RAM2)
                0x000001ac        0x4 LONG 0x0 SIZEOF (.data_RAM2)
                0x000001b0        0x4 LONG 0x1838 LOADADDR (.data_RAM3)
                0x000001b4        0x4 LONG 0x14000000 ADDR (.data_RAM3)
                0x000001b8        0x4 LONG 0x0 SIZEOF (.data_RAM3)
                0x000001bc                __data_section_table_end = .
                0x000001bc                __bss_section_table = .
                0x000001bc        0x4 LONG 0x20000068 ADDR (.bss)
                0x000001c0        0x4 LONG 0x3a8 SIZEOF (.bss)
                0x000001c4        0x4 LONG 0x1fff0000 ADDR (.bss_RAM2)
                0x000001c8        0x4 LONG 0x0 SIZEOF (.bss_RAM2)
                0x000001cc        0x4 LONG 0x14000000 ADDR (.bss_RAM3)
                0x000001d0        0x4 LONG 0x0 SIZEOF (.bss_RAM3)
                0x000001d4                __bss_section_table_end = .
                0x000001d4                __section_table_end = .
 *(SORT_BY_ALIGNMENT(.after_vectors*))
 .after_vectors.reset
                0x000001d4       0x4c ./SDK/startup/startup_mk64f12.o
                0x000001d4                ResetISR
 .after_vectors.init_data
                0x00000220       0x1e ./SDK/startup/startup_mk64f12.o
                0x00000220                data_init
 .after_vectors.init_bss
                0x0000023e       0x12 ./SDK/startup/startup_mk64f12.o
                0x0000023e                bss_init
 .after_vectors
                0x00000250       0x14 ./SDK/startup/startup_mk64f12.o
                0x00000250                NMI_Handler
                0x00000254                MemManage_Handler
                0x00000256                BusFault_Handler
                0x00000258                UsageFault_Handler
                0x0000025a                SVC_Handler
                0x0000025c                DebugMon_Handler
                0x0000025e                PendSV_Handler
                0x00000262                DMA_Error_DriverIRQHandler
                0x00000262                LPTMR0_DriverIRQHandler
                0x00000262                FTM1_DriverIRQHandler
                0x00000262                FTM2_DriverIRQHandler
                0x00000262                PIT2_DriverIRQHandler
                0x00000262                SDHC_DriverIRQHandler
                0x00000262                I2S0_Tx_DriverIRQHandler
                0x00000262                RTC_Seconds_DriverIRQHandler
                0x00000262                DMA6_DriverIRQHandler
                0x00000262                LLWU_DriverIRQHandler
                0x00000262                MCM_DriverIRQHandler
                0x00000262                MCG_DriverIRQHandler
                0x00000262                ENET_1588_Timer_DriverIRQHandler
                0x00000262                I2C2_DriverIRQHandler
                0x00000262                DAC1_DriverIRQHandler
                0x00000262                SPI1_DriverIRQHandler
                0x00000262                CMP1_DriverIRQHandler
                0x00000262                UART5_RX_TX_DriverIRQHandler
                0x00000262                FTM0_DriverIRQHandler
                0x00000262                IntDefaultHandler
                0x00000262                USB0_DriverIRQHandler
                0x00000262                UART5_ERR_DriverIRQHandler
                0x00000262                PORTC_DriverIRQHandler
                0x00000262                DMA11_DriverIRQHandler
                0x00000262                DAC0_DriverIRQHandler
                0x00000262                DMA10_DriverIRQHandler
                0x00000262                CMP2_DriverIRQHandler
                0x00000262                UART2_ERR_DriverIRQHandler
                0x00000262                SPI2_DriverIRQHandler
                0x00000262                LVD_LVW_DriverIRQHandler
                0x00000262                PIT0_DriverIRQHandler
                0x00000262                RNG_DriverIRQHandler
                0x00000262                DMA5_DriverIRQHandler
                0x00000262                DMA12_DriverIRQHandler
                0x00000262                UART2_RX_TX_DriverIRQHandler
                0x00000262                USBDCD_DriverIRQHandler
                0x00000262                UART3_ERR_DriverIRQHandler
                0x00000262                DMA3_DriverIRQHandler
                0x00000262                DMA8_DriverIRQHandler
                0x00000262                DMA9_DriverIRQHandler
                0x00000262                UART0_ERR_DriverIRQHandler
                0x00000262                CMT_DriverIRQHandler
                0x00000262                Reserved71_DriverIRQHandler
                0x00000262                ADC1_DriverIRQHandler
                0x00000262                PORTA_DriverIRQHandler
                0x00000262                DMA14_DriverIRQHandler
                0x00000262                PIT3_DriverIRQHandler
                0x00000262                PIT1_DriverIRQHandler
                0x00000262                WDOG_EWM_DriverIRQHandler
                0x00000262                PDB0_DriverIRQHandler
                0x00000262                RTC_DriverIRQHandler
                0x00000262                I2S0_Rx_DriverIRQHandler
                0x00000262                Read_Collision_DriverIRQHandler
                0x00000262                SWI_DriverIRQHandler
                0x00000262                UART4_RX_TX_DriverIRQHandler
                0x00000262                UART4_ERR_DriverIRQHandler
                0x00000262                PORTB_DriverIRQHandler
                0x00000262                UART0_LON_DriverIRQHandler
                0x00000262                DMA0_DriverIRQHandler
                0x00000262                DMA1_DriverIRQHandler
                0x00000262                I2C1_DriverIRQHandler
                0x00000262                UART3_RX_TX_DriverIRQHandler
                0x00000262                ENET_Receive_DriverIRQHandler
                0x00000262                DMA13_DriverIRQHandler
                0x00000262                ENET_Error_DriverIRQHandler
                0x00000262                DMA15_DriverIRQHandler
                0x00000262                UART0_RX_TX_DriverIRQHandler
                0x00000262                SPI0_DriverIRQHandler
                0x00000262                ADC0_DriverIRQHandler
                0x00000262                CMP0_DriverIRQHandler
                0x00000262                CAN0_DriverIRQHandler
                0x00000262                FTM3_DriverIRQHandler
                0x00000262                DMA4_DriverIRQHandler
                0x00000262                UART1_ERR_DriverIRQHandler
                0x00000262                DMA2_DriverIRQHandler
                0x00000262                ENET_Transmit_DriverIRQHandler
                0x00000262                PORTD_DriverIRQHandler
                0x00000262                PORTE_DriverIRQHandler
                0x00000262                FTFE_DriverIRQHandler
                0x00000262                I2C0_DriverIRQHandler
                0x00000262                DMA7_DriverIRQHandler
                0x00000262                UART1_RX_TX_DriverIRQHandler
                0x00000400                . = 0x400
 *fill*         0x00000264      0x19c ff
                0x00000400                PROVIDE (__FLASH_CONFIG_START__, .)
 *(SORT_BY_ALIGNMENT(.FlashConfig))
 .FlashConfig   0x00000400       0x10 ./SDK/startup/startup_mk64f12.o
                0x00000400                Flash_Config
                0x00000410                PROVIDE (__FLASH_CONFIG_END__, .)
                0x00000001                ASSERT (! ((__FLASH_CONFIG_START__ == __FLASH_CONFIG_END__)), Linker Flash Config Support Enabled, but no .FlashConfig section provided within application)
 *(SORT_BY_ALIGNMENT(.text*))
 .text.internarHandler
                0x00000410       0x2c ./source/App.o
                0x00000410                internarHandler
 .text.spiFallingEdgeOnINTPinHandler
                0x0000043c       0x48 ./source/App.o
                0x0000043c                spiFallingEdgeOnINTPinHandler
 .text.App_Init
                0x00000484       0x24 ./source/App.o
                0x00000484                App_Init
 .text.__NVIC_EnableIRQ
                0x000004a8       0x3c ./source/InternalControl.o
 .text.internalControlInit
                0x000004e4       0x94 ./source/InternalControl.o
                0x000004e4                internalControlInit
 .text.isr_swOK
                0x00000578       0x18 ./source/InternalControl.o
                0x00000578                isr_swOK
 .text.isr_swCANCEL
                0x00000590       0x18 ./source/InternalControl.o
                0x00000590                isr_swCANCEL
 .text.PortGetOK_Status
                0x000005a8       0x18 ./source/InternalControl.o
                0x000005a8                PortGetOK_Status
 .text.PortClearOK_Status
                0x000005c0       0x18 ./source/InternalControl.o
                0x000005c0                PortClearOK_Status
 .text.PortGetCANCEL_Status
                0x000005d8       0x18 ./source/InternalControl.o
                0x000005d8                PortGetCANCEL_Status
 .text.PortClearCANCEL_Status
                0x000005f0       0x18 ./source/InternalControl.o
                0x000005f0                PortClearCANCEL_Status
 .text.readSwitchInterface
                0x00000608       0x48 ./source/InternalControl.o
                0x00000608                readSwitchInterface
 .text.internalControlGetEvent
                0x00000650       0x38 ./source/InternalControl.o
                0x00000650                internalControlGetEvent
 .text.__NVIC_EnableIRQ
                0x00000688       0x3c ./source/SPI.o
 .text.masterInitiliaze
                0x000006c4      0x1a8 ./source/SPI.o
                0x000006c4                masterInitiliaze
 .text.SPI_Initialize
                0x0000086c       0x20 ./source/SPI.o
                0x0000086c                SPI_Initialize
 .text.SPIClockGatingEnable
                0x0000088c       0x84 ./source/SPI.o
                0x0000088c                SPIClockGatingEnable
 .text.configPin
                0x00000910      0x150 ./source/SPI.o
                0x00000910                configPin
 .text.getDataSent
                0x00000a60       0x28 ./source/SPI.o
                0x00000a60                getDataSent
 .text.setSPIConfig
                0x00000a88       0x54 ./source/SPI.o
                0x00000a88                setSPIConfig
 .text.HALTStopTransfers
                0x00000adc       0x34 ./source/SPI.o
                0x00000adc                HALTStopTransfers
 .text.HALTStartTransfers
                0x00000b10       0x34 ./source/SPI.o
                0x00000b10                HALTStartTransfers
 .text.setPCSActiveLow
                0x00000b44       0x34 ./source/SPI.o
                0x00000b44                setPCSActiveLow
 .text.clearTxCompleteFlag
                0x00000b78       0x34 ./source/SPI.o
                0x00000b78                clearTxCompleteFlag
 .text.clearTxFifoFillRequestFlag
                0x00000bac       0x34 ./source/SPI.o
                0x00000bac                clearTxFifoFillRequestFlag
 .text.MasterWriteDataWithCommandBlocking
                0x00000be0       0xa0 ./source/SPI.o
                0x00000be0                MasterWriteDataWithCommandBlocking
 .text.SysTick_Handler
                0x00000c80       0x24 ./source/SysTick.o
                0x00000c80                SysTick_Handler
 .text.PORTD_IRQHandler
                0x00000ca4       0x64 ./source/gpio.o
                0x00000ca4                PORTD_IRQHandler
 .text.PORTA_IRQHandler
                0x00000d08       0x5c ./source/gpio.o
                0x00000d08                PORTA_IRQHandler
 .text.PORTB_IRQHandler
                0x00000d64       0x64 ./source/gpio.o
                0x00000d64                PORTB_IRQHandler
 .text.PORTE_IRQHandler
                0x00000dc8       0x64 ./source/gpio.o
                0x00000dc8                PORTE_IRQHandler
 .text.PORTC_IRQHandler
                0x00000e2c       0x64 ./source/gpio.o
                0x00000e2c                PORTC_IRQHandler
 .text.gpioMode
                0x00000e90      0x174 ./source/gpio.o
                0x00000e90                gpioMode
 .text.gpioWrite
                0x00001004       0x6c ./source/gpio.o
                0x00001004                gpioWrite
 .text.gpioIRQ  0x00001070       0x94 ./source/gpio.o
                0x00001070                gpioIRQ
 .text.PORT_ClearInterruptFlag
                0x00001104       0x48 ./source/gpio.o
                0x00001104                PORT_ClearInterruptFlag
 .text.timerGetId
                0x0000114c       0x2c ./source/timer.o
                0x0000114c                timerGetId
 .text.timerStart
                0x00001178       0xa4 ./source/timer.o
                0x00001178                timerStart
 .text.hw_Init  0x0000121c      0x10c ./SDK/startup/hardware.o
                0x0000121c                hw_Init
 .text.hw_EnableInterrupts
                0x00001328       0x30 ./SDK/startup/hardware.o
                0x00001328                hw_EnableInterrupts
 .text.hw_DisableInterrupts
                0x00001358       0x20 ./SDK/startup/hardware.o
                0x00001358                hw_DisableInterrupts
 .text.SystemInit
                0x00001378       0x3c ./SDK/CMSIS/system_MK64F12.o
                0x00001378                SystemInit
 .text.App_Run  0x000013b4        0xe ./source/App.o
                0x000013b4                App_Run
 .text.RGBIndicator
                0x000013c2       0x6e ./source/InternalControl.o
                0x000013c2                RGBIndicator
 .text.masterConfig
                0x00001430       0xa2 ./source/SPI.o
                0x00001430                masterConfig
 .text.testSPI  0x000014d2       0x88 ./source/SPI.o
                0x000014d2                testSPI
 .text.main     0x0000155a       0x1a ./SDK/startup/main.o
                0x0000155a                main
 .text.HardFault_Handler
                0x00001574       0x2c ./SDK/startup/semihost_hardfault.o
                0x00001574                HardFault_Handler
 .text.DMA0_IRQHandler
                0x000015a0        0x8 ./SDK/startup/startup_mk64f12.o
                0x000015a0                DMA0_IRQHandler
 .text.DMA1_IRQHandler
                0x000015a8        0x8 ./SDK/startup/startup_mk64f12.o
                0x000015a8                DMA1_IRQHandler
 .text.DMA2_IRQHandler
                0x000015b0        0x8 ./SDK/startup/startup_mk64f12.o
                0x000015b0                DMA2_IRQHandler
 .text.DMA3_IRQHandler
                0x000015b8        0x8 ./SDK/startup/startup_mk64f12.o
                0x000015b8                DMA3_IRQHandler
 .text.DMA4_IRQHandler
                0x000015c0        0x8 ./SDK/startup/startup_mk64f12.o
                0x000015c0                DMA4_IRQHandler
 .text.DMA5_IRQHandler
                0x000015c8        0x8 ./SDK/startup/startup_mk64f12.o
                0x000015c8                DMA5_IRQHandler
 .text.DMA6_IRQHandler
                0x000015d0        0x8 ./SDK/startup/startup_mk64f12.o
                0x000015d0                DMA6_IRQHandler
 .text.DMA7_IRQHandler
                0x000015d8        0x8 ./SDK/startup/startup_mk64f12.o
                0x000015d8                DMA7_IRQHandler
 .text.DMA8_IRQHandler
                0x000015e0        0x8 ./SDK/startup/startup_mk64f12.o
                0x000015e0                DMA8_IRQHandler
 .text.DMA9_IRQHandler
                0x000015e8        0x8 ./SDK/startup/startup_mk64f12.o
                0x000015e8                DMA9_IRQHandler
 .text.DMA10_IRQHandler
                0x000015f0        0x8 ./SDK/startup/startup_mk64f12.o
                0x000015f0                DMA10_IRQHandler
 .text.DMA11_IRQHandler
                0x000015f8        0x8 ./SDK/startup/startup_mk64f12.o
                0x000015f8                DMA11_IRQHandler
 .text.DMA12_IRQHandler
                0x00001600        0x8 ./SDK/startup/startup_mk64f12.o
                0x00001600                DMA12_IRQHandler
 .text.DMA13_IRQHandler
                0x00001608        0x8 ./SDK/startup/startup_mk64f12.o
                0x00001608                DMA13_IRQHandler
 .text.DMA14_IRQHandler
                0x00001610        0x8 ./SDK/startup/startup_mk64f12.o
                0x00001610                DMA14_IRQHandler
 .text.DMA15_IRQHandler
                0x00001618        0x8 ./SDK/startup/startup_mk64f12.o
                0x00001618                DMA15_IRQHandler
 .text.DMA_Error_IRQHandler
                0x00001620        0x8 ./SDK/startup/startup_mk64f12.o
                0x00001620                DMA_Error_IRQHandler
 .text.MCM_IRQHandler
                0x00001628        0x8 ./SDK/startup/startup_mk64f12.o
                0x00001628                MCM_IRQHandler
 .text.FTFE_IRQHandler
                0x00001630        0x8 ./SDK/startup/startup_mk64f12.o
                0x00001630                FTFE_IRQHandler
 .text.Read_Collision_IRQHandler
                0x00001638        0x8 ./SDK/startup/startup_mk64f12.o
                0x00001638                Read_Collision_IRQHandler
 .text.LVD_LVW_IRQHandler
                0x00001640        0x8 ./SDK/startup/startup_mk64f12.o
                0x00001640                LVD_LVW_IRQHandler
 .text.LLWU_IRQHandler
                0x00001648        0x8 ./SDK/startup/startup_mk64f12.o
                0x00001648                LLWU_IRQHandler
 .text.WDOG_EWM_IRQHandler
                0x00001650        0x8 ./SDK/startup/startup_mk64f12.o
                0x00001650                WDOG_EWM_IRQHandler
 .text.RNG_IRQHandler
                0x00001658        0x8 ./SDK/startup/startup_mk64f12.o
                0x00001658                RNG_IRQHandler
 .text.I2C0_IRQHandler
                0x00001660        0x8 ./SDK/startup/startup_mk64f12.o
                0x00001660                I2C0_IRQHandler
 .text.I2C1_IRQHandler
                0x00001668        0x8 ./SDK/startup/startup_mk64f12.o
                0x00001668                I2C1_IRQHandler
 .text.SPI0_IRQHandler
                0x00001670        0x8 ./SDK/startup/startup_mk64f12.o
                0x00001670                SPI0_IRQHandler
 .text.SPI1_IRQHandler
                0x00001678        0x8 ./SDK/startup/startup_mk64f12.o
                0x00001678                SPI1_IRQHandler
 .text.I2S0_Tx_IRQHandler
                0x00001680        0x8 ./SDK/startup/startup_mk64f12.o
                0x00001680                I2S0_Tx_IRQHandler
 .text.I2S0_Rx_IRQHandler
                0x00001688        0x8 ./SDK/startup/startup_mk64f12.o
                0x00001688                I2S0_Rx_IRQHandler
 .text.UART0_LON_IRQHandler
                0x00001690        0x8 ./SDK/startup/startup_mk64f12.o
                0x00001690                UART0_LON_IRQHandler
 .text.UART0_RX_TX_IRQHandler
                0x00001698        0x8 ./SDK/startup/startup_mk64f12.o
                0x00001698                UART0_RX_TX_IRQHandler
 .text.UART0_ERR_IRQHandler
                0x000016a0        0x8 ./SDK/startup/startup_mk64f12.o
                0x000016a0                UART0_ERR_IRQHandler
 .text.UART1_RX_TX_IRQHandler
                0x000016a8        0x8 ./SDK/startup/startup_mk64f12.o
                0x000016a8                UART1_RX_TX_IRQHandler
 .text.UART1_ERR_IRQHandler
                0x000016b0        0x8 ./SDK/startup/startup_mk64f12.o
                0x000016b0                UART1_ERR_IRQHandler
 .text.UART2_RX_TX_IRQHandler
                0x000016b8        0x8 ./SDK/startup/startup_mk64f12.o
                0x000016b8                UART2_RX_TX_IRQHandler
 .text.UART2_ERR_IRQHandler
                0x000016c0        0x8 ./SDK/startup/startup_mk64f12.o
                0x000016c0                UART2_ERR_IRQHandler
 .text.UART3_RX_TX_IRQHandler
                0x000016c8        0x8 ./SDK/startup/startup_mk64f12.o
                0x000016c8                UART3_RX_TX_IRQHandler
 .text.UART3_ERR_IRQHandler
                0x000016d0        0x8 ./SDK/startup/startup_mk64f12.o
                0x000016d0                UART3_ERR_IRQHandler
 .text.ADC0_IRQHandler
                0x000016d8        0x8 ./SDK/startup/startup_mk64f12.o
                0x000016d8                ADC0_IRQHandler
 .text.CMP0_IRQHandler
                0x000016e0        0x8 ./SDK/startup/startup_mk64f12.o
                0x000016e0                CMP0_IRQHandler
 .text.CMP1_IRQHandler
                0x000016e8        0x8 ./SDK/startup/startup_mk64f12.o
                0x000016e8                CMP1_IRQHandler
 .text.FTM0_IRQHandler
                0x000016f0        0x8 ./SDK/startup/startup_mk64f12.o
                0x000016f0                FTM0_IRQHandler
 .text.FTM1_IRQHandler
                0x000016f8        0x8 ./SDK/startup/startup_mk64f12.o
                0x000016f8                FTM1_IRQHandler
 .text.FTM2_IRQHandler
                0x00001700        0x8 ./SDK/startup/startup_mk64f12.o
                0x00001700                FTM2_IRQHandler
 .text.CMT_IRQHandler
                0x00001708        0x8 ./SDK/startup/startup_mk64f12.o
                0x00001708                CMT_IRQHandler
 .text.RTC_IRQHandler
                0x00001710        0x8 ./SDK/startup/startup_mk64f12.o
                0x00001710                RTC_IRQHandler
 .text.RTC_Seconds_IRQHandler
                0x00001718        0x8 ./SDK/startup/startup_mk64f12.o
                0x00001718                RTC_Seconds_IRQHandler
 .text.PIT0_IRQHandler
                0x00001720        0x8 ./SDK/startup/startup_mk64f12.o
                0x00001720                PIT0_IRQHandler
 .text.PIT1_IRQHandler
                0x00001728        0x8 ./SDK/startup/startup_mk64f12.o
                0x00001728                PIT1_IRQHandler
 .text.PIT2_IRQHandler
                0x00001730        0x8 ./SDK/startup/startup_mk64f12.o
                0x00001730                PIT2_IRQHandler
 .text.PIT3_IRQHandler
                0x00001738        0x8 ./SDK/startup/startup_mk64f12.o
                0x00001738                PIT3_IRQHandler
 .text.PDB0_IRQHandler
                0x00001740        0x8 ./SDK/startup/startup_mk64f12.o
                0x00001740                PDB0_IRQHandler
 .text.USB0_IRQHandler
                0x00001748        0x8 ./SDK/startup/startup_mk64f12.o
                0x00001748                USB0_IRQHandler
 .text.USBDCD_IRQHandler
                0x00001750        0x8 ./SDK/startup/startup_mk64f12.o
                0x00001750                USBDCD_IRQHandler
 .text.Reserved71_IRQHandler
                0x00001758        0x8 ./SDK/startup/startup_mk64f12.o
                0x00001758                Reserved71_IRQHandler
 .text.DAC0_IRQHandler
                0x00001760        0x8 ./SDK/startup/startup_mk64f12.o
                0x00001760                DAC0_IRQHandler
 .text.MCG_IRQHandler
                0x00001768        0x8 ./SDK/startup/startup_mk64f12.o
                0x00001768                MCG_IRQHandler
 .text.LPTMR0_IRQHandler
                0x00001770        0x8 ./SDK/startup/startup_mk64f12.o
                0x00001770                LPTMR0_IRQHandler
 .text.SWI_IRQHandler
                0x00001778        0x8 ./SDK/startup/startup_mk64f12.o
                0x00001778                SWI_IRQHandler
 .text.SPI2_IRQHandler
                0x00001780        0x8 ./SDK/startup/startup_mk64f12.o
                0x00001780                SPI2_IRQHandler
 .text.UART4_RX_TX_IRQHandler
                0x00001788        0x8 ./SDK/startup/startup_mk64f12.o
                0x00001788                UART4_RX_TX_IRQHandler
 .text.UART4_ERR_IRQHandler
                0x00001790        0x8 ./SDK/startup/startup_mk64f12.o
                0x00001790                UART4_ERR_IRQHandler
 .text.UART5_RX_TX_IRQHandler
                0x00001798        0x8 ./SDK/startup/startup_mk64f12.o
                0x00001798                UART5_RX_TX_IRQHandler
 .text.UART5_ERR_IRQHandler
                0x000017a0        0x8 ./SDK/startup/startup_mk64f12.o
                0x000017a0                UART5_ERR_IRQHandler
 .text.CMP2_IRQHandler
                0x000017a8        0x8 ./SDK/startup/startup_mk64f12.o
                0x000017a8                CMP2_IRQHandler
 .text.FTM3_IRQHandler
                0x000017b0        0x8 ./SDK/startup/startup_mk64f12.o
                0x000017b0                FTM3_IRQHandler
 .text.DAC1_IRQHandler
                0x000017b8        0x8 ./SDK/startup/startup_mk64f12.o
                0x000017b8                DAC1_IRQHandler
 .text.ADC1_IRQHandler
                0x000017c0        0x8 ./SDK/startup/startup_mk64f12.o
                0x000017c0                ADC1_IRQHandler
 .text.I2C2_IRQHandler
                0x000017c8        0x8 ./SDK/startup/startup_mk64f12.o
                0x000017c8                I2C2_IRQHandler
 .text.CAN0_ORed_Message_buffer_IRQHandler
                0x000017d0        0x8 ./SDK/startup/startup_mk64f12.o
                0x000017d0                CAN0_ORed_Message_buffer_IRQHandler
 .text.CAN0_Bus_Off_IRQHandler
                0x000017d8        0x8 ./SDK/startup/startup_mk64f12.o
                0x000017d8                CAN0_Bus_Off_IRQHandler
 .text.CAN0_Error_IRQHandler
                0x000017e0        0x8 ./SDK/startup/startup_mk64f12.o
                0x000017e0                CAN0_Error_IRQHandler
 .text.CAN0_Tx_Warning_IRQHandler
                0x000017e8        0x8 ./SDK/startup/startup_mk64f12.o
                0x000017e8                CAN0_Tx_Warning_IRQHandler
 .text.CAN0_Rx_Warning_IRQHandler
                0x000017f0        0x8 ./SDK/startup/startup_mk64f12.o
                0x000017f0                CAN0_Rx_Warning_IRQHandler
 .text.CAN0_Wake_Up_IRQHandler
                0x000017f8        0x8 ./SDK/startup/startup_mk64f12.o
                0x000017f8                CAN0_Wake_Up_IRQHandler
 .text.SDHC_IRQHandler
                0x00001800        0x8 ./SDK/startup/startup_mk64f12.o
                0x00001800                SDHC_IRQHandler
 .text.ENET_1588_Timer_IRQHandler
                0x00001808        0x8 ./SDK/startup/startup_mk64f12.o
                0x00001808                ENET_1588_Timer_IRQHandler
 .text.ENET_Transmit_IRQHandler
                0x00001810        0x8 ./SDK/startup/startup_mk64f12.o
                0x00001810                ENET_Transmit_IRQHandler
 .text.ENET_Receive_IRQHandler
                0x00001818        0x8 ./SDK/startup/startup_mk64f12.o
                0x00001818                ENET_Receive_IRQHandler
 .text.ENET_Error_IRQHandler
                0x00001820        0x8 ./SDK/startup/startup_mk64f12.o
                0x00001820                ENET_Error_IRQHandler
 .text.SystemInitHook
                0x00001828        0xe ./SDK/CMSIS/system_MK64F12.o
                0x00001828                SystemInitHook
 *(SORT_BY_ALIGNMENT(.rodata) SORT_BY_ALIGNMENT(.rodata.*) SORT_BY_ALIGNMENT(.constdata) SORT_BY_ALIGNMENT(.constdata.*))
                0x00001838                . = ALIGN (0x8)
 *fill*         0x00001836        0x2 ff

.glue_7         0x00001838        0x0
 .glue_7        0x00001838        0x0 linker stubs

.glue_7t        0x00001838        0x0
 .glue_7t       0x00001838        0x0 linker stubs

.vfp11_veneer   0x00001838        0x0
 .vfp11_veneer  0x00001838        0x0 linker stubs

.v4_bx          0x00001838        0x0
 .v4_bx         0x00001838        0x0 linker stubs

.iplt           0x00001838        0x0
 .iplt          0x00001838        0x0 ./source/App.o

.rel.dyn        0x00001838        0x0
 .rel.iplt      0x00001838        0x0 ./source/App.o

.ARM.extab
 *(SORT_BY_ALIGNMENT(.ARM.extab*) SORT_BY_ALIGNMENT(.gnu.linkonce.armextab.*))
                0x00001838                __exidx_start = .

.ARM.exidx
 *(SORT_BY_ALIGNMENT(.ARM.exidx*) SORT_BY_ALIGNMENT(.gnu.linkonce.armexidx.*))
                0x00001838                __exidx_end = .
                0x00001838                _etext = .

.m_usb_data
 *(SORT_BY_ALIGNMENT(m_usb_bdt))

.data_RAM2      0x1fff0000        0x0 load address 0x00001838
 FILL mask 0xff
                [!provide]                PROVIDE (__start_data_RAM2, .)
 *(SORT_BY_ALIGNMENT(.ramfunc.$RAM2))
 *(SORT_BY_ALIGNMENT(.ramfunc.$SRAM_LOWER))
 *(SORT_BY_ALIGNMENT(.data.$RAM2*))
 *(SORT_BY_ALIGNMENT(.data.$SRAM_LOWER*))
                0x1fff0000                . = ALIGN (0x8)
                [!provide]                PROVIDE (__end_data_RAM2, .)

.data_RAM3      0x14000000        0x0 load address 0x00001838
 FILL mask 0xff
                [!provide]                PROVIDE (__start_data_RAM3, .)
 *(SORT_BY_ALIGNMENT(.ramfunc.$RAM3))
 *(SORT_BY_ALIGNMENT(.ramfunc.$FLEX_RAM))
 *(SORT_BY_ALIGNMENT(.data.$RAM3*))
 *(SORT_BY_ALIGNMENT(.data.$FLEX_RAM*))
                0x14000000                . = ALIGN (0x8)
                [!provide]                PROVIDE (__end_data_RAM3, .)

.uninit_RESERVED
                0x20000000        0x0
 *(SORT_BY_ALIGNMENT(.bss.$RESERVED*))
                0x20000000                . = ALIGN (0x4)
                0x20000000                _end_uninit_RESERVED = .

.data           0x20000000       0x68 load address 0x00001838
 FILL mask 0xff
                0x20000000                _data = .
 *(SORT_BY_ALIGNMENT(vtable))
 *(SORT_BY_ALIGNMENT(.ramfunc*))
 *(SORT_BY_ALIGNMENT(.data*))
 .data.portPtrs
                0x20000000       0x14 ./source/SPI.o
 .data.SPIPtrs  0x20000014        0xc ./source/SPI.o
 .data.sim_ptr  0x20000020        0x4 ./source/SPI.o
 .data.gpioPtrs
                0x20000024       0x14 ./source/gpio.o
 .data.portPtrs
                0x20000038       0x14 ./source/gpio.o
 .data.simMasks
                0x2000004c       0x14 ./source/gpio.o
 .data.sim_ptr  0x20000060        0x4 ./source/gpio.o
 .data.timers_cant
                0x20000064        0x1 ./source/timer.o
                0x20000068                . = ALIGN (0x8)
 *fill*         0x20000065        0x3 ff
                0x20000068                _edata = .

.igot.plt       0x20000068        0x0 load address 0x000018a0
 .igot.plt      0x20000068        0x0 ./source/App.o

.bss_RAM2       0x1fff0000        0x0
                [!provide]                PROVIDE (__start_bss_RAM2, .)
 *(SORT_BY_ALIGNMENT(.bss.$RAM2*))
 *(SORT_BY_ALIGNMENT(.bss.$SRAM_LOWER*))
                0x1fff0000                . = ALIGN ((. != 0x0)?0x8:0x1)
                [!provide]                PROVIDE (__end_bss_RAM2, .)

.bss_RAM3       0x14000000        0x0
                [!provide]                PROVIDE (__start_bss_RAM3, .)
 *(SORT_BY_ALIGNMENT(.bss.$RAM3*))
 *(SORT_BY_ALIGNMENT(.bss.$FLEX_RAM*))
                0x14000000                . = ALIGN ((. != 0x0)?0x8:0x1)
                [!provide]                PROVIDE (__end_bss_RAM3, .)

.bss            0x20000068      0x3a8
                0x20000068                _bss = .
 *(SORT_BY_ALIGNMENT(.bss*))
 .bss.fsm       0x20000068        0x4 ./source/App.o
 .bss.messages  0x2000006c        0x6 ./source/App.o
 *fill*         0x20000072        0x2 
 .bss.internal_sw_event
                0x20000074        0x4 ./source/InternalControl.o
 .bss.callback  0x20000078        0x4 ./source/InternalControl.o
 .bss.callbackTick
                0x2000007c        0x4 ./source/SPI.o
 .bss.callbackTick
                0x20000080        0x4 ./source/SysTick.o
 .bss.isr_Matrix
                0x20000084      0x280 ./source/gpio.o
 .bss.timers    0x20000304      0x100 ./source/timer.o
 .bss.__LDM_interruptDisableCount
                0x20000404        0x4 ./SDK/startup/hardware.o
 .bss.OK_sw     0x20000408        0x1 ./source/InternalControl.o
 .bss.CANCEL_sw
                0x20000409        0x1 ./source/InternalControl.o
 .bss.timerSw   0x2000040a        0x1 ./source/InternalControl.o
 *(SORT_BY_ALIGNMENT(COMMON))
                0x20000410                . = ALIGN (0x8)
 *fill*         0x2000040b        0x5 
                0x20000410                _ebss = .
                [!provide]                PROVIDE (end, .)

.noinit_RAM2    0x1fff0000        0x0
 *(SORT_BY_ALIGNMENT(.noinit.$RAM2*))
 *(SORT_BY_ALIGNMENT(.noinit.$SRAM_LOWER*))
                0x1fff0000                . = ALIGN (0x8)

.noinit_RAM3    0x14000000        0x0
 *(SORT_BY_ALIGNMENT(.noinit.$RAM3*))
 *(SORT_BY_ALIGNMENT(.noinit.$FLEX_RAM*))
                0x14000000                . = ALIGN (0x8)

.noinit         0x20000410        0x0
                0x20000410                _noinit = .
 *(SORT_BY_ALIGNMENT(.noinit*))
                0x20000410                . = ALIGN (0x8)
                0x20000410                _end_noinit = .
                0x00001000                _HeapSize = 0x1000

.heap           0x20000410     0x1000
                0x20000410                _pvHeapStart = .
                0x20001410                . = (. + _HeapSize)
 *fill*         0x20000410     0x1000 
                0x20001410                . = ALIGN (0x8)
                0x20001410                _pvHeapLimit = .
                0x00001000                _StackSize = 0x1000

.heap2stackfill
                0x20001410     0x1000
                0x20002410                . = (. + _StackSize)
 *fill*         0x20001410     0x1000 

.stack          0x2002f000        0x0
                0x2002f000                _vStackBase = .
                0x2002f000                . = ALIGN (0x8)
                0x20030000                _vStackTop = (. + _StackSize)
                0x00000000                _image_start = LOADADDR (.text)
                0x000018a0                _image_end = (LOADADDR (.data) + SIZEOF (.data))
                0x000018a0                _image_size = (_image_end - _image_start)
OUTPUT(Blink.axf elf32-littlearm)

.debug_info     0x00000000     0x5514
 .debug_info    0x00000000      0xa0a ./source/App.o
 .debug_info    0x00000a0a      0xe72 ./source/InternalControl.o
 .debug_info    0x0000187c      0xf6b ./source/SPI.o
 .debug_info    0x000027e7      0x526 ./source/SysTick.o
 .debug_info    0x00002d0d      0x706 ./source/gpio.o
 .debug_info    0x00003413      0xaee ./source/timer.o
 .debug_info    0x00003f01      0x675 ./SDK/startup/hardware.o
 .debug_info    0x00004576       0xb7 ./SDK/startup/main.o
 .debug_info    0x0000462d       0x3b ./SDK/startup/semihost_hardfault.o
 .debug_info    0x00004668      0x8b0 ./SDK/startup/startup_mk64f12.o
 .debug_info    0x00004f18      0x5fc ./SDK/CMSIS/system_MK64F12.o

.debug_abbrev   0x00000000     0x1190
 .debug_abbrev  0x00000000      0x20c ./source/App.o
 .debug_abbrev  0x0000020c      0x2b0 ./source/InternalControl.o
 .debug_abbrev  0x000004bc      0x267 ./source/SPI.o
 .debug_abbrev  0x00000723      0x1a0 ./source/SysTick.o
 .debug_abbrev  0x000008c3      0x1a7 ./source/gpio.o
 .debug_abbrev  0x00000a6a      0x2a7 ./source/timer.o
 .debug_abbrev  0x00000d11      0x138 ./SDK/startup/hardware.o
 .debug_abbrev  0x00000e49       0x7d ./SDK/startup/main.o
 .debug_abbrev  0x00000ec6       0x2f ./SDK/startup/semihost_hardfault.o
 .debug_abbrev  0x00000ef5      0x15c ./SDK/startup/startup_mk64f12.o
 .debug_abbrev  0x00001051      0x13f ./SDK/CMSIS/system_MK64F12.o

.debug_aranges  0x00000000      0x630
 .debug_aranges
                0x00000000       0x38 ./source/App.o
 .debug_aranges
                0x00000038       0x70 ./source/InternalControl.o
 .debug_aranges
                0x000000a8       0xc8 ./source/SPI.o
 .debug_aranges
                0x00000170       0x30 ./source/SysTick.o
 .debug_aranges
                0x000001a0       0x70 ./source/gpio.o
 .debug_aranges
                0x00000210       0x50 ./source/timer.o
 .debug_aranges
                0x00000260       0x30 ./SDK/startup/hardware.o
 .debug_aranges
                0x00000290       0x20 ./SDK/startup/main.o
 .debug_aranges
                0x000002b0       0x20 ./SDK/startup/semihost_hardfault.o
 .debug_aranges
                0x000002d0      0x330 ./SDK/startup/startup_mk64f12.o
 .debug_aranges
                0x00000600       0x30 ./SDK/CMSIS/system_MK64F12.o

.debug_ranges   0x00000000      0x580
 .debug_ranges  0x00000000       0x28 ./source/App.o
 .debug_ranges  0x00000028       0x60 ./source/InternalControl.o
 .debug_ranges  0x00000088       0xb8 ./source/SPI.o
 .debug_ranges  0x00000140       0x20 ./source/SysTick.o
 .debug_ranges  0x00000160       0x60 ./source/gpio.o
 .debug_ranges  0x000001c0       0x40 ./source/timer.o
 .debug_ranges  0x00000200       0x20 ./SDK/startup/hardware.o
 .debug_ranges  0x00000220       0x10 ./SDK/startup/main.o
 .debug_ranges  0x00000230       0x10 ./SDK/startup/semihost_hardfault.o
 .debug_ranges  0x00000240      0x320 ./SDK/startup/startup_mk64f12.o
 .debug_ranges  0x00000560       0x20 ./SDK/CMSIS/system_MK64F12.o

.debug_macro    0x00000000    0x1267b
 .debug_macro   0x00000000      0x209 ./source/App.o
 .debug_macro   0x00000209      0xa5a ./source/App.o
 .debug_macro   0x00000c63      0x34e ./source/App.o
 .debug_macro   0x00000fb1       0x22 ./source/App.o
 .debug_macro   0x00000fd3       0x17 ./source/App.o
 .debug_macro   0x00000fea       0x22 ./source/App.o
 .debug_macro   0x0000100c       0x52 ./source/App.o
 .debug_macro   0x0000105e       0x8d ./source/App.o
 .debug_macro   0x000010eb       0x35 ./source/App.o
 .debug_macro   0x00001120       0x9c ./source/App.o
 .debug_macro   0x000011bc       0x16 ./source/App.o
 .debug_macro   0x000011d2      0x10e ./source/App.o
 .debug_macro   0x000012e0       0x8d ./source/App.o
 .debug_macro   0x0000136d       0x57 ./source/App.o
 .debug_macro   0x000013c4       0x58 ./source/App.o
 .debug_macro   0x0000141c       0x1f ./source/App.o
 .debug_macro   0x0000143b       0x43 ./source/App.o
 .debug_macro   0x0000147e       0x20 ./source/App.o
 .debug_macro   0x0000149e      0x18e ./source/App.o
 .debug_macro   0x0000162c      0x330 ./source/App.o
 .debug_macro   0x0000195c       0x16 ./source/App.o
 .debug_macro   0x00001972       0x29 ./source/App.o
 .debug_macro   0x0000199b       0x1c ./source/App.o
 .debug_macro   0x000019b7       0x1c ./source/App.o
 .debug_macro   0x000019d3       0x10 ./source/App.o
 .debug_macro   0x000019e3       0x5c ./source/App.o
 .debug_macro   0x00001a3f       0x1c ./source/App.o
 .debug_macro   0x00001a5b       0x22 ./source/App.o
 .debug_macro   0x00001a7d       0xd9 ./source/App.o
 .debug_macro   0x00001b56      0xecf ./source/App.o
 .debug_macro   0x00002a25       0x48 ./source/App.o
 .debug_macro   0x00002a6d     0xe07b ./source/App.o
 .debug_macro   0x00010ae8     0x122b ./source/App.o
 .debug_macro   0x00011d13       0x16 ./source/App.o
 .debug_macro   0x00011d29       0x46 ./source/App.o
 .debug_macro   0x00011d6f       0x58 ./source/App.o
 .debug_macro   0x00011dc7      0x1b7 ./source/InternalControl.o
 .debug_macro   0x00011f7e       0x16 ./source/InternalControl.o
 .debug_macro   0x00011f94       0x22 ./source/InternalControl.o
 .debug_macro   0x00011fb6       0xca ./source/SPI.o
 .debug_macro   0x00012080       0xdf ./source/SPI.o
 .debug_macro   0x0001215f       0xac ./source/SysTick.o
 .debug_macro   0x0001220b       0xab ./source/gpio.o
 .debug_macro   0x000122b6      0x1c3 ./source/timer.o
 .debug_macro   0x00012479       0x10 ./source/timer.o
 .debug_macro   0x00012489       0x9c ./SDK/startup/hardware.o
 .debug_macro   0x00012525       0x9c ./SDK/startup/main.o
 .debug_macro   0x000125c1       0x11 ./SDK/startup/semihost_hardfault.o
 .debug_macro   0x000125d2       0x29 ./SDK/startup/startup_mk64f12.o
 .debug_macro   0x000125fb       0x80 ./SDK/CMSIS/system_MK64F12.o

.debug_line     0x00000000     0x2041
 .debug_line    0x00000000      0x3a3 ./source/App.o
 .debug_line    0x000003a3      0x444 ./source/InternalControl.o
 .debug_line    0x000007e7      0x3e7 ./source/SPI.o
 .debug_line    0x00000bce      0x1b6 ./source/SysTick.o
 .debug_line    0x00000d84      0x299 ./source/gpio.o
 .debug_line    0x0000101d      0x3e3 ./source/timer.o
 .debug_line    0x00001400      0x1d4 ./SDK/startup/hardware.o
 .debug_line    0x000015d4      0x175 ./SDK/startup/main.o
 .debug_line    0x00001749       0x59 ./SDK/startup/semihost_hardfault.o
 .debug_line    0x000017a2      0x6d8 ./SDK/startup/startup_mk64f12.o
 .debug_line    0x00001e7a      0x1c7 ./SDK/CMSIS/system_MK64F12.o

.debug_str      0x00000000    0x7bf1c
 .debug_str     0x00000000    0x7a5d3 ./source/App.o
                              0x7a835 (size before relaxing)
 .debug_str     0x0007a5d3      0x6de ./source/InternalControl.o
                              0x7adef (size before relaxing)
 .debug_str     0x0007acb1      0x5f7 ./source/SPI.o
                              0x77e12 (size before relaxing)
 .debug_str     0x0007b2a8       0x86 ./source/SysTick.o
                              0x775b1 (size before relaxing)
 .debug_str     0x0007b32e      0x11c ./source/gpio.o
                              0x77298 (size before relaxing)
 .debug_str     0x0007b44a       0xe1 ./source/timer.o
                              0x7a7c3 (size before relaxing)
 .debug_str     0x0007b52b      0x169 ./SDK/startup/hardware.o
                              0x771ef (size before relaxing)
 .debug_str     0x0007b694       0x1b ./SDK/startup/main.o
                              0x76fc3 (size before relaxing)
 .debug_str     0x0007b6af       0x36 ./SDK/startup/semihost_hardfault.o
                               0x2d29 (size before relaxing)
 .debug_str     0x0007b6e5      0x7d5 ./SDK/startup/startup_mk64f12.o
                               0x3597 (size before relaxing)
 .debug_str     0x0007beba       0x62 ./SDK/CMSIS/system_MK64F12.o
                              0x770fe (size before relaxing)

.comment        0x00000000       0x7e
 .comment       0x00000000       0x7e ./source/App.o
                                 0x7f (size before relaxing)
 .comment       0x0000007e       0x7f ./source/InternalControl.o
 .comment       0x0000007e       0x7f ./source/SPI.o
 .comment       0x0000007e       0x7f ./source/SysTick.o
 .comment       0x0000007e       0x7f ./source/gpio.o
 .comment       0x0000007e       0x7f ./source/timer.o
 .comment       0x0000007e       0x7f ./SDK/startup/hardware.o
 .comment       0x0000007e       0x7f ./SDK/startup/main.o
 .comment       0x0000007e       0x7f ./SDK/startup/semihost_hardfault.o
 .comment       0x0000007e       0x7f ./SDK/startup/startup_mk64f12.o
 .comment       0x0000007e       0x7f ./SDK/CMSIS/system_MK64F12.o

.ARM.attributes
                0x00000000       0x39
 .ARM.attributes
                0x00000000       0x39 ./source/App.o
 .ARM.attributes
                0x00000039       0x39 ./source/InternalControl.o
 .ARM.attributes
                0x00000072       0x39 ./source/SPI.o
 .ARM.attributes
                0x000000ab       0x39 ./source/SysTick.o
 .ARM.attributes
                0x000000e4       0x39 ./source/gpio.o
 .ARM.attributes
                0x0000011d       0x39 ./source/timer.o
 .ARM.attributes
                0x00000156       0x39 ./SDK/startup/hardware.o
 .ARM.attributes
                0x0000018f       0x39 ./SDK/startup/main.o
 .ARM.attributes
                0x000001c8       0x39 ./SDK/startup/semihost_hardfault.o
 .ARM.attributes
                0x00000201       0x39 ./SDK/startup/startup_mk64f12.o
 .ARM.attributes
                0x0000023a       0x39 ./SDK/CMSIS/system_MK64F12.o

.debug_frame    0x00000000     0x1330
 .debug_frame   0x00000000       0x88 ./source/App.o
 .debug_frame   0x00000088      0x17c ./source/InternalControl.o
 .debug_frame   0x00000204      0x374 ./source/SPI.o
 .debug_frame   0x00000578       0x88 ./source/SysTick.o
 .debug_frame   0x00000600      0x1f0 ./source/gpio.o
 .debug_frame   0x000007f0      0x10c ./source/timer.o
 .debug_frame   0x000008fc       0x70 ./SDK/startup/hardware.o
 .debug_frame   0x0000096c       0x2c ./SDK/startup/main.o
 .debug_frame   0x00000998       0x20 ./SDK/startup/semihost_hardfault.o
 .debug_frame   0x000009b8      0x904 ./SDK/startup/startup_mk64f12.o
 .debug_frame   0x000012bc       0x74 ./SDK/CMSIS/system_MK64F12.o
