Archive member included to satisfy reference by file (symbol)

c:/nxp/mcuxpressoide_10.2.0_759/ide/tools/bin/../lib/gcc/arm-none-eabi/7.2.1/../../../../arm-none-eabi/lib/thumb/v7e-m/fpv4-sp/hard\libcr_c.a(memcpy.o)
                              ./source/Users.o (memcpy)
c:/nxp/mcuxpressoide_10.2.0_759/ide/tools/bin/../lib/gcc/arm-none-eabi/7.2.1/../../../../arm-none-eabi/lib/thumb/v7e-m/fpv4-sp/hard\libcr_c.a(memcmp.o)
                              ./source/Users.o (memcmp)
c:/nxp/mcuxpressoide_10.2.0_759/ide/tools/bin/../lib/gcc/arm-none-eabi/7.2.1/thumb/v7e-m/fpv4-sp/hard\libcr_eabihelpers.a(memcpy.o)
                              c:/nxp/mcuxpressoide_10.2.0_759/ide/tools/bin/../lib/gcc/arm-none-eabi/7.2.1/../../../../arm-none-eabi/lib/thumb/v7e-m/fpv4-sp/hard\libcr_c.a(memcpy.o) (__aeabi_memcpy)

Discarded input sections

 .group         0x00000000        0xc ./source/App.o
 .group         0x00000000        0xc ./source/App.o
 .group         0x00000000        0xc ./source/App.o
 .group         0x00000000        0xc ./source/App.o
 .group         0x00000000        0xc ./source/App.o
 .group         0x00000000        0xc ./source/App.o
 .group         0x00000000        0xc ./source/App.o
 .group         0x00000000        0xc ./source/App.o
 .group         0x00000000        0xc ./source/App.o
 .group         0x00000000        0xc ./source/App.o
 .group         0x00000000        0xc ./source/App.o
 .group         0x00000000        0xc ./source/App.o
 .group         0x00000000        0xc ./source/App.o
 .group         0x00000000        0xc ./source/App.o
 .group         0x00000000        0xc ./source/App.o
 .group         0x00000000        0xc ./source/App.o
 .group         0x00000000        0xc ./source/App.o
 .group         0x00000000        0xc ./source/App.o
 .group         0x00000000        0xc ./source/App.o
 .group         0x00000000        0xc ./source/App.o
 .group         0x00000000        0xc ./source/App.o
 .group         0x00000000        0xc ./source/App.o
 .group         0x00000000        0xc ./source/App.o
 .group         0x00000000        0xc ./source/App.o
 .text          0x00000000        0x0 ./source/App.o
 .data          0x00000000        0x0 ./source/App.o
 .bss           0x00000000        0x0 ./source/App.o
 .bss.idle_cnt  0x00000000        0x4 ./source/App.o
 .bss.idle_fsm  0x00000000        0x1 ./source/App.o
 .bss.timerError
                0x00000000        0x1 ./source/App.o
 .bss.timerPestillo
                0x00000000        0x1 ./source/App.o
 .group         0x00000000        0xc ./source/InternalControl.o
 .group         0x00000000        0xc ./source/InternalControl.o
 .group         0x00000000        0xc ./source/InternalControl.o
 .group         0x00000000        0xc ./source/InternalControl.o
 .group         0x00000000        0xc ./source/InternalControl.o
 .group         0x00000000        0xc ./source/InternalControl.o
 .group         0x00000000        0xc ./source/InternalControl.o
 .group         0x00000000        0xc ./source/InternalControl.o
 .group         0x00000000        0xc ./source/InternalControl.o
 .group         0x00000000        0xc ./source/InternalControl.o
 .group         0x00000000        0xc ./source/InternalControl.o
 .group         0x00000000        0xc ./source/InternalControl.o
 .group         0x00000000        0xc ./source/InternalControl.o
 .group         0x00000000        0xc ./source/InternalControl.o
 .group         0x00000000        0xc ./source/InternalControl.o
 .group         0x00000000        0xc ./source/InternalControl.o
 .group         0x00000000        0xc ./source/InternalControl.o
 .group         0x00000000        0xc ./source/InternalControl.o
 .group         0x00000000        0xc ./source/InternalControl.o
 .group         0x00000000        0xc ./source/InternalControl.o
 .group         0x00000000        0xc ./source/InternalControl.o
 .group         0x00000000        0xc ./source/InternalControl.o
 .group         0x00000000        0xc ./source/InternalControl.o
 .group         0x00000000        0xc ./source/InternalControl.o
 .group         0x00000000        0xc ./source/InternalControl.o
 .group         0x00000000        0xc ./source/InternalControl.o
 .group         0x00000000        0xc ./source/InternalControl.o
 .group         0x00000000        0xc ./source/InternalControl.o
 .group         0x00000000        0xc ./source/InternalControl.o
 .group         0x00000000        0xc ./source/InternalControl.o
 .group         0x00000000        0xc ./source/InternalControl.o
 .group         0x00000000        0xc ./source/InternalControl.o
 .group         0x00000000        0xc ./source/InternalControl.o
 .group         0x00000000        0xc ./source/InternalControl.o
 .group         0x00000000        0xc ./source/InternalControl.o
 .text          0x00000000        0x0 ./source/InternalControl.o
 .data          0x00000000        0x0 ./source/InternalControl.o
 .bss           0x00000000        0x0 ./source/InternalControl.o
 .debug_macro   0x00000000      0xa5a ./source/InternalControl.o
 .debug_macro   0x00000000      0x34e ./source/InternalControl.o
 .debug_macro   0x00000000       0x22 ./source/InternalControl.o
 .debug_macro   0x00000000       0x17 ./source/InternalControl.o
 .debug_macro   0x00000000       0x22 ./source/InternalControl.o
 .debug_macro   0x00000000       0x52 ./source/InternalControl.o
 .debug_macro   0x00000000       0x8d ./source/InternalControl.o
 .debug_macro   0x00000000       0x35 ./source/InternalControl.o
 .debug_macro   0x00000000       0x9c ./source/InternalControl.o
 .debug_macro   0x00000000       0x16 ./source/InternalControl.o
 .debug_macro   0x00000000      0x10e ./source/InternalControl.o
 .debug_macro   0x00000000       0x8d ./source/InternalControl.o
 .debug_macro   0x00000000       0x57 ./source/InternalControl.o
 .debug_macro   0x00000000       0x58 ./source/InternalControl.o
 .debug_macro   0x00000000       0x1f ./source/InternalControl.o
 .debug_macro   0x00000000       0x43 ./source/InternalControl.o
 .debug_macro   0x00000000       0x20 ./source/InternalControl.o
 .debug_macro   0x00000000      0x18e ./source/InternalControl.o
 .debug_macro   0x00000000      0x330 ./source/InternalControl.o
 .debug_macro   0x00000000       0x16 ./source/InternalControl.o
 .debug_macro   0x00000000       0x29 ./source/InternalControl.o
 .group         0x00000000        0xc ./source/SPI.o
 .group         0x00000000        0xc ./source/SPI.o
 .group         0x00000000        0xc ./source/SPI.o
 .group         0x00000000        0xc ./source/SPI.o
 .group         0x00000000        0xc ./source/SPI.o
 .group         0x00000000        0xc ./source/SPI.o
 .group         0x00000000        0xc ./source/SPI.o
 .group         0x00000000        0xc ./source/SPI.o
 .group         0x00000000        0xc ./source/SPI.o
 .group         0x00000000        0xc ./source/SPI.o
 .group         0x00000000        0xc ./source/SPI.o
 .group         0x00000000        0xc ./source/SPI.o
 .group         0x00000000        0xc ./source/SPI.o
 .text          0x00000000        0x0 ./source/SPI.o
 .data          0x00000000        0x0 ./source/SPI.o
 .bss           0x00000000        0x0 ./source/SPI.o
 .data.SPIPtrs  0x00000000        0xc ./source/SPI.o
 .text.setMasterMode
                0x00000000       0x30 ./source/SPI.o
 .text.setSlaveMode
                0x00000000       0x30 ./source/SPI.o
 .text.getMode  0x00000000       0x30 ./source/SPI.o
 .text.enableContinousSCK
                0x00000000       0x30 ./source/SPI.o
 .text.disableContinousSCK
                0x00000000       0x30 ./source/SPI.o
 .text.setSPIConfig
                0x00000000       0x50 ./source/SPI.o
 .text.enableFreeze
                0x00000000       0x30 ./source/SPI.o
 .text.disableFreeze
                0x00000000       0x30 ./source/SPI.o
 .text.enableModifyTransferFormat
                0x00000000       0x30 ./source/SPI.o
 .text.disableModifyTransferFormat
                0x00000000       0x30 ./source/SPI.o
 .text.enableChipSelectStrobe
                0x00000000       0x30 ./source/SPI.o
 .text.disableChipSelectStrobe
                0x00000000       0x30 ./source/SPI.o
 .text.enableRxFIFOOverflowOverwrite
                0x00000000       0x30 ./source/SPI.o
 .text.disableRxFIFOOverflowOverwrite
                0x00000000       0x30 ./source/SPI.o
 .text.dozeEnable
                0x00000000       0x30 ./source/SPI.o
 .text.dozeDisable
                0x00000000       0x30 ./source/SPI.o
 .text.moduleDisable
                0x00000000       0x30 ./source/SPI.o
 .text.moduleEnable
                0x00000000       0x30 ./source/SPI.o
 .text.disableTxFIFO
                0x00000000       0x30 ./source/SPI.o
 .text.enableTxFIFO
                0x00000000       0x30 ./source/SPI.o
 .text.disableRxFIFO
                0x00000000       0x30 ./source/SPI.o
 .text.enableRxFIFO
                0x00000000       0x30 ./source/SPI.o
 .text.clearTxFIFO
                0x00000000       0x30 ./source/SPI.o
 .text.dontClearTxFIFO
                0x00000000       0x30 ./source/SPI.o
 .text.clearRxFIFO
                0x00000000       0x30 ./source/SPI.o
 .text.dontClearRxFIFO
                0x00000000       0x30 ./source/SPI.o
 .text.HALTStopTransfers
                0x00000000       0x30 ./source/SPI.o
 .text.HALTStartTransfers
                0x00000000       0x2c ./source/SPI.o
 .debug_info    0x00000000      0x68c ./source/SPI.o
 .debug_abbrev  0x00000000      0x166 ./source/SPI.o
 .debug_aranges
                0x00000000       0xf8 ./source/SPI.o
 .debug_ranges  0x00000000       0xe8 ./source/SPI.o
 .debug_macro   0x00000000       0xac ./source/SPI.o
 .debug_macro   0x00000000      0xa5a ./source/SPI.o
 .debug_macro   0x00000000      0x34e ./source/SPI.o
 .debug_macro   0x00000000       0x22 ./source/SPI.o
 .debug_macro   0x00000000       0x10 ./source/SPI.o
 .debug_macro   0x00000000       0x5c ./source/SPI.o
 .debug_macro   0x00000000       0x1c ./source/SPI.o
 .debug_macro   0x00000000       0x22 ./source/SPI.o
 .debug_macro   0x00000000       0xdf ./source/SPI.o
 .debug_macro   0x00000000      0xecf ./source/SPI.o
 .debug_macro   0x00000000       0x48 ./source/SPI.o
 .debug_macro   0x00000000     0xe07b ./source/SPI.o
 .debug_macro   0x00000000     0x122b ./source/SPI.o
 .debug_macro   0x00000000       0x16 ./source/SPI.o
 .debug_line    0x00000000      0x35b ./source/SPI.o
 .debug_str     0x00000000    0x7725d ./source/SPI.o
 .comment       0x00000000       0x7f ./source/SPI.o
 .debug_frame   0x00000000      0x470 ./source/SPI.o
 .ARM.attributes
                0x00000000       0x39 ./source/SPI.o
 .group         0x00000000        0xc ./source/SysTick.o
 .group         0x00000000        0xc ./source/SysTick.o
 .group         0x00000000        0xc ./source/SysTick.o
 .group         0x00000000        0xc ./source/SysTick.o
 .group         0x00000000        0xc ./source/SysTick.o
 .group         0x00000000        0xc ./source/SysTick.o
 .group         0x00000000        0xc ./source/SysTick.o
 .group         0x00000000        0xc ./source/SysTick.o
 .group         0x00000000        0xc ./source/SysTick.o
 .group         0x00000000        0xc ./source/SysTick.o
 .group         0x00000000        0xc ./source/SysTick.o
 .group         0x00000000        0xc ./source/SysTick.o
 .group         0x00000000        0xc ./source/SysTick.o
 .text          0x00000000        0x0 ./source/SysTick.o
 .data          0x00000000        0x0 ./source/SysTick.o
 .bss           0x00000000        0x0 ./source/SysTick.o
 .text.__NVIC_EnableIRQ
                0x00000000       0x3c ./source/SysTick.o
 .data.SysTick_ptr
                0x00000000        0x4 ./source/SysTick.o
 .text.SysTick_Init
                0x00000000       0x4c ./source/SysTick.o
 .debug_macro   0x00000000      0xa5a ./source/SysTick.o
 .debug_macro   0x00000000       0x22 ./source/SysTick.o
 .debug_macro   0x00000000      0x34e ./source/SysTick.o
 .debug_macro   0x00000000       0x10 ./source/SysTick.o
 .debug_macro   0x00000000       0x5c ./source/SysTick.o
 .debug_macro   0x00000000       0x1c ./source/SysTick.o
 .debug_macro   0x00000000       0x22 ./source/SysTick.o
 .debug_macro   0x00000000       0xdf ./source/SysTick.o
 .debug_macro   0x00000000      0xecf ./source/SysTick.o
 .debug_macro   0x00000000       0x48 ./source/SysTick.o
 .debug_macro   0x00000000     0xe07b ./source/SysTick.o
 .debug_macro   0x00000000     0x122b ./source/SysTick.o
 .debug_macro   0x00000000       0x16 ./source/SysTick.o
 .group         0x00000000        0xc ./source/Users.o
 .group         0x00000000        0xc ./source/Users.o
 .group         0x00000000        0xc ./source/Users.o
 .group         0x00000000        0xc ./source/Users.o
 .group         0x00000000        0xc ./source/Users.o
 .group         0x00000000        0xc ./source/Users.o
 .group         0x00000000        0xc ./source/Users.o
 .group         0x00000000        0xc ./source/Users.o
 .group         0x00000000        0xc ./source/Users.o
 .group         0x00000000        0xc ./source/Users.o
 .group         0x00000000        0xc ./source/Users.o
 .group         0x00000000        0xc ./source/Users.o
 .group         0x00000000        0xc ./source/Users.o
 .group         0x00000000        0xc ./source/Users.o
 .group         0x00000000        0xc ./source/Users.o
 .group         0x00000000        0xc ./source/Users.o
 .group         0x00000000        0xc ./source/Users.o
 .group         0x00000000        0xc ./source/Users.o
 .group         0x00000000        0xc ./source/Users.o
 .group         0x00000000        0xc ./source/Users.o
 .text          0x00000000        0x0 ./source/Users.o
 .data          0x00000000        0x0 ./source/Users.o
 .bss           0x00000000        0x0 ./source/Users.o
 .bss.index_    0x00000000        0x4 ./source/Users.o
 .bss.users     0x00000000      0x230 ./source/Users.o
 .text.unblockUser
                0x00000000       0x40 ./source/Users.o
 .rodata        0x00000000       0x38 ./source/Users.o
 .text.initUser
                0x00000000       0x5c ./source/Users.o
 .text.addUser  0x00000000       0x98 ./source/Users.o
 .text.validateID
                0x00000000       0x24 ./source/Users.o
 .text.validateIDint
                0x00000000       0x70 ./source/Users.o
 .text.validatePIN
                0x00000000       0x3c ./source/Users.o
 .text.validateUser
                0x00000000       0x94 ./source/Users.o
 .text.changePin
                0x00000000       0x48 ./source/Users.o
 .text.blockUser
                0x00000000       0x40 ./source/Users.o
 .debug_info    0x00000000      0xb43 ./source/Users.o
 .debug_abbrev  0x00000000      0x216 ./source/Users.o
 .debug_aranges
                0x00000000       0x60 ./source/Users.o
 .debug_ranges  0x00000000       0x50 ./source/Users.o
 .debug_macro   0x00000000      0x11e ./source/Users.o
 .debug_macro   0x00000000      0xa5a ./source/Users.o
 .debug_macro   0x00000000      0x34e ./source/Users.o
 .debug_macro   0x00000000       0x22 ./source/Users.o
 .debug_macro   0x00000000       0x22 ./source/Users.o
 .debug_macro   0x00000000       0x22 ./source/Users.o
 .debug_macro   0x00000000       0x52 ./source/Users.o
 .debug_macro   0x00000000       0x17 ./source/Users.o
 .debug_macro   0x00000000       0x8d ./source/Users.o
 .debug_macro   0x00000000       0x35 ./source/Users.o
 .debug_macro   0x00000000       0x9c ./source/Users.o
 .debug_macro   0x00000000      0x174 ./source/Users.o
 .debug_macro   0x00000000       0x57 ./source/Users.o
 .debug_macro   0x00000000       0x58 ./source/Users.o
 .debug_macro   0x00000000       0x1f ./source/Users.o
 .debug_macro   0x00000000       0x43 ./source/Users.o
 .debug_macro   0x00000000       0x20 ./source/Users.o
 .debug_macro   0x00000000      0x18e ./source/Users.o
 .debug_macro   0x00000000      0x330 ./source/Users.o
 .debug_macro   0x00000000       0x10 ./source/Users.o
 .debug_macro   0x00000000       0x35 ./source/Users.o
 .debug_line    0x00000000      0x335 ./source/Users.o
 .debug_str     0x00000000     0x6c3d ./source/Users.o
 .comment       0x00000000       0x7f ./source/Users.o
 .debug_frame   0x00000000      0x160 ./source/Users.o
 .ARM.attributes
                0x00000000       0x39 ./source/Users.o
 .group         0x00000000        0xc ./source/gpio.o
 .group         0x00000000        0xc ./source/gpio.o
 .group         0x00000000        0xc ./source/gpio.o
 .group         0x00000000        0xc ./source/gpio.o
 .group         0x00000000        0xc ./source/gpio.o
 .group         0x00000000        0xc ./source/gpio.o
 .group         0x00000000        0xc ./source/gpio.o
 .group         0x00000000        0xc ./source/gpio.o
 .group         0x00000000        0xc ./source/gpio.o
 .group         0x00000000        0xc ./source/gpio.o
 .group         0x00000000        0xc ./source/gpio.o
 .group         0x00000000        0xc ./source/gpio.o
 .group         0x00000000        0xc ./source/gpio.o
 .group         0x00000000        0xc ./source/gpio.o
 .text          0x00000000        0x0 ./source/gpio.o
 .data          0x00000000        0x0 ./source/gpio.o
 .bss           0x00000000        0x0 ./source/gpio.o
 .text.gpioToggle
                0x00000000       0x7c ./source/gpio.o
 .text.gpioRead
                0x00000000       0x5c ./source/gpio.o
 .debug_macro   0x00000000      0xa5a ./source/gpio.o
 .debug_macro   0x00000000      0x34e ./source/gpio.o
 .debug_macro   0x00000000       0x22 ./source/gpio.o
 .debug_macro   0x00000000       0x10 ./source/gpio.o
 .debug_macro   0x00000000       0x5c ./source/gpio.o
 .debug_macro   0x00000000       0x1c ./source/gpio.o
 .debug_macro   0x00000000       0x22 ./source/gpio.o
 .debug_macro   0x00000000       0xdf ./source/gpio.o
 .debug_macro   0x00000000      0xecf ./source/gpio.o
 .debug_macro   0x00000000       0x48 ./source/gpio.o
 .debug_macro   0x00000000     0xe07b ./source/gpio.o
 .debug_macro   0x00000000     0x122b ./source/gpio.o
 .debug_macro   0x00000000       0x16 ./source/gpio.o
 .debug_macro   0x00000000       0x46 ./source/gpio.o
 .group         0x00000000        0xc ./source/timer.o
 .group         0x00000000        0xc ./source/timer.o
 .group         0x00000000        0xc ./source/timer.o
 .group         0x00000000        0xc ./source/timer.o
 .group         0x00000000        0xc ./source/timer.o
 .group         0x00000000        0xc ./source/timer.o
 .group         0x00000000        0xc ./source/timer.o
 .group         0x00000000        0xc ./source/timer.o
 .group         0x00000000        0xc ./source/timer.o
 .group         0x00000000        0xc ./source/timer.o
 .group         0x00000000        0xc ./source/timer.o
 .group         0x00000000        0xc ./source/timer.o
 .group         0x00000000        0xc ./source/timer.o
 .group         0x00000000        0xc ./source/timer.o
 .group         0x00000000        0xc ./source/timer.o
 .group         0x00000000        0xc ./source/timer.o
 .group         0x00000000        0xc ./source/timer.o
 .group         0x00000000        0xc ./source/timer.o
 .group         0x00000000        0xc ./source/timer.o
 .group         0x00000000        0xc ./source/timer.o
 .group         0x00000000        0xc ./source/timer.o
 .group         0x00000000        0xc ./source/timer.o
 .group         0x00000000        0xc ./source/timer.o
 .group         0x00000000        0xc ./source/timer.o
 .group         0x00000000        0xc ./source/timer.o
 .group         0x00000000        0xc ./source/timer.o
 .group         0x00000000        0xc ./source/timer.o
 .group         0x00000000        0xc ./source/timer.o
 .group         0x00000000        0xc ./source/timer.o
 .group         0x00000000        0xc ./source/timer.o
 .group         0x00000000        0xc ./source/timer.o
 .group         0x00000000        0xc ./source/timer.o
 .group         0x00000000        0xc ./source/timer.o
 .group         0x00000000        0xc ./source/timer.o
 .group         0x00000000        0xc ./source/timer.o
 .text          0x00000000        0x0 ./source/timer.o
 .data          0x00000000        0x0 ./source/timer.o
 .bss           0x00000000        0x0 ./source/timer.o
 .text.timerInit
                0x00000000       0x28 ./source/timer.o
 .text.timerStop
                0x00000000       0x30 ./source/timer.o
 .text.timerExpired
                0x00000000       0x44 ./source/timer.o
 .text.timerDelay
                0x00000000       0x30 ./source/timer.o
 .text.timer_isr
                0x00000000       0xdc ./source/timer.o
 .bss.yaInit.7476
                0x00000000        0x1 ./source/timer.o
 .debug_macro   0x00000000      0xa5a ./source/timer.o
 .debug_macro   0x00000000      0x34e ./source/timer.o
 .debug_macro   0x00000000       0x22 ./source/timer.o
 .debug_macro   0x00000000       0x17 ./source/timer.o
 .debug_macro   0x00000000       0x22 ./source/timer.o
 .debug_macro   0x00000000       0x52 ./source/timer.o
 .debug_macro   0x00000000       0x8d ./source/timer.o
 .debug_macro   0x00000000       0x35 ./source/timer.o
 .debug_macro   0x00000000       0x9c ./source/timer.o
 .debug_macro   0x00000000       0x16 ./source/timer.o
 .debug_macro   0x00000000      0x10e ./source/timer.o
 .debug_macro   0x00000000       0x8d ./source/timer.o
 .debug_macro   0x00000000       0x57 ./source/timer.o
 .debug_macro   0x00000000       0x58 ./source/timer.o
 .debug_macro   0x00000000       0x1f ./source/timer.o
 .debug_macro   0x00000000       0x43 ./source/timer.o
 .debug_macro   0x00000000       0x20 ./source/timer.o
 .debug_macro   0x00000000      0x18e ./source/timer.o
 .debug_macro   0x00000000      0x330 ./source/timer.o
 .debug_macro   0x00000000       0x16 ./source/timer.o
 .debug_macro   0x00000000       0x29 ./source/timer.o
 .debug_macro   0x00000000       0x1c ./source/timer.o
 .debug_macro   0x00000000       0x10 ./source/timer.o
 .debug_macro   0x00000000       0x5c ./source/timer.o
 .debug_macro   0x00000000       0x1c ./source/timer.o
 .debug_macro   0x00000000       0x22 ./source/timer.o
 .debug_macro   0x00000000       0xd9 ./source/timer.o
 .debug_macro   0x00000000      0xecf ./source/timer.o
 .debug_macro   0x00000000       0x48 ./source/timer.o
 .debug_macro   0x00000000     0xe07b ./source/timer.o
 .debug_macro   0x00000000     0x122b ./source/timer.o
 .debug_macro   0x00000000       0x16 ./source/timer.o
 .debug_macro   0x00000000       0x46 ./source/timer.o
 .debug_macro   0x00000000       0xa6 ./source/timer.o
 .group         0x00000000        0xc ./SDK/startup/hardware.o
 .group         0x00000000        0xc ./SDK/startup/hardware.o
 .group         0x00000000        0xc ./SDK/startup/hardware.o
 .group         0x00000000        0xc ./SDK/startup/hardware.o
 .group         0x00000000        0xc ./SDK/startup/hardware.o
 .group         0x00000000        0xc ./SDK/startup/hardware.o
 .group         0x00000000        0xc ./SDK/startup/hardware.o
 .group         0x00000000        0xc ./SDK/startup/hardware.o
 .group         0x00000000        0xc ./SDK/startup/hardware.o
 .group         0x00000000        0xc ./SDK/startup/hardware.o
 .group         0x00000000        0xc ./SDK/startup/hardware.o
 .group         0x00000000        0xc ./SDK/startup/hardware.o
 .group         0x00000000        0xc ./SDK/startup/hardware.o
 .text          0x00000000        0x0 ./SDK/startup/hardware.o
 .data          0x00000000        0x0 ./SDK/startup/hardware.o
 .bss           0x00000000        0x0 ./SDK/startup/hardware.o
 .debug_macro   0x00000000      0xa5a ./SDK/startup/hardware.o
 .debug_macro   0x00000000      0x34e ./SDK/startup/hardware.o
 .debug_macro   0x00000000       0x22 ./SDK/startup/hardware.o
 .debug_macro   0x00000000       0x10 ./SDK/startup/hardware.o
 .debug_macro   0x00000000       0x5c ./SDK/startup/hardware.o
 .debug_macro   0x00000000       0x1c ./SDK/startup/hardware.o
 .debug_macro   0x00000000       0x22 ./SDK/startup/hardware.o
 .debug_macro   0x00000000       0xdf ./SDK/startup/hardware.o
 .debug_macro   0x00000000      0xecf ./SDK/startup/hardware.o
 .debug_macro   0x00000000       0x48 ./SDK/startup/hardware.o
 .debug_macro   0x00000000     0xe07b ./SDK/startup/hardware.o
 .debug_macro   0x00000000     0x122b ./SDK/startup/hardware.o
 .debug_macro   0x00000000       0x16 ./SDK/startup/hardware.o
 .group         0x00000000        0xc ./SDK/startup/main.o
 .group         0x00000000        0xc ./SDK/startup/main.o
 .group         0x00000000        0xc ./SDK/startup/main.o
 .group         0x00000000        0xc ./SDK/startup/main.o
 .group         0x00000000        0xc ./SDK/startup/main.o
 .group         0x00000000        0xc ./SDK/startup/main.o
 .group         0x00000000        0xc ./SDK/startup/main.o
 .group         0x00000000        0xc ./SDK/startup/main.o
 .group         0x00000000        0xc ./SDK/startup/main.o
 .group         0x00000000        0xc ./SDK/startup/main.o
 .group         0x00000000        0xc ./SDK/startup/main.o
 .group         0x00000000        0xc ./SDK/startup/main.o
 .group         0x00000000        0xc ./SDK/startup/main.o
 .text          0x00000000        0x0 ./SDK/startup/main.o
 .data          0x00000000        0x0 ./SDK/startup/main.o
 .bss           0x00000000        0x0 ./SDK/startup/main.o
 .debug_macro   0x00000000      0xa5a ./SDK/startup/main.o
 .debug_macro   0x00000000      0x34e ./SDK/startup/main.o
 .debug_macro   0x00000000       0x22 ./SDK/startup/main.o
 .debug_macro   0x00000000       0x10 ./SDK/startup/main.o
 .debug_macro   0x00000000       0x5c ./SDK/startup/main.o
 .debug_macro   0x00000000       0x1c ./SDK/startup/main.o
 .debug_macro   0x00000000       0x22 ./SDK/startup/main.o
 .debug_macro   0x00000000       0xdf ./SDK/startup/main.o
 .debug_macro   0x00000000      0xecf ./SDK/startup/main.o
 .debug_macro   0x00000000       0x48 ./SDK/startup/main.o
 .debug_macro   0x00000000     0xe07b ./SDK/startup/main.o
 .debug_macro   0x00000000     0x122b ./SDK/startup/main.o
 .debug_macro   0x00000000       0x16 ./SDK/startup/main.o
 .group         0x00000000        0xc ./SDK/startup/semihost_hardfault.o
 .text          0x00000000        0x0 ./SDK/startup/semihost_hardfault.o
 .data          0x00000000        0x0 ./SDK/startup/semihost_hardfault.o
 .bss           0x00000000        0x0 ./SDK/startup/semihost_hardfault.o
 .debug_macro   0x00000000      0xa5a ./SDK/startup/semihost_hardfault.o
 .group         0x00000000        0xc ./SDK/startup/startup_mk64f12.o
 .text          0x00000000        0x0 ./SDK/startup/startup_mk64f12.o
 .data          0x00000000        0x0 ./SDK/startup/startup_mk64f12.o
 .bss           0x00000000        0x0 ./SDK/startup/startup_mk64f12.o
 .text.PORTA_IRQHandler
                0x00000000        0x8 ./SDK/startup/startup_mk64f12.o
 .text.PORTB_IRQHandler
                0x00000000        0x8 ./SDK/startup/startup_mk64f12.o
 .text.PORTC_IRQHandler
                0x00000000        0x8 ./SDK/startup/startup_mk64f12.o
 .text.PORTD_IRQHandler
                0x00000000        0x8 ./SDK/startup/startup_mk64f12.o
 .text.PORTE_IRQHandler
                0x00000000        0x8 ./SDK/startup/startup_mk64f12.o
 .debug_macro   0x00000000      0xa5a ./SDK/startup/startup_mk64f12.o
 .group         0x00000000        0xc ./SDK/CMSIS/system_MK64F12.o
 .group         0x00000000        0xc ./SDK/CMSIS/system_MK64F12.o
 .group         0x00000000        0xc ./SDK/CMSIS/system_MK64F12.o
 .group         0x00000000        0xc ./SDK/CMSIS/system_MK64F12.o
 .group         0x00000000        0xc ./SDK/CMSIS/system_MK64F12.o
 .group         0x00000000        0xc ./SDK/CMSIS/system_MK64F12.o
 .group         0x00000000        0xc ./SDK/CMSIS/system_MK64F12.o
 .group         0x00000000        0xc ./SDK/CMSIS/system_MK64F12.o
 .group         0x00000000        0xc ./SDK/CMSIS/system_MK64F12.o
 .group         0x00000000        0xc ./SDK/CMSIS/system_MK64F12.o
 .group         0x00000000        0xc ./SDK/CMSIS/system_MK64F12.o
 .text          0x00000000        0x0 ./SDK/CMSIS/system_MK64F12.o
 .data          0x00000000        0x0 ./SDK/CMSIS/system_MK64F12.o
 .bss           0x00000000        0x0 ./SDK/CMSIS/system_MK64F12.o
 .data.SystemCoreClock
                0x00000000        0x4 ./SDK/CMSIS/system_MK64F12.o
 .text.SystemCoreClockUpdate
                0x00000000      0x278 ./SDK/CMSIS/system_MK64F12.o
 .debug_macro   0x00000000      0xa5a ./SDK/CMSIS/system_MK64F12.o
 .debug_macro   0x00000000      0x34e ./SDK/CMSIS/system_MK64F12.o
 .debug_macro   0x00000000       0x10 ./SDK/CMSIS/system_MK64F12.o
 .debug_macro   0x00000000       0x5c ./SDK/CMSIS/system_MK64F12.o
 .debug_macro   0x00000000       0x1c ./SDK/CMSIS/system_MK64F12.o
 .debug_macro   0x00000000       0x22 ./SDK/CMSIS/system_MK64F12.o
 .debug_macro   0x00000000       0xdf ./SDK/CMSIS/system_MK64F12.o
 .debug_macro   0x00000000      0xecf ./SDK/CMSIS/system_MK64F12.o
 .debug_macro   0x00000000       0x48 ./SDK/CMSIS/system_MK64F12.o
 .debug_macro   0x00000000     0xe07b ./SDK/CMSIS/system_MK64F12.o
 .debug_macro   0x00000000     0x122b ./SDK/CMSIS/system_MK64F12.o
 .text          0x00000000        0x0 c:/nxp/mcuxpressoide_10.2.0_759/ide/tools/bin/../lib/gcc/arm-none-eabi/7.2.1/../../../../arm-none-eabi/lib/thumb/v7e-m/fpv4-sp/hard\libcr_c.a(memcpy.o)
 .data          0x00000000        0x0 c:/nxp/mcuxpressoide_10.2.0_759/ide/tools/bin/../lib/gcc/arm-none-eabi/7.2.1/../../../../arm-none-eabi/lib/thumb/v7e-m/fpv4-sp/hard\libcr_c.a(memcpy.o)
 .bss           0x00000000        0x0 c:/nxp/mcuxpressoide_10.2.0_759/ide/tools/bin/../lib/gcc/arm-none-eabi/7.2.1/../../../../arm-none-eabi/lib/thumb/v7e-m/fpv4-sp/hard\libcr_c.a(memcpy.o)
 .text.memcpy   0x00000000        0x4 c:/nxp/mcuxpressoide_10.2.0_759/ide/tools/bin/../lib/gcc/arm-none-eabi/7.2.1/../../../../arm-none-eabi/lib/thumb/v7e-m/fpv4-sp/hard\libcr_c.a(memcpy.o)
 .comment       0x00000000       0x7f c:/nxp/mcuxpressoide_10.2.0_759/ide/tools/bin/../lib/gcc/arm-none-eabi/7.2.1/../../../../arm-none-eabi/lib/thumb/v7e-m/fpv4-sp/hard\libcr_c.a(memcpy.o)
 .ARM.attributes
                0x00000000       0x39 c:/nxp/mcuxpressoide_10.2.0_759/ide/tools/bin/../lib/gcc/arm-none-eabi/7.2.1/../../../../arm-none-eabi/lib/thumb/v7e-m/fpv4-sp/hard\libcr_c.a(memcpy.o)
 .text          0x00000000        0x0 c:/nxp/mcuxpressoide_10.2.0_759/ide/tools/bin/../lib/gcc/arm-none-eabi/7.2.1/../../../../arm-none-eabi/lib/thumb/v7e-m/fpv4-sp/hard\libcr_c.a(memcmp.o)
 .data          0x00000000        0x0 c:/nxp/mcuxpressoide_10.2.0_759/ide/tools/bin/../lib/gcc/arm-none-eabi/7.2.1/../../../../arm-none-eabi/lib/thumb/v7e-m/fpv4-sp/hard\libcr_c.a(memcmp.o)
 .bss           0x00000000        0x0 c:/nxp/mcuxpressoide_10.2.0_759/ide/tools/bin/../lib/gcc/arm-none-eabi/7.2.1/../../../../arm-none-eabi/lib/thumb/v7e-m/fpv4-sp/hard\libcr_c.a(memcmp.o)
 .text.memcmp   0x00000000       0x44 c:/nxp/mcuxpressoide_10.2.0_759/ide/tools/bin/../lib/gcc/arm-none-eabi/7.2.1/../../../../arm-none-eabi/lib/thumb/v7e-m/fpv4-sp/hard\libcr_c.a(memcmp.o)
 .comment       0x00000000       0x7f c:/nxp/mcuxpressoide_10.2.0_759/ide/tools/bin/../lib/gcc/arm-none-eabi/7.2.1/../../../../arm-none-eabi/lib/thumb/v7e-m/fpv4-sp/hard\libcr_c.a(memcmp.o)
 .ARM.attributes
                0x00000000       0x39 c:/nxp/mcuxpressoide_10.2.0_759/ide/tools/bin/../lib/gcc/arm-none-eabi/7.2.1/../../../../arm-none-eabi/lib/thumb/v7e-m/fpv4-sp/hard\libcr_c.a(memcmp.o)
 .text          0x00000000        0x0 c:/nxp/mcuxpressoide_10.2.0_759/ide/tools/bin/../lib/gcc/arm-none-eabi/7.2.1/thumb/v7e-m/fpv4-sp/hard\libcr_eabihelpers.a(memcpy.o)
 .data          0x00000000        0x0 c:/nxp/mcuxpressoide_10.2.0_759/ide/tools/bin/../lib/gcc/arm-none-eabi/7.2.1/thumb/v7e-m/fpv4-sp/hard\libcr_eabihelpers.a(memcpy.o)
 .bss           0x00000000        0x0 c:/nxp/mcuxpressoide_10.2.0_759/ide/tools/bin/../lib/gcc/arm-none-eabi/7.2.1/thumb/v7e-m/fpv4-sp/hard\libcr_eabihelpers.a(memcpy.o)
 .text.__aeabi_memcpy
                0x00000000       0x34 c:/nxp/mcuxpressoide_10.2.0_759/ide/tools/bin/../lib/gcc/arm-none-eabi/7.2.1/thumb/v7e-m/fpv4-sp/hard\libcr_eabihelpers.a(memcpy.o)
 .text.__aeabi_memmove
                0x00000000       0x1c c:/nxp/mcuxpressoide_10.2.0_759/ide/tools/bin/../lib/gcc/arm-none-eabi/7.2.1/thumb/v7e-m/fpv4-sp/hard\libcr_eabihelpers.a(memcpy.o)
 .text.__aeabi_memset_lowlevel
                0x00000000       0x32 c:/nxp/mcuxpressoide_10.2.0_759/ide/tools/bin/../lib/gcc/arm-none-eabi/7.2.1/thumb/v7e-m/fpv4-sp/hard\libcr_eabihelpers.a(memcpy.o)
 .text.__aeabi_memclr
                0x00000000        0x8 c:/nxp/mcuxpressoide_10.2.0_759/ide/tools/bin/../lib/gcc/arm-none-eabi/7.2.1/thumb/v7e-m/fpv4-sp/hard\libcr_eabihelpers.a(memcpy.o)
 .text.__aeabi_memset
                0x00000000        0xa c:/nxp/mcuxpressoide_10.2.0_759/ide/tools/bin/../lib/gcc/arm-none-eabi/7.2.1/thumb/v7e-m/fpv4-sp/hard\libcr_eabihelpers.a(memcpy.o)
 .ARM.attributes
                0x00000000       0x25 c:/nxp/mcuxpressoide_10.2.0_759/ide/tools/bin/../lib/gcc/arm-none-eabi/7.2.1/thumb/v7e-m/fpv4-sp/hard\libcr_eabihelpers.a(memcpy.o)

Memory Configuration

Name             Origin             Length             Attributes
PROGRAM_FLASH    0x00000000         0x00100000         xr
SRAM_UPPER       0x20000000         0x00030000         xrw
SRAM_LOWER       0x1fff0000         0x00010000         xrw
FLEX_RAM         0x14000000         0x00001000         xrw
*default*        0x00000000         0xffffffff

Linker script and memory map

LOAD ./source/App.o
LOAD ./source/InternalControl.o
LOAD ./source/SPI.o
LOAD ./source/SysTick.o
LOAD ./source/Users.o
LOAD ./source/gpio.o
LOAD ./source/timer.o
LOAD ./SDK/startup/hardware.o
LOAD ./SDK/startup/main.o
LOAD ./SDK/startup/semihost_hardfault.o
LOAD ./SDK/startup/startup_mk64f12.o
LOAD ./SDK/CMSIS/system_MK64F12.o
START GROUP
LOAD c:/nxp/mcuxpressoide_10.2.0_759/ide/tools/bin/../lib/gcc/arm-none-eabi/7.2.1/../../../../arm-none-eabi/lib/thumb/v7e-m/fpv4-sp/hard\libcr_c.a
LOAD c:/nxp/mcuxpressoide_10.2.0_759/ide/tools/bin/../lib/gcc/arm-none-eabi/7.2.1/thumb/v7e-m/fpv4-sp/hard\libcr_eabihelpers.a
END GROUP
                0x00000000                __base_PROGRAM_FLASH = 0x0
                0x00000000                __base_Flash = 0x0
                0x00100000                __top_PROGRAM_FLASH = 0x100000
                0x00100000                __top_Flash = 0x100000
                0x20000000                __base_SRAM_UPPER = 0x20000000
                0x20000000                __base_RAM = 0x20000000
                0x20030000                __top_SRAM_UPPER = 0x20030000
                0x20030000                __top_RAM = 0x20030000
                0x1fff0000                __base_SRAM_LOWER = 0x1fff0000
                0x1fff0000                __base_RAM2 = 0x1fff0000
                0x20000000                __top_SRAM_LOWER = 0x20000000
                0x20000000                __top_RAM2 = 0x20000000
                0x14000000                __base_FLEX_RAM = 0x14000000
                0x14000000                __base_RAM3 = 0x14000000
                0x14001000                __top_FLEX_RAM = 0x14001000
                0x14001000                __top_RAM3 = 0x14001000

.text           0x00000000     0x10c0
 FILL mask 0xff
                0x00000000                __vectors_start__ = ABSOLUTE (.)
 *(SORT_BY_ALIGNMENT(.isr_vector))
 .isr_vector    0x00000000      0x198 ./SDK/startup/startup_mk64f12.o
                0x00000000                g_pfnVectors
                0x00000000                __Vectors
                0x00000198                . = ALIGN (0x4)
                0x00000198                __section_table_start = .
                0x00000198                __data_section_table = .
                0x00000198        0x4 LONG 0x10c0 LOADADDR (.data)
                0x0000019c        0x4 LONG 0x20000000 ADDR (.data)
                0x000001a0        0x4 LONG 0x48 SIZEOF (.data)
                0x000001a4        0x4 LONG 0x10c0 LOADADDR (.data_RAM2)
                0x000001a8        0x4 LONG 0x1fff0000 ADDR (.data_RAM2)
                0x000001ac        0x4 LONG 0x0 SIZEOF (.data_RAM2)
                0x000001b0        0x4 LONG 0x10c0 LOADADDR (.data_RAM3)
                0x000001b4        0x4 LONG 0x14000000 ADDR (.data_RAM3)
                0x000001b8        0x4 LONG 0x0 SIZEOF (.data_RAM3)
                0x000001bc                __data_section_table_end = .
                0x000001bc                __bss_section_table = .
                0x000001bc        0x4 LONG 0x20000048 ADDR (.bss)
                0x000001c0        0x4 LONG 0x398 SIZEOF (.bss)
                0x000001c4        0x4 LONG 0x1fff0000 ADDR (.bss_RAM2)
                0x000001c8        0x4 LONG 0x0 SIZEOF (.bss_RAM2)
                0x000001cc        0x4 LONG 0x14000000 ADDR (.bss_RAM3)
                0x000001d0        0x4 LONG 0x0 SIZEOF (.bss_RAM3)
                0x000001d4                __bss_section_table_end = .
                0x000001d4                __section_table_end = .
 *(SORT_BY_ALIGNMENT(.after_vectors*))
 .after_vectors.reset
                0x000001d4       0x4c ./SDK/startup/startup_mk64f12.o
                0x000001d4                ResetISR
 .after_vectors.init_data
                0x00000220       0x1e ./SDK/startup/startup_mk64f12.o
                0x00000220                data_init
 .after_vectors.init_bss
                0x0000023e       0x12 ./SDK/startup/startup_mk64f12.o
                0x0000023e                bss_init
 .after_vectors
                0x00000250       0x14 ./SDK/startup/startup_mk64f12.o
                0x00000250                NMI_Handler
                0x00000254                MemManage_Handler
                0x00000256                BusFault_Handler
                0x00000258                UsageFault_Handler
                0x0000025a                SVC_Handler
                0x0000025c                DebugMon_Handler
                0x0000025e                PendSV_Handler
                0x00000262                DMA_Error_DriverIRQHandler
                0x00000262                LPTMR0_DriverIRQHandler
                0x00000262                FTM1_DriverIRQHandler
                0x00000262                FTM2_DriverIRQHandler
                0x00000262                PIT2_DriverIRQHandler
                0x00000262                SDHC_DriverIRQHandler
                0x00000262                I2S0_Tx_DriverIRQHandler
                0x00000262                RTC_Seconds_DriverIRQHandler
                0x00000262                DMA6_DriverIRQHandler
                0x00000262                LLWU_DriverIRQHandler
                0x00000262                MCM_DriverIRQHandler
                0x00000262                MCG_DriverIRQHandler
                0x00000262                ENET_1588_Timer_DriverIRQHandler
                0x00000262                I2C2_DriverIRQHandler
                0x00000262                DAC1_DriverIRQHandler
                0x00000262                SPI1_DriverIRQHandler
                0x00000262                CMP1_DriverIRQHandler
                0x00000262                UART5_RX_TX_DriverIRQHandler
                0x00000262                FTM0_DriverIRQHandler
                0x00000262                IntDefaultHandler
                0x00000262                USB0_DriverIRQHandler
                0x00000262                UART5_ERR_DriverIRQHandler
                0x00000262                PORTC_DriverIRQHandler
                0x00000262                DMA11_DriverIRQHandler
                0x00000262                DAC0_DriverIRQHandler
                0x00000262                DMA10_DriverIRQHandler
                0x00000262                CMP2_DriverIRQHandler
                0x00000262                UART2_ERR_DriverIRQHandler
                0x00000262                SPI2_DriverIRQHandler
                0x00000262                LVD_LVW_DriverIRQHandler
                0x00000262                PIT0_DriverIRQHandler
                0x00000262                RNG_DriverIRQHandler
                0x00000262                DMA5_DriverIRQHandler
                0x00000262                DMA12_DriverIRQHandler
                0x00000262                UART2_RX_TX_DriverIRQHandler
                0x00000262                USBDCD_DriverIRQHandler
                0x00000262                UART3_ERR_DriverIRQHandler
                0x00000262                DMA3_DriverIRQHandler
                0x00000262                DMA8_DriverIRQHandler
                0x00000262                DMA9_DriverIRQHandler
                0x00000262                UART0_ERR_DriverIRQHandler
                0x00000262                CMT_DriverIRQHandler
                0x00000262                Reserved71_DriverIRQHandler
                0x00000262                ADC1_DriverIRQHandler
                0x00000262                PORTA_DriverIRQHandler
                0x00000262                DMA14_DriverIRQHandler
                0x00000262                PIT3_DriverIRQHandler
                0x00000262                PIT1_DriverIRQHandler
                0x00000262                WDOG_EWM_DriverIRQHandler
                0x00000262                PDB0_DriverIRQHandler
                0x00000262                RTC_DriverIRQHandler
                0x00000262                I2S0_Rx_DriverIRQHandler
                0x00000262                Read_Collision_DriverIRQHandler
                0x00000262                SWI_DriverIRQHandler
                0x00000262                UART4_RX_TX_DriverIRQHandler
                0x00000262                UART4_ERR_DriverIRQHandler
                0x00000262                PORTB_DriverIRQHandler
                0x00000262                UART0_LON_DriverIRQHandler
                0x00000262                DMA0_DriverIRQHandler
                0x00000262                DMA1_DriverIRQHandler
                0x00000262                I2C1_DriverIRQHandler
                0x00000262                UART3_RX_TX_DriverIRQHandler
                0x00000262                ENET_Receive_DriverIRQHandler
                0x00000262                DMA13_DriverIRQHandler
                0x00000262                ENET_Error_DriverIRQHandler
                0x00000262                DMA15_DriverIRQHandler
                0x00000262                UART0_RX_TX_DriverIRQHandler
                0x00000262                SPI0_DriverIRQHandler
                0x00000262                ADC0_DriverIRQHandler
                0x00000262                CMP0_DriverIRQHandler
                0x00000262                CAN0_DriverIRQHandler
                0x00000262                FTM3_DriverIRQHandler
                0x00000262                DMA4_DriverIRQHandler
                0x00000262                UART1_ERR_DriverIRQHandler
                0x00000262                DMA2_DriverIRQHandler
                0x00000262                ENET_Transmit_DriverIRQHandler
                0x00000262                PORTD_DriverIRQHandler
                0x00000262                PORTE_DriverIRQHandler
                0x00000262                FTFE_DriverIRQHandler
                0x00000262                I2C0_DriverIRQHandler
                0x00000262                DMA7_DriverIRQHandler
                0x00000262                UART1_RX_TX_DriverIRQHandler
                0x00000400                . = 0x400
 *fill*         0x00000264      0x19c ff
                0x00000400                PROVIDE (__FLASH_CONFIG_START__, .)
 *(SORT_BY_ALIGNMENT(.FlashConfig))
 .FlashConfig   0x00000400       0x10 ./SDK/startup/startup_mk64f12.o
                0x00000400                Flash_Config
                0x00000410                PROVIDE (__FLASH_CONFIG_END__, .)
                0x00000001                ASSERT (! ((__FLASH_CONFIG_START__ == __FLASH_CONFIG_END__)), Linker Flash Config Support Enabled, but no .FlashConfig section provided within application)
 *(SORT_BY_ALIGNMENT(.text*))
 .text.internarHandler
                0x00000410       0x2c ./source/App.o
                0x00000410                internarHandler
 .text.App_Init
                0x0000043c       0x18 ./source/App.o
                0x0000043c                App_Init
 .text.__NVIC_EnableIRQ
                0x00000454       0x3c ./source/InternalControl.o
 .text.internalControlInit
                0x00000490       0x94 ./source/InternalControl.o
                0x00000490                internalControlInit
 .text.isr_swOK
                0x00000524       0x18 ./source/InternalControl.o
                0x00000524                isr_swOK
 .text.isr_swCANCEL
                0x0000053c       0x18 ./source/InternalControl.o
                0x0000053c                isr_swCANCEL
 .text.PortGetOK_Status
                0x00000554       0x18 ./source/InternalControl.o
                0x00000554                PortGetOK_Status
 .text.PortClearOK_Status
                0x0000056c       0x18 ./source/InternalControl.o
                0x0000056c                PortClearOK_Status
 .text.PortGetCANCEL_Status
                0x00000584       0x18 ./source/InternalControl.o
                0x00000584                PortGetCANCEL_Status
 .text.PortClearCANCEL_Status
                0x0000059c       0x18 ./source/InternalControl.o
                0x0000059c                PortClearCANCEL_Status
 .text.readSwitchInterface
                0x000005b4       0x48 ./source/InternalControl.o
                0x000005b4                readSwitchInterface
 .text.internalControlGetEvent
                0x000005fc       0x38 ./source/InternalControl.o
                0x000005fc                internalControlGetEvent
 .text.SysTick_Handler
                0x00000634       0x24 ./source/SysTick.o
                0x00000634                SysTick_Handler
 .text.PORTD_IRQHandler
                0x00000658       0x64 ./source/gpio.o
                0x00000658                PORTD_IRQHandler
 .text.PORTA_IRQHandler
                0x000006bc       0x5c ./source/gpio.o
                0x000006bc                PORTA_IRQHandler
 .text.PORTB_IRQHandler
                0x00000718       0x64 ./source/gpio.o
                0x00000718                PORTB_IRQHandler
 .text.PORTE_IRQHandler
                0x0000077c       0x64 ./source/gpio.o
                0x0000077c                PORTE_IRQHandler
 .text.PORTC_IRQHandler
                0x000007e0       0x64 ./source/gpio.o
                0x000007e0                PORTC_IRQHandler
 .text.gpioMode
                0x00000844      0x174 ./source/gpio.o
                0x00000844                gpioMode
 .text.gpioWrite
                0x000009b8       0x6c ./source/gpio.o
                0x000009b8                gpioWrite
 .text.gpioIRQ  0x00000a24       0x94 ./source/gpio.o
                0x00000a24                gpioIRQ
 .text.PORT_ClearInterruptFlag
                0x00000ab8       0x48 ./source/gpio.o
                0x00000ab8                PORT_ClearInterruptFlag
 .text.timerGetId
                0x00000b00       0x2c ./source/timer.o
                0x00000b00                timerGetId
 .text.timerStart
                0x00000b2c       0xa4 ./source/timer.o
                0x00000b2c                timerStart
 .text.hw_Init  0x00000bd0      0x10c ./SDK/startup/hardware.o
                0x00000bd0                hw_Init
 .text.hw_EnableInterrupts
                0x00000cdc       0x30 ./SDK/startup/hardware.o
                0x00000cdc                hw_EnableInterrupts
 .text.hw_DisableInterrupts
                0x00000d0c       0x20 ./SDK/startup/hardware.o
                0x00000d0c                hw_DisableInterrupts
 .text.SystemInit
                0x00000d2c       0x3c ./SDK/CMSIS/system_MK64F12.o
                0x00000d2c                SystemInit
 .text.App_Run  0x00000d68        0xe ./source/App.o
                0x00000d68                App_Run
 .text.RGBIndicator
                0x00000d76       0x6e ./source/InternalControl.o
                0x00000d76                RGBIndicator
 .text.main     0x00000de4       0x1a ./SDK/startup/main.o
                0x00000de4                main
 .text.HardFault_Handler
                0x00000dfe       0x2c ./SDK/startup/semihost_hardfault.o
                0x00000dfe                HardFault_Handler
 .text.DMA0_IRQHandler
                0x00000e2a        0x8 ./SDK/startup/startup_mk64f12.o
                0x00000e2a                DMA0_IRQHandler
 .text.DMA1_IRQHandler
                0x00000e32        0x8 ./SDK/startup/startup_mk64f12.o
                0x00000e32                DMA1_IRQHandler
 .text.DMA2_IRQHandler
                0x00000e3a        0x8 ./SDK/startup/startup_mk64f12.o
                0x00000e3a                DMA2_IRQHandler
 .text.DMA3_IRQHandler
                0x00000e42        0x8 ./SDK/startup/startup_mk64f12.o
                0x00000e42                DMA3_IRQHandler
 .text.DMA4_IRQHandler
                0x00000e4a        0x8 ./SDK/startup/startup_mk64f12.o
                0x00000e4a                DMA4_IRQHandler
 .text.DMA5_IRQHandler
                0x00000e52        0x8 ./SDK/startup/startup_mk64f12.o
                0x00000e52                DMA5_IRQHandler
 .text.DMA6_IRQHandler
                0x00000e5a        0x8 ./SDK/startup/startup_mk64f12.o
                0x00000e5a                DMA6_IRQHandler
 .text.DMA7_IRQHandler
                0x00000e62        0x8 ./SDK/startup/startup_mk64f12.o
                0x00000e62                DMA7_IRQHandler
 .text.DMA8_IRQHandler
                0x00000e6a        0x8 ./SDK/startup/startup_mk64f12.o
                0x00000e6a                DMA8_IRQHandler
 .text.DMA9_IRQHandler
                0x00000e72        0x8 ./SDK/startup/startup_mk64f12.o
                0x00000e72                DMA9_IRQHandler
 .text.DMA10_IRQHandler
                0x00000e7a        0x8 ./SDK/startup/startup_mk64f12.o
                0x00000e7a                DMA10_IRQHandler
 .text.DMA11_IRQHandler
                0x00000e82        0x8 ./SDK/startup/startup_mk64f12.o
                0x00000e82                DMA11_IRQHandler
 .text.DMA12_IRQHandler
                0x00000e8a        0x8 ./SDK/startup/startup_mk64f12.o
                0x00000e8a                DMA12_IRQHandler
 .text.DMA13_IRQHandler
                0x00000e92        0x8 ./SDK/startup/startup_mk64f12.o
                0x00000e92                DMA13_IRQHandler
 .text.DMA14_IRQHandler
                0x00000e9a        0x8 ./SDK/startup/startup_mk64f12.o
                0x00000e9a                DMA14_IRQHandler
 .text.DMA15_IRQHandler
                0x00000ea2        0x8 ./SDK/startup/startup_mk64f12.o
                0x00000ea2                DMA15_IRQHandler
 .text.DMA_Error_IRQHandler
                0x00000eaa        0x8 ./SDK/startup/startup_mk64f12.o
                0x00000eaa                DMA_Error_IRQHandler
 .text.MCM_IRQHandler
                0x00000eb2        0x8 ./SDK/startup/startup_mk64f12.o
                0x00000eb2                MCM_IRQHandler
 .text.FTFE_IRQHandler
                0x00000eba        0x8 ./SDK/startup/startup_mk64f12.o
                0x00000eba                FTFE_IRQHandler
 .text.Read_Collision_IRQHandler
                0x00000ec2        0x8 ./SDK/startup/startup_mk64f12.o
                0x00000ec2                Read_Collision_IRQHandler
 .text.LVD_LVW_IRQHandler
                0x00000eca        0x8 ./SDK/startup/startup_mk64f12.o
                0x00000eca                LVD_LVW_IRQHandler
 .text.LLWU_IRQHandler
                0x00000ed2        0x8 ./SDK/startup/startup_mk64f12.o
                0x00000ed2                LLWU_IRQHandler
 .text.WDOG_EWM_IRQHandler
                0x00000eda        0x8 ./SDK/startup/startup_mk64f12.o
                0x00000eda                WDOG_EWM_IRQHandler
 .text.RNG_IRQHandler
                0x00000ee2        0x8 ./SDK/startup/startup_mk64f12.o
                0x00000ee2                RNG_IRQHandler
 .text.I2C0_IRQHandler
                0x00000eea        0x8 ./SDK/startup/startup_mk64f12.o
                0x00000eea                I2C0_IRQHandler
 .text.I2C1_IRQHandler
                0x00000ef2        0x8 ./SDK/startup/startup_mk64f12.o
                0x00000ef2                I2C1_IRQHandler
 .text.SPI0_IRQHandler
                0x00000efa        0x8 ./SDK/startup/startup_mk64f12.o
                0x00000efa                SPI0_IRQHandler
 .text.SPI1_IRQHandler
                0x00000f02        0x8 ./SDK/startup/startup_mk64f12.o
                0x00000f02                SPI1_IRQHandler
 .text.I2S0_Tx_IRQHandler
                0x00000f0a        0x8 ./SDK/startup/startup_mk64f12.o
                0x00000f0a                I2S0_Tx_IRQHandler
 .text.I2S0_Rx_IRQHandler
                0x00000f12        0x8 ./SDK/startup/startup_mk64f12.o
                0x00000f12                I2S0_Rx_IRQHandler
 .text.UART0_LON_IRQHandler
                0x00000f1a        0x8 ./SDK/startup/startup_mk64f12.o
                0x00000f1a                UART0_LON_IRQHandler
 .text.UART0_RX_TX_IRQHandler
                0x00000f22        0x8 ./SDK/startup/startup_mk64f12.o
                0x00000f22                UART0_RX_TX_IRQHandler
 .text.UART0_ERR_IRQHandler
                0x00000f2a        0x8 ./SDK/startup/startup_mk64f12.o
                0x00000f2a                UART0_ERR_IRQHandler
 .text.UART1_RX_TX_IRQHandler
                0x00000f32        0x8 ./SDK/startup/startup_mk64f12.o
                0x00000f32                UART1_RX_TX_IRQHandler
 .text.UART1_ERR_IRQHandler
                0x00000f3a        0x8 ./SDK/startup/startup_mk64f12.o
                0x00000f3a                UART1_ERR_IRQHandler
 .text.UART2_RX_TX_IRQHandler
                0x00000f42        0x8 ./SDK/startup/startup_mk64f12.o
                0x00000f42                UART2_RX_TX_IRQHandler
 .text.UART2_ERR_IRQHandler
                0x00000f4a        0x8 ./SDK/startup/startup_mk64f12.o
                0x00000f4a                UART2_ERR_IRQHandler
 .text.UART3_RX_TX_IRQHandler
                0x00000f52        0x8 ./SDK/startup/startup_mk64f12.o
                0x00000f52                UART3_RX_TX_IRQHandler
 .text.UART3_ERR_IRQHandler
                0x00000f5a        0x8 ./SDK/startup/startup_mk64f12.o
                0x00000f5a                UART3_ERR_IRQHandler
 .text.ADC0_IRQHandler
                0x00000f62        0x8 ./SDK/startup/startup_mk64f12.o
                0x00000f62                ADC0_IRQHandler
 .text.CMP0_IRQHandler
                0x00000f6a        0x8 ./SDK/startup/startup_mk64f12.o
                0x00000f6a                CMP0_IRQHandler
 .text.CMP1_IRQHandler
                0x00000f72        0x8 ./SDK/startup/startup_mk64f12.o
                0x00000f72                CMP1_IRQHandler
 .text.FTM0_IRQHandler
                0x00000f7a        0x8 ./SDK/startup/startup_mk64f12.o
                0x00000f7a                FTM0_IRQHandler
 .text.FTM1_IRQHandler
                0x00000f82        0x8 ./SDK/startup/startup_mk64f12.o
                0x00000f82                FTM1_IRQHandler
 .text.FTM2_IRQHandler
                0x00000f8a        0x8 ./SDK/startup/startup_mk64f12.o
                0x00000f8a                FTM2_IRQHandler
 .text.CMT_IRQHandler
                0x00000f92        0x8 ./SDK/startup/startup_mk64f12.o
                0x00000f92                CMT_IRQHandler
 .text.RTC_IRQHandler
                0x00000f9a        0x8 ./SDK/startup/startup_mk64f12.o
                0x00000f9a                RTC_IRQHandler
 .text.RTC_Seconds_IRQHandler
                0x00000fa2        0x8 ./SDK/startup/startup_mk64f12.o
                0x00000fa2                RTC_Seconds_IRQHandler
 .text.PIT0_IRQHandler
                0x00000faa        0x8 ./SDK/startup/startup_mk64f12.o
                0x00000faa                PIT0_IRQHandler
 .text.PIT1_IRQHandler
                0x00000fb2        0x8 ./SDK/startup/startup_mk64f12.o
                0x00000fb2                PIT1_IRQHandler
 .text.PIT2_IRQHandler
                0x00000fba        0x8 ./SDK/startup/startup_mk64f12.o
                0x00000fba                PIT2_IRQHandler
 .text.PIT3_IRQHandler
                0x00000fc2        0x8 ./SDK/startup/startup_mk64f12.o
                0x00000fc2                PIT3_IRQHandler
 .text.PDB0_IRQHandler
                0x00000fca        0x8 ./SDK/startup/startup_mk64f12.o
                0x00000fca                PDB0_IRQHandler
 .text.USB0_IRQHandler
                0x00000fd2        0x8 ./SDK/startup/startup_mk64f12.o
                0x00000fd2                USB0_IRQHandler
 .text.USBDCD_IRQHandler
                0x00000fda        0x8 ./SDK/startup/startup_mk64f12.o
                0x00000fda                USBDCD_IRQHandler
 .text.Reserved71_IRQHandler
                0x00000fe2        0x8 ./SDK/startup/startup_mk64f12.o
                0x00000fe2                Reserved71_IRQHandler
 .text.DAC0_IRQHandler
                0x00000fea        0x8 ./SDK/startup/startup_mk64f12.o
                0x00000fea                DAC0_IRQHandler
 .text.MCG_IRQHandler
                0x00000ff2        0x8 ./SDK/startup/startup_mk64f12.o
                0x00000ff2                MCG_IRQHandler
 .text.LPTMR0_IRQHandler
                0x00000ffa        0x8 ./SDK/startup/startup_mk64f12.o
                0x00000ffa                LPTMR0_IRQHandler
 .text.SWI_IRQHandler
                0x00001002        0x8 ./SDK/startup/startup_mk64f12.o
                0x00001002                SWI_IRQHandler
 .text.SPI2_IRQHandler
                0x0000100a        0x8 ./SDK/startup/startup_mk64f12.o
                0x0000100a                SPI2_IRQHandler
 .text.UART4_RX_TX_IRQHandler
                0x00001012        0x8 ./SDK/startup/startup_mk64f12.o
                0x00001012                UART4_RX_TX_IRQHandler
 .text.UART4_ERR_IRQHandler
                0x0000101a        0x8 ./SDK/startup/startup_mk64f12.o
                0x0000101a                UART4_ERR_IRQHandler
 .text.UART5_RX_TX_IRQHandler
                0x00001022        0x8 ./SDK/startup/startup_mk64f12.o
                0x00001022                UART5_RX_TX_IRQHandler
 .text.UART5_ERR_IRQHandler
                0x0000102a        0x8 ./SDK/startup/startup_mk64f12.o
                0x0000102a                UART5_ERR_IRQHandler
 .text.CMP2_IRQHandler
                0x00001032        0x8 ./SDK/startup/startup_mk64f12.o
                0x00001032                CMP2_IRQHandler
 .text.FTM3_IRQHandler
                0x0000103a        0x8 ./SDK/startup/startup_mk64f12.o
                0x0000103a                FTM3_IRQHandler
 .text.DAC1_IRQHandler
                0x00001042        0x8 ./SDK/startup/startup_mk64f12.o
                0x00001042                DAC1_IRQHandler
 .text.ADC1_IRQHandler
                0x0000104a        0x8 ./SDK/startup/startup_mk64f12.o
                0x0000104a                ADC1_IRQHandler
 .text.I2C2_IRQHandler
                0x00001052        0x8 ./SDK/startup/startup_mk64f12.o
                0x00001052                I2C2_IRQHandler
 .text.CAN0_ORed_Message_buffer_IRQHandler
                0x0000105a        0x8 ./SDK/startup/startup_mk64f12.o
                0x0000105a                CAN0_ORed_Message_buffer_IRQHandler
 .text.CAN0_Bus_Off_IRQHandler
                0x00001062        0x8 ./SDK/startup/startup_mk64f12.o
                0x00001062                CAN0_Bus_Off_IRQHandler
 .text.CAN0_Error_IRQHandler
                0x0000106a        0x8 ./SDK/startup/startup_mk64f12.o
                0x0000106a                CAN0_Error_IRQHandler
 .text.CAN0_Tx_Warning_IRQHandler
                0x00001072        0x8 ./SDK/startup/startup_mk64f12.o
                0x00001072                CAN0_Tx_Warning_IRQHandler
 .text.CAN0_Rx_Warning_IRQHandler
                0x0000107a        0x8 ./SDK/startup/startup_mk64f12.o
                0x0000107a                CAN0_Rx_Warning_IRQHandler
 .text.CAN0_Wake_Up_IRQHandler
                0x00001082        0x8 ./SDK/startup/startup_mk64f12.o
                0x00001082                CAN0_Wake_Up_IRQHandler
 .text.SDHC_IRQHandler
                0x0000108a        0x8 ./SDK/startup/startup_mk64f12.o
                0x0000108a                SDHC_IRQHandler
 .text.ENET_1588_Timer_IRQHandler
                0x00001092        0x8 ./SDK/startup/startup_mk64f12.o
                0x00001092                ENET_1588_Timer_IRQHandler
 .text.ENET_Transmit_IRQHandler
                0x0000109a        0x8 ./SDK/startup/startup_mk64f12.o
                0x0000109a                ENET_Transmit_IRQHandler
 .text.ENET_Receive_IRQHandler
                0x000010a2        0x8 ./SDK/startup/startup_mk64f12.o
                0x000010a2                ENET_Receive_IRQHandler
 .text.ENET_Error_IRQHandler
                0x000010aa        0x8 ./SDK/startup/startup_mk64f12.o
                0x000010aa                ENET_Error_IRQHandler
 .text.SystemInitHook
                0x000010b2        0xe ./SDK/CMSIS/system_MK64F12.o
                0x000010b2                SystemInitHook
 *(SORT_BY_ALIGNMENT(.rodata) SORT_BY_ALIGNMENT(.rodata.*) SORT_BY_ALIGNMENT(.constdata) SORT_BY_ALIGNMENT(.constdata.*))
                0x000010c0                . = ALIGN (0x8)

.glue_7         0x000010c0        0x0
 .glue_7        0x000010c0        0x0 linker stubs

.glue_7t        0x000010c0        0x0
 .glue_7t       0x000010c0        0x0 linker stubs

.vfp11_veneer   0x000010c0        0x0
 .vfp11_veneer  0x000010c0        0x0 linker stubs

.v4_bx          0x000010c0        0x0
 .v4_bx         0x000010c0        0x0 linker stubs

.iplt           0x000010c0        0x0
 .iplt          0x000010c0        0x0 ./source/App.o

.rel.dyn        0x000010c0        0x0
 .rel.iplt      0x000010c0        0x0 ./source/App.o

.ARM.extab
 *(SORT_BY_ALIGNMENT(.ARM.extab*) SORT_BY_ALIGNMENT(.gnu.linkonce.armextab.*))
                0x000010c0                __exidx_start = .

.ARM.exidx
 *(SORT_BY_ALIGNMENT(.ARM.exidx*) SORT_BY_ALIGNMENT(.gnu.linkonce.armexidx.*))
                0x000010c0                __exidx_end = .
                0x000010c0                _etext = .

.m_usb_data
 *(SORT_BY_ALIGNMENT(m_usb_bdt))

.data_RAM2      0x1fff0000        0x0 load address 0x000010c0
 FILL mask 0xff
                [!provide]                PROVIDE (__start_data_RAM2, .)
 *(SORT_BY_ALIGNMENT(.ramfunc.$RAM2))
 *(SORT_BY_ALIGNMENT(.ramfunc.$SRAM_LOWER))
 *(SORT_BY_ALIGNMENT(.data.$RAM2*))
 *(SORT_BY_ALIGNMENT(.data.$SRAM_LOWER*))
                0x1fff0000                . = ALIGN (0x8)
                [!provide]                PROVIDE (__end_data_RAM2, .)

.data_RAM3      0x14000000        0x0 load address 0x000010c0
 FILL mask 0xff
                [!provide]                PROVIDE (__start_data_RAM3, .)
 *(SORT_BY_ALIGNMENT(.ramfunc.$RAM3))
 *(SORT_BY_ALIGNMENT(.ramfunc.$FLEX_RAM))
 *(SORT_BY_ALIGNMENT(.data.$RAM3*))
 *(SORT_BY_ALIGNMENT(.data.$FLEX_RAM*))
                0x14000000                . = ALIGN (0x8)
                [!provide]                PROVIDE (__end_data_RAM3, .)

.uninit_RESERVED
                0x20000000        0x0
 *(SORT_BY_ALIGNMENT(.bss.$RESERVED*))
                0x20000000                . = ALIGN (0x4)
                0x20000000                _end_uninit_RESERVED = .

.data           0x20000000       0x48 load address 0x000010c0
 FILL mask 0xff
                0x20000000                _data = .
 *(SORT_BY_ALIGNMENT(vtable))
 *(SORT_BY_ALIGNMENT(.ramfunc*))
 *(SORT_BY_ALIGNMENT(.data*))
 .data.gpioPtrs
                0x20000000       0x14 ./source/gpio.o
 .data.portPtrs
                0x20000014       0x14 ./source/gpio.o
 .data.simMasks
                0x20000028       0x14 ./source/gpio.o
 .data.sim_ptr  0x2000003c        0x4 ./source/gpio.o
 .data.timers_cant
                0x20000040        0x1 ./source/timer.o
                0x20000048                . = ALIGN (0x8)
 *fill*         0x20000041        0x7 ff
                0x20000048                _edata = .

.igot.plt       0x20000048        0x0 load address 0x00001108
 .igot.plt      0x20000048        0x0 ./source/App.o

.bss_RAM2       0x1fff0000        0x0
                [!provide]                PROVIDE (__start_bss_RAM2, .)
 *(SORT_BY_ALIGNMENT(.bss.$RAM2*))
 *(SORT_BY_ALIGNMENT(.bss.$SRAM_LOWER*))
                0x1fff0000                . = ALIGN ((. != 0x0)?0x8:0x1)
                [!provide]                PROVIDE (__end_bss_RAM2, .)

.bss_RAM3       0x14000000        0x0
                [!provide]                PROVIDE (__start_bss_RAM3, .)
 *(SORT_BY_ALIGNMENT(.bss.$RAM3*))
 *(SORT_BY_ALIGNMENT(.bss.$FLEX_RAM*))
                0x14000000                . = ALIGN ((. != 0x0)?0x8:0x1)
                [!provide]                PROVIDE (__end_bss_RAM3, .)

.bss            0x20000048      0x398
                0x20000048                _bss = .
 *(SORT_BY_ALIGNMENT(.bss*))
 .bss.fsm       0x20000048        0x4 ./source/App.o
 .bss.internal_sw_event
                0x2000004c        0x4 ./source/InternalControl.o
 .bss.callback  0x20000050        0x4 ./source/InternalControl.o
 .bss.callbackTick
                0x20000054        0x4 ./source/SysTick.o
 .bss.isr_Matrix
                0x20000058      0x280 ./source/gpio.o
 .bss.timers    0x200002d8      0x100 ./source/timer.o
 .bss.__LDM_interruptDisableCount
                0x200003d8        0x4 ./SDK/startup/hardware.o
 .bss.OK_sw     0x200003dc        0x1 ./source/InternalControl.o
 .bss.CANCEL_sw
                0x200003dd        0x1 ./source/InternalControl.o
 .bss.timerSw   0x200003de        0x1 ./source/InternalControl.o
 *(SORT_BY_ALIGNMENT(COMMON))
                0x200003e0                . = ALIGN (0x8)
 *fill*         0x200003df        0x1 
                0x200003e0                _ebss = .
                [!provide]                PROVIDE (end, .)

.noinit_RAM2    0x1fff0000        0x0
 *(SORT_BY_ALIGNMENT(.noinit.$RAM2*))
 *(SORT_BY_ALIGNMENT(.noinit.$SRAM_LOWER*))
                0x1fff0000                . = ALIGN (0x8)

.noinit_RAM3    0x14000000        0x0
 *(SORT_BY_ALIGNMENT(.noinit.$RAM3*))
 *(SORT_BY_ALIGNMENT(.noinit.$FLEX_RAM*))
                0x14000000                . = ALIGN (0x8)

.noinit         0x200003e0        0x0
                0x200003e0                _noinit = .
 *(SORT_BY_ALIGNMENT(.noinit*))
                0x200003e0                . = ALIGN (0x8)
                0x200003e0                _end_noinit = .
                0x00001000                _HeapSize = 0x1000

.heap           0x200003e0     0x1000
                0x200003e0                _pvHeapStart = .
                0x200013e0                . = (. + _HeapSize)
 *fill*         0x200003e0     0x1000 
                0x200013e0                . = ALIGN (0x8)
                0x200013e0                _pvHeapLimit = .
                0x00001000                _StackSize = 0x1000

.heap2stackfill
                0x200013e0     0x1000
                0x200023e0                . = (. + _StackSize)
 *fill*         0x200013e0     0x1000 

.stack          0x2002f000        0x0
                0x2002f000                _vStackBase = .
                0x2002f000                . = ALIGN (0x8)
                0x20030000                _vStackTop = (. + _StackSize)
                0x00000000                _image_start = LOADADDR (.text)
                0x00001108                _image_end = (LOADADDR (.data) + SIZEOF (.data))
                0x00001108                _image_size = (_image_end - _image_start)
OUTPUT(Blink.axf elf32-littlearm)

.debug_info     0x00000000     0x453a
 .debug_info    0x00000000      0x99b ./source/App.o
 .debug_info    0x0000099b      0xe72 ./source/InternalControl.o
 .debug_info    0x0000180d      0x526 ./source/SysTick.o
 .debug_info    0x00001d33      0x706 ./source/gpio.o
 .debug_info    0x00002439      0xaee ./source/timer.o
 .debug_info    0x00002f27      0x675 ./SDK/startup/hardware.o
 .debug_info    0x0000359c       0xb7 ./SDK/startup/main.o
 .debug_info    0x00003653       0x3b ./SDK/startup/semihost_hardfault.o
 .debug_info    0x0000368e      0x8b0 ./SDK/startup/startup_mk64f12.o
 .debug_info    0x00003f3e      0x5fc ./SDK/CMSIS/system_MK64F12.o

.debug_abbrev   0x00000000      0xf17
 .debug_abbrev  0x00000000      0x1fa ./source/App.o
 .debug_abbrev  0x000001fa      0x2b0 ./source/InternalControl.o
 .debug_abbrev  0x000004aa      0x1a0 ./source/SysTick.o
 .debug_abbrev  0x0000064a      0x1a7 ./source/gpio.o
 .debug_abbrev  0x000007f1      0x2a7 ./source/timer.o
 .debug_abbrev  0x00000a98      0x138 ./SDK/startup/hardware.o
 .debug_abbrev  0x00000bd0       0x7d ./SDK/startup/main.o
 .debug_abbrev  0x00000c4d       0x2f ./SDK/startup/semihost_hardfault.o
 .debug_abbrev  0x00000c7c      0x15c ./SDK/startup/startup_mk64f12.o
 .debug_abbrev  0x00000dd8      0x13f ./SDK/CMSIS/system_MK64F12.o

.debug_aranges  0x00000000      0x560
 .debug_aranges
                0x00000000       0x30 ./source/App.o
 .debug_aranges
                0x00000030       0x70 ./source/InternalControl.o
 .debug_aranges
                0x000000a0       0x30 ./source/SysTick.o
 .debug_aranges
                0x000000d0       0x70 ./source/gpio.o
 .debug_aranges
                0x00000140       0x50 ./source/timer.o
 .debug_aranges
                0x00000190       0x30 ./SDK/startup/hardware.o
 .debug_aranges
                0x000001c0       0x20 ./SDK/startup/main.o
 .debug_aranges
                0x000001e0       0x20 ./SDK/startup/semihost_hardfault.o
 .debug_aranges
                0x00000200      0x330 ./SDK/startup/startup_mk64f12.o
 .debug_aranges
                0x00000530       0x30 ./SDK/CMSIS/system_MK64F12.o

.debug_ranges   0x00000000      0x4c0
 .debug_ranges  0x00000000       0x20 ./source/App.o
 .debug_ranges  0x00000020       0x60 ./source/InternalControl.o
 .debug_ranges  0x00000080       0x20 ./source/SysTick.o
 .debug_ranges  0x000000a0       0x60 ./source/gpio.o
 .debug_ranges  0x00000100       0x40 ./source/timer.o
 .debug_ranges  0x00000140       0x20 ./SDK/startup/hardware.o
 .debug_ranges  0x00000160       0x10 ./SDK/startup/main.o
 .debug_ranges  0x00000170       0x10 ./SDK/startup/semihost_hardfault.o
 .debug_ranges  0x00000180      0x320 ./SDK/startup/startup_mk64f12.o
 .debug_ranges  0x000004a0       0x20 ./SDK/CMSIS/system_MK64F12.o

.debug_macro    0x00000000    0x124ae
 .debug_macro   0x00000000      0x16f ./source/App.o
 .debug_macro   0x0000016f      0xa5a ./source/App.o
 .debug_macro   0x00000bc9      0x34e ./source/App.o
 .debug_macro   0x00000f17       0x22 ./source/App.o
 .debug_macro   0x00000f39       0x17 ./source/App.o
 .debug_macro   0x00000f50       0x22 ./source/App.o
 .debug_macro   0x00000f72       0x52 ./source/App.o
 .debug_macro   0x00000fc4       0x8d ./source/App.o
 .debug_macro   0x00001051       0x35 ./source/App.o
 .debug_macro   0x00001086       0x9c ./source/App.o
 .debug_macro   0x00001122       0x16 ./source/App.o
 .debug_macro   0x00001138      0x10e ./source/App.o
 .debug_macro   0x00001246       0x8d ./source/App.o
 .debug_macro   0x000012d3       0x57 ./source/App.o
 .debug_macro   0x0000132a       0x58 ./source/App.o
 .debug_macro   0x00001382       0x1f ./source/App.o
 .debug_macro   0x000013a1       0x43 ./source/App.o
 .debug_macro   0x000013e4       0x20 ./source/App.o
 .debug_macro   0x00001404      0x18e ./source/App.o
 .debug_macro   0x00001592      0x330 ./source/App.o
 .debug_macro   0x000018c2       0x16 ./source/App.o
 .debug_macro   0x000018d8       0x29 ./source/App.o
 .debug_macro   0x00001901       0x1c ./source/App.o
 .debug_macro   0x0000191d       0x1c ./source/App.o
 .debug_macro   0x00001939       0x28 ./source/App.o
 .debug_macro   0x00001961      0x1b7 ./source/InternalControl.o
 .debug_macro   0x00001b18       0x16 ./source/InternalControl.o
 .debug_macro   0x00001b2e       0x10 ./source/InternalControl.o
 .debug_macro   0x00001b3e       0x5c ./source/InternalControl.o
 .debug_macro   0x00001b9a       0x1c ./source/InternalControl.o
 .debug_macro   0x00001bb6       0x22 ./source/InternalControl.o
 .debug_macro   0x00001bd8       0xd9 ./source/InternalControl.o
 .debug_macro   0x00001cb1      0xecf ./source/InternalControl.o
 .debug_macro   0x00002b80       0x48 ./source/InternalControl.o
 .debug_macro   0x00002bc8     0xe07b ./source/InternalControl.o
 .debug_macro   0x00010c43     0x122b ./source/InternalControl.o
 .debug_macro   0x00011e6e       0x16 ./source/InternalControl.o
 .debug_macro   0x00011e84       0x46 ./source/InternalControl.o
 .debug_macro   0x00011eca       0xa6 ./source/InternalControl.o
 .debug_macro   0x00011f70       0x22 ./source/InternalControl.o
 .debug_macro   0x00011f92       0xac ./source/SysTick.o
 .debug_macro   0x0001203e       0xab ./source/gpio.o
 .debug_macro   0x000120e9      0x1c3 ./source/timer.o
 .debug_macro   0x000122ac       0x10 ./source/timer.o
 .debug_macro   0x000122bc       0x9c ./SDK/startup/hardware.o
 .debug_macro   0x00012358       0x9c ./SDK/startup/main.o
 .debug_macro   0x000123f4       0x11 ./SDK/startup/semihost_hardfault.o
 .debug_macro   0x00012405       0x29 ./SDK/startup/startup_mk64f12.o
 .debug_macro   0x0001242e       0x80 ./SDK/CMSIS/system_MK64F12.o

.debug_line     0x00000000     0x1b65
 .debug_line    0x00000000      0x2ae ./source/App.o
 .debug_line    0x000002ae      0x444 ./source/InternalControl.o
 .debug_line    0x000006f2      0x1b6 ./source/SysTick.o
 .debug_line    0x000008a8      0x299 ./source/gpio.o
 .debug_line    0x00000b41      0x3e3 ./source/timer.o
 .debug_line    0x00000f24      0x1d4 ./SDK/startup/hardware.o
 .debug_line    0x000010f8      0x175 ./SDK/startup/main.o
 .debug_line    0x0000126d       0x59 ./SDK/startup/semihost_hardfault.o
 .debug_line    0x000012c6      0x6d8 ./SDK/startup/startup_mk64f12.o
 .debug_line    0x0000199e      0x1c7 ./SDK/CMSIS/system_MK64F12.o

.debug_str      0x00000000    0x7bb65
 .debug_str     0x00000000     0x6bf7 ./source/App.o
                               0x6e44 (size before relaxing)
 .debug_str     0x00006bf7    0x741c1 ./source/InternalControl.o
                              0x7af0d (size before relaxing)
 .debug_str     0x0007adb8       0xa8 ./source/SysTick.o
                              0x775b1 (size before relaxing)
 .debug_str     0x0007ae60      0x224 ./source/gpio.o
                              0x77298 (size before relaxing)
 .debug_str     0x0007b084       0xe1 ./source/timer.o
                              0x7a8e1 (size before relaxing)
 .debug_str     0x0007b165      0x178 ./SDK/startup/hardware.o
                              0x771ef (size before relaxing)
 .debug_str     0x0007b2dd       0x1b ./SDK/startup/main.o
                              0x76fc3 (size before relaxing)
 .debug_str     0x0007b2f8       0x36 ./SDK/startup/semihost_hardfault.o
                               0x2d29 (size before relaxing)
 .debug_str     0x0007b32e      0x7d5 ./SDK/startup/startup_mk64f12.o
                               0x3597 (size before relaxing)
 .debug_str     0x0007bb03       0x62 ./SDK/CMSIS/system_MK64F12.o
                              0x770fe (size before relaxing)

.comment        0x00000000       0x7e
 .comment       0x00000000       0x7e ./source/App.o
                                 0x7f (size before relaxing)
 .comment       0x0000007e       0x7f ./source/InternalControl.o
 .comment       0x0000007e       0x7f ./source/SysTick.o
 .comment       0x0000007e       0x7f ./source/gpio.o
 .comment       0x0000007e       0x7f ./source/timer.o
 .comment       0x0000007e       0x7f ./SDK/startup/hardware.o
 .comment       0x0000007e       0x7f ./SDK/startup/main.o
 .comment       0x0000007e       0x7f ./SDK/startup/semihost_hardfault.o
 .comment       0x0000007e       0x7f ./SDK/startup/startup_mk64f12.o
 .comment       0x0000007e       0x7f ./SDK/CMSIS/system_MK64F12.o

.ARM.attributes
                0x00000000       0x37
 .ARM.attributes
                0x00000000       0x39 ./source/App.o
 .ARM.attributes
                0x00000039       0x39 ./source/InternalControl.o
 .ARM.attributes
                0x00000072       0x39 ./source/SysTick.o
 .ARM.attributes
                0x000000ab       0x39 ./source/gpio.o
 .ARM.attributes
                0x000000e4       0x39 ./source/timer.o
 .ARM.attributes
                0x0000011d       0x39 ./SDK/startup/hardware.o
 .ARM.attributes
                0x00000156       0x39 ./SDK/startup/main.o
 .ARM.attributes
                0x0000018f       0x39 ./SDK/startup/semihost_hardfault.o
 .ARM.attributes
                0x000001c8       0x39 ./SDK/startup/startup_mk64f12.o
 .ARM.attributes
                0x00000201       0x39 ./SDK/CMSIS/system_MK64F12.o

.debug_frame    0x00000000      0xf9c
 .debug_frame   0x00000000       0x68 ./source/App.o
 .debug_frame   0x00000068      0x17c ./source/InternalControl.o
 .debug_frame   0x000001e4       0x88 ./source/SysTick.o
 .debug_frame   0x0000026c      0x1f0 ./source/gpio.o
 .debug_frame   0x0000045c      0x10c ./source/timer.o
 .debug_frame   0x00000568       0x70 ./SDK/startup/hardware.o
 .debug_frame   0x000005d8       0x2c ./SDK/startup/main.o
 .debug_frame   0x00000604       0x20 ./SDK/startup/semihost_hardfault.o
 .debug_frame   0x00000624      0x904 ./SDK/startup/startup_mk64f12.o
 .debug_frame   0x00000f28       0x74 ./SDK/CMSIS/system_MK64F12.o
