Archive member included to satisfy reference by file (symbol)

c:/nxp/mcuxpressoide_10.2.0_759/ide/tools/bin/../lib/gcc/arm-none-eabi/7.2.1/../../../../arm-none-eabi/lib/thumb/v7e-m/fpv4-sp/hard\libcr_c.a(memcpy.o)
                              ./source/App.o (memcpy)
c:/nxp/mcuxpressoide_10.2.0_759/ide/tools/bin/../lib/gcc/arm-none-eabi/7.2.1/../../../../arm-none-eabi/lib/thumb/v7e-m/fpv4-sp/hard\libcr_c.a(memcmp.o)
                              ./source/Users.o (memcmp)
c:/nxp/mcuxpressoide_10.2.0_759/ide/tools/bin/../lib/gcc/arm-none-eabi/7.2.1/thumb/v7e-m/fpv4-sp/hard\libcr_eabihelpers.a(memcpy.o)
                              c:/nxp/mcuxpressoide_10.2.0_759/ide/tools/bin/../lib/gcc/arm-none-eabi/7.2.1/../../../../arm-none-eabi/lib/thumb/v7e-m/fpv4-sp/hard\libcr_c.a(memcpy.o) (__aeabi_memcpy)

Discarded input sections

 .group         0x00000000        0xc ./source/App.o
 .group         0x00000000        0xc ./source/App.o
 .group         0x00000000        0xc ./source/App.o
 .group         0x00000000        0xc ./source/App.o
 .group         0x00000000        0xc ./source/App.o
 .group         0x00000000        0xc ./source/App.o
 .group         0x00000000        0xc ./source/App.o
 .group         0x00000000        0xc ./source/App.o
 .group         0x00000000        0xc ./source/App.o
 .group         0x00000000        0xc ./source/App.o
 .group         0x00000000        0xc ./source/App.o
 .group         0x00000000        0xc ./source/App.o
 .group         0x00000000        0xc ./source/App.o
 .group         0x00000000        0xc ./source/App.o
 .group         0x00000000        0xc ./source/App.o
 .group         0x00000000        0xc ./source/App.o
 .group         0x00000000        0xc ./source/App.o
 .group         0x00000000        0xc ./source/App.o
 .group         0x00000000        0xc ./source/App.o
 .group         0x00000000        0xc ./source/App.o
 .group         0x00000000        0xc ./source/App.o
 .group         0x00000000        0xc ./source/App.o
 .group         0x00000000        0xc ./source/App.o
 .group         0x00000000        0xc ./source/App.o
 .group         0x00000000        0xc ./source/App.o
 .group         0x00000000        0xc ./source/App.o
 .group         0x00000000        0xc ./source/App.o
 .text          0x00000000        0x0 ./source/App.o
 .data          0x00000000        0x0 ./source/App.o
 .bss           0x00000000        0x0 ./source/App.o
 .data.checkoutOK_vec
                0x00000000       0x38 ./source/App.o
 .data.checkoutERROR_vec
                0x00000000       0x48 ./source/App.o
 .data.idError_vec
                0x00000000       0x48 ./source/App.o
 .group         0x00000000        0xc ./source/DisplayBoard.o
 .group         0x00000000        0xc ./source/DisplayBoard.o
 .group         0x00000000        0xc ./source/DisplayBoard.o
 .group         0x00000000        0xc ./source/DisplayBoard.o
 .group         0x00000000        0xc ./source/DisplayBoard.o
 .group         0x00000000        0xc ./source/DisplayBoard.o
 .group         0x00000000        0xc ./source/DisplayBoard.o
 .group         0x00000000        0xc ./source/DisplayBoard.o
 .group         0x00000000        0xc ./source/DisplayBoard.o
 .group         0x00000000        0xc ./source/DisplayBoard.o
 .group         0x00000000        0xc ./source/DisplayBoard.o
 .group         0x00000000        0xc ./source/DisplayBoard.o
 .group         0x00000000        0xc ./source/DisplayBoard.o
 .group         0x00000000        0xc ./source/DisplayBoard.o
 .group         0x00000000        0xc ./source/DisplayBoard.o
 .group         0x00000000        0xc ./source/DisplayBoard.o
 .group         0x00000000        0xc ./source/DisplayBoard.o
 .group         0x00000000        0xc ./source/DisplayBoard.o
 .group         0x00000000        0xc ./source/DisplayBoard.o
 .group         0x00000000        0xc ./source/DisplayBoard.o
 .group         0x00000000        0xc ./source/DisplayBoard.o
 .group         0x00000000        0xc ./source/DisplayBoard.o
 .group         0x00000000        0xc ./source/DisplayBoard.o
 .group         0x00000000        0xc ./source/DisplayBoard.o
 .group         0x00000000        0xc ./source/DisplayBoard.o
 .group         0x00000000        0xc ./source/DisplayBoard.o
 .group         0x00000000        0xc ./source/DisplayBoard.o
 .group         0x00000000        0xc ./source/DisplayBoard.o
 .group         0x00000000        0xc ./source/DisplayBoard.o
 .group         0x00000000        0xc ./source/DisplayBoard.o
 .group         0x00000000        0xc ./source/DisplayBoard.o
 .group         0x00000000        0xc ./source/DisplayBoard.o
 .group         0x00000000        0xc ./source/DisplayBoard.o
 .group         0x00000000        0xc ./source/DisplayBoard.o
 .group         0x00000000        0xc ./source/DisplayBoard.o
 .text          0x00000000        0x0 ./source/DisplayBoard.o
 .data          0x00000000        0x0 ./source/DisplayBoard.o
 .bss           0x00000000        0x0 ./source/DisplayBoard.o
 .debug_macro   0x00000000      0xa5a ./source/DisplayBoard.o
 .debug_macro   0x00000000      0x34e ./source/DisplayBoard.o
 .debug_macro   0x00000000       0x22 ./source/DisplayBoard.o
 .debug_macro   0x00000000       0x17 ./source/DisplayBoard.o
 .debug_macro   0x00000000       0x22 ./source/DisplayBoard.o
 .debug_macro   0x00000000       0x52 ./source/DisplayBoard.o
 .debug_macro   0x00000000       0x8d ./source/DisplayBoard.o
 .debug_macro   0x00000000       0x35 ./source/DisplayBoard.o
 .debug_macro   0x00000000       0x9c ./source/DisplayBoard.o
 .debug_macro   0x00000000       0x16 ./source/DisplayBoard.o
 .debug_macro   0x00000000      0x10e ./source/DisplayBoard.o
 .debug_macro   0x00000000       0x8d ./source/DisplayBoard.o
 .debug_macro   0x00000000       0x57 ./source/DisplayBoard.o
 .debug_macro   0x00000000       0x58 ./source/DisplayBoard.o
 .debug_macro   0x00000000       0x1f ./source/DisplayBoard.o
 .debug_macro   0x00000000       0x43 ./source/DisplayBoard.o
 .debug_macro   0x00000000       0x20 ./source/DisplayBoard.o
 .debug_macro   0x00000000      0x18e ./source/DisplayBoard.o
 .debug_macro   0x00000000      0x330 ./source/DisplayBoard.o
 .debug_macro   0x00000000       0x16 ./source/DisplayBoard.o
 .debug_macro   0x00000000       0x29 ./source/DisplayBoard.o
 .debug_macro   0x00000000       0x22 ./source/DisplayBoard.o
 .group         0x00000000        0xc ./source/Encoder.o
 .group         0x00000000        0xc ./source/Encoder.o
 .group         0x00000000        0xc ./source/Encoder.o
 .group         0x00000000        0xc ./source/Encoder.o
 .group         0x00000000        0xc ./source/Encoder.o
 .group         0x00000000        0xc ./source/Encoder.o
 .group         0x00000000        0xc ./source/Encoder.o
 .group         0x00000000        0xc ./source/Encoder.o
 .group         0x00000000        0xc ./source/Encoder.o
 .group         0x00000000        0xc ./source/Encoder.o
 .group         0x00000000        0xc ./source/Encoder.o
 .group         0x00000000        0xc ./source/Encoder.o
 .group         0x00000000        0xc ./source/Encoder.o
 .group         0x00000000        0xc ./source/Encoder.o
 .group         0x00000000        0xc ./source/Encoder.o
 .group         0x00000000        0xc ./source/Encoder.o
 .group         0x00000000        0xc ./source/Encoder.o
 .group         0x00000000        0xc ./source/Encoder.o
 .group         0x00000000        0xc ./source/Encoder.o
 .group         0x00000000        0xc ./source/Encoder.o
 .group         0x00000000        0xc ./source/Encoder.o
 .group         0x00000000        0xc ./source/Encoder.o
 .group         0x00000000        0xc ./source/Encoder.o
 .group         0x00000000        0xc ./source/Encoder.o
 .group         0x00000000        0xc ./source/Encoder.o
 .group         0x00000000        0xc ./source/Encoder.o
 .group         0x00000000        0xc ./source/Encoder.o
 .group         0x00000000        0xc ./source/Encoder.o
 .group         0x00000000        0xc ./source/Encoder.o
 .group         0x00000000        0xc ./source/Encoder.o
 .group         0x00000000        0xc ./source/Encoder.o
 .group         0x00000000        0xc ./source/Encoder.o
 .group         0x00000000        0xc ./source/Encoder.o
 .group         0x00000000        0xc ./source/Encoder.o
 .group         0x00000000        0xc ./source/Encoder.o
 .text          0x00000000        0x0 ./source/Encoder.o
 .data          0x00000000        0x0 ./source/Encoder.o
 .bss           0x00000000        0x0 ./source/Encoder.o
 .text.EncClearFlag
                0x00000000       0x18 ./source/Encoder.o
 .debug_macro   0x00000000      0xa5a ./source/Encoder.o
 .debug_macro   0x00000000      0x34e ./source/Encoder.o
 .debug_macro   0x00000000       0x22 ./source/Encoder.o
 .debug_macro   0x00000000       0x17 ./source/Encoder.o
 .debug_macro   0x00000000       0x22 ./source/Encoder.o
 .debug_macro   0x00000000       0x52 ./source/Encoder.o
 .debug_macro   0x00000000       0x8d ./source/Encoder.o
 .debug_macro   0x00000000       0x35 ./source/Encoder.o
 .debug_macro   0x00000000       0x9c ./source/Encoder.o
 .debug_macro   0x00000000       0x16 ./source/Encoder.o
 .debug_macro   0x00000000      0x10e ./source/Encoder.o
 .debug_macro   0x00000000       0x8d ./source/Encoder.o
 .debug_macro   0x00000000       0x57 ./source/Encoder.o
 .debug_macro   0x00000000       0x58 ./source/Encoder.o
 .debug_macro   0x00000000       0x1f ./source/Encoder.o
 .debug_macro   0x00000000       0x43 ./source/Encoder.o
 .debug_macro   0x00000000       0x20 ./source/Encoder.o
 .debug_macro   0x00000000      0x18e ./source/Encoder.o
 .debug_macro   0x00000000      0x330 ./source/Encoder.o
 .debug_macro   0x00000000       0x16 ./source/Encoder.o
 .debug_macro   0x00000000       0x29 ./source/Encoder.o
 .debug_macro   0x00000000       0x10 ./source/Encoder.o
 .debug_macro   0x00000000       0x5c ./source/Encoder.o
 .debug_macro   0x00000000       0x1c ./source/Encoder.o
 .debug_macro   0x00000000       0x22 ./source/Encoder.o
 .debug_macro   0x00000000       0xd9 ./source/Encoder.o
 .debug_macro   0x00000000      0xecf ./source/Encoder.o
 .debug_macro   0x00000000       0x48 ./source/Encoder.o
 .debug_macro   0x00000000     0xe07b ./source/Encoder.o
 .debug_macro   0x00000000     0x122b ./source/Encoder.o
 .debug_macro   0x00000000       0x16 ./source/Encoder.o
 .debug_macro   0x00000000       0x3a ./source/Encoder.o
 .debug_macro   0x00000000       0xa6 ./source/Encoder.o
 .group         0x00000000        0xc ./source/InternalControl.o
 .group         0x00000000        0xc ./source/InternalControl.o
 .group         0x00000000        0xc ./source/InternalControl.o
 .group         0x00000000        0xc ./source/InternalControl.o
 .group         0x00000000        0xc ./source/InternalControl.o
 .group         0x00000000        0xc ./source/InternalControl.o
 .group         0x00000000        0xc ./source/InternalControl.o
 .group         0x00000000        0xc ./source/InternalControl.o
 .group         0x00000000        0xc ./source/InternalControl.o
 .group         0x00000000        0xc ./source/InternalControl.o
 .group         0x00000000        0xc ./source/InternalControl.o
 .group         0x00000000        0xc ./source/InternalControl.o
 .group         0x00000000        0xc ./source/InternalControl.o
 .group         0x00000000        0xc ./source/InternalControl.o
 .group         0x00000000        0xc ./source/InternalControl.o
 .group         0x00000000        0xc ./source/InternalControl.o
 .group         0x00000000        0xc ./source/InternalControl.o
 .group         0x00000000        0xc ./source/InternalControl.o
 .group         0x00000000        0xc ./source/InternalControl.o
 .group         0x00000000        0xc ./source/InternalControl.o
 .group         0x00000000        0xc ./source/InternalControl.o
 .group         0x00000000        0xc ./source/InternalControl.o
 .group         0x00000000        0xc ./source/InternalControl.o
 .group         0x00000000        0xc ./source/InternalControl.o
 .group         0x00000000        0xc ./source/InternalControl.o
 .group         0x00000000        0xc ./source/InternalControl.o
 .group         0x00000000        0xc ./source/InternalControl.o
 .group         0x00000000        0xc ./source/InternalControl.o
 .group         0x00000000        0xc ./source/InternalControl.o
 .group         0x00000000        0xc ./source/InternalControl.o
 .group         0x00000000        0xc ./source/InternalControl.o
 .group         0x00000000        0xc ./source/InternalControl.o
 .group         0x00000000        0xc ./source/InternalControl.o
 .group         0x00000000        0xc ./source/InternalControl.o
 .group         0x00000000        0xc ./source/InternalControl.o
 .text          0x00000000        0x0 ./source/InternalControl.o
 .data          0x00000000        0x0 ./source/InternalControl.o
 .bss           0x00000000        0x0 ./source/InternalControl.o
 .debug_macro   0x00000000      0xa5a ./source/InternalControl.o
 .debug_macro   0x00000000      0x34e ./source/InternalControl.o
 .debug_macro   0x00000000       0x22 ./source/InternalControl.o
 .debug_macro   0x00000000       0x17 ./source/InternalControl.o
 .debug_macro   0x00000000       0x22 ./source/InternalControl.o
 .debug_macro   0x00000000       0x52 ./source/InternalControl.o
 .debug_macro   0x00000000       0x8d ./source/InternalControl.o
 .debug_macro   0x00000000       0x35 ./source/InternalControl.o
 .debug_macro   0x00000000       0x9c ./source/InternalControl.o
 .debug_macro   0x00000000       0x16 ./source/InternalControl.o
 .debug_macro   0x00000000      0x10e ./source/InternalControl.o
 .debug_macro   0x00000000       0x8d ./source/InternalControl.o
 .debug_macro   0x00000000       0x57 ./source/InternalControl.o
 .debug_macro   0x00000000       0x58 ./source/InternalControl.o
 .debug_macro   0x00000000       0x1f ./source/InternalControl.o
 .debug_macro   0x00000000       0x43 ./source/InternalControl.o
 .debug_macro   0x00000000       0x20 ./source/InternalControl.o
 .debug_macro   0x00000000      0x18e ./source/InternalControl.o
 .debug_macro   0x00000000      0x330 ./source/InternalControl.o
 .debug_macro   0x00000000       0x16 ./source/InternalControl.o
 .debug_macro   0x00000000       0x29 ./source/InternalControl.o
 .debug_macro   0x00000000       0x10 ./source/InternalControl.o
 .debug_macro   0x00000000       0x5c ./source/InternalControl.o
 .debug_macro   0x00000000       0x1c ./source/InternalControl.o
 .debug_macro   0x00000000       0x22 ./source/InternalControl.o
 .debug_macro   0x00000000       0xd9 ./source/InternalControl.o
 .debug_macro   0x00000000      0xecf ./source/InternalControl.o
 .debug_macro   0x00000000       0x48 ./source/InternalControl.o
 .debug_macro   0x00000000     0xe07b ./source/InternalControl.o
 .debug_macro   0x00000000     0x122b ./source/InternalControl.o
 .debug_macro   0x00000000       0x16 ./source/InternalControl.o
 .debug_macro   0x00000000       0x3a ./source/InternalControl.o
 .debug_macro   0x00000000       0xa6 ./source/InternalControl.o
 .debug_macro   0x00000000       0x22 ./source/InternalControl.o
 .group         0x00000000        0xc ./source/Lector.o
 .group         0x00000000        0xc ./source/Lector.o
 .group         0x00000000        0xc ./source/Lector.o
 .group         0x00000000        0xc ./source/Lector.o
 .group         0x00000000        0xc ./source/Lector.o
 .group         0x00000000        0xc ./source/Lector.o
 .group         0x00000000        0xc ./source/Lector.o
 .group         0x00000000        0xc ./source/Lector.o
 .group         0x00000000        0xc ./source/Lector.o
 .group         0x00000000        0xc ./source/Lector.o
 .group         0x00000000        0xc ./source/Lector.o
 .group         0x00000000        0xc ./source/Lector.o
 .group         0x00000000        0xc ./source/Lector.o
 .group         0x00000000        0xc ./source/Lector.o
 .group         0x00000000        0xc ./source/Lector.o
 .group         0x00000000        0xc ./source/Lector.o
 .group         0x00000000        0xc ./source/Lector.o
 .text          0x00000000        0x0 ./source/Lector.o
 .data          0x00000000        0x0 ./source/Lector.o
 .bss           0x00000000        0x0 ./source/Lector.o
 .debug_macro   0x00000000      0xa5a ./source/Lector.o
 .debug_macro   0x00000000       0x22 ./source/Lector.o
 .debug_macro   0x00000000       0x34 ./source/Lector.o
 .debug_macro   0x00000000      0x34e ./source/Lector.o
 .debug_macro   0x00000000       0x10 ./source/Lector.o
 .debug_macro   0x00000000       0x5c ./source/Lector.o
 .debug_macro   0x00000000       0x1c ./source/Lector.o
 .debug_macro   0x00000000       0x22 ./source/Lector.o
 .debug_macro   0x00000000      0xecf ./source/Lector.o
 .debug_macro   0x00000000       0x48 ./source/Lector.o
 .debug_macro   0x00000000     0xe07b ./source/Lector.o
 .debug_macro   0x00000000     0x122b ./source/Lector.o
 .debug_macro   0x00000000       0x16 ./source/Lector.o
 .debug_macro   0x00000000       0x3a ./source/Lector.o
 .debug_macro   0x00000000       0xa6 ./source/Lector.o
 .group         0x00000000        0xc ./source/SysTick.o
 .group         0x00000000        0xc ./source/SysTick.o
 .group         0x00000000        0xc ./source/SysTick.o
 .group         0x00000000        0xc ./source/SysTick.o
 .group         0x00000000        0xc ./source/SysTick.o
 .group         0x00000000        0xc ./source/SysTick.o
 .group         0x00000000        0xc ./source/SysTick.o
 .group         0x00000000        0xc ./source/SysTick.o
 .group         0x00000000        0xc ./source/SysTick.o
 .group         0x00000000        0xc ./source/SysTick.o
 .group         0x00000000        0xc ./source/SysTick.o
 .group         0x00000000        0xc ./source/SysTick.o
 .group         0x00000000        0xc ./source/SysTick.o
 .text          0x00000000        0x0 ./source/SysTick.o
 .data          0x00000000        0x0 ./source/SysTick.o
 .bss           0x00000000        0x0 ./source/SysTick.o
 .debug_macro   0x00000000      0xa5a ./source/SysTick.o
 .debug_macro   0x00000000       0x22 ./source/SysTick.o
 .debug_macro   0x00000000      0x34e ./source/SysTick.o
 .debug_macro   0x00000000       0x10 ./source/SysTick.o
 .debug_macro   0x00000000       0x5c ./source/SysTick.o
 .debug_macro   0x00000000       0x1c ./source/SysTick.o
 .debug_macro   0x00000000       0x22 ./source/SysTick.o
 .debug_macro   0x00000000       0xdf ./source/SysTick.o
 .debug_macro   0x00000000      0xecf ./source/SysTick.o
 .debug_macro   0x00000000       0x48 ./source/SysTick.o
 .debug_macro   0x00000000     0xe07b ./source/SysTick.o
 .debug_macro   0x00000000     0x122b ./source/SysTick.o
 .debug_macro   0x00000000       0x16 ./source/SysTick.o
 .group         0x00000000        0xc ./source/Users.o
 .group         0x00000000        0xc ./source/Users.o
 .group         0x00000000        0xc ./source/Users.o
 .group         0x00000000        0xc ./source/Users.o
 .group         0x00000000        0xc ./source/Users.o
 .group         0x00000000        0xc ./source/Users.o
 .group         0x00000000        0xc ./source/Users.o
 .group         0x00000000        0xc ./source/Users.o
 .group         0x00000000        0xc ./source/Users.o
 .group         0x00000000        0xc ./source/Users.o
 .group         0x00000000        0xc ./source/Users.o
 .group         0x00000000        0xc ./source/Users.o
 .group         0x00000000        0xc ./source/Users.o
 .group         0x00000000        0xc ./source/Users.o
 .group         0x00000000        0xc ./source/Users.o
 .group         0x00000000        0xc ./source/Users.o
 .group         0x00000000        0xc ./source/Users.o
 .group         0x00000000        0xc ./source/Users.o
 .group         0x00000000        0xc ./source/Users.o
 .group         0x00000000        0xc ./source/Users.o
 .text          0x00000000        0x0 ./source/Users.o
 .data          0x00000000        0x0 ./source/Users.o
 .bss           0x00000000        0x0 ./source/Users.o
 .text.unblockUser
                0x00000000       0x40 ./source/Users.o
 .text.addUser  0x00000000       0x98 ./source/Users.o
 .text.changePin
                0x00000000       0x48 ./source/Users.o
 .text.blockUser
                0x00000000       0x40 ./source/Users.o
 .debug_macro   0x00000000      0xa5a ./source/Users.o
 .debug_macro   0x00000000      0x34e ./source/Users.o
 .debug_macro   0x00000000       0x22 ./source/Users.o
 .debug_macro   0x00000000       0x22 ./source/Users.o
 .debug_macro   0x00000000       0x52 ./source/Users.o
 .debug_macro   0x00000000       0x17 ./source/Users.o
 .debug_macro   0x00000000       0x8d ./source/Users.o
 .debug_macro   0x00000000       0x35 ./source/Users.o
 .debug_macro   0x00000000       0x9c ./source/Users.o
 .debug_macro   0x00000000      0x174 ./source/Users.o
 .debug_macro   0x00000000       0x57 ./source/Users.o
 .debug_macro   0x00000000       0x58 ./source/Users.o
 .debug_macro   0x00000000       0x1f ./source/Users.o
 .debug_macro   0x00000000       0x43 ./source/Users.o
 .debug_macro   0x00000000       0x20 ./source/Users.o
 .debug_macro   0x00000000      0x18e ./source/Users.o
 .debug_macro   0x00000000      0x330 ./source/Users.o
 .group         0x00000000        0xc ./source/gpio.o
 .group         0x00000000        0xc ./source/gpio.o
 .group         0x00000000        0xc ./source/gpio.o
 .group         0x00000000        0xc ./source/gpio.o
 .group         0x00000000        0xc ./source/gpio.o
 .group         0x00000000        0xc ./source/gpio.o
 .group         0x00000000        0xc ./source/gpio.o
 .group         0x00000000        0xc ./source/gpio.o
 .group         0x00000000        0xc ./source/gpio.o
 .group         0x00000000        0xc ./source/gpio.o
 .group         0x00000000        0xc ./source/gpio.o
 .group         0x00000000        0xc ./source/gpio.o
 .group         0x00000000        0xc ./source/gpio.o
 .group         0x00000000        0xc ./source/gpio.o
 .text          0x00000000        0x0 ./source/gpio.o
 .data          0x00000000        0x0 ./source/gpio.o
 .bss           0x00000000        0x0 ./source/gpio.o
 .text.gpioToggle
                0x00000000       0x7c ./source/gpio.o
 .debug_macro   0x00000000      0xa5a ./source/gpio.o
 .debug_macro   0x00000000      0x34e ./source/gpio.o
 .debug_macro   0x00000000       0x22 ./source/gpio.o
 .debug_macro   0x00000000       0x10 ./source/gpio.o
 .debug_macro   0x00000000       0x5c ./source/gpio.o
 .debug_macro   0x00000000       0x1c ./source/gpio.o
 .debug_macro   0x00000000       0x22 ./source/gpio.o
 .debug_macro   0x00000000       0xdf ./source/gpio.o
 .debug_macro   0x00000000      0xecf ./source/gpio.o
 .debug_macro   0x00000000       0x48 ./source/gpio.o
 .debug_macro   0x00000000     0xe07b ./source/gpio.o
 .debug_macro   0x00000000     0x122b ./source/gpio.o
 .debug_macro   0x00000000       0x16 ./source/gpio.o
 .debug_macro   0x00000000       0x3a ./source/gpio.o
 .group         0x00000000        0xc ./source/timer.o
 .group         0x00000000        0xc ./source/timer.o
 .group         0x00000000        0xc ./source/timer.o
 .group         0x00000000        0xc ./source/timer.o
 .group         0x00000000        0xc ./source/timer.o
 .group         0x00000000        0xc ./source/timer.o
 .group         0x00000000        0xc ./source/timer.o
 .group         0x00000000        0xc ./source/timer.o
 .group         0x00000000        0xc ./source/timer.o
 .group         0x00000000        0xc ./source/timer.o
 .group         0x00000000        0xc ./source/timer.o
 .group         0x00000000        0xc ./source/timer.o
 .group         0x00000000        0xc ./source/timer.o
 .group         0x00000000        0xc ./source/timer.o
 .group         0x00000000        0xc ./source/timer.o
 .group         0x00000000        0xc ./source/timer.o
 .group         0x00000000        0xc ./source/timer.o
 .group         0x00000000        0xc ./source/timer.o
 .group         0x00000000        0xc ./source/timer.o
 .group         0x00000000        0xc ./source/timer.o
 .group         0x00000000        0xc ./source/timer.o
 .group         0x00000000        0xc ./source/timer.o
 .group         0x00000000        0xc ./source/timer.o
 .group         0x00000000        0xc ./source/timer.o
 .group         0x00000000        0xc ./source/timer.o
 .group         0x00000000        0xc ./source/timer.o
 .group         0x00000000        0xc ./source/timer.o
 .group         0x00000000        0xc ./source/timer.o
 .group         0x00000000        0xc ./source/timer.o
 .group         0x00000000        0xc ./source/timer.o
 .group         0x00000000        0xc ./source/timer.o
 .group         0x00000000        0xc ./source/timer.o
 .group         0x00000000        0xc ./source/timer.o
 .group         0x00000000        0xc ./source/timer.o
 .group         0x00000000        0xc ./source/timer.o
 .text          0x00000000        0x0 ./source/timer.o
 .data          0x00000000        0x0 ./source/timer.o
 .bss           0x00000000        0x0 ./source/timer.o
 .text.timerDelay
                0x00000000       0x30 ./source/timer.o
 .debug_macro   0x00000000      0xa5a ./source/timer.o
 .debug_macro   0x00000000      0x34e ./source/timer.o
 .debug_macro   0x00000000       0x22 ./source/timer.o
 .debug_macro   0x00000000       0x17 ./source/timer.o
 .debug_macro   0x00000000       0x22 ./source/timer.o
 .debug_macro   0x00000000       0x52 ./source/timer.o
 .debug_macro   0x00000000       0x8d ./source/timer.o
 .debug_macro   0x00000000       0x35 ./source/timer.o
 .debug_macro   0x00000000       0x9c ./source/timer.o
 .debug_macro   0x00000000       0x16 ./source/timer.o
 .debug_macro   0x00000000      0x10e ./source/timer.o
 .debug_macro   0x00000000       0x8d ./source/timer.o
 .debug_macro   0x00000000       0x57 ./source/timer.o
 .debug_macro   0x00000000       0x58 ./source/timer.o
 .debug_macro   0x00000000       0x1f ./source/timer.o
 .debug_macro   0x00000000       0x43 ./source/timer.o
 .debug_macro   0x00000000       0x20 ./source/timer.o
 .debug_macro   0x00000000      0x18e ./source/timer.o
 .debug_macro   0x00000000      0x330 ./source/timer.o
 .debug_macro   0x00000000       0x16 ./source/timer.o
 .debug_macro   0x00000000       0x29 ./source/timer.o
 .debug_macro   0x00000000       0x1c ./source/timer.o
 .debug_macro   0x00000000       0x10 ./source/timer.o
 .debug_macro   0x00000000       0x5c ./source/timer.o
 .debug_macro   0x00000000       0x1c ./source/timer.o
 .debug_macro   0x00000000       0x22 ./source/timer.o
 .debug_macro   0x00000000       0xd9 ./source/timer.o
 .debug_macro   0x00000000      0xecf ./source/timer.o
 .debug_macro   0x00000000       0x48 ./source/timer.o
 .debug_macro   0x00000000     0xe07b ./source/timer.o
 .debug_macro   0x00000000     0x122b ./source/timer.o
 .debug_macro   0x00000000       0x16 ./source/timer.o
 .debug_macro   0x00000000       0x3a ./source/timer.o
 .debug_macro   0x00000000       0xa6 ./source/timer.o
 .group         0x00000000        0xc ./SDK/startup/hardware.o
 .group         0x00000000        0xc ./SDK/startup/hardware.o
 .group         0x00000000        0xc ./SDK/startup/hardware.o
 .group         0x00000000        0xc ./SDK/startup/hardware.o
 .group         0x00000000        0xc ./SDK/startup/hardware.o
 .group         0x00000000        0xc ./SDK/startup/hardware.o
 .group         0x00000000        0xc ./SDK/startup/hardware.o
 .group         0x00000000        0xc ./SDK/startup/hardware.o
 .group         0x00000000        0xc ./SDK/startup/hardware.o
 .group         0x00000000        0xc ./SDK/startup/hardware.o
 .group         0x00000000        0xc ./SDK/startup/hardware.o
 .group         0x00000000        0xc ./SDK/startup/hardware.o
 .group         0x00000000        0xc ./SDK/startup/hardware.o
 .text          0x00000000        0x0 ./SDK/startup/hardware.o
 .data          0x00000000        0x0 ./SDK/startup/hardware.o
 .bss           0x00000000        0x0 ./SDK/startup/hardware.o
 .debug_macro   0x00000000      0xa5a ./SDK/startup/hardware.o
 .debug_macro   0x00000000      0x34e ./SDK/startup/hardware.o
 .debug_macro   0x00000000       0x22 ./SDK/startup/hardware.o
 .debug_macro   0x00000000       0x10 ./SDK/startup/hardware.o
 .debug_macro   0x00000000       0x5c ./SDK/startup/hardware.o
 .debug_macro   0x00000000       0x1c ./SDK/startup/hardware.o
 .debug_macro   0x00000000       0x22 ./SDK/startup/hardware.o
 .debug_macro   0x00000000       0xdf ./SDK/startup/hardware.o
 .debug_macro   0x00000000      0xecf ./SDK/startup/hardware.o
 .debug_macro   0x00000000       0x48 ./SDK/startup/hardware.o
 .debug_macro   0x00000000     0xe07b ./SDK/startup/hardware.o
 .debug_macro   0x00000000     0x122b ./SDK/startup/hardware.o
 .debug_macro   0x00000000       0x16 ./SDK/startup/hardware.o
 .group         0x00000000        0xc ./SDK/startup/main.o
 .group         0x00000000        0xc ./SDK/startup/main.o
 .group         0x00000000        0xc ./SDK/startup/main.o
 .group         0x00000000        0xc ./SDK/startup/main.o
 .group         0x00000000        0xc ./SDK/startup/main.o
 .group         0x00000000        0xc ./SDK/startup/main.o
 .group         0x00000000        0xc ./SDK/startup/main.o
 .group         0x00000000        0xc ./SDK/startup/main.o
 .group         0x00000000        0xc ./SDK/startup/main.o
 .group         0x00000000        0xc ./SDK/startup/main.o
 .group         0x00000000        0xc ./SDK/startup/main.o
 .group         0x00000000        0xc ./SDK/startup/main.o
 .group         0x00000000        0xc ./SDK/startup/main.o
 .text          0x00000000        0x0 ./SDK/startup/main.o
 .data          0x00000000        0x0 ./SDK/startup/main.o
 .bss           0x00000000        0x0 ./SDK/startup/main.o
 .debug_macro   0x00000000      0xa5a ./SDK/startup/main.o
 .debug_macro   0x00000000      0x34e ./SDK/startup/main.o
 .debug_macro   0x00000000       0x22 ./SDK/startup/main.o
 .debug_macro   0x00000000       0x10 ./SDK/startup/main.o
 .debug_macro   0x00000000       0x5c ./SDK/startup/main.o
 .debug_macro   0x00000000       0x1c ./SDK/startup/main.o
 .debug_macro   0x00000000       0x22 ./SDK/startup/main.o
 .debug_macro   0x00000000       0xdf ./SDK/startup/main.o
 .debug_macro   0x00000000      0xecf ./SDK/startup/main.o
 .debug_macro   0x00000000       0x48 ./SDK/startup/main.o
 .debug_macro   0x00000000     0xe07b ./SDK/startup/main.o
 .debug_macro   0x00000000     0x122b ./SDK/startup/main.o
 .debug_macro   0x00000000       0x16 ./SDK/startup/main.o
 .group         0x00000000        0xc ./SDK/startup/semihost_hardfault.o
 .text          0x00000000        0x0 ./SDK/startup/semihost_hardfault.o
 .data          0x00000000        0x0 ./SDK/startup/semihost_hardfault.o
 .bss           0x00000000        0x0 ./SDK/startup/semihost_hardfault.o
 .debug_macro   0x00000000      0xa5a ./SDK/startup/semihost_hardfault.o
 .group         0x00000000        0xc ./SDK/startup/startup_mk64f12.o
 .text          0x00000000        0x0 ./SDK/startup/startup_mk64f12.o
 .data          0x00000000        0x0 ./SDK/startup/startup_mk64f12.o
 .bss           0x00000000        0x0 ./SDK/startup/startup_mk64f12.o
 .text.PORTA_IRQHandler
                0x00000000        0x8 ./SDK/startup/startup_mk64f12.o
 .text.PORTC_IRQHandler
                0x00000000        0x8 ./SDK/startup/startup_mk64f12.o
 .text.PORTD_IRQHandler
                0x00000000        0x8 ./SDK/startup/startup_mk64f12.o
 .debug_macro   0x00000000      0xa5a ./SDK/startup/startup_mk64f12.o
 .group         0x00000000        0xc ./SDK/CMSIS/system_MK64F12.o
 .group         0x00000000        0xc ./SDK/CMSIS/system_MK64F12.o
 .group         0x00000000        0xc ./SDK/CMSIS/system_MK64F12.o
 .group         0x00000000        0xc ./SDK/CMSIS/system_MK64F12.o
 .group         0x00000000        0xc ./SDK/CMSIS/system_MK64F12.o
 .group         0x00000000        0xc ./SDK/CMSIS/system_MK64F12.o
 .group         0x00000000        0xc ./SDK/CMSIS/system_MK64F12.o
 .group         0x00000000        0xc ./SDK/CMSIS/system_MK64F12.o
 .group         0x00000000        0xc ./SDK/CMSIS/system_MK64F12.o
 .group         0x00000000        0xc ./SDK/CMSIS/system_MK64F12.o
 .group         0x00000000        0xc ./SDK/CMSIS/system_MK64F12.o
 .text          0x00000000        0x0 ./SDK/CMSIS/system_MK64F12.o
 .data          0x00000000        0x0 ./SDK/CMSIS/system_MK64F12.o
 .bss           0x00000000        0x0 ./SDK/CMSIS/system_MK64F12.o
 .data.SystemCoreClock
                0x00000000        0x4 ./SDK/CMSIS/system_MK64F12.o
 .text.SystemCoreClockUpdate
                0x00000000      0x278 ./SDK/CMSIS/system_MK64F12.o
 .debug_macro   0x00000000      0xa5a ./SDK/CMSIS/system_MK64F12.o
 .debug_macro   0x00000000      0x34e ./SDK/CMSIS/system_MK64F12.o
 .debug_macro   0x00000000       0x10 ./SDK/CMSIS/system_MK64F12.o
 .debug_macro   0x00000000       0x5c ./SDK/CMSIS/system_MK64F12.o
 .debug_macro   0x00000000       0x1c ./SDK/CMSIS/system_MK64F12.o
 .debug_macro   0x00000000       0x22 ./SDK/CMSIS/system_MK64F12.o
 .debug_macro   0x00000000       0xdf ./SDK/CMSIS/system_MK64F12.o
 .debug_macro   0x00000000      0xecf ./SDK/CMSIS/system_MK64F12.o
 .debug_macro   0x00000000       0x48 ./SDK/CMSIS/system_MK64F12.o
 .debug_macro   0x00000000     0xe07b ./SDK/CMSIS/system_MK64F12.o
 .debug_macro   0x00000000     0x122b ./SDK/CMSIS/system_MK64F12.o
 .text          0x00000000        0x0 c:/nxp/mcuxpressoide_10.2.0_759/ide/tools/bin/../lib/gcc/arm-none-eabi/7.2.1/../../../../arm-none-eabi/lib/thumb/v7e-m/fpv4-sp/hard\libcr_c.a(memcpy.o)
 .data          0x00000000        0x0 c:/nxp/mcuxpressoide_10.2.0_759/ide/tools/bin/../lib/gcc/arm-none-eabi/7.2.1/../../../../arm-none-eabi/lib/thumb/v7e-m/fpv4-sp/hard\libcr_c.a(memcpy.o)
 .bss           0x00000000        0x0 c:/nxp/mcuxpressoide_10.2.0_759/ide/tools/bin/../lib/gcc/arm-none-eabi/7.2.1/../../../../arm-none-eabi/lib/thumb/v7e-m/fpv4-sp/hard\libcr_c.a(memcpy.o)
 .text          0x00000000        0x0 c:/nxp/mcuxpressoide_10.2.0_759/ide/tools/bin/../lib/gcc/arm-none-eabi/7.2.1/../../../../arm-none-eabi/lib/thumb/v7e-m/fpv4-sp/hard\libcr_c.a(memcmp.o)
 .data          0x00000000        0x0 c:/nxp/mcuxpressoide_10.2.0_759/ide/tools/bin/../lib/gcc/arm-none-eabi/7.2.1/../../../../arm-none-eabi/lib/thumb/v7e-m/fpv4-sp/hard\libcr_c.a(memcmp.o)
 .bss           0x00000000        0x0 c:/nxp/mcuxpressoide_10.2.0_759/ide/tools/bin/../lib/gcc/arm-none-eabi/7.2.1/../../../../arm-none-eabi/lib/thumb/v7e-m/fpv4-sp/hard\libcr_c.a(memcmp.o)
 .text          0x00000000        0x0 c:/nxp/mcuxpressoide_10.2.0_759/ide/tools/bin/../lib/gcc/arm-none-eabi/7.2.1/thumb/v7e-m/fpv4-sp/hard\libcr_eabihelpers.a(memcpy.o)
 .data          0x00000000        0x0 c:/nxp/mcuxpressoide_10.2.0_759/ide/tools/bin/../lib/gcc/arm-none-eabi/7.2.1/thumb/v7e-m/fpv4-sp/hard\libcr_eabihelpers.a(memcpy.o)
 .bss           0x00000000        0x0 c:/nxp/mcuxpressoide_10.2.0_759/ide/tools/bin/../lib/gcc/arm-none-eabi/7.2.1/thumb/v7e-m/fpv4-sp/hard\libcr_eabihelpers.a(memcpy.o)
 .text.__aeabi_memmove
                0x00000000       0x1c c:/nxp/mcuxpressoide_10.2.0_759/ide/tools/bin/../lib/gcc/arm-none-eabi/7.2.1/thumb/v7e-m/fpv4-sp/hard\libcr_eabihelpers.a(memcpy.o)
 .text.__aeabi_memset_lowlevel
                0x00000000       0x32 c:/nxp/mcuxpressoide_10.2.0_759/ide/tools/bin/../lib/gcc/arm-none-eabi/7.2.1/thumb/v7e-m/fpv4-sp/hard\libcr_eabihelpers.a(memcpy.o)
 .text.__aeabi_memclr
                0x00000000        0x8 c:/nxp/mcuxpressoide_10.2.0_759/ide/tools/bin/../lib/gcc/arm-none-eabi/7.2.1/thumb/v7e-m/fpv4-sp/hard\libcr_eabihelpers.a(memcpy.o)
 .text.__aeabi_memset
                0x00000000        0xa c:/nxp/mcuxpressoide_10.2.0_759/ide/tools/bin/../lib/gcc/arm-none-eabi/7.2.1/thumb/v7e-m/fpv4-sp/hard\libcr_eabihelpers.a(memcpy.o)

Memory Configuration

Name             Origin             Length             Attributes
PROGRAM_FLASH    0x00000000         0x00100000         xr
SRAM_UPPER       0x20000000         0x00030000         xrw
SRAM_LOWER       0x1fff0000         0x00010000         xrw
FLEX_RAM         0x14000000         0x00001000         xrw
*default*        0x00000000         0xffffffff

Linker script and memory map

LOAD ./source/App.o
LOAD ./source/DisplayBoard.o
LOAD ./source/Encoder.o
LOAD ./source/InternalControl.o
LOAD ./source/Lector.o
LOAD ./source/SysTick.o
LOAD ./source/Users.o
LOAD ./source/gpio.o
LOAD ./source/timer.o
LOAD ./SDK/startup/hardware.o
LOAD ./SDK/startup/main.o
LOAD ./SDK/startup/semihost_hardfault.o
LOAD ./SDK/startup/startup_mk64f12.o
LOAD ./SDK/CMSIS/system_MK64F12.o
START GROUP
LOAD c:/nxp/mcuxpressoide_10.2.0_759/ide/tools/bin/../lib/gcc/arm-none-eabi/7.2.1/../../../../arm-none-eabi/lib/thumb/v7e-m/fpv4-sp/hard\libcr_c.a
LOAD c:/nxp/mcuxpressoide_10.2.0_759/ide/tools/bin/../lib/gcc/arm-none-eabi/7.2.1/thumb/v7e-m/fpv4-sp/hard\libcr_eabihelpers.a
END GROUP
                0x00000000                __base_PROGRAM_FLASH = 0x0
                0x00000000                __base_Flash = 0x0
                0x00100000                __top_PROGRAM_FLASH = 0x100000
                0x00100000                __top_Flash = 0x100000
                0x20000000                __base_SRAM_UPPER = 0x20000000
                0x20000000                __base_RAM = 0x20000000
                0x20030000                __top_SRAM_UPPER = 0x20030000
                0x20030000                __top_RAM = 0x20030000
                0x1fff0000                __base_SRAM_LOWER = 0x1fff0000
                0x1fff0000                __base_RAM2 = 0x1fff0000
                0x20000000                __top_SRAM_LOWER = 0x20000000
                0x20000000                __top_RAM2 = 0x20000000
                0x14000000                __base_FLEX_RAM = 0x14000000
                0x14000000                __base_RAM3 = 0x14000000
                0x14001000                __top_FLEX_RAM = 0x14001000
                0x14001000                __top_RAM3 = 0x14001000

.text           0x00000000     0x34c0
 FILL mask 0xff
                0x00000000                __vectors_start__ = ABSOLUTE (.)
 *(SORT_BY_ALIGNMENT(.isr_vector))
 .isr_vector    0x00000000      0x198 ./SDK/startup/startup_mk64f12.o
                0x00000000                g_pfnVectors
                0x00000000                __Vectors
                0x00000198                . = ALIGN (0x4)
                0x00000198                __section_table_start = .
                0x00000198                __data_section_table = .
                0x00000198        0x4 LONG 0x34c0 LOADADDR (.data)
                0x0000019c        0x4 LONG 0x20000000 ADDR (.data)
                0x000001a0        0x4 LONG 0x450 SIZEOF (.data)
                0x000001a4        0x4 LONG 0x34c0 LOADADDR (.data_RAM2)
                0x000001a8        0x4 LONG 0x1fff0000 ADDR (.data_RAM2)
                0x000001ac        0x4 LONG 0x0 SIZEOF (.data_RAM2)
                0x000001b0        0x4 LONG 0x34c0 LOADADDR (.data_RAM3)
                0x000001b4        0x4 LONG 0x14000000 ADDR (.data_RAM3)
                0x000001b8        0x4 LONG 0x0 SIZEOF (.data_RAM3)
                0x000001bc                __data_section_table_end = .
                0x000001bc                __bss_section_table = .
                0x000001bc        0x4 LONG 0x20000450 ADDR (.bss)
                0x000001c0        0x4 LONG 0x688 SIZEOF (.bss)
                0x000001c4        0x4 LONG 0x1fff0000 ADDR (.bss_RAM2)
                0x000001c8        0x4 LONG 0x0 SIZEOF (.bss_RAM2)
                0x000001cc        0x4 LONG 0x14000000 ADDR (.bss_RAM3)
                0x000001d0        0x4 LONG 0x0 SIZEOF (.bss_RAM3)
                0x000001d4                __bss_section_table_end = .
                0x000001d4                __section_table_end = .
 *(SORT_BY_ALIGNMENT(.after_vectors*))
 .after_vectors.reset
                0x000001d4       0x4c ./SDK/startup/startup_mk64f12.o
                0x000001d4                ResetISR
 .after_vectors.init_data
                0x00000220       0x1e ./SDK/startup/startup_mk64f12.o
                0x00000220                data_init
 .after_vectors.init_bss
                0x0000023e       0x12 ./SDK/startup/startup_mk64f12.o
                0x0000023e                bss_init
 .after_vectors
                0x00000250       0x14 ./SDK/startup/startup_mk64f12.o
                0x00000250                NMI_Handler
                0x00000254                MemManage_Handler
                0x00000256                BusFault_Handler
                0x00000258                UsageFault_Handler
                0x0000025a                SVC_Handler
                0x0000025c                DebugMon_Handler
                0x0000025e                PendSV_Handler
                0x00000262                DMA_Error_DriverIRQHandler
                0x00000262                LPTMR0_DriverIRQHandler
                0x00000262                FTM1_DriverIRQHandler
                0x00000262                FTM2_DriverIRQHandler
                0x00000262                PIT2_DriverIRQHandler
                0x00000262                SDHC_DriverIRQHandler
                0x00000262                I2S0_Tx_DriverIRQHandler
                0x00000262                RTC_Seconds_DriverIRQHandler
                0x00000262                DMA6_DriverIRQHandler
                0x00000262                LLWU_DriverIRQHandler
                0x00000262                MCM_DriverIRQHandler
                0x00000262                MCG_DriverIRQHandler
                0x00000262                ENET_1588_Timer_DriverIRQHandler
                0x00000262                I2C2_DriverIRQHandler
                0x00000262                DAC1_DriverIRQHandler
                0x00000262                SPI1_DriverIRQHandler
                0x00000262                CMP1_DriverIRQHandler
                0x00000262                UART5_RX_TX_DriverIRQHandler
                0x00000262                FTM0_DriverIRQHandler
                0x00000262                IntDefaultHandler
                0x00000262                USB0_DriverIRQHandler
                0x00000262                UART5_ERR_DriverIRQHandler
                0x00000262                PORTC_DriverIRQHandler
                0x00000262                DMA11_DriverIRQHandler
                0x00000262                DAC0_DriverIRQHandler
                0x00000262                DMA10_DriverIRQHandler
                0x00000262                CMP2_DriverIRQHandler
                0x00000262                UART2_ERR_DriverIRQHandler
                0x00000262                SPI2_DriverIRQHandler
                0x00000262                LVD_LVW_DriverIRQHandler
                0x00000262                PIT0_DriverIRQHandler
                0x00000262                RNG_DriverIRQHandler
                0x00000262                DMA5_DriverIRQHandler
                0x00000262                DMA12_DriverIRQHandler
                0x00000262                UART2_RX_TX_DriverIRQHandler
                0x00000262                USBDCD_DriverIRQHandler
                0x00000262                UART3_ERR_DriverIRQHandler
                0x00000262                DMA3_DriverIRQHandler
                0x00000262                DMA8_DriverIRQHandler
                0x00000262                DMA9_DriverIRQHandler
                0x00000262                UART0_ERR_DriverIRQHandler
                0x00000262                CMT_DriverIRQHandler
                0x00000262                Reserved71_DriverIRQHandler
                0x00000262                ADC1_DriverIRQHandler
                0x00000262                PORTA_DriverIRQHandler
                0x00000262                DMA14_DriverIRQHandler
                0x00000262                PIT3_DriverIRQHandler
                0x00000262                PIT1_DriverIRQHandler
                0x00000262                WDOG_EWM_DriverIRQHandler
                0x00000262                PDB0_DriverIRQHandler
                0x00000262                RTC_DriverIRQHandler
                0x00000262                I2S0_Rx_DriverIRQHandler
                0x00000262                Read_Collision_DriverIRQHandler
                0x00000262                SWI_DriverIRQHandler
                0x00000262                UART4_RX_TX_DriverIRQHandler
                0x00000262                UART4_ERR_DriverIRQHandler
                0x00000262                PORTB_DriverIRQHandler
                0x00000262                UART0_LON_DriverIRQHandler
                0x00000262                DMA0_DriverIRQHandler
                0x00000262                DMA1_DriverIRQHandler
                0x00000262                I2C1_DriverIRQHandler
                0x00000262                UART3_RX_TX_DriverIRQHandler
                0x00000262                ENET_Receive_DriverIRQHandler
                0x00000262                DMA13_DriverIRQHandler
                0x00000262                ENET_Error_DriverIRQHandler
                0x00000262                DMA15_DriverIRQHandler
                0x00000262                UART0_RX_TX_DriverIRQHandler
                0x00000262                SPI0_DriverIRQHandler
                0x00000262                ADC0_DriverIRQHandler
                0x00000262                CMP0_DriverIRQHandler
                0x00000262                CAN0_DriverIRQHandler
                0x00000262                FTM3_DriverIRQHandler
                0x00000262                DMA4_DriverIRQHandler
                0x00000262                UART1_ERR_DriverIRQHandler
                0x00000262                DMA2_DriverIRQHandler
                0x00000262                ENET_Transmit_DriverIRQHandler
                0x00000262                PORTD_DriverIRQHandler
                0x00000262                PORTE_DriverIRQHandler
                0x00000262                FTFE_DriverIRQHandler
                0x00000262                I2C0_DriverIRQHandler
                0x00000262                DMA7_DriverIRQHandler
                0x00000262                UART1_RX_TX_DriverIRQHandler
                0x00000400                . = 0x400
 *fill*         0x00000264      0x19c ff
                0x00000400                PROVIDE (__FLASH_CONFIG_START__, .)
 *(SORT_BY_ALIGNMENT(.FlashConfig))
 .FlashConfig   0x00000400       0x10 ./SDK/startup/startup_mk64f12.o
                0x00000400                Flash_Config
                0x00000410                PROVIDE (__FLASH_CONFIG_END__, .)
                0x00000001                ASSERT (! ((__FLASH_CONFIG_START__ == __FLASH_CONFIG_END__)), Linker Flash Config Support Enabled, but no .FlashConfig section provided within application)
 *(SORT_BY_ALIGNMENT(.text*))
 .text.clearUserInfo
                0x00000410       0x9c ./source/App.o
                0x00000410                clearUserInfo
 .text.update_hidePIN
                0x000004ac       0x7c ./source/App.o
                0x000004ac                update_hidePIN
 .text.modifyNumberCode
                0x00000528      0x1bc ./source/App.o
                0x00000528                modifyNumberCode
 .text.idleHandler
                0x000006e4       0x60 ./source/App.o
                0x000006e4                idleHandler
 .text.displayHandler
                0x00000744       0xf0 ./source/App.o
                0x00000744                displayHandler
 .text.encoderHandler
                0x00000834       0x54 ./source/App.o
                0x00000834                encoderHandler
 .text.lectorHandler
                0x00000888       0x60 ./source/App.o
                0x00000888                lectorHandler
 .text.internarHandler
                0x000008e8       0xe8 ./source/App.o
                0x000008e8                internarHandler
 .text.closeDoor
                0x000009d0       0x20 ./source/App.o
                0x000009d0                closeDoor
 .text.accessDenied
                0x000009f0       0x20 ./source/App.o
                0x000009f0                accessDenied
 .text.App_Init
                0x00000a10       0xb0 ./source/App.o
                0x00000a10                App_Init
 .text.App_Run  0x00000ac0       0x78 ./source/App.o
                0x00000ac0                App_Run
 .text.DispBoard_Init
                0x00000b38       0xa4 ./source/DisplayBoard.o
                0x00000b38                DispBoard_Init
 .text.Disp7Seg_Select
                0x00000bdc       0xb8 ./source/DisplayBoard.o
                0x00000bdc                Disp7Seg_Select
 .text.LedStatus_Write
                0x00000c94       0x94 ./source/DisplayBoard.o
                0x00000c94                LedStatus_Write
 .text.LedStatus_GetState
                0x00000d28       0x18 ./source/DisplayBoard.o
                0x00000d28                LedStatus_GetState
 .text.DispShowMsj
                0x00000d40      0x258 ./source/DisplayBoard.o
                0x00000d40                DispShowMsj
 .text.DispShiftMsj
                0x00000f98       0x64 ./source/DisplayBoard.o
                0x00000f98                DispShiftMsj
 .text.DispClear
                0x00000ffc       0x54 ./source/DisplayBoard.o
                0x00000ffc                DispClear
 .text.DispGetCursor
                0x00001050       0x18 ./source/DisplayBoard.o
                0x00001050                DispGetCursor
 .text.DispModType
                0x00001068       0x18 ./source/DisplayBoard.o
                0x00001068                DispModType
 .text.DispChangeBright
                0x00001080       0x6c ./source/DisplayBoard.o
                0x00001080                DispChangeBright
 .text.Disp7Seg_Write
                0x000010ec      0xd60 ./source/DisplayBoard.o
                0x000010ec                Disp7Seg_Write
 .text.encoderInit
                0x00001e4c       0x78 ./source/Encoder.o
                0x00001e4c                encoderInit
 .text.encoderCH_Handler
                0x00001ec4       0x2c ./source/Encoder.o
                0x00001ec4                encoderCH_Handler
 .text.enconderSwitch_Handler
                0x00001ef0       0x28 ./source/Encoder.o
                0x00001ef0                enconderSwitch_Handler
 .text.encoderMotionGetEvent
                0x00001f18       0x4c ./source/Encoder.o
                0x00001f18                encoderMotionGetEvent
 .text.EncSetFlag
                0x00001f64       0x20 ./source/Encoder.o
                0x00001f64                EncSetFlag
 .text.EncGetFlag
                0x00001f84       0x18 ./source/Encoder.o
                0x00001f84                EncGetFlag
 .text.__NVIC_EnableIRQ
                0x00001f9c       0x3c ./source/InternalControl.o
 .text.internalControlInit
                0x00001fd8       0x94 ./source/InternalControl.o
                0x00001fd8                internalControlInit
 .text.isr_swOK
                0x0000206c       0x18 ./source/InternalControl.o
                0x0000206c                isr_swOK
 .text.isr_swCANCEL
                0x00002084       0x18 ./source/InternalControl.o
                0x00002084                isr_swCANCEL
 .text.PortGetOK_Status
                0x0000209c       0x18 ./source/InternalControl.o
                0x0000209c                PortGetOK_Status
 .text.PortClearOK_Status
                0x000020b4       0x18 ./source/InternalControl.o
                0x000020b4                PortClearOK_Status
 .text.PortGetCANCEL_Status
                0x000020cc       0x18 ./source/InternalControl.o
                0x000020cc                PortGetCANCEL_Status
 .text.PortClearCANCEL_Status
                0x000020e4       0x18 ./source/InternalControl.o
                0x000020e4                PortClearCANCEL_Status
 .text.readSwitchInterface
                0x000020fc       0x48 ./source/InternalControl.o
                0x000020fc                readSwitchInterface
 .text.internalControlGetEvent
                0x00002144       0x38 ./source/InternalControl.o
                0x00002144                internalControlGetEvent
 .text.__NVIC_EnableIRQ
                0x0000217c       0x3c ./source/Lector.o
 .text.isr_enable
                0x000021b8       0x34 ./source/Lector.o
 .text.lector_get_PAN
                0x000021ec       0x50 ./source/Lector.o
                0x000021ec                lector_get_PAN
 .text.clear_PAN
                0x0000223c       0x34 ./source/Lector.o
 .text.lectorInit
                0x00002270       0x64 ./source/Lector.o
                0x00002270                lectorInit
 .text.Check_LRC
                0x000022d4       0x74 ./source/Lector.o
 .text.get_Data
                0x00002348      0x11c ./source/Lector.o
 .text.set_Enable
                0x00002464       0x68 ./source/Lector.o
 .text.__NVIC_EnableIRQ
                0x000024cc       0x3c ./source/SysTick.o
 .text.SysTick_Init
                0x00002508       0x4c ./source/SysTick.o
                0x00002508                SysTick_Init
 .text.SysTick_Handler
                0x00002554       0x24 ./source/SysTick.o
                0x00002554                SysTick_Handler
 .text.initUser
                0x00002578       0x5c ./source/Users.o
                0x00002578                initUser
 .text.validateIDint
                0x000025d4       0x70 ./source/Users.o
                0x000025d4                validateIDint
 .text.validatePIN
                0x00002644       0x3c ./source/Users.o
                0x00002644                validatePIN
 .text.validateUser
                0x00002680       0x94 ./source/Users.o
                0x00002680                validateUser
 .text.PORTD_IRQHandler
                0x00002714       0x64 ./source/gpio.o
                0x00002714                PORTD_IRQHandler
 .text.PORTA_IRQHandler
                0x00002778       0x5c ./source/gpio.o
                0x00002778                PORTA_IRQHandler
 .text.PORTC_IRQHandler
                0x000027d4       0x64 ./source/gpio.o
                0x000027d4                PORTC_IRQHandler
 .text.gpioMode
                0x00002838      0x174 ./source/gpio.o
                0x00002838                gpioMode
 .text.gpioWrite
                0x000029ac       0x6c ./source/gpio.o
                0x000029ac                gpioWrite
 .text.gpioRead
                0x00002a18       0x5c ./source/gpio.o
                0x00002a18                gpioRead
 .text.gpioIRQ  0x00002a74       0x94 ./source/gpio.o
                0x00002a74                gpioIRQ
 .text.PORT_ClearInterruptFlag
                0x00002b08       0x48 ./source/gpio.o
                0x00002b08                PORT_ClearInterruptFlag
 .text.timerInit
                0x00002b50       0x28 ./source/timer.o
                0x00002b50                timerInit
 .text.timerGetId
                0x00002b78       0x2c ./source/timer.o
                0x00002b78                timerGetId
 .text.timerStart
                0x00002ba4       0xa4 ./source/timer.o
                0x00002ba4                timerStart
 .text.timerStop
                0x00002c48       0x30 ./source/timer.o
                0x00002c48                timerStop
 .text.timerExpired
                0x00002c78       0x44 ./source/timer.o
                0x00002c78                timerExpired
 .text.timer_isr
                0x00002cbc       0xdc ./source/timer.o
 .text.hw_Init  0x00002d98      0x10c ./SDK/startup/hardware.o
                0x00002d98                hw_Init
 .text.hw_EnableInterrupts
                0x00002ea4       0x30 ./SDK/startup/hardware.o
                0x00002ea4                hw_EnableInterrupts
 .text.hw_DisableInterrupts
                0x00002ed4       0x20 ./SDK/startup/hardware.o
                0x00002ed4                hw_DisableInterrupts
 .text.SystemInit
                0x00002ef4       0x3c ./SDK/CMSIS/system_MK64F12.o
                0x00002ef4                SystemInit
 .text.encoderReadMotion
                0x00002f30       0x6e ./source/Encoder.o
                0x00002f30                encoderReadMotion
 .text.encoderReadSwitch
                0x00002f9e       0x20 ./source/Encoder.o
                0x00002f9e                encoderReadSwitch
 .text.RGBIndicator
                0x00002fbe       0x6e ./source/InternalControl.o
                0x00002fbe                RGBIndicator
 .text.isr_clk  0x0000302c       0x16 ./source/Lector.o
 .text.parity   0x00003042       0x4e ./source/Lector.o
 .text.validateID
                0x00003090       0x24 ./source/Users.o
                0x00003090                validateID
 .text.main     0x000030b4       0x1a ./SDK/startup/main.o
                0x000030b4                main
 .text.HardFault_Handler
                0x000030ce       0x2c ./SDK/startup/semihost_hardfault.o
                0x000030ce                HardFault_Handler
 .text.DMA0_IRQHandler
                0x000030fa        0x8 ./SDK/startup/startup_mk64f12.o
                0x000030fa                DMA0_IRQHandler
 .text.DMA1_IRQHandler
                0x00003102        0x8 ./SDK/startup/startup_mk64f12.o
                0x00003102                DMA1_IRQHandler
 .text.DMA2_IRQHandler
                0x0000310a        0x8 ./SDK/startup/startup_mk64f12.o
                0x0000310a                DMA2_IRQHandler
 .text.DMA3_IRQHandler
                0x00003112        0x8 ./SDK/startup/startup_mk64f12.o
                0x00003112                DMA3_IRQHandler
 .text.DMA4_IRQHandler
                0x0000311a        0x8 ./SDK/startup/startup_mk64f12.o
                0x0000311a                DMA4_IRQHandler
 .text.DMA5_IRQHandler
                0x00003122        0x8 ./SDK/startup/startup_mk64f12.o
                0x00003122                DMA5_IRQHandler
 .text.DMA6_IRQHandler
                0x0000312a        0x8 ./SDK/startup/startup_mk64f12.o
                0x0000312a                DMA6_IRQHandler
 .text.DMA7_IRQHandler
                0x00003132        0x8 ./SDK/startup/startup_mk64f12.o
                0x00003132                DMA7_IRQHandler
 .text.DMA8_IRQHandler
                0x0000313a        0x8 ./SDK/startup/startup_mk64f12.o
                0x0000313a                DMA8_IRQHandler
 .text.DMA9_IRQHandler
                0x00003142        0x8 ./SDK/startup/startup_mk64f12.o
                0x00003142                DMA9_IRQHandler
 .text.DMA10_IRQHandler
                0x0000314a        0x8 ./SDK/startup/startup_mk64f12.o
                0x0000314a                DMA10_IRQHandler
 .text.DMA11_IRQHandler
                0x00003152        0x8 ./SDK/startup/startup_mk64f12.o
                0x00003152                DMA11_IRQHandler
 .text.DMA12_IRQHandler
                0x0000315a        0x8 ./SDK/startup/startup_mk64f12.o
                0x0000315a                DMA12_IRQHandler
 .text.DMA13_IRQHandler
                0x00003162        0x8 ./SDK/startup/startup_mk64f12.o
                0x00003162                DMA13_IRQHandler
 .text.DMA14_IRQHandler
                0x0000316a        0x8 ./SDK/startup/startup_mk64f12.o
                0x0000316a                DMA14_IRQHandler
 .text.DMA15_IRQHandler
                0x00003172        0x8 ./SDK/startup/startup_mk64f12.o
                0x00003172                DMA15_IRQHandler
 .text.DMA_Error_IRQHandler
                0x0000317a        0x8 ./SDK/startup/startup_mk64f12.o
                0x0000317a                DMA_Error_IRQHandler
 .text.MCM_IRQHandler
                0x00003182        0x8 ./SDK/startup/startup_mk64f12.o
                0x00003182                MCM_IRQHandler
 .text.FTFE_IRQHandler
                0x0000318a        0x8 ./SDK/startup/startup_mk64f12.o
                0x0000318a                FTFE_IRQHandler
 .text.Read_Collision_IRQHandler
                0x00003192        0x8 ./SDK/startup/startup_mk64f12.o
                0x00003192                Read_Collision_IRQHandler
 .text.LVD_LVW_IRQHandler
                0x0000319a        0x8 ./SDK/startup/startup_mk64f12.o
                0x0000319a                LVD_LVW_IRQHandler
 .text.LLWU_IRQHandler
                0x000031a2        0x8 ./SDK/startup/startup_mk64f12.o
                0x000031a2                LLWU_IRQHandler
 .text.WDOG_EWM_IRQHandler
                0x000031aa        0x8 ./SDK/startup/startup_mk64f12.o
                0x000031aa                WDOG_EWM_IRQHandler
 .text.RNG_IRQHandler
                0x000031b2        0x8 ./SDK/startup/startup_mk64f12.o
                0x000031b2                RNG_IRQHandler
 .text.I2C0_IRQHandler
                0x000031ba        0x8 ./SDK/startup/startup_mk64f12.o
                0x000031ba                I2C0_IRQHandler
 .text.I2C1_IRQHandler
                0x000031c2        0x8 ./SDK/startup/startup_mk64f12.o
                0x000031c2                I2C1_IRQHandler
 .text.SPI0_IRQHandler
                0x000031ca        0x8 ./SDK/startup/startup_mk64f12.o
                0x000031ca                SPI0_IRQHandler
 .text.SPI1_IRQHandler
                0x000031d2        0x8 ./SDK/startup/startup_mk64f12.o
                0x000031d2                SPI1_IRQHandler
 .text.I2S0_Tx_IRQHandler
                0x000031da        0x8 ./SDK/startup/startup_mk64f12.o
                0x000031da                I2S0_Tx_IRQHandler
 .text.I2S0_Rx_IRQHandler
                0x000031e2        0x8 ./SDK/startup/startup_mk64f12.o
                0x000031e2                I2S0_Rx_IRQHandler
 .text.UART0_LON_IRQHandler
                0x000031ea        0x8 ./SDK/startup/startup_mk64f12.o
                0x000031ea                UART0_LON_IRQHandler
 .text.UART0_RX_TX_IRQHandler
                0x000031f2        0x8 ./SDK/startup/startup_mk64f12.o
                0x000031f2                UART0_RX_TX_IRQHandler
 .text.UART0_ERR_IRQHandler
                0x000031fa        0x8 ./SDK/startup/startup_mk64f12.o
                0x000031fa                UART0_ERR_IRQHandler
 .text.UART1_RX_TX_IRQHandler
                0x00003202        0x8 ./SDK/startup/startup_mk64f12.o
                0x00003202                UART1_RX_TX_IRQHandler
 .text.UART1_ERR_IRQHandler
                0x0000320a        0x8 ./SDK/startup/startup_mk64f12.o
                0x0000320a                UART1_ERR_IRQHandler
 .text.UART2_RX_TX_IRQHandler
                0x00003212        0x8 ./SDK/startup/startup_mk64f12.o
                0x00003212                UART2_RX_TX_IRQHandler
 .text.UART2_ERR_IRQHandler
                0x0000321a        0x8 ./SDK/startup/startup_mk64f12.o
                0x0000321a                UART2_ERR_IRQHandler
 .text.UART3_RX_TX_IRQHandler
                0x00003222        0x8 ./SDK/startup/startup_mk64f12.o
                0x00003222                UART3_RX_TX_IRQHandler
 .text.UART3_ERR_IRQHandler
                0x0000322a        0x8 ./SDK/startup/startup_mk64f12.o
                0x0000322a                UART3_ERR_IRQHandler
 .text.ADC0_IRQHandler
                0x00003232        0x8 ./SDK/startup/startup_mk64f12.o
                0x00003232                ADC0_IRQHandler
 .text.CMP0_IRQHandler
                0x0000323a        0x8 ./SDK/startup/startup_mk64f12.o
                0x0000323a                CMP0_IRQHandler
 .text.CMP1_IRQHandler
                0x00003242        0x8 ./SDK/startup/startup_mk64f12.o
                0x00003242                CMP1_IRQHandler
 .text.FTM0_IRQHandler
                0x0000324a        0x8 ./SDK/startup/startup_mk64f12.o
                0x0000324a                FTM0_IRQHandler
 .text.FTM1_IRQHandler
                0x00003252        0x8 ./SDK/startup/startup_mk64f12.o
                0x00003252                FTM1_IRQHandler
 .text.FTM2_IRQHandler
                0x0000325a        0x8 ./SDK/startup/startup_mk64f12.o
                0x0000325a                FTM2_IRQHandler
 .text.CMT_IRQHandler
                0x00003262        0x8 ./SDK/startup/startup_mk64f12.o
                0x00003262                CMT_IRQHandler
 .text.RTC_IRQHandler
                0x0000326a        0x8 ./SDK/startup/startup_mk64f12.o
                0x0000326a                RTC_IRQHandler
 .text.RTC_Seconds_IRQHandler
                0x00003272        0x8 ./SDK/startup/startup_mk64f12.o
                0x00003272                RTC_Seconds_IRQHandler
 .text.PIT0_IRQHandler
                0x0000327a        0x8 ./SDK/startup/startup_mk64f12.o
                0x0000327a                PIT0_IRQHandler
 .text.PIT1_IRQHandler
                0x00003282        0x8 ./SDK/startup/startup_mk64f12.o
                0x00003282                PIT1_IRQHandler
 .text.PIT2_IRQHandler
                0x0000328a        0x8 ./SDK/startup/startup_mk64f12.o
                0x0000328a                PIT2_IRQHandler
 .text.PIT3_IRQHandler
                0x00003292        0x8 ./SDK/startup/startup_mk64f12.o
                0x00003292                PIT3_IRQHandler
 .text.PDB0_IRQHandler
                0x0000329a        0x8 ./SDK/startup/startup_mk64f12.o
                0x0000329a                PDB0_IRQHandler
 .text.USB0_IRQHandler
                0x000032a2        0x8 ./SDK/startup/startup_mk64f12.o
                0x000032a2                USB0_IRQHandler
 .text.USBDCD_IRQHandler
                0x000032aa        0x8 ./SDK/startup/startup_mk64f12.o
                0x000032aa                USBDCD_IRQHandler
 .text.Reserved71_IRQHandler
                0x000032b2        0x8 ./SDK/startup/startup_mk64f12.o
                0x000032b2                Reserved71_IRQHandler
 .text.DAC0_IRQHandler
                0x000032ba        0x8 ./SDK/startup/startup_mk64f12.o
                0x000032ba                DAC0_IRQHandler
 .text.MCG_IRQHandler
                0x000032c2        0x8 ./SDK/startup/startup_mk64f12.o
                0x000032c2                MCG_IRQHandler
 .text.LPTMR0_IRQHandler
                0x000032ca        0x8 ./SDK/startup/startup_mk64f12.o
                0x000032ca                LPTMR0_IRQHandler
 .text.PORTB_IRQHandler
                0x000032d2        0x8 ./SDK/startup/startup_mk64f12.o
                0x000032d2                PORTB_IRQHandler
 .text.PORTE_IRQHandler
                0x000032da        0x8 ./SDK/startup/startup_mk64f12.o
                0x000032da                PORTE_IRQHandler
 .text.SWI_IRQHandler
                0x000032e2        0x8 ./SDK/startup/startup_mk64f12.o
                0x000032e2                SWI_IRQHandler
 .text.SPI2_IRQHandler
                0x000032ea        0x8 ./SDK/startup/startup_mk64f12.o
                0x000032ea                SPI2_IRQHandler
 .text.UART4_RX_TX_IRQHandler
                0x000032f2        0x8 ./SDK/startup/startup_mk64f12.o
                0x000032f2                UART4_RX_TX_IRQHandler
 .text.UART4_ERR_IRQHandler
                0x000032fa        0x8 ./SDK/startup/startup_mk64f12.o
                0x000032fa                UART4_ERR_IRQHandler
 .text.UART5_RX_TX_IRQHandler
                0x00003302        0x8 ./SDK/startup/startup_mk64f12.o
                0x00003302                UART5_RX_TX_IRQHandler
 .text.UART5_ERR_IRQHandler
                0x0000330a        0x8 ./SDK/startup/startup_mk64f12.o
                0x0000330a                UART5_ERR_IRQHandler
 .text.CMP2_IRQHandler
                0x00003312        0x8 ./SDK/startup/startup_mk64f12.o
                0x00003312                CMP2_IRQHandler
 .text.FTM3_IRQHandler
                0x0000331a        0x8 ./SDK/startup/startup_mk64f12.o
                0x0000331a                FTM3_IRQHandler
 .text.DAC1_IRQHandler
                0x00003322        0x8 ./SDK/startup/startup_mk64f12.o
                0x00003322                DAC1_IRQHandler
 .text.ADC1_IRQHandler
                0x0000332a        0x8 ./SDK/startup/startup_mk64f12.o
                0x0000332a                ADC1_IRQHandler
 .text.I2C2_IRQHandler
                0x00003332        0x8 ./SDK/startup/startup_mk64f12.o
                0x00003332                I2C2_IRQHandler
 .text.CAN0_ORed_Message_buffer_IRQHandler
                0x0000333a        0x8 ./SDK/startup/startup_mk64f12.o
                0x0000333a                CAN0_ORed_Message_buffer_IRQHandler
 .text.CAN0_Bus_Off_IRQHandler
                0x00003342        0x8 ./SDK/startup/startup_mk64f12.o
                0x00003342                CAN0_Bus_Off_IRQHandler
 .text.CAN0_Error_IRQHandler
                0x0000334a        0x8 ./SDK/startup/startup_mk64f12.o
                0x0000334a                CAN0_Error_IRQHandler
 .text.CAN0_Tx_Warning_IRQHandler
                0x00003352        0x8 ./SDK/startup/startup_mk64f12.o
                0x00003352                CAN0_Tx_Warning_IRQHandler
 .text.CAN0_Rx_Warning_IRQHandler
                0x0000335a        0x8 ./SDK/startup/startup_mk64f12.o
                0x0000335a                CAN0_Rx_Warning_IRQHandler
 .text.CAN0_Wake_Up_IRQHandler
                0x00003362        0x8 ./SDK/startup/startup_mk64f12.o
                0x00003362                CAN0_Wake_Up_IRQHandler
 .text.SDHC_IRQHandler
                0x0000336a        0x8 ./SDK/startup/startup_mk64f12.o
                0x0000336a                SDHC_IRQHandler
 .text.ENET_1588_Timer_IRQHandler
                0x00003372        0x8 ./SDK/startup/startup_mk64f12.o
                0x00003372                ENET_1588_Timer_IRQHandler
 .text.ENET_Transmit_IRQHandler
                0x0000337a        0x8 ./SDK/startup/startup_mk64f12.o
                0x0000337a                ENET_Transmit_IRQHandler
 .text.ENET_Receive_IRQHandler
                0x00003382        0x8 ./SDK/startup/startup_mk64f12.o
                0x00003382                ENET_Receive_IRQHandler
 .text.ENET_Error_IRQHandler
                0x0000338a        0x8 ./SDK/startup/startup_mk64f12.o
                0x0000338a                ENET_Error_IRQHandler
 .text.SystemInitHook
                0x00003392        0xe ./SDK/CMSIS/system_MK64F12.o
                0x00003392                SystemInitHook
 .text.memcpy   0x000033a0        0x4 c:/nxp/mcuxpressoide_10.2.0_759/ide/tools/bin/../lib/gcc/arm-none-eabi/7.2.1/../../../../arm-none-eabi/lib/thumb/v7e-m/fpv4-sp/hard\libcr_c.a(memcpy.o)
                0x000033a0                memcpy
 .text.memcmp   0x000033a4       0x44 c:/nxp/mcuxpressoide_10.2.0_759/ide/tools/bin/../lib/gcc/arm-none-eabi/7.2.1/../../../../arm-none-eabi/lib/thumb/v7e-m/fpv4-sp/hard\libcr_c.a(memcmp.o)
                0x000033a4                memcmp
 .text.__aeabi_memcpy
                0x000033e8       0x34 c:/nxp/mcuxpressoide_10.2.0_759/ide/tools/bin/../lib/gcc/arm-none-eabi/7.2.1/thumb/v7e-m/fpv4-sp/hard\libcr_eabihelpers.a(memcpy.o)
                0x000033e8                __aeabi_memcpy
                0x000033f2                __aeabi_memcpy8
                0x000033f2                __aeabi_memcpy4
 *(SORT_BY_ALIGNMENT(.rodata) SORT_BY_ALIGNMENT(.rodata.*) SORT_BY_ALIGNMENT(.constdata) SORT_BY_ALIGNMENT(.constdata.*))
 .rodata        0x0000341c       0x6c ./source/App.o
 .rodata        0x00003488       0x38 ./source/Users.o
                0x000034c0                . = ALIGN (0x8)

.glue_7         0x000034c0        0x0
 .glue_7        0x000034c0        0x0 linker stubs

.glue_7t        0x000034c0        0x0
 .glue_7t       0x000034c0        0x0 linker stubs

.vfp11_veneer   0x000034c0        0x0
 .vfp11_veneer  0x000034c0        0x0 linker stubs

.v4_bx          0x000034c0        0x0
 .v4_bx         0x000034c0        0x0 linker stubs

.iplt           0x000034c0        0x0
 .iplt          0x000034c0        0x0 ./source/App.o

.rel.dyn        0x000034c0        0x0
 .rel.iplt      0x000034c0        0x0 ./source/App.o

.ARM.extab
 *(SORT_BY_ALIGNMENT(.ARM.extab*) SORT_BY_ALIGNMENT(.gnu.linkonce.armextab.*))
                0x000034c0                __exidx_start = .

.ARM.exidx
 *(SORT_BY_ALIGNMENT(.ARM.exidx*) SORT_BY_ALIGNMENT(.gnu.linkonce.armexidx.*))
                0x000034c0                __exidx_end = .
                0x000034c0                _etext = .

.m_usb_data
 *(SORT_BY_ALIGNMENT(m_usb_bdt))

.data_RAM2      0x1fff0000        0x0 load address 0x000034c0
 FILL mask 0xff
                [!provide]                PROVIDE (__start_data_RAM2, .)
 *(SORT_BY_ALIGNMENT(.ramfunc.$RAM2))
 *(SORT_BY_ALIGNMENT(.ramfunc.$SRAM_LOWER))
 *(SORT_BY_ALIGNMENT(.data.$RAM2*))
 *(SORT_BY_ALIGNMENT(.data.$SRAM_LOWER*))
                0x1fff0000                . = ALIGN (0x8)
                [!provide]                PROVIDE (__end_data_RAM2, .)

.data_RAM3      0x14000000        0x0 load address 0x000034c0
 FILL mask 0xff
                [!provide]                PROVIDE (__start_data_RAM3, .)
 *(SORT_BY_ALIGNMENT(.ramfunc.$RAM3))
 *(SORT_BY_ALIGNMENT(.ramfunc.$FLEX_RAM))
 *(SORT_BY_ALIGNMENT(.data.$RAM3*))
 *(SORT_BY_ALIGNMENT(.data.$FLEX_RAM*))
                0x14000000                . = ALIGN (0x8)
                [!provide]                PROVIDE (__end_data_RAM3, .)

.uninit_RESERVED
                0x20000000        0x0
 *(SORT_BY_ALIGNMENT(.bss.$RESERVED*))
                0x20000000                . = ALIGN (0x4)
                0x20000000                _end_uninit_RESERVED = .

.data           0x20000000      0x450 load address 0x000034c0
 FILL mask 0xff
                0x20000000                _data = .
 *(SORT_BY_ALIGNMENT(vtable))
 *(SORT_BY_ALIGNMENT(.ramfunc*))
 *(SORT_BY_ALIGNMENT(.data*))
 .data.id_txt   0x20000000       0x84 ./source/App.o
 .data.pin_txt  0x20000084       0x84 ./source/App.o
 .data.pin_toDisp
                0x20000108       0x84 ./source/App.o
 .data.bright_txt
                0x2000018c       0x84 ./source/App.o
 .data.checkoutOK_txt
                0x20000210       0x84 ./source/App.o
 .data.checkoutERROR_txt
                0x20000294       0x84 ./source/App.o
 .data.idError_txt
                0x20000318       0x84 ./source/App.o
 .data.default_id
                0x2000039c       0x20 ./source/App.o
 .data.segments
                0x200003bc       0x20 ./source/DisplayBoard.o
 .data.disp_selector
                0x200003dc        0x8 ./source/DisplayBoard.o
 .data.status_leds
                0x200003e4        0x8 ./source/DisplayBoard.o
 .data.disp_vector
                0x200003ec       0x10 ./source/DisplayBoard.o
 .data.brightness
                0x200003fc        0x4 ./source/DisplayBoard.o
 .data.dsp      0x20000400        0x4 ./source/DisplayBoard.o
 .data.ledStatus
                0x20000404        0x4 ./source/DisplayBoard.o
 .data.SysTick_ptr
                0x20000408        0x4 ./source/SysTick.o
 .data.gpioPtrs
                0x2000040c       0x14 ./source/gpio.o
 .data.portPtrs
                0x20000420       0x14 ./source/gpio.o
 .data.simMasks
                0x20000434       0x14 ./source/gpio.o
 .data.sim_ptr  0x20000448        0x4 ./source/gpio.o
 .data.timers_cant
                0x2000044c        0x1 ./source/timer.o
                0x20000450                . = ALIGN (0x8)
 *fill*         0x2000044d        0x3 ff
                0x20000450                _edata = .

.igot.plt       0x20000450        0x0 load address 0x00003910
 .igot.plt      0x20000450        0x0 ./source/App.o

.bss_RAM2       0x1fff0000        0x0
                [!provide]                PROVIDE (__start_bss_RAM2, .)
 *(SORT_BY_ALIGNMENT(.bss.$RAM2*))
 *(SORT_BY_ALIGNMENT(.bss.$SRAM_LOWER*))
                0x1fff0000                . = ALIGN ((. != 0x0)?0x8:0x1)
                [!provide]                PROVIDE (__end_bss_RAM2, .)

.bss_RAM3       0x14000000        0x0
                [!provide]                PROVIDE (__start_bss_RAM3, .)
 *(SORT_BY_ALIGNMENT(.bss.$RAM3*))
 *(SORT_BY_ALIGNMENT(.bss.$FLEX_RAM*))
                0x14000000                . = ALIGN ((. != 0x0)?0x8:0x1)
                [!provide]                PROVIDE (__end_bss_RAM3, .)

.bss            0x20000450      0x688
                0x20000450                _bss = .
 *(SORT_BY_ALIGNMENT(.bss*))
 .bss.aux_id    0x20000450        0x4 ./source/App.o
 .bss.idle_cnt  0x20000454        0x4 ./source/App.o
 .bss.fsm       0x20000458        0x4 ./source/App.o
 .bss.flash_counter
                0x2000045c        0x4 ./source/DisplayBoard.o
 .bss.cursor_flash
                0x20000460        0x4 ./source/DisplayBoard.o
 .bss.bright_time
                0x20000464        0x4 ./source/DisplayBoard.o
 .bss.vector_cont
                0x20000468        0x4 ./source/DisplayBoard.o
 .bss.actual_len
                0x2000046c        0x4 ./source/DisplayBoard.o
 .bss.actual_prefix
                0x20000470        0x4 ./source/DisplayBoard.o
 .bss.actual_sufix
                0x20000474        0x4 ./source/DisplayBoard.o
 .bss.pin_pointer
                0x20000478        0x4 ./source/DisplayBoard.o
 .bss.channel_flag
                0x2000047c        0x4 ./source/Encoder.o
 .bss.motion_event
                0x20000480        0x4 ./source/Encoder.o
 .bss.callback  0x20000484        0x4 ./source/Encoder.o
 .bss.internal_sw_event
                0x20000488        0x4 ./source/InternalControl.o
 .bss.callback  0x2000048c        0x4 ./source/InternalControl.o
 .bss.pan       0x20000490       0x4c ./source/Lector.o
 .bss.data      0x200004dc       0x28 ./source/Lector.o
 .bss.callback  0x20000504        0x4 ./source/Lector.o
 .bss.callbackTick
                0x20000508        0x4 ./source/SysTick.o
 .bss.index_    0x2000050c        0x4 ./source/Users.o
 .bss.users     0x20000510      0x230 ./source/Users.o
 .bss.isr_Matrix
                0x20000740      0x280 ./source/gpio.o
 .bss.timers    0x200009c0      0x100 ./source/timer.o
 .bss.__LDM_interruptDisableCount
                0x20000ac0        0x4 ./SDK/startup/hardware.o
 .bss.idle_fsm  0x20000ac4        0x1 ./source/App.o
 .bss.timerDisp
                0x20000ac5        0x1 ./source/App.o
 .bss.timerIdle
                0x20000ac6        0x1 ./source/App.o
 .bss.timerError
                0x20000ac7        0x1 ./source/App.o
 .bss.timerPestillo
                0x20000ac8        0x1 ./source/App.o
 .bss.load_menu
                0x20000ac9        0x1 ./source/DisplayBoard.o
 .bss.shift_hab
                0x20000aca        0x1 ./source/DisplayBoard.o
 .bss.timerEncCH
                0x20000acb        0x1 ./source/Encoder.o
 .bss.timerEncSwitch
                0x20000acc        0x1 ./source/Encoder.o
 .bss.OK_sw     0x20000acd        0x1 ./source/InternalControl.o
 .bss.CANCEL_sw
                0x20000ace        0x1 ./source/InternalControl.o
 .bss.timerSw   0x20000acf        0x1 ./source/InternalControl.o
 .bss.Enable    0x20000ad0        0x1 ./source/Lector.o
 .bss.chkEnable
                0x20000ad1        0x1 ./source/Lector.o
 .bss.count     0x20000ad2        0x1 ./source/Lector.o
 .bss.bits      0x20000ad3        0x1 ./source/Lector.o
 .bss.lrc       0x20000ad4        0x1 ./source/Lector.o
 .bss.word      0x20000ad5        0x1 ./source/Lector.o
 .bss.end       0x20000ad6        0x1 ./source/Lector.o
 .bss.yaInit.7476
                0x20000ad7        0x1 ./source/timer.o
 *(SORT_BY_ALIGNMENT(COMMON))
                0x20000ad8                . = ALIGN (0x8)
                0x20000ad8                _ebss = .
                [!provide]                PROVIDE (end, .)

.noinit_RAM2    0x1fff0000        0x0
 *(SORT_BY_ALIGNMENT(.noinit.$RAM2*))
 *(SORT_BY_ALIGNMENT(.noinit.$SRAM_LOWER*))
                0x1fff0000                . = ALIGN (0x8)

.noinit_RAM3    0x14000000        0x0
 *(SORT_BY_ALIGNMENT(.noinit.$RAM3*))
 *(SORT_BY_ALIGNMENT(.noinit.$FLEX_RAM*))
                0x14000000                . = ALIGN (0x8)

.noinit         0x20000ad8        0x0
                0x20000ad8                _noinit = .
 *(SORT_BY_ALIGNMENT(.noinit*))
                0x20000ad8                . = ALIGN (0x8)
                0x20000ad8                _end_noinit = .
                0x00001000                _HeapSize = 0x1000

.heap           0x20000ad8     0x1000
                0x20000ad8                _pvHeapStart = .
                0x20001ad8                . = (. + _HeapSize)
 *fill*         0x20000ad8     0x1000 
                0x20001ad8                . = ALIGN (0x8)
                0x20001ad8                _pvHeapLimit = .
                0x00001000                _StackSize = 0x1000

.heap2stackfill
                0x20001ad8     0x1000
                0x20002ad8                . = (. + _StackSize)
 *fill*         0x20001ad8     0x1000 

.stack          0x2002f000        0x0
                0x2002f000                _vStackBase = .
                0x2002f000                . = ALIGN (0x8)
                0x20030000                _vStackTop = (. + _StackSize)
                0x00000000                _image_start = LOADADDR (.text)
                0x00003910                _image_end = (LOADADDR (.data) + SIZEOF (.data))
                0x00003910                _image_size = (_image_end - _image_start)
OUTPUT(Blink.axf elf32-littlearm)

.debug_info     0x00000000     0x7163
 .debug_info    0x00000000      0xcec ./source/App.o
 .debug_info    0x00000cec      0xc5d ./source/DisplayBoard.o
 .debug_info    0x00001949      0xa72 ./source/Encoder.o
 .debug_info    0x000023bb      0xe72 ./source/InternalControl.o
 .debug_info    0x0000322d      0x70a ./source/Lector.o
 .debug_info    0x00003937      0x526 ./source/SysTick.o
 .debug_info    0x00003e5d      0xb43 ./source/Users.o
 .debug_info    0x000049a0      0x6c2 ./source/gpio.o
 .debug_info    0x00005062      0xaee ./source/timer.o
 .debug_info    0x00005b50      0x675 ./SDK/startup/hardware.o
 .debug_info    0x000061c5       0xb7 ./SDK/startup/main.o
 .debug_info    0x0000627c       0x3b ./SDK/startup/semihost_hardfault.o
 .debug_info    0x000062b7      0x8b0 ./SDK/startup/startup_mk64f12.o
 .debug_info    0x00006b67      0x5fc ./SDK/CMSIS/system_MK64F12.o

.debug_abbrev   0x00000000     0x1939
 .debug_abbrev  0x00000000      0x26e ./source/App.o
 .debug_abbrev  0x0000026e      0x2e2 ./source/DisplayBoard.o
 .debug_abbrev  0x00000550      0x27c ./source/Encoder.o
 .debug_abbrev  0x000007cc      0x2b0 ./source/InternalControl.o
 .debug_abbrev  0x00000a7c      0x23a ./source/Lector.o
 .debug_abbrev  0x00000cb6      0x1a0 ./source/SysTick.o
 .debug_abbrev  0x00000e56      0x216 ./source/Users.o
 .debug_abbrev  0x0000106c      0x1a7 ./source/gpio.o
 .debug_abbrev  0x00001213      0x2a7 ./source/timer.o
 .debug_abbrev  0x000014ba      0x138 ./SDK/startup/hardware.o
 .debug_abbrev  0x000015f2       0x7d ./SDK/startup/main.o
 .debug_abbrev  0x0000166f       0x2f ./SDK/startup/semihost_hardfault.o
 .debug_abbrev  0x0000169e      0x15c ./SDK/startup/startup_mk64f12.o
 .debug_abbrev  0x000017fa      0x13f ./SDK/CMSIS/system_MK64F12.o

.debug_aranges  0x00000000      0x730
 .debug_aranges
                0x00000000       0x78 ./source/App.o
 .debug_aranges
                0x00000078       0x70 ./source/DisplayBoard.o
 .debug_aranges
                0x000000e8       0x60 ./source/Encoder.o
 .debug_aranges
                0x00000148       0x70 ./source/InternalControl.o
 .debug_aranges
                0x000001b8       0x68 ./source/Lector.o
 .debug_aranges
                0x00000220       0x30 ./source/SysTick.o
 .debug_aranges
                0x00000250       0x60 ./source/Users.o
 .debug_aranges
                0x000002b0       0x60 ./source/gpio.o
 .debug_aranges
                0x00000310       0x50 ./source/timer.o
 .debug_aranges
                0x00000360       0x30 ./SDK/startup/hardware.o
 .debug_aranges
                0x00000390       0x20 ./SDK/startup/main.o
 .debug_aranges
                0x000003b0       0x20 ./SDK/startup/semihost_hardfault.o
 .debug_aranges
                0x000003d0      0x330 ./SDK/startup/startup_mk64f12.o
 .debug_aranges
                0x00000700       0x30 ./SDK/CMSIS/system_MK64F12.o

.debug_ranges   0x00000000      0x668
 .debug_ranges  0x00000000       0x80 ./source/App.o
 .debug_ranges  0x00000080       0x60 ./source/DisplayBoard.o
 .debug_ranges  0x000000e0       0x50 ./source/Encoder.o
 .debug_ranges  0x00000130       0x60 ./source/InternalControl.o
 .debug_ranges  0x00000190       0x58 ./source/Lector.o
 .debug_ranges  0x000001e8       0x20 ./source/SysTick.o
 .debug_ranges  0x00000208       0x50 ./source/Users.o
 .debug_ranges  0x00000258       0x50 ./source/gpio.o
 .debug_ranges  0x000002a8       0x40 ./source/timer.o
 .debug_ranges  0x000002e8       0x20 ./SDK/startup/hardware.o
 .debug_ranges  0x00000308       0x10 ./SDK/startup/main.o
 .debug_ranges  0x00000318       0x10 ./SDK/startup/semihost_hardfault.o
 .debug_ranges  0x00000328      0x320 ./SDK/startup/startup_mk64f12.o
 .debug_ranges  0x00000648       0x20 ./SDK/CMSIS/system_MK64F12.o

.debug_macro    0x00000000    0x12e8b
 .debug_macro   0x00000000      0x1b2 ./source/App.o
 .debug_macro   0x000001b2      0xa5a ./source/App.o
 .debug_macro   0x00000c0c      0x34e ./source/App.o
 .debug_macro   0x00000f5a       0x22 ./source/App.o
 .debug_macro   0x00000f7c       0x17 ./source/App.o
 .debug_macro   0x00000f93       0x22 ./source/App.o
 .debug_macro   0x00000fb5       0x52 ./source/App.o
 .debug_macro   0x00001007       0x8d ./source/App.o
 .debug_macro   0x00001094       0x35 ./source/App.o
 .debug_macro   0x000010c9       0x9c ./source/App.o
 .debug_macro   0x00001165       0x16 ./source/App.o
 .debug_macro   0x0000117b      0x10e ./source/App.o
 .debug_macro   0x00001289       0x8d ./source/App.o
 .debug_macro   0x00001316       0x57 ./source/App.o
 .debug_macro   0x0000136d       0x58 ./source/App.o
 .debug_macro   0x000013c5       0x1f ./source/App.o
 .debug_macro   0x000013e4       0x43 ./source/App.o
 .debug_macro   0x00001427       0x20 ./source/App.o
 .debug_macro   0x00001447      0x18e ./source/App.o
 .debug_macro   0x000015d5      0x330 ./source/App.o
 .debug_macro   0x00001905       0x16 ./source/App.o
 .debug_macro   0x0000191b       0x29 ./source/App.o
 .debug_macro   0x00001944       0x1c ./source/App.o
 .debug_macro   0x00001960       0x7c ./source/App.o
 .debug_macro   0x000019dc       0x22 ./source/App.o
 .debug_macro   0x000019fe       0x34 ./source/App.o
 .debug_macro   0x00001a32       0x1c ./source/App.o
 .debug_macro   0x00001a4e       0x28 ./source/App.o
 .debug_macro   0x00001a76      0x1e1 ./source/DisplayBoard.o
 .debug_macro   0x00001c57       0x76 ./source/DisplayBoard.o
 .debug_macro   0x00001ccd       0x10 ./source/DisplayBoard.o
 .debug_macro   0x00001cdd       0x5c ./source/DisplayBoard.o
 .debug_macro   0x00001d39       0x1c ./source/DisplayBoard.o
 .debug_macro   0x00001d55       0x22 ./source/DisplayBoard.o
 .debug_macro   0x00001d77       0xd9 ./source/DisplayBoard.o
 .debug_macro   0x00001e50      0xecf ./source/DisplayBoard.o
 .debug_macro   0x00002d1f       0x48 ./source/DisplayBoard.o
 .debug_macro   0x00002d67     0xe07b ./source/DisplayBoard.o
 .debug_macro   0x00010de2     0x122b ./source/DisplayBoard.o
 .debug_macro   0x0001200d       0x16 ./source/DisplayBoard.o
 .debug_macro   0x00012023       0x3a ./source/DisplayBoard.o
 .debug_macro   0x0001205d       0xa6 ./source/DisplayBoard.o
 .debug_macro   0x00012103      0x1b7 ./source/Encoder.o
 .debug_macro   0x000122ba       0x1c ./source/Encoder.o
 .debug_macro   0x000122d6       0x22 ./source/Encoder.o
 .debug_macro   0x000122f8      0x1b7 ./source/InternalControl.o
 .debug_macro   0x000124af       0x16 ./source/InternalControl.o
 .debug_macro   0x000124c5       0xd2 ./source/Lector.o
 .debug_macro   0x00012597      0x174 ./source/Lector.o
 .debug_macro   0x0001270b       0xdf ./source/Lector.o
 .debug_macro   0x000127ea       0xac ./source/SysTick.o
 .debug_macro   0x00012896      0x11e ./source/Users.o
 .debug_macro   0x000129b4       0x22 ./source/Users.o
 .debug_macro   0x000129d6       0x10 ./source/Users.o
 .debug_macro   0x000129e6       0x35 ./source/Users.o
 .debug_macro   0x00012a1b       0xab ./source/gpio.o
 .debug_macro   0x00012ac6      0x1c3 ./source/timer.o
 .debug_macro   0x00012c89       0x10 ./source/timer.o
 .debug_macro   0x00012c99       0x9c ./SDK/startup/hardware.o
 .debug_macro   0x00012d35       0x9c ./SDK/startup/main.o
 .debug_macro   0x00012dd1       0x11 ./SDK/startup/semihost_hardfault.o
 .debug_macro   0x00012de2       0x29 ./SDK/startup/startup_mk64f12.o
 .debug_macro   0x00012e0b       0x80 ./SDK/CMSIS/system_MK64F12.o

.debug_line     0x00000000     0x2ca6
 .debug_line    0x00000000      0x46d ./source/App.o
 .debug_line    0x0000046d      0x5c8 ./source/DisplayBoard.o
 .debug_line    0x00000a35      0x3f7 ./source/Encoder.o
 .debug_line    0x00000e2c      0x444 ./source/InternalControl.o
 .debug_line    0x00001270      0x2ca ./source/Lector.o
 .debug_line    0x0000153a      0x1b6 ./source/SysTick.o
 .debug_line    0x000016f0      0x335 ./source/Users.o
 .debug_line    0x00001a25      0x25d ./source/gpio.o
 .debug_line    0x00001c82      0x3e3 ./source/timer.o
 .debug_line    0x00002065      0x1d4 ./SDK/startup/hardware.o
 .debug_line    0x00002239      0x175 ./SDK/startup/main.o
 .debug_line    0x000023ae       0x59 ./SDK/startup/semihost_hardfault.o
 .debug_line    0x00002407      0x6d8 ./SDK/startup/startup_mk64f12.o
 .debug_line    0x00002adf      0x1c7 ./SDK/CMSIS/system_MK64F12.o

.debug_str      0x00000000    0x7c58e
 .debug_str     0x00000000     0x720f ./source/App.o
                               0x746d (size before relaxing)
 .debug_str     0x0000720f    0x73ce5 ./source/DisplayBoard.o
                              0x7aa73 (size before relaxing)
 .debug_str     0x0007aef4       0xf1 ./source/Encoder.o
                              0x7a8e3 (size before relaxing)
 .debug_str     0x0007afe5      0x694 ./source/InternalControl.o
                              0x7af08 (size before relaxing)
 .debug_str     0x0007b679       0xae ./source/Lector.o
                              0x77d57 (size before relaxing)
 .debug_str     0x0007b727       0x93 ./source/SysTick.o
                              0x775c4 (size before relaxing)
 .debug_str     0x0007b7ba       0xcf ./source/Users.o
                               0x6c50 (size before relaxing)
 .debug_str     0x0007b889      0x202 ./source/gpio.o
                              0x77271 (size before relaxing)
 .debug_str     0x0007ba8b       0xe1 ./source/timer.o
                              0x7a8dc (size before relaxing)
 .debug_str     0x0007bb6c      0x178 ./SDK/startup/hardware.o
                              0x77202 (size before relaxing)
 .debug_str     0x0007bce4       0x1b ./SDK/startup/main.o
                              0x76fd6 (size before relaxing)
 .debug_str     0x0007bcff       0x36 ./SDK/startup/semihost_hardfault.o
                               0x2d3c (size before relaxing)
 .debug_str     0x0007bd35      0x7f7 ./SDK/startup/startup_mk64f12.o
                               0x35aa (size before relaxing)
 .debug_str     0x0007c52c       0x62 ./SDK/CMSIS/system_MK64F12.o
                              0x77111 (size before relaxing)

.comment        0x00000000       0x7e
 .comment       0x00000000       0x7e ./source/App.o
                                 0x7f (size before relaxing)
 .comment       0x0000007e       0x7f ./source/DisplayBoard.o
 .comment       0x0000007e       0x7f ./source/Encoder.o
 .comment       0x0000007e       0x7f ./source/InternalControl.o
 .comment       0x0000007e       0x7f ./source/Lector.o
 .comment       0x0000007e       0x7f ./source/SysTick.o
 .comment       0x0000007e       0x7f ./source/Users.o
 .comment       0x0000007e       0x7f ./source/gpio.o
 .comment       0x0000007e       0x7f ./source/timer.o
 .comment       0x0000007e       0x7f ./SDK/startup/hardware.o
 .comment       0x0000007e       0x7f ./SDK/startup/main.o
 .comment       0x0000007e       0x7f ./SDK/startup/semihost_hardfault.o
 .comment       0x0000007e       0x7f ./SDK/startup/startup_mk64f12.o
 .comment       0x0000007e       0x7f ./SDK/CMSIS/system_MK64F12.o
 .comment       0x0000007e       0x7f c:/nxp/mcuxpressoide_10.2.0_759/ide/tools/bin/../lib/gcc/arm-none-eabi/7.2.1/../../../../arm-none-eabi/lib/thumb/v7e-m/fpv4-sp/hard\libcr_c.a(memcpy.o)
 .comment       0x0000007e       0x7f c:/nxp/mcuxpressoide_10.2.0_759/ide/tools/bin/../lib/gcc/arm-none-eabi/7.2.1/../../../../arm-none-eabi/lib/thumb/v7e-m/fpv4-sp/hard\libcr_c.a(memcmp.o)

.ARM.attributes
                0x00000000       0x37
 .ARM.attributes
                0x00000000       0x39 ./source/App.o
 .ARM.attributes
                0x00000039       0x39 ./source/DisplayBoard.o
 .ARM.attributes
                0x00000072       0x39 ./source/Encoder.o
 .ARM.attributes
                0x000000ab       0x39 ./source/InternalControl.o
 .ARM.attributes
                0x000000e4       0x39 ./source/Lector.o
 .ARM.attributes
                0x0000011d       0x39 ./source/SysTick.o
 .ARM.attributes
                0x00000156       0x39 ./source/Users.o
 .ARM.attributes
                0x0000018f       0x39 ./source/gpio.o
 .ARM.attributes
                0x000001c8       0x39 ./source/timer.o
 .ARM.attributes
                0x00000201       0x39 ./SDK/startup/hardware.o
 .ARM.attributes
                0x0000023a       0x39 ./SDK/startup/main.o
 .ARM.attributes
                0x00000273       0x39 ./SDK/startup/semihost_hardfault.o
 .ARM.attributes
                0x000002ac       0x39 ./SDK/startup/startup_mk64f12.o
 .ARM.attributes
                0x000002e5       0x39 ./SDK/CMSIS/system_MK64F12.o
 .ARM.attributes
                0x0000031e       0x39 c:/nxp/mcuxpressoide_10.2.0_759/ide/tools/bin/../lib/gcc/arm-none-eabi/7.2.1/../../../../arm-none-eabi/lib/thumb/v7e-m/fpv4-sp/hard\libcr_c.a(memcpy.o)
 .ARM.attributes
                0x00000357       0x39 c:/nxp/mcuxpressoide_10.2.0_759/ide/tools/bin/../lib/gcc/arm-none-eabi/7.2.1/../../../../arm-none-eabi/lib/thumb/v7e-m/fpv4-sp/hard\libcr_c.a(memcmp.o)
 .ARM.attributes
                0x00000390       0x25 c:/nxp/mcuxpressoide_10.2.0_759/ide/tools/bin/../lib/gcc/arm-none-eabi/7.2.1/thumb/v7e-m/fpv4-sp/hard\libcr_eabihelpers.a(memcpy.o)

.debug_frame    0x00000000     0x161c
 .debug_frame   0x00000000      0x1a0 ./source/App.o
 .debug_frame   0x000001a0      0x1a4 ./source/DisplayBoard.o
 .debug_frame   0x00000344      0x12c ./source/Encoder.o
 .debug_frame   0x00000470      0x17c ./source/InternalControl.o
 .debug_frame   0x000005ec      0x178 ./source/Lector.o
 .debug_frame   0x00000764       0x88 ./source/SysTick.o
 .debug_frame   0x000007ec      0x160 ./source/Users.o
 .debug_frame   0x0000094c      0x190 ./source/gpio.o
 .debug_frame   0x00000adc      0x10c ./source/timer.o
 .debug_frame   0x00000be8       0x70 ./SDK/startup/hardware.o
 .debug_frame   0x00000c58       0x2c ./SDK/startup/main.o
 .debug_frame   0x00000c84       0x20 ./SDK/startup/semihost_hardfault.o
 .debug_frame   0x00000ca4      0x904 ./SDK/startup/startup_mk64f12.o
 .debug_frame   0x000015a8       0x74 ./SDK/CMSIS/system_MK64F12.o
