
Discarded input sections

 .group         0x00000000        0xc ./source/App.o
 .group         0x00000000        0xc ./source/App.o
 .group         0x00000000        0xc ./source/App.o
 .group         0x00000000        0xc ./source/App.o
 .group         0x00000000        0xc ./source/App.o
 .group         0x00000000        0xc ./source/App.o
 .group         0x00000000        0xc ./source/App.o
 .group         0x00000000        0xc ./source/App.o
 .group         0x00000000        0xc ./source/App.o
 .group         0x00000000        0xc ./source/App.o
 .group         0x00000000        0xc ./source/App.o
 .group         0x00000000        0xc ./source/App.o
 .group         0x00000000        0xc ./source/App.o
 .group         0x00000000        0xc ./source/App.o
 .group         0x00000000        0xc ./source/App.o
 .group         0x00000000        0xc ./source/App.o
 .group         0x00000000        0xc ./source/App.o
 .group         0x00000000        0xc ./source/App.o
 .group         0x00000000        0xc ./source/App.o
 .group         0x00000000        0xc ./source/App.o
 .group         0x00000000        0xc ./source/App.o
 .group         0x00000000        0xc ./source/App.o
 .group         0x00000000        0xc ./source/App.o
 .group         0x00000000        0xc ./source/App.o
 .text          0x00000000        0x0 ./source/App.o
 .data          0x00000000        0x0 ./source/App.o
 .bss           0x00000000        0x0 ./source/App.o
 .group         0x00000000        0xc ./source/DisplayBoard.o
 .group         0x00000000        0xc ./source/DisplayBoard.o
 .group         0x00000000        0xc ./source/DisplayBoard.o
 .group         0x00000000        0xc ./source/DisplayBoard.o
 .group         0x00000000        0xc ./source/DisplayBoard.o
 .group         0x00000000        0xc ./source/DisplayBoard.o
 .group         0x00000000        0xc ./source/DisplayBoard.o
 .group         0x00000000        0xc ./source/DisplayBoard.o
 .group         0x00000000        0xc ./source/DisplayBoard.o
 .group         0x00000000        0xc ./source/DisplayBoard.o
 .group         0x00000000        0xc ./source/DisplayBoard.o
 .group         0x00000000        0xc ./source/DisplayBoard.o
 .group         0x00000000        0xc ./source/DisplayBoard.o
 .group         0x00000000        0xc ./source/DisplayBoard.o
 .group         0x00000000        0xc ./source/DisplayBoard.o
 .group         0x00000000        0xc ./source/DisplayBoard.o
 .group         0x00000000        0xc ./source/DisplayBoard.o
 .group         0x00000000        0xc ./source/DisplayBoard.o
 .group         0x00000000        0xc ./source/DisplayBoard.o
 .group         0x00000000        0xc ./source/DisplayBoard.o
 .group         0x00000000        0xc ./source/DisplayBoard.o
 .group         0x00000000        0xc ./source/DisplayBoard.o
 .group         0x00000000        0xc ./source/DisplayBoard.o
 .group         0x00000000        0xc ./source/DisplayBoard.o
 .group         0x00000000        0xc ./source/DisplayBoard.o
 .group         0x00000000        0xc ./source/DisplayBoard.o
 .group         0x00000000        0xc ./source/DisplayBoard.o
 .group         0x00000000        0xc ./source/DisplayBoard.o
 .group         0x00000000        0xc ./source/DisplayBoard.o
 .group         0x00000000        0xc ./source/DisplayBoard.o
 .group         0x00000000        0xc ./source/DisplayBoard.o
 .group         0x00000000        0xc ./source/DisplayBoard.o
 .group         0x00000000        0xc ./source/DisplayBoard.o
 .group         0x00000000        0xc ./source/DisplayBoard.o
 .text          0x00000000        0x0 ./source/DisplayBoard.o
 .data          0x00000000        0x0 ./source/DisplayBoard.o
 .bss           0x00000000        0x0 ./source/DisplayBoard.o
 .text.DispShowID
                0x00000000      0x140 ./source/DisplayBoard.o
 .debug_macro   0x00000000      0xa5a ./source/DisplayBoard.o
 .debug_macro   0x00000000      0x34e ./source/DisplayBoard.o
 .debug_macro   0x00000000       0x22 ./source/DisplayBoard.o
 .debug_macro   0x00000000       0x17 ./source/DisplayBoard.o
 .debug_macro   0x00000000       0x22 ./source/DisplayBoard.o
 .debug_macro   0x00000000       0x52 ./source/DisplayBoard.o
 .debug_macro   0x00000000       0x8d ./source/DisplayBoard.o
 .debug_macro   0x00000000       0x35 ./source/DisplayBoard.o
 .debug_macro   0x00000000       0x9c ./source/DisplayBoard.o
 .debug_macro   0x00000000       0x16 ./source/DisplayBoard.o
 .debug_macro   0x00000000      0x10e ./source/DisplayBoard.o
 .debug_macro   0x00000000       0x8d ./source/DisplayBoard.o
 .debug_macro   0x00000000       0x57 ./source/DisplayBoard.o
 .debug_macro   0x00000000       0x58 ./source/DisplayBoard.o
 .debug_macro   0x00000000       0x1f ./source/DisplayBoard.o
 .debug_macro   0x00000000       0x43 ./source/DisplayBoard.o
 .debug_macro   0x00000000       0x20 ./source/DisplayBoard.o
 .debug_macro   0x00000000      0x18e ./source/DisplayBoard.o
 .debug_macro   0x00000000      0x330 ./source/DisplayBoard.o
 .debug_macro   0x00000000       0x16 ./source/DisplayBoard.o
 .debug_macro   0x00000000       0x29 ./source/DisplayBoard.o
 .group         0x00000000        0xc ./source/Encoder.o
 .group         0x00000000        0xc ./source/Encoder.o
 .group         0x00000000        0xc ./source/Encoder.o
 .group         0x00000000        0xc ./source/Encoder.o
 .group         0x00000000        0xc ./source/Encoder.o
 .group         0x00000000        0xc ./source/Encoder.o
 .group         0x00000000        0xc ./source/Encoder.o
 .group         0x00000000        0xc ./source/Encoder.o
 .group         0x00000000        0xc ./source/Encoder.o
 .group         0x00000000        0xc ./source/Encoder.o
 .group         0x00000000        0xc ./source/Encoder.o
 .group         0x00000000        0xc ./source/Encoder.o
 .group         0x00000000        0xc ./source/Encoder.o
 .group         0x00000000        0xc ./source/Encoder.o
 .group         0x00000000        0xc ./source/Encoder.o
 .group         0x00000000        0xc ./source/Encoder.o
 .group         0x00000000        0xc ./source/Encoder.o
 .group         0x00000000        0xc ./source/Encoder.o
 .group         0x00000000        0xc ./source/Encoder.o
 .group         0x00000000        0xc ./source/Encoder.o
 .group         0x00000000        0xc ./source/Encoder.o
 .group         0x00000000        0xc ./source/Encoder.o
 .group         0x00000000        0xc ./source/Encoder.o
 .group         0x00000000        0xc ./source/Encoder.o
 .group         0x00000000        0xc ./source/Encoder.o
 .group         0x00000000        0xc ./source/Encoder.o
 .group         0x00000000        0xc ./source/Encoder.o
 .group         0x00000000        0xc ./source/Encoder.o
 .group         0x00000000        0xc ./source/Encoder.o
 .group         0x00000000        0xc ./source/Encoder.o
 .group         0x00000000        0xc ./source/Encoder.o
 .group         0x00000000        0xc ./source/Encoder.o
 .group         0x00000000        0xc ./source/Encoder.o
 .group         0x00000000        0xc ./source/Encoder.o
 .text          0x00000000        0x0 ./source/Encoder.o
 .data          0x00000000        0x0 ./source/Encoder.o
 .bss           0x00000000        0x0 ./source/Encoder.o
 .text.EncClearFlag
                0x00000000       0x18 ./source/Encoder.o
 .debug_macro   0x00000000      0xa5a ./source/Encoder.o
 .debug_macro   0x00000000      0x34e ./source/Encoder.o
 .debug_macro   0x00000000       0x22 ./source/Encoder.o
 .debug_macro   0x00000000       0x17 ./source/Encoder.o
 .debug_macro   0x00000000       0x22 ./source/Encoder.o
 .debug_macro   0x00000000       0x52 ./source/Encoder.o
 .debug_macro   0x00000000       0x8d ./source/Encoder.o
 .debug_macro   0x00000000       0x35 ./source/Encoder.o
 .debug_macro   0x00000000       0x9c ./source/Encoder.o
 .debug_macro   0x00000000       0x16 ./source/Encoder.o
 .debug_macro   0x00000000      0x10e ./source/Encoder.o
 .debug_macro   0x00000000       0x8d ./source/Encoder.o
 .debug_macro   0x00000000       0x57 ./source/Encoder.o
 .debug_macro   0x00000000       0x58 ./source/Encoder.o
 .debug_macro   0x00000000       0x1f ./source/Encoder.o
 .debug_macro   0x00000000       0x43 ./source/Encoder.o
 .debug_macro   0x00000000       0x20 ./source/Encoder.o
 .debug_macro   0x00000000      0x18e ./source/Encoder.o
 .debug_macro   0x00000000      0x330 ./source/Encoder.o
 .debug_macro   0x00000000       0x16 ./source/Encoder.o
 .debug_macro   0x00000000       0x29 ./source/Encoder.o
 .debug_macro   0x00000000       0x10 ./source/Encoder.o
 .debug_macro   0x00000000       0x5c ./source/Encoder.o
 .debug_macro   0x00000000       0x1c ./source/Encoder.o
 .debug_macro   0x00000000       0x22 ./source/Encoder.o
 .debug_macro   0x00000000       0xd9 ./source/Encoder.o
 .debug_macro   0x00000000      0xecf ./source/Encoder.o
 .debug_macro   0x00000000       0x48 ./source/Encoder.o
 .debug_macro   0x00000000     0xe07b ./source/Encoder.o
 .debug_macro   0x00000000     0x122b ./source/Encoder.o
 .debug_macro   0x00000000       0x16 ./source/Encoder.o
 .debug_macro   0x00000000       0x3a ./source/Encoder.o
 .debug_macro   0x00000000       0x8e ./source/Encoder.o
 .group         0x00000000        0xc ./source/SysTick.o
 .group         0x00000000        0xc ./source/SysTick.o
 .group         0x00000000        0xc ./source/SysTick.o
 .group         0x00000000        0xc ./source/SysTick.o
 .group         0x00000000        0xc ./source/SysTick.o
 .group         0x00000000        0xc ./source/SysTick.o
 .group         0x00000000        0xc ./source/SysTick.o
 .group         0x00000000        0xc ./source/SysTick.o
 .group         0x00000000        0xc ./source/SysTick.o
 .group         0x00000000        0xc ./source/SysTick.o
 .group         0x00000000        0xc ./source/SysTick.o
 .group         0x00000000        0xc ./source/SysTick.o
 .group         0x00000000        0xc ./source/SysTick.o
 .text          0x00000000        0x0 ./source/SysTick.o
 .data          0x00000000        0x0 ./source/SysTick.o
 .bss           0x00000000        0x0 ./source/SysTick.o
 .debug_macro   0x00000000      0xa5a ./source/SysTick.o
 .debug_macro   0x00000000       0x22 ./source/SysTick.o
 .debug_macro   0x00000000      0x34e ./source/SysTick.o
 .debug_macro   0x00000000       0x10 ./source/SysTick.o
 .debug_macro   0x00000000       0x5c ./source/SysTick.o
 .debug_macro   0x00000000       0x1c ./source/SysTick.o
 .debug_macro   0x00000000       0x22 ./source/SysTick.o
 .debug_macro   0x00000000      0xecf ./source/SysTick.o
 .debug_macro   0x00000000       0x48 ./source/SysTick.o
 .debug_macro   0x00000000     0xe07b ./source/SysTick.o
 .debug_macro   0x00000000     0x122b ./source/SysTick.o
 .debug_macro   0x00000000       0x16 ./source/SysTick.o
 .group         0x00000000        0xc ./source/gpio.o
 .group         0x00000000        0xc ./source/gpio.o
 .group         0x00000000        0xc ./source/gpio.o
 .group         0x00000000        0xc ./source/gpio.o
 .group         0x00000000        0xc ./source/gpio.o
 .group         0x00000000        0xc ./source/gpio.o
 .group         0x00000000        0xc ./source/gpio.o
 .group         0x00000000        0xc ./source/gpio.o
 .group         0x00000000        0xc ./source/gpio.o
 .group         0x00000000        0xc ./source/gpio.o
 .group         0x00000000        0xc ./source/gpio.o
 .group         0x00000000        0xc ./source/gpio.o
 .group         0x00000000        0xc ./source/gpio.o
 .group         0x00000000        0xc ./source/gpio.o
 .text          0x00000000        0x0 ./source/gpio.o
 .data          0x00000000        0x0 ./source/gpio.o
 .bss           0x00000000        0x0 ./source/gpio.o
 .text.gpioIRQC
                0x00000000       0x6c ./source/gpio.o
 .text.PORT_ClearInterruptFlag
                0x00000000       0x48 ./source/gpio.o
 .debug_macro   0x00000000      0xa5a ./source/gpio.o
 .debug_macro   0x00000000      0x34e ./source/gpio.o
 .debug_macro   0x00000000       0x22 ./source/gpio.o
 .debug_macro   0x00000000       0x10 ./source/gpio.o
 .debug_macro   0x00000000       0x5c ./source/gpio.o
 .debug_macro   0x00000000       0x1c ./source/gpio.o
 .debug_macro   0x00000000       0x22 ./source/gpio.o
 .debug_macro   0x00000000       0xdf ./source/gpio.o
 .debug_macro   0x00000000      0xecf ./source/gpio.o
 .debug_macro   0x00000000       0x48 ./source/gpio.o
 .debug_macro   0x00000000     0xe07b ./source/gpio.o
 .debug_macro   0x00000000     0x122b ./source/gpio.o
 .debug_macro   0x00000000       0x16 ./source/gpio.o
 .debug_macro   0x00000000       0x3a ./source/gpio.o
 .group         0x00000000        0xc ./source/timer.o
 .group         0x00000000        0xc ./source/timer.o
 .group         0x00000000        0xc ./source/timer.o
 .group         0x00000000        0xc ./source/timer.o
 .group         0x00000000        0xc ./source/timer.o
 .group         0x00000000        0xc ./source/timer.o
 .group         0x00000000        0xc ./source/timer.o
 .group         0x00000000        0xc ./source/timer.o
 .group         0x00000000        0xc ./source/timer.o
 .group         0x00000000        0xc ./source/timer.o
 .group         0x00000000        0xc ./source/timer.o
 .group         0x00000000        0xc ./source/timer.o
 .group         0x00000000        0xc ./source/timer.o
 .group         0x00000000        0xc ./source/timer.o
 .group         0x00000000        0xc ./source/timer.o
 .group         0x00000000        0xc ./source/timer.o
 .group         0x00000000        0xc ./source/timer.o
 .group         0x00000000        0xc ./source/timer.o
 .group         0x00000000        0xc ./source/timer.o
 .group         0x00000000        0xc ./source/timer.o
 .group         0x00000000        0xc ./source/timer.o
 .group         0x00000000        0xc ./source/timer.o
 .group         0x00000000        0xc ./source/timer.o
 .text          0x00000000        0x0 ./source/timer.o
 .data          0x00000000        0x0 ./source/timer.o
 .bss           0x00000000        0x0 ./source/timer.o
 .text.timerStop
                0x00000000       0x30 ./source/timer.o
 .text.timerDelay
                0x00000000       0x30 ./source/timer.o
 .debug_macro   0x00000000      0xa5a ./source/timer.o
 .debug_macro   0x00000000      0x34e ./source/timer.o
 .debug_macro   0x00000000       0x22 ./source/timer.o
 .debug_macro   0x00000000       0x17 ./source/timer.o
 .debug_macro   0x00000000       0x22 ./source/timer.o
 .debug_macro   0x00000000       0x52 ./source/timer.o
 .debug_macro   0x00000000       0x8d ./source/timer.o
 .debug_macro   0x00000000       0x35 ./source/timer.o
 .debug_macro   0x00000000       0x9c ./source/timer.o
 .debug_macro   0x00000000       0x16 ./source/timer.o
 .debug_macro   0x00000000      0x10e ./source/timer.o
 .debug_macro   0x00000000       0x8d ./source/timer.o
 .debug_macro   0x00000000       0x57 ./source/timer.o
 .debug_macro   0x00000000       0x58 ./source/timer.o
 .debug_macro   0x00000000       0x1f ./source/timer.o
 .debug_macro   0x00000000       0x43 ./source/timer.o
 .debug_macro   0x00000000       0x20 ./source/timer.o
 .debug_macro   0x00000000      0x18e ./source/timer.o
 .debug_macro   0x00000000      0x330 ./source/timer.o
 .debug_macro   0x00000000       0x16 ./source/timer.o
 .debug_macro   0x00000000       0x29 ./source/timer.o
 .debug_macro   0x00000000       0x1c ./source/timer.o
 .group         0x00000000        0xc ./SDK/startup/hardware.o
 .group         0x00000000        0xc ./SDK/startup/hardware.o
 .group         0x00000000        0xc ./SDK/startup/hardware.o
 .group         0x00000000        0xc ./SDK/startup/hardware.o
 .group         0x00000000        0xc ./SDK/startup/hardware.o
 .group         0x00000000        0xc ./SDK/startup/hardware.o
 .group         0x00000000        0xc ./SDK/startup/hardware.o
 .group         0x00000000        0xc ./SDK/startup/hardware.o
 .group         0x00000000        0xc ./SDK/startup/hardware.o
 .group         0x00000000        0xc ./SDK/startup/hardware.o
 .group         0x00000000        0xc ./SDK/startup/hardware.o
 .group         0x00000000        0xc ./SDK/startup/hardware.o
 .group         0x00000000        0xc ./SDK/startup/hardware.o
 .text          0x00000000        0x0 ./SDK/startup/hardware.o
 .data          0x00000000        0x0 ./SDK/startup/hardware.o
 .bss           0x00000000        0x0 ./SDK/startup/hardware.o
 .debug_macro   0x00000000      0xa5a ./SDK/startup/hardware.o
 .debug_macro   0x00000000      0x34e ./SDK/startup/hardware.o
 .debug_macro   0x00000000       0x22 ./SDK/startup/hardware.o
 .debug_macro   0x00000000       0x10 ./SDK/startup/hardware.o
 .debug_macro   0x00000000       0x5c ./SDK/startup/hardware.o
 .debug_macro   0x00000000       0x1c ./SDK/startup/hardware.o
 .debug_macro   0x00000000       0x22 ./SDK/startup/hardware.o
 .debug_macro   0x00000000       0xdf ./SDK/startup/hardware.o
 .debug_macro   0x00000000      0xecf ./SDK/startup/hardware.o
 .debug_macro   0x00000000       0x48 ./SDK/startup/hardware.o
 .debug_macro   0x00000000     0xe07b ./SDK/startup/hardware.o
 .debug_macro   0x00000000     0x122b ./SDK/startup/hardware.o
 .debug_macro   0x00000000       0x16 ./SDK/startup/hardware.o
 .group         0x00000000        0xc ./SDK/startup/main.o
 .group         0x00000000        0xc ./SDK/startup/main.o
 .group         0x00000000        0xc ./SDK/startup/main.o
 .group         0x00000000        0xc ./SDK/startup/main.o
 .group         0x00000000        0xc ./SDK/startup/main.o
 .group         0x00000000        0xc ./SDK/startup/main.o
 .group         0x00000000        0xc ./SDK/startup/main.o
 .group         0x00000000        0xc ./SDK/startup/main.o
 .group         0x00000000        0xc ./SDK/startup/main.o
 .group         0x00000000        0xc ./SDK/startup/main.o
 .group         0x00000000        0xc ./SDK/startup/main.o
 .group         0x00000000        0xc ./SDK/startup/main.o
 .group         0x00000000        0xc ./SDK/startup/main.o
 .text          0x00000000        0x0 ./SDK/startup/main.o
 .data          0x00000000        0x0 ./SDK/startup/main.o
 .bss           0x00000000        0x0 ./SDK/startup/main.o
 .debug_macro   0x00000000      0xa5a ./SDK/startup/main.o
 .debug_macro   0x00000000      0x34e ./SDK/startup/main.o
 .debug_macro   0x00000000       0x22 ./SDK/startup/main.o
 .debug_macro   0x00000000       0x10 ./SDK/startup/main.o
 .debug_macro   0x00000000       0x5c ./SDK/startup/main.o
 .debug_macro   0x00000000       0x1c ./SDK/startup/main.o
 .debug_macro   0x00000000       0x22 ./SDK/startup/main.o
 .debug_macro   0x00000000       0xdf ./SDK/startup/main.o
 .debug_macro   0x00000000      0xecf ./SDK/startup/main.o
 .debug_macro   0x00000000       0x48 ./SDK/startup/main.o
 .debug_macro   0x00000000     0xe07b ./SDK/startup/main.o
 .debug_macro   0x00000000     0x122b ./SDK/startup/main.o
 .debug_macro   0x00000000       0x16 ./SDK/startup/main.o
 .group         0x00000000        0xc ./SDK/startup/semihost_hardfault.o
 .text          0x00000000        0x0 ./SDK/startup/semihost_hardfault.o
 .data          0x00000000        0x0 ./SDK/startup/semihost_hardfault.o
 .bss           0x00000000        0x0 ./SDK/startup/semihost_hardfault.o
 .debug_macro   0x00000000      0xa5a ./SDK/startup/semihost_hardfault.o
 .group         0x00000000        0xc ./SDK/startup/startup_mk64f12.o
 .text          0x00000000        0x0 ./SDK/startup/startup_mk64f12.o
 .data          0x00000000        0x0 ./SDK/startup/startup_mk64f12.o
 .bss           0x00000000        0x0 ./SDK/startup/startup_mk64f12.o
 .debug_macro   0x00000000      0xa5a ./SDK/startup/startup_mk64f12.o
 .group         0x00000000        0xc ./SDK/CMSIS/system_MK64F12.o
 .group         0x00000000        0xc ./SDK/CMSIS/system_MK64F12.o
 .group         0x00000000        0xc ./SDK/CMSIS/system_MK64F12.o
 .group         0x00000000        0xc ./SDK/CMSIS/system_MK64F12.o
 .group         0x00000000        0xc ./SDK/CMSIS/system_MK64F12.o
 .group         0x00000000        0xc ./SDK/CMSIS/system_MK64F12.o
 .group         0x00000000        0xc ./SDK/CMSIS/system_MK64F12.o
 .group         0x00000000        0xc ./SDK/CMSIS/system_MK64F12.o
 .group         0x00000000        0xc ./SDK/CMSIS/system_MK64F12.o
 .group         0x00000000        0xc ./SDK/CMSIS/system_MK64F12.o
 .group         0x00000000        0xc ./SDK/CMSIS/system_MK64F12.o
 .text          0x00000000        0x0 ./SDK/CMSIS/system_MK64F12.o
 .data          0x00000000        0x0 ./SDK/CMSIS/system_MK64F12.o
 .bss           0x00000000        0x0 ./SDK/CMSIS/system_MK64F12.o
 .data.SystemCoreClock
                0x00000000        0x4 ./SDK/CMSIS/system_MK64F12.o
 .text.SystemCoreClockUpdate
                0x00000000      0x278 ./SDK/CMSIS/system_MK64F12.o
 .debug_macro   0x00000000      0xa5a ./SDK/CMSIS/system_MK64F12.o
 .debug_macro   0x00000000      0x34e ./SDK/CMSIS/system_MK64F12.o
 .debug_macro   0x00000000       0x10 ./SDK/CMSIS/system_MK64F12.o
 .debug_macro   0x00000000       0x5c ./SDK/CMSIS/system_MK64F12.o
 .debug_macro   0x00000000       0x1c ./SDK/CMSIS/system_MK64F12.o
 .debug_macro   0x00000000       0x22 ./SDK/CMSIS/system_MK64F12.o
 .debug_macro   0x00000000       0xdf ./SDK/CMSIS/system_MK64F12.o
 .debug_macro   0x00000000      0xecf ./SDK/CMSIS/system_MK64F12.o
 .debug_macro   0x00000000       0x48 ./SDK/CMSIS/system_MK64F12.o
 .debug_macro   0x00000000     0xe07b ./SDK/CMSIS/system_MK64F12.o
 .debug_macro   0x00000000     0x122b ./SDK/CMSIS/system_MK64F12.o

Memory Configuration

Name             Origin             Length             Attributes
PROGRAM_FLASH    0x00000000         0x00100000         xr
SRAM_UPPER       0x20000000         0x00030000         xrw
SRAM_LOWER       0x1fff0000         0x00010000         xrw
FLEX_RAM         0x14000000         0x00001000         xrw
*default*        0x00000000         0xffffffff

Linker script and memory map

LOAD ./source/App.o
LOAD ./source/DisplayBoard.o
LOAD ./source/Encoder.o
LOAD ./source/SysTick.o
LOAD ./source/gpio.o
LOAD ./source/timer.o
LOAD ./SDK/startup/hardware.o
LOAD ./SDK/startup/main.o
LOAD ./SDK/startup/semihost_hardfault.o
LOAD ./SDK/startup/startup_mk64f12.o
LOAD ./SDK/CMSIS/system_MK64F12.o
START GROUP
LOAD c:/nxp/mcuxpressoide_10.2.0_759/ide/tools/bin/../lib/gcc/arm-none-eabi/7.2.1/../../../../arm-none-eabi/lib/thumb/v7e-m/fpv4-sp/hard\libcr_c.a
LOAD c:/nxp/mcuxpressoide_10.2.0_759/ide/tools/bin/../lib/gcc/arm-none-eabi/7.2.1/thumb/v7e-m/fpv4-sp/hard\libcr_eabihelpers.a
END GROUP
                0x00000000                __base_PROGRAM_FLASH = 0x0
                0x00000000                __base_Flash = 0x0
                0x00100000                __top_PROGRAM_FLASH = 0x100000
                0x00100000                __top_Flash = 0x100000
                0x20000000                __base_SRAM_UPPER = 0x20000000
                0x20000000                __base_RAM = 0x20000000
                0x20030000                __top_SRAM_UPPER = 0x20030000
                0x20030000                __top_RAM = 0x20030000
                0x1fff0000                __base_SRAM_LOWER = 0x1fff0000
                0x1fff0000                __base_RAM2 = 0x1fff0000
                0x20000000                __top_SRAM_LOWER = 0x20000000
                0x20000000                __top_RAM2 = 0x20000000
                0x14000000                __base_FLEX_RAM = 0x14000000
                0x14000000                __base_RAM3 = 0x14000000
                0x14001000                __top_FLEX_RAM = 0x14001000
                0x14001000                __top_RAM3 = 0x14001000

.text           0x00000000     0x1e28
 FILL mask 0xff
                0x00000000                __vectors_start__ = ABSOLUTE (.)
 *(SORT_BY_ALIGNMENT(.isr_vector))
 .isr_vector    0x00000000      0x198 ./SDK/startup/startup_mk64f12.o
                0x00000000                g_pfnVectors
                0x00000000                __Vectors
                0x00000198                . = ALIGN (0x4)
                0x00000198                __section_table_start = .
                0x00000198                __data_section_table = .
                0x00000198        0x4 LONG 0x1e28 LOADADDR (.data)
                0x0000019c        0x4 LONG 0x20000000 ADDR (.data)
                0x000001a0        0x4 LONG 0xf0 SIZEOF (.data)
                0x000001a4        0x4 LONG 0x1e28 LOADADDR (.data_RAM2)
                0x000001a8        0x4 LONG 0x1fff0000 ADDR (.data_RAM2)
                0x000001ac        0x4 LONG 0x0 SIZEOF (.data_RAM2)
                0x000001b0        0x4 LONG 0x1e28 LOADADDR (.data_RAM3)
                0x000001b4        0x4 LONG 0x14000000 ADDR (.data_RAM3)
                0x000001b8        0x4 LONG 0x0 SIZEOF (.data_RAM3)
                0x000001bc                __data_section_table_end = .
                0x000001bc                __bss_section_table = .
                0x000001bc        0x4 LONG 0x200000f0 ADDR (.bss)
                0x000001c0        0x4 LONG 0x128 SIZEOF (.bss)
                0x000001c4        0x4 LONG 0x1fff0000 ADDR (.bss_RAM2)
                0x000001c8        0x4 LONG 0x0 SIZEOF (.bss_RAM2)
                0x000001cc        0x4 LONG 0x14000000 ADDR (.bss_RAM3)
                0x000001d0        0x4 LONG 0x0 SIZEOF (.bss_RAM3)
                0x000001d4                __bss_section_table_end = .
                0x000001d4                __section_table_end = .
 *(SORT_BY_ALIGNMENT(.after_vectors*))
 .after_vectors.reset
                0x000001d4       0x4c ./SDK/startup/startup_mk64f12.o
                0x000001d4                ResetISR
 .after_vectors.init_data
                0x00000220       0x1e ./SDK/startup/startup_mk64f12.o
                0x00000220                data_init
 .after_vectors.init_bss
                0x0000023e       0x12 ./SDK/startup/startup_mk64f12.o
                0x0000023e                bss_init
 .after_vectors
                0x00000250       0x14 ./SDK/startup/startup_mk64f12.o
                0x00000250                NMI_Handler
                0x00000254                MemManage_Handler
                0x00000256                BusFault_Handler
                0x00000258                UsageFault_Handler
                0x0000025a                SVC_Handler
                0x0000025c                DebugMon_Handler
                0x0000025e                PendSV_Handler
                0x00000262                DMA_Error_DriverIRQHandler
                0x00000262                LPTMR0_DriverIRQHandler
                0x00000262                FTM1_DriverIRQHandler
                0x00000262                FTM2_DriverIRQHandler
                0x00000262                PIT2_DriverIRQHandler
                0x00000262                SDHC_DriverIRQHandler
                0x00000262                I2S0_Tx_DriverIRQHandler
                0x00000262                RTC_Seconds_DriverIRQHandler
                0x00000262                DMA6_DriverIRQHandler
                0x00000262                LLWU_DriverIRQHandler
                0x00000262                MCM_DriverIRQHandler
                0x00000262                MCG_DriverIRQHandler
                0x00000262                ENET_1588_Timer_DriverIRQHandler
                0x00000262                I2C2_DriverIRQHandler
                0x00000262                DAC1_DriverIRQHandler
                0x00000262                SPI1_DriverIRQHandler
                0x00000262                CMP1_DriverIRQHandler
                0x00000262                UART5_RX_TX_DriverIRQHandler
                0x00000262                FTM0_DriverIRQHandler
                0x00000262                IntDefaultHandler
                0x00000262                USB0_DriverIRQHandler
                0x00000262                UART5_ERR_DriverIRQHandler
                0x00000262                PORTC_DriverIRQHandler
                0x00000262                DMA11_DriverIRQHandler
                0x00000262                DAC0_DriverIRQHandler
                0x00000262                DMA10_DriverIRQHandler
                0x00000262                CMP2_DriverIRQHandler
                0x00000262                UART2_ERR_DriverIRQHandler
                0x00000262                SPI2_DriverIRQHandler
                0x00000262                LVD_LVW_DriverIRQHandler
                0x00000262                PIT0_DriverIRQHandler
                0x00000262                RNG_DriverIRQHandler
                0x00000262                DMA5_DriverIRQHandler
                0x00000262                DMA12_DriverIRQHandler
                0x00000262                UART2_RX_TX_DriverIRQHandler
                0x00000262                USBDCD_DriverIRQHandler
                0x00000262                UART3_ERR_DriverIRQHandler
                0x00000262                DMA3_DriverIRQHandler
                0x00000262                DMA8_DriverIRQHandler
                0x00000262                DMA9_DriverIRQHandler
                0x00000262                UART0_ERR_DriverIRQHandler
                0x00000262                CMT_DriverIRQHandler
                0x00000262                Reserved71_DriverIRQHandler
                0x00000262                ADC1_DriverIRQHandler
                0x00000262                PORTA_DriverIRQHandler
                0x00000262                DMA14_DriverIRQHandler
                0x00000262                PIT3_DriverIRQHandler
                0x00000262                PIT1_DriverIRQHandler
                0x00000262                WDOG_EWM_DriverIRQHandler
                0x00000262                PDB0_DriverIRQHandler
                0x00000262                RTC_DriverIRQHandler
                0x00000262                I2S0_Rx_DriverIRQHandler
                0x00000262                Read_Collision_DriverIRQHandler
                0x00000262                SWI_DriverIRQHandler
                0x00000262                UART4_RX_TX_DriverIRQHandler
                0x00000262                UART4_ERR_DriverIRQHandler
                0x00000262                PORTB_DriverIRQHandler
                0x00000262                UART0_LON_DriverIRQHandler
                0x00000262                DMA0_DriverIRQHandler
                0x00000262                DMA1_DriverIRQHandler
                0x00000262                I2C1_DriverIRQHandler
                0x00000262                UART3_RX_TX_DriverIRQHandler
                0x00000262                ENET_Receive_DriverIRQHandler
                0x00000262                DMA13_DriverIRQHandler
                0x00000262                ENET_Error_DriverIRQHandler
                0x00000262                DMA15_DriverIRQHandler
                0x00000262                UART0_RX_TX_DriverIRQHandler
                0x00000262                SPI0_DriverIRQHandler
                0x00000262                ADC0_DriverIRQHandler
                0x00000262                CMP0_DriverIRQHandler
                0x00000262                CAN0_DriverIRQHandler
                0x00000262                FTM3_DriverIRQHandler
                0x00000262                DMA4_DriverIRQHandler
                0x00000262                UART1_ERR_DriverIRQHandler
                0x00000262                DMA2_DriverIRQHandler
                0x00000262                ENET_Transmit_DriverIRQHandler
                0x00000262                PORTD_DriverIRQHandler
                0x00000262                PORTE_DriverIRQHandler
                0x00000262                FTFE_DriverIRQHandler
                0x00000262                I2C0_DriverIRQHandler
                0x00000262                DMA7_DriverIRQHandler
                0x00000262                UART1_RX_TX_DriverIRQHandler
                0x00000400                . = 0x400
 *fill*         0x00000264      0x19c ff
                0x00000400                PROVIDE (__FLASH_CONFIG_START__, .)
 *(SORT_BY_ALIGNMENT(.FlashConfig))
 .FlashConfig   0x00000400       0x10 ./SDK/startup/startup_mk64f12.o
                0x00000400                Flash_Config
                0x00000410                PROVIDE (__FLASH_CONFIG_END__, .)
                0x00000001                ASSERT (! ((__FLASH_CONFIG_START__ == __FLASH_CONFIG_END__)), Linker Flash Config Support Enabled, but no .FlashConfig section provided within application)
 *(SORT_BY_ALIGNMENT(.text*))
 .text.displayHandler
                0x00000410       0x14 ./source/App.o
                0x00000410                displayHandler
 .text.encoderCH_Handler
                0x00000424       0x18 ./source/App.o
                0x00000424                encoderCH_Handler
 .text.enconderSwitch_Handler
                0x0000043c       0x14 ./source/App.o
                0x0000043c                enconderSwitch_Handler
 .text.App_Init
                0x00000450       0x80 ./source/App.o
                0x00000450                App_Init
 .text.DispBoard_Init
                0x000004d0       0xa4 ./source/DisplayBoard.o
                0x000004d0                DispBoard_Init
 .text.Disp7Seg_Write
                0x00000574      0x92c ./source/DisplayBoard.o
                0x00000574                Disp7Seg_Write
 .text.Disp7Seg_Select
                0x00000ea0       0xb8 ./source/DisplayBoard.o
                0x00000ea0                Disp7Seg_Select
 .text.Status_Write
                0x00000f58       0x80 ./source/DisplayBoard.o
                0x00000f58                Status_Write
 .text.DispShowPIN
                0x00000fd8      0x140 ./source/DisplayBoard.o
                0x00000fd8                DispShowPIN
 .text.DispShiftMsj
                0x00001118      0x134 ./source/DisplayBoard.o
                0x00001118                DispShiftMsj
 .text.DispClear
                0x0000124c       0x34 ./source/DisplayBoard.o
                0x0000124c                DispClear
 .text.DispGetCursor
                0x00001280       0x18 ./source/DisplayBoard.o
                0x00001280                DispGetCursor
 .text.EncSetFlag
                0x00001298       0x20 ./source/Encoder.o
                0x00001298                EncSetFlag
 .text.EncGetFlag
                0x000012b8       0x18 ./source/Encoder.o
                0x000012b8                EncGetFlag
 .text.__NVIC_EnableIRQ
                0x000012d0       0x3c ./source/SysTick.o
 .text.SysTick_Init
                0x0000130c       0x4c ./source/SysTick.o
                0x0000130c                SysTick_Init
 .text.SysTick_Handler
                0x00001358       0x24 ./source/SysTick.o
                0x00001358                SysTick_Handler
 .text.gpioMode
                0x0000137c      0x174 ./source/gpio.o
                0x0000137c                gpioMode
 .text.gpioWrite
                0x000014f0       0x6c ./source/gpio.o
                0x000014f0                gpioWrite
 .text.gpioToggle
                0x0000155c       0x7c ./source/gpio.o
                0x0000155c                gpioToggle
 .text.gpioRead
                0x000015d8       0x5c ./source/gpio.o
                0x000015d8                gpioRead
 .text.timerInit
                0x00001634       0x28 ./source/timer.o
                0x00001634                timerInit
 .text.timerGetId
                0x0000165c       0x2c ./source/timer.o
                0x0000165c                timerGetId
 .text.timerStart
                0x00001688       0xa4 ./source/timer.o
                0x00001688                timerStart
 .text.timerExpired
                0x0000172c       0x44 ./source/timer.o
                0x0000172c                timerExpired
 .text.timer_isr
                0x00001770       0xa8 ./source/timer.o
 .text.hw_Init  0x00001818      0x10c ./SDK/startup/hardware.o
                0x00001818                hw_Init
 .text.hw_EnableInterrupts
                0x00001924       0x30 ./SDK/startup/hardware.o
                0x00001924                hw_EnableInterrupts
 .text.hw_DisableInterrupts
                0x00001954       0x20 ./SDK/startup/hardware.o
                0x00001954                hw_DisableInterrupts
 .text.SystemInit
                0x00001974       0x3c ./SDK/CMSIS/system_MK64F12.o
                0x00001974                SystemInit
 .text.modify_PIN
                0x000019b0       0x8e ./source/App.o
                0x000019b0                modify_PIN
 .text.App_Run  0x00001a3e        0xe ./source/App.o
                0x00001a3e                App_Run
 .text.encoderInit
                0x00001a4c       0x28 ./source/Encoder.o
                0x00001a4c                encoderInit
 .text.encoderReadMotion
                0x00001a74       0x7e ./source/Encoder.o
                0x00001a74                encoderReadMotion
 .text.encoderReadSwitch
                0x00001af2       0x30 ./source/Encoder.o
                0x00001af2                encoderReadSwitch
 .text.main     0x00001b22       0x1a ./SDK/startup/main.o
                0x00001b22                main
 .text.HardFault_Handler
                0x00001b3c       0x2c ./SDK/startup/semihost_hardfault.o
                0x00001b3c                HardFault_Handler
 .text.DMA0_IRQHandler
                0x00001b68        0x8 ./SDK/startup/startup_mk64f12.o
                0x00001b68                DMA0_IRQHandler
 .text.DMA1_IRQHandler
                0x00001b70        0x8 ./SDK/startup/startup_mk64f12.o
                0x00001b70                DMA1_IRQHandler
 .text.DMA2_IRQHandler
                0x00001b78        0x8 ./SDK/startup/startup_mk64f12.o
                0x00001b78                DMA2_IRQHandler
 .text.DMA3_IRQHandler
                0x00001b80        0x8 ./SDK/startup/startup_mk64f12.o
                0x00001b80                DMA3_IRQHandler
 .text.DMA4_IRQHandler
                0x00001b88        0x8 ./SDK/startup/startup_mk64f12.o
                0x00001b88                DMA4_IRQHandler
 .text.DMA5_IRQHandler
                0x00001b90        0x8 ./SDK/startup/startup_mk64f12.o
                0x00001b90                DMA5_IRQHandler
 .text.DMA6_IRQHandler
                0x00001b98        0x8 ./SDK/startup/startup_mk64f12.o
                0x00001b98                DMA6_IRQHandler
 .text.DMA7_IRQHandler
                0x00001ba0        0x8 ./SDK/startup/startup_mk64f12.o
                0x00001ba0                DMA7_IRQHandler
 .text.DMA8_IRQHandler
                0x00001ba8        0x8 ./SDK/startup/startup_mk64f12.o
                0x00001ba8                DMA8_IRQHandler
 .text.DMA9_IRQHandler
                0x00001bb0        0x8 ./SDK/startup/startup_mk64f12.o
                0x00001bb0                DMA9_IRQHandler
 .text.DMA10_IRQHandler
                0x00001bb8        0x8 ./SDK/startup/startup_mk64f12.o
                0x00001bb8                DMA10_IRQHandler
 .text.DMA11_IRQHandler
                0x00001bc0        0x8 ./SDK/startup/startup_mk64f12.o
                0x00001bc0                DMA11_IRQHandler
 .text.DMA12_IRQHandler
                0x00001bc8        0x8 ./SDK/startup/startup_mk64f12.o
                0x00001bc8                DMA12_IRQHandler
 .text.DMA13_IRQHandler
                0x00001bd0        0x8 ./SDK/startup/startup_mk64f12.o
                0x00001bd0                DMA13_IRQHandler
 .text.DMA14_IRQHandler
                0x00001bd8        0x8 ./SDK/startup/startup_mk64f12.o
                0x00001bd8                DMA14_IRQHandler
 .text.DMA15_IRQHandler
                0x00001be0        0x8 ./SDK/startup/startup_mk64f12.o
                0x00001be0                DMA15_IRQHandler
 .text.DMA_Error_IRQHandler
                0x00001be8        0x8 ./SDK/startup/startup_mk64f12.o
                0x00001be8                DMA_Error_IRQHandler
 .text.MCM_IRQHandler
                0x00001bf0        0x8 ./SDK/startup/startup_mk64f12.o
                0x00001bf0                MCM_IRQHandler
 .text.FTFE_IRQHandler
                0x00001bf8        0x8 ./SDK/startup/startup_mk64f12.o
                0x00001bf8                FTFE_IRQHandler
 .text.Read_Collision_IRQHandler
                0x00001c00        0x8 ./SDK/startup/startup_mk64f12.o
                0x00001c00                Read_Collision_IRQHandler
 .text.LVD_LVW_IRQHandler
                0x00001c08        0x8 ./SDK/startup/startup_mk64f12.o
                0x00001c08                LVD_LVW_IRQHandler
 .text.LLWU_IRQHandler
                0x00001c10        0x8 ./SDK/startup/startup_mk64f12.o
                0x00001c10                LLWU_IRQHandler
 .text.WDOG_EWM_IRQHandler
                0x00001c18        0x8 ./SDK/startup/startup_mk64f12.o
                0x00001c18                WDOG_EWM_IRQHandler
 .text.RNG_IRQHandler
                0x00001c20        0x8 ./SDK/startup/startup_mk64f12.o
                0x00001c20                RNG_IRQHandler
 .text.I2C0_IRQHandler
                0x00001c28        0x8 ./SDK/startup/startup_mk64f12.o
                0x00001c28                I2C0_IRQHandler
 .text.I2C1_IRQHandler
                0x00001c30        0x8 ./SDK/startup/startup_mk64f12.o
                0x00001c30                I2C1_IRQHandler
 .text.SPI0_IRQHandler
                0x00001c38        0x8 ./SDK/startup/startup_mk64f12.o
                0x00001c38                SPI0_IRQHandler
 .text.SPI1_IRQHandler
                0x00001c40        0x8 ./SDK/startup/startup_mk64f12.o
                0x00001c40                SPI1_IRQHandler
 .text.I2S0_Tx_IRQHandler
                0x00001c48        0x8 ./SDK/startup/startup_mk64f12.o
                0x00001c48                I2S0_Tx_IRQHandler
 .text.I2S0_Rx_IRQHandler
                0x00001c50        0x8 ./SDK/startup/startup_mk64f12.o
                0x00001c50                I2S0_Rx_IRQHandler
 .text.UART0_LON_IRQHandler
                0x00001c58        0x8 ./SDK/startup/startup_mk64f12.o
                0x00001c58                UART0_LON_IRQHandler
 .text.UART0_RX_TX_IRQHandler
                0x00001c60        0x8 ./SDK/startup/startup_mk64f12.o
                0x00001c60                UART0_RX_TX_IRQHandler
 .text.UART0_ERR_IRQHandler
                0x00001c68        0x8 ./SDK/startup/startup_mk64f12.o
                0x00001c68                UART0_ERR_IRQHandler
 .text.UART1_RX_TX_IRQHandler
                0x00001c70        0x8 ./SDK/startup/startup_mk64f12.o
                0x00001c70                UART1_RX_TX_IRQHandler
 .text.UART1_ERR_IRQHandler
                0x00001c78        0x8 ./SDK/startup/startup_mk64f12.o
                0x00001c78                UART1_ERR_IRQHandler
 .text.UART2_RX_TX_IRQHandler
                0x00001c80        0x8 ./SDK/startup/startup_mk64f12.o
                0x00001c80                UART2_RX_TX_IRQHandler
 .text.UART2_ERR_IRQHandler
                0x00001c88        0x8 ./SDK/startup/startup_mk64f12.o
                0x00001c88                UART2_ERR_IRQHandler
 .text.UART3_RX_TX_IRQHandler
                0x00001c90        0x8 ./SDK/startup/startup_mk64f12.o
                0x00001c90                UART3_RX_TX_IRQHandler
 .text.UART3_ERR_IRQHandler
                0x00001c98        0x8 ./SDK/startup/startup_mk64f12.o
                0x00001c98                UART3_ERR_IRQHandler
 .text.ADC0_IRQHandler
                0x00001ca0        0x8 ./SDK/startup/startup_mk64f12.o
                0x00001ca0                ADC0_IRQHandler
 .text.CMP0_IRQHandler
                0x00001ca8        0x8 ./SDK/startup/startup_mk64f12.o
                0x00001ca8                CMP0_IRQHandler
 .text.CMP1_IRQHandler
                0x00001cb0        0x8 ./SDK/startup/startup_mk64f12.o
                0x00001cb0                CMP1_IRQHandler
 .text.FTM0_IRQHandler
                0x00001cb8        0x8 ./SDK/startup/startup_mk64f12.o
                0x00001cb8                FTM0_IRQHandler
 .text.FTM1_IRQHandler
                0x00001cc0        0x8 ./SDK/startup/startup_mk64f12.o
                0x00001cc0                FTM1_IRQHandler
 .text.FTM2_IRQHandler
                0x00001cc8        0x8 ./SDK/startup/startup_mk64f12.o
                0x00001cc8                FTM2_IRQHandler
 .text.CMT_IRQHandler
                0x00001cd0        0x8 ./SDK/startup/startup_mk64f12.o
                0x00001cd0                CMT_IRQHandler
 .text.RTC_IRQHandler
                0x00001cd8        0x8 ./SDK/startup/startup_mk64f12.o
                0x00001cd8                RTC_IRQHandler
 .text.RTC_Seconds_IRQHandler
                0x00001ce0        0x8 ./SDK/startup/startup_mk64f12.o
                0x00001ce0                RTC_Seconds_IRQHandler
 .text.PIT0_IRQHandler
                0x00001ce8        0x8 ./SDK/startup/startup_mk64f12.o
                0x00001ce8                PIT0_IRQHandler
 .text.PIT1_IRQHandler
                0x00001cf0        0x8 ./SDK/startup/startup_mk64f12.o
                0x00001cf0                PIT1_IRQHandler
 .text.PIT2_IRQHandler
                0x00001cf8        0x8 ./SDK/startup/startup_mk64f12.o
                0x00001cf8                PIT2_IRQHandler
 .text.PIT3_IRQHandler
                0x00001d00        0x8 ./SDK/startup/startup_mk64f12.o
                0x00001d00                PIT3_IRQHandler
 .text.PDB0_IRQHandler
                0x00001d08        0x8 ./SDK/startup/startup_mk64f12.o
                0x00001d08                PDB0_IRQHandler
 .text.USB0_IRQHandler
                0x00001d10        0x8 ./SDK/startup/startup_mk64f12.o
                0x00001d10                USB0_IRQHandler
 .text.USBDCD_IRQHandler
                0x00001d18        0x8 ./SDK/startup/startup_mk64f12.o
                0x00001d18                USBDCD_IRQHandler
 .text.Reserved71_IRQHandler
                0x00001d20        0x8 ./SDK/startup/startup_mk64f12.o
                0x00001d20                Reserved71_IRQHandler
 .text.DAC0_IRQHandler
                0x00001d28        0x8 ./SDK/startup/startup_mk64f12.o
                0x00001d28                DAC0_IRQHandler
 .text.MCG_IRQHandler
                0x00001d30        0x8 ./SDK/startup/startup_mk64f12.o
                0x00001d30                MCG_IRQHandler
 .text.LPTMR0_IRQHandler
                0x00001d38        0x8 ./SDK/startup/startup_mk64f12.o
                0x00001d38                LPTMR0_IRQHandler
 .text.PORTA_IRQHandler
                0x00001d40        0x8 ./SDK/startup/startup_mk64f12.o
                0x00001d40                PORTA_IRQHandler
 .text.PORTB_IRQHandler
                0x00001d48        0x8 ./SDK/startup/startup_mk64f12.o
                0x00001d48                PORTB_IRQHandler
 .text.PORTC_IRQHandler
                0x00001d50        0x8 ./SDK/startup/startup_mk64f12.o
                0x00001d50                PORTC_IRQHandler
 .text.PORTD_IRQHandler
                0x00001d58        0x8 ./SDK/startup/startup_mk64f12.o
                0x00001d58                PORTD_IRQHandler
 .text.PORTE_IRQHandler
                0x00001d60        0x8 ./SDK/startup/startup_mk64f12.o
                0x00001d60                PORTE_IRQHandler
 .text.SWI_IRQHandler
                0x00001d68        0x8 ./SDK/startup/startup_mk64f12.o
                0x00001d68                SWI_IRQHandler
 .text.SPI2_IRQHandler
                0x00001d70        0x8 ./SDK/startup/startup_mk64f12.o
                0x00001d70                SPI2_IRQHandler
 .text.UART4_RX_TX_IRQHandler
                0x00001d78        0x8 ./SDK/startup/startup_mk64f12.o
                0x00001d78                UART4_RX_TX_IRQHandler
 .text.UART4_ERR_IRQHandler
                0x00001d80        0x8 ./SDK/startup/startup_mk64f12.o
                0x00001d80                UART4_ERR_IRQHandler
 .text.UART5_RX_TX_IRQHandler
                0x00001d88        0x8 ./SDK/startup/startup_mk64f12.o
                0x00001d88                UART5_RX_TX_IRQHandler
 .text.UART5_ERR_IRQHandler
                0x00001d90        0x8 ./SDK/startup/startup_mk64f12.o
                0x00001d90                UART5_ERR_IRQHandler
 .text.CMP2_IRQHandler
                0x00001d98        0x8 ./SDK/startup/startup_mk64f12.o
                0x00001d98                CMP2_IRQHandler
 .text.FTM3_IRQHandler
                0x00001da0        0x8 ./SDK/startup/startup_mk64f12.o
                0x00001da0                FTM3_IRQHandler
 .text.DAC1_IRQHandler
                0x00001da8        0x8 ./SDK/startup/startup_mk64f12.o
                0x00001da8                DAC1_IRQHandler
 .text.ADC1_IRQHandler
                0x00001db0        0x8 ./SDK/startup/startup_mk64f12.o
                0x00001db0                ADC1_IRQHandler
 .text.I2C2_IRQHandler
                0x00001db8        0x8 ./SDK/startup/startup_mk64f12.o
                0x00001db8                I2C2_IRQHandler
 .text.CAN0_ORed_Message_buffer_IRQHandler
                0x00001dc0        0x8 ./SDK/startup/startup_mk64f12.o
                0x00001dc0                CAN0_ORed_Message_buffer_IRQHandler
 .text.CAN0_Bus_Off_IRQHandler
                0x00001dc8        0x8 ./SDK/startup/startup_mk64f12.o
                0x00001dc8                CAN0_Bus_Off_IRQHandler
 .text.CAN0_Error_IRQHandler
                0x00001dd0        0x8 ./SDK/startup/startup_mk64f12.o
                0x00001dd0                CAN0_Error_IRQHandler
 .text.CAN0_Tx_Warning_IRQHandler
                0x00001dd8        0x8 ./SDK/startup/startup_mk64f12.o
                0x00001dd8                CAN0_Tx_Warning_IRQHandler
 .text.CAN0_Rx_Warning_IRQHandler
                0x00001de0        0x8 ./SDK/startup/startup_mk64f12.o
                0x00001de0                CAN0_Rx_Warning_IRQHandler
 .text.CAN0_Wake_Up_IRQHandler
                0x00001de8        0x8 ./SDK/startup/startup_mk64f12.o
                0x00001de8                CAN0_Wake_Up_IRQHandler
 .text.SDHC_IRQHandler
                0x00001df0        0x8 ./SDK/startup/startup_mk64f12.o
                0x00001df0                SDHC_IRQHandler
 .text.ENET_1588_Timer_IRQHandler
                0x00001df8        0x8 ./SDK/startup/startup_mk64f12.o
                0x00001df8                ENET_1588_Timer_IRQHandler
 .text.ENET_Transmit_IRQHandler
                0x00001e00        0x8 ./SDK/startup/startup_mk64f12.o
                0x00001e00                ENET_Transmit_IRQHandler
 .text.ENET_Receive_IRQHandler
                0x00001e08        0x8 ./SDK/startup/startup_mk64f12.o
                0x00001e08                ENET_Receive_IRQHandler
 .text.ENET_Error_IRQHandler
                0x00001e10        0x8 ./SDK/startup/startup_mk64f12.o
                0x00001e10                ENET_Error_IRQHandler
 .text.SystemInitHook
                0x00001e18        0xe ./SDK/CMSIS/system_MK64F12.o
                0x00001e18                SystemInitHook
 *(SORT_BY_ALIGNMENT(.rodata) SORT_BY_ALIGNMENT(.rodata.*) SORT_BY_ALIGNMENT(.constdata) SORT_BY_ALIGNMENT(.constdata.*))
                0x00001e28                . = ALIGN (0x8)
 *fill*         0x00001e26        0x2 ff

.glue_7         0x00001e28        0x0
 .glue_7        0x00001e28        0x0 linker stubs

.glue_7t        0x00001e28        0x0
 .glue_7t       0x00001e28        0x0 linker stubs

.vfp11_veneer   0x00001e28        0x0
 .vfp11_veneer  0x00001e28        0x0 linker stubs

.v4_bx          0x00001e28        0x0
 .v4_bx         0x00001e28        0x0 linker stubs

.iplt           0x00001e28        0x0
 .iplt          0x00001e28        0x0 ./source/App.o

.rel.dyn        0x00001e28        0x0
 .rel.iplt      0x00001e28        0x0 ./source/App.o

.ARM.extab
 *(SORT_BY_ALIGNMENT(.ARM.extab*) SORT_BY_ALIGNMENT(.gnu.linkonce.armextab.*))
                0x00001e28                __exidx_start = .

.ARM.exidx
 *(SORT_BY_ALIGNMENT(.ARM.exidx*) SORT_BY_ALIGNMENT(.gnu.linkonce.armexidx.*))
                0x00001e28                __exidx_end = .
                0x00001e28                _etext = .

.m_usb_data
 *(SORT_BY_ALIGNMENT(m_usb_bdt))

.data_RAM2      0x1fff0000        0x0 load address 0x00001e28
 FILL mask 0xff
                [!provide]                PROVIDE (__start_data_RAM2, .)
 *(SORT_BY_ALIGNMENT(.ramfunc.$RAM2))
 *(SORT_BY_ALIGNMENT(.ramfunc.$SRAM_LOWER))
 *(SORT_BY_ALIGNMENT(.data.$RAM2*))
 *(SORT_BY_ALIGNMENT(.data.$SRAM_LOWER*))
                0x1fff0000                . = ALIGN (0x8)
                [!provide]                PROVIDE (__end_data_RAM2, .)

.data_RAM3      0x14000000        0x0 load address 0x00001e28
 FILL mask 0xff
                [!provide]                PROVIDE (__start_data_RAM3, .)
 *(SORT_BY_ALIGNMENT(.ramfunc.$RAM3))
 *(SORT_BY_ALIGNMENT(.ramfunc.$FLEX_RAM))
 *(SORT_BY_ALIGNMENT(.data.$RAM3*))
 *(SORT_BY_ALIGNMENT(.data.$FLEX_RAM*))
                0x14000000                . = ALIGN (0x8)
                [!provide]                PROVIDE (__end_data_RAM3, .)

.uninit_RESERVED
                0x20000000        0x0
 *(SORT_BY_ALIGNMENT(.bss.$RESERVED*))
                0x20000000                . = ALIGN (0x4)
                0x20000000                _end_uninit_RESERVED = .

.data           0x20000000       0xf0 load address 0x00001e28
 FILL mask 0xff
                0x20000000                _data = .
 *(SORT_BY_ALIGNMENT(vtable))
 *(SORT_BY_ALIGNMENT(.ramfunc*))
 *(SORT_BY_ALIGNMENT(.data*))
 .data.test_pin
                0x20000000       0x14 ./source/App.o
 .data.segments
                0x20000014       0x20 ./source/DisplayBoard.o
 .data.disp_selector
                0x20000034        0x8 ./source/DisplayBoard.o
 .data.status_leds
                0x2000003c        0x8 ./source/DisplayBoard.o
 .data.disp_vector
                0x20000044       0x10 ./source/DisplayBoard.o
 .data.id_vector
                0x20000054       0x2c ./source/DisplayBoard.o
 .data.pin_vector
                0x20000080       0x20 ./source/DisplayBoard.o
 .data.dsp      0x200000a0        0x4 ./source/DisplayBoard.o
 .data.SysTick_ptr
                0x200000a4        0x4 ./source/SysTick.o
 .data.gpioPtrs
                0x200000a8       0x14 ./source/gpio.o
 .data.portPtrs
                0x200000bc       0x14 ./source/gpio.o
 .data.simMasks
                0x200000d0       0x14 ./source/gpio.o
 .data.sim_ptr  0x200000e4        0x4 ./source/gpio.o
 .data.timers_cant
                0x200000e8        0x1 ./source/timer.o
                0x200000f0                . = ALIGN (0x8)
 *fill*         0x200000e9        0x7 ff
                0x200000f0                _edata = .

.igot.plt       0x200000f0        0x0 load address 0x00001f18
 .igot.plt      0x200000f0        0x0 ./source/App.o

.bss_RAM2       0x1fff0000        0x0
                [!provide]                PROVIDE (__start_bss_RAM2, .)
 *(SORT_BY_ALIGNMENT(.bss.$RAM2*))
 *(SORT_BY_ALIGNMENT(.bss.$SRAM_LOWER*))
                0x1fff0000                . = ALIGN ((. != 0x0)?0x8:0x1)
                [!provide]                PROVIDE (__end_bss_RAM2, .)

.bss_RAM3       0x14000000        0x0
                [!provide]                PROVIDE (__start_bss_RAM3, .)
 *(SORT_BY_ALIGNMENT(.bss.$RAM3*))
 *(SORT_BY_ALIGNMENT(.bss.$FLEX_RAM*))
                0x14000000                . = ALIGN ((. != 0x0)?0x8:0x1)
                [!provide]                PROVIDE (__end_bss_RAM3, .)

.bss            0x200000f0      0x128
                0x200000f0                _bss = .
 *(SORT_BY_ALIGNMENT(.bss*))
 .bss.load_menu
                0x200000f0        0x4 ./source/DisplayBoard.o
 .bss.flash_counter
                0x200000f4        0x4 ./source/DisplayBoard.o
 .bss.cursor_flash
                0x200000f8        0x4 ./source/DisplayBoard.o
 .bss.vector_cont
                0x200000fc        0x4 ./source/DisplayBoard.o
 .bss.pin_pointer
                0x20000100        0x4 ./source/DisplayBoard.o
 .bss.channel_flag
                0x20000104        0x4 ./source/Encoder.o
 .bss.callbackTick
                0x20000108        0x4 ./source/SysTick.o
 .bss.timers    0x2000010c      0x100 ./source/timer.o
 .bss.__LDM_interruptDisableCount
                0x2000020c        0x4 ./SDK/startup/hardware.o
 .bss.timerDisp
                0x20000210        0x1 ./source/App.o
 .bss.timerEncCH
                0x20000211        0x1 ./source/App.o
 .bss.timerEncSwitch
                0x20000212        0x1 ./source/App.o
 .bss.yaInit.5603
                0x20000213        0x1 ./source/timer.o
 *(SORT_BY_ALIGNMENT(COMMON))
                0x20000218                . = ALIGN (0x8)
 *fill*         0x20000214        0x4 
                0x20000218                _ebss = .
                [!provide]                PROVIDE (end, .)

.noinit_RAM2    0x1fff0000        0x0
 *(SORT_BY_ALIGNMENT(.noinit.$RAM2*))
 *(SORT_BY_ALIGNMENT(.noinit.$SRAM_LOWER*))
                0x1fff0000                . = ALIGN (0x8)

.noinit_RAM3    0x14000000        0x0
 *(SORT_BY_ALIGNMENT(.noinit.$RAM3*))
 *(SORT_BY_ALIGNMENT(.noinit.$FLEX_RAM*))
                0x14000000                . = ALIGN (0x8)

.noinit         0x20000218        0x0
                0x20000218                _noinit = .
 *(SORT_BY_ALIGNMENT(.noinit*))
                0x20000218                . = ALIGN (0x8)
                0x20000218                _end_noinit = .
                0x00001000                _HeapSize = 0x1000

.heap           0x20000218     0x1000
                0x20000218                _pvHeapStart = .
                0x20001218                . = (. + _HeapSize)
 *fill*         0x20000218     0x1000 
                0x20001218                . = ALIGN (0x8)
                0x20001218                _pvHeapLimit = .
                0x00001000                _StackSize = 0x1000

.heap2stackfill
                0x20001218     0x1000
                0x20002218                . = (. + _StackSize)
 *fill*         0x20001218     0x1000 

.stack          0x2002f000        0x0
                0x2002f000                _vStackBase = .
                0x2002f000                . = ALIGN (0x8)
                0x20030000                _vStackTop = (. + _StackSize)
                0x00000000                _image_start = LOADADDR (.text)
                0x00001f18                _image_end = (LOADADDR (.data) + SIZEOF (.data))
                0x00001f18                _image_size = (_image_end - _image_start)
OUTPUT(Blink.axf elf32-littlearm)

.debug_info     0x00000000     0x4bed
 .debug_info    0x00000000      0x9b7 ./source/App.o
 .debug_info    0x000009b7      0xc3b ./source/DisplayBoard.o
 .debug_info    0x000015f2      0xa11 ./source/Encoder.o
 .debug_info    0x00002003      0x526 ./source/SysTick.o
 .debug_info    0x00002529      0x5ea ./source/gpio.o
 .debug_info    0x00002b13      0xac7 ./source/timer.o
 .debug_info    0x000035da      0x675 ./SDK/startup/hardware.o
 .debug_info    0x00003c4f       0xb7 ./SDK/startup/main.o
 .debug_info    0x00003d06       0x3b ./SDK/startup/semihost_hardfault.o
 .debug_info    0x00003d41      0x8b0 ./SDK/startup/startup_mk64f12.o
 .debug_info    0x000045f1      0x5fc ./SDK/CMSIS/system_MK64F12.o

.debug_abbrev   0x00000000     0x1156
 .debug_abbrev  0x00000000      0x212 ./source/App.o
 .debug_abbrev  0x00000212      0x2cc ./source/DisplayBoard.o
 .debug_abbrev  0x000004de      0x24d ./source/Encoder.o
 .debug_abbrev  0x0000072b      0x1a0 ./source/SysTick.o
 .debug_abbrev  0x000008cb      0x16c ./source/gpio.o
 .debug_abbrev  0x00000a37      0x2a0 ./source/timer.o
 .debug_abbrev  0x00000cd7      0x138 ./SDK/startup/hardware.o
 .debug_abbrev  0x00000e0f       0x7d ./SDK/startup/main.o
 .debug_abbrev  0x00000e8c       0x2f ./SDK/startup/semihost_hardfault.o
 .debug_abbrev  0x00000ebb      0x15c ./SDK/startup/startup_mk64f12.o
 .debug_abbrev  0x00001017      0x13f ./SDK/CMSIS/system_MK64F12.o

.debug_aranges  0x00000000      0x588
 .debug_aranges
                0x00000000       0x48 ./source/App.o
 .debug_aranges
                0x00000048       0x60 ./source/DisplayBoard.o
 .debug_aranges
                0x000000a8       0x48 ./source/Encoder.o
 .debug_aranges
                0x000000f0       0x30 ./source/SysTick.o
 .debug_aranges
                0x00000120       0x48 ./source/gpio.o
 .debug_aranges
                0x00000168       0x50 ./source/timer.o
 .debug_aranges
                0x000001b8       0x30 ./SDK/startup/hardware.o
 .debug_aranges
                0x000001e8       0x20 ./SDK/startup/main.o
 .debug_aranges
                0x00000208       0x20 ./SDK/startup/semihost_hardfault.o
 .debug_aranges
                0x00000228      0x330 ./SDK/startup/startup_mk64f12.o
 .debug_aranges
                0x00000558       0x30 ./SDK/CMSIS/system_MK64F12.o

.debug_ranges   0x00000000      0x4d8
 .debug_ranges  0x00000000       0x38 ./source/App.o
 .debug_ranges  0x00000038       0x50 ./source/DisplayBoard.o
 .debug_ranges  0x00000088       0x38 ./source/Encoder.o
 .debug_ranges  0x000000c0       0x20 ./source/SysTick.o
 .debug_ranges  0x000000e0       0x38 ./source/gpio.o
 .debug_ranges  0x00000118       0x40 ./source/timer.o
 .debug_ranges  0x00000158       0x20 ./SDK/startup/hardware.o
 .debug_ranges  0x00000178       0x10 ./SDK/startup/main.o
 .debug_ranges  0x00000188       0x10 ./SDK/startup/semihost_hardfault.o
 .debug_ranges  0x00000198      0x320 ./SDK/startup/startup_mk64f12.o
 .debug_ranges  0x000004b8       0x20 ./SDK/CMSIS/system_MK64F12.o

.debug_macro    0x00000000    0x126f9
 .debug_macro   0x00000000      0x133 ./source/App.o
 .debug_macro   0x00000133      0xa5a ./source/App.o
 .debug_macro   0x00000b8d      0x34e ./source/App.o
 .debug_macro   0x00000edb       0x22 ./source/App.o
 .debug_macro   0x00000efd       0x17 ./source/App.o
 .debug_macro   0x00000f14       0x22 ./source/App.o
 .debug_macro   0x00000f36       0x52 ./source/App.o
 .debug_macro   0x00000f88       0x8d ./source/App.o
 .debug_macro   0x00001015       0x35 ./source/App.o
 .debug_macro   0x0000104a       0x9c ./source/App.o
 .debug_macro   0x000010e6       0x16 ./source/App.o
 .debug_macro   0x000010fc      0x10e ./source/App.o
 .debug_macro   0x0000120a       0x8d ./source/App.o
 .debug_macro   0x00001297       0x57 ./source/App.o
 .debug_macro   0x000012ee       0x58 ./source/App.o
 .debug_macro   0x00001346       0x1f ./source/App.o
 .debug_macro   0x00001365       0x43 ./source/App.o
 .debug_macro   0x000013a8       0x20 ./source/App.o
 .debug_macro   0x000013c8      0x18e ./source/App.o
 .debug_macro   0x00001556      0x330 ./source/App.o
 .debug_macro   0x00001886       0x16 ./source/App.o
 .debug_macro   0x0000189c       0x29 ./source/App.o
 .debug_macro   0x000018c5       0x1c ./source/App.o
 .debug_macro   0x000018e1       0x7c ./source/App.o
 .debug_macro   0x0000195d       0x22 ./source/App.o
 .debug_macro   0x0000197f      0x1ae ./source/DisplayBoard.o
 .debug_macro   0x00001b2d       0x76 ./source/DisplayBoard.o
 .debug_macro   0x00001ba3       0x10 ./source/DisplayBoard.o
 .debug_macro   0x00001bb3       0x5c ./source/DisplayBoard.o
 .debug_macro   0x00001c0f       0x1c ./source/DisplayBoard.o
 .debug_macro   0x00001c2b       0x22 ./source/DisplayBoard.o
 .debug_macro   0x00001c4d       0xd9 ./source/DisplayBoard.o
 .debug_macro   0x00001d26      0xecf ./source/DisplayBoard.o
 .debug_macro   0x00002bf5       0x48 ./source/DisplayBoard.o
 .debug_macro   0x00002c3d     0xe07b ./source/DisplayBoard.o
 .debug_macro   0x00010cb8     0x122b ./source/DisplayBoard.o
 .debug_macro   0x00011ee3       0x16 ./source/DisplayBoard.o
 .debug_macro   0x00011ef9       0x3a ./source/DisplayBoard.o
 .debug_macro   0x00011f33       0x8e ./source/DisplayBoard.o
 .debug_macro   0x00011fc1      0x1ae ./source/Encoder.o
 .debug_macro   0x0001216f       0x1c ./source/Encoder.o
 .debug_macro   0x0001218b       0xac ./source/SysTick.o
 .debug_macro   0x00012237       0xdf ./source/SysTick.o
 .debug_macro   0x00012316       0xab ./source/gpio.o
 .debug_macro   0x000123c1      0x136 ./source/timer.o
 .debug_macro   0x000124f7       0x10 ./source/timer.o
 .debug_macro   0x00012507       0x9c ./SDK/startup/hardware.o
 .debug_macro   0x000125a3       0x9c ./SDK/startup/main.o
 .debug_macro   0x0001263f       0x11 ./SDK/startup/semihost_hardfault.o
 .debug_macro   0x00012650       0x29 ./SDK/startup/startup_mk64f12.o
 .debug_macro   0x00012679       0x80 ./SDK/CMSIS/system_MK64F12.o

.debug_line     0x00000000     0x1f34
 .debug_line    0x00000000      0x2ed ./source/App.o
 .debug_line    0x000002ed      0x59a ./source/DisplayBoard.o
 .debug_line    0x00000887      0x3a7 ./source/Encoder.o
 .debug_line    0x00000c2e      0x1b6 ./source/SysTick.o
 .debug_line    0x00000de4      0x203 ./source/gpio.o
 .debug_line    0x00000fe7      0x30c ./source/timer.o
 .debug_line    0x000012f3      0x1d4 ./SDK/startup/hardware.o
 .debug_line    0x000014c7      0x175 ./SDK/startup/main.o
 .debug_line    0x0000163c       0x59 ./SDK/startup/semihost_hardfault.o
 .debug_line    0x00001695      0x6d8 ./SDK/startup/startup_mk64f12.o
 .debug_line    0x00001d6d      0x1c7 ./SDK/CMSIS/system_MK64F12.o

.debug_str      0x00000000    0x7bb7b
 .debug_str     0x00000000     0x6ca8 ./source/App.o
                               0x6ee3 (size before relaxing)
 .debug_str     0x00006ca8    0x73b70 ./source/DisplayBoard.o
                              0x7a8f9 (size before relaxing)
 .debug_str     0x0007a818       0xac ./source/Encoder.o
                              0x7a762 (size before relaxing)
 .debug_str     0x0007a8c4      0x5cd ./source/SysTick.o
                              0x775c4 (size before relaxing)
 .debug_str     0x0007ae91      0x1b4 ./source/gpio.o
                              0x77223 (size before relaxing)
 .debug_str     0x0007b045       0xe1 ./source/timer.o
                               0x6dfc (size before relaxing)
 .debug_str     0x0007b126      0x178 ./SDK/startup/hardware.o
                              0x77202 (size before relaxing)
 .debug_str     0x0007b29e       0x1b ./SDK/startup/main.o
                              0x76fd6 (size before relaxing)
 .debug_str     0x0007b2b9       0x36 ./SDK/startup/semihost_hardfault.o
                               0x2d3c (size before relaxing)
 .debug_str     0x0007b2ef      0x82a ./SDK/startup/startup_mk64f12.o
                               0x35aa (size before relaxing)
 .debug_str     0x0007bb19       0x62 ./SDK/CMSIS/system_MK64F12.o
                              0x77111 (size before relaxing)

.comment        0x00000000       0x7e
 .comment       0x00000000       0x7e ./source/App.o
                                 0x7f (size before relaxing)
 .comment       0x0000007e       0x7f ./source/DisplayBoard.o
 .comment       0x0000007e       0x7f ./source/Encoder.o
 .comment       0x0000007e       0x7f ./source/SysTick.o
 .comment       0x0000007e       0x7f ./source/gpio.o
 .comment       0x0000007e       0x7f ./source/timer.o
 .comment       0x0000007e       0x7f ./SDK/startup/hardware.o
 .comment       0x0000007e       0x7f ./SDK/startup/main.o
 .comment       0x0000007e       0x7f ./SDK/startup/semihost_hardfault.o
 .comment       0x0000007e       0x7f ./SDK/startup/startup_mk64f12.o
 .comment       0x0000007e       0x7f ./SDK/CMSIS/system_MK64F12.o

.ARM.attributes
                0x00000000       0x39
 .ARM.attributes
                0x00000000       0x39 ./source/App.o
 .ARM.attributes
                0x00000039       0x39 ./source/DisplayBoard.o
 .ARM.attributes
                0x00000072       0x39 ./source/Encoder.o
 .ARM.attributes
                0x000000ab       0x39 ./source/SysTick.o
 .ARM.attributes
                0x000000e4       0x39 ./source/gpio.o
 .ARM.attributes
                0x0000011d       0x39 ./source/timer.o
 .ARM.attributes
                0x00000156       0x39 ./SDK/startup/hardware.o
 .ARM.attributes
                0x0000018f       0x39 ./SDK/startup/main.o
 .ARM.attributes
                0x000001c8       0x39 ./SDK/startup/semihost_hardfault.o
 .ARM.attributes
                0x00000201       0x39 ./SDK/startup/startup_mk64f12.o
 .ARM.attributes
                0x0000023a       0x39 ./SDK/CMSIS/system_MK64F12.o

.debug_frame    0x00000000      0xfc4
 .debug_frame   0x00000000       0xc4 ./source/App.o
 .debug_frame   0x000000c4      0x15c ./source/DisplayBoard.o
 .debug_frame   0x00000220       0xdc ./source/Encoder.o
 .debug_frame   0x000002fc       0x88 ./source/SysTick.o
 .debug_frame   0x00000384      0x100 ./source/gpio.o
 .debug_frame   0x00000484      0x10c ./source/timer.o
 .debug_frame   0x00000590       0x70 ./SDK/startup/hardware.o
 .debug_frame   0x00000600       0x2c ./SDK/startup/main.o
 .debug_frame   0x0000062c       0x20 ./SDK/startup/semihost_hardfault.o
 .debug_frame   0x0000064c      0x904 ./SDK/startup/startup_mk64f12.o
 .debug_frame   0x00000f50       0x74 ./SDK/CMSIS/system_MK64F12.o
