
Discarded input sections

 .group         0x0000000000000000        0xc ./source/App.o
 .group         0x0000000000000000        0xc ./source/App.o
 .group         0x0000000000000000        0xc ./source/App.o
 .group         0x0000000000000000        0xc ./source/App.o
 .group         0x0000000000000000        0xc ./source/App.o
 .group         0x0000000000000000        0xc ./source/App.o
 .group         0x0000000000000000        0xc ./source/App.o
 .group         0x0000000000000000        0xc ./source/App.o
 .group         0x0000000000000000        0xc ./source/App.o
 .group         0x0000000000000000        0xc ./source/App.o
 .group         0x0000000000000000        0xc ./source/App.o
 .group         0x0000000000000000        0xc ./source/App.o
 .group         0x0000000000000000        0xc ./source/App.o
 .group         0x0000000000000000        0xc ./source/App.o
 .group         0x0000000000000000        0xc ./source/App.o
 .group         0x0000000000000000        0xc ./source/App.o
 .group         0x0000000000000000        0xc ./source/App.o
 .group         0x0000000000000000        0xc ./source/App.o
 .group         0x0000000000000000        0xc ./source/App.o
 .group         0x0000000000000000        0xc ./source/App.o
 .group         0x0000000000000000        0xc ./source/App.o
 .group         0x0000000000000000        0xc ./source/App.o
 .group         0x0000000000000000        0xc ./source/App.o
 .group         0x0000000000000000        0xc ./source/App.o
 .group         0x0000000000000000        0xc ./source/App.o
 .text          0x0000000000000000        0x0 ./source/App.o
 .data          0x0000000000000000        0x0 ./source/App.o
 .bss           0x0000000000000000        0x0 ./source/App.o
 .group         0x0000000000000000        0xc ./source/DisplayBoard.o
 .group         0x0000000000000000        0xc ./source/DisplayBoard.o
 .group         0x0000000000000000        0xc ./source/DisplayBoard.o
 .group         0x0000000000000000        0xc ./source/DisplayBoard.o
 .group         0x0000000000000000        0xc ./source/DisplayBoard.o
 .group         0x0000000000000000        0xc ./source/DisplayBoard.o
 .group         0x0000000000000000        0xc ./source/DisplayBoard.o
 .group         0x0000000000000000        0xc ./source/DisplayBoard.o
 .group         0x0000000000000000        0xc ./source/DisplayBoard.o
 .group         0x0000000000000000        0xc ./source/DisplayBoard.o
 .group         0x0000000000000000        0xc ./source/DisplayBoard.o
 .group         0x0000000000000000        0xc ./source/DisplayBoard.o
 .group         0x0000000000000000        0xc ./source/DisplayBoard.o
 .group         0x0000000000000000        0xc ./source/DisplayBoard.o
 .group         0x0000000000000000        0xc ./source/DisplayBoard.o
 .group         0x0000000000000000        0xc ./source/DisplayBoard.o
 .group         0x0000000000000000        0xc ./source/DisplayBoard.o
 .group         0x0000000000000000        0xc ./source/DisplayBoard.o
 .group         0x0000000000000000        0xc ./source/DisplayBoard.o
 .group         0x0000000000000000        0xc ./source/DisplayBoard.o
 .group         0x0000000000000000        0xc ./source/DisplayBoard.o
 .group         0x0000000000000000        0xc ./source/DisplayBoard.o
 .group         0x0000000000000000        0xc ./source/DisplayBoard.o
 .group         0x0000000000000000        0xc ./source/DisplayBoard.o
 .group         0x0000000000000000        0xc ./source/DisplayBoard.o
 .group         0x0000000000000000        0xc ./source/DisplayBoard.o
 .group         0x0000000000000000        0xc ./source/DisplayBoard.o
 .group         0x0000000000000000        0xc ./source/DisplayBoard.o
 .group         0x0000000000000000        0xc ./source/DisplayBoard.o
 .group         0x0000000000000000        0xc ./source/DisplayBoard.o
 .group         0x0000000000000000        0xc ./source/DisplayBoard.o
 .group         0x0000000000000000        0xc ./source/DisplayBoard.o
 .group         0x0000000000000000        0xc ./source/DisplayBoard.o
 .group         0x0000000000000000        0xc ./source/DisplayBoard.o
 .text          0x0000000000000000        0x0 ./source/DisplayBoard.o
 .data          0x0000000000000000        0x0 ./source/DisplayBoard.o
 .bss           0x0000000000000000        0x0 ./source/DisplayBoard.o
 .text.DispShowID
                0x0000000000000000      0x140 ./source/DisplayBoard.o
 .debug_macro   0x0000000000000000      0xa9c ./source/DisplayBoard.o
 .debug_macro   0x0000000000000000      0x34e ./source/DisplayBoard.o
 .debug_macro   0x0000000000000000       0x22 ./source/DisplayBoard.o
 .debug_macro   0x0000000000000000       0x18 ./source/DisplayBoard.o
 .debug_macro   0x0000000000000000       0x22 ./source/DisplayBoard.o
 .debug_macro   0x0000000000000000       0x58 ./source/DisplayBoard.o
 .debug_macro   0x0000000000000000       0x94 ./source/DisplayBoard.o
 .debug_macro   0x0000000000000000       0x35 ./source/DisplayBoard.o
 .debug_macro   0x0000000000000000       0x34 ./source/DisplayBoard.o
 .debug_macro   0x0000000000000000       0x16 ./source/DisplayBoard.o
 .debug_macro   0x0000000000000000      0x10e ./source/DisplayBoard.o
 .debug_macro   0x0000000000000000       0x8d ./source/DisplayBoard.o
 .debug_macro   0x0000000000000000       0x57 ./source/DisplayBoard.o
 .debug_macro   0x0000000000000000       0x58 ./source/DisplayBoard.o
 .debug_macro   0x0000000000000000       0x1f ./source/DisplayBoard.o
 .debug_macro   0x0000000000000000       0x43 ./source/DisplayBoard.o
 .debug_macro   0x0000000000000000       0x20 ./source/DisplayBoard.o
 .debug_macro   0x0000000000000000      0x18e ./source/DisplayBoard.o
 .debug_macro   0x0000000000000000      0x339 ./source/DisplayBoard.o
 .debug_macro   0x0000000000000000       0x16 ./source/DisplayBoard.o
 .debug_macro   0x0000000000000000       0x29 ./source/DisplayBoard.o
 .group         0x0000000000000000        0xc ./source/Encoder.o
 .group         0x0000000000000000        0xc ./source/Encoder.o
 .group         0x0000000000000000        0xc ./source/Encoder.o
 .group         0x0000000000000000        0xc ./source/Encoder.o
 .group         0x0000000000000000        0xc ./source/Encoder.o
 .group         0x0000000000000000        0xc ./source/Encoder.o
 .group         0x0000000000000000        0xc ./source/Encoder.o
 .group         0x0000000000000000        0xc ./source/Encoder.o
 .group         0x0000000000000000        0xc ./source/Encoder.o
 .group         0x0000000000000000        0xc ./source/Encoder.o
 .group         0x0000000000000000        0xc ./source/Encoder.o
 .group         0x0000000000000000        0xc ./source/Encoder.o
 .group         0x0000000000000000        0xc ./source/Encoder.o
 .group         0x0000000000000000        0xc ./source/Encoder.o
 .group         0x0000000000000000        0xc ./source/Encoder.o
 .group         0x0000000000000000        0xc ./source/Encoder.o
 .group         0x0000000000000000        0xc ./source/Encoder.o
 .group         0x0000000000000000        0xc ./source/Encoder.o
 .group         0x0000000000000000        0xc ./source/Encoder.o
 .group         0x0000000000000000        0xc ./source/Encoder.o
 .group         0x0000000000000000        0xc ./source/Encoder.o
 .group         0x0000000000000000        0xc ./source/Encoder.o
 .group         0x0000000000000000        0xc ./source/Encoder.o
 .group         0x0000000000000000        0xc ./source/Encoder.o
 .group         0x0000000000000000        0xc ./source/Encoder.o
 .group         0x0000000000000000        0xc ./source/Encoder.o
 .group         0x0000000000000000        0xc ./source/Encoder.o
 .group         0x0000000000000000        0xc ./source/Encoder.o
 .group         0x0000000000000000        0xc ./source/Encoder.o
 .group         0x0000000000000000        0xc ./source/Encoder.o
 .group         0x0000000000000000        0xc ./source/Encoder.o
 .group         0x0000000000000000        0xc ./source/Encoder.o
 .group         0x0000000000000000        0xc ./source/Encoder.o
 .group         0x0000000000000000        0xc ./source/Encoder.o
 .text          0x0000000000000000        0x0 ./source/Encoder.o
 .data          0x0000000000000000        0x0 ./source/Encoder.o
 .bss           0x0000000000000000        0x0 ./source/Encoder.o
 .text.EncClearFlag
                0x0000000000000000       0x18 ./source/Encoder.o
 .debug_macro   0x0000000000000000      0xa9c ./source/Encoder.o
 .debug_macro   0x0000000000000000      0x34e ./source/Encoder.o
 .debug_macro   0x0000000000000000       0x22 ./source/Encoder.o
 .debug_macro   0x0000000000000000       0x18 ./source/Encoder.o
 .debug_macro   0x0000000000000000       0x22 ./source/Encoder.o
 .debug_macro   0x0000000000000000       0x58 ./source/Encoder.o
 .debug_macro   0x0000000000000000       0x94 ./source/Encoder.o
 .debug_macro   0x0000000000000000       0x35 ./source/Encoder.o
 .debug_macro   0x0000000000000000       0x34 ./source/Encoder.o
 .debug_macro   0x0000000000000000       0x16 ./source/Encoder.o
 .debug_macro   0x0000000000000000      0x10e ./source/Encoder.o
 .debug_macro   0x0000000000000000       0x8d ./source/Encoder.o
 .debug_macro   0x0000000000000000       0x57 ./source/Encoder.o
 .debug_macro   0x0000000000000000       0x58 ./source/Encoder.o
 .debug_macro   0x0000000000000000       0x1f ./source/Encoder.o
 .debug_macro   0x0000000000000000       0x43 ./source/Encoder.o
 .debug_macro   0x0000000000000000       0x20 ./source/Encoder.o
 .debug_macro   0x0000000000000000      0x18e ./source/Encoder.o
 .debug_macro   0x0000000000000000      0x339 ./source/Encoder.o
 .debug_macro   0x0000000000000000       0x16 ./source/Encoder.o
 .debug_macro   0x0000000000000000       0x29 ./source/Encoder.o
 .debug_macro   0x0000000000000000       0x10 ./source/Encoder.o
 .debug_macro   0x0000000000000000       0x5c ./source/Encoder.o
 .debug_macro   0x0000000000000000       0x1c ./source/Encoder.o
 .debug_macro   0x0000000000000000       0x22 ./source/Encoder.o
 .debug_macro   0x0000000000000000       0xd9 ./source/Encoder.o
 .debug_macro   0x0000000000000000      0xecf ./source/Encoder.o
 .debug_macro   0x0000000000000000       0x48 ./source/Encoder.o
 .debug_macro   0x0000000000000000     0xe07b ./source/Encoder.o
 .debug_macro   0x0000000000000000     0x122b ./source/Encoder.o
 .debug_macro   0x0000000000000000       0x16 ./source/Encoder.o
 .debug_macro   0x0000000000000000       0x3a ./source/Encoder.o
 .debug_macro   0x0000000000000000       0xa0 ./source/Encoder.o
 .group         0x0000000000000000        0xc ./source/Lector.o
 .group         0x0000000000000000        0xc ./source/Lector.o
 .group         0x0000000000000000        0xc ./source/Lector.o
 .group         0x0000000000000000        0xc ./source/Lector.o
 .group         0x0000000000000000        0xc ./source/Lector.o
 .group         0x0000000000000000        0xc ./source/Lector.o
 .group         0x0000000000000000        0xc ./source/Lector.o
 .group         0x0000000000000000        0xc ./source/Lector.o
 .group         0x0000000000000000        0xc ./source/Lector.o
 .group         0x0000000000000000        0xc ./source/Lector.o
 .group         0x0000000000000000        0xc ./source/Lector.o
 .group         0x0000000000000000        0xc ./source/Lector.o
 .group         0x0000000000000000        0xc ./source/Lector.o
 .group         0x0000000000000000        0xc ./source/Lector.o
 .group         0x0000000000000000        0xc ./source/Lector.o
 .group         0x0000000000000000        0xc ./source/Lector.o
 .group         0x0000000000000000        0xc ./source/Lector.o
 .text          0x0000000000000000        0x0 ./source/Lector.o
 .data          0x0000000000000000        0x0 ./source/Lector.o
 .bss           0x0000000000000000        0x0 ./source/Lector.o
 .text.get_ID   0x0000000000000000       0x6c ./source/Lector.o
 .text.Check_LRC
                0x0000000000000000       0x74 ./source/Lector.o
 .text.parity   0x0000000000000000       0x4e ./source/Lector.o
 .debug_macro   0x0000000000000000      0xa9c ./source/Lector.o
 .debug_macro   0x0000000000000000       0x22 ./source/Lector.o
 .debug_macro   0x0000000000000000       0x34 ./source/Lector.o
 .debug_macro   0x0000000000000000      0x34e ./source/Lector.o
 .debug_macro   0x0000000000000000       0x10 ./source/Lector.o
 .debug_macro   0x0000000000000000       0x5c ./source/Lector.o
 .debug_macro   0x0000000000000000       0x1c ./source/Lector.o
 .debug_macro   0x0000000000000000       0x22 ./source/Lector.o
 .debug_macro   0x0000000000000000      0xecf ./source/Lector.o
 .debug_macro   0x0000000000000000       0x48 ./source/Lector.o
 .debug_macro   0x0000000000000000     0xe07b ./source/Lector.o
 .debug_macro   0x0000000000000000     0x122b ./source/Lector.o
 .debug_macro   0x0000000000000000       0x16 ./source/Lector.o
 .debug_macro   0x0000000000000000       0x3a ./source/Lector.o
 .debug_macro   0x0000000000000000       0xa0 ./source/Lector.o
 .group         0x0000000000000000        0xc ./source/SysTick.o
 .group         0x0000000000000000        0xc ./source/SysTick.o
 .group         0x0000000000000000        0xc ./source/SysTick.o
 .group         0x0000000000000000        0xc ./source/SysTick.o
 .group         0x0000000000000000        0xc ./source/SysTick.o
 .group         0x0000000000000000        0xc ./source/SysTick.o
 .group         0x0000000000000000        0xc ./source/SysTick.o
 .group         0x0000000000000000        0xc ./source/SysTick.o
 .group         0x0000000000000000        0xc ./source/SysTick.o
 .group         0x0000000000000000        0xc ./source/SysTick.o
 .group         0x0000000000000000        0xc ./source/SysTick.o
 .group         0x0000000000000000        0xc ./source/SysTick.o
 .group         0x0000000000000000        0xc ./source/SysTick.o
 .text          0x0000000000000000        0x0 ./source/SysTick.o
 .data          0x0000000000000000        0x0 ./source/SysTick.o
 .bss           0x0000000000000000        0x0 ./source/SysTick.o
 .debug_macro   0x0000000000000000      0xa9c ./source/SysTick.o
 .debug_macro   0x0000000000000000       0x22 ./source/SysTick.o
 .debug_macro   0x0000000000000000      0x34e ./source/SysTick.o
 .debug_macro   0x0000000000000000       0x10 ./source/SysTick.o
 .debug_macro   0x0000000000000000       0x5c ./source/SysTick.o
 .debug_macro   0x0000000000000000       0x1c ./source/SysTick.o
 .debug_macro   0x0000000000000000       0x22 ./source/SysTick.o
 .debug_macro   0x0000000000000000       0xdf ./source/SysTick.o
 .debug_macro   0x0000000000000000      0xecf ./source/SysTick.o
 .debug_macro   0x0000000000000000       0x48 ./source/SysTick.o
 .debug_macro   0x0000000000000000     0xe07b ./source/SysTick.o
 .debug_macro   0x0000000000000000     0x122b ./source/SysTick.o
 .debug_macro   0x0000000000000000       0x16 ./source/SysTick.o
 .group         0x0000000000000000        0xc ./source/gpio.o
 .group         0x0000000000000000        0xc ./source/gpio.o
 .group         0x0000000000000000        0xc ./source/gpio.o
 .group         0x0000000000000000        0xc ./source/gpio.o
 .group         0x0000000000000000        0xc ./source/gpio.o
 .group         0x0000000000000000        0xc ./source/gpio.o
 .group         0x0000000000000000        0xc ./source/gpio.o
 .group         0x0000000000000000        0xc ./source/gpio.o
 .group         0x0000000000000000        0xc ./source/gpio.o
 .group         0x0000000000000000        0xc ./source/gpio.o
 .group         0x0000000000000000        0xc ./source/gpio.o
 .group         0x0000000000000000        0xc ./source/gpio.o
 .group         0x0000000000000000        0xc ./source/gpio.o
 .group         0x0000000000000000        0xc ./source/gpio.o
 .text          0x0000000000000000        0x0 ./source/gpio.o
 .data          0x0000000000000000        0x0 ./source/gpio.o
 .bss           0x0000000000000000        0x0 ./source/gpio.o
 .debug_macro   0x0000000000000000      0xa9c ./source/gpio.o
 .debug_macro   0x0000000000000000      0x34e ./source/gpio.o
 .debug_macro   0x0000000000000000       0x22 ./source/gpio.o
 .debug_macro   0x0000000000000000       0x10 ./source/gpio.o
 .debug_macro   0x0000000000000000       0x5c ./source/gpio.o
 .debug_macro   0x0000000000000000       0x1c ./source/gpio.o
 .debug_macro   0x0000000000000000       0x22 ./source/gpio.o
 .debug_macro   0x0000000000000000       0xdf ./source/gpio.o
 .debug_macro   0x0000000000000000      0xecf ./source/gpio.o
 .debug_macro   0x0000000000000000       0x48 ./source/gpio.o
 .debug_macro   0x0000000000000000     0xe07b ./source/gpio.o
 .debug_macro   0x0000000000000000     0x122b ./source/gpio.o
 .debug_macro   0x0000000000000000       0x16 ./source/gpio.o
 .debug_macro   0x0000000000000000       0x3a ./source/gpio.o
 .group         0x0000000000000000        0xc ./source/timer.o
 .group         0x0000000000000000        0xc ./source/timer.o
 .group         0x0000000000000000        0xc ./source/timer.o
 .group         0x0000000000000000        0xc ./source/timer.o
 .group         0x0000000000000000        0xc ./source/timer.o
 .group         0x0000000000000000        0xc ./source/timer.o
 .group         0x0000000000000000        0xc ./source/timer.o
 .group         0x0000000000000000        0xc ./source/timer.o
 .group         0x0000000000000000        0xc ./source/timer.o
 .group         0x0000000000000000        0xc ./source/timer.o
 .group         0x0000000000000000        0xc ./source/timer.o
 .group         0x0000000000000000        0xc ./source/timer.o
 .group         0x0000000000000000        0xc ./source/timer.o
 .group         0x0000000000000000        0xc ./source/timer.o
 .group         0x0000000000000000        0xc ./source/timer.o
 .group         0x0000000000000000        0xc ./source/timer.o
 .group         0x0000000000000000        0xc ./source/timer.o
 .group         0x0000000000000000        0xc ./source/timer.o
 .group         0x0000000000000000        0xc ./source/timer.o
 .group         0x0000000000000000        0xc ./source/timer.o
 .group         0x0000000000000000        0xc ./source/timer.o
 .group         0x0000000000000000        0xc ./source/timer.o
 .group         0x0000000000000000        0xc ./source/timer.o
 .text          0x0000000000000000        0x0 ./source/timer.o
 .data          0x0000000000000000        0x0 ./source/timer.o
 .bss           0x0000000000000000        0x0 ./source/timer.o
 .text.timerStop
                0x0000000000000000       0x30 ./source/timer.o
 .text.timerDelay
                0x0000000000000000       0x30 ./source/timer.o
 .debug_macro   0x0000000000000000      0xa9c ./source/timer.o
 .debug_macro   0x0000000000000000      0x34e ./source/timer.o
 .debug_macro   0x0000000000000000       0x22 ./source/timer.o
 .debug_macro   0x0000000000000000       0x18 ./source/timer.o
 .debug_macro   0x0000000000000000       0x22 ./source/timer.o
 .debug_macro   0x0000000000000000       0x58 ./source/timer.o
 .debug_macro   0x0000000000000000       0x94 ./source/timer.o
 .debug_macro   0x0000000000000000       0x35 ./source/timer.o
 .debug_macro   0x0000000000000000       0x34 ./source/timer.o
 .debug_macro   0x0000000000000000       0x16 ./source/timer.o
 .debug_macro   0x0000000000000000      0x10e ./source/timer.o
 .debug_macro   0x0000000000000000       0x8d ./source/timer.o
 .debug_macro   0x0000000000000000       0x57 ./source/timer.o
 .debug_macro   0x0000000000000000       0x58 ./source/timer.o
 .debug_macro   0x0000000000000000       0x1f ./source/timer.o
 .debug_macro   0x0000000000000000       0x43 ./source/timer.o
 .debug_macro   0x0000000000000000       0x20 ./source/timer.o
 .debug_macro   0x0000000000000000      0x18e ./source/timer.o
 .debug_macro   0x0000000000000000      0x339 ./source/timer.o
 .debug_macro   0x0000000000000000       0x16 ./source/timer.o
 .debug_macro   0x0000000000000000       0x29 ./source/timer.o
 .debug_macro   0x0000000000000000       0x1c ./source/timer.o
 .group         0x0000000000000000        0xc ./SDK/startup/hardware.o
 .group         0x0000000000000000        0xc ./SDK/startup/hardware.o
 .group         0x0000000000000000        0xc ./SDK/startup/hardware.o
 .group         0x0000000000000000        0xc ./SDK/startup/hardware.o
 .group         0x0000000000000000        0xc ./SDK/startup/hardware.o
 .group         0x0000000000000000        0xc ./SDK/startup/hardware.o
 .group         0x0000000000000000        0xc ./SDK/startup/hardware.o
 .group         0x0000000000000000        0xc ./SDK/startup/hardware.o
 .group         0x0000000000000000        0xc ./SDK/startup/hardware.o
 .group         0x0000000000000000        0xc ./SDK/startup/hardware.o
 .group         0x0000000000000000        0xc ./SDK/startup/hardware.o
 .group         0x0000000000000000        0xc ./SDK/startup/hardware.o
 .group         0x0000000000000000        0xc ./SDK/startup/hardware.o
 .text          0x0000000000000000        0x0 ./SDK/startup/hardware.o
 .data          0x0000000000000000        0x0 ./SDK/startup/hardware.o
 .bss           0x0000000000000000        0x0 ./SDK/startup/hardware.o
 .debug_macro   0x0000000000000000      0xa9c ./SDK/startup/hardware.o
 .debug_macro   0x0000000000000000      0x34e ./SDK/startup/hardware.o
 .debug_macro   0x0000000000000000       0x22 ./SDK/startup/hardware.o
 .debug_macro   0x0000000000000000       0x10 ./SDK/startup/hardware.o
 .debug_macro   0x0000000000000000       0x5c ./SDK/startup/hardware.o
 .debug_macro   0x0000000000000000       0x1c ./SDK/startup/hardware.o
 .debug_macro   0x0000000000000000       0x22 ./SDK/startup/hardware.o
 .debug_macro   0x0000000000000000       0xdf ./SDK/startup/hardware.o
 .debug_macro   0x0000000000000000      0xecf ./SDK/startup/hardware.o
 .debug_macro   0x0000000000000000       0x48 ./SDK/startup/hardware.o
 .debug_macro   0x0000000000000000     0xe07b ./SDK/startup/hardware.o
 .debug_macro   0x0000000000000000     0x122b ./SDK/startup/hardware.o
 .debug_macro   0x0000000000000000       0x16 ./SDK/startup/hardware.o
 .group         0x0000000000000000        0xc ./SDK/startup/main.o
 .group         0x0000000000000000        0xc ./SDK/startup/main.o
 .group         0x0000000000000000        0xc ./SDK/startup/main.o
 .group         0x0000000000000000        0xc ./SDK/startup/main.o
 .group         0x0000000000000000        0xc ./SDK/startup/main.o
 .group         0x0000000000000000        0xc ./SDK/startup/main.o
 .group         0x0000000000000000        0xc ./SDK/startup/main.o
 .group         0x0000000000000000        0xc ./SDK/startup/main.o
 .group         0x0000000000000000        0xc ./SDK/startup/main.o
 .group         0x0000000000000000        0xc ./SDK/startup/main.o
 .group         0x0000000000000000        0xc ./SDK/startup/main.o
 .group         0x0000000000000000        0xc ./SDK/startup/main.o
 .group         0x0000000000000000        0xc ./SDK/startup/main.o
 .text          0x0000000000000000        0x0 ./SDK/startup/main.o
 .data          0x0000000000000000        0x0 ./SDK/startup/main.o
 .bss           0x0000000000000000        0x0 ./SDK/startup/main.o
 .debug_macro   0x0000000000000000      0xa9c ./SDK/startup/main.o
 .debug_macro   0x0000000000000000      0x34e ./SDK/startup/main.o
 .debug_macro   0x0000000000000000       0x22 ./SDK/startup/main.o
 .debug_macro   0x0000000000000000       0x10 ./SDK/startup/main.o
 .debug_macro   0x0000000000000000       0x5c ./SDK/startup/main.o
 .debug_macro   0x0000000000000000       0x1c ./SDK/startup/main.o
 .debug_macro   0x0000000000000000       0x22 ./SDK/startup/main.o
 .debug_macro   0x0000000000000000       0xdf ./SDK/startup/main.o
 .debug_macro   0x0000000000000000      0xecf ./SDK/startup/main.o
 .debug_macro   0x0000000000000000       0x48 ./SDK/startup/main.o
 .debug_macro   0x0000000000000000     0xe07b ./SDK/startup/main.o
 .debug_macro   0x0000000000000000     0x122b ./SDK/startup/main.o
 .debug_macro   0x0000000000000000       0x16 ./SDK/startup/main.o
 .group         0x0000000000000000        0xc ./SDK/startup/semihost_hardfault.o
 .text          0x0000000000000000        0x0 ./SDK/startup/semihost_hardfault.o
 .data          0x0000000000000000        0x0 ./SDK/startup/semihost_hardfault.o
 .bss           0x0000000000000000        0x0 ./SDK/startup/semihost_hardfault.o
 .debug_macro   0x0000000000000000      0xa9c ./SDK/startup/semihost_hardfault.o
 .group         0x0000000000000000        0xc ./SDK/startup/startup_mk64f12.o
 .text          0x0000000000000000        0x0 ./SDK/startup/startup_mk64f12.o
 .data          0x0000000000000000        0x0 ./SDK/startup/startup_mk64f12.o
 .bss           0x0000000000000000        0x0 ./SDK/startup/startup_mk64f12.o
 .text.PORTC_IRQHandler
                0x0000000000000000        0x8 ./SDK/startup/startup_mk64f12.o
 .debug_macro   0x0000000000000000      0xa9c ./SDK/startup/startup_mk64f12.o
 .group         0x0000000000000000        0xc ./SDK/CMSIS/system_MK64F12.o
 .group         0x0000000000000000        0xc ./SDK/CMSIS/system_MK64F12.o
 .group         0x0000000000000000        0xc ./SDK/CMSIS/system_MK64F12.o
 .group         0x0000000000000000        0xc ./SDK/CMSIS/system_MK64F12.o
 .group         0x0000000000000000        0xc ./SDK/CMSIS/system_MK64F12.o
 .group         0x0000000000000000        0xc ./SDK/CMSIS/system_MK64F12.o
 .group         0x0000000000000000        0xc ./SDK/CMSIS/system_MK64F12.o
 .group         0x0000000000000000        0xc ./SDK/CMSIS/system_MK64F12.o
 .group         0x0000000000000000        0xc ./SDK/CMSIS/system_MK64F12.o
 .group         0x0000000000000000        0xc ./SDK/CMSIS/system_MK64F12.o
 .group         0x0000000000000000        0xc ./SDK/CMSIS/system_MK64F12.o
 .text          0x0000000000000000        0x0 ./SDK/CMSIS/system_MK64F12.o
 .data          0x0000000000000000        0x0 ./SDK/CMSIS/system_MK64F12.o
 .bss           0x0000000000000000        0x0 ./SDK/CMSIS/system_MK64F12.o
 .data.SystemCoreClock
                0x0000000000000000        0x4 ./SDK/CMSIS/system_MK64F12.o
 .text.SystemCoreClockUpdate
                0x0000000000000000      0x278 ./SDK/CMSIS/system_MK64F12.o
 .debug_macro   0x0000000000000000      0xa9c ./SDK/CMSIS/system_MK64F12.o
 .debug_macro   0x0000000000000000      0x34e ./SDK/CMSIS/system_MK64F12.o
 .debug_macro   0x0000000000000000       0x10 ./SDK/CMSIS/system_MK64F12.o
 .debug_macro   0x0000000000000000       0x5c ./SDK/CMSIS/system_MK64F12.o
 .debug_macro   0x0000000000000000       0x1c ./SDK/CMSIS/system_MK64F12.o
 .debug_macro   0x0000000000000000       0x22 ./SDK/CMSIS/system_MK64F12.o
 .debug_macro   0x0000000000000000       0xdf ./SDK/CMSIS/system_MK64F12.o
 .debug_macro   0x0000000000000000      0xecf ./SDK/CMSIS/system_MK64F12.o
 .debug_macro   0x0000000000000000       0x48 ./SDK/CMSIS/system_MK64F12.o
 .debug_macro   0x0000000000000000     0xe07b ./SDK/CMSIS/system_MK64F12.o
 .debug_macro   0x0000000000000000     0x122b ./SDK/CMSIS/system_MK64F12.o

Memory Configuration

Name             Origin             Length             Attributes
PROGRAM_FLASH    0x0000000000000000 0x0000000000100000 xr
SRAM_UPPER       0x0000000020000000 0x0000000000030000 xrw
SRAM_LOWER       0x000000001fff0000 0x0000000000010000 xrw
FLEX_RAM         0x0000000014000000 0x0000000000001000 xrw
*default*        0x0000000000000000 0xffffffffffffffff

Linker script and memory map

LOAD ./source/App.o
LOAD ./source/DisplayBoard.o
LOAD ./source/Encoder.o
LOAD ./source/Lector.o
LOAD ./source/SysTick.o
LOAD ./source/gpio.o
LOAD ./source/timer.o
LOAD ./SDK/startup/hardware.o
LOAD ./SDK/startup/main.o
LOAD ./SDK/startup/semihost_hardfault.o
LOAD ./SDK/startup/startup_mk64f12.o
LOAD ./SDK/CMSIS/system_MK64F12.o
START GROUP
LOAD /Applications/MCUXpressoIDE_11.0.0_2516/ide/plugins/com.nxp.mcuxpresso.tools.macosx_11.0.0.201905131304/tools/bin/../lib/gcc/arm-none-eabi/8.2.1/../../../../arm-none-eabi/lib/thumb/v7e-m+fp/hard/libcr_c.a
LOAD /Applications/MCUXpressoIDE_11.0.0_2516/ide/plugins/com.nxp.mcuxpresso.tools.macosx_11.0.0.201905131304/tools/bin/../lib/gcc/arm-none-eabi/8.2.1/thumb/v7e-m+fp/hard/libcr_eabihelpers.a
LOAD /Applications/MCUXpressoIDE_11.0.0_2516/ide/plugins/com.nxp.mcuxpresso.tools.macosx_11.0.0.201905131304/tools/bin/../lib/gcc/arm-none-eabi/8.2.1/thumb/v7e-m+fp/hard/libgcc.a
END GROUP
                0x0000000000000000                __base_PROGRAM_FLASH = 0x0
                0x0000000000000000                __base_Flash = 0x0
                0x0000000000100000                __top_PROGRAM_FLASH = 0x100000
                0x0000000000100000                __top_Flash = 0x100000
                0x0000000020000000                __base_SRAM_UPPER = 0x20000000
                0x0000000020000000                __base_RAM = 0x20000000
                0x0000000020030000                __top_SRAM_UPPER = 0x20030000
                0x0000000020030000                __top_RAM = 0x20030000
                0x000000001fff0000                __base_SRAM_LOWER = 0x1fff0000
                0x000000001fff0000                __base_RAM2 = 0x1fff0000
                0x0000000020000000                __top_SRAM_LOWER = 0x20000000
                0x0000000020000000                __top_RAM2 = 0x20000000
                0x0000000014000000                __base_FLEX_RAM = 0x14000000
                0x0000000014000000                __base_RAM3 = 0x14000000
                0x0000000014001000                __top_FLEX_RAM = 0x14001000
                0x0000000014001000                __top_RAM3 = 0x14001000

.text           0x0000000000000000     0x2160
 FILL mask 0xff
                0x0000000000000000                __vectors_start__ = ABSOLUTE (.)
 *(SORT_BY_ALIGNMENT(.isr_vector))
 .isr_vector    0x0000000000000000      0x198 ./SDK/startup/startup_mk64f12.o
                0x0000000000000000                __Vectors
                0x0000000000000000                g_pfnVectors
                0x0000000000000198                . = ALIGN (0x4)
                0x0000000000000198                __section_table_start = .
                0x0000000000000198                __data_section_table = .
                0x0000000000000198        0x4 LONG 0x2160 LOADADDR (.data)
                0x000000000000019c        0x4 LONG 0x20000000 ADDR (.data)
                0x00000000000001a0        0x4 LONG 0xf0 SIZEOF (.data)
                0x00000000000001a4        0x4 LONG 0x2160 LOADADDR (.data_RAM2)
                0x00000000000001a8        0x4 LONG 0x1fff0000 ADDR (.data_RAM2)
                0x00000000000001ac        0x4 LONG 0x0 SIZEOF (.data_RAM2)
                0x00000000000001b0        0x4 LONG 0x2160 LOADADDR (.data_RAM3)
                0x00000000000001b4        0x4 LONG 0x14000000 ADDR (.data_RAM3)
                0x00000000000001b8        0x4 LONG 0x0 SIZEOF (.data_RAM3)
                0x00000000000001bc                __data_section_table_end = .
                0x00000000000001bc                __bss_section_table = .
                0x00000000000001bc        0x4 LONG 0x200000f0 ADDR (.bss)
                0x00000000000001c0        0x4 LONG 0x178 SIZEOF (.bss)
                0x00000000000001c4        0x4 LONG 0x1fff0000 ADDR (.bss_RAM2)
                0x00000000000001c8        0x4 LONG 0x0 SIZEOF (.bss_RAM2)
                0x00000000000001cc        0x4 LONG 0x14000000 ADDR (.bss_RAM3)
                0x00000000000001d0        0x4 LONG 0x0 SIZEOF (.bss_RAM3)
                0x00000000000001d4                __bss_section_table_end = .
                0x00000000000001d4                __section_table_end = .
 *(SORT_BY_ALIGNMENT(.after_vectors*))
 .after_vectors.reset
                0x00000000000001d4       0x4c ./SDK/startup/startup_mk64f12.o
                0x00000000000001d4                ResetISR
 .after_vectors.init_data
                0x0000000000000220       0x1e ./SDK/startup/startup_mk64f12.o
                0x0000000000000220                data_init
 .after_vectors.init_bss
                0x000000000000023e       0x12 ./SDK/startup/startup_mk64f12.o
                0x000000000000023e                bss_init
 .after_vectors
                0x0000000000000250       0x14 ./SDK/startup/startup_mk64f12.o
                0x0000000000000250                NMI_Handler
                0x0000000000000254                MemManage_Handler
                0x0000000000000256                BusFault_Handler
                0x0000000000000258                UsageFault_Handler
                0x000000000000025a                SVC_Handler
                0x000000000000025c                DebugMon_Handler
                0x000000000000025e                PendSV_Handler
                0x0000000000000262                FTM1_DriverIRQHandler
                0x0000000000000262                FTM2_DriverIRQHandler
                0x0000000000000262                PIT2_DriverIRQHandler
                0x0000000000000262                SDHC_DriverIRQHandler
                0x0000000000000262                I2S0_Tx_DriverIRQHandler
                0x0000000000000262                RTC_Seconds_DriverIRQHandler
                0x0000000000000262                DMA6_DriverIRQHandler
                0x0000000000000262                LLWU_DriverIRQHandler
                0x0000000000000262                MCM_DriverIRQHandler
                0x0000000000000262                MCG_DriverIRQHandler
                0x0000000000000262                ENET_1588_Timer_DriverIRQHandler
                0x0000000000000262                I2C2_DriverIRQHandler
                0x0000000000000262                DAC1_DriverIRQHandler
                0x0000000000000262                CMP1_DriverIRQHandler
                0x0000000000000262                UART5_RX_TX_DriverIRQHandler
                0x0000000000000262                FTM0_DriverIRQHandler
                0x0000000000000262                IntDefaultHandler
                0x0000000000000262                USB0_DriverIRQHandler
                0x0000000000000262                UART5_ERR_DriverIRQHandler
                0x0000000000000262                PORTC_DriverIRQHandler
                0x0000000000000262                DMA11_DriverIRQHandler
                0x0000000000000262                DAC0_DriverIRQHandler
                0x0000000000000262                DMA10_DriverIRQHandler
                0x0000000000000262                CMP2_DriverIRQHandler
                0x0000000000000262                UART2_ERR_DriverIRQHandler
                0x0000000000000262                SPI2_DriverIRQHandler
                0x0000000000000262                LVD_LVW_DriverIRQHandler
                0x0000000000000262                PIT0_DriverIRQHandler
                0x0000000000000262                RNG_DriverIRQHandler
                0x0000000000000262                DMA5_DriverIRQHandler
                0x0000000000000262                DMA4_DriverIRQHandler
                0x0000000000000262                UART2_RX_TX_DriverIRQHandler
                0x0000000000000262                USBDCD_DriverIRQHandler
                0x0000000000000262                UART3_ERR_DriverIRQHandler
                0x0000000000000262                DMA3_DriverIRQHandler
                0x0000000000000262                DMA8_DriverIRQHandler
                0x0000000000000262                DMA9_DriverIRQHandler
                0x0000000000000262                UART0_ERR_DriverIRQHandler
                0x0000000000000262                CMT_DriverIRQHandler
                0x0000000000000262                Reserved71_DriverIRQHandler
                0x0000000000000262                ADC1_DriverIRQHandler
                0x0000000000000262                PORTA_DriverIRQHandler
                0x0000000000000262                DMA14_DriverIRQHandler
                0x0000000000000262                PIT3_DriverIRQHandler
                0x0000000000000262                PIT1_DriverIRQHandler
                0x0000000000000262                WDOG_EWM_DriverIRQHandler
                0x0000000000000262                PDB0_DriverIRQHandler
                0x0000000000000262                RTC_DriverIRQHandler
                0x0000000000000262                I2S0_Rx_DriverIRQHandler
                0x0000000000000262                Read_Collision_DriverIRQHandler
                0x0000000000000262                SWI_DriverIRQHandler
                0x0000000000000262                UART4_RX_TX_DriverIRQHandler
                0x0000000000000262                UART4_ERR_DriverIRQHandler
                0x0000000000000262                UART0_LON_DriverIRQHandler
                0x0000000000000262                DMA1_DriverIRQHandler
                0x0000000000000262                I2C1_DriverIRQHandler
                0x0000000000000262                UART3_RX_TX_DriverIRQHandler
                0x0000000000000262                ENET_Receive_DriverIRQHandler
                0x0000000000000262                DMA13_DriverIRQHandler
                0x0000000000000262                ENET_Error_DriverIRQHandler
                0x0000000000000262                DMA15_DriverIRQHandler
                0x0000000000000262                UART0_RX_TX_DriverIRQHandler
                0x0000000000000262                SPI0_DriverIRQHandler
                0x0000000000000262                ADC0_DriverIRQHandler
                0x0000000000000262                CMP0_DriverIRQHandler
                0x0000000000000262                CAN0_DriverIRQHandler
                0x0000000000000262                FTM3_DriverIRQHandler
                0x0000000000000262                UART1_ERR_DriverIRQHandler
                0x0000000000000262                DMA2_DriverIRQHandler
                0x0000000000000262                ENET_Transmit_DriverIRQHandler
                0x0000000000000262                PORTD_DriverIRQHandler
                0x0000000000000262                PORTE_DriverIRQHandler
                0x0000000000000262                FTFE_DriverIRQHandler
                0x0000000000000262                I2C0_DriverIRQHandler
                0x0000000000000262                DMA7_DriverIRQHandler
                0x0000000000000262                UART1_RX_TX_DriverIRQHandler
                0x0000000000000262                DMA0_DriverIRQHandler
                0x0000000000000262                PORTB_DriverIRQHandler
                0x0000000000000262                DMA12_DriverIRQHandler
                0x0000000000000262                SPI1_DriverIRQHandler
                0x0000000000000262                LPTMR0_DriverIRQHandler
                0x0000000000000262                DMA_Error_DriverIRQHandler
                0x0000000000000400                . = 0x400
 *fill*         0x0000000000000264      0x19c ff
                0x0000000000000400                PROVIDE (__FLASH_CONFIG_START__ = .)
 *(SORT_BY_ALIGNMENT(.FlashConfig))
 .FlashConfig   0x0000000000000400       0x10 ./SDK/startup/startup_mk64f12.o
                0x0000000000000400                Flash_Config
                0x0000000000000410                PROVIDE (__FLASH_CONFIG_END__ = .)
                0x0000000000000001                ASSERT (! ((__FLASH_CONFIG_START__ == __FLASH_CONFIG_END__)), Linker Flash Config Support Enabled, but no .FlashConfig section provided within application)
 *(SORT_BY_ALIGNMENT(.text*))
 .text.displayHandler
                0x0000000000000410       0x14 ./source/App.o
                0x0000000000000410                displayHandler
 .text.encoderCH_Handler
                0x0000000000000424       0x18 ./source/App.o
                0x0000000000000424                encoderCH_Handler
 .text.enconderSwitch_Handler
                0x000000000000043c       0x14 ./source/App.o
                0x000000000000043c                enconderSwitch_Handler
 .text.App_Init
                0x0000000000000450       0x84 ./source/App.o
                0x0000000000000450                App_Init
 .text.DispBoard_Init
                0x00000000000004d4       0xa4 ./source/DisplayBoard.o
                0x00000000000004d4                DispBoard_Init
 .text.Disp7Seg_Write
                0x0000000000000578      0x92c ./source/DisplayBoard.o
                0x0000000000000578                Disp7Seg_Write
 .text.Disp7Seg_Select
                0x0000000000000ea4       0xb8 ./source/DisplayBoard.o
                0x0000000000000ea4                Disp7Seg_Select
 .text.Status_Write
                0x0000000000000f5c       0x84 ./source/DisplayBoard.o
                0x0000000000000f5c                Status_Write
 .text.DispShowPIN
                0x0000000000000fe0      0x140 ./source/DisplayBoard.o
                0x0000000000000fe0                DispShowPIN
 .text.DispShiftMsj
                0x0000000000001120      0x138 ./source/DisplayBoard.o
                0x0000000000001120                DispShiftMsj
 .text.DispClear
                0x0000000000001258       0x34 ./source/DisplayBoard.o
                0x0000000000001258                DispClear
 .text.DispGetCursor
                0x000000000000128c       0x18 ./source/DisplayBoard.o
                0x000000000000128c                DispGetCursor
 .text.EncSetFlag
                0x00000000000012a4       0x20 ./source/Encoder.o
                0x00000000000012a4                EncSetFlag
 .text.EncGetFlag
                0x00000000000012c4       0x18 ./source/Encoder.o
                0x00000000000012c4                EncGetFlag
 .text.__NVIC_EnableIRQ
                0x00000000000012dc       0x3c ./source/Lector.o
 .text.PORTC_IRQHandler
                0x0000000000001318       0x64 ./source/Lector.o
                0x0000000000001318                PORTC_IRQHandler
 .text.clear_ID
                0x000000000000137c       0x34 ./source/Lector.o
                0x000000000000137c                clear_ID
 .text.get_Data
                0x00000000000013b0      0x10c ./source/Lector.o
                0x00000000000013b0                get_Data
 .text.set_Enable
                0x00000000000014bc       0x68 ./source/Lector.o
                0x00000000000014bc                set_Enable
 .text.__NVIC_EnableIRQ
                0x0000000000001524       0x3c ./source/SysTick.o
 .text.SysTick_Init
                0x0000000000001560       0x4c ./source/SysTick.o
                0x0000000000001560                SysTick_Init
 .text.SysTick_Handler
                0x00000000000015ac       0x24 ./source/SysTick.o
                0x00000000000015ac                SysTick_Handler
 .text.gpioMode
                0x00000000000015d0      0x174 ./source/gpio.o
                0x00000000000015d0                gpioMode
 .text.gpioWrite
                0x0000000000001744       0x6c ./source/gpio.o
                0x0000000000001744                gpioWrite
 .text.gpioToggle
                0x00000000000017b0       0x7c ./source/gpio.o
                0x00000000000017b0                gpioToggle
 .text.gpioRead
                0x000000000000182c       0x5c ./source/gpio.o
                0x000000000000182c                gpioRead
 .text.gpioIRQC
                0x0000000000001888       0x6c ./source/gpio.o
                0x0000000000001888                gpioIRQC
 .text.PORT_ClearInterruptFlag
                0x00000000000018f4       0x48 ./source/gpio.o
                0x00000000000018f4                PORT_ClearInterruptFlag
 .text.timerInit
                0x000000000000193c       0x28 ./source/timer.o
                0x000000000000193c                timerInit
 .text.timerGetId
                0x0000000000001964       0x2c ./source/timer.o
                0x0000000000001964                timerGetId
 .text.timerStart
                0x0000000000001990       0xa4 ./source/timer.o
                0x0000000000001990                timerStart
 .text.timerExpired
                0x0000000000001a34       0x44 ./source/timer.o
                0x0000000000001a34                timerExpired
 .text.timer_isr
                0x0000000000001a78       0xa8 ./source/timer.o
 .text.hw_Init  0x0000000000001b20      0x10c ./SDK/startup/hardware.o
                0x0000000000001b20                hw_Init
 .text.hw_EnableInterrupts
                0x0000000000001c2c       0x30 ./SDK/startup/hardware.o
                0x0000000000001c2c                hw_EnableInterrupts
 .text.hw_DisableInterrupts
                0x0000000000001c5c       0x20 ./SDK/startup/hardware.o
                0x0000000000001c5c                hw_DisableInterrupts
 .text.SystemInit
                0x0000000000001c7c       0x3c ./SDK/CMSIS/system_MK64F12.o
                0x0000000000001c7c                SystemInit
 .text.modify_PIN
                0x0000000000001cb8       0x90 ./source/App.o
                0x0000000000001cb8                modify_PIN
 .text.App_Run  0x0000000000001d48        0xe ./source/App.o
                0x0000000000001d48                App_Run
 .text.encoderInit
                0x0000000000001d56       0x28 ./source/Encoder.o
                0x0000000000001d56                encoderInit
 .text.encoderReadMotion
                0x0000000000001d7e       0x7e ./source/Encoder.o
                0x0000000000001d7e                encoderReadMotion
 .text.encoderReadSwitch
                0x0000000000001dfc       0x30 ./source/Encoder.o
                0x0000000000001dfc                encoderReadSwitch
 .text.Lector_Init
                0x0000000000001e2c       0x36 ./source/Lector.o
                0x0000000000001e2c                Lector_Init
 .text.main     0x0000000000001e62       0x1a ./SDK/startup/main.o
                0x0000000000001e62                main
 .text.HardFault_Handler
                0x0000000000001e7c       0x2c ./SDK/startup/semihost_hardfault.o
                0x0000000000001e7c                HardFault_Handler
 .text.DMA0_IRQHandler
                0x0000000000001ea8        0x8 ./SDK/startup/startup_mk64f12.o
                0x0000000000001ea8                DMA0_IRQHandler
 .text.DMA1_IRQHandler
                0x0000000000001eb0        0x8 ./SDK/startup/startup_mk64f12.o
                0x0000000000001eb0                DMA1_IRQHandler
 .text.DMA2_IRQHandler
                0x0000000000001eb8        0x8 ./SDK/startup/startup_mk64f12.o
                0x0000000000001eb8                DMA2_IRQHandler
 .text.DMA3_IRQHandler
                0x0000000000001ec0        0x8 ./SDK/startup/startup_mk64f12.o
                0x0000000000001ec0                DMA3_IRQHandler
 .text.DMA4_IRQHandler
                0x0000000000001ec8        0x8 ./SDK/startup/startup_mk64f12.o
                0x0000000000001ec8                DMA4_IRQHandler
 .text.DMA5_IRQHandler
                0x0000000000001ed0        0x8 ./SDK/startup/startup_mk64f12.o
                0x0000000000001ed0                DMA5_IRQHandler
 .text.DMA6_IRQHandler
                0x0000000000001ed8        0x8 ./SDK/startup/startup_mk64f12.o
                0x0000000000001ed8                DMA6_IRQHandler
 .text.DMA7_IRQHandler
                0x0000000000001ee0        0x8 ./SDK/startup/startup_mk64f12.o
                0x0000000000001ee0                DMA7_IRQHandler
 .text.DMA8_IRQHandler
                0x0000000000001ee8        0x8 ./SDK/startup/startup_mk64f12.o
                0x0000000000001ee8                DMA8_IRQHandler
 .text.DMA9_IRQHandler
                0x0000000000001ef0        0x8 ./SDK/startup/startup_mk64f12.o
                0x0000000000001ef0                DMA9_IRQHandler
 .text.DMA10_IRQHandler
                0x0000000000001ef8        0x8 ./SDK/startup/startup_mk64f12.o
                0x0000000000001ef8                DMA10_IRQHandler
 .text.DMA11_IRQHandler
                0x0000000000001f00        0x8 ./SDK/startup/startup_mk64f12.o
                0x0000000000001f00                DMA11_IRQHandler
 .text.DMA12_IRQHandler
                0x0000000000001f08        0x8 ./SDK/startup/startup_mk64f12.o
                0x0000000000001f08                DMA12_IRQHandler
 .text.DMA13_IRQHandler
                0x0000000000001f10        0x8 ./SDK/startup/startup_mk64f12.o
                0x0000000000001f10                DMA13_IRQHandler
 .text.DMA14_IRQHandler
                0x0000000000001f18        0x8 ./SDK/startup/startup_mk64f12.o
                0x0000000000001f18                DMA14_IRQHandler
 .text.DMA15_IRQHandler
                0x0000000000001f20        0x8 ./SDK/startup/startup_mk64f12.o
                0x0000000000001f20                DMA15_IRQHandler
 .text.DMA_Error_IRQHandler
                0x0000000000001f28        0x8 ./SDK/startup/startup_mk64f12.o
                0x0000000000001f28                DMA_Error_IRQHandler
 .text.MCM_IRQHandler
                0x0000000000001f30        0x8 ./SDK/startup/startup_mk64f12.o
                0x0000000000001f30                MCM_IRQHandler
 .text.FTFE_IRQHandler
                0x0000000000001f38        0x8 ./SDK/startup/startup_mk64f12.o
                0x0000000000001f38                FTFE_IRQHandler
 .text.Read_Collision_IRQHandler
                0x0000000000001f40        0x8 ./SDK/startup/startup_mk64f12.o
                0x0000000000001f40                Read_Collision_IRQHandler
 .text.LVD_LVW_IRQHandler
                0x0000000000001f48        0x8 ./SDK/startup/startup_mk64f12.o
                0x0000000000001f48                LVD_LVW_IRQHandler
 .text.LLWU_IRQHandler
                0x0000000000001f50        0x8 ./SDK/startup/startup_mk64f12.o
                0x0000000000001f50                LLWU_IRQHandler
 .text.WDOG_EWM_IRQHandler
                0x0000000000001f58        0x8 ./SDK/startup/startup_mk64f12.o
                0x0000000000001f58                WDOG_EWM_IRQHandler
 .text.RNG_IRQHandler
                0x0000000000001f60        0x8 ./SDK/startup/startup_mk64f12.o
                0x0000000000001f60                RNG_IRQHandler
 .text.I2C0_IRQHandler
                0x0000000000001f68        0x8 ./SDK/startup/startup_mk64f12.o
                0x0000000000001f68                I2C0_IRQHandler
 .text.I2C1_IRQHandler
                0x0000000000001f70        0x8 ./SDK/startup/startup_mk64f12.o
                0x0000000000001f70                I2C1_IRQHandler
 .text.SPI0_IRQHandler
                0x0000000000001f78        0x8 ./SDK/startup/startup_mk64f12.o
                0x0000000000001f78                SPI0_IRQHandler
 .text.SPI1_IRQHandler
                0x0000000000001f80        0x8 ./SDK/startup/startup_mk64f12.o
                0x0000000000001f80                SPI1_IRQHandler
 .text.I2S0_Tx_IRQHandler
                0x0000000000001f88        0x8 ./SDK/startup/startup_mk64f12.o
                0x0000000000001f88                I2S0_Tx_IRQHandler
 .text.I2S0_Rx_IRQHandler
                0x0000000000001f90        0x8 ./SDK/startup/startup_mk64f12.o
                0x0000000000001f90                I2S0_Rx_IRQHandler
 .text.UART0_LON_IRQHandler
                0x0000000000001f98        0x8 ./SDK/startup/startup_mk64f12.o
                0x0000000000001f98                UART0_LON_IRQHandler
 .text.UART0_RX_TX_IRQHandler
                0x0000000000001fa0        0x8 ./SDK/startup/startup_mk64f12.o
                0x0000000000001fa0                UART0_RX_TX_IRQHandler
 .text.UART0_ERR_IRQHandler
                0x0000000000001fa8        0x8 ./SDK/startup/startup_mk64f12.o
                0x0000000000001fa8                UART0_ERR_IRQHandler
 .text.UART1_RX_TX_IRQHandler
                0x0000000000001fb0        0x8 ./SDK/startup/startup_mk64f12.o
                0x0000000000001fb0                UART1_RX_TX_IRQHandler
 .text.UART1_ERR_IRQHandler
                0x0000000000001fb8        0x8 ./SDK/startup/startup_mk64f12.o
                0x0000000000001fb8                UART1_ERR_IRQHandler
 .text.UART2_RX_TX_IRQHandler
                0x0000000000001fc0        0x8 ./SDK/startup/startup_mk64f12.o
                0x0000000000001fc0                UART2_RX_TX_IRQHandler
 .text.UART2_ERR_IRQHandler
                0x0000000000001fc8        0x8 ./SDK/startup/startup_mk64f12.o
                0x0000000000001fc8                UART2_ERR_IRQHandler
 .text.UART3_RX_TX_IRQHandler
                0x0000000000001fd0        0x8 ./SDK/startup/startup_mk64f12.o
                0x0000000000001fd0                UART3_RX_TX_IRQHandler
 .text.UART3_ERR_IRQHandler
                0x0000000000001fd8        0x8 ./SDK/startup/startup_mk64f12.o
                0x0000000000001fd8                UART3_ERR_IRQHandler
 .text.ADC0_IRQHandler
                0x0000000000001fe0        0x8 ./SDK/startup/startup_mk64f12.o
                0x0000000000001fe0                ADC0_IRQHandler
 .text.CMP0_IRQHandler
                0x0000000000001fe8        0x8 ./SDK/startup/startup_mk64f12.o
                0x0000000000001fe8                CMP0_IRQHandler
 .text.CMP1_IRQHandler
                0x0000000000001ff0        0x8 ./SDK/startup/startup_mk64f12.o
                0x0000000000001ff0                CMP1_IRQHandler
 .text.FTM0_IRQHandler
                0x0000000000001ff8        0x8 ./SDK/startup/startup_mk64f12.o
                0x0000000000001ff8                FTM0_IRQHandler
 .text.FTM1_IRQHandler
                0x0000000000002000        0x8 ./SDK/startup/startup_mk64f12.o
                0x0000000000002000                FTM1_IRQHandler
 .text.FTM2_IRQHandler
                0x0000000000002008        0x8 ./SDK/startup/startup_mk64f12.o
                0x0000000000002008                FTM2_IRQHandler
 .text.CMT_IRQHandler
                0x0000000000002010        0x8 ./SDK/startup/startup_mk64f12.o
                0x0000000000002010                CMT_IRQHandler
 .text.RTC_IRQHandler
                0x0000000000002018        0x8 ./SDK/startup/startup_mk64f12.o
                0x0000000000002018                RTC_IRQHandler
 .text.RTC_Seconds_IRQHandler
                0x0000000000002020        0x8 ./SDK/startup/startup_mk64f12.o
                0x0000000000002020                RTC_Seconds_IRQHandler
 .text.PIT0_IRQHandler
                0x0000000000002028        0x8 ./SDK/startup/startup_mk64f12.o
                0x0000000000002028                PIT0_IRQHandler
 .text.PIT1_IRQHandler
                0x0000000000002030        0x8 ./SDK/startup/startup_mk64f12.o
                0x0000000000002030                PIT1_IRQHandler
 .text.PIT2_IRQHandler
                0x0000000000002038        0x8 ./SDK/startup/startup_mk64f12.o
                0x0000000000002038                PIT2_IRQHandler
 .text.PIT3_IRQHandler
                0x0000000000002040        0x8 ./SDK/startup/startup_mk64f12.o
                0x0000000000002040                PIT3_IRQHandler
 .text.PDB0_IRQHandler
                0x0000000000002048        0x8 ./SDK/startup/startup_mk64f12.o
                0x0000000000002048                PDB0_IRQHandler
 .text.USB0_IRQHandler
                0x0000000000002050        0x8 ./SDK/startup/startup_mk64f12.o
                0x0000000000002050                USB0_IRQHandler
 .text.USBDCD_IRQHandler
                0x0000000000002058        0x8 ./SDK/startup/startup_mk64f12.o
                0x0000000000002058                USBDCD_IRQHandler
 .text.Reserved71_IRQHandler
                0x0000000000002060        0x8 ./SDK/startup/startup_mk64f12.o
                0x0000000000002060                Reserved71_IRQHandler
 .text.DAC0_IRQHandler
                0x0000000000002068        0x8 ./SDK/startup/startup_mk64f12.o
                0x0000000000002068                DAC0_IRQHandler
 .text.MCG_IRQHandler
                0x0000000000002070        0x8 ./SDK/startup/startup_mk64f12.o
                0x0000000000002070                MCG_IRQHandler
 .text.LPTMR0_IRQHandler
                0x0000000000002078        0x8 ./SDK/startup/startup_mk64f12.o
                0x0000000000002078                LPTMR0_IRQHandler
 .text.PORTA_IRQHandler
                0x0000000000002080        0x8 ./SDK/startup/startup_mk64f12.o
                0x0000000000002080                PORTA_IRQHandler
 .text.PORTB_IRQHandler
                0x0000000000002088        0x8 ./SDK/startup/startup_mk64f12.o
                0x0000000000002088                PORTB_IRQHandler
 .text.PORTD_IRQHandler
                0x0000000000002090        0x8 ./SDK/startup/startup_mk64f12.o
                0x0000000000002090                PORTD_IRQHandler
 .text.PORTE_IRQHandler
                0x0000000000002098        0x8 ./SDK/startup/startup_mk64f12.o
                0x0000000000002098                PORTE_IRQHandler
 .text.SWI_IRQHandler
                0x00000000000020a0        0x8 ./SDK/startup/startup_mk64f12.o
                0x00000000000020a0                SWI_IRQHandler
 .text.SPI2_IRQHandler
                0x00000000000020a8        0x8 ./SDK/startup/startup_mk64f12.o
                0x00000000000020a8                SPI2_IRQHandler
 .text.UART4_RX_TX_IRQHandler
                0x00000000000020b0        0x8 ./SDK/startup/startup_mk64f12.o
                0x00000000000020b0                UART4_RX_TX_IRQHandler
 .text.UART4_ERR_IRQHandler
                0x00000000000020b8        0x8 ./SDK/startup/startup_mk64f12.o
                0x00000000000020b8                UART4_ERR_IRQHandler
 .text.UART5_RX_TX_IRQHandler
                0x00000000000020c0        0x8 ./SDK/startup/startup_mk64f12.o
                0x00000000000020c0                UART5_RX_TX_IRQHandler
 .text.UART5_ERR_IRQHandler
                0x00000000000020c8        0x8 ./SDK/startup/startup_mk64f12.o
                0x00000000000020c8                UART5_ERR_IRQHandler
 .text.CMP2_IRQHandler
                0x00000000000020d0        0x8 ./SDK/startup/startup_mk64f12.o
                0x00000000000020d0                CMP2_IRQHandler
 .text.FTM3_IRQHandler
                0x00000000000020d8        0x8 ./SDK/startup/startup_mk64f12.o
                0x00000000000020d8                FTM3_IRQHandler
 .text.DAC1_IRQHandler
                0x00000000000020e0        0x8 ./SDK/startup/startup_mk64f12.o
                0x00000000000020e0                DAC1_IRQHandler
 .text.ADC1_IRQHandler
                0x00000000000020e8        0x8 ./SDK/startup/startup_mk64f12.o
                0x00000000000020e8                ADC1_IRQHandler
 .text.I2C2_IRQHandler
                0x00000000000020f0        0x8 ./SDK/startup/startup_mk64f12.o
                0x00000000000020f0                I2C2_IRQHandler
 .text.CAN0_ORed_Message_buffer_IRQHandler
                0x00000000000020f8        0x8 ./SDK/startup/startup_mk64f12.o
                0x00000000000020f8                CAN0_ORed_Message_buffer_IRQHandler
 .text.CAN0_Bus_Off_IRQHandler
                0x0000000000002100        0x8 ./SDK/startup/startup_mk64f12.o
                0x0000000000002100                CAN0_Bus_Off_IRQHandler
 .text.CAN0_Error_IRQHandler
                0x0000000000002108        0x8 ./SDK/startup/startup_mk64f12.o
                0x0000000000002108                CAN0_Error_IRQHandler
 .text.CAN0_Tx_Warning_IRQHandler
                0x0000000000002110        0x8 ./SDK/startup/startup_mk64f12.o
                0x0000000000002110                CAN0_Tx_Warning_IRQHandler
 .text.CAN0_Rx_Warning_IRQHandler
                0x0000000000002118        0x8 ./SDK/startup/startup_mk64f12.o
                0x0000000000002118                CAN0_Rx_Warning_IRQHandler
 .text.CAN0_Wake_Up_IRQHandler
                0x0000000000002120        0x8 ./SDK/startup/startup_mk64f12.o
                0x0000000000002120                CAN0_Wake_Up_IRQHandler
 .text.SDHC_IRQHandler
                0x0000000000002128        0x8 ./SDK/startup/startup_mk64f12.o
                0x0000000000002128                SDHC_IRQHandler
 .text.ENET_1588_Timer_IRQHandler
                0x0000000000002130        0x8 ./SDK/startup/startup_mk64f12.o
                0x0000000000002130                ENET_1588_Timer_IRQHandler
 .text.ENET_Transmit_IRQHandler
                0x0000000000002138        0x8 ./SDK/startup/startup_mk64f12.o
                0x0000000000002138                ENET_Transmit_IRQHandler
 .text.ENET_Receive_IRQHandler
                0x0000000000002140        0x8 ./SDK/startup/startup_mk64f12.o
                0x0000000000002140                ENET_Receive_IRQHandler
 .text.ENET_Error_IRQHandler
                0x0000000000002148        0x8 ./SDK/startup/startup_mk64f12.o
                0x0000000000002148                ENET_Error_IRQHandler
 .text.SystemInitHook
                0x0000000000002150        0xe ./SDK/CMSIS/system_MK64F12.o
                0x0000000000002150                SystemInitHook
 *(SORT_BY_ALIGNMENT(.rodata) SORT_BY_ALIGNMENT(.rodata.*) SORT_BY_ALIGNMENT(.constdata) SORT_BY_ALIGNMENT(.constdata.*))
                0x0000000000002160                . = ALIGN (0x8)
 *fill*         0x000000000000215e        0x2 ff

.glue_7         0x0000000000002160        0x0
 .glue_7        0x0000000000002160        0x0 linker stubs

.glue_7t        0x0000000000002160        0x0
 .glue_7t       0x0000000000002160        0x0 linker stubs

.vfp11_veneer   0x0000000000002160        0x0
 .vfp11_veneer  0x0000000000002160        0x0 linker stubs

.v4_bx          0x0000000000002160        0x0
 .v4_bx         0x0000000000002160        0x0 linker stubs

.iplt           0x0000000000002160        0x0
 .iplt          0x0000000000002160        0x0 ./source/App.o

.rel.dyn        0x0000000000002160        0x0
 .rel.iplt      0x0000000000002160        0x0 ./source/App.o

.ARM.extab
 *(SORT_BY_ALIGNMENT(.ARM.extab*) SORT_BY_ALIGNMENT(.gnu.linkonce.armextab.*))
                0x0000000000002160                __exidx_start = .

.ARM.exidx
 *(SORT_BY_ALIGNMENT(.ARM.exidx*) SORT_BY_ALIGNMENT(.gnu.linkonce.armexidx.*))
                0x0000000000002160                __exidx_end = .
                0x0000000000002160                _etext = .

.m_usb_data
 *(SORT_BY_ALIGNMENT(m_usb_bdt))

.data_RAM2      0x000000001fff0000        0x0 load address 0x0000000000002160
 FILL mask 0xff
                [!provide]                        PROVIDE (__start_data_RAM2 = .)
 *(SORT_BY_ALIGNMENT(.ramfunc.$RAM2))
 *(SORT_BY_ALIGNMENT(.ramfunc.$SRAM_LOWER))
 *(SORT_BY_ALIGNMENT(.data.$RAM2))
 *(SORT_BY_ALIGNMENT(.data.$SRAM_LOWER))
 *(SORT_BY_ALIGNMENT(.data.$RAM2.*))
 *(SORT_BY_ALIGNMENT(.data.$SRAM_LOWER.*))
                0x000000001fff0000                . = ALIGN (0x8)
                [!provide]                        PROVIDE (__end_data_RAM2 = .)

.data_RAM3      0x0000000014000000        0x0 load address 0x0000000000002160
 FILL mask 0xff
                [!provide]                        PROVIDE (__start_data_RAM3 = .)
 *(SORT_BY_ALIGNMENT(.ramfunc.$RAM3))
 *(SORT_BY_ALIGNMENT(.ramfunc.$FLEX_RAM))
 *(SORT_BY_ALIGNMENT(.data.$RAM3))
 *(SORT_BY_ALIGNMENT(.data.$FLEX_RAM))
 *(SORT_BY_ALIGNMENT(.data.$RAM3.*))
 *(SORT_BY_ALIGNMENT(.data.$FLEX_RAM.*))
                0x0000000014000000                . = ALIGN (0x8)
                [!provide]                        PROVIDE (__end_data_RAM3 = .)

.uninit_RESERVED
                0x0000000020000000        0x0
                0x0000000020000000                . = ALIGN (0x8)
 *(SORT_BY_ALIGNMENT(.bss.$RESERVED*))
                0x0000000020000000                . = ALIGN (0x8)
                0x0000000020000000                _end_uninit_RESERVED = .

.data           0x0000000020000000       0xf0 load address 0x0000000000002160
 FILL mask 0xff
                0x0000000020000000                _data = .
 *(SORT_BY_ALIGNMENT(vtable))
 *(SORT_BY_ALIGNMENT(.ramfunc*))
 *(SORT_BY_ALIGNMENT(.data*))
 .data.test_pin
                0x0000000020000000       0x14 ./source/App.o
 .data.segments
                0x0000000020000014       0x20 ./source/DisplayBoard.o
 .data.disp_selector
                0x0000000020000034        0x8 ./source/DisplayBoard.o
 .data.status_leds
                0x000000002000003c        0x8 ./source/DisplayBoard.o
 .data.disp_vector
                0x0000000020000044       0x10 ./source/DisplayBoard.o
 .data.id_vector
                0x0000000020000054       0x2c ./source/DisplayBoard.o
 .data.pin_vector
                0x0000000020000080       0x20 ./source/DisplayBoard.o
 .data.dsp      0x00000000200000a0        0x4 ./source/DisplayBoard.o
 .data.SysTick_ptr
                0x00000000200000a4        0x4 ./source/SysTick.o
 .data.gpioPtrs
                0x00000000200000a8       0x14 ./source/gpio.o
 .data.portPtrs
                0x00000000200000bc       0x14 ./source/gpio.o
 .data.simMasks
                0x00000000200000d0       0x14 ./source/gpio.o
 .data.sim_ptr  0x00000000200000e4        0x4 ./source/gpio.o
 .data.timers_cant
                0x00000000200000e8        0x1 ./source/timer.o
                0x00000000200000f0                . = ALIGN (0x8)
 *fill*         0x00000000200000e9        0x7 ff
                0x00000000200000f0                _edata = .

.igot.plt       0x00000000200000f0        0x0 load address 0x0000000000002250
 .igot.plt      0x00000000200000f0        0x0 ./source/App.o

.bss_RAM2       0x000000001fff0000        0x0
                0x000000001fff0000                . = ALIGN (0x8)
                [!provide]                        PROVIDE (__start_bss_RAM2 = .)
 *(SORT_BY_ALIGNMENT(.bss.$RAM2))
 *(SORT_BY_ALIGNMENT(.bss.$SRAM_LOWER))
 *(SORT_BY_ALIGNMENT(.bss.$RAM2.*))
 *(SORT_BY_ALIGNMENT(.bss.$SRAM_LOWER.*))
                0x000000001fff0000                . = ALIGN ((. != 0x0)?0x8:0x1)
                [!provide]                        PROVIDE (__end_bss_RAM2 = .)

.bss_RAM3       0x0000000014000000        0x0
                0x0000000014000000                . = ALIGN (0x8)
                [!provide]                        PROVIDE (__start_bss_RAM3 = .)
 *(SORT_BY_ALIGNMENT(.bss.$RAM3))
 *(SORT_BY_ALIGNMENT(.bss.$FLEX_RAM))
 *(SORT_BY_ALIGNMENT(.bss.$RAM3.*))
 *(SORT_BY_ALIGNMENT(.bss.$FLEX_RAM.*))
                0x0000000014000000                . = ALIGN ((. != 0x0)?0x8:0x1)
                [!provide]                        PROVIDE (__end_bss_RAM3 = .)

.bss            0x00000000200000f0      0x178
                0x00000000200000f0                . = ALIGN (0x8)
                0x00000000200000f0                _bss = .
 *(SORT_BY_ALIGNMENT(.bss*))
 .bss.load_menu
                0x00000000200000f0        0x4 ./source/DisplayBoard.o
 .bss.flash_counter
                0x00000000200000f4        0x4 ./source/DisplayBoard.o
 .bss.cursor_flash
                0x00000000200000f8        0x4 ./source/DisplayBoard.o
 .bss.vector_cont
                0x00000000200000fc        0x4 ./source/DisplayBoard.o
 .bss.pin_pointer
                0x0000000020000100        0x4 ./source/DisplayBoard.o
 .bss.channel_flag
                0x0000000020000104        0x4 ./source/Encoder.o
 .bss.ID_num    0x0000000020000108       0x20 ./source/Lector.o
 .bss.data      0x0000000020000128       0x28 ./source/Lector.o
 .bss.callbackTick
                0x0000000020000150        0x4 ./source/SysTick.o
 .bss.timers    0x0000000020000154      0x100 ./source/timer.o
 .bss.__LDM_interruptDisableCount
                0x0000000020000254        0x4 ./SDK/startup/hardware.o
 .bss.timerDisp
                0x0000000020000258        0x1 ./source/App.o
 .bss.timerEncCH
                0x0000000020000259        0x1 ./source/App.o
 .bss.timerEncSwitch
                0x000000002000025a        0x1 ./source/App.o
 .bss.Enable    0x000000002000025b        0x1 ./source/Lector.o
 .bss.count     0x000000002000025c        0x1 ./source/Lector.o
 .bss.bits      0x000000002000025d        0x1 ./source/Lector.o
 .bss.lrc       0x000000002000025e        0x1 ./source/Lector.o
 .bss.word      0x000000002000025f        0x1 ./source/Lector.o
                0x000000002000025f                word
 .bss.end       0x0000000020000260        0x1 ./source/Lector.o
                0x0000000020000260                end
 .bss.yaInit.5678
                0x0000000020000261        0x1 ./source/timer.o
 *(SORT_BY_ALIGNMENT(COMMON))
                0x0000000020000268                . = ALIGN (0x8)
 *fill*         0x0000000020000262        0x6 
                0x0000000020000268                _ebss = .
                [!provide]                        PROVIDE (end = .)

.noinit_RAM2    0x000000001fff0000        0x0
                0x000000001fff0000                . = ALIGN (0x8)
 *(SORT_BY_ALIGNMENT(.noinit.$RAM2))
 *(SORT_BY_ALIGNMENT(.noinit.$SRAM_LOWER))
 *(SORT_BY_ALIGNMENT(.noinit.$RAM2.*))
 *(SORT_BY_ALIGNMENT(.noinit.$SRAM_LOWER.*))
                0x000000001fff0000                . = ALIGN (0x8)

.noinit_RAM3    0x0000000014000000        0x0
                0x0000000014000000                . = ALIGN (0x8)
 *(SORT_BY_ALIGNMENT(.noinit.$RAM3))
 *(SORT_BY_ALIGNMENT(.noinit.$FLEX_RAM))
 *(SORT_BY_ALIGNMENT(.noinit.$RAM3.*))
 *(SORT_BY_ALIGNMENT(.noinit.$FLEX_RAM.*))
                0x0000000014000000                . = ALIGN (0x8)

.noinit         0x0000000020000268        0x0
                0x0000000020000268                . = ALIGN (0x8)
                0x0000000020000268                _noinit = .
 *(SORT_BY_ALIGNMENT(.noinit*))
                0x0000000020000268                . = ALIGN (0x8)
                0x0000000020000268                _end_noinit = .
                0x0000000000001000                _HeapSize = 0x1000

.heap           0x0000000020000268     0x1000
                0x0000000020000268                _pvHeapStart = .
                0x0000000020001268                . = (. + _HeapSize)
 *fill*         0x0000000020000268     0x1000 
                0x0000000020001268                . = ALIGN (0x8)
                0x0000000020001268                _pvHeapLimit = .
                0x0000000000001000                _StackSize = 0x1000

.heap2stackfill
                0x0000000020001268     0x1000
                0x0000000020002268                . = (. + _StackSize)
 *fill*         0x0000000020001268     0x1000 

.stack          0x000000002002f000        0x0
                0x000000002002f000                _vStackBase = .
                0x000000002002f000                . = ALIGN (0x8)
                0x0000000020030000                _vStackTop = (. + _StackSize)
                0x0000000000000000                _image_start = LOADADDR (.text)
                0x0000000000002250                _image_end = (LOADADDR (.data) + SIZEOF (.data))
                0x0000000000002250                _image_size = (_image_end - _image_start)
OUTPUT(Blink.axf elf32-littlearm)

.debug_info     0x0000000000000000     0x57cf
 .debug_info    0x0000000000000000      0xa47 ./source/App.o
 .debug_info    0x0000000000000a47      0xce8 ./source/DisplayBoard.o
 .debug_info    0x000000000000172f      0xaa7 ./source/Encoder.o
 .debug_info    0x00000000000021d6      0x7ac ./source/Lector.o
 .debug_info    0x0000000000002982      0x549 ./source/SysTick.o
 .debug_info    0x0000000000002ecb      0x640 ./source/gpio.o
 .debug_info    0x000000000000350b      0xb69 ./source/timer.o
 .debug_info    0x0000000000004074      0x6dc ./SDK/startup/hardware.o
 .debug_info    0x0000000000004750       0xbc ./SDK/startup/main.o
 .debug_info    0x000000000000480c       0x3c ./SDK/startup/semihost_hardfault.o
 .debug_info    0x0000000000004848      0x92e ./SDK/startup/startup_mk64f12.o
 .debug_info    0x0000000000005176      0x659 ./SDK/CMSIS/system_MK64F12.o

.debug_abbrev   0x0000000000000000     0x154b
 .debug_abbrev  0x0000000000000000      0x244 ./source/App.o
 .debug_abbrev  0x0000000000000244      0x30e ./source/DisplayBoard.o
 .debug_abbrev  0x0000000000000552      0x283 ./source/Encoder.o
 .debug_abbrev  0x00000000000007d5      0x26b ./source/Lector.o
 .debug_abbrev  0x0000000000000a40      0x1c2 ./source/SysTick.o
 .debug_abbrev  0x0000000000000c02      0x18c ./source/gpio.o
 .debug_abbrev  0x0000000000000d8e      0x2de ./source/timer.o
 .debug_abbrev  0x000000000000106c      0x154 ./SDK/startup/hardware.o
 .debug_abbrev  0x00000000000011c0       0x85 ./SDK/startup/main.o
 .debug_abbrev  0x0000000000001245       0x31 ./SDK/startup/semihost_hardfault.o
 .debug_abbrev  0x0000000000001276      0x17a ./SDK/startup/startup_mk64f12.o
 .debug_abbrev  0x00000000000013f0      0x15b ./SDK/CMSIS/system_MK64F12.o

.debug_aranges  0x0000000000000000      0x5e8
 .debug_aranges
                0x0000000000000000       0x48 ./source/App.o
 .debug_aranges
                0x0000000000000048       0x60 ./source/DisplayBoard.o
 .debug_aranges
                0x00000000000000a8       0x48 ./source/Encoder.o
 .debug_aranges
                0x00000000000000f0       0x60 ./source/Lector.o
 .debug_aranges
                0x0000000000000150       0x30 ./source/SysTick.o
 .debug_aranges
                0x0000000000000180       0x48 ./source/gpio.o
 .debug_aranges
                0x00000000000001c8       0x50 ./source/timer.o
 .debug_aranges
                0x0000000000000218       0x30 ./SDK/startup/hardware.o
 .debug_aranges
                0x0000000000000248       0x20 ./SDK/startup/main.o
 .debug_aranges
                0x0000000000000268       0x20 ./SDK/startup/semihost_hardfault.o
 .debug_aranges
                0x0000000000000288      0x330 ./SDK/startup/startup_mk64f12.o
 .debug_aranges
                0x00000000000005b8       0x30 ./SDK/CMSIS/system_MK64F12.o

.debug_ranges   0x0000000000000000      0x528
 .debug_ranges  0x0000000000000000       0x38 ./source/App.o
 .debug_ranges  0x0000000000000038       0x50 ./source/DisplayBoard.o
 .debug_ranges  0x0000000000000088       0x38 ./source/Encoder.o
 .debug_ranges  0x00000000000000c0       0x50 ./source/Lector.o
 .debug_ranges  0x0000000000000110       0x20 ./source/SysTick.o
 .debug_ranges  0x0000000000000130       0x38 ./source/gpio.o
 .debug_ranges  0x0000000000000168       0x40 ./source/timer.o
 .debug_ranges  0x00000000000001a8       0x20 ./SDK/startup/hardware.o
 .debug_ranges  0x00000000000001c8       0x10 ./SDK/startup/main.o
 .debug_ranges  0x00000000000001d8       0x10 ./SDK/startup/semihost_hardfault.o
 .debug_ranges  0x00000000000001e8      0x320 ./SDK/startup/startup_mk64f12.o
 .debug_ranges  0x0000000000000508       0x20 ./SDK/CMSIS/system_MK64F12.o

.debug_macro    0x0000000000000000    0x12989
 .debug_macro   0x0000000000000000      0x146 ./source/App.o
 .debug_macro   0x0000000000000146      0xa9c ./source/App.o
 .debug_macro   0x0000000000000be2      0x34e ./source/App.o
 .debug_macro   0x0000000000000f30       0x22 ./source/App.o
 .debug_macro   0x0000000000000f52       0x18 ./source/App.o
 .debug_macro   0x0000000000000f6a       0x22 ./source/App.o
 .debug_macro   0x0000000000000f8c       0x58 ./source/App.o
 .debug_macro   0x0000000000000fe4       0x94 ./source/App.o
 .debug_macro   0x0000000000001078       0x35 ./source/App.o
 .debug_macro   0x00000000000010ad       0x34 ./source/App.o
 .debug_macro   0x00000000000010e1       0x16 ./source/App.o
 .debug_macro   0x00000000000010f7      0x10e ./source/App.o
 .debug_macro   0x0000000000001205       0x8d ./source/App.o
 .debug_macro   0x0000000000001292       0x57 ./source/App.o
 .debug_macro   0x00000000000012e9       0x58 ./source/App.o
 .debug_macro   0x0000000000001341       0x1f ./source/App.o
 .debug_macro   0x0000000000001360       0x43 ./source/App.o
 .debug_macro   0x00000000000013a3       0x20 ./source/App.o
 .debug_macro   0x00000000000013c3      0x18e ./source/App.o
 .debug_macro   0x0000000000001551      0x339 ./source/App.o
 .debug_macro   0x000000000000188a       0x16 ./source/App.o
 .debug_macro   0x00000000000018a0       0x29 ./source/App.o
 .debug_macro   0x00000000000018c9       0x1c ./source/App.o
 .debug_macro   0x00000000000018e5       0x7c ./source/App.o
 .debug_macro   0x0000000000001961       0x22 ./source/App.o
 .debug_macro   0x0000000000001983       0x34 ./source/App.o
 .debug_macro   0x00000000000019b7      0x1ae ./source/DisplayBoard.o
 .debug_macro   0x0000000000001b65       0x76 ./source/DisplayBoard.o
 .debug_macro   0x0000000000001bdb       0x10 ./source/DisplayBoard.o
 .debug_macro   0x0000000000001beb       0x5c ./source/DisplayBoard.o
 .debug_macro   0x0000000000001c47       0x1c ./source/DisplayBoard.o
 .debug_macro   0x0000000000001c63       0x22 ./source/DisplayBoard.o
 .debug_macro   0x0000000000001c85       0xd9 ./source/DisplayBoard.o
 .debug_macro   0x0000000000001d5e      0xecf ./source/DisplayBoard.o
 .debug_macro   0x0000000000002c2d       0x48 ./source/DisplayBoard.o
 .debug_macro   0x0000000000002c75     0xe07b ./source/DisplayBoard.o
 .debug_macro   0x0000000000010cf0     0x122b ./source/DisplayBoard.o
 .debug_macro   0x0000000000011f1b       0x16 ./source/DisplayBoard.o
 .debug_macro   0x0000000000011f31       0x3a ./source/DisplayBoard.o
 .debug_macro   0x0000000000011f6b       0xa0 ./source/DisplayBoard.o
 .debug_macro   0x000000000001200b      0x1ae ./source/Encoder.o
 .debug_macro   0x00000000000121b9       0x1c ./source/Encoder.o
 .debug_macro   0x00000000000121d5       0xd2 ./source/Lector.o
 .debug_macro   0x00000000000122a7      0x174 ./source/Lector.o
 .debug_macro   0x000000000001241b       0xdf ./source/Lector.o
 .debug_macro   0x00000000000124fa       0xac ./source/SysTick.o
 .debug_macro   0x00000000000125a6       0xab ./source/gpio.o
 .debug_macro   0x0000000000012651      0x136 ./source/timer.o
 .debug_macro   0x0000000000012787       0x10 ./source/timer.o
 .debug_macro   0x0000000000012797       0x9c ./SDK/startup/hardware.o
 .debug_macro   0x0000000000012833       0x9c ./SDK/startup/main.o
 .debug_macro   0x00000000000128cf       0x11 ./SDK/startup/semihost_hardfault.o
 .debug_macro   0x00000000000128e0       0x29 ./SDK/startup/startup_mk64f12.o
 .debug_macro   0x0000000000012909       0x80 ./SDK/CMSIS/system_MK64F12.o

.debug_line     0x0000000000000000     0x3428
 .debug_line    0x0000000000000000      0x479 ./source/App.o
 .debug_line    0x0000000000000479      0xb2b ./source/DisplayBoard.o
 .debug_line    0x0000000000000fa4      0x50c ./source/Encoder.o
 .debug_line    0x00000000000014b0      0x44b ./source/Lector.o
 .debug_line    0x00000000000018fb      0x235 ./source/SysTick.o
 .debug_line    0x0000000000001b30      0x32d ./source/gpio.o
 .debug_line    0x0000000000001e5d      0x4bb ./source/timer.o
 .debug_line    0x0000000000002318      0x2aa ./SDK/startup/hardware.o
 .debug_line    0x00000000000025c2      0x1bf ./SDK/startup/main.o
 .debug_line    0x0000000000002781       0x5f ./SDK/startup/semihost_hardfault.o
 .debug_line    0x00000000000027e0      0x914 ./SDK/startup/startup_mk64f12.o
 .debug_line    0x00000000000030f4      0x334 ./SDK/CMSIS/system_MK64F12.o

.debug_str      0x0000000000000000    0x7bce8
 .debug_str     0x0000000000000000     0x6d16 ./source/App.o
                                       0x6f4b (size before relaxing)
 .debug_str     0x0000000000006d16    0x73bb2 ./source/DisplayBoard.o
                                      0x7a908 (size before relaxing)
 .debug_str     0x000000000007a8c8       0xac ./source/Encoder.o
                                      0x7a771 (size before relaxing)
 .debug_str     0x000000000007a974      0x63c ./source/Lector.o
                                      0x77dc0 (size before relaxing)
 .debug_str     0x000000000007afb0       0x9f ./source/SysTick.o
                                      0x7769b (size before relaxing)
 .debug_str     0x000000000007b04f      0x174 ./source/gpio.o
                                      0x772fa (size before relaxing)
 .debug_str     0x000000000007b1c3       0xe1 ./source/timer.o
                                       0x6dc9 (size before relaxing)
 .debug_str     0x000000000007b2a4      0x178 ./SDK/startup/hardware.o
                                      0x772d9 (size before relaxing)
 .debug_str     0x000000000007b41c       0x1b ./SDK/startup/main.o
                                      0x770ad (size before relaxing)
 .debug_str     0x000000000007b437       0x36 ./SDK/startup/semihost_hardfault.o
                                       0x2e13 (size before relaxing)
 .debug_str     0x000000000007b46d      0x819 ./SDK/startup/startup_mk64f12.o
                                       0x3681 (size before relaxing)
 .debug_str     0x000000000007bc86       0x62 ./SDK/CMSIS/system_MK64F12.o
                                      0x771e8 (size before relaxing)

.comment        0x0000000000000000       0x75
 .comment       0x0000000000000000       0x75 ./source/App.o
                                         0x76 (size before relaxing)
 .comment       0x0000000000000075       0x76 ./source/DisplayBoard.o
 .comment       0x0000000000000075       0x76 ./source/Encoder.o
 .comment       0x0000000000000075       0x76 ./source/Lector.o
 .comment       0x0000000000000075       0x76 ./source/SysTick.o
 .comment       0x0000000000000075       0x76 ./source/gpio.o
 .comment       0x0000000000000075       0x76 ./source/timer.o
 .comment       0x0000000000000075       0x76 ./SDK/startup/hardware.o
 .comment       0x0000000000000075       0x76 ./SDK/startup/main.o
 .comment       0x0000000000000075       0x76 ./SDK/startup/semihost_hardfault.o
 .comment       0x0000000000000075       0x76 ./SDK/startup/startup_mk64f12.o
 .comment       0x0000000000000075       0x76 ./SDK/CMSIS/system_MK64F12.o

.ARM.attributes
                0x0000000000000000       0x34
 .ARM.attributes
                0x0000000000000000       0x34 ./source/App.o
 .ARM.attributes
                0x0000000000000034       0x34 ./source/DisplayBoard.o
 .ARM.attributes
                0x0000000000000068       0x34 ./source/Encoder.o
 .ARM.attributes
                0x000000000000009c       0x34 ./source/Lector.o
 .ARM.attributes
                0x00000000000000d0       0x34 ./source/SysTick.o
 .ARM.attributes
                0x0000000000000104       0x34 ./source/gpio.o
 .ARM.attributes
                0x0000000000000138       0x34 ./source/timer.o
 .ARM.attributes
                0x000000000000016c       0x34 ./SDK/startup/hardware.o
 .ARM.attributes
                0x00000000000001a0       0x34 ./SDK/startup/main.o
 .ARM.attributes
                0x00000000000001d4       0x34 ./SDK/startup/semihost_hardfault.o
 .ARM.attributes
                0x0000000000000208       0x34 ./SDK/startup/startup_mk64f12.o
 .ARM.attributes
                0x000000000000023c       0x34 ./SDK/CMSIS/system_MK64F12.o

.debug_frame    0x0000000000000000     0x1128
 .debug_frame   0x0000000000000000       0xc4 ./source/App.o
 .debug_frame   0x00000000000000c4      0x15c ./source/DisplayBoard.o
 .debug_frame   0x0000000000000220       0xdc ./source/Encoder.o
 .debug_frame   0x00000000000002fc      0x164 ./source/Lector.o
 .debug_frame   0x0000000000000460       0x88 ./source/SysTick.o
 .debug_frame   0x00000000000004e8      0x100 ./source/gpio.o
 .debug_frame   0x00000000000005e8      0x10c ./source/timer.o
 .debug_frame   0x00000000000006f4       0x70 ./SDK/startup/hardware.o
 .debug_frame   0x0000000000000764       0x2c ./SDK/startup/main.o
 .debug_frame   0x0000000000000790       0x20 ./SDK/startup/semihost_hardfault.o
 .debug_frame   0x00000000000007b0      0x904 ./SDK/startup/startup_mk64f12.o
 .debug_frame   0x00000000000010b4       0x74 ./SDK/CMSIS/system_MK64F12.o
