Archive member included to satisfy reference by file (symbol)

c:/nxp/mcuxpressoide_10.2.0_759/ide/tools/bin/../lib/gcc/arm-none-eabi/7.2.1/../../../../arm-none-eabi/lib/thumb/v7e-m/fpv4-sp/hard\libcr_c.a(memcpy.o)
                              ./source/App.o (memcpy)
c:/nxp/mcuxpressoide_10.2.0_759/ide/tools/bin/../lib/gcc/arm-none-eabi/7.2.1/../../../../arm-none-eabi/lib/thumb/v7e-m/fpv4-sp/hard\libcr_c.a(memcmp.o)
                              ./source/Users.o (memcmp)
c:/nxp/mcuxpressoide_10.2.0_759/ide/tools/bin/../lib/gcc/arm-none-eabi/7.2.1/thumb/v7e-m/fpv4-sp/hard\libcr_eabihelpers.a(memcpy.o)
                              c:/nxp/mcuxpressoide_10.2.0_759/ide/tools/bin/../lib/gcc/arm-none-eabi/7.2.1/../../../../arm-none-eabi/lib/thumb/v7e-m/fpv4-sp/hard\libcr_c.a(memcpy.o) (__aeabi_memcpy)

Discarded input sections

 .group         0x00000000        0xc ./source/App.o
 .group         0x00000000        0xc ./source/App.o
 .group         0x00000000        0xc ./source/App.o
 .group         0x00000000        0xc ./source/App.o
 .group         0x00000000        0xc ./source/App.o
 .group         0x00000000        0xc ./source/App.o
 .group         0x00000000        0xc ./source/App.o
 .group         0x00000000        0xc ./source/App.o
 .group         0x00000000        0xc ./source/App.o
 .group         0x00000000        0xc ./source/App.o
 .group         0x00000000        0xc ./source/App.o
 .group         0x00000000        0xc ./source/App.o
 .group         0x00000000        0xc ./source/App.o
 .group         0x00000000        0xc ./source/App.o
 .group         0x00000000        0xc ./source/App.o
 .group         0x00000000        0xc ./source/App.o
 .group         0x00000000        0xc ./source/App.o
 .group         0x00000000        0xc ./source/App.o
 .group         0x00000000        0xc ./source/App.o
 .group         0x00000000        0xc ./source/App.o
 .group         0x00000000        0xc ./source/App.o
 .group         0x00000000        0xc ./source/App.o
 .group         0x00000000        0xc ./source/App.o
 .group         0x00000000        0xc ./source/App.o
 .group         0x00000000        0xc ./source/App.o
 .group         0x00000000        0xc ./source/App.o
 .group         0x00000000        0xc ./source/App.o
 .text          0x00000000        0x0 ./source/App.o
 .data          0x00000000        0x0 ./source/App.o
 .bss           0x00000000        0x0 ./source/App.o
 .data.pin_toDisp
                0x00000000       0x84 ./source/App.o
 .data.bright_txt
                0x00000000       0x84 ./source/App.o
 .data.checkoutOK_vec
                0x00000000       0x38 ./source/App.o
 .data.checkoutOK_txt
                0x00000000       0x84 ./source/App.o
 .data.checkoutERROR_vec
                0x00000000       0x48 ./source/App.o
 .data.checkoutERROR_txt
                0x00000000       0x84 ./source/App.o
 .data.idError_vec
                0x00000000       0x48 ./source/App.o
 .data.idError_txt
                0x00000000       0x84 ./source/App.o
 .data.default_id
                0x00000000       0x20 ./source/App.o
 .bss.aux_id    0x00000000        0x4 ./source/App.o
 .bss.idle_cnt  0x00000000        0x4 ./source/App.o
 .bss.idle_fsm  0x00000000        0x1 ./source/App.o
 .bss.timerDisp
                0x00000000        0x1 ./source/App.o
 .bss.timerIdle
                0x00000000        0x1 ./source/App.o
 .text.update_hidePIN
                0x00000000       0x7c ./source/App.o
 .text.modifyNumberCode
                0x00000000      0x1bc ./source/App.o
 .text.idleHandler
                0x00000000       0x60 ./source/App.o
 .text.displayHandler
                0x00000000       0xf0 ./source/App.o
 .text.encoderHandler
                0x00000000       0x54 ./source/App.o
 .text.lectorHandler
                0x00000000       0x60 ./source/App.o
 .group         0x00000000        0xc ./source/DisplayBoard.o
 .group         0x00000000        0xc ./source/DisplayBoard.o
 .group         0x00000000        0xc ./source/DisplayBoard.o
 .group         0x00000000        0xc ./source/DisplayBoard.o
 .group         0x00000000        0xc ./source/DisplayBoard.o
 .group         0x00000000        0xc ./source/DisplayBoard.o
 .group         0x00000000        0xc ./source/DisplayBoard.o
 .group         0x00000000        0xc ./source/DisplayBoard.o
 .group         0x00000000        0xc ./source/DisplayBoard.o
 .group         0x00000000        0xc ./source/DisplayBoard.o
 .group         0x00000000        0xc ./source/DisplayBoard.o
 .group         0x00000000        0xc ./source/DisplayBoard.o
 .group         0x00000000        0xc ./source/DisplayBoard.o
 .group         0x00000000        0xc ./source/DisplayBoard.o
 .group         0x00000000        0xc ./source/DisplayBoard.o
 .group         0x00000000        0xc ./source/DisplayBoard.o
 .group         0x00000000        0xc ./source/DisplayBoard.o
 .group         0x00000000        0xc ./source/DisplayBoard.o
 .group         0x00000000        0xc ./source/DisplayBoard.o
 .group         0x00000000        0xc ./source/DisplayBoard.o
 .group         0x00000000        0xc ./source/DisplayBoard.o
 .group         0x00000000        0xc ./source/DisplayBoard.o
 .group         0x00000000        0xc ./source/DisplayBoard.o
 .group         0x00000000        0xc ./source/DisplayBoard.o
 .group         0x00000000        0xc ./source/DisplayBoard.o
 .group         0x00000000        0xc ./source/DisplayBoard.o
 .group         0x00000000        0xc ./source/DisplayBoard.o
 .group         0x00000000        0xc ./source/DisplayBoard.o
 .group         0x00000000        0xc ./source/DisplayBoard.o
 .group         0x00000000        0xc ./source/DisplayBoard.o
 .group         0x00000000        0xc ./source/DisplayBoard.o
 .group         0x00000000        0xc ./source/DisplayBoard.o
 .group         0x00000000        0xc ./source/DisplayBoard.o
 .group         0x00000000        0xc ./source/DisplayBoard.o
 .group         0x00000000        0xc ./source/DisplayBoard.o
 .text          0x00000000        0x0 ./source/DisplayBoard.o
 .data          0x00000000        0x0 ./source/DisplayBoard.o
 .bss           0x00000000        0x0 ./source/DisplayBoard.o
 .data.segments
                0x00000000       0x20 ./source/DisplayBoard.o
 .data.disp_selector
                0x00000000        0x8 ./source/DisplayBoard.o
 .data.status_leds
                0x00000000        0x8 ./source/DisplayBoard.o
 .bss.flash_counter
                0x00000000        0x4 ./source/DisplayBoard.o
 .bss.cursor_flash
                0x00000000        0x4 ./source/DisplayBoard.o
 .data.brightness
                0x00000000        0x4 ./source/DisplayBoard.o
 .bss.bright_time
                0x00000000        0x4 ./source/DisplayBoard.o
 .bss.vector_cont
                0x00000000        0x4 ./source/DisplayBoard.o
 .bss.actual_len
                0x00000000        0x4 ./source/DisplayBoard.o
 .bss.actual_prefix
                0x00000000        0x4 ./source/DisplayBoard.o
 .bss.actual_sufix
                0x00000000        0x4 ./source/DisplayBoard.o
 .data.dsp      0x00000000        0x4 ./source/DisplayBoard.o
 .data.ledStatus
                0x00000000        0x4 ./source/DisplayBoard.o
 .text.DispBoard_Init
                0x00000000       0xa4 ./source/DisplayBoard.o
 .text.Disp7Seg_Select
                0x00000000       0xb8 ./source/DisplayBoard.o
 .text.LedStatus_Write
                0x00000000       0x94 ./source/DisplayBoard.o
 .text.LedStatus_GetState
                0x00000000       0x18 ./source/DisplayBoard.o
 .text.DispShowMsj
                0x00000000      0x258 ./source/DisplayBoard.o
 .text.DispShiftMsj
                0x00000000       0x64 ./source/DisplayBoard.o
 .text.DispGetCursor
                0x00000000       0x18 ./source/DisplayBoard.o
 .text.DispModType
                0x00000000       0x18 ./source/DisplayBoard.o
 .text.DispChangeBright
                0x00000000       0x6c ./source/DisplayBoard.o
 .text.Disp7Seg_Write
                0x00000000      0xd60 ./source/DisplayBoard.o
 .debug_macro   0x00000000      0xa5a ./source/DisplayBoard.o
 .debug_macro   0x00000000      0x34e ./source/DisplayBoard.o
 .debug_macro   0x00000000       0x22 ./source/DisplayBoard.o
 .debug_macro   0x00000000       0x17 ./source/DisplayBoard.o
 .debug_macro   0x00000000       0x22 ./source/DisplayBoard.o
 .debug_macro   0x00000000       0x52 ./source/DisplayBoard.o
 .debug_macro   0x00000000       0x8d ./source/DisplayBoard.o
 .debug_macro   0x00000000       0x35 ./source/DisplayBoard.o
 .debug_macro   0x00000000       0x9c ./source/DisplayBoard.o
 .debug_macro   0x00000000       0x16 ./source/DisplayBoard.o
 .debug_macro   0x00000000      0x10e ./source/DisplayBoard.o
 .debug_macro   0x00000000       0x8d ./source/DisplayBoard.o
 .debug_macro   0x00000000       0x57 ./source/DisplayBoard.o
 .debug_macro   0x00000000       0x58 ./source/DisplayBoard.o
 .debug_macro   0x00000000       0x1f ./source/DisplayBoard.o
 .debug_macro   0x00000000       0x43 ./source/DisplayBoard.o
 .debug_macro   0x00000000       0x20 ./source/DisplayBoard.o
 .debug_macro   0x00000000      0x18e ./source/DisplayBoard.o
 .debug_macro   0x00000000      0x330 ./source/DisplayBoard.o
 .debug_macro   0x00000000       0x16 ./source/DisplayBoard.o
 .debug_macro   0x00000000       0x29 ./source/DisplayBoard.o
 .debug_macro   0x00000000       0x22 ./source/DisplayBoard.o
 .group         0x00000000        0xc ./source/Encoder.o
 .group         0x00000000        0xc ./source/Encoder.o
 .group         0x00000000        0xc ./source/Encoder.o
 .group         0x00000000        0xc ./source/Encoder.o
 .group         0x00000000        0xc ./source/Encoder.o
 .group         0x00000000        0xc ./source/Encoder.o
 .group         0x00000000        0xc ./source/Encoder.o
 .group         0x00000000        0xc ./source/Encoder.o
 .group         0x00000000        0xc ./source/Encoder.o
 .group         0x00000000        0xc ./source/Encoder.o
 .group         0x00000000        0xc ./source/Encoder.o
 .group         0x00000000        0xc ./source/Encoder.o
 .group         0x00000000        0xc ./source/Encoder.o
 .group         0x00000000        0xc ./source/Encoder.o
 .group         0x00000000        0xc ./source/Encoder.o
 .group         0x00000000        0xc ./source/Encoder.o
 .group         0x00000000        0xc ./source/Encoder.o
 .group         0x00000000        0xc ./source/Encoder.o
 .group         0x00000000        0xc ./source/Encoder.o
 .group         0x00000000        0xc ./source/Encoder.o
 .group         0x00000000        0xc ./source/Encoder.o
 .group         0x00000000        0xc ./source/Encoder.o
 .group         0x00000000        0xc ./source/Encoder.o
 .group         0x00000000        0xc ./source/Encoder.o
 .group         0x00000000        0xc ./source/Encoder.o
 .group         0x00000000        0xc ./source/Encoder.o
 .group         0x00000000        0xc ./source/Encoder.o
 .group         0x00000000        0xc ./source/Encoder.o
 .group         0x00000000        0xc ./source/Encoder.o
 .group         0x00000000        0xc ./source/Encoder.o
 .group         0x00000000        0xc ./source/Encoder.o
 .group         0x00000000        0xc ./source/Encoder.o
 .group         0x00000000        0xc ./source/Encoder.o
 .group         0x00000000        0xc ./source/Encoder.o
 .group         0x00000000        0xc ./source/Encoder.o
 .text          0x00000000        0x0 ./source/Encoder.o
 .data          0x00000000        0x0 ./source/Encoder.o
 .bss           0x00000000        0x0 ./source/Encoder.o
 .bss.channel_flag
                0x00000000        0x4 ./source/Encoder.o
 .bss.timerEncCH
                0x00000000        0x1 ./source/Encoder.o
 .bss.timerEncSwitch
                0x00000000        0x1 ./source/Encoder.o
 .bss.motion_event
                0x00000000        0x4 ./source/Encoder.o
 .bss.callback  0x00000000        0x4 ./source/Encoder.o
 .text.encoderInit
                0x00000000       0x78 ./source/Encoder.o
 .text.encoderCH_Handler
                0x00000000       0x2c ./source/Encoder.o
 .text.enconderSwitch_Handler
                0x00000000       0x28 ./source/Encoder.o
 .text.encoderMotionGetEvent
                0x00000000       0x4c ./source/Encoder.o
 .text.encoderReadMotion
                0x00000000       0x6e ./source/Encoder.o
 .text.encoderReadSwitch
                0x00000000       0x20 ./source/Encoder.o
 .text.EncSetFlag
                0x00000000       0x20 ./source/Encoder.o
 .text.EncClearFlag
                0x00000000       0x18 ./source/Encoder.o
 .text.EncGetFlag
                0x00000000       0x18 ./source/Encoder.o
 .debug_info    0x00000000      0xa72 ./source/Encoder.o
 .debug_abbrev  0x00000000      0x27c ./source/Encoder.o
 .debug_aranges
                0x00000000       0x60 ./source/Encoder.o
 .debug_ranges  0x00000000       0x50 ./source/Encoder.o
 .debug_macro   0x00000000      0x1b7 ./source/Encoder.o
 .debug_macro   0x00000000      0xa5a ./source/Encoder.o
 .debug_macro   0x00000000      0x34e ./source/Encoder.o
 .debug_macro   0x00000000       0x22 ./source/Encoder.o
 .debug_macro   0x00000000       0x17 ./source/Encoder.o
 .debug_macro   0x00000000       0x22 ./source/Encoder.o
 .debug_macro   0x00000000       0x52 ./source/Encoder.o
 .debug_macro   0x00000000       0x8d ./source/Encoder.o
 .debug_macro   0x00000000       0x35 ./source/Encoder.o
 .debug_macro   0x00000000       0x9c ./source/Encoder.o
 .debug_macro   0x00000000       0x16 ./source/Encoder.o
 .debug_macro   0x00000000      0x10e ./source/Encoder.o
 .debug_macro   0x00000000       0x8d ./source/Encoder.o
 .debug_macro   0x00000000       0x57 ./source/Encoder.o
 .debug_macro   0x00000000       0x58 ./source/Encoder.o
 .debug_macro   0x00000000       0x1f ./source/Encoder.o
 .debug_macro   0x00000000       0x43 ./source/Encoder.o
 .debug_macro   0x00000000       0x20 ./source/Encoder.o
 .debug_macro   0x00000000      0x18e ./source/Encoder.o
 .debug_macro   0x00000000      0x330 ./source/Encoder.o
 .debug_macro   0x00000000       0x16 ./source/Encoder.o
 .debug_macro   0x00000000       0x29 ./source/Encoder.o
 .debug_macro   0x00000000       0x1c ./source/Encoder.o
 .debug_macro   0x00000000       0x22 ./source/Encoder.o
 .debug_macro   0x00000000       0x10 ./source/Encoder.o
 .debug_macro   0x00000000       0x5c ./source/Encoder.o
 .debug_macro   0x00000000       0x1c ./source/Encoder.o
 .debug_macro   0x00000000       0x22 ./source/Encoder.o
 .debug_macro   0x00000000       0xd9 ./source/Encoder.o
 .debug_macro   0x00000000      0xecf ./source/Encoder.o
 .debug_macro   0x00000000       0x48 ./source/Encoder.o
 .debug_macro   0x00000000     0xe07b ./source/Encoder.o
 .debug_macro   0x00000000     0x122b ./source/Encoder.o
 .debug_macro   0x00000000       0x16 ./source/Encoder.o
 .debug_macro   0x00000000       0x46 ./source/Encoder.o
 .debug_macro   0x00000000       0xa6 ./source/Encoder.o
 .debug_line    0x00000000      0x3f7 ./source/Encoder.o
 .debug_str     0x00000000    0x7a8e8 ./source/Encoder.o
 .comment       0x00000000       0x7f ./source/Encoder.o
 .debug_frame   0x00000000      0x12c ./source/Encoder.o
 .ARM.attributes
                0x00000000       0x39 ./source/Encoder.o
 .group         0x00000000        0xc ./source/InternalControl.o
 .group         0x00000000        0xc ./source/InternalControl.o
 .group         0x00000000        0xc ./source/InternalControl.o
 .group         0x00000000        0xc ./source/InternalControl.o
 .group         0x00000000        0xc ./source/InternalControl.o
 .group         0x00000000        0xc ./source/InternalControl.o
 .group         0x00000000        0xc ./source/InternalControl.o
 .group         0x00000000        0xc ./source/InternalControl.o
 .group         0x00000000        0xc ./source/InternalControl.o
 .group         0x00000000        0xc ./source/InternalControl.o
 .group         0x00000000        0xc ./source/InternalControl.o
 .group         0x00000000        0xc ./source/InternalControl.o
 .group         0x00000000        0xc ./source/InternalControl.o
 .group         0x00000000        0xc ./source/InternalControl.o
 .group         0x00000000        0xc ./source/InternalControl.o
 .group         0x00000000        0xc ./source/InternalControl.o
 .group         0x00000000        0xc ./source/InternalControl.o
 .group         0x00000000        0xc ./source/InternalControl.o
 .group         0x00000000        0xc ./source/InternalControl.o
 .group         0x00000000        0xc ./source/InternalControl.o
 .group         0x00000000        0xc ./source/InternalControl.o
 .group         0x00000000        0xc ./source/InternalControl.o
 .group         0x00000000        0xc ./source/InternalControl.o
 .group         0x00000000        0xc ./source/InternalControl.o
 .group         0x00000000        0xc ./source/InternalControl.o
 .group         0x00000000        0xc ./source/InternalControl.o
 .group         0x00000000        0xc ./source/InternalControl.o
 .group         0x00000000        0xc ./source/InternalControl.o
 .group         0x00000000        0xc ./source/InternalControl.o
 .group         0x00000000        0xc ./source/InternalControl.o
 .group         0x00000000        0xc ./source/InternalControl.o
 .group         0x00000000        0xc ./source/InternalControl.o
 .group         0x00000000        0xc ./source/InternalControl.o
 .group         0x00000000        0xc ./source/InternalControl.o
 .group         0x00000000        0xc ./source/InternalControl.o
 .text          0x00000000        0x0 ./source/InternalControl.o
 .data          0x00000000        0x0 ./source/InternalControl.o
 .bss           0x00000000        0x0 ./source/InternalControl.o
 .debug_macro   0x00000000      0xa5a ./source/InternalControl.o
 .debug_macro   0x00000000      0x34e ./source/InternalControl.o
 .debug_macro   0x00000000       0x22 ./source/InternalControl.o
 .debug_macro   0x00000000       0x17 ./source/InternalControl.o
 .debug_macro   0x00000000       0x22 ./source/InternalControl.o
 .debug_macro   0x00000000       0x52 ./source/InternalControl.o
 .debug_macro   0x00000000       0x8d ./source/InternalControl.o
 .debug_macro   0x00000000       0x35 ./source/InternalControl.o
 .debug_macro   0x00000000       0x9c ./source/InternalControl.o
 .debug_macro   0x00000000       0x16 ./source/InternalControl.o
 .debug_macro   0x00000000      0x10e ./source/InternalControl.o
 .debug_macro   0x00000000       0x8d ./source/InternalControl.o
 .debug_macro   0x00000000       0x57 ./source/InternalControl.o
 .debug_macro   0x00000000       0x58 ./source/InternalControl.o
 .debug_macro   0x00000000       0x1f ./source/InternalControl.o
 .debug_macro   0x00000000       0x43 ./source/InternalControl.o
 .debug_macro   0x00000000       0x20 ./source/InternalControl.o
 .debug_macro   0x00000000      0x18e ./source/InternalControl.o
 .debug_macro   0x00000000      0x330 ./source/InternalControl.o
 .debug_macro   0x00000000       0x16 ./source/InternalControl.o
 .debug_macro   0x00000000       0x29 ./source/InternalControl.o
 .debug_macro   0x00000000       0x10 ./source/InternalControl.o
 .debug_macro   0x00000000       0x5c ./source/InternalControl.o
 .debug_macro   0x00000000       0x1c ./source/InternalControl.o
 .debug_macro   0x00000000       0x22 ./source/InternalControl.o
 .debug_macro   0x00000000       0xd9 ./source/InternalControl.o
 .debug_macro   0x00000000      0xecf ./source/InternalControl.o
 .debug_macro   0x00000000       0x48 ./source/InternalControl.o
 .debug_macro   0x00000000     0xe07b ./source/InternalControl.o
 .debug_macro   0x00000000     0x122b ./source/InternalControl.o
 .debug_macro   0x00000000       0x16 ./source/InternalControl.o
 .debug_macro   0x00000000       0x46 ./source/InternalControl.o
 .debug_macro   0x00000000       0xa6 ./source/InternalControl.o
 .debug_macro   0x00000000       0x22 ./source/InternalControl.o
 .group         0x00000000        0xc ./source/Lector.o
 .group         0x00000000        0xc ./source/Lector.o
 .group         0x00000000        0xc ./source/Lector.o
 .group         0x00000000        0xc ./source/Lector.o
 .group         0x00000000        0xc ./source/Lector.o
 .group         0x00000000        0xc ./source/Lector.o
 .group         0x00000000        0xc ./source/Lector.o
 .group         0x00000000        0xc ./source/Lector.o
 .group         0x00000000        0xc ./source/Lector.o
 .group         0x00000000        0xc ./source/Lector.o
 .group         0x00000000        0xc ./source/Lector.o
 .group         0x00000000        0xc ./source/Lector.o
 .group         0x00000000        0xc ./source/Lector.o
 .group         0x00000000        0xc ./source/Lector.o
 .group         0x00000000        0xc ./source/Lector.o
 .group         0x00000000        0xc ./source/Lector.o
 .group         0x00000000        0xc ./source/Lector.o
 .text          0x00000000        0x0 ./source/Lector.o
 .data          0x00000000        0x0 ./source/Lector.o
 .bss           0x00000000        0x0 ./source/Lector.o
 .text.__NVIC_EnableIRQ
                0x00000000       0x3c ./source/Lector.o
 .bss.pan       0x00000000       0x4c ./source/Lector.o
 .bss.data      0x00000000       0x28 ./source/Lector.o
 .bss.Enable    0x00000000        0x1 ./source/Lector.o
 .bss.callback  0x00000000        0x4 ./source/Lector.o
 .bss.count     0x00000000        0x1 ./source/Lector.o
 .bss.bits      0x00000000        0x1 ./source/Lector.o
 .bss.lrc       0x00000000        0x1 ./source/Lector.o
 .bss.word      0x00000000        0x1 ./source/Lector.o
 .bss.end       0x00000000        0x1 ./source/Lector.o
 .text.isr_enable
                0x00000000       0x16 ./source/Lector.o
 .text.isr_clk  0x00000000        0xc ./source/Lector.o
 .text.lector_get_PAN
                0x00000000       0x50 ./source/Lector.o
 .text.clear_PAN
                0x00000000       0x34 ./source/Lector.o
 .text.lectorInit
                0x00000000       0x64 ./source/Lector.o
 .text.Check_LRC
                0x00000000       0x74 ./source/Lector.o
 .text.parity   0x00000000       0x4e ./source/Lector.o
 .text.get_Data
                0x00000000      0x134 ./source/Lector.o
 .text.set_Enable
                0x00000000       0x68 ./source/Lector.o
 .debug_info    0x00000000      0x6f9 ./source/Lector.o
 .debug_abbrev  0x00000000      0x250 ./source/Lector.o
 .debug_aranges
                0x00000000       0x68 ./source/Lector.o
 .debug_ranges  0x00000000       0x58 ./source/Lector.o
 .debug_macro   0x00000000       0xd2 ./source/Lector.o
 .debug_macro   0x00000000      0xa5a ./source/Lector.o
 .debug_macro   0x00000000      0x174 ./source/Lector.o
 .debug_macro   0x00000000       0x22 ./source/Lector.o
 .debug_macro   0x00000000       0x34 ./source/Lector.o
 .debug_macro   0x00000000      0x34e ./source/Lector.o
 .debug_macro   0x00000000       0x10 ./source/Lector.o
 .debug_macro   0x00000000       0x5c ./source/Lector.o
 .debug_macro   0x00000000       0x1c ./source/Lector.o
 .debug_macro   0x00000000       0x22 ./source/Lector.o
 .debug_macro   0x00000000       0xdf ./source/Lector.o
 .debug_macro   0x00000000      0xecf ./source/Lector.o
 .debug_macro   0x00000000       0x48 ./source/Lector.o
 .debug_macro   0x00000000     0xe07b ./source/Lector.o
 .debug_macro   0x00000000     0x122b ./source/Lector.o
 .debug_macro   0x00000000       0x16 ./source/Lector.o
 .debug_macro   0x00000000       0x46 ./source/Lector.o
 .debug_macro   0x00000000       0xa6 ./source/Lector.o
 .debug_line    0x00000000      0x2cb ./source/Lector.o
 .debug_str     0x00000000    0x77d52 ./source/Lector.o
 .comment       0x00000000       0x7f ./source/Lector.o
 .debug_frame   0x00000000      0x178 ./source/Lector.o
 .ARM.attributes
                0x00000000       0x39 ./source/Lector.o
 .group         0x00000000        0xc ./source/SPI.o
 .group         0x00000000        0xc ./source/SPI.o
 .group         0x00000000        0xc ./source/SPI.o
 .group         0x00000000        0xc ./source/SPI.o
 .group         0x00000000        0xc ./source/SPI.o
 .group         0x00000000        0xc ./source/SPI.o
 .group         0x00000000        0xc ./source/SPI.o
 .group         0x00000000        0xc ./source/SPI.o
 .group         0x00000000        0xc ./source/SPI.o
 .group         0x00000000        0xc ./source/SPI.o
 .group         0x00000000        0xc ./source/SPI.o
 .group         0x00000000        0xc ./source/SPI.o
 .group         0x00000000        0xc ./source/SPI.o
 .text          0x00000000        0x0 ./source/SPI.o
 .data          0x00000000        0x0 ./source/SPI.o
 .bss           0x00000000        0x0 ./source/SPI.o
 .data.SPIPtrs  0x00000000        0xc ./source/SPI.o
 .text.setMasterMode
                0x00000000       0x30 ./source/SPI.o
 .text.setSlaveMode
                0x00000000       0x30 ./source/SPI.o
 .text.getMode  0x00000000       0x30 ./source/SPI.o
 .text.enableContinousSCK
                0x00000000       0x30 ./source/SPI.o
 .text.disableContinousSCK
                0x00000000       0x30 ./source/SPI.o
 .text.setSPIConfig
                0x00000000       0x50 ./source/SPI.o
 .text.enableFreeze
                0x00000000       0x30 ./source/SPI.o
 .text.disableFreeze
                0x00000000       0x30 ./source/SPI.o
 .text.enableModifyTransferFormat
                0x00000000       0x30 ./source/SPI.o
 .text.disableModifyTransferFormat
                0x00000000       0x30 ./source/SPI.o
 .text.enableChipSelectStrobe
                0x00000000       0x30 ./source/SPI.o
 .text.disableChipSelectStrobe
                0x00000000       0x30 ./source/SPI.o
 .text.enableRxFIFOOverflowOverwrite
                0x00000000       0x30 ./source/SPI.o
 .text.disableRxFIFOOverflowOverwrite
                0x00000000       0x30 ./source/SPI.o
 .text.dozeEnable
                0x00000000       0x30 ./source/SPI.o
 .text.dozeDisable
                0x00000000       0x30 ./source/SPI.o
 .text.moduleDisable
                0x00000000       0x30 ./source/SPI.o
 .text.moduleEnable
                0x00000000       0x30 ./source/SPI.o
 .text.disableTxFIFO
                0x00000000       0x30 ./source/SPI.o
 .text.enableTxFIFO
                0x00000000       0x30 ./source/SPI.o
 .text.disableRxFIFO
                0x00000000       0x30 ./source/SPI.o
 .text.enableRxFIFO
                0x00000000       0x30 ./source/SPI.o
 .text.clearTxFIFO
                0x00000000       0x30 ./source/SPI.o
 .text.dontClearTxFIFO
                0x00000000       0x30 ./source/SPI.o
 .text.clearRxFIFO
                0x00000000       0x30 ./source/SPI.o
 .text.dontClearRxFIFO
                0x00000000       0x30 ./source/SPI.o
 .text.HALTStopTransfers
                0x00000000       0x30 ./source/SPI.o
 .text.HALTStartTransfers
                0x00000000       0x2c ./source/SPI.o
 .debug_info    0x00000000      0x68c ./source/SPI.o
 .debug_abbrev  0x00000000      0x166 ./source/SPI.o
 .debug_aranges
                0x00000000       0xf8 ./source/SPI.o
 .debug_ranges  0x00000000       0xe8 ./source/SPI.o
 .debug_macro   0x00000000       0xac ./source/SPI.o
 .debug_macro   0x00000000      0xa5a ./source/SPI.o
 .debug_macro   0x00000000      0x34e ./source/SPI.o
 .debug_macro   0x00000000       0x22 ./source/SPI.o
 .debug_macro   0x00000000       0x10 ./source/SPI.o
 .debug_macro   0x00000000       0x5c ./source/SPI.o
 .debug_macro   0x00000000       0x1c ./source/SPI.o
 .debug_macro   0x00000000       0x22 ./source/SPI.o
 .debug_macro   0x00000000       0xdf ./source/SPI.o
 .debug_macro   0x00000000      0xecf ./source/SPI.o
 .debug_macro   0x00000000       0x48 ./source/SPI.o
 .debug_macro   0x00000000     0xe07b ./source/SPI.o
 .debug_macro   0x00000000     0x122b ./source/SPI.o
 .debug_macro   0x00000000       0x16 ./source/SPI.o
 .debug_line    0x00000000      0x35b ./source/SPI.o
 .debug_str     0x00000000    0x7725d ./source/SPI.o
 .comment       0x00000000       0x7f ./source/SPI.o
 .debug_frame   0x00000000      0x470 ./source/SPI.o
 .ARM.attributes
                0x00000000       0x39 ./source/SPI.o
 .group         0x00000000        0xc ./source/SysTick.o
 .group         0x00000000        0xc ./source/SysTick.o
 .group         0x00000000        0xc ./source/SysTick.o
 .group         0x00000000        0xc ./source/SysTick.o
 .group         0x00000000        0xc ./source/SysTick.o
 .group         0x00000000        0xc ./source/SysTick.o
 .group         0x00000000        0xc ./source/SysTick.o
 .group         0x00000000        0xc ./source/SysTick.o
 .group         0x00000000        0xc ./source/SysTick.o
 .group         0x00000000        0xc ./source/SysTick.o
 .group         0x00000000        0xc ./source/SysTick.o
 .group         0x00000000        0xc ./source/SysTick.o
 .group         0x00000000        0xc ./source/SysTick.o
 .text          0x00000000        0x0 ./source/SysTick.o
 .data          0x00000000        0x0 ./source/SysTick.o
 .bss           0x00000000        0x0 ./source/SysTick.o
 .text.__NVIC_EnableIRQ
                0x00000000       0x3c ./source/SysTick.o
 .data.SysTick_ptr
                0x00000000        0x4 ./source/SysTick.o
 .text.SysTick_Init
                0x00000000       0x4c ./source/SysTick.o
 .debug_macro   0x00000000      0xa5a ./source/SysTick.o
 .debug_macro   0x00000000       0x22 ./source/SysTick.o
 .debug_macro   0x00000000      0x34e ./source/SysTick.o
 .debug_macro   0x00000000       0x10 ./source/SysTick.o
 .debug_macro   0x00000000       0x5c ./source/SysTick.o
 .debug_macro   0x00000000       0x1c ./source/SysTick.o
 .debug_macro   0x00000000       0x22 ./source/SysTick.o
 .debug_macro   0x00000000       0xdf ./source/SysTick.o
 .debug_macro   0x00000000      0xecf ./source/SysTick.o
 .debug_macro   0x00000000       0x48 ./source/SysTick.o
 .debug_macro   0x00000000     0xe07b ./source/SysTick.o
 .debug_macro   0x00000000     0x122b ./source/SysTick.o
 .debug_macro   0x00000000       0x16 ./source/SysTick.o
 .group         0x00000000        0xc ./source/Users.o
 .group         0x00000000        0xc ./source/Users.o
 .group         0x00000000        0xc ./source/Users.o
 .group         0x00000000        0xc ./source/Users.o
 .group         0x00000000        0xc ./source/Users.o
 .group         0x00000000        0xc ./source/Users.o
 .group         0x00000000        0xc ./source/Users.o
 .group         0x00000000        0xc ./source/Users.o
 .group         0x00000000        0xc ./source/Users.o
 .group         0x00000000        0xc ./source/Users.o
 .group         0x00000000        0xc ./source/Users.o
 .group         0x00000000        0xc ./source/Users.o
 .group         0x00000000        0xc ./source/Users.o
 .group         0x00000000        0xc ./source/Users.o
 .group         0x00000000        0xc ./source/Users.o
 .group         0x00000000        0xc ./source/Users.o
 .group         0x00000000        0xc ./source/Users.o
 .group         0x00000000        0xc ./source/Users.o
 .group         0x00000000        0xc ./source/Users.o
 .group         0x00000000        0xc ./source/Users.o
 .text          0x00000000        0x0 ./source/Users.o
 .data          0x00000000        0x0 ./source/Users.o
 .bss           0x00000000        0x0 ./source/Users.o
 .text.unblockUser
                0x00000000       0x40 ./source/Users.o
 .rodata        0x00000000       0x38 ./source/Users.o
 .text.initUser
                0x00000000       0x5c ./source/Users.o
 .text.addUser  0x00000000       0x98 ./source/Users.o
 .text.changePin
                0x00000000       0x48 ./source/Users.o
 .text.blockUser
                0x00000000       0x40 ./source/Users.o
 .debug_macro   0x00000000      0xa5a ./source/Users.o
 .debug_macro   0x00000000      0x34e ./source/Users.o
 .debug_macro   0x00000000       0x22 ./source/Users.o
 .debug_macro   0x00000000       0x22 ./source/Users.o
 .debug_macro   0x00000000       0x52 ./source/Users.o
 .debug_macro   0x00000000       0x17 ./source/Users.o
 .debug_macro   0x00000000       0x8d ./source/Users.o
 .debug_macro   0x00000000       0x35 ./source/Users.o
 .debug_macro   0x00000000       0x9c ./source/Users.o
 .debug_macro   0x00000000      0x174 ./source/Users.o
 .debug_macro   0x00000000       0x57 ./source/Users.o
 .debug_macro   0x00000000       0x58 ./source/Users.o
 .debug_macro   0x00000000       0x1f ./source/Users.o
 .debug_macro   0x00000000       0x43 ./source/Users.o
 .debug_macro   0x00000000       0x20 ./source/Users.o
 .debug_macro   0x00000000      0x18e ./source/Users.o
 .debug_macro   0x00000000      0x330 ./source/Users.o
 .group         0x00000000        0xc ./source/gpio.o
 .group         0x00000000        0xc ./source/gpio.o
 .group         0x00000000        0xc ./source/gpio.o
 .group         0x00000000        0xc ./source/gpio.o
 .group         0x00000000        0xc ./source/gpio.o
 .group         0x00000000        0xc ./source/gpio.o
 .group         0x00000000        0xc ./source/gpio.o
 .group         0x00000000        0xc ./source/gpio.o
 .group         0x00000000        0xc ./source/gpio.o
 .group         0x00000000        0xc ./source/gpio.o
 .group         0x00000000        0xc ./source/gpio.o
 .group         0x00000000        0xc ./source/gpio.o
 .group         0x00000000        0xc ./source/gpio.o
 .group         0x00000000        0xc ./source/gpio.o
 .text          0x00000000        0x0 ./source/gpio.o
 .data          0x00000000        0x0 ./source/gpio.o
 .bss           0x00000000        0x0 ./source/gpio.o
 .text.gpioToggle
                0x00000000       0x7c ./source/gpio.o
 .text.gpioRead
                0x00000000       0x5c ./source/gpio.o
 .debug_macro   0x00000000      0xa5a ./source/gpio.o
 .debug_macro   0x00000000      0x34e ./source/gpio.o
 .debug_macro   0x00000000       0x22 ./source/gpio.o
 .debug_macro   0x00000000       0x10 ./source/gpio.o
 .debug_macro   0x00000000       0x5c ./source/gpio.o
 .debug_macro   0x00000000       0x1c ./source/gpio.o
 .debug_macro   0x00000000       0x22 ./source/gpio.o
 .debug_macro   0x00000000       0xdf ./source/gpio.o
 .debug_macro   0x00000000      0xecf ./source/gpio.o
 .debug_macro   0x00000000       0x48 ./source/gpio.o
 .debug_macro   0x00000000     0xe07b ./source/gpio.o
 .debug_macro   0x00000000     0x122b ./source/gpio.o
 .debug_macro   0x00000000       0x16 ./source/gpio.o
 .debug_macro   0x00000000       0x46 ./source/gpio.o
 .group         0x00000000        0xc ./source/timer.o
 .group         0x00000000        0xc ./source/timer.o
 .group         0x00000000        0xc ./source/timer.o
 .group         0x00000000        0xc ./source/timer.o
 .group         0x00000000        0xc ./source/timer.o
 .group         0x00000000        0xc ./source/timer.o
 .group         0x00000000        0xc ./source/timer.o
 .group         0x00000000        0xc ./source/timer.o
 .group         0x00000000        0xc ./source/timer.o
 .group         0x00000000        0xc ./source/timer.o
 .group         0x00000000        0xc ./source/timer.o
 .group         0x00000000        0xc ./source/timer.o
 .group         0x00000000        0xc ./source/timer.o
 .group         0x00000000        0xc ./source/timer.o
 .group         0x00000000        0xc ./source/timer.o
 .group         0x00000000        0xc ./source/timer.o
 .group         0x00000000        0xc ./source/timer.o
 .group         0x00000000        0xc ./source/timer.o
 .group         0x00000000        0xc ./source/timer.o
 .group         0x00000000        0xc ./source/timer.o
 .group         0x00000000        0xc ./source/timer.o
 .group         0x00000000        0xc ./source/timer.o
 .group         0x00000000        0xc ./source/timer.o
 .group         0x00000000        0xc ./source/timer.o
 .group         0x00000000        0xc ./source/timer.o
 .group         0x00000000        0xc ./source/timer.o
 .group         0x00000000        0xc ./source/timer.o
 .group         0x00000000        0xc ./source/timer.o
 .group         0x00000000        0xc ./source/timer.o
 .group         0x00000000        0xc ./source/timer.o
 .group         0x00000000        0xc ./source/timer.o
 .group         0x00000000        0xc ./source/timer.o
 .group         0x00000000        0xc ./source/timer.o
 .group         0x00000000        0xc ./source/timer.o
 .group         0x00000000        0xc ./source/timer.o
 .text          0x00000000        0x0 ./source/timer.o
 .data          0x00000000        0x0 ./source/timer.o
 .bss           0x00000000        0x0 ./source/timer.o
 .text.timerInit
                0x00000000       0x28 ./source/timer.o
 .text.timerStop
                0x00000000       0x30 ./source/timer.o
 .text.timerExpired
                0x00000000       0x44 ./source/timer.o
 .text.timerDelay
                0x00000000       0x30 ./source/timer.o
 .text.timer_isr
                0x00000000       0xdc ./source/timer.o
 .bss.yaInit.7476
                0x00000000        0x1 ./source/timer.o
 .debug_macro   0x00000000      0xa5a ./source/timer.o
 .debug_macro   0x00000000      0x34e ./source/timer.o
 .debug_macro   0x00000000       0x22 ./source/timer.o
 .debug_macro   0x00000000       0x17 ./source/timer.o
 .debug_macro   0x00000000       0x22 ./source/timer.o
 .debug_macro   0x00000000       0x52 ./source/timer.o
 .debug_macro   0x00000000       0x8d ./source/timer.o
 .debug_macro   0x00000000       0x35 ./source/timer.o
 .debug_macro   0x00000000       0x9c ./source/timer.o
 .debug_macro   0x00000000       0x16 ./source/timer.o
 .debug_macro   0x00000000      0x10e ./source/timer.o
 .debug_macro   0x00000000       0x8d ./source/timer.o
 .debug_macro   0x00000000       0x57 ./source/timer.o
 .debug_macro   0x00000000       0x58 ./source/timer.o
 .debug_macro   0x00000000       0x1f ./source/timer.o
 .debug_macro   0x00000000       0x43 ./source/timer.o
 .debug_macro   0x00000000       0x20 ./source/timer.o
 .debug_macro   0x00000000      0x18e ./source/timer.o
 .debug_macro   0x00000000      0x330 ./source/timer.o
 .debug_macro   0x00000000       0x16 ./source/timer.o
 .debug_macro   0x00000000       0x29 ./source/timer.o
 .debug_macro   0x00000000       0x1c ./source/timer.o
 .debug_macro   0x00000000       0x10 ./source/timer.o
 .debug_macro   0x00000000       0x5c ./source/timer.o
 .debug_macro   0x00000000       0x1c ./source/timer.o
 .debug_macro   0x00000000       0x22 ./source/timer.o
 .debug_macro   0x00000000       0xd9 ./source/timer.o
 .debug_macro   0x00000000      0xecf ./source/timer.o
 .debug_macro   0x00000000       0x48 ./source/timer.o
 .debug_macro   0x00000000     0xe07b ./source/timer.o
 .debug_macro   0x00000000     0x122b ./source/timer.o
 .debug_macro   0x00000000       0x16 ./source/timer.o
 .debug_macro   0x00000000       0x46 ./source/timer.o
 .debug_macro   0x00000000       0xa6 ./source/timer.o
 .group         0x00000000        0xc ./SDK/startup/hardware.o
 .group         0x00000000        0xc ./SDK/startup/hardware.o
 .group         0x00000000        0xc ./SDK/startup/hardware.o
 .group         0x00000000        0xc ./SDK/startup/hardware.o
 .group         0x00000000        0xc ./SDK/startup/hardware.o
 .group         0x00000000        0xc ./SDK/startup/hardware.o
 .group         0x00000000        0xc ./SDK/startup/hardware.o
 .group         0x00000000        0xc ./SDK/startup/hardware.o
 .group         0x00000000        0xc ./SDK/startup/hardware.o
 .group         0x00000000        0xc ./SDK/startup/hardware.o
 .group         0x00000000        0xc ./SDK/startup/hardware.o
 .group         0x00000000        0xc ./SDK/startup/hardware.o
 .group         0x00000000        0xc ./SDK/startup/hardware.o
 .text          0x00000000        0x0 ./SDK/startup/hardware.o
 .data          0x00000000        0x0 ./SDK/startup/hardware.o
 .bss           0x00000000        0x0 ./SDK/startup/hardware.o
 .debug_macro   0x00000000      0xa5a ./SDK/startup/hardware.o
 .debug_macro   0x00000000      0x34e ./SDK/startup/hardware.o
 .debug_macro   0x00000000       0x22 ./SDK/startup/hardware.o
 .debug_macro   0x00000000       0x10 ./SDK/startup/hardware.o
 .debug_macro   0x00000000       0x5c ./SDK/startup/hardware.o
 .debug_macro   0x00000000       0x1c ./SDK/startup/hardware.o
 .debug_macro   0x00000000       0x22 ./SDK/startup/hardware.o
 .debug_macro   0x00000000       0xdf ./SDK/startup/hardware.o
 .debug_macro   0x00000000      0xecf ./SDK/startup/hardware.o
 .debug_macro   0x00000000       0x48 ./SDK/startup/hardware.o
 .debug_macro   0x00000000     0xe07b ./SDK/startup/hardware.o
 .debug_macro   0x00000000     0x122b ./SDK/startup/hardware.o
 .debug_macro   0x00000000       0x16 ./SDK/startup/hardware.o
 .group         0x00000000        0xc ./SDK/startup/main.o
 .group         0x00000000        0xc ./SDK/startup/main.o
 .group         0x00000000        0xc ./SDK/startup/main.o
 .group         0x00000000        0xc ./SDK/startup/main.o
 .group         0x00000000        0xc ./SDK/startup/main.o
 .group         0x00000000        0xc ./SDK/startup/main.o
 .group         0x00000000        0xc ./SDK/startup/main.o
 .group         0x00000000        0xc ./SDK/startup/main.o
 .group         0x00000000        0xc ./SDK/startup/main.o
 .group         0x00000000        0xc ./SDK/startup/main.o
 .group         0x00000000        0xc ./SDK/startup/main.o
 .group         0x00000000        0xc ./SDK/startup/main.o
 .group         0x00000000        0xc ./SDK/startup/main.o
 .text          0x00000000        0x0 ./SDK/startup/main.o
 .data          0x00000000        0x0 ./SDK/startup/main.o
 .bss           0x00000000        0x0 ./SDK/startup/main.o
 .debug_macro   0x00000000      0xa5a ./SDK/startup/main.o
 .debug_macro   0x00000000      0x34e ./SDK/startup/main.o
 .debug_macro   0x00000000       0x22 ./SDK/startup/main.o
 .debug_macro   0x00000000       0x10 ./SDK/startup/main.o
 .debug_macro   0x00000000       0x5c ./SDK/startup/main.o
 .debug_macro   0x00000000       0x1c ./SDK/startup/main.o
 .debug_macro   0x00000000       0x22 ./SDK/startup/main.o
 .debug_macro   0x00000000       0xdf ./SDK/startup/main.o
 .debug_macro   0x00000000      0xecf ./SDK/startup/main.o
 .debug_macro   0x00000000       0x48 ./SDK/startup/main.o
 .debug_macro   0x00000000     0xe07b ./SDK/startup/main.o
 .debug_macro   0x00000000     0x122b ./SDK/startup/main.o
 .debug_macro   0x00000000       0x16 ./SDK/startup/main.o
 .group         0x00000000        0xc ./SDK/startup/semihost_hardfault.o
 .text          0x00000000        0x0 ./SDK/startup/semihost_hardfault.o
 .data          0x00000000        0x0 ./SDK/startup/semihost_hardfault.o
 .bss           0x00000000        0x0 ./SDK/startup/semihost_hardfault.o
 .debug_macro   0x00000000      0xa5a ./SDK/startup/semihost_hardfault.o
 .group         0x00000000        0xc ./SDK/startup/startup_mk64f12.o
 .text          0x00000000        0x0 ./SDK/startup/startup_mk64f12.o
 .data          0x00000000        0x0 ./SDK/startup/startup_mk64f12.o
 .bss           0x00000000        0x0 ./SDK/startup/startup_mk64f12.o
 .text.PORTA_IRQHandler
                0x00000000        0x8 ./SDK/startup/startup_mk64f12.o
 .text.PORTB_IRQHandler
                0x00000000        0x8 ./SDK/startup/startup_mk64f12.o
 .text.PORTC_IRQHandler
                0x00000000        0x8 ./SDK/startup/startup_mk64f12.o
 .text.PORTD_IRQHandler
                0x00000000        0x8 ./SDK/startup/startup_mk64f12.o
 .text.PORTE_IRQHandler
                0x00000000        0x8 ./SDK/startup/startup_mk64f12.o
 .debug_macro   0x00000000      0xa5a ./SDK/startup/startup_mk64f12.o
 .group         0x00000000        0xc ./SDK/CMSIS/system_MK64F12.o
 .group         0x00000000        0xc ./SDK/CMSIS/system_MK64F12.o
 .group         0x00000000        0xc ./SDK/CMSIS/system_MK64F12.o
 .group         0x00000000        0xc ./SDK/CMSIS/system_MK64F12.o
 .group         0x00000000        0xc ./SDK/CMSIS/system_MK64F12.o
 .group         0x00000000        0xc ./SDK/CMSIS/system_MK64F12.o
 .group         0x00000000        0xc ./SDK/CMSIS/system_MK64F12.o
 .group         0x00000000        0xc ./SDK/CMSIS/system_MK64F12.o
 .group         0x00000000        0xc ./SDK/CMSIS/system_MK64F12.o
 .group         0x00000000        0xc ./SDK/CMSIS/system_MK64F12.o
 .group         0x00000000        0xc ./SDK/CMSIS/system_MK64F12.o
 .text          0x00000000        0x0 ./SDK/CMSIS/system_MK64F12.o
 .data          0x00000000        0x0 ./SDK/CMSIS/system_MK64F12.o
 .bss           0x00000000        0x0 ./SDK/CMSIS/system_MK64F12.o
 .data.SystemCoreClock
                0x00000000        0x4 ./SDK/CMSIS/system_MK64F12.o
 .text.SystemCoreClockUpdate
                0x00000000      0x278 ./SDK/CMSIS/system_MK64F12.o
 .debug_macro   0x00000000      0xa5a ./SDK/CMSIS/system_MK64F12.o
 .debug_macro   0x00000000      0x34e ./SDK/CMSIS/system_MK64F12.o
 .debug_macro   0x00000000       0x10 ./SDK/CMSIS/system_MK64F12.o
 .debug_macro   0x00000000       0x5c ./SDK/CMSIS/system_MK64F12.o
 .debug_macro   0x00000000       0x1c ./SDK/CMSIS/system_MK64F12.o
 .debug_macro   0x00000000       0x22 ./SDK/CMSIS/system_MK64F12.o
 .debug_macro   0x00000000       0xdf ./SDK/CMSIS/system_MK64F12.o
 .debug_macro   0x00000000      0xecf ./SDK/CMSIS/system_MK64F12.o
 .debug_macro   0x00000000       0x48 ./SDK/CMSIS/system_MK64F12.o
 .debug_macro   0x00000000     0xe07b ./SDK/CMSIS/system_MK64F12.o
 .debug_macro   0x00000000     0x122b ./SDK/CMSIS/system_MK64F12.o
 .text          0x00000000        0x0 c:/nxp/mcuxpressoide_10.2.0_759/ide/tools/bin/../lib/gcc/arm-none-eabi/7.2.1/../../../../arm-none-eabi/lib/thumb/v7e-m/fpv4-sp/hard\libcr_c.a(memcpy.o)
 .data          0x00000000        0x0 c:/nxp/mcuxpressoide_10.2.0_759/ide/tools/bin/../lib/gcc/arm-none-eabi/7.2.1/../../../../arm-none-eabi/lib/thumb/v7e-m/fpv4-sp/hard\libcr_c.a(memcpy.o)
 .bss           0x00000000        0x0 c:/nxp/mcuxpressoide_10.2.0_759/ide/tools/bin/../lib/gcc/arm-none-eabi/7.2.1/../../../../arm-none-eabi/lib/thumb/v7e-m/fpv4-sp/hard\libcr_c.a(memcpy.o)
 .text.memcpy   0x00000000        0x4 c:/nxp/mcuxpressoide_10.2.0_759/ide/tools/bin/../lib/gcc/arm-none-eabi/7.2.1/../../../../arm-none-eabi/lib/thumb/v7e-m/fpv4-sp/hard\libcr_c.a(memcpy.o)
 .comment       0x00000000       0x7f c:/nxp/mcuxpressoide_10.2.0_759/ide/tools/bin/../lib/gcc/arm-none-eabi/7.2.1/../../../../arm-none-eabi/lib/thumb/v7e-m/fpv4-sp/hard\libcr_c.a(memcpy.o)
 .ARM.attributes
                0x00000000       0x39 c:/nxp/mcuxpressoide_10.2.0_759/ide/tools/bin/../lib/gcc/arm-none-eabi/7.2.1/../../../../arm-none-eabi/lib/thumb/v7e-m/fpv4-sp/hard\libcr_c.a(memcpy.o)
 .text          0x00000000        0x0 c:/nxp/mcuxpressoide_10.2.0_759/ide/tools/bin/../lib/gcc/arm-none-eabi/7.2.1/../../../../arm-none-eabi/lib/thumb/v7e-m/fpv4-sp/hard\libcr_c.a(memcmp.o)
 .data          0x00000000        0x0 c:/nxp/mcuxpressoide_10.2.0_759/ide/tools/bin/../lib/gcc/arm-none-eabi/7.2.1/../../../../arm-none-eabi/lib/thumb/v7e-m/fpv4-sp/hard\libcr_c.a(memcmp.o)
 .bss           0x00000000        0x0 c:/nxp/mcuxpressoide_10.2.0_759/ide/tools/bin/../lib/gcc/arm-none-eabi/7.2.1/../../../../arm-none-eabi/lib/thumb/v7e-m/fpv4-sp/hard\libcr_c.a(memcmp.o)
 .text          0x00000000        0x0 c:/nxp/mcuxpressoide_10.2.0_759/ide/tools/bin/../lib/gcc/arm-none-eabi/7.2.1/thumb/v7e-m/fpv4-sp/hard\libcr_eabihelpers.a(memcpy.o)
 .data          0x00000000        0x0 c:/nxp/mcuxpressoide_10.2.0_759/ide/tools/bin/../lib/gcc/arm-none-eabi/7.2.1/thumb/v7e-m/fpv4-sp/hard\libcr_eabihelpers.a(memcpy.o)
 .bss           0x00000000        0x0 c:/nxp/mcuxpressoide_10.2.0_759/ide/tools/bin/../lib/gcc/arm-none-eabi/7.2.1/thumb/v7e-m/fpv4-sp/hard\libcr_eabihelpers.a(memcpy.o)
 .text.__aeabi_memcpy
                0x00000000       0x34 c:/nxp/mcuxpressoide_10.2.0_759/ide/tools/bin/../lib/gcc/arm-none-eabi/7.2.1/thumb/v7e-m/fpv4-sp/hard\libcr_eabihelpers.a(memcpy.o)
 .text.__aeabi_memmove
                0x00000000       0x1c c:/nxp/mcuxpressoide_10.2.0_759/ide/tools/bin/../lib/gcc/arm-none-eabi/7.2.1/thumb/v7e-m/fpv4-sp/hard\libcr_eabihelpers.a(memcpy.o)
 .text.__aeabi_memset_lowlevel
                0x00000000       0x32 c:/nxp/mcuxpressoide_10.2.0_759/ide/tools/bin/../lib/gcc/arm-none-eabi/7.2.1/thumb/v7e-m/fpv4-sp/hard\libcr_eabihelpers.a(memcpy.o)
 .text.__aeabi_memclr
                0x00000000        0x8 c:/nxp/mcuxpressoide_10.2.0_759/ide/tools/bin/../lib/gcc/arm-none-eabi/7.2.1/thumb/v7e-m/fpv4-sp/hard\libcr_eabihelpers.a(memcpy.o)
 .text.__aeabi_memset
                0x00000000        0xa c:/nxp/mcuxpressoide_10.2.0_759/ide/tools/bin/../lib/gcc/arm-none-eabi/7.2.1/thumb/v7e-m/fpv4-sp/hard\libcr_eabihelpers.a(memcpy.o)
 .ARM.attributes
                0x00000000       0x25 c:/nxp/mcuxpressoide_10.2.0_759/ide/tools/bin/../lib/gcc/arm-none-eabi/7.2.1/thumb/v7e-m/fpv4-sp/hard\libcr_eabihelpers.a(memcpy.o)

Memory Configuration

Name             Origin             Length             Attributes
PROGRAM_FLASH    0x00000000         0x00100000         xr
SRAM_UPPER       0x20000000         0x00030000         xrw
SRAM_LOWER       0x1fff0000         0x00010000         xrw
FLEX_RAM         0x14000000         0x00001000         xrw
*default*        0x00000000         0xffffffff

Linker script and memory map

LOAD ./source/App.o
LOAD ./source/DisplayBoard.o
LOAD ./source/Encoder.o
LOAD ./source/InternalControl.o
LOAD ./source/Lector.o
LOAD ./source/SPI.o
LOAD ./source/SysTick.o
LOAD ./source/Users.o
LOAD ./source/gpio.o
LOAD ./source/timer.o
LOAD ./SDK/startup/hardware.o
LOAD ./SDK/startup/main.o
LOAD ./SDK/startup/semihost_hardfault.o
LOAD ./SDK/startup/startup_mk64f12.o
LOAD ./SDK/CMSIS/system_MK64F12.o
START GROUP
LOAD c:/nxp/mcuxpressoide_10.2.0_759/ide/tools/bin/../lib/gcc/arm-none-eabi/7.2.1/../../../../arm-none-eabi/lib/thumb/v7e-m/fpv4-sp/hard\libcr_c.a
LOAD c:/nxp/mcuxpressoide_10.2.0_759/ide/tools/bin/../lib/gcc/arm-none-eabi/7.2.1/thumb/v7e-m/fpv4-sp/hard\libcr_eabihelpers.a
END GROUP
                0x00000000                __base_PROGRAM_FLASH = 0x0
                0x00000000                __base_Flash = 0x0
                0x00100000                __top_PROGRAM_FLASH = 0x100000
                0x00100000                __top_Flash = 0x100000
                0x20000000                __base_SRAM_UPPER = 0x20000000
                0x20000000                __base_RAM = 0x20000000
                0x20030000                __top_SRAM_UPPER = 0x20030000
                0x20030000                __top_RAM = 0x20030000
                0x1fff0000                __base_SRAM_LOWER = 0x1fff0000
                0x1fff0000                __base_RAM2 = 0x1fff0000
                0x20000000                __top_SRAM_LOWER = 0x20000000
                0x20000000                __top_RAM2 = 0x20000000
                0x14000000                __base_FLEX_RAM = 0x14000000
                0x14000000                __base_RAM3 = 0x14000000
                0x14001000                __top_FLEX_RAM = 0x14001000
                0x14001000                __top_RAM3 = 0x14001000

.text           0x00000000     0x14c0
 FILL mask 0xff
                0x00000000                __vectors_start__ = ABSOLUTE (.)
 *(SORT_BY_ALIGNMENT(.isr_vector))
 .isr_vector    0x00000000      0x198 ./SDK/startup/startup_mk64f12.o
                0x00000000                g_pfnVectors
                0x00000000                __Vectors
                0x00000198                . = ALIGN (0x4)
                0x00000198                __section_table_start = .
                0x00000198                __data_section_table = .
                0x00000198        0x4 LONG 0x14c0 LOADADDR (.data)
                0x0000019c        0x4 LONG 0x20000000 ADDR (.data)
                0x000001a0        0x4 LONG 0x160 SIZEOF (.data)
                0x000001a4        0x4 LONG 0x14c0 LOADADDR (.data_RAM2)
                0x000001a8        0x4 LONG 0x1fff0000 ADDR (.data_RAM2)
                0x000001ac        0x4 LONG 0x0 SIZEOF (.data_RAM2)
                0x000001b0        0x4 LONG 0x14c0 LOADADDR (.data_RAM3)
                0x000001b4        0x4 LONG 0x14000000 ADDR (.data_RAM3)
                0x000001b8        0x4 LONG 0x0 SIZEOF (.data_RAM3)
                0x000001bc                __data_section_table_end = .
                0x000001bc                __bss_section_table = .
                0x000001bc        0x4 LONG 0x20000160 ADDR (.bss)
                0x000001c0        0x4 LONG 0x5d8 SIZEOF (.bss)
                0x000001c4        0x4 LONG 0x1fff0000 ADDR (.bss_RAM2)
                0x000001c8        0x4 LONG 0x0 SIZEOF (.bss_RAM2)
                0x000001cc        0x4 LONG 0x14000000 ADDR (.bss_RAM3)
                0x000001d0        0x4 LONG 0x0 SIZEOF (.bss_RAM3)
                0x000001d4                __bss_section_table_end = .
                0x000001d4                __section_table_end = .
 *(SORT_BY_ALIGNMENT(.after_vectors*))
 .after_vectors.reset
                0x000001d4       0x4c ./SDK/startup/startup_mk64f12.o
                0x000001d4                ResetISR
 .after_vectors.init_data
                0x00000220       0x1e ./SDK/startup/startup_mk64f12.o
                0x00000220                data_init
 .after_vectors.init_bss
                0x0000023e       0x12 ./SDK/startup/startup_mk64f12.o
                0x0000023e                bss_init
 .after_vectors
                0x00000250       0x14 ./SDK/startup/startup_mk64f12.o
                0x00000250                NMI_Handler
                0x00000254                MemManage_Handler
                0x00000256                BusFault_Handler
                0x00000258                UsageFault_Handler
                0x0000025a                SVC_Handler
                0x0000025c                DebugMon_Handler
                0x0000025e                PendSV_Handler
                0x00000262                DMA_Error_DriverIRQHandler
                0x00000262                LPTMR0_DriverIRQHandler
                0x00000262                FTM1_DriverIRQHandler
                0x00000262                FTM2_DriverIRQHandler
                0x00000262                PIT2_DriverIRQHandler
                0x00000262                SDHC_DriverIRQHandler
                0x00000262                I2S0_Tx_DriverIRQHandler
                0x00000262                RTC_Seconds_DriverIRQHandler
                0x00000262                DMA6_DriverIRQHandler
                0x00000262                LLWU_DriverIRQHandler
                0x00000262                MCM_DriverIRQHandler
                0x00000262                MCG_DriverIRQHandler
                0x00000262                ENET_1588_Timer_DriverIRQHandler
                0x00000262                I2C2_DriverIRQHandler
                0x00000262                DAC1_DriverIRQHandler
                0x00000262                SPI1_DriverIRQHandler
                0x00000262                CMP1_DriverIRQHandler
                0x00000262                UART5_RX_TX_DriverIRQHandler
                0x00000262                FTM0_DriverIRQHandler
                0x00000262                IntDefaultHandler
                0x00000262                USB0_DriverIRQHandler
                0x00000262                UART5_ERR_DriverIRQHandler
                0x00000262                PORTC_DriverIRQHandler
                0x00000262                DMA11_DriverIRQHandler
                0x00000262                DAC0_DriverIRQHandler
                0x00000262                DMA10_DriverIRQHandler
                0x00000262                CMP2_DriverIRQHandler
                0x00000262                UART2_ERR_DriverIRQHandler
                0x00000262                SPI2_DriverIRQHandler
                0x00000262                LVD_LVW_DriverIRQHandler
                0x00000262                PIT0_DriverIRQHandler
                0x00000262                RNG_DriverIRQHandler
                0x00000262                DMA5_DriverIRQHandler
                0x00000262                DMA12_DriverIRQHandler
                0x00000262                UART2_RX_TX_DriverIRQHandler
                0x00000262                USBDCD_DriverIRQHandler
                0x00000262                UART3_ERR_DriverIRQHandler
                0x00000262                DMA3_DriverIRQHandler
                0x00000262                DMA8_DriverIRQHandler
                0x00000262                DMA9_DriverIRQHandler
                0x00000262                UART0_ERR_DriverIRQHandler
                0x00000262                CMT_DriverIRQHandler
                0x00000262                Reserved71_DriverIRQHandler
                0x00000262                ADC1_DriverIRQHandler
                0x00000262                PORTA_DriverIRQHandler
                0x00000262                DMA14_DriverIRQHandler
                0x00000262                PIT3_DriverIRQHandler
                0x00000262                PIT1_DriverIRQHandler
                0x00000262                WDOG_EWM_DriverIRQHandler
                0x00000262                PDB0_DriverIRQHandler
                0x00000262                RTC_DriverIRQHandler
                0x00000262                I2S0_Rx_DriverIRQHandler
                0x00000262                Read_Collision_DriverIRQHandler
                0x00000262                SWI_DriverIRQHandler
                0x00000262                UART4_RX_TX_DriverIRQHandler
                0x00000262                UART4_ERR_DriverIRQHandler
                0x00000262                PORTB_DriverIRQHandler
                0x00000262                UART0_LON_DriverIRQHandler
                0x00000262                DMA0_DriverIRQHandler
                0x00000262                DMA1_DriverIRQHandler
                0x00000262                I2C1_DriverIRQHandler
                0x00000262                UART3_RX_TX_DriverIRQHandler
                0x00000262                ENET_Receive_DriverIRQHandler
                0x00000262                DMA13_DriverIRQHandler
                0x00000262                ENET_Error_DriverIRQHandler
                0x00000262                DMA15_DriverIRQHandler
                0x00000262                UART0_RX_TX_DriverIRQHandler
                0x00000262                SPI0_DriverIRQHandler
                0x00000262                ADC0_DriverIRQHandler
                0x00000262                CMP0_DriverIRQHandler
                0x00000262                CAN0_DriverIRQHandler
                0x00000262                FTM3_DriverIRQHandler
                0x00000262                DMA4_DriverIRQHandler
                0x00000262                UART1_ERR_DriverIRQHandler
                0x00000262                DMA2_DriverIRQHandler
                0x00000262                ENET_Transmit_DriverIRQHandler
                0x00000262                PORTD_DriverIRQHandler
                0x00000262                PORTE_DriverIRQHandler
                0x00000262                FTFE_DriverIRQHandler
                0x00000262                I2C0_DriverIRQHandler
                0x00000262                DMA7_DriverIRQHandler
                0x00000262                UART1_RX_TX_DriverIRQHandler
                0x00000400                . = 0x400
 *fill*         0x00000264      0x19c ff
                0x00000400                PROVIDE (__FLASH_CONFIG_START__, .)
 *(SORT_BY_ALIGNMENT(.FlashConfig))
 .FlashConfig   0x00000400       0x10 ./SDK/startup/startup_mk64f12.o
                0x00000400                Flash_Config
                0x00000410                PROVIDE (__FLASH_CONFIG_END__, .)
                0x00000001                ASSERT (! ((__FLASH_CONFIG_START__ == __FLASH_CONFIG_END__)), Linker Flash Config Support Enabled, but no .FlashConfig section provided within application)
 *(SORT_BY_ALIGNMENT(.text*))
 .text.clearUserInfo
                0x00000410       0x9c ./source/App.o
                0x00000410                clearUserInfo
 .text.internarHandler
                0x000004ac       0xe8 ./source/App.o
                0x000004ac                internarHandler
 .text.closeDoor
                0x00000594       0x20 ./source/App.o
                0x00000594                closeDoor
 .text.accessDenied
                0x000005b4       0x20 ./source/App.o
                0x000005b4                accessDenied
 .text.App_Init
                0x000005d4       0x18 ./source/App.o
                0x000005d4                App_Init
 .text.DispClear
                0x000005ec       0x54 ./source/DisplayBoard.o
                0x000005ec                DispClear
 .text.__NVIC_EnableIRQ
                0x00000640       0x3c ./source/InternalControl.o
 .text.internalControlInit
                0x0000067c       0x94 ./source/InternalControl.o
                0x0000067c                internalControlInit
 .text.isr_swOK
                0x00000710       0x18 ./source/InternalControl.o
                0x00000710                isr_swOK
 .text.isr_swCANCEL
                0x00000728       0x18 ./source/InternalControl.o
                0x00000728                isr_swCANCEL
 .text.PortGetOK_Status
                0x00000740       0x18 ./source/InternalControl.o
                0x00000740                PortGetOK_Status
 .text.PortClearOK_Status
                0x00000758       0x18 ./source/InternalControl.o
                0x00000758                PortClearOK_Status
 .text.PortGetCANCEL_Status
                0x00000770       0x18 ./source/InternalControl.o
                0x00000770                PortGetCANCEL_Status
 .text.PortClearCANCEL_Status
                0x00000788       0x18 ./source/InternalControl.o
                0x00000788                PortClearCANCEL_Status
 .text.readSwitchInterface
                0x000007a0       0x48 ./source/InternalControl.o
                0x000007a0                readSwitchInterface
 .text.internalControlGetEvent
                0x000007e8       0x38 ./source/InternalControl.o
                0x000007e8                internalControlGetEvent
 .text.SysTick_Handler
                0x00000820       0x24 ./source/SysTick.o
                0x00000820                SysTick_Handler
 .text.validateIDint
                0x00000844       0x70 ./source/Users.o
                0x00000844                validateIDint
 .text.validatePIN
                0x000008b4       0x3c ./source/Users.o
                0x000008b4                validatePIN
 .text.validateUser
                0x000008f0       0x94 ./source/Users.o
                0x000008f0                validateUser
 .text.PORTD_IRQHandler
                0x00000984       0x64 ./source/gpio.o
                0x00000984                PORTD_IRQHandler
 .text.PORTA_IRQHandler
                0x000009e8       0x5c ./source/gpio.o
                0x000009e8                PORTA_IRQHandler
 .text.PORTB_IRQHandler
                0x00000a44       0x64 ./source/gpio.o
                0x00000a44                PORTB_IRQHandler
 .text.PORTE_IRQHandler
                0x00000aa8       0x64 ./source/gpio.o
                0x00000aa8                PORTE_IRQHandler
 .text.PORTC_IRQHandler
                0x00000b0c       0x64 ./source/gpio.o
                0x00000b0c                PORTC_IRQHandler
 .text.gpioMode
                0x00000b70      0x174 ./source/gpio.o
                0x00000b70                gpioMode
 .text.gpioWrite
                0x00000ce4       0x6c ./source/gpio.o
                0x00000ce4                gpioWrite
 .text.gpioIRQ  0x00000d50       0x94 ./source/gpio.o
                0x00000d50                gpioIRQ
 .text.PORT_ClearInterruptFlag
                0x00000de4       0x48 ./source/gpio.o
                0x00000de4                PORT_ClearInterruptFlag
 .text.timerGetId
                0x00000e2c       0x2c ./source/timer.o
                0x00000e2c                timerGetId
 .text.timerStart
                0x00000e58       0xa4 ./source/timer.o
                0x00000e58                timerStart
 .text.hw_Init  0x00000efc      0x10c ./SDK/startup/hardware.o
                0x00000efc                hw_Init
 .text.hw_EnableInterrupts
                0x00001008       0x30 ./SDK/startup/hardware.o
                0x00001008                hw_EnableInterrupts
 .text.hw_DisableInterrupts
                0x00001038       0x20 ./SDK/startup/hardware.o
                0x00001038                hw_DisableInterrupts
 .text.SystemInit
                0x00001058       0x3c ./SDK/CMSIS/system_MK64F12.o
                0x00001058                SystemInit
 .text.App_Run  0x00001094        0xe ./source/App.o
                0x00001094                App_Run
 .text.RGBIndicator
                0x000010a2       0x6e ./source/InternalControl.o
                0x000010a2                RGBIndicator
 .text.validateID
                0x00001110       0x24 ./source/Users.o
                0x00001110                validateID
 .text.main     0x00001134       0x1a ./SDK/startup/main.o
                0x00001134                main
 .text.HardFault_Handler
                0x0000114e       0x2c ./SDK/startup/semihost_hardfault.o
                0x0000114e                HardFault_Handler
 .text.DMA0_IRQHandler
                0x0000117a        0x8 ./SDK/startup/startup_mk64f12.o
                0x0000117a                DMA0_IRQHandler
 .text.DMA1_IRQHandler
                0x00001182        0x8 ./SDK/startup/startup_mk64f12.o
                0x00001182                DMA1_IRQHandler
 .text.DMA2_IRQHandler
                0x0000118a        0x8 ./SDK/startup/startup_mk64f12.o
                0x0000118a                DMA2_IRQHandler
 .text.DMA3_IRQHandler
                0x00001192        0x8 ./SDK/startup/startup_mk64f12.o
                0x00001192                DMA3_IRQHandler
 .text.DMA4_IRQHandler
                0x0000119a        0x8 ./SDK/startup/startup_mk64f12.o
                0x0000119a                DMA4_IRQHandler
 .text.DMA5_IRQHandler
                0x000011a2        0x8 ./SDK/startup/startup_mk64f12.o
                0x000011a2                DMA5_IRQHandler
 .text.DMA6_IRQHandler
                0x000011aa        0x8 ./SDK/startup/startup_mk64f12.o
                0x000011aa                DMA6_IRQHandler
 .text.DMA7_IRQHandler
                0x000011b2        0x8 ./SDK/startup/startup_mk64f12.o
                0x000011b2                DMA7_IRQHandler
 .text.DMA8_IRQHandler
                0x000011ba        0x8 ./SDK/startup/startup_mk64f12.o
                0x000011ba                DMA8_IRQHandler
 .text.DMA9_IRQHandler
                0x000011c2        0x8 ./SDK/startup/startup_mk64f12.o
                0x000011c2                DMA9_IRQHandler
 .text.DMA10_IRQHandler
                0x000011ca        0x8 ./SDK/startup/startup_mk64f12.o
                0x000011ca                DMA10_IRQHandler
 .text.DMA11_IRQHandler
                0x000011d2        0x8 ./SDK/startup/startup_mk64f12.o
                0x000011d2                DMA11_IRQHandler
 .text.DMA12_IRQHandler
                0x000011da        0x8 ./SDK/startup/startup_mk64f12.o
                0x000011da                DMA12_IRQHandler
 .text.DMA13_IRQHandler
                0x000011e2        0x8 ./SDK/startup/startup_mk64f12.o
                0x000011e2                DMA13_IRQHandler
 .text.DMA14_IRQHandler
                0x000011ea        0x8 ./SDK/startup/startup_mk64f12.o
                0x000011ea                DMA14_IRQHandler
 .text.DMA15_IRQHandler
                0x000011f2        0x8 ./SDK/startup/startup_mk64f12.o
                0x000011f2                DMA15_IRQHandler
 .text.DMA_Error_IRQHandler
                0x000011fa        0x8 ./SDK/startup/startup_mk64f12.o
                0x000011fa                DMA_Error_IRQHandler
 .text.MCM_IRQHandler
                0x00001202        0x8 ./SDK/startup/startup_mk64f12.o
                0x00001202                MCM_IRQHandler
 .text.FTFE_IRQHandler
                0x0000120a        0x8 ./SDK/startup/startup_mk64f12.o
                0x0000120a                FTFE_IRQHandler
 .text.Read_Collision_IRQHandler
                0x00001212        0x8 ./SDK/startup/startup_mk64f12.o
                0x00001212                Read_Collision_IRQHandler
 .text.LVD_LVW_IRQHandler
                0x0000121a        0x8 ./SDK/startup/startup_mk64f12.o
                0x0000121a                LVD_LVW_IRQHandler
 .text.LLWU_IRQHandler
                0x00001222        0x8 ./SDK/startup/startup_mk64f12.o
                0x00001222                LLWU_IRQHandler
 .text.WDOG_EWM_IRQHandler
                0x0000122a        0x8 ./SDK/startup/startup_mk64f12.o
                0x0000122a                WDOG_EWM_IRQHandler
 .text.RNG_IRQHandler
                0x00001232        0x8 ./SDK/startup/startup_mk64f12.o
                0x00001232                RNG_IRQHandler
 .text.I2C0_IRQHandler
                0x0000123a        0x8 ./SDK/startup/startup_mk64f12.o
                0x0000123a                I2C0_IRQHandler
 .text.I2C1_IRQHandler
                0x00001242        0x8 ./SDK/startup/startup_mk64f12.o
                0x00001242                I2C1_IRQHandler
 .text.SPI0_IRQHandler
                0x0000124a        0x8 ./SDK/startup/startup_mk64f12.o
                0x0000124a                SPI0_IRQHandler
 .text.SPI1_IRQHandler
                0x00001252        0x8 ./SDK/startup/startup_mk64f12.o
                0x00001252                SPI1_IRQHandler
 .text.I2S0_Tx_IRQHandler
                0x0000125a        0x8 ./SDK/startup/startup_mk64f12.o
                0x0000125a                I2S0_Tx_IRQHandler
 .text.I2S0_Rx_IRQHandler
                0x00001262        0x8 ./SDK/startup/startup_mk64f12.o
                0x00001262                I2S0_Rx_IRQHandler
 .text.UART0_LON_IRQHandler
                0x0000126a        0x8 ./SDK/startup/startup_mk64f12.o
                0x0000126a                UART0_LON_IRQHandler
 .text.UART0_RX_TX_IRQHandler
                0x00001272        0x8 ./SDK/startup/startup_mk64f12.o
                0x00001272                UART0_RX_TX_IRQHandler
 .text.UART0_ERR_IRQHandler
                0x0000127a        0x8 ./SDK/startup/startup_mk64f12.o
                0x0000127a                UART0_ERR_IRQHandler
 .text.UART1_RX_TX_IRQHandler
                0x00001282        0x8 ./SDK/startup/startup_mk64f12.o
                0x00001282                UART1_RX_TX_IRQHandler
 .text.UART1_ERR_IRQHandler
                0x0000128a        0x8 ./SDK/startup/startup_mk64f12.o
                0x0000128a                UART1_ERR_IRQHandler
 .text.UART2_RX_TX_IRQHandler
                0x00001292        0x8 ./SDK/startup/startup_mk64f12.o
                0x00001292                UART2_RX_TX_IRQHandler
 .text.UART2_ERR_IRQHandler
                0x0000129a        0x8 ./SDK/startup/startup_mk64f12.o
                0x0000129a                UART2_ERR_IRQHandler
 .text.UART3_RX_TX_IRQHandler
                0x000012a2        0x8 ./SDK/startup/startup_mk64f12.o
                0x000012a2                UART3_RX_TX_IRQHandler
 .text.UART3_ERR_IRQHandler
                0x000012aa        0x8 ./SDK/startup/startup_mk64f12.o
                0x000012aa                UART3_ERR_IRQHandler
 .text.ADC0_IRQHandler
                0x000012b2        0x8 ./SDK/startup/startup_mk64f12.o
                0x000012b2                ADC0_IRQHandler
 .text.CMP0_IRQHandler
                0x000012ba        0x8 ./SDK/startup/startup_mk64f12.o
                0x000012ba                CMP0_IRQHandler
 .text.CMP1_IRQHandler
                0x000012c2        0x8 ./SDK/startup/startup_mk64f12.o
                0x000012c2                CMP1_IRQHandler
 .text.FTM0_IRQHandler
                0x000012ca        0x8 ./SDK/startup/startup_mk64f12.o
                0x000012ca                FTM0_IRQHandler
 .text.FTM1_IRQHandler
                0x000012d2        0x8 ./SDK/startup/startup_mk64f12.o
                0x000012d2                FTM1_IRQHandler
 .text.FTM2_IRQHandler
                0x000012da        0x8 ./SDK/startup/startup_mk64f12.o
                0x000012da                FTM2_IRQHandler
 .text.CMT_IRQHandler
                0x000012e2        0x8 ./SDK/startup/startup_mk64f12.o
                0x000012e2                CMT_IRQHandler
 .text.RTC_IRQHandler
                0x000012ea        0x8 ./SDK/startup/startup_mk64f12.o
                0x000012ea                RTC_IRQHandler
 .text.RTC_Seconds_IRQHandler
                0x000012f2        0x8 ./SDK/startup/startup_mk64f12.o
                0x000012f2                RTC_Seconds_IRQHandler
 .text.PIT0_IRQHandler
                0x000012fa        0x8 ./SDK/startup/startup_mk64f12.o
                0x000012fa                PIT0_IRQHandler
 .text.PIT1_IRQHandler
                0x00001302        0x8 ./SDK/startup/startup_mk64f12.o
                0x00001302                PIT1_IRQHandler
 .text.PIT2_IRQHandler
                0x0000130a        0x8 ./SDK/startup/startup_mk64f12.o
                0x0000130a                PIT2_IRQHandler
 .text.PIT3_IRQHandler
                0x00001312        0x8 ./SDK/startup/startup_mk64f12.o
                0x00001312                PIT3_IRQHandler
 .text.PDB0_IRQHandler
                0x0000131a        0x8 ./SDK/startup/startup_mk64f12.o
                0x0000131a                PDB0_IRQHandler
 .text.USB0_IRQHandler
                0x00001322        0x8 ./SDK/startup/startup_mk64f12.o
                0x00001322                USB0_IRQHandler
 .text.USBDCD_IRQHandler
                0x0000132a        0x8 ./SDK/startup/startup_mk64f12.o
                0x0000132a                USBDCD_IRQHandler
 .text.Reserved71_IRQHandler
                0x00001332        0x8 ./SDK/startup/startup_mk64f12.o
                0x00001332                Reserved71_IRQHandler
 .text.DAC0_IRQHandler
                0x0000133a        0x8 ./SDK/startup/startup_mk64f12.o
                0x0000133a                DAC0_IRQHandler
 .text.MCG_IRQHandler
                0x00001342        0x8 ./SDK/startup/startup_mk64f12.o
                0x00001342                MCG_IRQHandler
 .text.LPTMR0_IRQHandler
                0x0000134a        0x8 ./SDK/startup/startup_mk64f12.o
                0x0000134a                LPTMR0_IRQHandler
 .text.SWI_IRQHandler
                0x00001352        0x8 ./SDK/startup/startup_mk64f12.o
                0x00001352                SWI_IRQHandler
 .text.SPI2_IRQHandler
                0x0000135a        0x8 ./SDK/startup/startup_mk64f12.o
                0x0000135a                SPI2_IRQHandler
 .text.UART4_RX_TX_IRQHandler
                0x00001362        0x8 ./SDK/startup/startup_mk64f12.o
                0x00001362                UART4_RX_TX_IRQHandler
 .text.UART4_ERR_IRQHandler
                0x0000136a        0x8 ./SDK/startup/startup_mk64f12.o
                0x0000136a                UART4_ERR_IRQHandler
 .text.UART5_RX_TX_IRQHandler
                0x00001372        0x8 ./SDK/startup/startup_mk64f12.o
                0x00001372                UART5_RX_TX_IRQHandler
 .text.UART5_ERR_IRQHandler
                0x0000137a        0x8 ./SDK/startup/startup_mk64f12.o
                0x0000137a                UART5_ERR_IRQHandler
 .text.CMP2_IRQHandler
                0x00001382        0x8 ./SDK/startup/startup_mk64f12.o
                0x00001382                CMP2_IRQHandler
 .text.FTM3_IRQHandler
                0x0000138a        0x8 ./SDK/startup/startup_mk64f12.o
                0x0000138a                FTM3_IRQHandler
 .text.DAC1_IRQHandler
                0x00001392        0x8 ./SDK/startup/startup_mk64f12.o
                0x00001392                DAC1_IRQHandler
 .text.ADC1_IRQHandler
                0x0000139a        0x8 ./SDK/startup/startup_mk64f12.o
                0x0000139a                ADC1_IRQHandler
 .text.I2C2_IRQHandler
                0x000013a2        0x8 ./SDK/startup/startup_mk64f12.o
                0x000013a2                I2C2_IRQHandler
 .text.CAN0_ORed_Message_buffer_IRQHandler
                0x000013aa        0x8 ./SDK/startup/startup_mk64f12.o
                0x000013aa                CAN0_ORed_Message_buffer_IRQHandler
 .text.CAN0_Bus_Off_IRQHandler
                0x000013b2        0x8 ./SDK/startup/startup_mk64f12.o
                0x000013b2                CAN0_Bus_Off_IRQHandler
 .text.CAN0_Error_IRQHandler
                0x000013ba        0x8 ./SDK/startup/startup_mk64f12.o
                0x000013ba                CAN0_Error_IRQHandler
 .text.CAN0_Tx_Warning_IRQHandler
                0x000013c2        0x8 ./SDK/startup/startup_mk64f12.o
                0x000013c2                CAN0_Tx_Warning_IRQHandler
 .text.CAN0_Rx_Warning_IRQHandler
                0x000013ca        0x8 ./SDK/startup/startup_mk64f12.o
                0x000013ca                CAN0_Rx_Warning_IRQHandler
 .text.CAN0_Wake_Up_IRQHandler
                0x000013d2        0x8 ./SDK/startup/startup_mk64f12.o
                0x000013d2                CAN0_Wake_Up_IRQHandler
 .text.SDHC_IRQHandler
                0x000013da        0x8 ./SDK/startup/startup_mk64f12.o
                0x000013da                SDHC_IRQHandler
 .text.ENET_1588_Timer_IRQHandler
                0x000013e2        0x8 ./SDK/startup/startup_mk64f12.o
                0x000013e2                ENET_1588_Timer_IRQHandler
 .text.ENET_Transmit_IRQHandler
                0x000013ea        0x8 ./SDK/startup/startup_mk64f12.o
                0x000013ea                ENET_Transmit_IRQHandler
 .text.ENET_Receive_IRQHandler
                0x000013f2        0x8 ./SDK/startup/startup_mk64f12.o
                0x000013f2                ENET_Receive_IRQHandler
 .text.ENET_Error_IRQHandler
                0x000013fa        0x8 ./SDK/startup/startup_mk64f12.o
                0x000013fa                ENET_Error_IRQHandler
 .text.SystemInitHook
                0x00001402        0xe ./SDK/CMSIS/system_MK64F12.o
                0x00001402                SystemInitHook
 .text.memcmp   0x00001410       0x44 c:/nxp/mcuxpressoide_10.2.0_759/ide/tools/bin/../lib/gcc/arm-none-eabi/7.2.1/../../../../arm-none-eabi/lib/thumb/v7e-m/fpv4-sp/hard\libcr_c.a(memcmp.o)
                0x00001410                memcmp
 *(SORT_BY_ALIGNMENT(.rodata) SORT_BY_ALIGNMENT(.rodata.*) SORT_BY_ALIGNMENT(.constdata) SORT_BY_ALIGNMENT(.constdata.*))
 .rodata        0x00001454       0x6c ./source/App.o
                0x000014c0                . = ALIGN (0x8)

.glue_7         0x000014c0        0x0
 .glue_7        0x000014c0        0x0 linker stubs

.glue_7t        0x000014c0        0x0
 .glue_7t       0x000014c0        0x0 linker stubs

.vfp11_veneer   0x000014c0        0x0
 .vfp11_veneer  0x000014c0        0x0 linker stubs

.v4_bx          0x000014c0        0x0
 .v4_bx         0x000014c0        0x0 linker stubs

.iplt           0x000014c0        0x0
 .iplt          0x000014c0        0x0 ./source/App.o

.rel.dyn        0x000014c0        0x0
 .rel.iplt      0x000014c0        0x0 ./source/App.o

.ARM.extab
 *(SORT_BY_ALIGNMENT(.ARM.extab*) SORT_BY_ALIGNMENT(.gnu.linkonce.armextab.*))
                0x000014c0                __exidx_start = .

.ARM.exidx
 *(SORT_BY_ALIGNMENT(.ARM.exidx*) SORT_BY_ALIGNMENT(.gnu.linkonce.armexidx.*))
                0x000014c0                __exidx_end = .
                0x000014c0                _etext = .

.m_usb_data
 *(SORT_BY_ALIGNMENT(m_usb_bdt))

.data_RAM2      0x1fff0000        0x0 load address 0x000014c0
 FILL mask 0xff
                [!provide]                PROVIDE (__start_data_RAM2, .)
 *(SORT_BY_ALIGNMENT(.ramfunc.$RAM2))
 *(SORT_BY_ALIGNMENT(.ramfunc.$SRAM_LOWER))
 *(SORT_BY_ALIGNMENT(.data.$RAM2*))
 *(SORT_BY_ALIGNMENT(.data.$SRAM_LOWER*))
                0x1fff0000                . = ALIGN (0x8)
                [!provide]                PROVIDE (__end_data_RAM2, .)

.data_RAM3      0x14000000        0x0 load address 0x000014c0
 FILL mask 0xff
                [!provide]                PROVIDE (__start_data_RAM3, .)
 *(SORT_BY_ALIGNMENT(.ramfunc.$RAM3))
 *(SORT_BY_ALIGNMENT(.ramfunc.$FLEX_RAM))
 *(SORT_BY_ALIGNMENT(.data.$RAM3*))
 *(SORT_BY_ALIGNMENT(.data.$FLEX_RAM*))
                0x14000000                . = ALIGN (0x8)
                [!provide]                PROVIDE (__end_data_RAM3, .)

.uninit_RESERVED
                0x20000000        0x0
 *(SORT_BY_ALIGNMENT(.bss.$RESERVED*))
                0x20000000                . = ALIGN (0x4)
                0x20000000                _end_uninit_RESERVED = .

.data           0x20000000      0x160 load address 0x000014c0
 FILL mask 0xff
                0x20000000                _data = .
 *(SORT_BY_ALIGNMENT(vtable))
 *(SORT_BY_ALIGNMENT(.ramfunc*))
 *(SORT_BY_ALIGNMENT(.data*))
 .data.id_txt   0x20000000       0x84 ./source/App.o
 .data.pin_txt  0x20000084       0x84 ./source/App.o
 .data.disp_vector
                0x20000108       0x10 ./source/DisplayBoard.o
 .data.gpioPtrs
                0x20000118       0x14 ./source/gpio.o
 .data.portPtrs
                0x2000012c       0x14 ./source/gpio.o
 .data.simMasks
                0x20000140       0x14 ./source/gpio.o
 .data.sim_ptr  0x20000154        0x4 ./source/gpio.o
 .data.timers_cant
                0x20000158        0x1 ./source/timer.o
                0x20000160                . = ALIGN (0x8)
 *fill*         0x20000159        0x7 ff
                0x20000160                _edata = .

.igot.plt       0x20000160        0x0 load address 0x00001620
 .igot.plt      0x20000160        0x0 ./source/App.o

.bss_RAM2       0x1fff0000        0x0
                [!provide]                PROVIDE (__start_bss_RAM2, .)
 *(SORT_BY_ALIGNMENT(.bss.$RAM2*))
 *(SORT_BY_ALIGNMENT(.bss.$SRAM_LOWER*))
                0x1fff0000                . = ALIGN ((. != 0x0)?0x8:0x1)
                [!provide]                PROVIDE (__end_bss_RAM2, .)

.bss_RAM3       0x14000000        0x0
                [!provide]                PROVIDE (__start_bss_RAM3, .)
 *(SORT_BY_ALIGNMENT(.bss.$RAM3*))
 *(SORT_BY_ALIGNMENT(.bss.$FLEX_RAM*))
                0x14000000                . = ALIGN ((. != 0x0)?0x8:0x1)
                [!provide]                PROVIDE (__end_bss_RAM3, .)

.bss            0x20000160      0x5d8
                0x20000160                _bss = .
 *(SORT_BY_ALIGNMENT(.bss*))
 .bss.fsm       0x20000160        0x4 ./source/App.o
 .bss.pin_pointer
                0x20000164        0x4 ./source/DisplayBoard.o
 .bss.internal_sw_event
                0x20000168        0x4 ./source/InternalControl.o
 .bss.callback  0x2000016c        0x4 ./source/InternalControl.o
 .bss.callbackTick
                0x20000170        0x4 ./source/SysTick.o
 .bss.index_    0x20000174        0x4 ./source/Users.o
 .bss.users     0x20000178      0x230 ./source/Users.o
 .bss.isr_Matrix
                0x200003a8      0x280 ./source/gpio.o
 .bss.timers    0x20000628      0x100 ./source/timer.o
 .bss.__LDM_interruptDisableCount
                0x20000728        0x4 ./SDK/startup/hardware.o
 .bss.timerError
                0x2000072c        0x1 ./source/App.o
 .bss.timerPestillo
                0x2000072d        0x1 ./source/App.o
 .bss.load_menu
                0x2000072e        0x1 ./source/DisplayBoard.o
 .bss.shift_hab
                0x2000072f        0x1 ./source/DisplayBoard.o
 .bss.OK_sw     0x20000730        0x1 ./source/InternalControl.o
 .bss.CANCEL_sw
                0x20000731        0x1 ./source/InternalControl.o
 .bss.timerSw   0x20000732        0x1 ./source/InternalControl.o
 *(SORT_BY_ALIGNMENT(COMMON))
                0x20000738                . = ALIGN (0x8)
 *fill*         0x20000733        0x5 
                0x20000738                _ebss = .
                [!provide]                PROVIDE (end, .)

.noinit_RAM2    0x1fff0000        0x0
 *(SORT_BY_ALIGNMENT(.noinit.$RAM2*))
 *(SORT_BY_ALIGNMENT(.noinit.$SRAM_LOWER*))
                0x1fff0000                . = ALIGN (0x8)

.noinit_RAM3    0x14000000        0x0
 *(SORT_BY_ALIGNMENT(.noinit.$RAM3*))
 *(SORT_BY_ALIGNMENT(.noinit.$FLEX_RAM*))
                0x14000000                . = ALIGN (0x8)

.noinit         0x20000738        0x0
                0x20000738                _noinit = .
 *(SORT_BY_ALIGNMENT(.noinit*))
                0x20000738                . = ALIGN (0x8)
                0x20000738                _end_noinit = .
                0x00001000                _HeapSize = 0x1000

.heap           0x20000738     0x1000
                0x20000738                _pvHeapStart = .
                0x20001738                . = (. + _HeapSize)
 *fill*         0x20000738     0x1000 
                0x20001738                . = ALIGN (0x8)
                0x20001738                _pvHeapLimit = .
                0x00001000                _StackSize = 0x1000

.heap2stackfill
                0x20001738     0x1000
                0x20002738                . = (. + _StackSize)
 *fill*         0x20001738     0x1000 

.stack          0x2002f000        0x0
                0x2002f000                _vStackBase = .
                0x2002f000                . = ALIGN (0x8)
                0x20030000                _vStackTop = (. + _StackSize)
                0x00000000                _image_start = LOADADDR (.text)
                0x00001620                _image_end = (LOADADDR (.data) + SIZEOF (.data))
                0x00001620                _image_size = (_image_end - _image_start)
OUTPUT(Blink.axf elf32-littlearm)

.debug_info     0x00000000     0x602b
 .debug_info    0x00000000      0xcec ./source/App.o
 .debug_info    0x00000cec      0xc5d ./source/DisplayBoard.o
 .debug_info    0x00001949      0xe72 ./source/InternalControl.o
 .debug_info    0x000027bb      0x526 ./source/SysTick.o
 .debug_info    0x00002ce1      0xb43 ./source/Users.o
 .debug_info    0x00003824      0x706 ./source/gpio.o
 .debug_info    0x00003f2a      0xaee ./source/timer.o
 .debug_info    0x00004a18      0x675 ./SDK/startup/hardware.o
 .debug_info    0x0000508d       0xb7 ./SDK/startup/main.o
 .debug_info    0x00005144       0x3b ./SDK/startup/semihost_hardfault.o
 .debug_info    0x0000517f      0x8b0 ./SDK/startup/startup_mk64f12.o
 .debug_info    0x00005a2f      0x5fc ./SDK/CMSIS/system_MK64F12.o

.debug_abbrev   0x00000000     0x149b
 .debug_abbrev  0x00000000      0x286 ./source/App.o
 .debug_abbrev  0x00000286      0x2e2 ./source/DisplayBoard.o
 .debug_abbrev  0x00000568      0x2b0 ./source/InternalControl.o
 .debug_abbrev  0x00000818      0x1a0 ./source/SysTick.o
 .debug_abbrev  0x000009b8      0x216 ./source/Users.o
 .debug_abbrev  0x00000bce      0x1a7 ./source/gpio.o
 .debug_abbrev  0x00000d75      0x2a7 ./source/timer.o
 .debug_abbrev  0x0000101c      0x138 ./SDK/startup/hardware.o
 .debug_abbrev  0x00001154       0x7d ./SDK/startup/main.o
 .debug_abbrev  0x000011d1       0x2f ./SDK/startup/semihost_hardfault.o
 .debug_abbrev  0x00001200      0x15c ./SDK/startup/startup_mk64f12.o
 .debug_abbrev  0x0000135c      0x13f ./SDK/CMSIS/system_MK64F12.o

.debug_aranges  0x00000000      0x678
 .debug_aranges
                0x00000000       0x78 ./source/App.o
 .debug_aranges
                0x00000078       0x70 ./source/DisplayBoard.o
 .debug_aranges
                0x000000e8       0x70 ./source/InternalControl.o
 .debug_aranges
                0x00000158       0x30 ./source/SysTick.o
 .debug_aranges
                0x00000188       0x60 ./source/Users.o
 .debug_aranges
                0x000001e8       0x70 ./source/gpio.o
 .debug_aranges
                0x00000258       0x50 ./source/timer.o
 .debug_aranges
                0x000002a8       0x30 ./SDK/startup/hardware.o
 .debug_aranges
                0x000002d8       0x20 ./SDK/startup/main.o
 .debug_aranges
                0x000002f8       0x20 ./SDK/startup/semihost_hardfault.o
 .debug_aranges
                0x00000318      0x330 ./SDK/startup/startup_mk64f12.o
 .debug_aranges
                0x00000648       0x30 ./SDK/CMSIS/system_MK64F12.o

.debug_ranges   0x00000000      0x5d0
 .debug_ranges  0x00000000       0x80 ./source/App.o
 .debug_ranges  0x00000080       0x60 ./source/DisplayBoard.o
 .debug_ranges  0x000000e0       0x60 ./source/InternalControl.o
 .debug_ranges  0x00000140       0x20 ./source/SysTick.o
 .debug_ranges  0x00000160       0x50 ./source/Users.o
 .debug_ranges  0x000001b0       0x60 ./source/gpio.o
 .debug_ranges  0x00000210       0x40 ./source/timer.o
 .debug_ranges  0x00000250       0x20 ./SDK/startup/hardware.o
 .debug_ranges  0x00000270       0x10 ./SDK/startup/main.o
 .debug_ranges  0x00000280       0x10 ./SDK/startup/semihost_hardfault.o
 .debug_ranges  0x00000290      0x320 ./SDK/startup/startup_mk64f12.o
 .debug_ranges  0x000005b0       0x20 ./SDK/CMSIS/system_MK64F12.o

.debug_macro    0x00000000    0x12983
 .debug_macro   0x00000000      0x1b8 ./source/App.o
 .debug_macro   0x000001b8      0xa5a ./source/App.o
 .debug_macro   0x00000c12      0x34e ./source/App.o
 .debug_macro   0x00000f60       0x22 ./source/App.o
 .debug_macro   0x00000f82       0x17 ./source/App.o
 .debug_macro   0x00000f99       0x22 ./source/App.o
 .debug_macro   0x00000fbb       0x52 ./source/App.o
 .debug_macro   0x0000100d       0x8d ./source/App.o
 .debug_macro   0x0000109a       0x35 ./source/App.o
 .debug_macro   0x000010cf       0x9c ./source/App.o
 .debug_macro   0x0000116b       0x16 ./source/App.o
 .debug_macro   0x00001181      0x10e ./source/App.o
 .debug_macro   0x0000128f       0x8d ./source/App.o
 .debug_macro   0x0000131c       0x57 ./source/App.o
 .debug_macro   0x00001373       0x58 ./source/App.o
 .debug_macro   0x000013cb       0x1f ./source/App.o
 .debug_macro   0x000013ea       0x43 ./source/App.o
 .debug_macro   0x0000142d       0x20 ./source/App.o
 .debug_macro   0x0000144d      0x18e ./source/App.o
 .debug_macro   0x000015db      0x330 ./source/App.o
 .debug_macro   0x0000190b       0x16 ./source/App.o
 .debug_macro   0x00001921       0x29 ./source/App.o
 .debug_macro   0x0000194a       0x1c ./source/App.o
 .debug_macro   0x00001966       0x7c ./source/App.o
 .debug_macro   0x000019e2       0x22 ./source/App.o
 .debug_macro   0x00001a04       0x34 ./source/App.o
 .debug_macro   0x00001a38       0x1c ./source/App.o
 .debug_macro   0x00001a54       0x28 ./source/App.o
 .debug_macro   0x00001a7c      0x1e1 ./source/DisplayBoard.o
 .debug_macro   0x00001c5d       0x76 ./source/DisplayBoard.o
 .debug_macro   0x00001cd3       0x10 ./source/DisplayBoard.o
 .debug_macro   0x00001ce3       0x5c ./source/DisplayBoard.o
 .debug_macro   0x00001d3f       0x1c ./source/DisplayBoard.o
 .debug_macro   0x00001d5b       0x22 ./source/DisplayBoard.o
 .debug_macro   0x00001d7d       0xd9 ./source/DisplayBoard.o
 .debug_macro   0x00001e56      0xecf ./source/DisplayBoard.o
 .debug_macro   0x00002d25       0x48 ./source/DisplayBoard.o
 .debug_macro   0x00002d6d     0xe07b ./source/DisplayBoard.o
 .debug_macro   0x00010de8     0x122b ./source/DisplayBoard.o
 .debug_macro   0x00012013       0x16 ./source/DisplayBoard.o
 .debug_macro   0x00012029       0x46 ./source/DisplayBoard.o
 .debug_macro   0x0001206f       0xa6 ./source/DisplayBoard.o
 .debug_macro   0x00012115      0x1b7 ./source/InternalControl.o
 .debug_macro   0x000122cc       0x16 ./source/InternalControl.o
 .debug_macro   0x000122e2       0xac ./source/SysTick.o
 .debug_macro   0x0001238e      0x11e ./source/Users.o
 .debug_macro   0x000124ac       0x22 ./source/Users.o
 .debug_macro   0x000124ce       0x10 ./source/Users.o
 .debug_macro   0x000124de       0x35 ./source/Users.o
 .debug_macro   0x00012513       0xab ./source/gpio.o
 .debug_macro   0x000125be      0x1c3 ./source/timer.o
 .debug_macro   0x00012781       0x10 ./source/timer.o
 .debug_macro   0x00012791       0x9c ./SDK/startup/hardware.o
 .debug_macro   0x0001282d       0x9c ./SDK/startup/main.o
 .debug_macro   0x000128c9       0x11 ./SDK/startup/semihost_hardfault.o
 .debug_macro   0x000128da       0x29 ./SDK/startup/startup_mk64f12.o
 .debug_macro   0x00012903       0x80 ./SDK/CMSIS/system_MK64F12.o

.debug_line     0x00000000     0x2607
 .debug_line    0x00000000      0x453 ./source/App.o
 .debug_line    0x00000453      0x5c8 ./source/DisplayBoard.o
 .debug_line    0x00000a1b      0x444 ./source/InternalControl.o
 .debug_line    0x00000e5f      0x1b6 ./source/SysTick.o
 .debug_line    0x00001015      0x335 ./source/Users.o
 .debug_line    0x0000134a      0x299 ./source/gpio.o
 .debug_line    0x000015e3      0x3e3 ./source/timer.o
 .debug_line    0x000019c6      0x1d4 ./SDK/startup/hardware.o
 .debug_line    0x00001b9a      0x175 ./SDK/startup/main.o
 .debug_line    0x00001d0f       0x59 ./SDK/startup/semihost_hardfault.o
 .debug_line    0x00001d68      0x6d8 ./SDK/startup/startup_mk64f12.o
 .debug_line    0x00002440      0x1c7 ./SDK/CMSIS/system_MK64F12.o

.debug_str      0x00000000    0x7c426
 .debug_str     0x00000000     0x720d ./source/App.o
                               0x7465 (size before relaxing)
 .debug_str     0x0000720d    0x73cfd ./source/DisplayBoard.o
                              0x7aa78 (size before relaxing)
 .debug_str     0x0007af0a      0x6a0 ./source/InternalControl.o
                              0x7af0d (size before relaxing)
 .debug_str     0x0007b5aa       0xa8 ./source/SysTick.o
                              0x775b1 (size before relaxing)
 .debug_str     0x0007b652       0xcf ./source/Users.o
                               0x6c3d (size before relaxing)
 .debug_str     0x0007b721      0x224 ./source/gpio.o
                              0x77298 (size before relaxing)
 .debug_str     0x0007b945       0xe1 ./source/timer.o
                              0x7a8e1 (size before relaxing)
 .debug_str     0x0007ba26      0x178 ./SDK/startup/hardware.o
                              0x771ef (size before relaxing)
 .debug_str     0x0007bb9e       0x1b ./SDK/startup/main.o
                              0x76fc3 (size before relaxing)
 .debug_str     0x0007bbb9       0x36 ./SDK/startup/semihost_hardfault.o
                               0x2d29 (size before relaxing)
 .debug_str     0x0007bbef      0x7d5 ./SDK/startup/startup_mk64f12.o
                               0x3597 (size before relaxing)
 .debug_str     0x0007c3c4       0x62 ./SDK/CMSIS/system_MK64F12.o
                              0x770fe (size before relaxing)

.comment        0x00000000       0x7e
 .comment       0x00000000       0x7e ./source/App.o
                                 0x7f (size before relaxing)
 .comment       0x0000007e       0x7f ./source/DisplayBoard.o
 .comment       0x0000007e       0x7f ./source/InternalControl.o
 .comment       0x0000007e       0x7f ./source/SysTick.o
 .comment       0x0000007e       0x7f ./source/Users.o
 .comment       0x0000007e       0x7f ./source/gpio.o
 .comment       0x0000007e       0x7f ./source/timer.o
 .comment       0x0000007e       0x7f ./SDK/startup/hardware.o
 .comment       0x0000007e       0x7f ./SDK/startup/main.o
 .comment       0x0000007e       0x7f ./SDK/startup/semihost_hardfault.o
 .comment       0x0000007e       0x7f ./SDK/startup/startup_mk64f12.o
 .comment       0x0000007e       0x7f ./SDK/CMSIS/system_MK64F12.o
 .comment       0x0000007e       0x7f c:/nxp/mcuxpressoide_10.2.0_759/ide/tools/bin/../lib/gcc/arm-none-eabi/7.2.1/../../../../arm-none-eabi/lib/thumb/v7e-m/fpv4-sp/hard\libcr_c.a(memcmp.o)

.ARM.attributes
                0x00000000       0x37
 .ARM.attributes
                0x00000000       0x39 ./source/App.o
 .ARM.attributes
                0x00000039       0x39 ./source/DisplayBoard.o
 .ARM.attributes
                0x00000072       0x39 ./source/InternalControl.o
 .ARM.attributes
                0x000000ab       0x39 ./source/SysTick.o
 .ARM.attributes
                0x000000e4       0x39 ./source/Users.o
 .ARM.attributes
                0x0000011d       0x39 ./source/gpio.o
 .ARM.attributes
                0x00000156       0x39 ./source/timer.o
 .ARM.attributes
                0x0000018f       0x39 ./SDK/startup/hardware.o
 .ARM.attributes
                0x000001c8       0x39 ./SDK/startup/main.o
 .ARM.attributes
                0x00000201       0x39 ./SDK/startup/semihost_hardfault.o
 .ARM.attributes
                0x0000023a       0x39 ./SDK/startup/startup_mk64f12.o
 .ARM.attributes
                0x00000273       0x39 ./SDK/CMSIS/system_MK64F12.o
 .ARM.attributes
                0x000002ac       0x39 c:/nxp/mcuxpressoide_10.2.0_759/ide/tools/bin/../lib/gcc/arm-none-eabi/7.2.1/../../../../arm-none-eabi/lib/thumb/v7e-m/fpv4-sp/hard\libcr_c.a(memcmp.o)

.debug_frame    0x00000000     0x13dc
 .debug_frame   0x00000000      0x1a4 ./source/App.o
 .debug_frame   0x000001a4      0x1a4 ./source/DisplayBoard.o
 .debug_frame   0x00000348      0x17c ./source/InternalControl.o
 .debug_frame   0x000004c4       0x88 ./source/SysTick.o
 .debug_frame   0x0000054c      0x160 ./source/Users.o
 .debug_frame   0x000006ac      0x1f0 ./source/gpio.o
 .debug_frame   0x0000089c      0x10c ./source/timer.o
 .debug_frame   0x000009a8       0x70 ./SDK/startup/hardware.o
 .debug_frame   0x00000a18       0x2c ./SDK/startup/main.o
 .debug_frame   0x00000a44       0x20 ./SDK/startup/semihost_hardfault.o
 .debug_frame   0x00000a64      0x904 ./SDK/startup/startup_mk64f12.o
 .debug_frame   0x00001368       0x74 ./SDK/CMSIS/system_MK64F12.o
