Archive member included to satisfy reference by file (symbol)

c:/nxp/mcuxpressoide_10.2.0_759/ide/tools/bin/../lib/gcc/arm-none-eabi/7.2.1/../../../../arm-none-eabi/lib/thumb/v7e-m/fpv4-sp/hard\libcr_c.a(memcpy.o)
                              ./source/App.o (memcpy)
c:/nxp/mcuxpressoide_10.2.0_759/ide/tools/bin/../lib/gcc/arm-none-eabi/7.2.1/../../../../arm-none-eabi/lib/thumb/v7e-m/fpv4-sp/hard\libcr_c.a(memcmp.o)
                              ./source/Users.o (memcmp)
c:/nxp/mcuxpressoide_10.2.0_759/ide/tools/bin/../lib/gcc/arm-none-eabi/7.2.1/thumb/v7e-m/fpv4-sp/hard\libcr_eabihelpers.a(memcpy.o)
                              c:/nxp/mcuxpressoide_10.2.0_759/ide/tools/bin/../lib/gcc/arm-none-eabi/7.2.1/../../../../arm-none-eabi/lib/thumb/v7e-m/fpv4-sp/hard\libcr_c.a(memcpy.o) (__aeabi_memcpy)

Discarded input sections

 .group         0x00000000        0xc ./source/App.o
 .group         0x00000000        0xc ./source/App.o
 .group         0x00000000        0xc ./source/App.o
 .group         0x00000000        0xc ./source/App.o
 .group         0x00000000        0xc ./source/App.o
 .group         0x00000000        0xc ./source/App.o
 .group         0x00000000        0xc ./source/App.o
 .group         0x00000000        0xc ./source/App.o
 .group         0x00000000        0xc ./source/App.o
 .group         0x00000000        0xc ./source/App.o
 .group         0x00000000        0xc ./source/App.o
 .group         0x00000000        0xc ./source/App.o
 .group         0x00000000        0xc ./source/App.o
 .group         0x00000000        0xc ./source/App.o
 .group         0x00000000        0xc ./source/App.o
 .group         0x00000000        0xc ./source/App.o
 .group         0x00000000        0xc ./source/App.o
 .group         0x00000000        0xc ./source/App.o
 .group         0x00000000        0xc ./source/App.o
 .group         0x00000000        0xc ./source/App.o
 .group         0x00000000        0xc ./source/App.o
 .group         0x00000000        0xc ./source/App.o
 .group         0x00000000        0xc ./source/App.o
 .group         0x00000000        0xc ./source/App.o
 .group         0x00000000        0xc ./source/App.o
 .group         0x00000000        0xc ./source/App.o
 .group         0x00000000        0xc ./source/App.o
 .text          0x00000000        0x0 ./source/App.o
 .data          0x00000000        0x0 ./source/App.o
 .bss           0x00000000        0x0 ./source/App.o
 .data.checkoutOK_vec
                0x00000000       0x38 ./source/App.o
 .data.checkoutERROR_vec
                0x00000000       0x48 ./source/App.o
 .group         0x00000000        0xc ./source/DisplayBoard.o
 .group         0x00000000        0xc ./source/DisplayBoard.o
 .group         0x00000000        0xc ./source/DisplayBoard.o
 .group         0x00000000        0xc ./source/DisplayBoard.o
 .group         0x00000000        0xc ./source/DisplayBoard.o
 .group         0x00000000        0xc ./source/DisplayBoard.o
 .group         0x00000000        0xc ./source/DisplayBoard.o
 .group         0x00000000        0xc ./source/DisplayBoard.o
 .group         0x00000000        0xc ./source/DisplayBoard.o
 .group         0x00000000        0xc ./source/DisplayBoard.o
 .group         0x00000000        0xc ./source/DisplayBoard.o
 .group         0x00000000        0xc ./source/DisplayBoard.o
 .group         0x00000000        0xc ./source/DisplayBoard.o
 .group         0x00000000        0xc ./source/DisplayBoard.o
 .group         0x00000000        0xc ./source/DisplayBoard.o
 .group         0x00000000        0xc ./source/DisplayBoard.o
 .group         0x00000000        0xc ./source/DisplayBoard.o
 .group         0x00000000        0xc ./source/DisplayBoard.o
 .group         0x00000000        0xc ./source/DisplayBoard.o
 .group         0x00000000        0xc ./source/DisplayBoard.o
 .group         0x00000000        0xc ./source/DisplayBoard.o
 .group         0x00000000        0xc ./source/DisplayBoard.o
 .group         0x00000000        0xc ./source/DisplayBoard.o
 .group         0x00000000        0xc ./source/DisplayBoard.o
 .group         0x00000000        0xc ./source/DisplayBoard.o
 .group         0x00000000        0xc ./source/DisplayBoard.o
 .group         0x00000000        0xc ./source/DisplayBoard.o
 .group         0x00000000        0xc ./source/DisplayBoard.o
 .group         0x00000000        0xc ./source/DisplayBoard.o
 .group         0x00000000        0xc ./source/DisplayBoard.o
 .group         0x00000000        0xc ./source/DisplayBoard.o
 .group         0x00000000        0xc ./source/DisplayBoard.o
 .group         0x00000000        0xc ./source/DisplayBoard.o
 .group         0x00000000        0xc ./source/DisplayBoard.o
 .group         0x00000000        0xc ./source/DisplayBoard.o
 .text          0x00000000        0x0 ./source/DisplayBoard.o
 .data          0x00000000        0x0 ./source/DisplayBoard.o
 .bss           0x00000000        0x0 ./source/DisplayBoard.o
 .debug_macro   0x00000000      0xa5a ./source/DisplayBoard.o
 .debug_macro   0x00000000      0x34e ./source/DisplayBoard.o
 .debug_macro   0x00000000       0x22 ./source/DisplayBoard.o
 .debug_macro   0x00000000       0x17 ./source/DisplayBoard.o
 .debug_macro   0x00000000       0x22 ./source/DisplayBoard.o
 .debug_macro   0x00000000       0x52 ./source/DisplayBoard.o
 .debug_macro   0x00000000       0x8d ./source/DisplayBoard.o
 .debug_macro   0x00000000       0x35 ./source/DisplayBoard.o
 .debug_macro   0x00000000       0x9c ./source/DisplayBoard.o
 .debug_macro   0x00000000       0x16 ./source/DisplayBoard.o
 .debug_macro   0x00000000      0x10e ./source/DisplayBoard.o
 .debug_macro   0x00000000       0x8d ./source/DisplayBoard.o
 .debug_macro   0x00000000       0x57 ./source/DisplayBoard.o
 .debug_macro   0x00000000       0x58 ./source/DisplayBoard.o
 .debug_macro   0x00000000       0x1f ./source/DisplayBoard.o
 .debug_macro   0x00000000       0x43 ./source/DisplayBoard.o
 .debug_macro   0x00000000       0x20 ./source/DisplayBoard.o
 .debug_macro   0x00000000      0x18e ./source/DisplayBoard.o
 .debug_macro   0x00000000      0x330 ./source/DisplayBoard.o
 .debug_macro   0x00000000       0x16 ./source/DisplayBoard.o
 .debug_macro   0x00000000       0x29 ./source/DisplayBoard.o
 .debug_macro   0x00000000       0x22 ./source/DisplayBoard.o
 .group         0x00000000        0xc ./source/Encoder.o
 .group         0x00000000        0xc ./source/Encoder.o
 .group         0x00000000        0xc ./source/Encoder.o
 .group         0x00000000        0xc ./source/Encoder.o
 .group         0x00000000        0xc ./source/Encoder.o
 .group         0x00000000        0xc ./source/Encoder.o
 .group         0x00000000        0xc ./source/Encoder.o
 .group         0x00000000        0xc ./source/Encoder.o
 .group         0x00000000        0xc ./source/Encoder.o
 .group         0x00000000        0xc ./source/Encoder.o
 .group         0x00000000        0xc ./source/Encoder.o
 .group         0x00000000        0xc ./source/Encoder.o
 .group         0x00000000        0xc ./source/Encoder.o
 .group         0x00000000        0xc ./source/Encoder.o
 .group         0x00000000        0xc ./source/Encoder.o
 .group         0x00000000        0xc ./source/Encoder.o
 .group         0x00000000        0xc ./source/Encoder.o
 .group         0x00000000        0xc ./source/Encoder.o
 .group         0x00000000        0xc ./source/Encoder.o
 .group         0x00000000        0xc ./source/Encoder.o
 .group         0x00000000        0xc ./source/Encoder.o
 .group         0x00000000        0xc ./source/Encoder.o
 .group         0x00000000        0xc ./source/Encoder.o
 .group         0x00000000        0xc ./source/Encoder.o
 .group         0x00000000        0xc ./source/Encoder.o
 .group         0x00000000        0xc ./source/Encoder.o
 .group         0x00000000        0xc ./source/Encoder.o
 .group         0x00000000        0xc ./source/Encoder.o
 .group         0x00000000        0xc ./source/Encoder.o
 .group         0x00000000        0xc ./source/Encoder.o
 .group         0x00000000        0xc ./source/Encoder.o
 .group         0x00000000        0xc ./source/Encoder.o
 .group         0x00000000        0xc ./source/Encoder.o
 .group         0x00000000        0xc ./source/Encoder.o
 .group         0x00000000        0xc ./source/Encoder.o
 .text          0x00000000        0x0 ./source/Encoder.o
 .data          0x00000000        0x0 ./source/Encoder.o
 .bss           0x00000000        0x0 ./source/Encoder.o
 .text.EncClearFlag
                0x00000000       0x18 ./source/Encoder.o
 .debug_macro   0x00000000      0xa5a ./source/Encoder.o
 .debug_macro   0x00000000      0x34e ./source/Encoder.o
 .debug_macro   0x00000000       0x22 ./source/Encoder.o
 .debug_macro   0x00000000       0x17 ./source/Encoder.o
 .debug_macro   0x00000000       0x22 ./source/Encoder.o
 .debug_macro   0x00000000       0x52 ./source/Encoder.o
 .debug_macro   0x00000000       0x8d ./source/Encoder.o
 .debug_macro   0x00000000       0x35 ./source/Encoder.o
 .debug_macro   0x00000000       0x9c ./source/Encoder.o
 .debug_macro   0x00000000       0x16 ./source/Encoder.o
 .debug_macro   0x00000000      0x10e ./source/Encoder.o
 .debug_macro   0x00000000       0x8d ./source/Encoder.o
 .debug_macro   0x00000000       0x57 ./source/Encoder.o
 .debug_macro   0x00000000       0x58 ./source/Encoder.o
 .debug_macro   0x00000000       0x1f ./source/Encoder.o
 .debug_macro   0x00000000       0x43 ./source/Encoder.o
 .debug_macro   0x00000000       0x20 ./source/Encoder.o
 .debug_macro   0x00000000      0x18e ./source/Encoder.o
 .debug_macro   0x00000000      0x330 ./source/Encoder.o
 .debug_macro   0x00000000       0x16 ./source/Encoder.o
 .debug_macro   0x00000000       0x29 ./source/Encoder.o
 .debug_macro   0x00000000       0x10 ./source/Encoder.o
 .debug_macro   0x00000000       0x5c ./source/Encoder.o
 .debug_macro   0x00000000       0x1c ./source/Encoder.o
 .debug_macro   0x00000000       0x22 ./source/Encoder.o
 .debug_macro   0x00000000       0xd9 ./source/Encoder.o
 .debug_macro   0x00000000      0xecf ./source/Encoder.o
 .debug_macro   0x00000000       0x48 ./source/Encoder.o
 .debug_macro   0x00000000     0xe07b ./source/Encoder.o
 .debug_macro   0x00000000     0x122b ./source/Encoder.o
 .debug_macro   0x00000000       0x16 ./source/Encoder.o
 .debug_macro   0x00000000       0x3a ./source/Encoder.o
 .debug_macro   0x00000000       0xa6 ./source/Encoder.o
 .group         0x00000000        0xc ./source/InternalControl.o
 .group         0x00000000        0xc ./source/InternalControl.o
 .group         0x00000000        0xc ./source/InternalControl.o
 .group         0x00000000        0xc ./source/InternalControl.o
 .group         0x00000000        0xc ./source/InternalControl.o
 .group         0x00000000        0xc ./source/InternalControl.o
 .group         0x00000000        0xc ./source/InternalControl.o
 .group         0x00000000        0xc ./source/InternalControl.o
 .group         0x00000000        0xc ./source/InternalControl.o
 .group         0x00000000        0xc ./source/InternalControl.o
 .group         0x00000000        0xc ./source/InternalControl.o
 .group         0x00000000        0xc ./source/InternalControl.o
 .group         0x00000000        0xc ./source/InternalControl.o
 .group         0x00000000        0xc ./source/InternalControl.o
 .group         0x00000000        0xc ./source/InternalControl.o
 .group         0x00000000        0xc ./source/InternalControl.o
 .group         0x00000000        0xc ./source/InternalControl.o
 .group         0x00000000        0xc ./source/InternalControl.o
 .group         0x00000000        0xc ./source/InternalControl.o
 .group         0x00000000        0xc ./source/InternalControl.o
 .group         0x00000000        0xc ./source/InternalControl.o
 .group         0x00000000        0xc ./source/InternalControl.o
 .group         0x00000000        0xc ./source/InternalControl.o
 .group         0x00000000        0xc ./source/InternalControl.o
 .group         0x00000000        0xc ./source/InternalControl.o
 .group         0x00000000        0xc ./source/InternalControl.o
 .group         0x00000000        0xc ./source/InternalControl.o
 .group         0x00000000        0xc ./source/InternalControl.o
 .group         0x00000000        0xc ./source/InternalControl.o
 .group         0x00000000        0xc ./source/InternalControl.o
 .group         0x00000000        0xc ./source/InternalControl.o
 .group         0x00000000        0xc ./source/InternalControl.o
 .group         0x00000000        0xc ./source/InternalControl.o
 .group         0x00000000        0xc ./source/InternalControl.o
 .group         0x00000000        0xc ./source/InternalControl.o
 .text          0x00000000        0x0 ./source/InternalControl.o
 .data          0x00000000        0x0 ./source/InternalControl.o
 .bss           0x00000000        0x0 ./source/InternalControl.o
 .debug_macro   0x00000000      0xa5a ./source/InternalControl.o
 .debug_macro   0x00000000      0x34e ./source/InternalControl.o
 .debug_macro   0x00000000       0x22 ./source/InternalControl.o
 .debug_macro   0x00000000       0x17 ./source/InternalControl.o
 .debug_macro   0x00000000       0x22 ./source/InternalControl.o
 .debug_macro   0x00000000       0x52 ./source/InternalControl.o
 .debug_macro   0x00000000       0x8d ./source/InternalControl.o
 .debug_macro   0x00000000       0x35 ./source/InternalControl.o
 .debug_macro   0x00000000       0x9c ./source/InternalControl.o
 .debug_macro   0x00000000       0x16 ./source/InternalControl.o
 .debug_macro   0x00000000      0x10e ./source/InternalControl.o
 .debug_macro   0x00000000       0x8d ./source/InternalControl.o
 .debug_macro   0x00000000       0x57 ./source/InternalControl.o
 .debug_macro   0x00000000       0x58 ./source/InternalControl.o
 .debug_macro   0x00000000       0x1f ./source/InternalControl.o
 .debug_macro   0x00000000       0x43 ./source/InternalControl.o
 .debug_macro   0x00000000       0x20 ./source/InternalControl.o
 .debug_macro   0x00000000      0x18e ./source/InternalControl.o
 .debug_macro   0x00000000      0x330 ./source/InternalControl.o
 .debug_macro   0x00000000       0x16 ./source/InternalControl.o
 .debug_macro   0x00000000       0x29 ./source/InternalControl.o
 .debug_macro   0x00000000       0x10 ./source/InternalControl.o
 .debug_macro   0x00000000       0x5c ./source/InternalControl.o
 .debug_macro   0x00000000       0x1c ./source/InternalControl.o
 .debug_macro   0x00000000       0x22 ./source/InternalControl.o
 .debug_macro   0x00000000       0xd9 ./source/InternalControl.o
 .debug_macro   0x00000000      0xecf ./source/InternalControl.o
 .debug_macro   0x00000000       0x48 ./source/InternalControl.o
 .debug_macro   0x00000000     0xe07b ./source/InternalControl.o
 .debug_macro   0x00000000     0x122b ./source/InternalControl.o
 .debug_macro   0x00000000       0x16 ./source/InternalControl.o
 .debug_macro   0x00000000       0x3a ./source/InternalControl.o
 .debug_macro   0x00000000       0xa6 ./source/InternalControl.o
 .debug_macro   0x00000000       0x22 ./source/InternalControl.o
 .group         0x00000000        0xc ./source/Lector.o
 .group         0x00000000        0xc ./source/Lector.o
 .group         0x00000000        0xc ./source/Lector.o
 .group         0x00000000        0xc ./source/Lector.o
 .group         0x00000000        0xc ./source/Lector.o
 .group         0x00000000        0xc ./source/Lector.o
 .group         0x00000000        0xc ./source/Lector.o
 .group         0x00000000        0xc ./source/Lector.o
 .group         0x00000000        0xc ./source/Lector.o
 .group         0x00000000        0xc ./source/Lector.o
 .group         0x00000000        0xc ./source/Lector.o
 .group         0x00000000        0xc ./source/Lector.o
 .group         0x00000000        0xc ./source/Lector.o
 .group         0x00000000        0xc ./source/Lector.o
 .group         0x00000000        0xc ./source/Lector.o
 .group         0x00000000        0xc ./source/Lector.o
 .group         0x00000000        0xc ./source/Lector.o
 .text          0x00000000        0x0 ./source/Lector.o
 .data          0x00000000        0x0 ./source/Lector.o
 .bss           0x00000000        0x0 ./source/Lector.o
 .debug_macro   0x00000000      0xa5a ./source/Lector.o
 .debug_macro   0x00000000       0x22 ./source/Lector.o
 .debug_macro   0x00000000       0x34 ./source/Lector.o
 .debug_macro   0x00000000      0x34e ./source/Lector.o
 .debug_macro   0x00000000       0x10 ./source/Lector.o
 .debug_macro   0x00000000       0x5c ./source/Lector.o
 .debug_macro   0x00000000       0x1c ./source/Lector.o
 .debug_macro   0x00000000       0x22 ./source/Lector.o
 .debug_macro   0x00000000      0xecf ./source/Lector.o
 .debug_macro   0x00000000       0x48 ./source/Lector.o
 .debug_macro   0x00000000     0xe07b ./source/Lector.o
 .debug_macro   0x00000000     0x122b ./source/Lector.o
 .debug_macro   0x00000000       0x16 ./source/Lector.o
 .debug_macro   0x00000000       0x3a ./source/Lector.o
 .debug_macro   0x00000000       0xa6 ./source/Lector.o
 .group         0x00000000        0xc ./source/SysTick.o
 .group         0x00000000        0xc ./source/SysTick.o
 .group         0x00000000        0xc ./source/SysTick.o
 .group         0x00000000        0xc ./source/SysTick.o
 .group         0x00000000        0xc ./source/SysTick.o
 .group         0x00000000        0xc ./source/SysTick.o
 .group         0x00000000        0xc ./source/SysTick.o
 .group         0x00000000        0xc ./source/SysTick.o
 .group         0x00000000        0xc ./source/SysTick.o
 .group         0x00000000        0xc ./source/SysTick.o
 .group         0x00000000        0xc ./source/SysTick.o
 .group         0x00000000        0xc ./source/SysTick.o
 .group         0x00000000        0xc ./source/SysTick.o
 .text          0x00000000        0x0 ./source/SysTick.o
 .data          0x00000000        0x0 ./source/SysTick.o
 .bss           0x00000000        0x0 ./source/SysTick.o
 .debug_macro   0x00000000      0xa5a ./source/SysTick.o
 .debug_macro   0x00000000       0x22 ./source/SysTick.o
 .debug_macro   0x00000000      0x34e ./source/SysTick.o
 .debug_macro   0x00000000       0x10 ./source/SysTick.o
 .debug_macro   0x00000000       0x5c ./source/SysTick.o
 .debug_macro   0x00000000       0x1c ./source/SysTick.o
 .debug_macro   0x00000000       0x22 ./source/SysTick.o
 .debug_macro   0x00000000       0xdf ./source/SysTick.o
 .debug_macro   0x00000000      0xecf ./source/SysTick.o
 .debug_macro   0x00000000       0x48 ./source/SysTick.o
 .debug_macro   0x00000000     0xe07b ./source/SysTick.o
 .debug_macro   0x00000000     0x122b ./source/SysTick.o
 .debug_macro   0x00000000       0x16 ./source/SysTick.o
 .group         0x00000000        0xc ./source/Users.o
 .group         0x00000000        0xc ./source/Users.o
 .group         0x00000000        0xc ./source/Users.o
 .group         0x00000000        0xc ./source/Users.o
 .group         0x00000000        0xc ./source/Users.o
 .group         0x00000000        0xc ./source/Users.o
 .group         0x00000000        0xc ./source/Users.o
 .group         0x00000000        0xc ./source/Users.o
 .group         0x00000000        0xc ./source/Users.o
 .group         0x00000000        0xc ./source/Users.o
 .group         0x00000000        0xc ./source/Users.o
 .group         0x00000000        0xc ./source/Users.o
 .group         0x00000000        0xc ./source/Users.o
 .group         0x00000000        0xc ./source/Users.o
 .group         0x00000000        0xc ./source/Users.o
 .group         0x00000000        0xc ./source/Users.o
 .group         0x00000000        0xc ./source/Users.o
 .group         0x00000000        0xc ./source/Users.o
 .group         0x00000000        0xc ./source/Users.o
 .group         0x00000000        0xc ./source/Users.o
 .text          0x00000000        0x0 ./source/Users.o
 .data          0x00000000        0x0 ./source/Users.o
 .bss           0x00000000        0x0 ./source/Users.o
 .text.unblockUser
                0x00000000       0x40 ./source/Users.o
 .text.addUser  0x00000000       0x98 ./source/Users.o
 .text.changePin
                0x00000000       0x48 ./source/Users.o
 .text.blockUser
                0x00000000       0x40 ./source/Users.o
 .debug_macro   0x00000000      0xa5a ./source/Users.o
 .debug_macro   0x00000000      0x34e ./source/Users.o
 .debug_macro   0x00000000       0x22 ./source/Users.o
 .debug_macro   0x00000000       0x22 ./source/Users.o
 .debug_macro   0x00000000       0x52 ./source/Users.o
 .debug_macro   0x00000000       0x17 ./source/Users.o
 .debug_macro   0x00000000       0x8d ./source/Users.o
 .debug_macro   0x00000000       0x35 ./source/Users.o
 .debug_macro   0x00000000       0x9c ./source/Users.o
 .debug_macro   0x00000000      0x174 ./source/Users.o
 .debug_macro   0x00000000       0x57 ./source/Users.o
 .debug_macro   0x00000000       0x58 ./source/Users.o
 .debug_macro   0x00000000       0x1f ./source/Users.o
 .debug_macro   0x00000000       0x43 ./source/Users.o
 .debug_macro   0x00000000       0x20 ./source/Users.o
 .debug_macro   0x00000000      0x18e ./source/Users.o
 .debug_macro   0x00000000      0x330 ./source/Users.o
 .group         0x00000000        0xc ./source/gpio.o
 .group         0x00000000        0xc ./source/gpio.o
 .group         0x00000000        0xc ./source/gpio.o
 .group         0x00000000        0xc ./source/gpio.o
 .group         0x00000000        0xc ./source/gpio.o
 .group         0x00000000        0xc ./source/gpio.o
 .group         0x00000000        0xc ./source/gpio.o
 .group         0x00000000        0xc ./source/gpio.o
 .group         0x00000000        0xc ./source/gpio.o
 .group         0x00000000        0xc ./source/gpio.o
 .group         0x00000000        0xc ./source/gpio.o
 .group         0x00000000        0xc ./source/gpio.o
 .group         0x00000000        0xc ./source/gpio.o
 .group         0x00000000        0xc ./source/gpio.o
 .text          0x00000000        0x0 ./source/gpio.o
 .data          0x00000000        0x0 ./source/gpio.o
 .bss           0x00000000        0x0 ./source/gpio.o
 .text.gpioToggle
                0x00000000       0x7c ./source/gpio.o
 .debug_macro   0x00000000      0xa5a ./source/gpio.o
 .debug_macro   0x00000000      0x34e ./source/gpio.o
 .debug_macro   0x00000000       0x22 ./source/gpio.o
 .debug_macro   0x00000000       0x10 ./source/gpio.o
 .debug_macro   0x00000000       0x5c ./source/gpio.o
 .debug_macro   0x00000000       0x1c ./source/gpio.o
 .debug_macro   0x00000000       0x22 ./source/gpio.o
 .debug_macro   0x00000000       0xdf ./source/gpio.o
 .debug_macro   0x00000000      0xecf ./source/gpio.o
 .debug_macro   0x00000000       0x48 ./source/gpio.o
 .debug_macro   0x00000000     0xe07b ./source/gpio.o
 .debug_macro   0x00000000     0x122b ./source/gpio.o
 .debug_macro   0x00000000       0x16 ./source/gpio.o
 .debug_macro   0x00000000       0x3a ./source/gpio.o
 .group         0x00000000        0xc ./source/timer.o
 .group         0x00000000        0xc ./source/timer.o
 .group         0x00000000        0xc ./source/timer.o
 .group         0x00000000        0xc ./source/timer.o
 .group         0x00000000        0xc ./source/timer.o
 .group         0x00000000        0xc ./source/timer.o
 .group         0x00000000        0xc ./source/timer.o
 .group         0x00000000        0xc ./source/timer.o
 .group         0x00000000        0xc ./source/timer.o
 .group         0x00000000        0xc ./source/timer.o
 .group         0x00000000        0xc ./source/timer.o
 .group         0x00000000        0xc ./source/timer.o
 .group         0x00000000        0xc ./source/timer.o
 .group         0x00000000        0xc ./source/timer.o
 .group         0x00000000        0xc ./source/timer.o
 .group         0x00000000        0xc ./source/timer.o
 .group         0x00000000        0xc ./source/timer.o
 .group         0x00000000        0xc ./source/timer.o
 .group         0x00000000        0xc ./source/timer.o
 .group         0x00000000        0xc ./source/timer.o
 .group         0x00000000        0xc ./source/timer.o
 .group         0x00000000        0xc ./source/timer.o
 .group         0x00000000        0xc ./source/timer.o
 .group         0x00000000        0xc ./source/timer.o
 .group         0x00000000        0xc ./source/timer.o
 .group         0x00000000        0xc ./source/timer.o
 .group         0x00000000        0xc ./source/timer.o
 .group         0x00000000        0xc ./source/timer.o
 .group         0x00000000        0xc ./source/timer.o
 .group         0x00000000        0xc ./source/timer.o
 .group         0x00000000        0xc ./source/timer.o
 .group         0x00000000        0xc ./source/timer.o
 .group         0x00000000        0xc ./source/timer.o
 .group         0x00000000        0xc ./source/timer.o
 .group         0x00000000        0xc ./source/timer.o
 .text          0x00000000        0x0 ./source/timer.o
 .data          0x00000000        0x0 ./source/timer.o
 .bss           0x00000000        0x0 ./source/timer.o
 .text.timerDelay
                0x00000000       0x30 ./source/timer.o
 .debug_macro   0x00000000      0xa5a ./source/timer.o
 .debug_macro   0x00000000      0x34e ./source/timer.o
 .debug_macro   0x00000000       0x22 ./source/timer.o
 .debug_macro   0x00000000       0x17 ./source/timer.o
 .debug_macro   0x00000000       0x22 ./source/timer.o
 .debug_macro   0x00000000       0x52 ./source/timer.o
 .debug_macro   0x00000000       0x8d ./source/timer.o
 .debug_macro   0x00000000       0x35 ./source/timer.o
 .debug_macro   0x00000000       0x9c ./source/timer.o
 .debug_macro   0x00000000       0x16 ./source/timer.o
 .debug_macro   0x00000000      0x10e ./source/timer.o
 .debug_macro   0x00000000       0x8d ./source/timer.o
 .debug_macro   0x00000000       0x57 ./source/timer.o
 .debug_macro   0x00000000       0x58 ./source/timer.o
 .debug_macro   0x00000000       0x1f ./source/timer.o
 .debug_macro   0x00000000       0x43 ./source/timer.o
 .debug_macro   0x00000000       0x20 ./source/timer.o
 .debug_macro   0x00000000      0x18e ./source/timer.o
 .debug_macro   0x00000000      0x330 ./source/timer.o
 .debug_macro   0x00000000       0x16 ./source/timer.o
 .debug_macro   0x00000000       0x29 ./source/timer.o
 .debug_macro   0x00000000       0x1c ./source/timer.o
 .debug_macro   0x00000000       0x10 ./source/timer.o
 .debug_macro   0x00000000       0x5c ./source/timer.o
 .debug_macro   0x00000000       0x1c ./source/timer.o
 .debug_macro   0x00000000       0x22 ./source/timer.o
 .debug_macro   0x00000000       0xd9 ./source/timer.o
 .debug_macro   0x00000000      0xecf ./source/timer.o
 .debug_macro   0x00000000       0x48 ./source/timer.o
 .debug_macro   0x00000000     0xe07b ./source/timer.o
 .debug_macro   0x00000000     0x122b ./source/timer.o
 .debug_macro   0x00000000       0x16 ./source/timer.o
 .debug_macro   0x00000000       0x3a ./source/timer.o
 .debug_macro   0x00000000       0xa6 ./source/timer.o
 .group         0x00000000        0xc ./SDK/startup/hardware.o
 .group         0x00000000        0xc ./SDK/startup/hardware.o
 .group         0x00000000        0xc ./SDK/startup/hardware.o
 .group         0x00000000        0xc ./SDK/startup/hardware.o
 .group         0x00000000        0xc ./SDK/startup/hardware.o
 .group         0x00000000        0xc ./SDK/startup/hardware.o
 .group         0x00000000        0xc ./SDK/startup/hardware.o
 .group         0x00000000        0xc ./SDK/startup/hardware.o
 .group         0x00000000        0xc ./SDK/startup/hardware.o
 .group         0x00000000        0xc ./SDK/startup/hardware.o
 .group         0x00000000        0xc ./SDK/startup/hardware.o
 .group         0x00000000        0xc ./SDK/startup/hardware.o
 .group         0x00000000        0xc ./SDK/startup/hardware.o
 .text          0x00000000        0x0 ./SDK/startup/hardware.o
 .data          0x00000000        0x0 ./SDK/startup/hardware.o
 .bss           0x00000000        0x0 ./SDK/startup/hardware.o
 .debug_macro   0x00000000      0xa5a ./SDK/startup/hardware.o
 .debug_macro   0x00000000      0x34e ./SDK/startup/hardware.o
 .debug_macro   0x00000000       0x22 ./SDK/startup/hardware.o
 .debug_macro   0x00000000       0x10 ./SDK/startup/hardware.o
 .debug_macro   0x00000000       0x5c ./SDK/startup/hardware.o
 .debug_macro   0x00000000       0x1c ./SDK/startup/hardware.o
 .debug_macro   0x00000000       0x22 ./SDK/startup/hardware.o
 .debug_macro   0x00000000       0xdf ./SDK/startup/hardware.o
 .debug_macro   0x00000000      0xecf ./SDK/startup/hardware.o
 .debug_macro   0x00000000       0x48 ./SDK/startup/hardware.o
 .debug_macro   0x00000000     0xe07b ./SDK/startup/hardware.o
 .debug_macro   0x00000000     0x122b ./SDK/startup/hardware.o
 .debug_macro   0x00000000       0x16 ./SDK/startup/hardware.o
 .group         0x00000000        0xc ./SDK/startup/main.o
 .group         0x00000000        0xc ./SDK/startup/main.o
 .group         0x00000000        0xc ./SDK/startup/main.o
 .group         0x00000000        0xc ./SDK/startup/main.o
 .group         0x00000000        0xc ./SDK/startup/main.o
 .group         0x00000000        0xc ./SDK/startup/main.o
 .group         0x00000000        0xc ./SDK/startup/main.o
 .group         0x00000000        0xc ./SDK/startup/main.o
 .group         0x00000000        0xc ./SDK/startup/main.o
 .group         0x00000000        0xc ./SDK/startup/main.o
 .group         0x00000000        0xc ./SDK/startup/main.o
 .group         0x00000000        0xc ./SDK/startup/main.o
 .group         0x00000000        0xc ./SDK/startup/main.o
 .text          0x00000000        0x0 ./SDK/startup/main.o
 .data          0x00000000        0x0 ./SDK/startup/main.o
 .bss           0x00000000        0x0 ./SDK/startup/main.o
 .debug_macro   0x00000000      0xa5a ./SDK/startup/main.o
 .debug_macro   0x00000000      0x34e ./SDK/startup/main.o
 .debug_macro   0x00000000       0x22 ./SDK/startup/main.o
 .debug_macro   0x00000000       0x10 ./SDK/startup/main.o
 .debug_macro   0x00000000       0x5c ./SDK/startup/main.o
 .debug_macro   0x00000000       0x1c ./SDK/startup/main.o
 .debug_macro   0x00000000       0x22 ./SDK/startup/main.o
 .debug_macro   0x00000000       0xdf ./SDK/startup/main.o
 .debug_macro   0x00000000      0xecf ./SDK/startup/main.o
 .debug_macro   0x00000000       0x48 ./SDK/startup/main.o
 .debug_macro   0x00000000     0xe07b ./SDK/startup/main.o
 .debug_macro   0x00000000     0x122b ./SDK/startup/main.o
 .debug_macro   0x00000000       0x16 ./SDK/startup/main.o
 .group         0x00000000        0xc ./SDK/startup/semihost_hardfault.o
 .text          0x00000000        0x0 ./SDK/startup/semihost_hardfault.o
 .data          0x00000000        0x0 ./SDK/startup/semihost_hardfault.o
 .bss           0x00000000        0x0 ./SDK/startup/semihost_hardfault.o
 .debug_macro   0x00000000      0xa5a ./SDK/startup/semihost_hardfault.o
 .group         0x00000000        0xc ./SDK/startup/startup_mk64f12.o
 .text          0x00000000        0x0 ./SDK/startup/startup_mk64f12.o
 .data          0x00000000        0x0 ./SDK/startup/startup_mk64f12.o
 .bss           0x00000000        0x0 ./SDK/startup/startup_mk64f12.o
 .text.PORTA_IRQHandler
                0x00000000        0x8 ./SDK/startup/startup_mk64f12.o
 .text.PORTC_IRQHandler
                0x00000000        0x8 ./SDK/startup/startup_mk64f12.o
 .text.PORTD_IRQHandler
                0x00000000        0x8 ./SDK/startup/startup_mk64f12.o
 .debug_macro   0x00000000      0xa5a ./SDK/startup/startup_mk64f12.o
 .group         0x00000000        0xc ./SDK/CMSIS/system_MK64F12.o
 .group         0x00000000        0xc ./SDK/CMSIS/system_MK64F12.o
 .group         0x00000000        0xc ./SDK/CMSIS/system_MK64F12.o
 .group         0x00000000        0xc ./SDK/CMSIS/system_MK64F12.o
 .group         0x00000000        0xc ./SDK/CMSIS/system_MK64F12.o
 .group         0x00000000        0xc ./SDK/CMSIS/system_MK64F12.o
 .group         0x00000000        0xc ./SDK/CMSIS/system_MK64F12.o
 .group         0x00000000        0xc ./SDK/CMSIS/system_MK64F12.o
 .group         0x00000000        0xc ./SDK/CMSIS/system_MK64F12.o
 .group         0x00000000        0xc ./SDK/CMSIS/system_MK64F12.o
 .group         0x00000000        0xc ./SDK/CMSIS/system_MK64F12.o
 .text          0x00000000        0x0 ./SDK/CMSIS/system_MK64F12.o
 .data          0x00000000        0x0 ./SDK/CMSIS/system_MK64F12.o
 .bss           0x00000000        0x0 ./SDK/CMSIS/system_MK64F12.o
 .data.SystemCoreClock
                0x00000000        0x4 ./SDK/CMSIS/system_MK64F12.o
 .text.SystemCoreClockUpdate
                0x00000000      0x278 ./SDK/CMSIS/system_MK64F12.o
 .debug_macro   0x00000000      0xa5a ./SDK/CMSIS/system_MK64F12.o
 .debug_macro   0x00000000      0x34e ./SDK/CMSIS/system_MK64F12.o
 .debug_macro   0x00000000       0x10 ./SDK/CMSIS/system_MK64F12.o
 .debug_macro   0x00000000       0x5c ./SDK/CMSIS/system_MK64F12.o
 .debug_macro   0x00000000       0x1c ./SDK/CMSIS/system_MK64F12.o
 .debug_macro   0x00000000       0x22 ./SDK/CMSIS/system_MK64F12.o
 .debug_macro   0x00000000       0xdf ./SDK/CMSIS/system_MK64F12.o
 .debug_macro   0x00000000      0xecf ./SDK/CMSIS/system_MK64F12.o
 .debug_macro   0x00000000       0x48 ./SDK/CMSIS/system_MK64F12.o
 .debug_macro   0x00000000     0xe07b ./SDK/CMSIS/system_MK64F12.o
 .debug_macro   0x00000000     0x122b ./SDK/CMSIS/system_MK64F12.o
 .text          0x00000000        0x0 c:/nxp/mcuxpressoide_10.2.0_759/ide/tools/bin/../lib/gcc/arm-none-eabi/7.2.1/../../../../arm-none-eabi/lib/thumb/v7e-m/fpv4-sp/hard\libcr_c.a(memcpy.o)
 .data          0x00000000        0x0 c:/nxp/mcuxpressoide_10.2.0_759/ide/tools/bin/../lib/gcc/arm-none-eabi/7.2.1/../../../../arm-none-eabi/lib/thumb/v7e-m/fpv4-sp/hard\libcr_c.a(memcpy.o)
 .bss           0x00000000        0x0 c:/nxp/mcuxpressoide_10.2.0_759/ide/tools/bin/../lib/gcc/arm-none-eabi/7.2.1/../../../../arm-none-eabi/lib/thumb/v7e-m/fpv4-sp/hard\libcr_c.a(memcpy.o)
 .text          0x00000000        0x0 c:/nxp/mcuxpressoide_10.2.0_759/ide/tools/bin/../lib/gcc/arm-none-eabi/7.2.1/../../../../arm-none-eabi/lib/thumb/v7e-m/fpv4-sp/hard\libcr_c.a(memcmp.o)
 .data          0x00000000        0x0 c:/nxp/mcuxpressoide_10.2.0_759/ide/tools/bin/../lib/gcc/arm-none-eabi/7.2.1/../../../../arm-none-eabi/lib/thumb/v7e-m/fpv4-sp/hard\libcr_c.a(memcmp.o)
 .bss           0x00000000        0x0 c:/nxp/mcuxpressoide_10.2.0_759/ide/tools/bin/../lib/gcc/arm-none-eabi/7.2.1/../../../../arm-none-eabi/lib/thumb/v7e-m/fpv4-sp/hard\libcr_c.a(memcmp.o)
 .text          0x00000000        0x0 c:/nxp/mcuxpressoide_10.2.0_759/ide/tools/bin/../lib/gcc/arm-none-eabi/7.2.1/thumb/v7e-m/fpv4-sp/hard\libcr_eabihelpers.a(memcpy.o)
 .data          0x00000000        0x0 c:/nxp/mcuxpressoide_10.2.0_759/ide/tools/bin/../lib/gcc/arm-none-eabi/7.2.1/thumb/v7e-m/fpv4-sp/hard\libcr_eabihelpers.a(memcpy.o)
 .bss           0x00000000        0x0 c:/nxp/mcuxpressoide_10.2.0_759/ide/tools/bin/../lib/gcc/arm-none-eabi/7.2.1/thumb/v7e-m/fpv4-sp/hard\libcr_eabihelpers.a(memcpy.o)
 .text.__aeabi_memmove
                0x00000000       0x1c c:/nxp/mcuxpressoide_10.2.0_759/ide/tools/bin/../lib/gcc/arm-none-eabi/7.2.1/thumb/v7e-m/fpv4-sp/hard\libcr_eabihelpers.a(memcpy.o)
 .text.__aeabi_memset_lowlevel
                0x00000000       0x32 c:/nxp/mcuxpressoide_10.2.0_759/ide/tools/bin/../lib/gcc/arm-none-eabi/7.2.1/thumb/v7e-m/fpv4-sp/hard\libcr_eabihelpers.a(memcpy.o)
 .text.__aeabi_memclr
                0x00000000        0x8 c:/nxp/mcuxpressoide_10.2.0_759/ide/tools/bin/../lib/gcc/arm-none-eabi/7.2.1/thumb/v7e-m/fpv4-sp/hard\libcr_eabihelpers.a(memcpy.o)
 .text.__aeabi_memset
                0x00000000        0xa c:/nxp/mcuxpressoide_10.2.0_759/ide/tools/bin/../lib/gcc/arm-none-eabi/7.2.1/thumb/v7e-m/fpv4-sp/hard\libcr_eabihelpers.a(memcpy.o)

Memory Configuration

Name             Origin             Length             Attributes
PROGRAM_FLASH    0x00000000         0x00100000         xr
SRAM_UPPER       0x20000000         0x00030000         xrw
SRAM_LOWER       0x1fff0000         0x00010000         xrw
FLEX_RAM         0x14000000         0x00001000         xrw
*default*        0x00000000         0xffffffff

Linker script and memory map

LOAD ./source/App.o
LOAD ./source/DisplayBoard.o
LOAD ./source/Encoder.o
LOAD ./source/InternalControl.o
LOAD ./source/Lector.o
LOAD ./source/SysTick.o
LOAD ./source/Users.o
LOAD ./source/gpio.o
LOAD ./source/timer.o
LOAD ./SDK/startup/hardware.o
LOAD ./SDK/startup/main.o
LOAD ./SDK/startup/semihost_hardfault.o
LOAD ./SDK/startup/startup_mk64f12.o
LOAD ./SDK/CMSIS/system_MK64F12.o
START GROUP
LOAD c:/nxp/mcuxpressoide_10.2.0_759/ide/tools/bin/../lib/gcc/arm-none-eabi/7.2.1/../../../../arm-none-eabi/lib/thumb/v7e-m/fpv4-sp/hard\libcr_c.a
LOAD c:/nxp/mcuxpressoide_10.2.0_759/ide/tools/bin/../lib/gcc/arm-none-eabi/7.2.1/thumb/v7e-m/fpv4-sp/hard\libcr_eabihelpers.a
END GROUP
                0x00000000                __base_PROGRAM_FLASH = 0x0
                0x00000000                __base_Flash = 0x0
                0x00100000                __top_PROGRAM_FLASH = 0x100000
                0x00100000                __top_Flash = 0x100000
                0x20000000                __base_SRAM_UPPER = 0x20000000
                0x20000000                __base_RAM = 0x20000000
                0x20030000                __top_SRAM_UPPER = 0x20030000
                0x20030000                __top_RAM = 0x20030000
                0x1fff0000                __base_SRAM_LOWER = 0x1fff0000
                0x1fff0000                __base_RAM2 = 0x1fff0000
                0x20000000                __top_SRAM_LOWER = 0x20000000
                0x20000000                __top_RAM2 = 0x20000000
                0x14000000                __base_FLEX_RAM = 0x14000000
                0x14000000                __base_RAM3 = 0x14000000
                0x14001000                __top_FLEX_RAM = 0x14001000
                0x14001000                __top_RAM3 = 0x14001000

.text           0x00000000     0x3268
 FILL mask 0xff
                0x00000000                __vectors_start__ = ABSOLUTE (.)
 *(SORT_BY_ALIGNMENT(.isr_vector))
 .isr_vector    0x00000000      0x198 ./SDK/startup/startup_mk64f12.o
                0x00000000                g_pfnVectors
                0x00000000                __Vectors
                0x00000198                . = ALIGN (0x4)
                0x00000198                __section_table_start = .
                0x00000198                __data_section_table = .
                0x00000198        0x4 LONG 0x3268 LOADADDR (.data)
                0x0000019c        0x4 LONG 0x20000000 ADDR (.data)
                0x000001a0        0x4 LONG 0x3c8 SIZEOF (.data)
                0x000001a4        0x4 LONG 0x3268 LOADADDR (.data_RAM2)
                0x000001a8        0x4 LONG 0x1fff0000 ADDR (.data_RAM2)
                0x000001ac        0x4 LONG 0x0 SIZEOF (.data_RAM2)
                0x000001b0        0x4 LONG 0x3268 LOADADDR (.data_RAM3)
                0x000001b4        0x4 LONG 0x14000000 ADDR (.data_RAM3)
                0x000001b8        0x4 LONG 0x0 SIZEOF (.data_RAM3)
                0x000001bc                __data_section_table_end = .
                0x000001bc                __bss_section_table = .
                0x000001bc        0x4 LONG 0x200003c8 ADDR (.bss)
                0x000001c0        0x4 LONG 0x680 SIZEOF (.bss)
                0x000001c4        0x4 LONG 0x1fff0000 ADDR (.bss_RAM2)
                0x000001c8        0x4 LONG 0x0 SIZEOF (.bss_RAM2)
                0x000001cc        0x4 LONG 0x14000000 ADDR (.bss_RAM3)
                0x000001d0        0x4 LONG 0x0 SIZEOF (.bss_RAM3)
                0x000001d4                __bss_section_table_end = .
                0x000001d4                __section_table_end = .
 *(SORT_BY_ALIGNMENT(.after_vectors*))
 .after_vectors.reset
                0x000001d4       0x4c ./SDK/startup/startup_mk64f12.o
                0x000001d4                ResetISR
 .after_vectors.init_data
                0x00000220       0x1e ./SDK/startup/startup_mk64f12.o
                0x00000220                data_init
 .after_vectors.init_bss
                0x0000023e       0x12 ./SDK/startup/startup_mk64f12.o
                0x0000023e                bss_init
 .after_vectors
                0x00000250       0x14 ./SDK/startup/startup_mk64f12.o
                0x00000250                NMI_Handler
                0x00000254                MemManage_Handler
                0x00000256                BusFault_Handler
                0x00000258                UsageFault_Handler
                0x0000025a                SVC_Handler
                0x0000025c                DebugMon_Handler
                0x0000025e                PendSV_Handler
                0x00000262                DMA_Error_DriverIRQHandler
                0x00000262                LPTMR0_DriverIRQHandler
                0x00000262                FTM1_DriverIRQHandler
                0x00000262                FTM2_DriverIRQHandler
                0x00000262                PIT2_DriverIRQHandler
                0x00000262                SDHC_DriverIRQHandler
                0x00000262                I2S0_Tx_DriverIRQHandler
                0x00000262                RTC_Seconds_DriverIRQHandler
                0x00000262                DMA6_DriverIRQHandler
                0x00000262                LLWU_DriverIRQHandler
                0x00000262                MCM_DriverIRQHandler
                0x00000262                MCG_DriverIRQHandler
                0x00000262                ENET_1588_Timer_DriverIRQHandler
                0x00000262                I2C2_DriverIRQHandler
                0x00000262                DAC1_DriverIRQHandler
                0x00000262                SPI1_DriverIRQHandler
                0x00000262                CMP1_DriverIRQHandler
                0x00000262                UART5_RX_TX_DriverIRQHandler
                0x00000262                FTM0_DriverIRQHandler
                0x00000262                IntDefaultHandler
                0x00000262                USB0_DriverIRQHandler
                0x00000262                UART5_ERR_DriverIRQHandler
                0x00000262                PORTC_DriverIRQHandler
                0x00000262                DMA11_DriverIRQHandler
                0x00000262                DAC0_DriverIRQHandler
                0x00000262                DMA10_DriverIRQHandler
                0x00000262                CMP2_DriverIRQHandler
                0x00000262                UART2_ERR_DriverIRQHandler
                0x00000262                SPI2_DriverIRQHandler
                0x00000262                LVD_LVW_DriverIRQHandler
                0x00000262                PIT0_DriverIRQHandler
                0x00000262                RNG_DriverIRQHandler
                0x00000262                DMA5_DriverIRQHandler
                0x00000262                DMA12_DriverIRQHandler
                0x00000262                UART2_RX_TX_DriverIRQHandler
                0x00000262                USBDCD_DriverIRQHandler
                0x00000262                UART3_ERR_DriverIRQHandler
                0x00000262                DMA3_DriverIRQHandler
                0x00000262                DMA8_DriverIRQHandler
                0x00000262                DMA9_DriverIRQHandler
                0x00000262                UART0_ERR_DriverIRQHandler
                0x00000262                CMT_DriverIRQHandler
                0x00000262                Reserved71_DriverIRQHandler
                0x00000262                ADC1_DriverIRQHandler
                0x00000262                PORTA_DriverIRQHandler
                0x00000262                DMA14_DriverIRQHandler
                0x00000262                PIT3_DriverIRQHandler
                0x00000262                PIT1_DriverIRQHandler
                0x00000262                WDOG_EWM_DriverIRQHandler
                0x00000262                PDB0_DriverIRQHandler
                0x00000262                RTC_DriverIRQHandler
                0x00000262                I2S0_Rx_DriverIRQHandler
                0x00000262                Read_Collision_DriverIRQHandler
                0x00000262                SWI_DriverIRQHandler
                0x00000262                UART4_RX_TX_DriverIRQHandler
                0x00000262                UART4_ERR_DriverIRQHandler
                0x00000262                PORTB_DriverIRQHandler
                0x00000262                UART0_LON_DriverIRQHandler
                0x00000262                DMA0_DriverIRQHandler
                0x00000262                DMA1_DriverIRQHandler
                0x00000262                I2C1_DriverIRQHandler
                0x00000262                UART3_RX_TX_DriverIRQHandler
                0x00000262                ENET_Receive_DriverIRQHandler
                0x00000262                DMA13_DriverIRQHandler
                0x00000262                ENET_Error_DriverIRQHandler
                0x00000262                DMA15_DriverIRQHandler
                0x00000262                UART0_RX_TX_DriverIRQHandler
                0x00000262                SPI0_DriverIRQHandler
                0x00000262                ADC0_DriverIRQHandler
                0x00000262                CMP0_DriverIRQHandler
                0x00000262                CAN0_DriverIRQHandler
                0x00000262                FTM3_DriverIRQHandler
                0x00000262                DMA4_DriverIRQHandler
                0x00000262                UART1_ERR_DriverIRQHandler
                0x00000262                DMA2_DriverIRQHandler
                0x00000262                ENET_Transmit_DriverIRQHandler
                0x00000262                PORTD_DriverIRQHandler
                0x00000262                PORTE_DriverIRQHandler
                0x00000262                FTFE_DriverIRQHandler
                0x00000262                I2C0_DriverIRQHandler
                0x00000262                DMA7_DriverIRQHandler
                0x00000262                UART1_RX_TX_DriverIRQHandler
                0x00000400                . = 0x400
 *fill*         0x00000264      0x19c ff
                0x00000400                PROVIDE (__FLASH_CONFIG_START__, .)
 *(SORT_BY_ALIGNMENT(.FlashConfig))
 .FlashConfig   0x00000400       0x10 ./SDK/startup/startup_mk64f12.o
                0x00000400                Flash_Config
                0x00000410                PROVIDE (__FLASH_CONFIG_END__, .)
                0x00000001                ASSERT (! ((__FLASH_CONFIG_START__ == __FLASH_CONFIG_END__)), Linker Flash Config Support Enabled, but no .FlashConfig section provided within application)
 *(SORT_BY_ALIGNMENT(.text*))
 .text.clearUserInfo
                0x00000410       0x9c ./source/App.o
                0x00000410                clearUserInfo
 .text.update_hidePIN
                0x000004ac       0x7c ./source/App.o
                0x000004ac                update_hidePIN
 .text.modifyNumberCode
                0x00000528      0x15c ./source/App.o
                0x00000528                modifyNumberCode
 .text.displayHandler
                0x00000684       0xd0 ./source/App.o
                0x00000684                displayHandler
 .text.encoderHandler
                0x00000754       0x48 ./source/App.o
                0x00000754                encoderHandler
 .text.internarHandler
                0x0000079c       0x88 ./source/App.o
                0x0000079c                internarHandler
 .text.closeDoor
                0x00000824       0x20 ./source/App.o
                0x00000824                closeDoor
 .text.accessDenied
                0x00000844       0x20 ./source/App.o
                0x00000844                accessDenied
 .text.App_Init
                0x00000864       0x88 ./source/App.o
                0x00000864                App_Init
 .text.App_Run  0x000008ec       0x84 ./source/App.o
                0x000008ec                App_Run
 .text.DispBoard_Init
                0x00000970       0xa4 ./source/DisplayBoard.o
                0x00000970                DispBoard_Init
 .text.Disp7Seg_Select
                0x00000a14       0xb8 ./source/DisplayBoard.o
                0x00000a14                Disp7Seg_Select
 .text.Status_Write
                0x00000acc       0x80 ./source/DisplayBoard.o
                0x00000acc                Status_Write
 .text.DispShowMsj
                0x00000b4c      0x258 ./source/DisplayBoard.o
                0x00000b4c                DispShowMsj
 .text.DispShiftMsj
                0x00000da4       0x64 ./source/DisplayBoard.o
                0x00000da4                DispShiftMsj
 .text.DispClear
                0x00000e08       0x54 ./source/DisplayBoard.o
                0x00000e08                DispClear
 .text.DispGetCursor
                0x00000e5c       0x18 ./source/DisplayBoard.o
                0x00000e5c                DispGetCursor
 .text.DispModType
                0x00000e74       0x18 ./source/DisplayBoard.o
                0x00000e74                DispModType
 .text.DispChangeBright
                0x00000e8c       0x6c ./source/DisplayBoard.o
                0x00000e8c                DispChangeBright
 .text.Disp7Seg_Write
                0x00000ef8      0xce4 ./source/DisplayBoard.o
                0x00000ef8                Disp7Seg_Write
 .text.encoderInit
                0x00001bdc       0x78 ./source/Encoder.o
                0x00001bdc                encoderInit
 .text.encoderCH_Handler
                0x00001c54       0x2c ./source/Encoder.o
                0x00001c54                encoderCH_Handler
 .text.enconderSwitch_Handler
                0x00001c80       0x28 ./source/Encoder.o
                0x00001c80                enconderSwitch_Handler
 .text.encoderMotionGetEvent
                0x00001ca8       0x4c ./source/Encoder.o
                0x00001ca8                encoderMotionGetEvent
 .text.EncSetFlag
                0x00001cf4       0x20 ./source/Encoder.o
                0x00001cf4                EncSetFlag
 .text.EncGetFlag
                0x00001d14       0x18 ./source/Encoder.o
                0x00001d14                EncGetFlag
 .text.__NVIC_EnableIRQ
                0x00001d2c       0x3c ./source/InternalControl.o
 .text.internalControlInit
                0x00001d68       0x94 ./source/InternalControl.o
                0x00001d68                internalControlInit
 .text.isr_swOK
                0x00001dfc       0x18 ./source/InternalControl.o
                0x00001dfc                isr_swOK
 .text.isr_swCANCEL
                0x00001e14       0x18 ./source/InternalControl.o
                0x00001e14                isr_swCANCEL
 .text.PortGetOK_Status
                0x00001e2c       0x18 ./source/InternalControl.o
                0x00001e2c                PortGetOK_Status
 .text.PortClearOK_Status
                0x00001e44       0x18 ./source/InternalControl.o
                0x00001e44                PortClearOK_Status
 .text.PortGetCANCEL_Status
                0x00001e5c       0x18 ./source/InternalControl.o
                0x00001e5c                PortGetCANCEL_Status
 .text.PortClearCANCEL_Status
                0x00001e74       0x18 ./source/InternalControl.o
                0x00001e74                PortClearCANCEL_Status
 .text.readSwitchInterface
                0x00001e8c       0x48 ./source/InternalControl.o
                0x00001e8c                readSwitchInterface
 .text.internalControlGetEvent
                0x00001ed4       0x38 ./source/InternalControl.o
                0x00001ed4                internalControlGetEvent
 .text.__NVIC_EnableIRQ
                0x00001f0c       0x3c ./source/Lector.o
 .text.isr_enable
                0x00001f48       0x34 ./source/Lector.o
 .text.lector_get_PAN
                0x00001f7c       0x78 ./source/Lector.o
                0x00001f7c                lector_get_PAN
 .text.clear_PAN
                0x00001ff4       0x34 ./source/Lector.o
 .text.lectorInit
                0x00002028       0x54 ./source/Lector.o
                0x00002028                lectorInit
 .text.Check_LRC
                0x0000207c       0x74 ./source/Lector.o
 .text.get_Data
                0x000020f0      0x10c ./source/Lector.o
 .text.set_Enable
                0x000021fc       0x68 ./source/Lector.o
 .text.get_Enable
                0x00002264       0x18 ./source/Lector.o
                0x00002264                get_Enable
 .text.clear_Chk
                0x0000227c       0x18 ./source/Lector.o
                0x0000227c                clear_Chk
 .text.__NVIC_EnableIRQ
                0x00002294       0x3c ./source/SysTick.o
 .text.SysTick_Init
                0x000022d0       0x4c ./source/SysTick.o
                0x000022d0                SysTick_Init
 .text.SysTick_Handler
                0x0000231c       0x24 ./source/SysTick.o
                0x0000231c                SysTick_Handler
 .text.initUser
                0x00002340       0x5c ./source/Users.o
                0x00002340                initUser
 .text.validateID
                0x0000239c       0x70 ./source/Users.o
                0x0000239c                validateID
 .text.validatePIN
                0x0000240c       0x3c ./source/Users.o
                0x0000240c                validatePIN
 .text.validateUser
                0x00002448       0x94 ./source/Users.o
                0x00002448                validateUser
 .text.PORTD_IRQHandler
                0x000024dc       0x64 ./source/gpio.o
                0x000024dc                PORTD_IRQHandler
 .text.PORTA_IRQHandler
                0x00002540       0x5c ./source/gpio.o
                0x00002540                PORTA_IRQHandler
 .text.PORTC_IRQHandler
                0x0000259c       0x64 ./source/gpio.o
                0x0000259c                PORTC_IRQHandler
 .text.gpioMode
                0x00002600      0x174 ./source/gpio.o
                0x00002600                gpioMode
 .text.gpioWrite
                0x00002774       0x6c ./source/gpio.o
                0x00002774                gpioWrite
 .text.gpioRead
                0x000027e0       0x5c ./source/gpio.o
                0x000027e0                gpioRead
 .text.gpioIRQ  0x0000283c       0x94 ./source/gpio.o
                0x0000283c                gpioIRQ
 .text.PORT_ClearInterruptFlag
                0x000028d0       0x48 ./source/gpio.o
                0x000028d0                PORT_ClearInterruptFlag
 .text.timerInit
                0x00002918       0x28 ./source/timer.o
                0x00002918                timerInit
 .text.timerGetId
                0x00002940       0x2c ./source/timer.o
                0x00002940                timerGetId
 .text.timerStart
                0x0000296c       0xa4 ./source/timer.o
                0x0000296c                timerStart
 .text.timerStop
                0x00002a10       0x30 ./source/timer.o
                0x00002a10                timerStop
 .text.timerExpired
                0x00002a40       0x44 ./source/timer.o
                0x00002a40                timerExpired
 .text.timer_isr
                0x00002a84       0xdc ./source/timer.o
 .text.hw_Init  0x00002b60      0x10c ./SDK/startup/hardware.o
                0x00002b60                hw_Init
 .text.hw_EnableInterrupts
                0x00002c6c       0x30 ./SDK/startup/hardware.o
                0x00002c6c                hw_EnableInterrupts
 .text.hw_DisableInterrupts
                0x00002c9c       0x20 ./SDK/startup/hardware.o
                0x00002c9c                hw_DisableInterrupts
 .text.SystemInit
                0x00002cbc       0x3c ./SDK/CMSIS/system_MK64F12.o
                0x00002cbc                SystemInit
 .text.encoderReadMotion
                0x00002cf8       0x6e ./source/Encoder.o
                0x00002cf8                encoderReadMotion
 .text.encoderReadSwitch
                0x00002d66       0x20 ./source/Encoder.o
                0x00002d66                encoderReadSwitch
 .text.RGBIndicator
                0x00002d86       0x6e ./source/InternalControl.o
                0x00002d86                RGBIndicator
 .text.isr_clk  0x00002df4       0x16 ./source/Lector.o
 .text.parity   0x00002e0a       0x4e ./source/Lector.o
 .text.main     0x00002e58       0x1a ./SDK/startup/main.o
                0x00002e58                main
 .text.HardFault_Handler
                0x00002e72       0x2c ./SDK/startup/semihost_hardfault.o
                0x00002e72                HardFault_Handler
 .text.DMA0_IRQHandler
                0x00002e9e        0x8 ./SDK/startup/startup_mk64f12.o
                0x00002e9e                DMA0_IRQHandler
 .text.DMA1_IRQHandler
                0x00002ea6        0x8 ./SDK/startup/startup_mk64f12.o
                0x00002ea6                DMA1_IRQHandler
 .text.DMA2_IRQHandler
                0x00002eae        0x8 ./SDK/startup/startup_mk64f12.o
                0x00002eae                DMA2_IRQHandler
 .text.DMA3_IRQHandler
                0x00002eb6        0x8 ./SDK/startup/startup_mk64f12.o
                0x00002eb6                DMA3_IRQHandler
 .text.DMA4_IRQHandler
                0x00002ebe        0x8 ./SDK/startup/startup_mk64f12.o
                0x00002ebe                DMA4_IRQHandler
 .text.DMA5_IRQHandler
                0x00002ec6        0x8 ./SDK/startup/startup_mk64f12.o
                0x00002ec6                DMA5_IRQHandler
 .text.DMA6_IRQHandler
                0x00002ece        0x8 ./SDK/startup/startup_mk64f12.o
                0x00002ece                DMA6_IRQHandler
 .text.DMA7_IRQHandler
                0x00002ed6        0x8 ./SDK/startup/startup_mk64f12.o
                0x00002ed6                DMA7_IRQHandler
 .text.DMA8_IRQHandler
                0x00002ede        0x8 ./SDK/startup/startup_mk64f12.o
                0x00002ede                DMA8_IRQHandler
 .text.DMA9_IRQHandler
                0x00002ee6        0x8 ./SDK/startup/startup_mk64f12.o
                0x00002ee6                DMA9_IRQHandler
 .text.DMA10_IRQHandler
                0x00002eee        0x8 ./SDK/startup/startup_mk64f12.o
                0x00002eee                DMA10_IRQHandler
 .text.DMA11_IRQHandler
                0x00002ef6        0x8 ./SDK/startup/startup_mk64f12.o
                0x00002ef6                DMA11_IRQHandler
 .text.DMA12_IRQHandler
                0x00002efe        0x8 ./SDK/startup/startup_mk64f12.o
                0x00002efe                DMA12_IRQHandler
 .text.DMA13_IRQHandler
                0x00002f06        0x8 ./SDK/startup/startup_mk64f12.o
                0x00002f06                DMA13_IRQHandler
 .text.DMA14_IRQHandler
                0x00002f0e        0x8 ./SDK/startup/startup_mk64f12.o
                0x00002f0e                DMA14_IRQHandler
 .text.DMA15_IRQHandler
                0x00002f16        0x8 ./SDK/startup/startup_mk64f12.o
                0x00002f16                DMA15_IRQHandler
 .text.DMA_Error_IRQHandler
                0x00002f1e        0x8 ./SDK/startup/startup_mk64f12.o
                0x00002f1e                DMA_Error_IRQHandler
 .text.MCM_IRQHandler
                0x00002f26        0x8 ./SDK/startup/startup_mk64f12.o
                0x00002f26                MCM_IRQHandler
 .text.FTFE_IRQHandler
                0x00002f2e        0x8 ./SDK/startup/startup_mk64f12.o
                0x00002f2e                FTFE_IRQHandler
 .text.Read_Collision_IRQHandler
                0x00002f36        0x8 ./SDK/startup/startup_mk64f12.o
                0x00002f36                Read_Collision_IRQHandler
 .text.LVD_LVW_IRQHandler
                0x00002f3e        0x8 ./SDK/startup/startup_mk64f12.o
                0x00002f3e                LVD_LVW_IRQHandler
 .text.LLWU_IRQHandler
                0x00002f46        0x8 ./SDK/startup/startup_mk64f12.o
                0x00002f46                LLWU_IRQHandler
 .text.WDOG_EWM_IRQHandler
                0x00002f4e        0x8 ./SDK/startup/startup_mk64f12.o
                0x00002f4e                WDOG_EWM_IRQHandler
 .text.RNG_IRQHandler
                0x00002f56        0x8 ./SDK/startup/startup_mk64f12.o
                0x00002f56                RNG_IRQHandler
 .text.I2C0_IRQHandler
                0x00002f5e        0x8 ./SDK/startup/startup_mk64f12.o
                0x00002f5e                I2C0_IRQHandler
 .text.I2C1_IRQHandler
                0x00002f66        0x8 ./SDK/startup/startup_mk64f12.o
                0x00002f66                I2C1_IRQHandler
 .text.SPI0_IRQHandler
                0x00002f6e        0x8 ./SDK/startup/startup_mk64f12.o
                0x00002f6e                SPI0_IRQHandler
 .text.SPI1_IRQHandler
                0x00002f76        0x8 ./SDK/startup/startup_mk64f12.o
                0x00002f76                SPI1_IRQHandler
 .text.I2S0_Tx_IRQHandler
                0x00002f7e        0x8 ./SDK/startup/startup_mk64f12.o
                0x00002f7e                I2S0_Tx_IRQHandler
 .text.I2S0_Rx_IRQHandler
                0x00002f86        0x8 ./SDK/startup/startup_mk64f12.o
                0x00002f86                I2S0_Rx_IRQHandler
 .text.UART0_LON_IRQHandler
                0x00002f8e        0x8 ./SDK/startup/startup_mk64f12.o
                0x00002f8e                UART0_LON_IRQHandler
 .text.UART0_RX_TX_IRQHandler
                0x00002f96        0x8 ./SDK/startup/startup_mk64f12.o
                0x00002f96                UART0_RX_TX_IRQHandler
 .text.UART0_ERR_IRQHandler
                0x00002f9e        0x8 ./SDK/startup/startup_mk64f12.o
                0x00002f9e                UART0_ERR_IRQHandler
 .text.UART1_RX_TX_IRQHandler
                0x00002fa6        0x8 ./SDK/startup/startup_mk64f12.o
                0x00002fa6                UART1_RX_TX_IRQHandler
 .text.UART1_ERR_IRQHandler
                0x00002fae        0x8 ./SDK/startup/startup_mk64f12.o
                0x00002fae                UART1_ERR_IRQHandler
 .text.UART2_RX_TX_IRQHandler
                0x00002fb6        0x8 ./SDK/startup/startup_mk64f12.o
                0x00002fb6                UART2_RX_TX_IRQHandler
 .text.UART2_ERR_IRQHandler
                0x00002fbe        0x8 ./SDK/startup/startup_mk64f12.o
                0x00002fbe                UART2_ERR_IRQHandler
 .text.UART3_RX_TX_IRQHandler
                0x00002fc6        0x8 ./SDK/startup/startup_mk64f12.o
                0x00002fc6                UART3_RX_TX_IRQHandler
 .text.UART3_ERR_IRQHandler
                0x00002fce        0x8 ./SDK/startup/startup_mk64f12.o
                0x00002fce                UART3_ERR_IRQHandler
 .text.ADC0_IRQHandler
                0x00002fd6        0x8 ./SDK/startup/startup_mk64f12.o
                0x00002fd6                ADC0_IRQHandler
 .text.CMP0_IRQHandler
                0x00002fde        0x8 ./SDK/startup/startup_mk64f12.o
                0x00002fde                CMP0_IRQHandler
 .text.CMP1_IRQHandler
                0x00002fe6        0x8 ./SDK/startup/startup_mk64f12.o
                0x00002fe6                CMP1_IRQHandler
 .text.FTM0_IRQHandler
                0x00002fee        0x8 ./SDK/startup/startup_mk64f12.o
                0x00002fee                FTM0_IRQHandler
 .text.FTM1_IRQHandler
                0x00002ff6        0x8 ./SDK/startup/startup_mk64f12.o
                0x00002ff6                FTM1_IRQHandler
 .text.FTM2_IRQHandler
                0x00002ffe        0x8 ./SDK/startup/startup_mk64f12.o
                0x00002ffe                FTM2_IRQHandler
 .text.CMT_IRQHandler
                0x00003006        0x8 ./SDK/startup/startup_mk64f12.o
                0x00003006                CMT_IRQHandler
 .text.RTC_IRQHandler
                0x0000300e        0x8 ./SDK/startup/startup_mk64f12.o
                0x0000300e                RTC_IRQHandler
 .text.RTC_Seconds_IRQHandler
                0x00003016        0x8 ./SDK/startup/startup_mk64f12.o
                0x00003016                RTC_Seconds_IRQHandler
 .text.PIT0_IRQHandler
                0x0000301e        0x8 ./SDK/startup/startup_mk64f12.o
                0x0000301e                PIT0_IRQHandler
 .text.PIT1_IRQHandler
                0x00003026        0x8 ./SDK/startup/startup_mk64f12.o
                0x00003026                PIT1_IRQHandler
 .text.PIT2_IRQHandler
                0x0000302e        0x8 ./SDK/startup/startup_mk64f12.o
                0x0000302e                PIT2_IRQHandler
 .text.PIT3_IRQHandler
                0x00003036        0x8 ./SDK/startup/startup_mk64f12.o
                0x00003036                PIT3_IRQHandler
 .text.PDB0_IRQHandler
                0x0000303e        0x8 ./SDK/startup/startup_mk64f12.o
                0x0000303e                PDB0_IRQHandler
 .text.USB0_IRQHandler
                0x00003046        0x8 ./SDK/startup/startup_mk64f12.o
                0x00003046                USB0_IRQHandler
 .text.USBDCD_IRQHandler
                0x0000304e        0x8 ./SDK/startup/startup_mk64f12.o
                0x0000304e                USBDCD_IRQHandler
 .text.Reserved71_IRQHandler
                0x00003056        0x8 ./SDK/startup/startup_mk64f12.o
                0x00003056                Reserved71_IRQHandler
 .text.DAC0_IRQHandler
                0x0000305e        0x8 ./SDK/startup/startup_mk64f12.o
                0x0000305e                DAC0_IRQHandler
 .text.MCG_IRQHandler
                0x00003066        0x8 ./SDK/startup/startup_mk64f12.o
                0x00003066                MCG_IRQHandler
 .text.LPTMR0_IRQHandler
                0x0000306e        0x8 ./SDK/startup/startup_mk64f12.o
                0x0000306e                LPTMR0_IRQHandler
 .text.PORTB_IRQHandler
                0x00003076        0x8 ./SDK/startup/startup_mk64f12.o
                0x00003076                PORTB_IRQHandler
 .text.PORTE_IRQHandler
                0x0000307e        0x8 ./SDK/startup/startup_mk64f12.o
                0x0000307e                PORTE_IRQHandler
 .text.SWI_IRQHandler
                0x00003086        0x8 ./SDK/startup/startup_mk64f12.o
                0x00003086                SWI_IRQHandler
 .text.SPI2_IRQHandler
                0x0000308e        0x8 ./SDK/startup/startup_mk64f12.o
                0x0000308e                SPI2_IRQHandler
 .text.UART4_RX_TX_IRQHandler
                0x00003096        0x8 ./SDK/startup/startup_mk64f12.o
                0x00003096                UART4_RX_TX_IRQHandler
 .text.UART4_ERR_IRQHandler
                0x0000309e        0x8 ./SDK/startup/startup_mk64f12.o
                0x0000309e                UART4_ERR_IRQHandler
 .text.UART5_RX_TX_IRQHandler
                0x000030a6        0x8 ./SDK/startup/startup_mk64f12.o
                0x000030a6                UART5_RX_TX_IRQHandler
 .text.UART5_ERR_IRQHandler
                0x000030ae        0x8 ./SDK/startup/startup_mk64f12.o
                0x000030ae                UART5_ERR_IRQHandler
 .text.CMP2_IRQHandler
                0x000030b6        0x8 ./SDK/startup/startup_mk64f12.o
                0x000030b6                CMP2_IRQHandler
 .text.FTM3_IRQHandler
                0x000030be        0x8 ./SDK/startup/startup_mk64f12.o
                0x000030be                FTM3_IRQHandler
 .text.DAC1_IRQHandler
                0x000030c6        0x8 ./SDK/startup/startup_mk64f12.o
                0x000030c6                DAC1_IRQHandler
 .text.ADC1_IRQHandler
                0x000030ce        0x8 ./SDK/startup/startup_mk64f12.o
                0x000030ce                ADC1_IRQHandler
 .text.I2C2_IRQHandler
                0x000030d6        0x8 ./SDK/startup/startup_mk64f12.o
                0x000030d6                I2C2_IRQHandler
 .text.CAN0_ORed_Message_buffer_IRQHandler
                0x000030de        0x8 ./SDK/startup/startup_mk64f12.o
                0x000030de                CAN0_ORed_Message_buffer_IRQHandler
 .text.CAN0_Bus_Off_IRQHandler
                0x000030e6        0x8 ./SDK/startup/startup_mk64f12.o
                0x000030e6                CAN0_Bus_Off_IRQHandler
 .text.CAN0_Error_IRQHandler
                0x000030ee        0x8 ./SDK/startup/startup_mk64f12.o
                0x000030ee                CAN0_Error_IRQHandler
 .text.CAN0_Tx_Warning_IRQHandler
                0x000030f6        0x8 ./SDK/startup/startup_mk64f12.o
                0x000030f6                CAN0_Tx_Warning_IRQHandler
 .text.CAN0_Rx_Warning_IRQHandler
                0x000030fe        0x8 ./SDK/startup/startup_mk64f12.o
                0x000030fe                CAN0_Rx_Warning_IRQHandler
 .text.CAN0_Wake_Up_IRQHandler
                0x00003106        0x8 ./SDK/startup/startup_mk64f12.o
                0x00003106                CAN0_Wake_Up_IRQHandler
 .text.SDHC_IRQHandler
                0x0000310e        0x8 ./SDK/startup/startup_mk64f12.o
                0x0000310e                SDHC_IRQHandler
 .text.ENET_1588_Timer_IRQHandler
                0x00003116        0x8 ./SDK/startup/startup_mk64f12.o
                0x00003116                ENET_1588_Timer_IRQHandler
 .text.ENET_Transmit_IRQHandler
                0x0000311e        0x8 ./SDK/startup/startup_mk64f12.o
                0x0000311e                ENET_Transmit_IRQHandler
 .text.ENET_Receive_IRQHandler
                0x00003126        0x8 ./SDK/startup/startup_mk64f12.o
                0x00003126                ENET_Receive_IRQHandler
 .text.ENET_Error_IRQHandler
                0x0000312e        0x8 ./SDK/startup/startup_mk64f12.o
                0x0000312e                ENET_Error_IRQHandler
 .text.SystemInitHook
                0x00003136        0xe ./SDK/CMSIS/system_MK64F12.o
                0x00003136                SystemInitHook
 .text.memcpy   0x00003144        0x4 c:/nxp/mcuxpressoide_10.2.0_759/ide/tools/bin/../lib/gcc/arm-none-eabi/7.2.1/../../../../arm-none-eabi/lib/thumb/v7e-m/fpv4-sp/hard\libcr_c.a(memcpy.o)
                0x00003144                memcpy
 .text.memcmp   0x00003148       0x44 c:/nxp/mcuxpressoide_10.2.0_759/ide/tools/bin/../lib/gcc/arm-none-eabi/7.2.1/../../../../arm-none-eabi/lib/thumb/v7e-m/fpv4-sp/hard\libcr_c.a(memcmp.o)
                0x00003148                memcmp
 .text.__aeabi_memcpy
                0x0000318c       0x34 c:/nxp/mcuxpressoide_10.2.0_759/ide/tools/bin/../lib/gcc/arm-none-eabi/7.2.1/thumb/v7e-m/fpv4-sp/hard\libcr_eabihelpers.a(memcpy.o)
                0x0000318c                __aeabi_memcpy
                0x00003196                __aeabi_memcpy8
                0x00003196                __aeabi_memcpy4
 *(SORT_BY_ALIGNMENT(.rodata) SORT_BY_ALIGNMENT(.rodata.*) SORT_BY_ALIGNMENT(.constdata) SORT_BY_ALIGNMENT(.constdata.*))
 .rodata        0x000031c0       0x6c ./source/App.o
 .rodata        0x0000322c       0x38 ./source/Users.o
                0x00003268                . = ALIGN (0x8)
 *fill*         0x00003264        0x4 ff

.glue_7         0x00003268        0x0
 .glue_7        0x00003268        0x0 linker stubs

.glue_7t        0x00003268        0x0
 .glue_7t       0x00003268        0x0 linker stubs

.vfp11_veneer   0x00003268        0x0
 .vfp11_veneer  0x00003268        0x0 linker stubs

.v4_bx          0x00003268        0x0
 .v4_bx         0x00003268        0x0 linker stubs

.iplt           0x00003268        0x0
 .iplt          0x00003268        0x0 ./source/App.o

.rel.dyn        0x00003268        0x0
 .rel.iplt      0x00003268        0x0 ./source/App.o

.ARM.extab
 *(SORT_BY_ALIGNMENT(.ARM.extab*) SORT_BY_ALIGNMENT(.gnu.linkonce.armextab.*))
                0x00003268                __exidx_start = .

.ARM.exidx
 *(SORT_BY_ALIGNMENT(.ARM.exidx*) SORT_BY_ALIGNMENT(.gnu.linkonce.armexidx.*))
                0x00003268                __exidx_end = .
                0x00003268                _etext = .

.m_usb_data
 *(SORT_BY_ALIGNMENT(m_usb_bdt))

.data_RAM2      0x1fff0000        0x0 load address 0x00003268
 FILL mask 0xff
                [!provide]                PROVIDE (__start_data_RAM2, .)
 *(SORT_BY_ALIGNMENT(.ramfunc.$RAM2))
 *(SORT_BY_ALIGNMENT(.ramfunc.$SRAM_LOWER))
 *(SORT_BY_ALIGNMENT(.data.$RAM2*))
 *(SORT_BY_ALIGNMENT(.data.$SRAM_LOWER*))
                0x1fff0000                . = ALIGN (0x8)
                [!provide]                PROVIDE (__end_data_RAM2, .)

.data_RAM3      0x14000000        0x0 load address 0x00003268
 FILL mask 0xff
                [!provide]                PROVIDE (__start_data_RAM3, .)
 *(SORT_BY_ALIGNMENT(.ramfunc.$RAM3))
 *(SORT_BY_ALIGNMENT(.ramfunc.$FLEX_RAM))
 *(SORT_BY_ALIGNMENT(.data.$RAM3*))
 *(SORT_BY_ALIGNMENT(.data.$FLEX_RAM*))
                0x14000000                . = ALIGN (0x8)
                [!provide]                PROVIDE (__end_data_RAM3, .)

.uninit_RESERVED
                0x20000000        0x0
 *(SORT_BY_ALIGNMENT(.bss.$RESERVED*))
                0x20000000                . = ALIGN (0x4)
                0x20000000                _end_uninit_RESERVED = .

.data           0x20000000      0x3c8 load address 0x00003268
 FILL mask 0xff
                0x20000000                _data = .
 *(SORT_BY_ALIGNMENT(vtable))
 *(SORT_BY_ALIGNMENT(.ramfunc*))
 *(SORT_BY_ALIGNMENT(.data*))
 .data.id_txt   0x20000000       0x84 ./source/App.o
 .data.pin_txt  0x20000084       0x84 ./source/App.o
 .data.pin_toDisp
                0x20000108       0x84 ./source/App.o
 .data.bright_txt
                0x2000018c       0x84 ./source/App.o
 .data.checkoutOK_txt
                0x20000210       0x84 ./source/App.o
 .data.checkoutERROR_txt
                0x20000294       0x84 ./source/App.o
 .data.default_id
                0x20000318       0x20 ./source/App.o
 .data.segments
                0x20000338       0x20 ./source/DisplayBoard.o
 .data.disp_selector
                0x20000358        0x8 ./source/DisplayBoard.o
 .data.status_leds
                0x20000360        0x8 ./source/DisplayBoard.o
 .data.disp_vector
                0x20000368       0x10 ./source/DisplayBoard.o
 .data.brightness
                0x20000378        0x4 ./source/DisplayBoard.o
 .data.dsp      0x2000037c        0x4 ./source/DisplayBoard.o
 .data.SysTick_ptr
                0x20000380        0x4 ./source/SysTick.o
 .data.gpioPtrs
                0x20000384       0x14 ./source/gpio.o
 .data.portPtrs
                0x20000398       0x14 ./source/gpio.o
 .data.simMasks
                0x200003ac       0x14 ./source/gpio.o
 .data.sim_ptr  0x200003c0        0x4 ./source/gpio.o
 .data.timers_cant
                0x200003c4        0x1 ./source/timer.o
                0x200003c8                . = ALIGN (0x8)
 *fill*         0x200003c5        0x3 ff
                0x200003c8                _edata = .

.igot.plt       0x200003c8        0x0 load address 0x00003630
 .igot.plt      0x200003c8        0x0 ./source/App.o

.bss_RAM2       0x1fff0000        0x0
                [!provide]                PROVIDE (__start_bss_RAM2, .)
 *(SORT_BY_ALIGNMENT(.bss.$RAM2*))
 *(SORT_BY_ALIGNMENT(.bss.$SRAM_LOWER*))
                0x1fff0000                . = ALIGN ((. != 0x0)?0x8:0x1)
                [!provide]                PROVIDE (__end_bss_RAM2, .)

.bss_RAM3       0x14000000        0x0
                [!provide]                PROVIDE (__start_bss_RAM3, .)
 *(SORT_BY_ALIGNMENT(.bss.$RAM3*))
 *(SORT_BY_ALIGNMENT(.bss.$FLEX_RAM*))
                0x14000000                . = ALIGN ((. != 0x0)?0x8:0x1)
                [!provide]                PROVIDE (__end_bss_RAM3, .)

.bss            0x200003c8      0x680
                0x200003c8                _bss = .
 *(SORT_BY_ALIGNMENT(.bss*))
 .bss.aux_id    0x200003c8        0x4 ./source/App.o
 .bss.fsm       0x200003cc        0x4 ./source/App.o
 .bss.flash_counter
                0x200003d0        0x4 ./source/DisplayBoard.o
 .bss.cursor_flash
                0x200003d4        0x4 ./source/DisplayBoard.o
 .bss.bright_time
                0x200003d8        0x4 ./source/DisplayBoard.o
 .bss.vector_cont
                0x200003dc        0x4 ./source/DisplayBoard.o
 .bss.actual_len
                0x200003e0        0x4 ./source/DisplayBoard.o
 .bss.actual_prefix
                0x200003e4        0x4 ./source/DisplayBoard.o
 .bss.actual_sufix
                0x200003e8        0x4 ./source/DisplayBoard.o
 .bss.pin_pointer
                0x200003ec        0x4 ./source/DisplayBoard.o
 .bss.channel_flag
                0x200003f0        0x4 ./source/Encoder.o
 .bss.motion_event
                0x200003f4        0x4 ./source/Encoder.o
 .bss.callback  0x200003f8        0x4 ./source/Encoder.o
 .bss.internal_sw_event
                0x200003fc        0x4 ./source/InternalControl.o
 .bss.callback  0x20000400        0x4 ./source/InternalControl.o
 .bss.pan       0x20000404       0x4c ./source/Lector.o
 .bss.data      0x20000450       0x28 ./source/Lector.o
 .bss.callbackTick
                0x20000478        0x4 ./source/SysTick.o
 .bss.index_    0x2000047c        0x4 ./source/Users.o
 .bss.users     0x20000480      0x230 ./source/Users.o
 .bss.isr_Matrix
                0x200006b0      0x280 ./source/gpio.o
 .bss.timers    0x20000930      0x100 ./source/timer.o
 .bss.__LDM_interruptDisableCount
                0x20000a30        0x4 ./SDK/startup/hardware.o
 .bss.timerDisp
                0x20000a34        0x1 ./source/App.o
 .bss.timerError
                0x20000a35        0x1 ./source/App.o
 .bss.timerPestillo
                0x20000a36        0x1 ./source/App.o
 .bss.load_menu
                0x20000a37        0x1 ./source/DisplayBoard.o
 .bss.shift_hab
                0x20000a38        0x1 ./source/DisplayBoard.o
 .bss.timerEncCH
                0x20000a39        0x1 ./source/Encoder.o
 .bss.timerEncSwitch
                0x20000a3a        0x1 ./source/Encoder.o
 .bss.OK_sw     0x20000a3b        0x1 ./source/InternalControl.o
 .bss.CANCEL_sw
                0x20000a3c        0x1 ./source/InternalControl.o
 .bss.timerSw   0x20000a3d        0x1 ./source/InternalControl.o
 .bss.Enable    0x20000a3e        0x1 ./source/Lector.o
 .bss.chkEnable
                0x20000a3f        0x1 ./source/Lector.o
 .bss.count     0x20000a40        0x1 ./source/Lector.o
 .bss.bits      0x20000a41        0x1 ./source/Lector.o
 .bss.lrc       0x20000a42        0x1 ./source/Lector.o
 .bss.word      0x20000a43        0x1 ./source/Lector.o
 .bss.end       0x20000a44        0x1 ./source/Lector.o
 .bss.yaInit.7476
                0x20000a45        0x1 ./source/timer.o
 *(SORT_BY_ALIGNMENT(COMMON))
                0x20000a48                . = ALIGN (0x8)
 *fill*         0x20000a46        0x2 
                0x20000a48                _ebss = .
                [!provide]                PROVIDE (end, .)

.noinit_RAM2    0x1fff0000        0x0
 *(SORT_BY_ALIGNMENT(.noinit.$RAM2*))
 *(SORT_BY_ALIGNMENT(.noinit.$SRAM_LOWER*))
                0x1fff0000                . = ALIGN (0x8)

.noinit_RAM3    0x14000000        0x0
 *(SORT_BY_ALIGNMENT(.noinit.$RAM3*))
 *(SORT_BY_ALIGNMENT(.noinit.$FLEX_RAM*))
                0x14000000                . = ALIGN (0x8)

.noinit         0x20000a48        0x0
                0x20000a48                _noinit = .
 *(SORT_BY_ALIGNMENT(.noinit*))
                0x20000a48                . = ALIGN (0x8)
                0x20000a48                _end_noinit = .
                0x00001000                _HeapSize = 0x1000

.heap           0x20000a48     0x1000
                0x20000a48                _pvHeapStart = .
                0x20001a48                . = (. + _HeapSize)
 *fill*         0x20000a48     0x1000 
                0x20001a48                . = ALIGN (0x8)
                0x20001a48                _pvHeapLimit = .
                0x00001000                _StackSize = 0x1000

.heap2stackfill
                0x20001a48     0x1000
                0x20002a48                . = (. + _StackSize)
 *fill*         0x20001a48     0x1000 

.stack          0x2002f000        0x0
                0x2002f000                _vStackBase = .
                0x2002f000                . = ALIGN (0x8)
                0x20030000                _vStackTop = (. + _StackSize)
                0x00000000                _image_start = LOADADDR (.text)
                0x00003630                _image_end = (LOADADDR (.data) + SIZEOF (.data))
                0x00003630                _image_size = (_image_end - _image_start)
OUTPUT(Blink.axf elf32-littlearm)

.debug_info     0x00000000     0x7071
 .debug_info    0x00000000      0xc51 ./source/App.o
 .debug_info    0x00000c51      0xc35 ./source/DisplayBoard.o
 .debug_info    0x00001886      0xa72 ./source/Encoder.o
 .debug_info    0x000022f8      0xe72 ./source/InternalControl.o
 .debug_info    0x0000316a      0x702 ./source/Lector.o
 .debug_info    0x0000386c      0x526 ./source/SysTick.o
 .debug_info    0x00003d92      0xb1c ./source/Users.o
 .debug_info    0x000048ae      0x6c2 ./source/gpio.o
 .debug_info    0x00004f70      0xaee ./source/timer.o
 .debug_info    0x00005a5e      0x675 ./SDK/startup/hardware.o
 .debug_info    0x000060d3       0xb7 ./SDK/startup/main.o
 .debug_info    0x0000618a       0x3b ./SDK/startup/semihost_hardfault.o
 .debug_info    0x000061c5      0x8b0 ./SDK/startup/startup_mk64f12.o
 .debug_info    0x00006a75      0x5fc ./SDK/CMSIS/system_MK64F12.o

.debug_abbrev   0x00000000     0x192f
 .debug_abbrev  0x00000000      0x270 ./source/App.o
 .debug_abbrev  0x00000270      0x2b9 ./source/DisplayBoard.o
 .debug_abbrev  0x00000529      0x27c ./source/Encoder.o
 .debug_abbrev  0x000007a5      0x2b0 ./source/InternalControl.o
 .debug_abbrev  0x00000a55      0x257 ./source/Lector.o
 .debug_abbrev  0x00000cac      0x1a0 ./source/SysTick.o
 .debug_abbrev  0x00000e4c      0x216 ./source/Users.o
 .debug_abbrev  0x00001062      0x1a7 ./source/gpio.o
 .debug_abbrev  0x00001209      0x2a7 ./source/timer.o
 .debug_abbrev  0x000014b0      0x138 ./SDK/startup/hardware.o
 .debug_abbrev  0x000015e8       0x7d ./SDK/startup/main.o
 .debug_abbrev  0x00001665       0x2f ./SDK/startup/semihost_hardfault.o
 .debug_abbrev  0x00001694      0x15c ./SDK/startup/startup_mk64f12.o
 .debug_abbrev  0x000017f0      0x13f ./SDK/CMSIS/system_MK64F12.o

.debug_aranges  0x00000000      0x720
 .debug_aranges
                0x00000000       0x68 ./source/App.o
 .debug_aranges
                0x00000068       0x68 ./source/DisplayBoard.o
 .debug_aranges
                0x000000d0       0x60 ./source/Encoder.o
 .debug_aranges
                0x00000130       0x70 ./source/InternalControl.o
 .debug_aranges
                0x000001a0       0x78 ./source/Lector.o
 .debug_aranges
                0x00000218       0x30 ./source/SysTick.o
 .debug_aranges
                0x00000248       0x58 ./source/Users.o
 .debug_aranges
                0x000002a0       0x60 ./source/gpio.o
 .debug_aranges
                0x00000300       0x50 ./source/timer.o
 .debug_aranges
                0x00000350       0x30 ./SDK/startup/hardware.o
 .debug_aranges
                0x00000380       0x20 ./SDK/startup/main.o
 .debug_aranges
                0x000003a0       0x20 ./SDK/startup/semihost_hardfault.o
 .debug_aranges
                0x000003c0      0x330 ./SDK/startup/startup_mk64f12.o
 .debug_aranges
                0x000006f0       0x30 ./SDK/CMSIS/system_MK64F12.o

.debug_ranges   0x00000000      0x658
 .debug_ranges  0x00000000       0x70 ./source/App.o
 .debug_ranges  0x00000070       0x58 ./source/DisplayBoard.o
 .debug_ranges  0x000000c8       0x50 ./source/Encoder.o
 .debug_ranges  0x00000118       0x60 ./source/InternalControl.o
 .debug_ranges  0x00000178       0x68 ./source/Lector.o
 .debug_ranges  0x000001e0       0x20 ./source/SysTick.o
 .debug_ranges  0x00000200       0x48 ./source/Users.o
 .debug_ranges  0x00000248       0x50 ./source/gpio.o
 .debug_ranges  0x00000298       0x40 ./source/timer.o
 .debug_ranges  0x000002d8       0x20 ./SDK/startup/hardware.o
 .debug_ranges  0x000002f8       0x10 ./SDK/startup/main.o
 .debug_ranges  0x00000308       0x10 ./SDK/startup/semihost_hardfault.o
 .debug_ranges  0x00000318      0x320 ./SDK/startup/startup_mk64f12.o
 .debug_ranges  0x00000638       0x20 ./SDK/CMSIS/system_MK64F12.o

.debug_macro    0x00000000    0x12eaf
 .debug_macro   0x00000000      0x1b8 ./source/App.o
 .debug_macro   0x000001b8      0xa5a ./source/App.o
 .debug_macro   0x00000c12      0x34e ./source/App.o
 .debug_macro   0x00000f60       0x22 ./source/App.o
 .debug_macro   0x00000f82       0x17 ./source/App.o
 .debug_macro   0x00000f99       0x22 ./source/App.o
 .debug_macro   0x00000fbb       0x52 ./source/App.o
 .debug_macro   0x0000100d       0x8d ./source/App.o
 .debug_macro   0x0000109a       0x35 ./source/App.o
 .debug_macro   0x000010cf       0x9c ./source/App.o
 .debug_macro   0x0000116b       0x16 ./source/App.o
 .debug_macro   0x00001181      0x10e ./source/App.o
 .debug_macro   0x0000128f       0x8d ./source/App.o
 .debug_macro   0x0000131c       0x57 ./source/App.o
 .debug_macro   0x00001373       0x58 ./source/App.o
 .debug_macro   0x000013cb       0x1f ./source/App.o
 .debug_macro   0x000013ea       0x43 ./source/App.o
 .debug_macro   0x0000142d       0x20 ./source/App.o
 .debug_macro   0x0000144d      0x18e ./source/App.o
 .debug_macro   0x000015db      0x330 ./source/App.o
 .debug_macro   0x0000190b       0x16 ./source/App.o
 .debug_macro   0x00001921       0x29 ./source/App.o
 .debug_macro   0x0000194a       0x1c ./source/App.o
 .debug_macro   0x00001966       0xa0 ./source/App.o
 .debug_macro   0x00001a06       0x22 ./source/App.o
 .debug_macro   0x00001a28       0x34 ./source/App.o
 .debug_macro   0x00001a5c       0x1c ./source/App.o
 .debug_macro   0x00001a78       0x28 ./source/App.o
 .debug_macro   0x00001aa0      0x1b7 ./source/DisplayBoard.o
 .debug_macro   0x00001c57       0x9a ./source/DisplayBoard.o
 .debug_macro   0x00001cf1       0x10 ./source/DisplayBoard.o
 .debug_macro   0x00001d01       0x5c ./source/DisplayBoard.o
 .debug_macro   0x00001d5d       0x1c ./source/DisplayBoard.o
 .debug_macro   0x00001d79       0x22 ./source/DisplayBoard.o
 .debug_macro   0x00001d9b       0xd9 ./source/DisplayBoard.o
 .debug_macro   0x00001e74      0xecf ./source/DisplayBoard.o
 .debug_macro   0x00002d43       0x48 ./source/DisplayBoard.o
 .debug_macro   0x00002d8b     0xe07b ./source/DisplayBoard.o
 .debug_macro   0x00010e06     0x122b ./source/DisplayBoard.o
 .debug_macro   0x00012031       0x16 ./source/DisplayBoard.o
 .debug_macro   0x00012047       0x3a ./source/DisplayBoard.o
 .debug_macro   0x00012081       0xa6 ./source/DisplayBoard.o
 .debug_macro   0x00012127      0x1b7 ./source/Encoder.o
 .debug_macro   0x000122de       0x1c ./source/Encoder.o
 .debug_macro   0x000122fa       0x22 ./source/Encoder.o
 .debug_macro   0x0001231c      0x1b7 ./source/InternalControl.o
 .debug_macro   0x000124d3       0x16 ./source/InternalControl.o
 .debug_macro   0x000124e9       0xd2 ./source/Lector.o
 .debug_macro   0x000125bb      0x174 ./source/Lector.o
 .debug_macro   0x0001272f       0xdf ./source/Lector.o
 .debug_macro   0x0001280e       0xac ./source/SysTick.o
 .debug_macro   0x000128ba      0x11e ./source/Users.o
 .debug_macro   0x000129d8       0x22 ./source/Users.o
 .debug_macro   0x000129fa       0x10 ./source/Users.o
 .debug_macro   0x00012a0a       0x35 ./source/Users.o
 .debug_macro   0x00012a3f       0xab ./source/gpio.o
 .debug_macro   0x00012aea      0x1c3 ./source/timer.o
 .debug_macro   0x00012cad       0x10 ./source/timer.o
 .debug_macro   0x00012cbd       0x9c ./SDK/startup/hardware.o
 .debug_macro   0x00012d59       0x9c ./SDK/startup/main.o
 .debug_macro   0x00012df5       0x11 ./SDK/startup/semihost_hardfault.o
 .debug_macro   0x00012e06       0x29 ./SDK/startup/startup_mk64f12.o
 .debug_macro   0x00012e2f       0x80 ./SDK/CMSIS/system_MK64F12.o

.debug_line     0x00000000     0x2c3e
 .debug_line    0x00000000      0x406 ./source/App.o
 .debug_line    0x00000406      0x5a9 ./source/DisplayBoard.o
 .debug_line    0x000009af      0x3f7 ./source/Encoder.o
 .debug_line    0x00000da6      0x444 ./source/InternalControl.o
 .debug_line    0x000011ea      0x2fc ./source/Lector.o
 .debug_line    0x000014e6      0x1b6 ./source/SysTick.o
 .debug_line    0x0000169c      0x321 ./source/Users.o
 .debug_line    0x000019bd      0x25d ./source/gpio.o
 .debug_line    0x00001c1a      0x3e3 ./source/timer.o
 .debug_line    0x00001ffd      0x1d4 ./SDK/startup/hardware.o
 .debug_line    0x000021d1      0x175 ./SDK/startup/main.o
 .debug_line    0x00002346       0x59 ./SDK/startup/semihost_hardfault.o
 .debug_line    0x0000239f      0x6d8 ./SDK/startup/startup_mk64f12.o
 .debug_line    0x00002a77      0x1c7 ./SDK/CMSIS/system_MK64F12.o

.debug_str      0x00000000    0x7c453
 .debug_str     0x00000000     0x7171 ./source/App.o
                               0x73be (size before relaxing)
 .debug_str     0x00007171    0x73c41 ./source/DisplayBoard.o
                              0x7aa33 (size before relaxing)
 .debug_str     0x0007adb2       0xf1 ./source/Encoder.o
                              0x7a8ce (size before relaxing)
 .debug_str     0x0007aea3      0x694 ./source/InternalControl.o
                              0x7aef3 (size before relaxing)
 .debug_str     0x0007b537       0xc3 ./source/Lector.o
                              0x77d42 (size before relaxing)
 .debug_str     0x0007b5fa       0x93 ./source/SysTick.o
                              0x775c4 (size before relaxing)
 .debug_str     0x0007b68d       0xc1 ./source/Users.o
                               0x6c42 (size before relaxing)
 .debug_str     0x0007b74e      0x202 ./source/gpio.o
                              0x77271 (size before relaxing)
 .debug_str     0x0007b950       0xe1 ./source/timer.o
                              0x7a8c7 (size before relaxing)
 .debug_str     0x0007ba31      0x178 ./SDK/startup/hardware.o
                              0x77202 (size before relaxing)
 .debug_str     0x0007bba9       0x1b ./SDK/startup/main.o
                              0x76fd6 (size before relaxing)
 .debug_str     0x0007bbc4       0x36 ./SDK/startup/semihost_hardfault.o
                               0x2d3c (size before relaxing)
 .debug_str     0x0007bbfa      0x7f7 ./SDK/startup/startup_mk64f12.o
                               0x35aa (size before relaxing)
 .debug_str     0x0007c3f1       0x62 ./SDK/CMSIS/system_MK64F12.o
                              0x77111 (size before relaxing)

.comment        0x00000000       0x7e
 .comment       0x00000000       0x7e ./source/App.o
                                 0x7f (size before relaxing)
 .comment       0x0000007e       0x7f ./source/DisplayBoard.o
 .comment       0x0000007e       0x7f ./source/Encoder.o
 .comment       0x0000007e       0x7f ./source/InternalControl.o
 .comment       0x0000007e       0x7f ./source/Lector.o
 .comment       0x0000007e       0x7f ./source/SysTick.o
 .comment       0x0000007e       0x7f ./source/Users.o
 .comment       0x0000007e       0x7f ./source/gpio.o
 .comment       0x0000007e       0x7f ./source/timer.o
 .comment       0x0000007e       0x7f ./SDK/startup/hardware.o
 .comment       0x0000007e       0x7f ./SDK/startup/main.o
 .comment       0x0000007e       0x7f ./SDK/startup/semihost_hardfault.o
 .comment       0x0000007e       0x7f ./SDK/startup/startup_mk64f12.o
 .comment       0x0000007e       0x7f ./SDK/CMSIS/system_MK64F12.o
 .comment       0x0000007e       0x7f c:/nxp/mcuxpressoide_10.2.0_759/ide/tools/bin/../lib/gcc/arm-none-eabi/7.2.1/../../../../arm-none-eabi/lib/thumb/v7e-m/fpv4-sp/hard\libcr_c.a(memcpy.o)
 .comment       0x0000007e       0x7f c:/nxp/mcuxpressoide_10.2.0_759/ide/tools/bin/../lib/gcc/arm-none-eabi/7.2.1/../../../../arm-none-eabi/lib/thumb/v7e-m/fpv4-sp/hard\libcr_c.a(memcmp.o)

.ARM.attributes
                0x00000000       0x37
 .ARM.attributes
                0x00000000       0x39 ./source/App.o
 .ARM.attributes
                0x00000039       0x39 ./source/DisplayBoard.o
 .ARM.attributes
                0x00000072       0x39 ./source/Encoder.o
 .ARM.attributes
                0x000000ab       0x39 ./source/InternalControl.o
 .ARM.attributes
                0x000000e4       0x39 ./source/Lector.o
 .ARM.attributes
                0x0000011d       0x39 ./source/SysTick.o
 .ARM.attributes
                0x00000156       0x39 ./source/Users.o
 .ARM.attributes
                0x0000018f       0x39 ./source/gpio.o
 .ARM.attributes
                0x000001c8       0x39 ./source/timer.o
 .ARM.attributes
                0x00000201       0x39 ./SDK/startup/hardware.o
 .ARM.attributes
                0x0000023a       0x39 ./SDK/startup/main.o
 .ARM.attributes
                0x00000273       0x39 ./SDK/startup/semihost_hardfault.o
 .ARM.attributes
                0x000002ac       0x39 ./SDK/startup/startup_mk64f12.o
 .ARM.attributes
                0x000002e5       0x39 ./SDK/CMSIS/system_MK64F12.o
 .ARM.attributes
                0x0000031e       0x39 c:/nxp/mcuxpressoide_10.2.0_759/ide/tools/bin/../lib/gcc/arm-none-eabi/7.2.1/../../../../arm-none-eabi/lib/thumb/v7e-m/fpv4-sp/hard\libcr_c.a(memcpy.o)
 .ARM.attributes
                0x00000357       0x39 c:/nxp/mcuxpressoide_10.2.0_759/ide/tools/bin/../lib/gcc/arm-none-eabi/7.2.1/../../../../arm-none-eabi/lib/thumb/v7e-m/fpv4-sp/hard\libcr_c.a(memcmp.o)
 .ARM.attributes
                0x00000390       0x25 c:/nxp/mcuxpressoide_10.2.0_759/ide/tools/bin/../lib/gcc/arm-none-eabi/7.2.1/thumb/v7e-m/fpv4-sp/hard\libcr_eabihelpers.a(memcpy.o)

.debug_frame    0x00000000     0x15d8
 .debug_frame   0x00000000      0x168 ./source/App.o
 .debug_frame   0x00000168      0x184 ./source/DisplayBoard.o
 .debug_frame   0x000002ec      0x12c ./source/Encoder.o
 .debug_frame   0x00000418      0x17c ./source/InternalControl.o
 .debug_frame   0x00000594      0x1b0 ./source/Lector.o
 .debug_frame   0x00000744       0x88 ./source/SysTick.o
 .debug_frame   0x000007cc      0x13c ./source/Users.o
 .debug_frame   0x00000908      0x190 ./source/gpio.o
 .debug_frame   0x00000a98      0x10c ./source/timer.o
 .debug_frame   0x00000ba4       0x70 ./SDK/startup/hardware.o
 .debug_frame   0x00000c14       0x2c ./SDK/startup/main.o
 .debug_frame   0x00000c40       0x20 ./SDK/startup/semihost_hardfault.o
 .debug_frame   0x00000c60      0x904 ./SDK/startup/startup_mk64f12.o
 .debug_frame   0x00001564       0x74 ./SDK/CMSIS/system_MK64F12.o
