Archive member included to satisfy reference by file (symbol)

/Applications/MCUXpressoIDE_11.0.0_2516/ide/plugins/com.nxp.mcuxpresso.tools.macosx_11.0.0.201905131304/tools/bin/../lib/gcc/arm-none-eabi/8.2.1/../../../../arm-none-eabi/lib/thumb/v7e-m+fp/hard/libcr_c.a(memcpy.o)
                              ./source/Users.o (memcpy)
/Applications/MCUXpressoIDE_11.0.0_2516/ide/plugins/com.nxp.mcuxpresso.tools.macosx_11.0.0.201905131304/tools/bin/../lib/gcc/arm-none-eabi/8.2.1/../../../../arm-none-eabi/lib/thumb/v7e-m+fp/hard/libcr_c.a(memcmp.o)
                              ./source/Users.o (memcmp)
/Applications/MCUXpressoIDE_11.0.0_2516/ide/plugins/com.nxp.mcuxpresso.tools.macosx_11.0.0.201905131304/tools/bin/../lib/gcc/arm-none-eabi/8.2.1/thumb/v7e-m+fp/hard/libcr_eabihelpers.a(memcpy.o)
                              /Applications/MCUXpressoIDE_11.0.0_2516/ide/plugins/com.nxp.mcuxpresso.tools.macosx_11.0.0.201905131304/tools/bin/../lib/gcc/arm-none-eabi/8.2.1/../../../../arm-none-eabi/lib/thumb/v7e-m+fp/hard/libcr_c.a(memcpy.o) (__aeabi_memcpy)

Discarded input sections

 .group         0x0000000000000000        0xc ./source/App.o
 .group         0x0000000000000000        0xc ./source/App.o
 .group         0x0000000000000000        0xc ./source/App.o
 .group         0x0000000000000000        0xc ./source/App.o
 .group         0x0000000000000000        0xc ./source/App.o
 .group         0x0000000000000000        0xc ./source/App.o
 .group         0x0000000000000000        0xc ./source/App.o
 .group         0x0000000000000000        0xc ./source/App.o
 .group         0x0000000000000000        0xc ./source/App.o
 .group         0x0000000000000000        0xc ./source/App.o
 .group         0x0000000000000000        0xc ./source/App.o
 .group         0x0000000000000000        0xc ./source/App.o
 .group         0x0000000000000000        0xc ./source/App.o
 .group         0x0000000000000000        0xc ./source/App.o
 .group         0x0000000000000000        0xc ./source/App.o
 .group         0x0000000000000000        0xc ./source/App.o
 .group         0x0000000000000000        0xc ./source/App.o
 .group         0x0000000000000000        0xc ./source/App.o
 .group         0x0000000000000000        0xc ./source/App.o
 .group         0x0000000000000000        0xc ./source/App.o
 .group         0x0000000000000000        0xc ./source/App.o
 .group         0x0000000000000000        0xc ./source/App.o
 .group         0x0000000000000000        0xc ./source/App.o
 .group         0x0000000000000000        0xc ./source/App.o
 .group         0x0000000000000000        0xc ./source/App.o
 .text          0x0000000000000000        0x0 ./source/App.o
 .data          0x0000000000000000        0x0 ./source/App.o
 .bss           0x0000000000000000        0x0 ./source/App.o
 .group         0x0000000000000000        0xc ./source/DisplayBoard.o
 .group         0x0000000000000000        0xc ./source/DisplayBoard.o
 .group         0x0000000000000000        0xc ./source/DisplayBoard.o
 .group         0x0000000000000000        0xc ./source/DisplayBoard.o
 .group         0x0000000000000000        0xc ./source/DisplayBoard.o
 .group         0x0000000000000000        0xc ./source/DisplayBoard.o
 .group         0x0000000000000000        0xc ./source/DisplayBoard.o
 .group         0x0000000000000000        0xc ./source/DisplayBoard.o
 .group         0x0000000000000000        0xc ./source/DisplayBoard.o
 .group         0x0000000000000000        0xc ./source/DisplayBoard.o
 .group         0x0000000000000000        0xc ./source/DisplayBoard.o
 .group         0x0000000000000000        0xc ./source/DisplayBoard.o
 .group         0x0000000000000000        0xc ./source/DisplayBoard.o
 .group         0x0000000000000000        0xc ./source/DisplayBoard.o
 .group         0x0000000000000000        0xc ./source/DisplayBoard.o
 .group         0x0000000000000000        0xc ./source/DisplayBoard.o
 .group         0x0000000000000000        0xc ./source/DisplayBoard.o
 .group         0x0000000000000000        0xc ./source/DisplayBoard.o
 .group         0x0000000000000000        0xc ./source/DisplayBoard.o
 .group         0x0000000000000000        0xc ./source/DisplayBoard.o
 .group         0x0000000000000000        0xc ./source/DisplayBoard.o
 .group         0x0000000000000000        0xc ./source/DisplayBoard.o
 .group         0x0000000000000000        0xc ./source/DisplayBoard.o
 .group         0x0000000000000000        0xc ./source/DisplayBoard.o
 .group         0x0000000000000000        0xc ./source/DisplayBoard.o
 .group         0x0000000000000000        0xc ./source/DisplayBoard.o
 .group         0x0000000000000000        0xc ./source/DisplayBoard.o
 .group         0x0000000000000000        0xc ./source/DisplayBoard.o
 .group         0x0000000000000000        0xc ./source/DisplayBoard.o
 .group         0x0000000000000000        0xc ./source/DisplayBoard.o
 .group         0x0000000000000000        0xc ./source/DisplayBoard.o
[...]
Memory Configuration

Name             Origin             Length             Attributes
PROGRAM_FLASH    0x0000000000000000 0x0000000000100000 xr
SRAM_UPPER       0x0000000020000000 0x0000000000030000 xrw
SRAM_LOWER       0x000000001fff0000 0x0000000000010000 xrw
FLEX_RAM         0x0000000014000000 0x0000000000001000 xrw
*default*        0x0000000000000000 0xffffffffffffffff

Linker script and memory map

LOAD ./source/App.o
LOAD ./source/DisplayBoard.o
LOAD ./source/Encoder.o
LOAD ./source/InternalControl.o
LOAD ./source/Lector.o
LOAD ./source/SysTick.o
LOAD ./source/Users.o
LOAD ./source/gpio.o
LOAD ./source/timer.o
LOAD ./SDK/startup/hardware.o
LOAD ./SDK/startup/main.o
LOAD ./SDK/startup/semihost_hardfault.o
LOAD ./SDK/startup/startup_mk64f12.o
LOAD ./SDK/CMSIS/system_MK64F12.o
START GROUP
LOAD /Applications/MCUXpressoIDE_11.0.0_2516/ide/plugins/com.nxp.mcuxpresso.tools.macosx_11.0.0.201905131304/tools/bin/../lib/gcc/arm-none-eabi/8.2.1/../../../../arm-none-eabi/lib/thumb/v7e-m+fp/hard/libcr_c.a
LOAD /Applications/MCUXpressoIDE_11.0.0_2516/ide/plugins/com.nxp.mcuxpresso.tools.macosx_11.0.0.201905131304/tools/bin/../lib/gcc/arm-none-eabi/8.2.1/thumb/v7e-m+fp/hard/libcr_eabihelpers.a
LOAD /Applications/MCUXpressoIDE_11.0.0_2516/ide/plugins/com.nxp.mcuxpresso.tools.macosx_11.0.0.201905131304/tools/bin/../lib/gcc/arm-none-eabi/8.2.1/thumb/v7e-m+fp/hard/libgcc.a
END GROUP
                0x0000000000000000                __base_PROGRAM_FLASH = 0x0
                0x0000000000000000                __base_Flash = 0x0
                0x0000000000100000                __top_PROGRAM_FLASH = 0x100000
                0x0000000000100000                __top_Flash = 0x100000
                0x0000000020000000                __base_SRAM_UPPER = 0x20000000
                0x0000000020000000                __base_RAM = 0x20000000
                0x0000000020030000                __top_SRAM_UPPER = 0x20030000
                0x0000000020030000                __top_RAM = 0x20030000
                0x000000001fff0000                __base_SRAM_LOWER = 0x1fff0000
                0x000000001fff0000                __base_RAM2 = 0x1fff0000
                0x0000000020000000                __top_SRAM_LOWER = 0x20000000
                0x0000000020000000                __top_RAM2 = 0x20000000
                0x0000000014000000                __base_FLEX_RAM = 0x14000000
                0x0000000014000000                __base_RAM3 = 0x14000000
                0x0000000014001000                __top_FLEX_RAM = 0x14001000
                0x0000000014001000                __top_RAM3 = 0x14001000

.text           0x0000000000000000     0x2bc0
 FILL mask 0xff
                0x0000000000000000                __vectors_start__ = ABSOLUTE (.)
 *(SORT_BY_ALIGNMENT(.isr_vector))
 .isr_vector    0x0000000000000000      0x198 ./SDK/startup/startup_mk64f12.o
                0x0000000000000000                __Vectors
                0x0000000000000000                g_pfnVectors
                0x0000000000000198                . = ALIGN (0x4)
                0x0000000000000198                __section_table_start = .
                0x0000000000000198                __data_section_table = .
                0x0000000000000198        0x4 LONG 0x2bc0 LOADADDR (.data)
                0x000000000000019c        0x4 LONG 0x20000000 ADDR (.data)
                0x00000000000001a0        0x4 LONG 0x140 SIZEOF (.data)
                0x00000000000001a4        0x4 LONG 0x2bc0 LOADADDR (.data_RAM2)
                0x00000000000001a8        0x4 LONG 0x1fff0000 ADDR (.data_RAM2)
                0x00000000000001ac        0x4 LONG 0x0 SIZEOF (.data_RAM2)
                0x00000000000001b0        0x4 LONG 0x2bc0 LOADADDR (.data_RAM3)
                0x00000000000001b4        0x4 LONG 0x14000000 ADDR (.data_RAM3)
                0x00000000000001b8        0x4 LONG 0x0 SIZEOF (.data_RAM3)
                0x00000000000001bc                __data_section_table_end = .
                0x00000000000001bc                __bss_section_table = .
                0x00000000000001bc        0x4 LONG 0x20000140 ADDR (.bss)
                0x00000000000001c0        0x4 LONG 0x438 SIZEOF (.bss)
                0x00000000000001c4        0x4 LONG 0x1fff0000 ADDR (.bss_RAM2)
                0x00000000000001c8        0x4 LONG 0x0 SIZEOF (.bss_RAM2)
                0x00000000000001cc        0x4 LONG 0x14000000 ADDR (.bss_RAM3)
                0x00000000000001d0        0x4 LONG 0x0 SIZEOF (.bss_RAM3)
                0x00000000000001d4                __bss_section_table_end = .
                0x00000000000001d4                __section_table_end = .
 *(SORT_BY_ALIGNMENT(.after_vectors*))
 .after_vectors.reset
                0x00000000000001d4       0x4c ./SDK/startup/startup_mk64f12.o
                0x00000000000001d4                ResetISR
 .after_vectors.init_data
                0x0000000000000220       0x1e ./SDK/startup/startup_mk64f12.o
                0x0000000000000220                data_init
 .after_vectors.init_bss
                0x000000000000023e       0x12 ./SDK/startup/startup_mk64f12.o
                0x000000000000023e                bss_init
 .after_vectors
                0x0000000000000250       0x14 ./SDK/startup/startup_mk64f12.o
                0x0000000000000250                NMI_Handler
                0x0000000000000254                MemManage_Handler
                0x0000000000000256                BusFault_Handler
                0x0000000000000258                UsageFault_Handler
                0x000000000000025a                SVC_Handler
                0x000000000000025c                DebugMon_Handler
                0x000000000000025e                PendSV_Handler
                0x0000000000000262                FTM1_DriverIRQHandler
                0x0000000000000262                FTM2_DriverIRQHandler
                0x0000000000000262                PIT2_DriverIRQHandler
                0x0000000000000262                SDHC_DriverIRQHandler
                0x0000000000000262                I2S0_Tx_DriverIRQHandler
                0x0000000000000262                RTC_Seconds_DriverIRQHandler
                0x0000000000000262                DMA6_DriverIRQHandler
                0x0000000000000262                LLWU_DriverIRQHandler
                0x0000000000000262                MCM_DriverIRQHandler
                0x0000000000000262                MCG_DriverIRQHandler
                0x0000000000000262                ENET_1588_Timer_DriverIRQHandler
                0x0000000000000262                I2C2_DriverIRQHandler
                0x0000000000000262                DAC1_DriverIRQHandler
                0x0000000000000262                CMP1_DriverIRQHandler
                0x0000000000000262                UART5_RX_TX_DriverIRQHandler
                0x0000000000000262                FTM0_DriverIRQHandler
                0x0000000000000262                IntDefaultHandler
                0x0000000000000262                USB0_DriverIRQHandler
                0x0000000000000262                UART5_ERR_DriverIRQHandler
                0x0000000000000262                PORTC_DriverIRQHandler
                0x0000000000000262                DMA11_DriverIRQHandler
                0x0000000000000262                DAC0_DriverIRQHandler
                0x0000000000000262                DMA10_DriverIRQHandler
                0x0000000000000262                CMP2_DriverIRQHandler
                0x0000000000000262                UART2_ERR_DriverIRQHandler
                0x0000000000000262                SPI2_DriverIRQHandler
                0x0000000000000262                LVD_LVW_DriverIRQHandler
                0x0000000000000262                PIT0_DriverIRQHandler
                0x0000000000000262                RNG_DriverIRQHandler
                0x0000000000000262                DMA5_DriverIRQHandler
                0x0000000000000262                DMA4_DriverIRQHandler
                0x0000000000000262                UART2_RX_TX_DriverIRQHandler
                0x0000000000000262                USBDCD_DriverIRQHandler
                0x0000000000000262                UART3_ERR_DriverIRQHandler
                0x0000000000000262                DMA3_DriverIRQHandler
                0x0000000000000262                DMA8_DriverIRQHandler
                0x0000000000000262                DMA9_DriverIRQHandler
                0x0000000000000262                UART0_ERR_DriverIRQHandler
                0x0000000000000262                CMT_DriverIRQHandler
                0x0000000000000262                Reserved71_DriverIRQHandler
                0x0000000000000262                ADC1_DriverIRQHandler
                0x0000000000000262                PORTA_DriverIRQHandler
                0x0000000000000262                DMA14_DriverIRQHandler
                0x0000000000000262                PIT3_DriverIRQHandler
                0x0000000000000262                PIT1_DriverIRQHandler
                0x0000000000000262                WDOG_EWM_DriverIRQHandler
                0x0000000000000262                PDB0_DriverIRQHandler
                0x0000000000000262                RTC_DriverIRQHandler
                0x0000000000000262                I2S0_Rx_DriverIRQHandler
                0x0000000000000262                Read_Collision_DriverIRQHandler
                0x0000000000000262                SWI_DriverIRQHandler
                0x0000000000000262                UART4_RX_TX_DriverIRQHandler
                0x0000000000000262                UART4_ERR_DriverIRQHandler
                0x0000000000000262                UART0_LON_DriverIRQHandler
                0x0000000000000262                DMA1_DriverIRQHandler
                0x0000000000000262                I2C1_DriverIRQHandler
                0x0000000000000262                UART3_RX_TX_DriverIRQHandler
                0x0000000000000262                ENET_Receive_DriverIRQHandler
                0x0000000000000262                DMA13_DriverIRQHandler
                0x0000000000000262                ENET_Error_DriverIRQHandler
                0x0000000000000262                DMA15_DriverIRQHandler
                0x0000000000000262                UART0_RX_TX_DriverIRQHandler
                0x0000000000000262                SPI0_DriverIRQHandler
                0x0000000000000262                ADC0_DriverIRQHandler
                0x0000000000000262                CMP0_DriverIRQHandler
                0x0000000000000262                CAN0_DriverIRQHandler
                0x0000000000000262                FTM3_DriverIRQHandler
                0x0000000000000262                UART1_ERR_DriverIRQHandler
                0x0000000000000262                DMA2_DriverIRQHandler
                0x0000000000000262                ENET_Transmit_DriverIRQHandler
                0x0000000000000262                PORTD_DriverIRQHandler
                0x0000000000000262                PORTE_DriverIRQHandler
                0x0000000000000262                FTFE_DriverIRQHandler
                0x0000000000000262                I2C0_DriverIRQHandler
                0x0000000000000262                DMA7_DriverIRQHandler
                0x0000000000000262                UART1_RX_TX_DriverIRQHandler
                0x0000000000000262                DMA0_DriverIRQHandler
                0x0000000000000262                PORTB_DriverIRQHandler
                0x0000000000000262                DMA12_DriverIRQHandler
                0x0000000000000262                SPI1_DriverIRQHandler
                0x0000000000000262                LPTMR0_DriverIRQHandler
                0x0000000000000262                DMA_Error_DriverIRQHandler
                0x0000000000000400                . = 0x400
 *fill*         0x0000000000000264      0x19c ff
                0x0000000000000400                PROVIDE (__FLASH_CONFIG_START__ = .)
 *(SORT_BY_ALIGNMENT(.FlashConfig))
 .FlashConfig   0x0000000000000400       0x10 ./SDK/startup/startup_mk64f12.o
                0x0000000000000400                Flash_Config
                0x0000000000000410                PROVIDE (__FLASH_CONFIG_END__ = .)
                0x0000000000000001                ASSERT (! ((__FLASH_CONFIG_START__ == __FLASH_CONFIG_END__)), Linker Flash Config Support Enabled, but no .FlashConfig section provided within application)
 *(SORT_BY_ALIGNMENT(.text*))
 .text.modifyNumberCode
                0x0000000000000410      0x160 ./source/App.o
                0x0000000000000410                modifyNumberCode
 .text.displayHandler
                0x0000000000000570       0x68 ./source/App.o
                0x0000000000000570                displayHandler
 .text.encoderCH_Handler
                0x00000000000005d8       0x20 ./source/App.o
                0x00000000000005d8                encoderCH_Handler
 .text.enconderSwitch_Handler
                0x00000000000005f8       0x24 ./source/App.o
                0x00000000000005f8                enconderSwitch_Handler
 .text.readSwitchInterface
                0x000000000000061c       0xe8 ./source/App.o
                0x000000000000061c                readSwitchInterface
 .text.closeDoor
                0x0000000000000704       0x1c ./source/App.o
                0x0000000000000704                closeDoor
 .text.App_Init
                0x0000000000000720       0xc8 ./source/App.o
                0x0000000000000720                App_Init
 .text.App_Run  0x00000000000007e8       0x74 ./source/App.o
                0x00000000000007e8                App_Run
 .text.DispBoard_Init
                0x000000000000085c       0xa4 ./source/DisplayBoard.o
                0x000000000000085c                DispBoard_Init
 .text.Disp7Seg_Select
                0x0000000000000900       0xb8 ./source/DisplayBoard.o
                0x0000000000000900                Disp7Seg_Select
 .text.Status_Write
                0x00000000000009b8       0x84 ./source/DisplayBoard.o
                0x00000000000009b8                Status_Write
 .text.DispShowMsj
                0x0000000000000a3c      0x1d0 ./source/DisplayBoard.o
                0x0000000000000a3c                DispShowMsj
 .text.DispShiftMsj
                0x0000000000000c0c       0x64 ./source/DisplayBoard.o
                0x0000000000000c0c                DispShiftMsj
 .text.DispClear
                0x0000000000000c70       0x54 ./source/DisplayBoard.o
                0x0000000000000c70                DispClear
 .text.DispGetCursor
                0x0000000000000cc4       0x18 ./source/DisplayBoard.o
                0x0000000000000cc4                DispGetCursor
 .text.DispModType
                0x0000000000000cdc       0x18 ./source/DisplayBoard.o
                0x0000000000000cdc                DispModType
 .text.DispChangeBright
                0x0000000000000cf4       0x68 ./source/DisplayBoard.o
                0x0000000000000cf4                DispChangeBright
 .text.Disp7Seg_Write
                0x0000000000000d5c      0xc70 ./source/DisplayBoard.o
                0x0000000000000d5c                Disp7Seg_Write
 .text.EncSetFlag
                0x00000000000019cc       0x20 ./source/Encoder.o
                0x00000000000019cc                EncSetFlag
 .text.EncGetFlag
                0x00000000000019ec       0x18 ./source/Encoder.o
                0x00000000000019ec                EncGetFlag
 .text.__NVIC_EnableIRQ
                0x0000000000001a04       0x3c ./source/InternalControl.o
 .text.PortInit
                0x0000000000001a40       0x60 ./source/InternalControl.o
                0x0000000000001a40                PortInit
 .text.isr_swOK
                0x0000000000001aa0       0x18 ./source/InternalControl.o
                0x0000000000001aa0                isr_swOK
 .text.isr_swCANCEL
                0x0000000000001ab8       0x18 ./source/InternalControl.o
                0x0000000000001ab8                isr_swCANCEL
 .text.PortGetOK_Status
                0x0000000000001ad0       0x18 ./source/InternalControl.o
                0x0000000000001ad0                PortGetOK_Status
 .text.PortClearOK_Status
                0x0000000000001ae8       0x18 ./source/InternalControl.o
                0x0000000000001ae8                PortClearOK_Status
 .text.PortGetCANCEL_Status
                0x0000000000001b00       0x18 ./source/InternalControl.o
                0x0000000000001b00                PortGetCANCEL_Status
 .text.PortClearCANCEL_Status
                0x0000000000001b18       0x18 ./source/InternalControl.o
                0x0000000000001b18                PortClearCANCEL_Status
 .text.__NVIC_EnableIRQ
                0x0000000000001b30       0x3c ./source/Lector.o
 .text.isr_enable
                0x0000000000001b6c       0x34 ./source/Lector.o
 .text.lector_get_PAN
                0x0000000000001ba0       0x78 ./source/Lector.o
                0x0000000000001ba0                lector_get_PAN
 .text.clear_PAN
                0x0000000000001c18       0x34 ./source/Lector.o
 .text.lectorInit
                0x0000000000001c4c       0x54 ./source/Lector.o
                0x0000000000001c4c                lectorInit
 .text.Check_LRC
                0x0000000000001ca0       0x74 ./source/Lector.o
 .text.get_Data
                0x0000000000001d14      0x10c ./source/Lector.o
 .text.set_Enable
                0x0000000000001e20       0x68 ./source/Lector.o
 .text.__NVIC_EnableIRQ
                0x0000000000001e88       0x3c ./source/SysTick.o
 .text.SysTick_Init
                0x0000000000001ec4       0x4c ./source/SysTick.o
                0x0000000000001ec4                SysTick_Init
 .text.SysTick_Handler
                0x0000000000001f10       0x24 ./source/SysTick.o
                0x0000000000001f10                SysTick_Handler
 .text.PORTD_IRQHandler
                0x0000000000001f34       0x64 ./source/gpio.o
                0x0000000000001f34                PORTD_IRQHandler
 .text.PORTA_IRQHandler
                0x0000000000001f98       0x5c ./source/gpio.o
                0x0000000000001f98                PORTA_IRQHandler
 .text.PORTC_IRQHandler
                0x0000000000001ff4       0x64 ./source/gpio.o
                0x0000000000001ff4                PORTC_IRQHandler
 .text.gpioMode
                0x0000000000002058      0x174 ./source/gpio.o
                0x0000000000002058                gpioMode
 .text.gpioWrite
                0x00000000000021cc       0x6c ./source/gpio.o
                0x00000000000021cc                gpioWrite
 .text.gpioRead
                0x0000000000002238       0x5c ./source/gpio.o
                0x0000000000002238                gpioRead
 .text.gpioIRQ  0x0000000000002294       0x94 ./source/gpio.o
                0x0000000000002294                gpioIRQ
 .text.PORT_ClearInterruptFlag
                0x0000000000002328       0x48 ./source/gpio.o
                0x0000000000002328                PORT_ClearInterruptFlag
 .text.timerInit
                0x0000000000002370       0x28 ./source/timer.o
                0x0000000000002370                timerInit
 .text.timerGetId
                0x0000000000002398       0x2c ./source/timer.o
                0x0000000000002398                timerGetId
 .text.timerStart
                0x00000000000023c4       0xa4 ./source/timer.o
                0x00000000000023c4                timerStart
 .text.timerStop
                0x0000000000002468       0x30 ./source/timer.o
                0x0000000000002468                timerStop
 .text.timerExpired
                0x0000000000002498       0x44 ./source/timer.o
                0x0000000000002498                timerExpired
 .text.timer_isr
                0x00000000000024dc       0xdc ./source/timer.o
 .text.hw_Init  0x00000000000025b8      0x10c ./SDK/startup/hardware.o
                0x00000000000025b8                hw_Init
 .text.hw_EnableInterrupts
                0x00000000000026c4       0x30 ./SDK/startup/hardware.o
                0x00000000000026c4                hw_EnableInterrupts
 .text.hw_DisableInterrupts
                0x00000000000026f4       0x20 ./SDK/startup/hardware.o
                0x00000000000026f4                hw_DisableInterrupts
 .text.SystemInit
                0x0000000000002714       0x3c ./SDK/CMSIS/system_MK64F12.o
                0x0000000000002714                SystemInit
 .text.encoderInit
                0x0000000000002750       0x20 ./source/Encoder.o
                0x0000000000002750                encoderInit
 .text.encoderReadMotion
                0x0000000000002770       0x6c ./source/Encoder.o
                0x0000000000002770                encoderReadMotion
 .text.encoderReadSwitch
                0x00000000000027dc       0x20 ./source/Encoder.o
                0x00000000000027dc                encoderReadSwitch
 .text.RGBIndicator
                0x00000000000027fc       0x70 ./source/InternalControl.o
                0x00000000000027fc                RGBIndicator
 .text.isr_clk  0x000000000000286c       0x16 ./source/Lector.o
 .text.parity   0x0000000000002882       0x4e ./source/Lector.o
 .text.main     0x00000000000028d0       0x1a ./SDK/startup/main.o
                0x00000000000028d0                main
 .text.HardFault_Handler
                0x00000000000028ea       0x2c ./SDK/startup/semihost_hardfault.o
                0x00000000000028ea                HardFault_Handler
 .text.DMA0_IRQHandler
                0x0000000000002916        0x8 ./SDK/startup/startup_mk64f12.o
                0x0000000000002916                DMA0_IRQHandler
 .text.DMA1_IRQHandler
                0x000000000000291e        0x8 ./SDK/startup/startup_mk64f12.o
                0x000000000000291e                DMA1_IRQHandler
 .text.DMA2_IRQHandler
                0x0000000000002926        0x8 ./SDK/startup/startup_mk64f12.o
                0x0000000000002926                DMA2_IRQHandler
 .text.DMA3_IRQHandler
                0x000000000000292e        0x8 ./SDK/startup/startup_mk64f12.o
                0x000000000000292e                DMA3_IRQHandler
 .text.DMA4_IRQHandler
                0x0000000000002936        0x8 ./SDK/startup/startup_mk64f12.o
                0x0000000000002936                DMA4_IRQHandler
 .text.DMA5_IRQHandler
                0x000000000000293e        0x8 ./SDK/startup/startup_mk64f12.o
                0x000000000000293e                DMA5_IRQHandler
 .text.DMA6_IRQHandler
                0x0000000000002946        0x8 ./SDK/startup/startup_mk64f12.o
                0x0000000000002946                DMA6_IRQHandler
 .text.DMA7_IRQHandler
                0x000000000000294e        0x8 ./SDK/startup/startup_mk64f12.o
                0x000000000000294e                DMA7_IRQHandler
 .text.DMA8_IRQHandler
                0x0000000000002956        0x8 ./SDK/startup/startup_mk64f12.o
                0x0000000000002956                DMA8_IRQHandler
 .text.DMA9_IRQHandler
                0x000000000000295e        0x8 ./SDK/startup/startup_mk64f12.o
                0x000000000000295e                DMA9_IRQHandler
 .text.DMA10_IRQHandler
                0x0000000000002966        0x8 ./SDK/startup/startup_mk64f12.o
                0x0000000000002966                DMA10_IRQHandler
 .text.DMA11_IRQHandler
                0x000000000000296e        0x8 ./SDK/startup/startup_mk64f12.o
                0x000000000000296e                DMA11_IRQHandler
 .text.DMA12_IRQHandler
                0x0000000000002976        0x8 ./SDK/startup/startup_mk64f12.o
                0x0000000000002976                DMA12_IRQHandler
 .text.DMA13_IRQHandler
                0x000000000000297e        0x8 ./SDK/startup/startup_mk64f12.o
                0x000000000000297e                DMA13_IRQHandler
 .text.DMA14_IRQHandler
                0x0000000000002986        0x8 ./SDK/startup/startup_mk64f12.o
                0x0000000000002986                DMA14_IRQHandler
 .text.DMA15_IRQHandler
                0x000000000000298e        0x8 ./SDK/startup/startup_mk64f12.o
                0x000000000000298e                DMA15_IRQHandler
 .text.DMA_Error_IRQHandler
                0x0000000000002996        0x8 ./SDK/startup/startup_mk64f12.o
                0x0000000000002996                DMA_Error_IRQHandler
 .text.MCM_IRQHandler
                0x000000000000299e        0x8 ./SDK/startup/startup_mk64f12.o
                0x000000000000299e                MCM_IRQHandler
 .text.FTFE_IRQHandler
                0x00000000000029a6        0x8 ./SDK/startup/startup_mk64f12.o
                0x00000000000029a6                FTFE_IRQHandler
 .text.Read_Collision_IRQHandler
                0x00000000000029ae        0x8 ./SDK/startup/startup_mk64f12.o
                0x00000000000029ae                Read_Collision_IRQHandler
 .text.LVD_LVW_IRQHandler
                0x00000000000029b6        0x8 ./SDK/startup/startup_mk64f12.o
                0x00000000000029b6                LVD_LVW_IRQHandler
 .text.LLWU_IRQHandler
                0x00000000000029be        0x8 ./SDK/startup/startup_mk64f12.o
                0x00000000000029be                LLWU_IRQHandler
 .text.WDOG_EWM_IRQHandler
                0x00000000000029c6        0x8 ./SDK/startup/startup_mk64f12.o
                0x00000000000029c6                WDOG_EWM_IRQHandler
 .text.RNG_IRQHandler
                0x00000000000029ce        0x8 ./SDK/startup/startup_mk64f12.o
                0x00000000000029ce                RNG_IRQHandler
 .text.I2C0_IRQHandler
                0x00000000000029d6        0x8 ./SDK/startup/startup_mk64f12.o
                0x00000000000029d6                I2C0_IRQHandler
 .text.I2C1_IRQHandler
                0x00000000000029de        0x8 ./SDK/startup/startup_mk64f12.o
                0x00000000000029de                I2C1_IRQHandler
 .text.SPI0_IRQHandler
                0x00000000000029e6        0x8 ./SDK/startup/startup_mk64f12.o
                0x00000000000029e6                SPI0_IRQHandler
 .text.SPI1_IRQHandler
                0x00000000000029ee        0x8 ./SDK/startup/startup_mk64f12.o
                0x00000000000029ee                SPI1_IRQHandler
 .text.I2S0_Tx_IRQHandler
                0x00000000000029f6        0x8 ./SDK/startup/startup_mk64f12.o
                0x00000000000029f6                I2S0_Tx_IRQHandler
 .text.I2S0_Rx_IRQHandler
                0x00000000000029fe        0x8 ./SDK/startup/startup_mk64f12.o
                0x00000000000029fe                I2S0_Rx_IRQHandler
 .text.UART0_LON_IRQHandler
                0x0000000000002a06        0x8 ./SDK/startup/startup_mk64f12.o
                0x0000000000002a06                UART0_LON_IRQHandler
 .text.UART0_RX_TX_IRQHandler
                0x0000000000002a0e        0x8 ./SDK/startup/startup_mk64f12.o
                0x0000000000002a0e                UART0_RX_TX_IRQHandler
 .text.UART0_ERR_IRQHandler
                0x0000000000002a16        0x8 ./SDK/startup/startup_mk64f12.o
                0x0000000000002a16                UART0_ERR_IRQHandler
 .text.UART1_RX_TX_IRQHandler
                0x0000000000002a1e        0x8 ./SDK/startup/startup_mk64f12.o
                0x0000000000002a1e                UART1_RX_TX_IRQHandler
 .text.UART1_ERR_IRQHandler
                0x0000000000002a26        0x8 ./SDK/startup/startup_mk64f12.o
                0x0000000000002a26                UART1_ERR_IRQHandler
 .text.UART2_RX_TX_IRQHandler
                0x0000000000002a2e        0x8 ./SDK/startup/startup_mk64f12.o
                0x0000000000002a2e                UART2_RX_TX_IRQHandler
 .text.UART2_ERR_IRQHandler
                0x0000000000002a36        0x8 ./SDK/startup/startup_mk64f12.o
                0x0000000000002a36                UART2_ERR_IRQHandler
 .text.UART3_RX_TX_IRQHandler
                0x0000000000002a3e        0x8 ./SDK/startup/startup_mk64f12.o
                0x0000000000002a3e                UART3_RX_TX_IRQHandler
 .text.UART3_ERR_IRQHandler
                0x0000000000002a46        0x8 ./SDK/startup/startup_mk64f12.o
                0x0000000000002a46                UART3_ERR_IRQHandler
 .text.ADC0_IRQHandler
                0x0000000000002a4e        0x8 ./SDK/startup/startup_mk64f12.o
                0x0000000000002a4e                ADC0_IRQHandler
 .text.CMP0_IRQHandler
                0x0000000000002a56        0x8 ./SDK/startup/startup_mk64f12.o
                0x0000000000002a56                CMP0_IRQHandler
 .text.CMP1_IRQHandler
                0x0000000000002a5e        0x8 ./SDK/startup/startup_mk64f12.o
                0x0000000000002a5e                CMP1_IRQHandler
 .text.FTM0_IRQHandler
                0x0000000000002a66        0x8 ./SDK/startup/startup_mk64f12.o
                0x0000000000002a66                FTM0_IRQHandler
 .text.FTM1_IRQHandler
                0x0000000000002a6e        0x8 ./SDK/startup/startup_mk64f12.o
                0x0000000000002a6e                FTM1_IRQHandler
 .text.FTM2_IRQHandler
                0x0000000000002a76        0x8 ./SDK/startup/startup_mk64f12.o
                0x0000000000002a76                FTM2_IRQHandler
 .text.CMT_IRQHandler
                0x0000000000002a7e        0x8 ./SDK/startup/startup_mk64f12.o
                0x0000000000002a7e                CMT_IRQHandler
 .text.RTC_IRQHandler
                0x0000000000002a86        0x8 ./SDK/startup/startup_mk64f12.o
                0x0000000000002a86                RTC_IRQHandler
 .text.RTC_Seconds_IRQHandler
                0x0000000000002a8e        0x8 ./SDK/startup/startup_mk64f12.o
                0x0000000000002a8e                RTC_Seconds_IRQHandler
 .text.PIT0_IRQHandler
                0x0000000000002a96        0x8 ./SDK/startup/startup_mk64f12.o
                0x0000000000002a96                PIT0_IRQHandler
 .text.PIT1_IRQHandler
                0x0000000000002a9e        0x8 ./SDK/startup/startup_mk64f12.o
                0x0000000000002a9e                PIT1_IRQHandler
 .text.PIT2_IRQHandler
                0x0000000000002aa6        0x8 ./SDK/startup/startup_mk64f12.o
                0x0000000000002aa6                PIT2_IRQHandler
 .text.PIT3_IRQHandler
                0x0000000000002aae        0x8 ./SDK/startup/startup_mk64f12.o
                0x0000000000002aae                PIT3_IRQHandler
 .text.PDB0_IRQHandler
                0x0000000000002ab6        0x8 ./SDK/startup/startup_mk64f12.o
                0x0000000000002ab6                PDB0_IRQHandler
 .text.USB0_IRQHandler
                0x0000000000002abe        0x8 ./SDK/startup/startup_mk64f12.o
                0x0000000000002abe                USB0_IRQHandler
 .text.USBDCD_IRQHandler
                0x0000000000002ac6        0x8 ./SDK/startup/startup_mk64f12.o
                0x0000000000002ac6                USBDCD_IRQHandler
 .text.Reserved71_IRQHandler
                0x0000000000002ace        0x8 ./SDK/startup/startup_mk64f12.o
                0x0000000000002ace                Reserved71_IRQHandler
 .text.DAC0_IRQHandler
                0x0000000000002ad6        0x8 ./SDK/startup/startup_mk64f12.o
                0x0000000000002ad6                DAC0_IRQHandler
 .text.MCG_IRQHandler
                0x0000000000002ade        0x8 ./SDK/startup/startup_mk64f12.o
                0x0000000000002ade                MCG_IRQHandler
 .text.LPTMR0_IRQHandler
                0x0000000000002ae6        0x8 ./SDK/startup/startup_mk64f12.o
                0x0000000000002ae6                LPTMR0_IRQHandler
 .text.PORTB_IRQHandler
                0x0000000000002aee        0x8 ./SDK/startup/startup_mk64f12.o
                0x0000000000002aee                PORTB_IRQHandler
 .text.PORTE_IRQHandler
                0x0000000000002af6        0x8 ./SDK/startup/startup_mk64f12.o
                0x0000000000002af6                PORTE_IRQHandler
 .text.SWI_IRQHandler
                0x0000000000002afe        0x8 ./SDK/startup/startup_mk64f12.o
                0x0000000000002afe                SWI_IRQHandler
 .text.SPI2_IRQHandler
                0x0000000000002b06        0x8 ./SDK/startup/startup_mk64f12.o
                0x0000000000002b06                SPI2_IRQHandler
 .text.UART4_RX_TX_IRQHandler
                0x0000000000002b0e        0x8 ./SDK/startup/startup_mk64f12.o
                0x0000000000002b0e                UART4_RX_TX_IRQHandler
 .text.UART4_ERR_IRQHandler
                0x0000000000002b16        0x8 ./SDK/startup/startup_mk64f12.o
                0x0000000000002b16                UART4_ERR_IRQHandler
 .text.UART5_RX_TX_IRQHandler
                0x0000000000002b1e        0x8 ./SDK/startup/startup_mk64f12.o
                0x0000000000002b1e                UART5_RX_TX_IRQHandler
 .text.UART5_ERR_IRQHandler
                0x0000000000002b26        0x8 ./SDK/startup/startup_mk64f12.o
                0x0000000000002b26                UART5_ERR_IRQHandler
 .text.CMP2_IRQHandler
                0x0000000000002b2e        0x8 ./SDK/startup/startup_mk64f12.o
                0x0000000000002b2e                CMP2_IRQHandler
 .text.FTM3_IRQHandler
                0x0000000000002b36        0x8 ./SDK/startup/startup_mk64f12.o
                0x0000000000002b36                FTM3_IRQHandler
 .text.DAC1_IRQHandler
                0x0000000000002b3e        0x8 ./SDK/startup/startup_mk64f12.o
                0x0000000000002b3e                DAC1_IRQHandler
 .text.ADC1_IRQHandler
                0x0000000000002b46        0x8 ./SDK/startup/startup_mk64f12.o
                0x0000000000002b46                ADC1_IRQHandler
 .text.I2C2_IRQHandler
                0x0000000000002b4e        0x8 ./SDK/startup/startup_mk64f12.o
                0x0000000000002b4e                I2C2_IRQHandler
 .text.CAN0_ORed_Message_buffer_IRQHandler
                0x0000000000002b56        0x8 ./SDK/startup/startup_mk64f12.o
                0x0000000000002b56                CAN0_ORed_Message_buffer_IRQHandler
 .text.CAN0_Bus_Off_IRQHandler
                0x0000000000002b5e        0x8 ./SDK/startup/startup_mk64f12.o
                0x0000000000002b5e                CAN0_Bus_Off_IRQHandler
 .text.CAN0_Error_IRQHandler
                0x0000000000002b66        0x8 ./SDK/startup/startup_mk64f12.o
                0x0000000000002b66                CAN0_Error_IRQHandler
 .text.CAN0_Tx_Warning_IRQHandler
                0x0000000000002b6e        0x8 ./SDK/startup/startup_mk64f12.o
                0x0000000000002b6e                CAN0_Tx_Warning_IRQHandler
 .text.CAN0_Rx_Warning_IRQHandler
                0x0000000000002b76        0x8 ./SDK/startup/startup_mk64f12.o
                0x0000000000002b76                CAN0_Rx_Warning_IRQHandler
 .text.CAN0_Wake_Up_IRQHandler
                0x0000000000002b7e        0x8 ./SDK/startup/startup_mk64f12.o
                0x0000000000002b7e                CAN0_Wake_Up_IRQHandler
 .text.SDHC_IRQHandler
                0x0000000000002b86        0x8 ./SDK/startup/startup_mk64f12.o
                0x0000000000002b86                SDHC_IRQHandler
 .text.ENET_1588_Timer_IRQHandler
                0x0000000000002b8e        0x8 ./SDK/startup/startup_mk64f12.o
                0x0000000000002b8e                ENET_1588_Timer_IRQHandler
 .text.ENET_Transmit_IRQHandler
                0x0000000000002b96        0x8 ./SDK/startup/startup_mk64f12.o
                0x0000000000002b96                ENET_Transmit_IRQHandler
 .text.ENET_Receive_IRQHandler
                0x0000000000002b9e        0x8 ./SDK/startup/startup_mk64f12.o
                0x0000000000002b9e                ENET_Receive_IRQHandler
 .text.ENET_Error_IRQHandler
                0x0000000000002ba6        0x8 ./SDK/startup/startup_mk64f12.o
                0x0000000000002ba6                ENET_Error_IRQHandler
 .text.SystemInitHook
                0x0000000000002bae        0xe ./SDK/CMSIS/system_MK64F12.o
                0x0000000000002bae                SystemInitHook
 *(SORT_BY_ALIGNMENT(.rodata) SORT_BY_ALIGNMENT(.rodata.*) SORT_BY_ALIGNMENT(.constdata) SORT_BY_ALIGNMENT(.constdata.*))
                0x0000000000002bc0                . = ALIGN (0x8)
 *fill*         0x0000000000002bbc        0x4 ff

.glue_7         0x0000000000002bc0        0x0
 .glue_7        0x0000000000002bc0        0x0 linker stubs

.glue_7t        0x0000000000002bc0        0x0
 .glue_7t       0x0000000000002bc0        0x0 linker stubs

.vfp11_veneer   0x0000000000002bc0        0x0
 .vfp11_veneer  0x0000000000002bc0        0x0 linker stubs

.v4_bx          0x0000000000002bc0        0x0
 .v4_bx         0x0000000000002bc0        0x0 linker stubs

.iplt           0x0000000000002bc0        0x0
 .iplt          0x0000000000002bc0        0x0 ./source/App.o

.rel.dyn        0x0000000000002bc0        0x0
 .rel.iplt      0x0000000000002bc0        0x0 ./source/App.o

.ARM.extab
 *(SORT_BY_ALIGNMENT(.ARM.extab*) SORT_BY_ALIGNMENT(.gnu.linkonce.armextab.*))
                0x0000000000002bc0                __exidx_start = .

.ARM.exidx
 *(SORT_BY_ALIGNMENT(.ARM.exidx*) SORT_BY_ALIGNMENT(.gnu.linkonce.armexidx.*))
                0x0000000000002bc0                __exidx_end = .
                0x0000000000002bc0                _etext = .

.m_usb_data
 *(SORT_BY_ALIGNMENT(m_usb_bdt))

.data_RAM2      0x000000001fff0000        0x0 load address 0x0000000000002bc0
 FILL mask 0xff
                [!provide]                        PROVIDE (__start_data_RAM2 = .)
 *(SORT_BY_ALIGNMENT(.ramfunc.$RAM2))
 *(SORT_BY_ALIGNMENT(.ramfunc.$SRAM_LOWER))
 *(SORT_BY_ALIGNMENT(.data.$RAM2))
 *(SORT_BY_ALIGNMENT(.data.$SRAM_LOWER))
 *(SORT_BY_ALIGNMENT(.data.$RAM2.*))
 *(SORT_BY_ALIGNMENT(.data.$SRAM_LOWER.*))
                0x000000001fff0000                . = ALIGN (0x8)
                [!provide]                        PROVIDE (__end_data_RAM2 = .)

.data_RAM3      0x0000000014000000        0x0 load address 0x0000000000002bc0
 FILL mask 0xff
                [!provide]                        PROVIDE (__start_data_RAM3 = .)
 *(SORT_BY_ALIGNMENT(.ramfunc.$RAM3))
 *(SORT_BY_ALIGNMENT(.ramfunc.$FLEX_RAM))
 *(SORT_BY_ALIGNMENT(.data.$RAM3))
 *(SORT_BY_ALIGNMENT(.data.$FLEX_RAM))
 *(SORT_BY_ALIGNMENT(.data.$RAM3.*))
 *(SORT_BY_ALIGNMENT(.data.$FLEX_RAM.*))
                0x0000000014000000                . = ALIGN (0x8)
                [!provide]                        PROVIDE (__end_data_RAM3 = .)

.uninit_RESERVED
                0x0000000020000000        0x0
                0x0000000020000000                . = ALIGN (0x8)
 *(SORT_BY_ALIGNMENT(.bss.$RESERVED*))
                0x0000000020000000                . = ALIGN (0x8)
                0x0000000020000000                _end_uninit_RESERVED = .

.data           0x0000000020000000      0x140 load address 0x0000000000002bc0
 FILL mask 0xff
                0x0000000020000000                _data = .
 *(SORT_BY_ALIGNMENT(vtable))
 *(SORT_BY_ALIGNMENT(.ramfunc*))
 *(SORT_BY_ALIGNMENT(.data*))
 .data.id_vector
                0x0000000020000000       0x2c ./source/App.o
 .data.pin_vector
                0x000000002000002c       0x20 ./source/App.o
 .data.bright_vector
                0x000000002000004c       0x10 ./source/App.o
 .data.users    0x000000002000005c       0x34 ./source/App.o
 .data.default_id
                0x0000000020000090       0x20 ./source/App.o
 .data.segments
                0x00000000200000b0       0x20 ./source/DisplayBoard.o
 .data.disp_selector
                0x00000000200000d0        0x8 ./source/DisplayBoard.o
 .data.status_leds
                0x00000000200000d8        0x8 ./source/DisplayBoard.o
 .data.disp_vector
                0x00000000200000e0       0x10 ./source/DisplayBoard.o
 .data.brightness
                0x00000000200000f0        0x4 ./source/DisplayBoard.o
 .data.dsp      0x00000000200000f4        0x4 ./source/DisplayBoard.o
 .data.SysTick_ptr
                0x00000000200000f8        0x4 ./source/SysTick.o
 .data.gpioPtrs
                0x00000000200000fc       0x14 ./source/gpio.o
 .data.portPtrs
                0x0000000020000110       0x14 ./source/gpio.o
 .data.simMasks
                0x0000000020000124       0x14 ./source/gpio.o
 .data.sim_ptr  0x0000000020000138        0x4 ./source/gpio.o
 .data.timers_cant
                0x000000002000013c        0x1 ./source/timer.o
                0x0000000020000140                . = ALIGN (0x8)
 *fill*         0x000000002000013d        0x3 ff
                0x0000000020000140                _edata = .

.igot.plt       0x0000000020000140        0x0 load address 0x0000000000002d00
 .igot.plt      0x0000000020000140        0x0 ./source/App.o

.bss_RAM2       0x000000001fff0000        0x0
                0x000000001fff0000                . = ALIGN (0x8)
                [!provide]                        PROVIDE (__start_bss_RAM2 = .)
 *(SORT_BY_ALIGNMENT(.bss.$RAM2))
 *(SORT_BY_ALIGNMENT(.bss.$SRAM_LOWER))
 *(SORT_BY_ALIGNMENT(.bss.$RAM2.*))
 *(SORT_BY_ALIGNMENT(.bss.$SRAM_LOWER.*))
                0x000000001fff0000                . = ALIGN ((. != 0x0)?0x8:0x1)
                [!provide]                        PROVIDE (__end_bss_RAM2 = .)

.bss_RAM3       0x0000000014000000        0x0
                0x0000000014000000                . = ALIGN (0x8)
                [!provide]                        PROVIDE (__start_bss_RAM3 = .)
 *(SORT_BY_ALIGNMENT(.bss.$RAM3))
 *(SORT_BY_ALIGNMENT(.bss.$FLEX_RAM))
 *(SORT_BY_ALIGNMENT(.bss.$RAM3.*))
 *(SORT_BY_ALIGNMENT(.bss.$FLEX_RAM.*))
                0x0000000014000000                . = ALIGN ((. != 0x0)?0x8:0x1)
                [!provide]                        PROVIDE (__end_bss_RAM3 = .)

.bss            0x0000000020000140      0x438
                0x0000000020000140                . = ALIGN (0x8)
                0x0000000020000140                _bss = .
 *(SORT_BY_ALIGNMENT(.bss*))
 .bss.aux_id    0x0000000020000140        0x4 ./source/App.o
 .bss.fsm       0x0000000020000144        0x4 ./source/App.o
 .bss.flash_counter
                0x0000000020000148        0x4 ./source/DisplayBoard.o
 .bss.cursor_flash
                0x000000002000014c        0x4 ./source/DisplayBoard.o
 .bss.bright_time
                0x0000000020000150        0x4 ./source/DisplayBoard.o
 .bss.vector_cont
                0x0000000020000154        0x4 ./source/DisplayBoard.o
 .bss.actual_len
                0x0000000020000158        0x4 ./source/DisplayBoard.o
 .bss.actual_prefix
                0x000000002000015c        0x4 ./source/DisplayBoard.o
 .bss.pin_pointer
                0x0000000020000160        0x4 ./source/DisplayBoard.o
 .bss.channel_flag
                0x0000000020000164        0x4 ./source/Encoder.o
 .bss.pan       0x0000000020000168       0x4c ./source/Lector.o
 .bss.data      0x00000000200001b4       0x28 ./source/Lector.o
 .bss.callbackTick
                0x00000000200001dc        0x4 ./source/SysTick.o
 .bss.isr_Matrix
                0x00000000200001e0      0x280 ./source/gpio.o
 .bss.timers    0x0000000020000460      0x100 ./source/timer.o
 .bss.__LDM_interruptDisableCount
                0x0000000020000560        0x4 ./SDK/startup/hardware.o
 .bss.timerDisp
                0x0000000020000564        0x1 ./source/App.o
 .bss.timerSw   0x0000000020000565        0x1 ./source/App.o
 .bss.timerEncCH
                0x0000000020000566        0x1 ./source/App.o
 .bss.timerEncSwitch
                0x0000000020000567        0x1 ./source/App.o
 .bss.timerPestillo
                0x0000000020000568        0x1 ./source/App.o
 .bss.load_menu
                0x0000000020000569        0x1 ./source/DisplayBoard.o
 .bss.roll_end  0x000000002000056a        0x1 ./source/DisplayBoard.o
 .bss.shift_hab
                0x000000002000056b        0x1 ./source/DisplayBoard.o
 .bss.OK_sw     0x000000002000056c        0x1 ./source/InternalControl.o
 .bss.CANCEL_sw
                0x000000002000056d        0x1 ./source/InternalControl.o
 .bss.Enable    0x000000002000056e        0x1 ./source/Lector.o
 .bss.chkEnable
                0x000000002000056f        0x1 ./source/Lector.o
 .bss.count     0x0000000020000570        0x1 ./source/Lector.o
 .bss.bits      0x0000000020000571        0x1 ./source/Lector.o
 .bss.lrc       0x0000000020000572        0x1 ./source/Lector.o
 .bss.word      0x0000000020000573        0x1 ./source/Lector.o
 .bss.end       0x0000000020000574        0x1 ./source/Lector.o
 .bss.yaInit.7551
                0x0000000020000575        0x1 ./source/timer.o
 *(SORT_BY_ALIGNMENT(COMMON))
                0x0000000020000578                . = ALIGN (0x8)
 *fill*         0x0000000020000576        0x2 
                0x0000000020000578                _ebss = .
                [!provide]                        PROVIDE (end = .)

.noinit_RAM2    0x000000001fff0000        0x0
                0x000000001fff0000                . = ALIGN (0x8)
 *(SORT_BY_ALIGNMENT(.noinit.$RAM2))
 *(SORT_BY_ALIGNMENT(.noinit.$SRAM_LOWER))
 *(SORT_BY_ALIGNMENT(.noinit.$RAM2.*))
 *(SORT_BY_ALIGNMENT(.noinit.$SRAM_LOWER.*))
                0x000000001fff0000                . = ALIGN (0x8)

.noinit_RAM3    0x0000000014000000        0x0
                0x0000000014000000                . = ALIGN (0x8)
 *(SORT_BY_ALIGNMENT(.noinit.$RAM3))
 *(SORT_BY_ALIGNMENT(.noinit.$FLEX_RAM))
 *(SORT_BY_ALIGNMENT(.noinit.$RAM3.*))
 *(SORT_BY_ALIGNMENT(.noinit.$FLEX_RAM.*))
                0x0000000014000000                . = ALIGN (0x8)

.noinit         0x0000000020000578        0x0
                0x0000000020000578                . = ALIGN (0x8)
                0x0000000020000578                _noinit = .
 *(SORT_BY_ALIGNMENT(.noinit*))
                0x0000000020000578                . = ALIGN (0x8)
                0x0000000020000578                _end_noinit = .
                0x0000000000001000                _HeapSize = 0x1000

.heap           0x0000000020000578     0x1000
                0x0000000020000578                _pvHeapStart = .
                0x0000000020001578                . = (. + _HeapSize)
 *fill*         0x0000000020000578     0x1000 
                0x0000000020001578                . = ALIGN (0x8)
                0x0000000020001578                _pvHeapLimit = .
                0x0000000000001000                _StackSize = 0x1000

.heap2stackfill
                0x0000000020001578     0x1000
                0x0000000020002578                . = (. + _StackSize)
 *fill*         0x0000000020001578     0x1000 

.stack          0x000000002002f000        0x0
                0x000000002002f000                _vStackBase = .
                0x000000002002f000                . = ALIGN (0x8)
                0x0000000020030000                _vStackTop = (. + _StackSize)
                0x0000000000000000                _image_start = LOADADDR (.text)
                0x0000000000002d00                _image_end = (LOADADDR (.data) + SIZEOF (.data))
                0x0000000000002d00                _image_size = (_image_end - _image_start)
OUTPUT(Blink.axf elf32-littlearm)

.debug_info     0x0000000000000000     0x6827
 .debug_info    0x0000000000000000      0xc1c ./source/App.o
 .debug_info    0x0000000000000c1c      0xcc8 ./source/DisplayBoard.o
 .debug_info    0x00000000000018e4      0xa3c ./source/Encoder.o
 .debug_info    0x0000000000002320      0xe75 ./source/InternalControl.o
 .debug_info    0x0000000000003195      0x739 ./source/Lector.o
 .debug_info    0x00000000000038ce      0x549 ./source/SysTick.o
 .debug_info    0x0000000000003e17      0x722 ./source/gpio.o
 .debug_info    0x0000000000004539      0xb93 ./source/timer.o
 .debug_info    0x00000000000050cc      0x6dc ./SDK/startup/hardware.o
 .debug_info    0x00000000000057a8       0xbc ./SDK/startup/main.o
 .debug_info    0x0000000000005864       0x3c ./SDK/startup/semihost_hardfault.o
 .debug_info    0x00000000000058a0      0x92e ./SDK/startup/startup_mk64f12.o
 .debug_info    0x00000000000061ce      0x659 ./SDK/CMSIS/system_MK64F12.o

.debug_abbrev   0x0000000000000000     0x1896
 .debug_abbrev  0x0000000000000000      0x260 ./source/App.o
 .debug_abbrev  0x0000000000000260      0x2f7 ./source/DisplayBoard.o
 .debug_abbrev  0x0000000000000557      0x283 ./source/Encoder.o
 .debug_abbrev  0x00000000000007da      0x2e2 ./source/InternalControl.o
 .debug_abbrev  0x0000000000000abc      0x289 ./source/Lector.o
 .debug_abbrev  0x0000000000000d45      0x1c2 ./source/SysTick.o
 .debug_abbrev  0x0000000000000f07      0x1cb ./source/gpio.o
 .debug_abbrev  0x00000000000010d2      0x2e5 ./source/timer.o
 .debug_abbrev  0x00000000000013b7      0x154 ./SDK/startup/hardware.o
 .debug_abbrev  0x000000000000150b       0x85 ./SDK/startup/main.o
 .debug_abbrev  0x0000000000001590       0x31 ./SDK/startup/semihost_hardfault.o
 .debug_abbrev  0x00000000000015c1      0x17a ./SDK/startup/startup_mk64f12.o
 .debug_abbrev  0x000000000000173b      0x15b ./SDK/CMSIS/system_MK64F12.o

.debug_aranges  0x0000000000000000      0x698
 .debug_aranges
                0x0000000000000000       0x58 ./source/App.o
 .debug_aranges
                0x0000000000000058       0x70 ./source/DisplayBoard.o
 .debug_aranges
                0x00000000000000c8       0x48 ./source/Encoder.o
 .debug_aranges
                0x0000000000000110       0x60 ./source/InternalControl.o
 .debug_aranges
                0x0000000000000170       0x78 ./source/Lector.o
 .debug_aranges
                0x00000000000001e8       0x30 ./source/SysTick.o
 .debug_aranges
                0x0000000000000218       0x60 ./source/gpio.o
 .debug_aranges
                0x0000000000000278       0x50 ./source/timer.o
 .debug_aranges
                0x00000000000002c8       0x30 ./SDK/startup/hardware.o
 .debug_aranges
                0x00000000000002f8       0x20 ./SDK/startup/main.o
 .debug_aranges
                0x0000000000000318       0x20 ./SDK/startup/semihost_hardfault.o
 .debug_aranges
                0x0000000000000338      0x330 ./SDK/startup/startup_mk64f12.o
 .debug_aranges
                0x0000000000000668       0x30 ./SDK/CMSIS/system_MK64F12.o

.debug_ranges   0x0000000000000000      0x5c8
 .debug_ranges  0x0000000000000000       0x48 ./source/App.o
 .debug_ranges  0x0000000000000048       0x60 ./source/DisplayBoard.o
 .debug_ranges  0x00000000000000a8       0x38 ./source/Encoder.o
 .debug_ranges  0x00000000000000e0       0x50 ./source/InternalControl.o
 .debug_ranges  0x0000000000000130       0x68 ./source/Lector.o
 .debug_ranges  0x0000000000000198       0x20 ./source/SysTick.o
 .debug_ranges  0x00000000000001b8       0x50 ./source/gpio.o
 .debug_ranges  0x0000000000000208       0x40 ./source/timer.o
 .debug_ranges  0x0000000000000248       0x20 ./SDK/startup/hardware.o
 .debug_ranges  0x0000000000000268       0x10 ./SDK/startup/main.o
 .debug_ranges  0x0000000000000278       0x10 ./SDK/startup/semihost_hardfault.o
 .debug_ranges  0x0000000000000288      0x320 ./SDK/startup/startup_mk64f12.o
 .debug_ranges  0x00000000000005a8       0x20 ./SDK/CMSIS/system_MK64F12.o

.debug_macro    0x0000000000000000    0x12c9e
 .debug_macro   0x0000000000000000      0x162 ./source/App.o
 .debug_macro   0x0000000000000162      0xa9c ./source/App.o
 .debug_macro   0x0000000000000bfe      0x34e ./source/App.o
 .debug_macro   0x0000000000000f4c       0x22 ./source/App.o
 .debug_macro   0x0000000000000f6e       0x18 ./source/App.o
 .debug_macro   0x0000000000000f86       0x22 ./source/App.o
 .debug_macro   0x0000000000000fa8       0x58 ./source/App.o
 .debug_macro   0x0000000000001000       0x94 ./source/App.o
 .debug_macro   0x0000000000001094       0x35 ./source/App.o
 .debug_macro   0x00000000000010c9       0x34 ./source/App.o
 .debug_macro   0x00000000000010fd       0x16 ./source/App.o
 .debug_macro   0x0000000000001113      0x10e ./source/App.o
 .debug_macro   0x0000000000001221       0x8d ./source/App.o
 .debug_macro   0x00000000000012ae       0x57 ./source/App.o
 .debug_macro   0x0000000000001305       0x58 ./source/App.o
 .debug_macro   0x000000000000135d       0x1f ./source/App.o
 .debug_macro   0x000000000000137c       0x43 ./source/App.o
 .debug_macro   0x00000000000013bf       0x20 ./source/App.o
 .debug_macro   0x00000000000013df      0x18e ./source/App.o
 .debug_macro   0x000000000000156d      0x339 ./source/App.o
 .debug_macro   0x00000000000018a6       0x16 ./source/App.o
 .debug_macro   0x00000000000018bc       0x29 ./source/App.o
 .debug_macro   0x00000000000018e5       0x1c ./source/App.o
 .debug_macro   0x0000000000001901       0xd6 ./source/App.o
 .debug_macro   0x00000000000019d7       0x22 ./source/App.o
 .debug_macro   0x00000000000019f9       0x34 ./source/App.o
 .debug_macro   0x0000000000001a2d      0x1b7 ./source/DisplayBoard.o
 .debug_macro   0x0000000000001be4       0xd0 ./source/DisplayBoard.o
 .debug_macro   0x0000000000001cb4       0x10 ./source/DisplayBoard.o
 .debug_macro   0x0000000000001cc4       0x5c ./source/DisplayBoard.o
 .debug_macro   0x0000000000001d20       0x1c ./source/DisplayBoard.o
 .debug_macro   0x0000000000001d3c       0x22 ./source/DisplayBoard.o
 .debug_macro   0x0000000000001d5e       0xd9 ./source/DisplayBoard.o
 .debug_macro   0x0000000000001e37      0xecf ./source/DisplayBoard.o
 .debug_macro   0x0000000000002d06       0x48 ./source/DisplayBoard.o
 .debug_macro   0x0000000000002d4e     0xe07b ./source/DisplayBoard.o
 .debug_macro   0x0000000000010dc9     0x122b ./source/DisplayBoard.o
 .debug_macro   0x0000000000011ff4       0x16 ./source/DisplayBoard.o
 .debug_macro   0x000000000001200a       0x3a ./source/DisplayBoard.o
 .debug_macro   0x0000000000012044       0xa6 ./source/DisplayBoard.o
 .debug_macro   0x00000000000120ea      0x1ae ./source/Encoder.o
 .debug_macro   0x0000000000012298       0x1c ./source/Encoder.o
 .debug_macro   0x00000000000122b4      0x1a9 ./source/InternalControl.o
 .debug_macro   0x000000000001245d       0xd2 ./source/Lector.o
 .debug_macro   0x000000000001252f      0x174 ./source/Lector.o
 .debug_macro   0x00000000000126a3       0xdf ./source/Lector.o
 .debug_macro   0x0000000000012782       0xac ./source/SysTick.o
 .debug_macro   0x000000000001282e       0xab ./source/gpio.o
 .debug_macro   0x00000000000128d9      0x1c3 ./source/timer.o
 .debug_macro   0x0000000000012a9c       0x10 ./source/timer.o
 .debug_macro   0x0000000000012aac       0x9c ./SDK/startup/hardware.o
 .debug_macro   0x0000000000012b48       0x9c ./SDK/startup/main.o
 .debug_macro   0x0000000000012be4       0x11 ./SDK/startup/semihost_hardfault.o
 .debug_macro   0x0000000000012bf5       0x29 ./SDK/startup/startup_mk64f12.o
 .debug_macro   0x0000000000012c1e       0x80 ./SDK/CMSIS/system_MK64F12.o

.debug_line     0x0000000000000000     0x3d69
 .debug_line    0x0000000000000000      0x5fe ./source/App.o
 .debug_line    0x00000000000005fe      0xbd4 ./source/DisplayBoard.o
 .debug_line    0x00000000000011d2      0x507 ./source/Encoder.o
 .debug_line    0x00000000000016d9      0x559 ./source/InternalControl.o
 .debug_line    0x0000000000001c32      0x475 ./source/Lector.o
 .debug_line    0x00000000000020a7      0x235 ./source/SysTick.o
 .debug_line    0x00000000000022dc      0x3df ./source/gpio.o
 .debug_line    0x00000000000026bb      0x59e ./source/timer.o
 .debug_line    0x0000000000002c59      0x2aa ./SDK/startup/hardware.o
 .debug_line    0x0000000000002f03      0x1bf ./SDK/startup/main.o
 .debug_line    0x00000000000030c2       0x5f ./SDK/startup/semihost_hardfault.o
 .debug_line    0x0000000000003121      0x914 ./SDK/startup/startup_mk64f12.o
 .debug_line    0x0000000000003a35      0x334 ./SDK/CMSIS/system_MK64F12.o

.debug_str      0x0000000000000000    0x7c0be
 .debug_str     0x0000000000000000     0x6f34 ./source/App.o
                                       0x716f (size before relaxing)
 .debug_str     0x0000000000006f34    0x73c61 ./source/DisplayBoard.o
                                      0x7aa6a (size before relaxing)
 .debug_str     0x000000000007ab95       0x7f ./source/Encoder.o
                                      0x7a777 (size before relaxing)
 .debug_str     0x000000000007ac14      0x643 ./source/InternalControl.o
                                      0x7ad90 (size before relaxing)
 .debug_str     0x000000000007b257       0xc3 ./source/Lector.o
                                      0x77e19 (size before relaxing)
 .debug_str     0x000000000007b31a       0x9f ./source/SysTick.o
                                      0x7769b (size before relaxing)
 .debug_str     0x000000000007b3b9      0x202 ./source/gpio.o
                                      0x77348 (size before relaxing)
 .debug_str     0x000000000007b5bb       0xe1 ./source/timer.o
                                      0x7a894 (size before relaxing)
 .debug_str     0x000000000007b69c      0x178 ./SDK/startup/hardware.o
                                      0x772d9 (size before relaxing)
 .debug_str     0x000000000007b814       0x1b ./SDK/startup/main.o
                                      0x770ad (size before relaxing)
 .debug_str     0x000000000007b82f       0x36 ./SDK/startup/semihost_hardfault.o
                                       0x2e13 (size before relaxing)
 .debug_str     0x000000000007b865      0x7f7 ./SDK/startup/startup_mk64f12.o
                                       0x3681 (size before relaxing)
 .debug_str     0x000000000007c05c       0x62 ./SDK/CMSIS/system_MK64F12.o
                                      0x771e8 (size before relaxing)

.comment        0x0000000000000000       0x75
 .comment       0x0000000000000000       0x75 ./source/App.o
                                         0x76 (size before relaxing)
 .comment       0x0000000000000075       0x76 ./source/DisplayBoard.o
 .comment       0x0000000000000075       0x76 ./source/Encoder.o
 .comment       0x0000000000000075       0x76 ./source/InternalControl.o
 .comment       0x0000000000000075       0x76 ./source/Lector.o
 .comment       0x0000000000000075       0x76 ./source/SysTick.o
 .comment       0x0000000000000075       0x76 ./source/gpio.o
 .comment       0x0000000000000075       0x76 ./source/timer.o
 .comment       0x0000000000000075       0x76 ./SDK/startup/hardware.o
 .comment       0x0000000000000075       0x76 ./SDK/startup/main.o
 .comment       0x0000000000000075       0x76 ./SDK/startup/semihost_hardfault.o
 .comment       0x0000000000000075       0x76 ./SDK/startup/startup_mk64f12.o
 .comment       0x0000000000000075       0x76 ./SDK/CMSIS/system_MK64F12.o

.ARM.attributes
                0x0000000000000000       0x32
 .ARM.attributes
                0x0000000000000000       0x34 ./source/App.o
 .ARM.attributes
                0x0000000000000034       0x34 ./source/DisplayBoard.o
 .ARM.attributes
                0x0000000000000068       0x34 ./source/Encoder.o
 .ARM.attributes
                0x000000000000009c       0x34 ./source/InternalControl.o
 .ARM.attributes
                0x00000000000000d0       0x34 ./source/Lector.o
 .ARM.attributes
                0x0000000000000104       0x34 ./source/SysTick.o
 .ARM.attributes
                0x0000000000000138       0x34 ./source/gpio.o
 .ARM.attributes
                0x000000000000016c       0x34 ./source/timer.o
 .ARM.attributes
                0x00000000000001a0       0x34 ./SDK/startup/hardware.o
 .ARM.attributes
                0x00000000000001d4       0x34 ./SDK/startup/main.o
 .ARM.attributes
                0x0000000000000208       0x34 ./SDK/startup/semihost_hardfault.o
 .ARM.attributes
                0x000000000000023c       0x34 ./SDK/startup/startup_mk64f12.o
 .ARM.attributes
                0x0000000000000270       0x34 ./SDK/CMSIS/system_MK64F12.o

.debug_frame    0x0000000000000000     0x13ac
 .debug_frame   0x0000000000000000      0x108 ./source/App.o
 .debug_frame   0x0000000000000108      0x198 ./source/DisplayBoard.o
 .debug_frame   0x00000000000002a0       0xcc ./source/Encoder.o
 .debug_frame   0x000000000000036c      0x138 ./source/InternalControl.o
 .debug_frame   0x00000000000004a4      0x1b0 ./source/Lector.o
 .debug_frame   0x0000000000000654       0x88 ./source/SysTick.o
 .debug_frame   0x00000000000006dc      0x190 ./source/gpio.o
 .debug_frame   0x000000000000086c      0x10c ./source/timer.o
 .debug_frame   0x0000000000000978       0x70 ./SDK/startup/hardware.o
 .debug_frame   0x00000000000009e8       0x2c ./SDK/startup/main.o
 .debug_frame   0x0000000000000a14       0x20 ./SDK/startup/semihost_hardfault.o
 .debug_frame   0x0000000000000a34      0x904 ./SDK/startup/startup_mk64f12.o
 .debug_frame   0x0000000000001338       0x74 ./SDK/CMSIS/system_MK64F12.o
