Archive member included to satisfy reference by file (symbol)

c:/nxp/mcuxpressoide_10.2.0_759/ide/tools/bin/../lib/gcc/arm-none-eabi/7.2.1/../../../../arm-none-eabi/lib/thumb/v7e-m/fpv4-sp/hard\libcr_c.a(memcpy.o)
                              ./source/App.o (memcpy)
c:/nxp/mcuxpressoide_10.2.0_759/ide/tools/bin/../lib/gcc/arm-none-eabi/7.2.1/../../../../arm-none-eabi/lib/thumb/v7e-m/fpv4-sp/hard\libcr_c.a(memcmp.o)
                              ./source/Users.o (memcmp)
c:/nxp/mcuxpressoide_10.2.0_759/ide/tools/bin/../lib/gcc/arm-none-eabi/7.2.1/thumb/v7e-m/fpv4-sp/hard\libcr_eabihelpers.a(memcpy.o)
                              c:/nxp/mcuxpressoide_10.2.0_759/ide/tools/bin/../lib/gcc/arm-none-eabi/7.2.1/../../../../arm-none-eabi/lib/thumb/v7e-m/fpv4-sp/hard\libcr_c.a(memcpy.o) (__aeabi_memcpy)

Discarded input sections

 .group         0x00000000        0xc ./source/App.o
 .group         0x00000000        0xc ./source/App.o
 .group         0x00000000        0xc ./source/App.o
 .group         0x00000000        0xc ./source/App.o
 .group         0x00000000        0xc ./source/App.o
 .group         0x00000000        0xc ./source/App.o
 .group         0x00000000        0xc ./source/App.o
 .group         0x00000000        0xc ./source/App.o
 .group         0x00000000        0xc ./source/App.o
 .group         0x00000000        0xc ./source/App.o
 .group         0x00000000        0xc ./source/App.o
 .group         0x00000000        0xc ./source/App.o
 .group         0x00000000        0xc ./source/App.o
 .group         0x00000000        0xc ./source/App.o
 .group         0x00000000        0xc ./source/App.o
 .group         0x00000000        0xc ./source/App.o
 .group         0x00000000        0xc ./source/App.o
 .group         0x00000000        0xc ./source/App.o
 .group         0x00000000        0xc ./source/App.o
 .group         0x00000000        0xc ./source/App.o
 .group         0x00000000        0xc ./source/App.o
 .group         0x00000000        0xc ./source/App.o
 .group         0x00000000        0xc ./source/App.o
 .group         0x00000000        0xc ./source/App.o
 .group         0x00000000        0xc ./source/App.o
 .group         0x00000000        0xc ./source/App.o
 .group         0x00000000        0xc ./source/App.o
 .text          0x00000000        0x0 ./source/App.o
 .data          0x00000000        0x0 ./source/App.o
 .bss           0x00000000        0x0 ./source/App.o
 .data.checkoutOK_vec
                0x00000000       0x38 ./source/App.o
 .data.checkoutERROR_vec
                0x00000000       0x48 ./source/App.o
 .data.idError_vec
                0x00000000       0x48 ./source/App.o
 .data.hello_vec
                0x00000000       0x78 ./source/App.o
 .data.new_pin_vec
                0x00000000       0x58 ./source/App.o
 .data.conf_pin_vec
                0x00000000       0x5c ./source/App.o
 .data.modf_ok_vec
                0x00000000       0x4c ./source/App.o
 .group         0x00000000        0xc ./source/DisplayBoard.o
 .group         0x00000000        0xc ./source/DisplayBoard.o
 .group         0x00000000        0xc ./source/DisplayBoard.o
 .group         0x00000000        0xc ./source/DisplayBoard.o
 .group         0x00000000        0xc ./source/DisplayBoard.o
 .group         0x00000000        0xc ./source/DisplayBoard.o
 .group         0x00000000        0xc ./source/DisplayBoard.o
 .group         0x00000000        0xc ./source/DisplayBoard.o
 .group         0x00000000        0xc ./source/DisplayBoard.o
 .group         0x00000000        0xc ./source/DisplayBoard.o
 .group         0x00000000        0xc ./source/DisplayBoard.o
 .group         0x00000000        0xc ./source/DisplayBoard.o
 .group         0x00000000        0xc ./source/DisplayBoard.o
 .group         0x00000000        0xc ./source/DisplayBoard.o
 .group         0x00000000        0xc ./source/DisplayBoard.o
 .group         0x00000000        0xc ./source/DisplayBoard.o
 .group         0x00000000        0xc ./source/DisplayBoard.o
 .group         0x00000000        0xc ./source/DisplayBoard.o
 .group         0x00000000        0xc ./source/DisplayBoard.o
 .group         0x00000000        0xc ./source/DisplayBoard.o
 .group         0x00000000        0xc ./source/DisplayBoard.o
 .group         0x00000000        0xc ./source/DisplayBoard.o
 .group         0x00000000        0xc ./source/DisplayBoard.o
 .group         0x00000000        0xc ./source/DisplayBoard.o
 .group         0x00000000        0xc ./source/DisplayBoard.o
 .group         0x00000000        0xc ./source/DisplayBoard.o
 .group         0x00000000        0xc ./source/DisplayBoard.o
 .group         0x00000000        0xc ./source/DisplayBoard.o
 .group         0x00000000        0xc ./source/DisplayBoard.o
 .group         0x00000000        0xc ./source/DisplayBoard.o
 .group         0x00000000        0xc ./source/DisplayBoard.o
 .group         0x00000000        0xc ./source/DisplayBoard.o
 .group         0x00000000        0xc ./source/DisplayBoard.o
 .group         0x00000000        0xc ./source/DisplayBoard.o
 .group         0x00000000        0xc ./source/DisplayBoard.o
 .text          0x00000000        0x0 ./source/DisplayBoard.o
 .data          0x00000000        0x0 ./source/DisplayBoard.o
 .bss           0x00000000        0x0 ./source/DisplayBoard.o
 .debug_macro   0x00000000      0xa5a ./source/DisplayBoard.o
 .debug_macro   0x00000000      0x34e ./source/DisplayBoard.o
 .debug_macro   0x00000000       0x22 ./source/DisplayBoard.o
 .debug_macro   0x00000000       0x17 ./source/DisplayBoard.o
 .debug_macro   0x00000000       0x22 ./source/DisplayBoard.o
 .debug_macro   0x00000000       0x52 ./source/DisplayBoard.o
 .debug_macro   0x00000000       0x8d ./source/DisplayBoard.o
 .debug_macro   0x00000000       0x35 ./source/DisplayBoard.o
 .debug_macro   0x00000000       0x9c ./source/DisplayBoard.o
 .debug_macro   0x00000000       0x16 ./source/DisplayBoard.o
 .debug_macro   0x00000000      0x10e ./source/DisplayBoard.o
 .debug_macro   0x00000000       0x8d ./source/DisplayBoard.o
 .debug_macro   0x00000000       0x57 ./source/DisplayBoard.o
 .debug_macro   0x00000000       0x58 ./source/DisplayBoard.o
 .debug_macro   0x00000000       0x1f ./source/DisplayBoard.o
 .debug_macro   0x00000000       0x43 ./source/DisplayBoard.o
 .debug_macro   0x00000000       0x20 ./source/DisplayBoard.o
 .debug_macro   0x00000000      0x18e ./source/DisplayBoard.o
 .debug_macro   0x00000000      0x330 ./source/DisplayBoard.o
 .debug_macro   0x00000000       0x16 ./source/DisplayBoard.o
 .debug_macro   0x00000000       0x29 ./source/DisplayBoard.o
 .debug_macro   0x00000000       0x22 ./source/DisplayBoard.o
 .group         0x00000000        0xc ./source/Encoder.o
 .group         0x00000000        0xc ./source/Encoder.o
 .group         0x00000000        0xc ./source/Encoder.o
 .group         0x00000000        0xc ./source/Encoder.o
 .group         0x00000000        0xc ./source/Encoder.o
 .group         0x00000000        0xc ./source/Encoder.o
 .group         0x00000000        0xc ./source/Encoder.o
 .group         0x00000000        0xc ./source/Encoder.o
 .group         0x00000000        0xc ./source/Encoder.o
 .group         0x00000000        0xc ./source/Encoder.o
 .group         0x00000000        0xc ./source/Encoder.o
 .group         0x00000000        0xc ./source/Encoder.o
 .group         0x00000000        0xc ./source/Encoder.o
 .group         0x00000000        0xc ./source/Encoder.o
 .group         0x00000000        0xc ./source/Encoder.o
 .group         0x00000000        0xc ./source/Encoder.o
 .group         0x00000000        0xc ./source/Encoder.o
 .group         0x00000000        0xc ./source/Encoder.o
 .group         0x00000000        0xc ./source/Encoder.o
 .group         0x00000000        0xc ./source/Encoder.o
 .group         0x00000000        0xc ./source/Encoder.o
 .group         0x00000000        0xc ./source/Encoder.o
 .group         0x00000000        0xc ./source/Encoder.o
 .group         0x00000000        0xc ./source/Encoder.o
 .group         0x00000000        0xc ./source/Encoder.o
 .group         0x00000000        0xc ./source/Encoder.o
 .group         0x00000000        0xc ./source/Encoder.o
 .group         0x00000000        0xc ./source/Encoder.o
 .group         0x00000000        0xc ./source/Encoder.o
 .group         0x00000000        0xc ./source/Encoder.o
 .group         0x00000000        0xc ./source/Encoder.o
 .group         0x00000000        0xc ./source/Encoder.o
 .group         0x00000000        0xc ./source/Encoder.o
 .group         0x00000000        0xc ./source/Encoder.o
 .group         0x00000000        0xc ./source/Encoder.o
 .text          0x00000000        0x0 ./source/Encoder.o
 .data          0x00000000        0x0 ./source/Encoder.o
 .bss           0x00000000        0x0 ./source/Encoder.o
 .text.EncClearFlag
                0x00000000       0x18 ./source/Encoder.o
 .debug_macro   0x00000000      0xa5a ./source/Encoder.o
 .debug_macro   0x00000000      0x34e ./source/Encoder.o
 .debug_macro   0x00000000       0x22 ./source/Encoder.o
 .debug_macro   0x00000000       0x17 ./source/Encoder.o
 .debug_macro   0x00000000       0x22 ./source/Encoder.o
 .debug_macro   0x00000000       0x52 ./source/Encoder.o
 .debug_macro   0x00000000       0x8d ./source/Encoder.o
 .debug_macro   0x00000000       0x35 ./source/Encoder.o
 .debug_macro   0x00000000       0x9c ./source/Encoder.o
 .debug_macro   0x00000000       0x16 ./source/Encoder.o
 .debug_macro   0x00000000      0x10e ./source/Encoder.o
 .debug_macro   0x00000000       0x8d ./source/Encoder.o
 .debug_macro   0x00000000       0x57 ./source/Encoder.o
 .debug_macro   0x00000000       0x58 ./source/Encoder.o
 .debug_macro   0x00000000       0x1f ./source/Encoder.o
 .debug_macro   0x00000000       0x43 ./source/Encoder.o
 .debug_macro   0x00000000       0x20 ./source/Encoder.o
 .debug_macro   0x00000000      0x18e ./source/Encoder.o
 .debug_macro   0x00000000      0x330 ./source/Encoder.o
 .debug_macro   0x00000000       0x16 ./source/Encoder.o
 .debug_macro   0x00000000       0x29 ./source/Encoder.o
 .debug_macro   0x00000000       0x10 ./source/Encoder.o
 .debug_macro   0x00000000       0x5c ./source/Encoder.o
 .debug_macro   0x00000000       0x1c ./source/Encoder.o
 .debug_macro   0x00000000       0x22 ./source/Encoder.o
 .debug_macro   0x00000000       0xd9 ./source/Encoder.o
 .debug_macro   0x00000000      0xecf ./source/Encoder.o
 .debug_macro   0x00000000       0x48 ./source/Encoder.o
 .debug_macro   0x00000000     0xe07b ./source/Encoder.o
 .debug_macro   0x00000000     0x122b ./source/Encoder.o
 .debug_macro   0x00000000       0x16 ./source/Encoder.o
 .debug_macro   0x00000000       0x3a ./source/Encoder.o
 .debug_macro   0x00000000       0xa6 ./source/Encoder.o
 .group         0x00000000        0xc ./source/InternalControl.o
 .group         0x00000000        0xc ./source/InternalControl.o
 .group         0x00000000        0xc ./source/InternalControl.o
 .group         0x00000000        0xc ./source/InternalControl.o
 .group         0x00000000        0xc ./source/InternalControl.o
 .group         0x00000000        0xc ./source/InternalControl.o
 .group         0x00000000        0xc ./source/InternalControl.o
 .group         0x00000000        0xc ./source/InternalControl.o
 .group         0x00000000        0xc ./source/InternalControl.o
 .group         0x00000000        0xc ./source/InternalControl.o
 .group         0x00000000        0xc ./source/InternalControl.o
 .group         0x00000000        0xc ./source/InternalControl.o
 .group         0x00000000        0xc ./source/InternalControl.o
 .group         0x00000000        0xc ./source/InternalControl.o
 .group         0x00000000        0xc ./source/InternalControl.o
 .group         0x00000000        0xc ./source/InternalControl.o
 .group         0x00000000        0xc ./source/InternalControl.o
 .group         0x00000000        0xc ./source/InternalControl.o
 .group         0x00000000        0xc ./source/InternalControl.o
 .group         0x00000000        0xc ./source/InternalControl.o
 .group         0x00000000        0xc ./source/InternalControl.o
 .group         0x00000000        0xc ./source/InternalControl.o
 .group         0x00000000        0xc ./source/InternalControl.o
 .group         0x00000000        0xc ./source/InternalControl.o
 .group         0x00000000        0xc ./source/InternalControl.o
 .group         0x00000000        0xc ./source/InternalControl.o
 .group         0x00000000        0xc ./source/InternalControl.o
 .group         0x00000000        0xc ./source/InternalControl.o
 .group         0x00000000        0xc ./source/InternalControl.o
 .group         0x00000000        0xc ./source/InternalControl.o
 .group         0x00000000        0xc ./source/InternalControl.o
 .group         0x00000000        0xc ./source/InternalControl.o
 .group         0x00000000        0xc ./source/InternalControl.o
 .group         0x00000000        0xc ./source/InternalControl.o
 .group         0x00000000        0xc ./source/InternalControl.o
 .text          0x00000000        0x0 ./source/InternalControl.o
 .data          0x00000000        0x0 ./source/InternalControl.o
 .bss           0x00000000        0x0 ./source/InternalControl.o
 .debug_macro   0x00000000      0xa5a ./source/InternalControl.o
 .debug_macro   0x00000000      0x34e ./source/InternalControl.o
 .debug_macro   0x00000000       0x22 ./source/InternalControl.o
 .debug_macro   0x00000000       0x17 ./source/InternalControl.o
 .debug_macro   0x00000000       0x22 ./source/InternalControl.o
 .debug_macro   0x00000000       0x52 ./source/InternalControl.o
 .debug_macro   0x00000000       0x8d ./source/InternalControl.o
 .debug_macro   0x00000000       0x35 ./source/InternalControl.o
 .debug_macro   0x00000000       0x9c ./source/InternalControl.o
 .debug_macro   0x00000000       0x16 ./source/InternalControl.o
 .debug_macro   0x00000000      0x10e ./source/InternalControl.o
 .debug_macro   0x00000000       0x8d ./source/InternalControl.o
 .debug_macro   0x00000000       0x57 ./source/InternalControl.o
 .debug_macro   0x00000000       0x58 ./source/InternalControl.o
 .debug_macro   0x00000000       0x1f ./source/InternalControl.o
 .debug_macro   0x00000000       0x43 ./source/InternalControl.o
 .debug_macro   0x00000000       0x20 ./source/InternalControl.o
 .debug_macro   0x00000000      0x18e ./source/InternalControl.o
 .debug_macro   0x00000000      0x330 ./source/InternalControl.o
 .debug_macro   0x00000000       0x16 ./source/InternalControl.o
 .debug_macro   0x00000000       0x29 ./source/InternalControl.o
 .debug_macro   0x00000000       0x10 ./source/InternalControl.o
 .debug_macro   0x00000000       0x5c ./source/InternalControl.o
 .debug_macro   0x00000000       0x1c ./source/InternalControl.o
 .debug_macro   0x00000000       0x22 ./source/InternalControl.o
 .debug_macro   0x00000000       0xd9 ./source/InternalControl.o
 .debug_macro   0x00000000      0xecf ./source/InternalControl.o
 .debug_macro   0x00000000       0x48 ./source/InternalControl.o
 .debug_macro   0x00000000     0xe07b ./source/InternalControl.o
 .debug_macro   0x00000000     0x122b ./source/InternalControl.o
 .debug_macro   0x00000000       0x16 ./source/InternalControl.o
 .debug_macro   0x00000000       0x3a ./source/InternalControl.o
 .debug_macro   0x00000000       0xa6 ./source/InternalControl.o
 .debug_macro   0x00000000       0x22 ./source/InternalControl.o
 .group         0x00000000        0xc ./source/Lector.o
 .group         0x00000000        0xc ./source/Lector.o
 .group         0x00000000        0xc ./source/Lector.o
 .group         0x00000000        0xc ./source/Lector.o
 .group         0x00000000        0xc ./source/Lector.o
 .group         0x00000000        0xc ./source/Lector.o
 .group         0x00000000        0xc ./source/Lector.o
 .group         0x00000000        0xc ./source/Lector.o
 .group         0x00000000        0xc ./source/Lector.o
 .group         0x00000000        0xc ./source/Lector.o
 .group         0x00000000        0xc ./source/Lector.o
 .group         0x00000000        0xc ./source/Lector.o
 .group         0x00000000        0xc ./source/Lector.o
 .group         0x00000000        0xc ./source/Lector.o
 .group         0x00000000        0xc ./source/Lector.o
 .group         0x00000000        0xc ./source/Lector.o
 .group         0x00000000        0xc ./source/Lector.o
 .text          0x00000000        0x0 ./source/Lector.o
 .data          0x00000000        0x0 ./source/Lector.o
 .bss           0x00000000        0x0 ./source/Lector.o
 .debug_macro   0x00000000      0xa5a ./source/Lector.o
 .debug_macro   0x00000000       0x22 ./source/Lector.o
 .debug_macro   0x00000000       0x34 ./source/Lector.o
 .debug_macro   0x00000000      0x34e ./source/Lector.o
 .debug_macro   0x00000000       0x10 ./source/Lector.o
 .debug_macro   0x00000000       0x5c ./source/Lector.o
 .debug_macro   0x00000000       0x1c ./source/Lector.o
 .debug_macro   0x00000000       0x22 ./source/Lector.o
 .debug_macro   0x00000000      0xecf ./source/Lector.o
 .debug_macro   0x00000000       0x48 ./source/Lector.o
 .debug_macro   0x00000000     0xe07b ./source/Lector.o
 .debug_macro   0x00000000     0x122b ./source/Lector.o
 .debug_macro   0x00000000       0x16 ./source/Lector.o
 .debug_macro   0x00000000       0x3a ./source/Lector.o
 .debug_macro   0x00000000       0xa6 ./source/Lector.o
 .group         0x00000000        0xc ./source/SysTick.o
 .group         0x00000000        0xc ./source/SysTick.o
 .group         0x00000000        0xc ./source/SysTick.o
 .group         0x00000000        0xc ./source/SysTick.o
 .group         0x00000000        0xc ./source/SysTick.o
 .group         0x00000000        0xc ./source/SysTick.o
 .group         0x00000000        0xc ./source/SysTick.o
 .group         0x00000000        0xc ./source/SysTick.o
 .group         0x00000000        0xc ./source/SysTick.o
 .group         0x00000000        0xc ./source/SysTick.o
 .group         0x00000000        0xc ./source/SysTick.o
 .group         0x00000000        0xc ./source/SysTick.o
 .group         0x00000000        0xc ./source/SysTick.o
 .text          0x00000000        0x0 ./source/SysTick.o
 .data          0x00000000        0x0 ./source/SysTick.o
 .bss           0x00000000        0x0 ./source/SysTick.o
 .debug_macro   0x00000000      0xa5a ./source/SysTick.o
 .debug_macro   0x00000000       0x22 ./source/SysTick.o
 .debug_macro   0x00000000      0x34e ./source/SysTick.o
 .debug_macro   0x00000000       0x10 ./source/SysTick.o
 .debug_macro   0x00000000       0x5c ./source/SysTick.o
 .debug_macro   0x00000000       0x1c ./source/SysTick.o
 .debug_macro   0x00000000       0x22 ./source/SysTick.o
 .debug_macro   0x00000000       0xdf ./source/SysTick.o
 .debug_macro   0x00000000      0xecf ./source/SysTick.o
 .debug_macro   0x00000000       0x48 ./source/SysTick.o
 .debug_macro   0x00000000     0xe07b ./source/SysTick.o
 .debug_macro   0x00000000     0x122b ./source/SysTick.o
 .debug_macro   0x00000000       0x16 ./source/SysTick.o
 .group         0x00000000        0xc ./source/Users.o
 .group         0x00000000        0xc ./source/Users.o
 .group         0x00000000        0xc ./source/Users.o
 .group         0x00000000        0xc ./source/Users.o
 .group         0x00000000        0xc ./source/Users.o
 .group         0x00000000        0xc ./source/Users.o
 .group         0x00000000        0xc ./source/Users.o
 .group         0x00000000        0xc ./source/Users.o
 .group         0x00000000        0xc ./source/Users.o
 .group         0x00000000        0xc ./source/Users.o
 .group         0x00000000        0xc ./source/Users.o
 .group         0x00000000        0xc ./source/Users.o
 .group         0x00000000        0xc ./source/Users.o
 .group         0x00000000        0xc ./source/Users.o
 .group         0x00000000        0xc ./source/Users.o
 .group         0x00000000        0xc ./source/Users.o
 .group         0x00000000        0xc ./source/Users.o
 .group         0x00000000        0xc ./source/Users.o
 .group         0x00000000        0xc ./source/Users.o
 .group         0x00000000        0xc ./source/Users.o
 .text          0x00000000        0x0 ./source/Users.o
 .data          0x00000000        0x0 ./source/Users.o
 .bss           0x00000000        0x0 ./source/Users.o
 .text.unblockUser
                0x00000000       0x40 ./source/Users.o
 .text.addUser  0x00000000       0x98 ./source/Users.o
 .text.blockUser
                0x00000000       0x40 ./source/Users.o
 .debug_macro   0x00000000      0xa5a ./source/Users.o
 .debug_macro   0x00000000      0x34e ./source/Users.o
 .debug_macro   0x00000000       0x22 ./source/Users.o
 .debug_macro   0x00000000       0x22 ./source/Users.o
 .debug_macro   0x00000000       0x52 ./source/Users.o
 .debug_macro   0x00000000       0x17 ./source/Users.o
 .debug_macro   0x00000000       0x8d ./source/Users.o
 .debug_macro   0x00000000       0x35 ./source/Users.o
 .debug_macro   0x00000000       0x9c ./source/Users.o
 .debug_macro   0x00000000      0x174 ./source/Users.o
 .debug_macro   0x00000000       0x57 ./source/Users.o
 .debug_macro   0x00000000       0x58 ./source/Users.o
 .debug_macro   0x00000000       0x1f ./source/Users.o
 .debug_macro   0x00000000       0x43 ./source/Users.o
 .debug_macro   0x00000000       0x20 ./source/Users.o
 .debug_macro   0x00000000      0x18e ./source/Users.o
 .debug_macro   0x00000000      0x330 ./source/Users.o
 .group         0x00000000        0xc ./source/gpio.o
 .group         0x00000000        0xc ./source/gpio.o
 .group         0x00000000        0xc ./source/gpio.o
 .group         0x00000000        0xc ./source/gpio.o
 .group         0x00000000        0xc ./source/gpio.o
 .group         0x00000000        0xc ./source/gpio.o
 .group         0x00000000        0xc ./source/gpio.o
 .group         0x00000000        0xc ./source/gpio.o
 .group         0x00000000        0xc ./source/gpio.o
 .group         0x00000000        0xc ./source/gpio.o
 .group         0x00000000        0xc ./source/gpio.o
 .group         0x00000000        0xc ./source/gpio.o
 .group         0x00000000        0xc ./source/gpio.o
 .group         0x00000000        0xc ./source/gpio.o
 .text          0x00000000        0x0 ./source/gpio.o
 .data          0x00000000        0x0 ./source/gpio.o
 .bss           0x00000000        0x0 ./source/gpio.o
 .text.gpioToggle
                0x00000000       0x7c ./source/gpio.o
 .debug_macro   0x00000000      0xa5a ./source/gpio.o
 .debug_macro   0x00000000      0x34e ./source/gpio.o
 .debug_macro   0x00000000       0x22 ./source/gpio.o
 .debug_macro   0x00000000       0x10 ./source/gpio.o
 .debug_macro   0x00000000       0x5c ./source/gpio.o
 .debug_macro   0x00000000       0x1c ./source/gpio.o
 .debug_macro   0x00000000       0x22 ./source/gpio.o
 .debug_macro   0x00000000       0xdf ./source/gpio.o
 .debug_macro   0x00000000      0xecf ./source/gpio.o
 .debug_macro   0x00000000       0x48 ./source/gpio.o
 .debug_macro   0x00000000     0xe07b ./source/gpio.o
 .debug_macro   0x00000000     0x122b ./source/gpio.o
 .debug_macro   0x00000000       0x16 ./source/gpio.o
 .debug_macro   0x00000000       0x3a ./source/gpio.o
 .group         0x00000000        0xc ./source/timer.o
 .group         0x00000000        0xc ./source/timer.o
 .group         0x00000000        0xc ./source/timer.o
 .group         0x00000000        0xc ./source/timer.o
 .group         0x00000000        0xc ./source/timer.o
 .group         0x00000000        0xc ./source/timer.o
 .group         0x00000000        0xc ./source/timer.o
 .group         0x00000000        0xc ./source/timer.o
 .group         0x00000000        0xc ./source/timer.o
 .group         0x00000000        0xc ./source/timer.o
 .group         0x00000000        0xc ./source/timer.o
 .group         0x00000000        0xc ./source/timer.o
 .group         0x00000000        0xc ./source/timer.o
 .group         0x00000000        0xc ./source/timer.o
 .group         0x00000000        0xc ./source/timer.o
 .group         0x00000000        0xc ./source/timer.o
 .group         0x00000000        0xc ./source/timer.o
 .group         0x00000000        0xc ./source/timer.o
 .group         0x00000000        0xc ./source/timer.o
 .group         0x00000000        0xc ./source/timer.o
 .group         0x00000000        0xc ./source/timer.o
 .group         0x00000000        0xc ./source/timer.o
 .group         0x00000000        0xc ./source/timer.o
 .group         0x00000000        0xc ./source/timer.o
 .group         0x00000000        0xc ./source/timer.o
 .group         0x00000000        0xc ./source/timer.o
 .group         0x00000000        0xc ./source/timer.o
 .group         0x00000000        0xc ./source/timer.o
 .group         0x00000000        0xc ./source/timer.o
 .group         0x00000000        0xc ./source/timer.o
 .group         0x00000000        0xc ./source/timer.o
 .group         0x00000000        0xc ./source/timer.o
 .group         0x00000000        0xc ./source/timer.o
 .group         0x00000000        0xc ./source/timer.o
 .group         0x00000000        0xc ./source/timer.o
 .text          0x00000000        0x0 ./source/timer.o
 .data          0x00000000        0x0 ./source/timer.o
 .bss           0x00000000        0x0 ./source/timer.o
 .text.timerDelay
                0x00000000       0x30 ./source/timer.o
 .debug_macro   0x00000000      0xa5a ./source/timer.o
 .debug_macro   0x00000000      0x34e ./source/timer.o
 .debug_macro   0x00000000       0x22 ./source/timer.o
 .debug_macro   0x00000000       0x17 ./source/timer.o
 .debug_macro   0x00000000       0x22 ./source/timer.o
 .debug_macro   0x00000000       0x52 ./source/timer.o
 .debug_macro   0x00000000       0x8d ./source/timer.o
 .debug_macro   0x00000000       0x35 ./source/timer.o
 .debug_macro   0x00000000       0x9c ./source/timer.o
 .debug_macro   0x00000000       0x16 ./source/timer.o
 .debug_macro   0x00000000      0x10e ./source/timer.o
 .debug_macro   0x00000000       0x8d ./source/timer.o
 .debug_macro   0x00000000       0x57 ./source/timer.o
 .debug_macro   0x00000000       0x58 ./source/timer.o
 .debug_macro   0x00000000       0x1f ./source/timer.o
 .debug_macro   0x00000000       0x43 ./source/timer.o
 .debug_macro   0x00000000       0x20 ./source/timer.o
 .debug_macro   0x00000000      0x18e ./source/timer.o
 .debug_macro   0x00000000      0x330 ./source/timer.o
 .debug_macro   0x00000000       0x16 ./source/timer.o
 .debug_macro   0x00000000       0x29 ./source/timer.o
 .debug_macro   0x00000000       0x1c ./source/timer.o
 .debug_macro   0x00000000       0x10 ./source/timer.o
 .debug_macro   0x00000000       0x5c ./source/timer.o
 .debug_macro   0x00000000       0x1c ./source/timer.o
 .debug_macro   0x00000000       0x22 ./source/timer.o
 .debug_macro   0x00000000       0xd9 ./source/timer.o
 .debug_macro   0x00000000      0xecf ./source/timer.o
 .debug_macro   0x00000000       0x48 ./source/timer.o
 .debug_macro   0x00000000     0xe07b ./source/timer.o
 .debug_macro   0x00000000     0x122b ./source/timer.o
 .debug_macro   0x00000000       0x16 ./source/timer.o
 .debug_macro   0x00000000       0x3a ./source/timer.o
 .debug_macro   0x00000000       0xa6 ./source/timer.o
 .group         0x00000000        0xc ./SDK/startup/hardware.o
 .group         0x00000000        0xc ./SDK/startup/hardware.o
 .group         0x00000000        0xc ./SDK/startup/hardware.o
 .group         0x00000000        0xc ./SDK/startup/hardware.o
 .group         0x00000000        0xc ./SDK/startup/hardware.o
 .group         0x00000000        0xc ./SDK/startup/hardware.o
 .group         0x00000000        0xc ./SDK/startup/hardware.o
 .group         0x00000000        0xc ./SDK/startup/hardware.o
 .group         0x00000000        0xc ./SDK/startup/hardware.o
 .group         0x00000000        0xc ./SDK/startup/hardware.o
 .group         0x00000000        0xc ./SDK/startup/hardware.o
 .group         0x00000000        0xc ./SDK/startup/hardware.o
 .group         0x00000000        0xc ./SDK/startup/hardware.o
 .text          0x00000000        0x0 ./SDK/startup/hardware.o
 .data          0x00000000        0x0 ./SDK/startup/hardware.o
 .bss           0x00000000        0x0 ./SDK/startup/hardware.o
 .debug_macro   0x00000000      0xa5a ./SDK/startup/hardware.o
 .debug_macro   0x00000000      0x34e ./SDK/startup/hardware.o
 .debug_macro   0x00000000       0x22 ./SDK/startup/hardware.o
 .debug_macro   0x00000000       0x10 ./SDK/startup/hardware.o
 .debug_macro   0x00000000       0x5c ./SDK/startup/hardware.o
 .debug_macro   0x00000000       0x1c ./SDK/startup/hardware.o
 .debug_macro   0x00000000       0x22 ./SDK/startup/hardware.o
 .debug_macro   0x00000000       0xdf ./SDK/startup/hardware.o
 .debug_macro   0x00000000      0xecf ./SDK/startup/hardware.o
 .debug_macro   0x00000000       0x48 ./SDK/startup/hardware.o
 .debug_macro   0x00000000     0xe07b ./SDK/startup/hardware.o
 .debug_macro   0x00000000     0x122b ./SDK/startup/hardware.o
 .debug_macro   0x00000000       0x16 ./SDK/startup/hardware.o
 .group         0x00000000        0xc ./SDK/startup/main.o
 .group         0x00000000        0xc ./SDK/startup/main.o
 .group         0x00000000        0xc ./SDK/startup/main.o
 .group         0x00000000        0xc ./SDK/startup/main.o
 .group         0x00000000        0xc ./SDK/startup/main.o
 .group         0x00000000        0xc ./SDK/startup/main.o
 .group         0x00000000        0xc ./SDK/startup/main.o
 .group         0x00000000        0xc ./SDK/startup/main.o
 .group         0x00000000        0xc ./SDK/startup/main.o
 .group         0x00000000        0xc ./SDK/startup/main.o
 .group         0x00000000        0xc ./SDK/startup/main.o
 .group         0x00000000        0xc ./SDK/startup/main.o
 .group         0x00000000        0xc ./SDK/startup/main.o
 .text          0x00000000        0x0 ./SDK/startup/main.o
 .data          0x00000000        0x0 ./SDK/startup/main.o
 .bss           0x00000000        0x0 ./SDK/startup/main.o
 .debug_macro   0x00000000      0xa5a ./SDK/startup/main.o
 .debug_macro   0x00000000      0x34e ./SDK/startup/main.o
 .debug_macro   0x00000000       0x22 ./SDK/startup/main.o
 .debug_macro   0x00000000       0x10 ./SDK/startup/main.o
 .debug_macro   0x00000000       0x5c ./SDK/startup/main.o
 .debug_macro   0x00000000       0x1c ./SDK/startup/main.o
 .debug_macro   0x00000000       0x22 ./SDK/startup/main.o
 .debug_macro   0x00000000       0xdf ./SDK/startup/main.o
 .debug_macro   0x00000000      0xecf ./SDK/startup/main.o
 .debug_macro   0x00000000       0x48 ./SDK/startup/main.o
 .debug_macro   0x00000000     0xe07b ./SDK/startup/main.o
 .debug_macro   0x00000000     0x122b ./SDK/startup/main.o
 .debug_macro   0x00000000       0x16 ./SDK/startup/main.o
 .group         0x00000000        0xc ./SDK/startup/semihost_hardfault.o
 .text          0x00000000        0x0 ./SDK/startup/semihost_hardfault.o
 .data          0x00000000        0x0 ./SDK/startup/semihost_hardfault.o
 .bss           0x00000000        0x0 ./SDK/startup/semihost_hardfault.o
 .debug_macro   0x00000000      0xa5a ./SDK/startup/semihost_hardfault.o
 .group         0x00000000        0xc ./SDK/startup/startup_mk64f12.o
 .text          0x00000000        0x0 ./SDK/startup/startup_mk64f12.o
 .data          0x00000000        0x0 ./SDK/startup/startup_mk64f12.o
 .bss           0x00000000        0x0 ./SDK/startup/startup_mk64f12.o
 .text.PORTA_IRQHandler
                0x00000000        0x8 ./SDK/startup/startup_mk64f12.o
 .text.PORTC_IRQHandler
                0x00000000        0x8 ./SDK/startup/startup_mk64f12.o
 .text.PORTD_IRQHandler
                0x00000000        0x8 ./SDK/startup/startup_mk64f12.o
 .debug_macro   0x00000000      0xa5a ./SDK/startup/startup_mk64f12.o
 .group         0x00000000        0xc ./SDK/CMSIS/system_MK64F12.o
 .group         0x00000000        0xc ./SDK/CMSIS/system_MK64F12.o
 .group         0x00000000        0xc ./SDK/CMSIS/system_MK64F12.o
 .group         0x00000000        0xc ./SDK/CMSIS/system_MK64F12.o
 .group         0x00000000        0xc ./SDK/CMSIS/system_MK64F12.o
 .group         0x00000000        0xc ./SDK/CMSIS/system_MK64F12.o
 .group         0x00000000        0xc ./SDK/CMSIS/system_MK64F12.o
 .group         0x00000000        0xc ./SDK/CMSIS/system_MK64F12.o
 .group         0x00000000        0xc ./SDK/CMSIS/system_MK64F12.o
 .group         0x00000000        0xc ./SDK/CMSIS/system_MK64F12.o
 .group         0x00000000        0xc ./SDK/CMSIS/system_MK64F12.o
 .text          0x00000000        0x0 ./SDK/CMSIS/system_MK64F12.o
 .data          0x00000000        0x0 ./SDK/CMSIS/system_MK64F12.o
 .bss           0x00000000        0x0 ./SDK/CMSIS/system_MK64F12.o
 .data.SystemCoreClock
                0x00000000        0x4 ./SDK/CMSIS/system_MK64F12.o
 .text.SystemCoreClockUpdate
                0x00000000      0x278 ./SDK/CMSIS/system_MK64F12.o
 .debug_macro   0x00000000      0xa5a ./SDK/CMSIS/system_MK64F12.o
 .debug_macro   0x00000000      0x34e ./SDK/CMSIS/system_MK64F12.o
 .debug_macro   0x00000000       0x10 ./SDK/CMSIS/system_MK64F12.o
 .debug_macro   0x00000000       0x5c ./SDK/CMSIS/system_MK64F12.o
 .debug_macro   0x00000000       0x1c ./SDK/CMSIS/system_MK64F12.o
 .debug_macro   0x00000000       0x22 ./SDK/CMSIS/system_MK64F12.o
 .debug_macro   0x00000000       0xdf ./SDK/CMSIS/system_MK64F12.o
 .debug_macro   0x00000000      0xecf ./SDK/CMSIS/system_MK64F12.o
 .debug_macro   0x00000000       0x48 ./SDK/CMSIS/system_MK64F12.o
 .debug_macro   0x00000000     0xe07b ./SDK/CMSIS/system_MK64F12.o
 .debug_macro   0x00000000     0x122b ./SDK/CMSIS/system_MK64F12.o
 .text          0x00000000        0x0 c:/nxp/mcuxpressoide_10.2.0_759/ide/tools/bin/../lib/gcc/arm-none-eabi/7.2.1/../../../../arm-none-eabi/lib/thumb/v7e-m/fpv4-sp/hard\libcr_c.a(memcpy.o)
 .data          0x00000000        0x0 c:/nxp/mcuxpressoide_10.2.0_759/ide/tools/bin/../lib/gcc/arm-none-eabi/7.2.1/../../../../arm-none-eabi/lib/thumb/v7e-m/fpv4-sp/hard\libcr_c.a(memcpy.o)
 .bss           0x00000000        0x0 c:/nxp/mcuxpressoide_10.2.0_759/ide/tools/bin/../lib/gcc/arm-none-eabi/7.2.1/../../../../arm-none-eabi/lib/thumb/v7e-m/fpv4-sp/hard\libcr_c.a(memcpy.o)
 .text          0x00000000        0x0 c:/nxp/mcuxpressoide_10.2.0_759/ide/tools/bin/../lib/gcc/arm-none-eabi/7.2.1/../../../../arm-none-eabi/lib/thumb/v7e-m/fpv4-sp/hard\libcr_c.a(memcmp.o)
 .data          0x00000000        0x0 c:/nxp/mcuxpressoide_10.2.0_759/ide/tools/bin/../lib/gcc/arm-none-eabi/7.2.1/../../../../arm-none-eabi/lib/thumb/v7e-m/fpv4-sp/hard\libcr_c.a(memcmp.o)
 .bss           0x00000000        0x0 c:/nxp/mcuxpressoide_10.2.0_759/ide/tools/bin/../lib/gcc/arm-none-eabi/7.2.1/../../../../arm-none-eabi/lib/thumb/v7e-m/fpv4-sp/hard\libcr_c.a(memcmp.o)
 .text          0x00000000        0x0 c:/nxp/mcuxpressoide_10.2.0_759/ide/tools/bin/../lib/gcc/arm-none-eabi/7.2.1/thumb/v7e-m/fpv4-sp/hard\libcr_eabihelpers.a(memcpy.o)
 .data          0x00000000        0x0 c:/nxp/mcuxpressoide_10.2.0_759/ide/tools/bin/../lib/gcc/arm-none-eabi/7.2.1/thumb/v7e-m/fpv4-sp/hard\libcr_eabihelpers.a(memcpy.o)
 .bss           0x00000000        0x0 c:/nxp/mcuxpressoide_10.2.0_759/ide/tools/bin/../lib/gcc/arm-none-eabi/7.2.1/thumb/v7e-m/fpv4-sp/hard\libcr_eabihelpers.a(memcpy.o)
 .text.__aeabi_memmove
                0x00000000       0x1c c:/nxp/mcuxpressoide_10.2.0_759/ide/tools/bin/../lib/gcc/arm-none-eabi/7.2.1/thumb/v7e-m/fpv4-sp/hard\libcr_eabihelpers.a(memcpy.o)
 .text.__aeabi_memset_lowlevel
                0x00000000       0x32 c:/nxp/mcuxpressoide_10.2.0_759/ide/tools/bin/../lib/gcc/arm-none-eabi/7.2.1/thumb/v7e-m/fpv4-sp/hard\libcr_eabihelpers.a(memcpy.o)
 .text.__aeabi_memclr
                0x00000000        0x8 c:/nxp/mcuxpressoide_10.2.0_759/ide/tools/bin/../lib/gcc/arm-none-eabi/7.2.1/thumb/v7e-m/fpv4-sp/hard\libcr_eabihelpers.a(memcpy.o)
 .text.__aeabi_memset
                0x00000000        0xa c:/nxp/mcuxpressoide_10.2.0_759/ide/tools/bin/../lib/gcc/arm-none-eabi/7.2.1/thumb/v7e-m/fpv4-sp/hard\libcr_eabihelpers.a(memcpy.o)

Memory Configuration

Name             Origin             Length             Attributes
PROGRAM_FLASH    0x00000000         0x00100000         xr
SRAM_UPPER       0x20000000         0x00030000         xrw
SRAM_LOWER       0x1fff0000         0x00010000         xrw
FLEX_RAM         0x14000000         0x00001000         xrw
*default*        0x00000000         0xffffffff

Linker script and memory map

LOAD ./source/App.o
LOAD ./source/DisplayBoard.o
LOAD ./source/Encoder.o
LOAD ./source/InternalControl.o
LOAD ./source/Lector.o
LOAD ./source/SysTick.o
LOAD ./source/Users.o
LOAD ./source/gpio.o
LOAD ./source/timer.o
LOAD ./SDK/startup/hardware.o
LOAD ./SDK/startup/main.o
LOAD ./SDK/startup/semihost_hardfault.o
LOAD ./SDK/startup/startup_mk64f12.o
LOAD ./SDK/CMSIS/system_MK64F12.o
START GROUP
LOAD c:/nxp/mcuxpressoide_10.2.0_759/ide/tools/bin/../lib/gcc/arm-none-eabi/7.2.1/../../../../arm-none-eabi/lib/thumb/v7e-m/fpv4-sp/hard\libcr_c.a
LOAD c:/nxp/mcuxpressoide_10.2.0_759/ide/tools/bin/../lib/gcc/arm-none-eabi/7.2.1/thumb/v7e-m/fpv4-sp/hard\libcr_eabihelpers.a
END GROUP
                0x00000000                __base_PROGRAM_FLASH = 0x0
                0x00000000                __base_Flash = 0x0
                0x00100000                __top_PROGRAM_FLASH = 0x100000
                0x00100000                __top_Flash = 0x100000
                0x20000000                __base_SRAM_UPPER = 0x20000000
                0x20000000                __base_RAM = 0x20000000
                0x20030000                __top_SRAM_UPPER = 0x20030000
                0x20030000                __top_RAM = 0x20030000
                0x1fff0000                __base_SRAM_LOWER = 0x1fff0000
                0x1fff0000                __base_RAM2 = 0x1fff0000
                0x20000000                __top_SRAM_LOWER = 0x20000000
                0x20000000                __top_RAM2 = 0x20000000
                0x14000000                __base_FLEX_RAM = 0x14000000
                0x14000000                __base_RAM3 = 0x14000000
                0x14001000                __top_FLEX_RAM = 0x14001000
                0x14001000                __top_RAM3 = 0x14001000

.text           0x00000000     0x3a28
 FILL mask 0xff
                0x00000000                __vectors_start__ = ABSOLUTE (.)
 *(SORT_BY_ALIGNMENT(.isr_vector))
 .isr_vector    0x00000000      0x198 ./SDK/startup/startup_mk64f12.o
                0x00000000                g_pfnVectors
                0x00000000                __Vectors
                0x00000198                . = ALIGN (0x4)
                0x00000198                __section_table_start = .
                0x00000198                __data_section_table = .
                0x00000198        0x4 LONG 0x3a28 LOADADDR (.data)
                0x0000019c        0x4 LONG 0x20000000 ADDR (.data)
                0x000001a0        0x4 LONG 0xaa8 SIZEOF (.data)
                0x000001a4        0x4 LONG 0x3a28 LOADADDR (.data_RAM2)
                0x000001a8        0x4 LONG 0x1fff0000 ADDR (.data_RAM2)
                0x000001ac        0x4 LONG 0x0 SIZEOF (.data_RAM2)
                0x000001b0        0x4 LONG 0x3a28 LOADADDR (.data_RAM3)
                0x000001b4        0x4 LONG 0x14000000 ADDR (.data_RAM3)
                0x000001b8        0x4 LONG 0x0 SIZEOF (.data_RAM3)
                0x000001bc                __data_section_table_end = .
                0x000001bc                __bss_section_table = .
                0x000001bc        0x4 LONG 0x20000aa8 ADDR (.bss)
                0x000001c0        0x4 LONG 0x6a8 SIZEOF (.bss)
                0x000001c4        0x4 LONG 0x1fff0000 ADDR (.bss_RAM2)
                0x000001c8        0x4 LONG 0x0 SIZEOF (.bss_RAM2)
                0x000001cc        0x4 LONG 0x14000000 ADDR (.bss_RAM3)
                0x000001d0        0x4 LONG 0x0 SIZEOF (.bss_RAM3)
                0x000001d4                __bss_section_table_end = .
                0x000001d4                __section_table_end = .
 *(SORT_BY_ALIGNMENT(.after_vectors*))
 .after_vectors.reset
                0x000001d4       0x4c ./SDK/startup/startup_mk64f12.o
                0x000001d4                ResetISR
 .after_vectors.init_data
                0x00000220       0x1e ./SDK/startup/startup_mk64f12.o
                0x00000220                data_init
 .after_vectors.init_bss
                0x0000023e       0x12 ./SDK/startup/startup_mk64f12.o
                0x0000023e                bss_init
 .after_vectors
                0x00000250       0x14 ./SDK/startup/startup_mk64f12.o
                0x00000250                NMI_Handler
                0x00000254                MemManage_Handler
                0x00000256                BusFault_Handler
                0x00000258                UsageFault_Handler
                0x0000025a                SVC_Handler
                0x0000025c                DebugMon_Handler
                0x0000025e                PendSV_Handler
                0x00000262                DMA_Error_DriverIRQHandler
                0x00000262                LPTMR0_DriverIRQHandler
                0x00000262                FTM1_DriverIRQHandler
                0x00000262                FTM2_DriverIRQHandler
                0x00000262                PIT2_DriverIRQHandler
                0x00000262                SDHC_DriverIRQHandler
                0x00000262                I2S0_Tx_DriverIRQHandler
                0x00000262                RTC_Seconds_DriverIRQHandler
                0x00000262                DMA6_DriverIRQHandler
                0x00000262                LLWU_DriverIRQHandler
                0x00000262                MCM_DriverIRQHandler
                0x00000262                MCG_DriverIRQHandler
                0x00000262                ENET_1588_Timer_DriverIRQHandler
                0x00000262                I2C2_DriverIRQHandler
                0x00000262                DAC1_DriverIRQHandler
                0x00000262                SPI1_DriverIRQHandler
                0x00000262                CMP1_DriverIRQHandler
                0x00000262                UART5_RX_TX_DriverIRQHandler
                0x00000262                FTM0_DriverIRQHandler
                0x00000262                IntDefaultHandler
                0x00000262                USB0_DriverIRQHandler
                0x00000262                UART5_ERR_DriverIRQHandler
                0x00000262                PORTC_DriverIRQHandler
                0x00000262                DMA11_DriverIRQHandler
                0x00000262                DAC0_DriverIRQHandler
                0x00000262                DMA10_DriverIRQHandler
                0x00000262                CMP2_DriverIRQHandler
                0x00000262                UART2_ERR_DriverIRQHandler
                0x00000262                SPI2_DriverIRQHandler
                0x00000262                LVD_LVW_DriverIRQHandler
                0x00000262                PIT0_DriverIRQHandler
                0x00000262                RNG_DriverIRQHandler
                0x00000262                DMA5_DriverIRQHandler
                0x00000262                DMA12_DriverIRQHandler
                0x00000262                UART2_RX_TX_DriverIRQHandler
                0x00000262                USBDCD_DriverIRQHandler
                0x00000262                UART3_ERR_DriverIRQHandler
                0x00000262                DMA3_DriverIRQHandler
                0x00000262                DMA8_DriverIRQHandler
                0x00000262                DMA9_DriverIRQHandler
                0x00000262                UART0_ERR_DriverIRQHandler
                0x00000262                CMT_DriverIRQHandler
                0x00000262                Reserved71_DriverIRQHandler
                0x00000262                ADC1_DriverIRQHandler
                0x00000262                PORTA_DriverIRQHandler
                0x00000262                DMA14_DriverIRQHandler
                0x00000262                PIT3_DriverIRQHandler
                0x00000262                PIT1_DriverIRQHandler
                0x00000262                WDOG_EWM_DriverIRQHandler
                0x00000262                PDB0_DriverIRQHandler
                0x00000262                RTC_DriverIRQHandler
                0x00000262                I2S0_Rx_DriverIRQHandler
                0x00000262                Read_Collision_DriverIRQHandler
                0x00000262                SWI_DriverIRQHandler
                0x00000262                UART4_RX_TX_DriverIRQHandler
                0x00000262                UART4_ERR_DriverIRQHandler
                0x00000262                PORTB_DriverIRQHandler
                0x00000262                UART0_LON_DriverIRQHandler
                0x00000262                DMA0_DriverIRQHandler
                0x00000262                DMA1_DriverIRQHandler
                0x00000262                I2C1_DriverIRQHandler
                0x00000262                UART3_RX_TX_DriverIRQHandler
                0x00000262                ENET_Receive_DriverIRQHandler
                0x00000262                DMA13_DriverIRQHandler
                0x00000262                ENET_Error_DriverIRQHandler
                0x00000262                DMA15_DriverIRQHandler
                0x00000262                UART0_RX_TX_DriverIRQHandler
                0x00000262                SPI0_DriverIRQHandler
                0x00000262                ADC0_DriverIRQHandler
                0x00000262                CMP0_DriverIRQHandler
                0x00000262                CAN0_DriverIRQHandler
                0x00000262                FTM3_DriverIRQHandler
                0x00000262                DMA4_DriverIRQHandler
                0x00000262                UART1_ERR_DriverIRQHandler
                0x00000262                DMA2_DriverIRQHandler
                0x00000262                ENET_Transmit_DriverIRQHandler
                0x00000262                PORTD_DriverIRQHandler
                0x00000262                PORTE_DriverIRQHandler
                0x00000262                FTFE_DriverIRQHandler
                0x00000262                I2C0_DriverIRQHandler
                0x00000262                DMA7_DriverIRQHandler
                0x00000262                UART1_RX_TX_DriverIRQHandler
                0x00000400                . = 0x400
 *fill*         0x00000264      0x19c ff
                0x00000400                PROVIDE (__FLASH_CONFIG_START__, .)
 *(SORT_BY_ALIGNMENT(.FlashConfig))
 .FlashConfig   0x00000400       0x10 ./SDK/startup/startup_mk64f12.o
                0x00000400                Flash_Config
                0x00000410                PROVIDE (__FLASH_CONFIG_END__, .)
                0x00000001                ASSERT (! ((__FLASH_CONFIG_START__ == __FLASH_CONFIG_END__)), Linker Flash Config Support Enabled, but no .FlashConfig section provided within application)
 *(SORT_BY_ALIGNMENT(.text*))
 .text.clearUserInfo
                0x00000410       0x9c ./source/App.o
                0x00000410                clearUserInfo
 .text.clearPINInfo
                0x000004ac       0x54 ./source/App.o
                0x000004ac                clearPINInfo
 .text.pinFsmUpdate
                0x00000500       0x60 ./source/App.o
                0x00000500                pinFsmUpdate
 .text.update_hidePIN
                0x00000560       0x7c ./source/App.o
                0x00000560                update_hidePIN
 .text.modifyNumberCode
                0x000005dc      0x29c ./source/App.o
                0x000005dc                modifyNumberCode
 .text.idleHandler
                0x00000878       0x60 ./source/App.o
                0x00000878                idleHandler
 .text.displayHandler
                0x000008d8      0x228 ./source/App.o
                0x000008d8                displayHandler
 .text.encoderHandler
                0x00000b00       0x5c ./source/App.o
                0x00000b00                encoderHandler
 .text.lectorHandler
                0x00000b5c       0x60 ./source/App.o
                0x00000b5c                lectorHandler
 .text.internarHandler
                0x00000bbc      0x230 ./source/App.o
                0x00000bbc                internarHandler
 .text.closeDoor
                0x00000dec       0x20 ./source/App.o
                0x00000dec                closeDoor
 .text.accessDenied
                0x00000e0c       0x20 ./source/App.o
                0x00000e0c                accessDenied
 .text.App_Init
                0x00000e2c       0xb0 ./source/App.o
                0x00000e2c                App_Init
 .text.App_Run  0x00000edc       0x78 ./source/App.o
                0x00000edc                App_Run
 .text.DispBoard_Init
                0x00000f54       0xa4 ./source/DisplayBoard.o
                0x00000f54                DispBoard_Init
 .text.Disp7Seg_Select
                0x00000ff8       0xb8 ./source/DisplayBoard.o
                0x00000ff8                Disp7Seg_Select
 .text.LedStatus_Write
                0x000010b0       0x94 ./source/DisplayBoard.o
                0x000010b0                LedStatus_Write
 .text.LedStatus_GetState
                0x00001144       0x18 ./source/DisplayBoard.o
                0x00001144                LedStatus_GetState
 .text.DispShowMsj
                0x0000115c      0x258 ./source/DisplayBoard.o
                0x0000115c                DispShowMsj
 .text.DispShiftMsj
                0x000013b4       0x64 ./source/DisplayBoard.o
                0x000013b4                DispShiftMsj
 .text.DispClear
                0x00001418       0x54 ./source/DisplayBoard.o
                0x00001418                DispClear
 .text.DispGetCursor
                0x0000146c       0x18 ./source/DisplayBoard.o
                0x0000146c                DispGetCursor
 .text.DispModType
                0x00001484       0x34 ./source/DisplayBoard.o
                0x00001484                DispModType
 .text.DispChangeBright
                0x000014b8       0x6c ./source/DisplayBoard.o
                0x000014b8                DispChangeBright
 .text.Disp7Seg_Write
                0x00001524      0xe48 ./source/DisplayBoard.o
                0x00001524                Disp7Seg_Write
 .text.encoderInit
                0x0000236c       0x78 ./source/Encoder.o
                0x0000236c                encoderInit
 .text.encoderCH_Handler
                0x000023e4       0x2c ./source/Encoder.o
                0x000023e4                encoderCH_Handler
 .text.enconderSwitch_Handler
                0x00002410       0x28 ./source/Encoder.o
                0x00002410                enconderSwitch_Handler
 .text.encoderMotionGetEvent
                0x00002438       0x4c ./source/Encoder.o
                0x00002438                encoderMotionGetEvent
 .text.EncSetFlag
                0x00002484       0x20 ./source/Encoder.o
                0x00002484                EncSetFlag
 .text.EncGetFlag
                0x000024a4       0x18 ./source/Encoder.o
                0x000024a4                EncGetFlag
 .text.__NVIC_EnableIRQ
                0x000024bc       0x3c ./source/InternalControl.o
 .text.internalControlInit
                0x000024f8       0x94 ./source/InternalControl.o
                0x000024f8                internalControlInit
 .text.isr_swOK
                0x0000258c       0x18 ./source/InternalControl.o
                0x0000258c                isr_swOK
 .text.isr_swCANCEL
                0x000025a4       0x18 ./source/InternalControl.o
                0x000025a4                isr_swCANCEL
 .text.PortGetOK_Status
                0x000025bc       0x18 ./source/InternalControl.o
                0x000025bc                PortGetOK_Status
 .text.PortClearOK_Status
                0x000025d4       0x18 ./source/InternalControl.o
                0x000025d4                PortClearOK_Status
 .text.PortGetCANCEL_Status
                0x000025ec       0x18 ./source/InternalControl.o
                0x000025ec                PortGetCANCEL_Status
 .text.PortClearCANCEL_Status
                0x00002604       0x18 ./source/InternalControl.o
                0x00002604                PortClearCANCEL_Status
 .text.readSwitchInterface
                0x0000261c       0x48 ./source/InternalControl.o
                0x0000261c                readSwitchInterface
 .text.internalControlGetEvent
                0x00002664       0x38 ./source/InternalControl.o
                0x00002664                internalControlGetEvent
 .text.__NVIC_EnableIRQ
                0x0000269c       0x3c ./source/Lector.o
 .text.isr_enable
                0x000026d8       0x34 ./source/Lector.o
 .text.lector_get_PAN
                0x0000270c       0x50 ./source/Lector.o
                0x0000270c                lector_get_PAN
 .text.clear_PAN
                0x0000275c       0x34 ./source/Lector.o
 .text.lectorInit
                0x00002790       0x64 ./source/Lector.o
                0x00002790                lectorInit
 .text.Check_LRC
                0x000027f4       0x74 ./source/Lector.o
 .text.get_Data
                0x00002868      0x11c ./source/Lector.o
 .text.set_Enable
                0x00002984       0x68 ./source/Lector.o
 .text.__NVIC_EnableIRQ
                0x000029ec       0x3c ./source/SysTick.o
 .text.SysTick_Init
                0x00002a28       0x4c ./source/SysTick.o
                0x00002a28                SysTick_Init
 .text.SysTick_Handler
                0x00002a74       0x24 ./source/SysTick.o
                0x00002a74                SysTick_Handler
 .text.initUser
                0x00002a98       0x5c ./source/Users.o
                0x00002a98                initUser
 .text.validateIDint
                0x00002af4       0x70 ./source/Users.o
                0x00002af4                validateIDint
 .text.validatePIN
                0x00002b64       0x3c ./source/Users.o
                0x00002b64                validatePIN
 .text.validateUser
                0x00002ba0       0x94 ./source/Users.o
                0x00002ba0                validateUser
 .text.changePin
                0x00002c34       0x48 ./source/Users.o
                0x00002c34                changePin
 .text.PORTD_IRQHandler
                0x00002c7c       0x64 ./source/gpio.o
                0x00002c7c                PORTD_IRQHandler
 .text.PORTA_IRQHandler
                0x00002ce0       0x5c ./source/gpio.o
                0x00002ce0                PORTA_IRQHandler
 .text.PORTC_IRQHandler
                0x00002d3c       0x64 ./source/gpio.o
                0x00002d3c                PORTC_IRQHandler
 .text.gpioMode
                0x00002da0      0x174 ./source/gpio.o
                0x00002da0                gpioMode
 .text.gpioWrite
                0x00002f14       0x6c ./source/gpio.o
                0x00002f14                gpioWrite
 .text.gpioRead
                0x00002f80       0x5c ./source/gpio.o
                0x00002f80                gpioRead
 .text.gpioIRQ  0x00002fdc       0x94 ./source/gpio.o
                0x00002fdc                gpioIRQ
 .text.PORT_ClearInterruptFlag
                0x00003070       0x48 ./source/gpio.o
                0x00003070                PORT_ClearInterruptFlag
 .text.timerInit
                0x000030b8       0x28 ./source/timer.o
                0x000030b8                timerInit
 .text.timerGetId
                0x000030e0       0x2c ./source/timer.o
                0x000030e0                timerGetId
 .text.timerStart
                0x0000310c       0xa4 ./source/timer.o
                0x0000310c                timerStart
 .text.timerStop
                0x000031b0       0x30 ./source/timer.o
                0x000031b0                timerStop
 .text.timerExpired
                0x000031e0       0x44 ./source/timer.o
                0x000031e0                timerExpired
 .text.timer_isr
                0x00003224       0xdc ./source/timer.o
 .text.hw_Init  0x00003300      0x10c ./SDK/startup/hardware.o
                0x00003300                hw_Init
 .text.hw_EnableInterrupts
                0x0000340c       0x30 ./SDK/startup/hardware.o
                0x0000340c                hw_EnableInterrupts
 .text.hw_DisableInterrupts
                0x0000343c       0x20 ./SDK/startup/hardware.o
                0x0000343c                hw_DisableInterrupts
 .text.SystemInit
                0x0000345c       0x3c ./SDK/CMSIS/system_MK64F12.o
                0x0000345c                SystemInit
 .text.encoderReadMotion
                0x00003498       0x6e ./source/Encoder.o
                0x00003498                encoderReadMotion
 .text.encoderReadSwitch
                0x00003506       0x20 ./source/Encoder.o
                0x00003506                encoderReadSwitch
 .text.RGBIndicator
                0x00003526       0x6e ./source/InternalControl.o
                0x00003526                RGBIndicator
 .text.isr_clk  0x00003594       0x16 ./source/Lector.o
 .text.parity   0x000035aa       0x4e ./source/Lector.o
 .text.validateID
                0x000035f8       0x24 ./source/Users.o
                0x000035f8                validateID
 .text.main     0x0000361c       0x1a ./SDK/startup/main.o
                0x0000361c                main
 .text.HardFault_Handler
                0x00003636       0x2c ./SDK/startup/semihost_hardfault.o
                0x00003636                HardFault_Handler
 .text.DMA0_IRQHandler
                0x00003662        0x8 ./SDK/startup/startup_mk64f12.o
                0x00003662                DMA0_IRQHandler
 .text.DMA1_IRQHandler
                0x0000366a        0x8 ./SDK/startup/startup_mk64f12.o
                0x0000366a                DMA1_IRQHandler
 .text.DMA2_IRQHandler
                0x00003672        0x8 ./SDK/startup/startup_mk64f12.o
                0x00003672                DMA2_IRQHandler
 .text.DMA3_IRQHandler
                0x0000367a        0x8 ./SDK/startup/startup_mk64f12.o
                0x0000367a                DMA3_IRQHandler
 .text.DMA4_IRQHandler
                0x00003682        0x8 ./SDK/startup/startup_mk64f12.o
                0x00003682                DMA4_IRQHandler
 .text.DMA5_IRQHandler
                0x0000368a        0x8 ./SDK/startup/startup_mk64f12.o
                0x0000368a                DMA5_IRQHandler
 .text.DMA6_IRQHandler
                0x00003692        0x8 ./SDK/startup/startup_mk64f12.o
                0x00003692                DMA6_IRQHandler
 .text.DMA7_IRQHandler
                0x0000369a        0x8 ./SDK/startup/startup_mk64f12.o
                0x0000369a                DMA7_IRQHandler
 .text.DMA8_IRQHandler
                0x000036a2        0x8 ./SDK/startup/startup_mk64f12.o
                0x000036a2                DMA8_IRQHandler
 .text.DMA9_IRQHandler
                0x000036aa        0x8 ./SDK/startup/startup_mk64f12.o
                0x000036aa                DMA9_IRQHandler
 .text.DMA10_IRQHandler
                0x000036b2        0x8 ./SDK/startup/startup_mk64f12.o
                0x000036b2                DMA10_IRQHandler
 .text.DMA11_IRQHandler
                0x000036ba        0x8 ./SDK/startup/startup_mk64f12.o
                0x000036ba                DMA11_IRQHandler
 .text.DMA12_IRQHandler
                0x000036c2        0x8 ./SDK/startup/startup_mk64f12.o
                0x000036c2                DMA12_IRQHandler
 .text.DMA13_IRQHandler
                0x000036ca        0x8 ./SDK/startup/startup_mk64f12.o
                0x000036ca                DMA13_IRQHandler
 .text.DMA14_IRQHandler
                0x000036d2        0x8 ./SDK/startup/startup_mk64f12.o
                0x000036d2                DMA14_IRQHandler
 .text.DMA15_IRQHandler
                0x000036da        0x8 ./SDK/startup/startup_mk64f12.o
                0x000036da                DMA15_IRQHandler
 .text.DMA_Error_IRQHandler
                0x000036e2        0x8 ./SDK/startup/startup_mk64f12.o
                0x000036e2                DMA_Error_IRQHandler
 .text.MCM_IRQHandler
                0x000036ea        0x8 ./SDK/startup/startup_mk64f12.o
                0x000036ea                MCM_IRQHandler
 .text.FTFE_IRQHandler
                0x000036f2        0x8 ./SDK/startup/startup_mk64f12.o
                0x000036f2                FTFE_IRQHandler
 .text.Read_Collision_IRQHandler
                0x000036fa        0x8 ./SDK/startup/startup_mk64f12.o
                0x000036fa                Read_Collision_IRQHandler
 .text.LVD_LVW_IRQHandler
                0x00003702        0x8 ./SDK/startup/startup_mk64f12.o
                0x00003702                LVD_LVW_IRQHandler
 .text.LLWU_IRQHandler
                0x0000370a        0x8 ./SDK/startup/startup_mk64f12.o
                0x0000370a                LLWU_IRQHandler
 .text.WDOG_EWM_IRQHandler
                0x00003712        0x8 ./SDK/startup/startup_mk64f12.o
                0x00003712                WDOG_EWM_IRQHandler
 .text.RNG_IRQHandler
                0x0000371a        0x8 ./SDK/startup/startup_mk64f12.o
                0x0000371a                RNG_IRQHandler
 .text.I2C0_IRQHandler
                0x00003722        0x8 ./SDK/startup/startup_mk64f12.o
                0x00003722                I2C0_IRQHandler
 .text.I2C1_IRQHandler
                0x0000372a        0x8 ./SDK/startup/startup_mk64f12.o
                0x0000372a                I2C1_IRQHandler
 .text.SPI0_IRQHandler
                0x00003732        0x8 ./SDK/startup/startup_mk64f12.o
                0x00003732                SPI0_IRQHandler
 .text.SPI1_IRQHandler
                0x0000373a        0x8 ./SDK/startup/startup_mk64f12.o
                0x0000373a                SPI1_IRQHandler
 .text.I2S0_Tx_IRQHandler
                0x00003742        0x8 ./SDK/startup/startup_mk64f12.o
                0x00003742                I2S0_Tx_IRQHandler
 .text.I2S0_Rx_IRQHandler
                0x0000374a        0x8 ./SDK/startup/startup_mk64f12.o
                0x0000374a                I2S0_Rx_IRQHandler
 .text.UART0_LON_IRQHandler
                0x00003752        0x8 ./SDK/startup/startup_mk64f12.o
                0x00003752                UART0_LON_IRQHandler
 .text.UART0_RX_TX_IRQHandler
                0x0000375a        0x8 ./SDK/startup/startup_mk64f12.o
                0x0000375a                UART0_RX_TX_IRQHandler
 .text.UART0_ERR_IRQHandler
                0x00003762        0x8 ./SDK/startup/startup_mk64f12.o
                0x00003762                UART0_ERR_IRQHandler
 .text.UART1_RX_TX_IRQHandler
                0x0000376a        0x8 ./SDK/startup/startup_mk64f12.o
                0x0000376a                UART1_RX_TX_IRQHandler
 .text.UART1_ERR_IRQHandler
                0x00003772        0x8 ./SDK/startup/startup_mk64f12.o
                0x00003772                UART1_ERR_IRQHandler
 .text.UART2_RX_TX_IRQHandler
                0x0000377a        0x8 ./SDK/startup/startup_mk64f12.o
                0x0000377a                UART2_RX_TX_IRQHandler
 .text.UART2_ERR_IRQHandler
                0x00003782        0x8 ./SDK/startup/startup_mk64f12.o
                0x00003782                UART2_ERR_IRQHandler
 .text.UART3_RX_TX_IRQHandler
                0x0000378a        0x8 ./SDK/startup/startup_mk64f12.o
                0x0000378a                UART3_RX_TX_IRQHandler
 .text.UART3_ERR_IRQHandler
                0x00003792        0x8 ./SDK/startup/startup_mk64f12.o
                0x00003792                UART3_ERR_IRQHandler
 .text.ADC0_IRQHandler
                0x0000379a        0x8 ./SDK/startup/startup_mk64f12.o
                0x0000379a                ADC0_IRQHandler
 .text.CMP0_IRQHandler
                0x000037a2        0x8 ./SDK/startup/startup_mk64f12.o
                0x000037a2                CMP0_IRQHandler
 .text.CMP1_IRQHandler
                0x000037aa        0x8 ./SDK/startup/startup_mk64f12.o
                0x000037aa                CMP1_IRQHandler
 .text.FTM0_IRQHandler
                0x000037b2        0x8 ./SDK/startup/startup_mk64f12.o
                0x000037b2                FTM0_IRQHandler
 .text.FTM1_IRQHandler
                0x000037ba        0x8 ./SDK/startup/startup_mk64f12.o
                0x000037ba                FTM1_IRQHandler
 .text.FTM2_IRQHandler
                0x000037c2        0x8 ./SDK/startup/startup_mk64f12.o
                0x000037c2                FTM2_IRQHandler
 .text.CMT_IRQHandler
                0x000037ca        0x8 ./SDK/startup/startup_mk64f12.o
                0x000037ca                CMT_IRQHandler
 .text.RTC_IRQHandler
                0x000037d2        0x8 ./SDK/startup/startup_mk64f12.o
                0x000037d2                RTC_IRQHandler
 .text.RTC_Seconds_IRQHandler
                0x000037da        0x8 ./SDK/startup/startup_mk64f12.o
                0x000037da                RTC_Seconds_IRQHandler
 .text.PIT0_IRQHandler
                0x000037e2        0x8 ./SDK/startup/startup_mk64f12.o
                0x000037e2                PIT0_IRQHandler
 .text.PIT1_IRQHandler
                0x000037ea        0x8 ./SDK/startup/startup_mk64f12.o
                0x000037ea                PIT1_IRQHandler
 .text.PIT2_IRQHandler
                0x000037f2        0x8 ./SDK/startup/startup_mk64f12.o
                0x000037f2                PIT2_IRQHandler
 .text.PIT3_IRQHandler
                0x000037fa        0x8 ./SDK/startup/startup_mk64f12.o
                0x000037fa                PIT3_IRQHandler
 .text.PDB0_IRQHandler
                0x00003802        0x8 ./SDK/startup/startup_mk64f12.o
                0x00003802                PDB0_IRQHandler
 .text.USB0_IRQHandler
                0x0000380a        0x8 ./SDK/startup/startup_mk64f12.o
                0x0000380a                USB0_IRQHandler
 .text.USBDCD_IRQHandler
                0x00003812        0x8 ./SDK/startup/startup_mk64f12.o
                0x00003812                USBDCD_IRQHandler
 .text.Reserved71_IRQHandler
                0x0000381a        0x8 ./SDK/startup/startup_mk64f12.o
                0x0000381a                Reserved71_IRQHandler
 .text.DAC0_IRQHandler
                0x00003822        0x8 ./SDK/startup/startup_mk64f12.o
                0x00003822                DAC0_IRQHandler
 .text.MCG_IRQHandler
                0x0000382a        0x8 ./SDK/startup/startup_mk64f12.o
                0x0000382a                MCG_IRQHandler
 .text.LPTMR0_IRQHandler
                0x00003832        0x8 ./SDK/startup/startup_mk64f12.o
                0x00003832                LPTMR0_IRQHandler
 .text.PORTB_IRQHandler
                0x0000383a        0x8 ./SDK/startup/startup_mk64f12.o
                0x0000383a                PORTB_IRQHandler
 .text.PORTE_IRQHandler
                0x00003842        0x8 ./SDK/startup/startup_mk64f12.o
                0x00003842                PORTE_IRQHandler
 .text.SWI_IRQHandler
                0x0000384a        0x8 ./SDK/startup/startup_mk64f12.o
                0x0000384a                SWI_IRQHandler
 .text.SPI2_IRQHandler
                0x00003852        0x8 ./SDK/startup/startup_mk64f12.o
                0x00003852                SPI2_IRQHandler
 .text.UART4_RX_TX_IRQHandler
                0x0000385a        0x8 ./SDK/startup/startup_mk64f12.o
                0x0000385a                UART4_RX_TX_IRQHandler
 .text.UART4_ERR_IRQHandler
                0x00003862        0x8 ./SDK/startup/startup_mk64f12.o
                0x00003862                UART4_ERR_IRQHandler
 .text.UART5_RX_TX_IRQHandler
                0x0000386a        0x8 ./SDK/startup/startup_mk64f12.o
                0x0000386a                UART5_RX_TX_IRQHandler
 .text.UART5_ERR_IRQHandler
                0x00003872        0x8 ./SDK/startup/startup_mk64f12.o
                0x00003872                UART5_ERR_IRQHandler
 .text.CMP2_IRQHandler
                0x0000387a        0x8 ./SDK/startup/startup_mk64f12.o
                0x0000387a                CMP2_IRQHandler
 .text.FTM3_IRQHandler
                0x00003882        0x8 ./SDK/startup/startup_mk64f12.o
                0x00003882                FTM3_IRQHandler
 .text.DAC1_IRQHandler
                0x0000388a        0x8 ./SDK/startup/startup_mk64f12.o
                0x0000388a                DAC1_IRQHandler
 .text.ADC1_IRQHandler
                0x00003892        0x8 ./SDK/startup/startup_mk64f12.o
                0x00003892                ADC1_IRQHandler
 .text.I2C2_IRQHandler
                0x0000389a        0x8 ./SDK/startup/startup_mk64f12.o
                0x0000389a                I2C2_IRQHandler
 .text.CAN0_ORed_Message_buffer_IRQHandler
                0x000038a2        0x8 ./SDK/startup/startup_mk64f12.o
                0x000038a2                CAN0_ORed_Message_buffer_IRQHandler
 .text.CAN0_Bus_Off_IRQHandler
                0x000038aa        0x8 ./SDK/startup/startup_mk64f12.o
                0x000038aa                CAN0_Bus_Off_IRQHandler
 .text.CAN0_Error_IRQHandler
                0x000038b2        0x8 ./SDK/startup/startup_mk64f12.o
                0x000038b2                CAN0_Error_IRQHandler
 .text.CAN0_Tx_Warning_IRQHandler
                0x000038ba        0x8 ./SDK/startup/startup_mk64f12.o
                0x000038ba                CAN0_Tx_Warning_IRQHandler
 .text.CAN0_Rx_Warning_IRQHandler
                0x000038c2        0x8 ./SDK/startup/startup_mk64f12.o
                0x000038c2                CAN0_Rx_Warning_IRQHandler
 .text.CAN0_Wake_Up_IRQHandler
                0x000038ca        0x8 ./SDK/startup/startup_mk64f12.o
                0x000038ca                CAN0_Wake_Up_IRQHandler
 .text.SDHC_IRQHandler
                0x000038d2        0x8 ./SDK/startup/startup_mk64f12.o
                0x000038d2                SDHC_IRQHandler
 .text.ENET_1588_Timer_IRQHandler
                0x000038da        0x8 ./SDK/startup/startup_mk64f12.o
                0x000038da                ENET_1588_Timer_IRQHandler
 .text.ENET_Transmit_IRQHandler
                0x000038e2        0x8 ./SDK/startup/startup_mk64f12.o
                0x000038e2                ENET_Transmit_IRQHandler
 .text.ENET_Receive_IRQHandler
                0x000038ea        0x8 ./SDK/startup/startup_mk64f12.o
                0x000038ea                ENET_Receive_IRQHandler
 .text.ENET_Error_IRQHandler
                0x000038f2        0x8 ./SDK/startup/startup_mk64f12.o
                0x000038f2                ENET_Error_IRQHandler
 .text.SystemInitHook
                0x000038fa        0xe ./SDK/CMSIS/system_MK64F12.o
                0x000038fa                SystemInitHook
 .text.memcpy   0x00003908        0x4 c:/nxp/mcuxpressoide_10.2.0_759/ide/tools/bin/../lib/gcc/arm-none-eabi/7.2.1/../../../../arm-none-eabi/lib/thumb/v7e-m/fpv4-sp/hard\libcr_c.a(memcpy.o)
                0x00003908                memcpy
 .text.memcmp   0x0000390c       0x44 c:/nxp/mcuxpressoide_10.2.0_759/ide/tools/bin/../lib/gcc/arm-none-eabi/7.2.1/../../../../arm-none-eabi/lib/thumb/v7e-m/fpv4-sp/hard\libcr_c.a(memcmp.o)
                0x0000390c                memcmp
 .text.__aeabi_memcpy
                0x00003950       0x34 c:/nxp/mcuxpressoide_10.2.0_759/ide/tools/bin/../lib/gcc/arm-none-eabi/7.2.1/thumb/v7e-m/fpv4-sp/hard\libcr_eabihelpers.a(memcpy.o)
                0x00003950                __aeabi_memcpy
                0x0000395a                __aeabi_memcpy8
                0x0000395a                __aeabi_memcpy4
 *(SORT_BY_ALIGNMENT(.rodata) SORT_BY_ALIGNMENT(.rodata.*) SORT_BY_ALIGNMENT(.constdata) SORT_BY_ALIGNMENT(.constdata.*))
 .rodata        0x00003984       0x6c ./source/App.o
 .rodata        0x000039f0       0x38 ./source/Users.o
                0x00003a28                . = ALIGN (0x8)

.glue_7         0x00003a28        0x0
 .glue_7        0x00003a28        0x0 linker stubs

.glue_7t        0x00003a28        0x0
 .glue_7t       0x00003a28        0x0 linker stubs

.vfp11_veneer   0x00003a28        0x0
 .vfp11_veneer  0x00003a28        0x0 linker stubs

.v4_bx          0x00003a28        0x0
 .v4_bx         0x00003a28        0x0 linker stubs

.iplt           0x00003a28        0x0
 .iplt          0x00003a28        0x0 ./source/App.o

.rel.dyn        0x00003a28        0x0
 .rel.iplt      0x00003a28        0x0 ./source/App.o

.ARM.extab
 *(SORT_BY_ALIGNMENT(.ARM.extab*) SORT_BY_ALIGNMENT(.gnu.linkonce.armextab.*))
                0x00003a28                __exidx_start = .

.ARM.exidx
 *(SORT_BY_ALIGNMENT(.ARM.exidx*) SORT_BY_ALIGNMENT(.gnu.linkonce.armexidx.*))
                0x00003a28                __exidx_end = .
                0x00003a28                _etext = .

.m_usb_data
 *(SORT_BY_ALIGNMENT(m_usb_bdt))

.data_RAM2      0x1fff0000        0x0 load address 0x00003a28
 FILL mask 0xff
                [!provide]                PROVIDE (__start_data_RAM2, .)
 *(SORT_BY_ALIGNMENT(.ramfunc.$RAM2))
 *(SORT_BY_ALIGNMENT(.ramfunc.$SRAM_LOWER))
 *(SORT_BY_ALIGNMENT(.data.$RAM2*))
 *(SORT_BY_ALIGNMENT(.data.$SRAM_LOWER*))
                0x1fff0000                . = ALIGN (0x8)
                [!provide]                PROVIDE (__end_data_RAM2, .)

.data_RAM3      0x14000000        0x0 load address 0x00003a28
 FILL mask 0xff
                [!provide]                PROVIDE (__start_data_RAM3, .)
 *(SORT_BY_ALIGNMENT(.ramfunc.$RAM3))
 *(SORT_BY_ALIGNMENT(.ramfunc.$FLEX_RAM))
 *(SORT_BY_ALIGNMENT(.data.$RAM3*))
 *(SORT_BY_ALIGNMENT(.data.$FLEX_RAM*))
                0x14000000                . = ALIGN (0x8)
                [!provide]                PROVIDE (__end_data_RAM3, .)

.uninit_RESERVED
                0x20000000        0x0
 *(SORT_BY_ALIGNMENT(.bss.$RESERVED*))
                0x20000000                . = ALIGN (0x4)
                0x20000000                _end_uninit_RESERVED = .

.data           0x20000000      0xaa8 load address 0x00003a28
 FILL mask 0xff
                0x20000000                _data = .
 *(SORT_BY_ALIGNMENT(vtable))
 *(SORT_BY_ALIGNMENT(.ramfunc*))
 *(SORT_BY_ALIGNMENT(.data*))
 .data.id_txt   0x20000000       0xd4 ./source/App.o
 .data.pin_txt  0x200000d4       0xd4 ./source/App.o
 .data.pin_toDisp
                0x200001a8       0xd4 ./source/App.o
 .data.bright_txt
                0x2000027c       0xd4 ./source/App.o
 .data.checkoutOK_txt
                0x20000350       0xd4 ./source/App.o
 .data.checkoutERROR_txt
                0x20000424       0xd4 ./source/App.o
 .data.idError_txt
                0x200004f8       0xd4 ./source/App.o
 .data.hello_txt
                0x200005cc       0xd4 ./source/App.o
 .data.sel_txt  0x200006a0       0xd4 ./source/App.o
 .data.new_pin_txt
                0x20000774       0xd4 ./source/App.o
 .data.conf_pin_txt
                0x20000848       0xd4 ./source/App.o
 .data.modf_ok_txt
                0x2000091c       0xd4 ./source/App.o
 .data.default_id
                0x200009f0       0x20 ./source/App.o
 .data.segments
                0x20000a10       0x20 ./source/DisplayBoard.o
 .data.disp_selector
                0x20000a30        0x8 ./source/DisplayBoard.o
 .data.status_leds
                0x20000a38        0x8 ./source/DisplayBoard.o
 .data.disp_vector
                0x20000a40       0x10 ./source/DisplayBoard.o
 .data.brightness
                0x20000a50        0x4 ./source/DisplayBoard.o
 .data.dsp      0x20000a54        0x4 ./source/DisplayBoard.o
 .data.ledStatus
                0x20000a58        0x4 ./source/DisplayBoard.o
 .data.SysTick_ptr
                0x20000a5c        0x4 ./source/SysTick.o
 .data.gpioPtrs
                0x20000a60       0x14 ./source/gpio.o
 .data.portPtrs
                0x20000a74       0x14 ./source/gpio.o
 .data.simMasks
                0x20000a88       0x14 ./source/gpio.o
 .data.sim_ptr  0x20000a9c        0x4 ./source/gpio.o
 .data.timers_cant
                0x20000aa0        0x1 ./source/timer.o
                0x20000aa8                . = ALIGN (0x8)
 *fill*         0x20000aa1        0x7 ff
                0x20000aa8                _edata = .

.igot.plt       0x20000aa8        0x0 load address 0x000044d0
 .igot.plt      0x20000aa8        0x0 ./source/App.o

.bss_RAM2       0x1fff0000        0x0
                [!provide]                PROVIDE (__start_bss_RAM2, .)
 *(SORT_BY_ALIGNMENT(.bss.$RAM2*))
 *(SORT_BY_ALIGNMENT(.bss.$SRAM_LOWER*))
                0x1fff0000                . = ALIGN ((. != 0x0)?0x8:0x1)
                [!provide]                PROVIDE (__end_bss_RAM2, .)

.bss_RAM3       0x14000000        0x0
                [!provide]                PROVIDE (__start_bss_RAM3, .)
 *(SORT_BY_ALIGNMENT(.bss.$RAM3*))
 *(SORT_BY_ALIGNMENT(.bss.$FLEX_RAM*))
                0x14000000                . = ALIGN ((. != 0x0)?0x8:0x1)
                [!provide]                PROVIDE (__end_bss_RAM3, .)

.bss            0x20000aa8      0x6a8
                0x20000aa8                _bss = .
 *(SORT_BY_ALIGNMENT(.bss*))
 .bss.user_fsm  0x20000aa8        0x4 ./source/App.o
 .bss.pin_change_fsm
                0x20000aac        0x4 ./source/App.o
 .bss.aux_pin   0x20000ab0       0x14 ./source/App.o
 .bss.aux_id    0x20000ac4        0x4 ./source/App.o
 .bss.idle_cnt  0x20000ac8        0x4 ./source/App.o
 .bss.fsm       0x20000acc        0x4 ./source/App.o
 .bss.flash_counter
                0x20000ad0        0x4 ./source/DisplayBoard.o
 .bss.cursor_flash
                0x20000ad4        0x4 ./source/DisplayBoard.o
 .bss.bright_time
                0x20000ad8        0x4 ./source/DisplayBoard.o
 .bss.vector_cont
                0x20000adc        0x4 ./source/DisplayBoard.o
 .bss.actual_len
                0x20000ae0        0x4 ./source/DisplayBoard.o
 .bss.actual_prefix
                0x20000ae4        0x4 ./source/DisplayBoard.o
 .bss.actual_sufix
                0x20000ae8        0x4 ./source/DisplayBoard.o
 .bss.pin_pointer
                0x20000aec        0x4 ./source/DisplayBoard.o
 .bss.channel_flag
                0x20000af0        0x4 ./source/Encoder.o
 .bss.motion_event
                0x20000af4        0x4 ./source/Encoder.o
 .bss.callback  0x20000af8        0x4 ./source/Encoder.o
 .bss.internal_sw_event
                0x20000afc        0x4 ./source/InternalControl.o
 .bss.callback  0x20000b00        0x4 ./source/InternalControl.o
 .bss.pan       0x20000b04       0x4c ./source/Lector.o
 .bss.data      0x20000b50       0x28 ./source/Lector.o
 .bss.callback  0x20000b78        0x4 ./source/Lector.o
 .bss.callbackTick
                0x20000b7c        0x4 ./source/SysTick.o
 .bss.index_    0x20000b80        0x4 ./source/Users.o
 .bss.users     0x20000b84      0x230 ./source/Users.o
 .bss.isr_Matrix
                0x20000db4      0x280 ./source/gpio.o
 .bss.timers    0x20001034      0x100 ./source/timer.o
 .bss.__LDM_interruptDisableCount
                0x20001134        0x4 ./SDK/startup/hardware.o
 .bss.idle_fsm  0x20001138        0x1 ./source/App.o
 .bss.timerDisp
                0x20001139        0x1 ./source/App.o
 .bss.timerIdle
                0x2000113a        0x1 ./source/App.o
 .bss.timerError
                0x2000113b        0x1 ./source/App.o
 .bss.timerPestillo
                0x2000113c        0x1 ./source/App.o
 .bss.load_menu
                0x2000113d        0x1 ./source/DisplayBoard.o
 .bss.shift_hab
                0x2000113e        0x1 ./source/DisplayBoard.o
 .bss.timerEncCH
                0x2000113f        0x1 ./source/Encoder.o
 .bss.timerEncSwitch
                0x20001140        0x1 ./source/Encoder.o
 .bss.OK_sw     0x20001141        0x1 ./source/InternalControl.o
 .bss.CANCEL_sw
                0x20001142        0x1 ./source/InternalControl.o
 .bss.timerSw   0x20001143        0x1 ./source/InternalControl.o
 .bss.Enable    0x20001144        0x1 ./source/Lector.o
 .bss.chkEnable
                0x20001145        0x1 ./source/Lector.o
 .bss.count     0x20001146        0x1 ./source/Lector.o
 .bss.bits      0x20001147        0x1 ./source/Lector.o
 .bss.lrc       0x20001148        0x1 ./source/Lector.o
 .bss.word      0x20001149        0x1 ./source/Lector.o
 .bss.end       0x2000114a        0x1 ./source/Lector.o
 .bss.yaInit.7476
                0x2000114b        0x1 ./source/timer.o
 *(SORT_BY_ALIGNMENT(COMMON))
                0x20001150                . = ALIGN (0x8)
 *fill*         0x2000114c        0x4 
                0x20001150                _ebss = .
                [!provide]                PROVIDE (end, .)

.noinit_RAM2    0x1fff0000        0x0
 *(SORT_BY_ALIGNMENT(.noinit.$RAM2*))
 *(SORT_BY_ALIGNMENT(.noinit.$SRAM_LOWER*))
                0x1fff0000                . = ALIGN (0x8)

.noinit_RAM3    0x14000000        0x0
 *(SORT_BY_ALIGNMENT(.noinit.$RAM3*))
 *(SORT_BY_ALIGNMENT(.noinit.$FLEX_RAM*))
                0x14000000                . = ALIGN (0x8)

.noinit         0x20001150        0x0
                0x20001150                _noinit = .
 *(SORT_BY_ALIGNMENT(.noinit*))
                0x20001150                . = ALIGN (0x8)
                0x20001150                _end_noinit = .
                0x00001000                _HeapSize = 0x1000

.heap           0x20001150     0x1000
                0x20001150                _pvHeapStart = .
                0x20002150                . = (. + _HeapSize)
 *fill*         0x20001150     0x1000 
                0x20002150                . = ALIGN (0x8)
                0x20002150                _pvHeapLimit = .
                0x00001000                _StackSize = 0x1000

.heap2stackfill
                0x20002150     0x1000
                0x20003150                . = (. + _StackSize)
 *fill*         0x20002150     0x1000 

.stack          0x2002f000        0x0
                0x2002f000                _vStackBase = .
                0x2002f000                . = ALIGN (0x8)
                0x20030000                _vStackTop = (. + _StackSize)
                0x00000000                _image_start = LOADADDR (.text)
                0x000044d0                _image_end = (LOADADDR (.data) + SIZEOF (.data))
                0x000044d0                _image_size = (_image_end - _image_start)
OUTPUT(Blink.axf elf32-littlearm)

.debug_info     0x00000000     0x7387
 .debug_info    0x00000000      0xf10 ./source/App.o
 .debug_info    0x00000f10      0xc5d ./source/DisplayBoard.o
 .debug_info    0x00001b6d      0xa72 ./source/Encoder.o
 .debug_info    0x000025df      0xe72 ./source/InternalControl.o
 .debug_info    0x00003451      0x70a ./source/Lector.o
 .debug_info    0x00003b5b      0x526 ./source/SysTick.o
 .debug_info    0x00004081      0xb43 ./source/Users.o
 .debug_info    0x00004bc4      0x6c2 ./source/gpio.o
 .debug_info    0x00005286      0xaee ./source/timer.o
 .debug_info    0x00005d74      0x675 ./SDK/startup/hardware.o
 .debug_info    0x000063e9       0xb7 ./SDK/startup/main.o
 .debug_info    0x000064a0       0x3b ./SDK/startup/semihost_hardfault.o
 .debug_info    0x000064db      0x8b0 ./SDK/startup/startup_mk64f12.o
 .debug_info    0x00006d8b      0x5fc ./SDK/CMSIS/system_MK64F12.o

.debug_abbrev   0x00000000     0x1962
 .debug_abbrev  0x00000000      0x297 ./source/App.o
 .debug_abbrev  0x00000297      0x2e2 ./source/DisplayBoard.o
 .debug_abbrev  0x00000579      0x27c ./source/Encoder.o
 .debug_abbrev  0x000007f5      0x2b0 ./source/InternalControl.o
 .debug_abbrev  0x00000aa5      0x23a ./source/Lector.o
 .debug_abbrev  0x00000cdf      0x1a0 ./source/SysTick.o
 .debug_abbrev  0x00000e7f      0x216 ./source/Users.o
 .debug_abbrev  0x00001095      0x1a7 ./source/gpio.o
 .debug_abbrev  0x0000123c      0x2a7 ./source/timer.o
 .debug_abbrev  0x000014e3      0x138 ./SDK/startup/hardware.o
 .debug_abbrev  0x0000161b       0x7d ./SDK/startup/main.o
 .debug_abbrev  0x00001698       0x2f ./SDK/startup/semihost_hardfault.o
 .debug_abbrev  0x000016c7      0x15c ./SDK/startup/startup_mk64f12.o
 .debug_abbrev  0x00001823      0x13f ./SDK/CMSIS/system_MK64F12.o

.debug_aranges  0x00000000      0x740
 .debug_aranges
                0x00000000       0x88 ./source/App.o
 .debug_aranges
                0x00000088       0x70 ./source/DisplayBoard.o
 .debug_aranges
                0x000000f8       0x60 ./source/Encoder.o
 .debug_aranges
                0x00000158       0x70 ./source/InternalControl.o
 .debug_aranges
                0x000001c8       0x68 ./source/Lector.o
 .debug_aranges
                0x00000230       0x30 ./source/SysTick.o
 .debug_aranges
                0x00000260       0x60 ./source/Users.o
 .debug_aranges
                0x000002c0       0x60 ./source/gpio.o
 .debug_aranges
                0x00000320       0x50 ./source/timer.o
 .debug_aranges
                0x00000370       0x30 ./SDK/startup/hardware.o
 .debug_aranges
                0x000003a0       0x20 ./SDK/startup/main.o
 .debug_aranges
                0x000003c0       0x20 ./SDK/startup/semihost_hardfault.o
 .debug_aranges
                0x000003e0      0x330 ./SDK/startup/startup_mk64f12.o
 .debug_aranges
                0x00000710       0x30 ./SDK/CMSIS/system_MK64F12.o

.debug_ranges   0x00000000      0x678
 .debug_ranges  0x00000000       0x90 ./source/App.o
 .debug_ranges  0x00000090       0x60 ./source/DisplayBoard.o
 .debug_ranges  0x000000f0       0x50 ./source/Encoder.o
 .debug_ranges  0x00000140       0x60 ./source/InternalControl.o
 .debug_ranges  0x000001a0       0x58 ./source/Lector.o
 .debug_ranges  0x000001f8       0x20 ./source/SysTick.o
 .debug_ranges  0x00000218       0x50 ./source/Users.o
 .debug_ranges  0x00000268       0x50 ./source/gpio.o
 .debug_ranges  0x000002b8       0x40 ./source/timer.o
 .debug_ranges  0x000002f8       0x20 ./SDK/startup/hardware.o
 .debug_ranges  0x00000318       0x10 ./SDK/startup/main.o
 .debug_ranges  0x00000328       0x10 ./SDK/startup/semihost_hardfault.o
 .debug_ranges  0x00000338      0x320 ./SDK/startup/startup_mk64f12.o
 .debug_ranges  0x00000658       0x20 ./SDK/CMSIS/system_MK64F12.o

.debug_macro    0x00000000    0x12efd
 .debug_macro   0x00000000      0x1e2 ./source/App.o
 .debug_macro   0x000001e2      0xa5a ./source/App.o
 .debug_macro   0x00000c3c      0x34e ./source/App.o
 .debug_macro   0x00000f8a       0x22 ./source/App.o
 .debug_macro   0x00000fac       0x17 ./source/App.o
 .debug_macro   0x00000fc3       0x22 ./source/App.o
 .debug_macro   0x00000fe5       0x52 ./source/App.o
 .debug_macro   0x00001037       0x8d ./source/App.o
 .debug_macro   0x000010c4       0x35 ./source/App.o
 .debug_macro   0x000010f9       0x9c ./source/App.o
 .debug_macro   0x00001195       0x16 ./source/App.o
 .debug_macro   0x000011ab      0x10e ./source/App.o
 .debug_macro   0x000012b9       0x8d ./source/App.o
 .debug_macro   0x00001346       0x57 ./source/App.o
 .debug_macro   0x0000139d       0x58 ./source/App.o
 .debug_macro   0x000013f5       0x1f ./source/App.o
 .debug_macro   0x00001414       0x43 ./source/App.o
 .debug_macro   0x00001457       0x20 ./source/App.o
 .debug_macro   0x00001477      0x18e ./source/App.o
 .debug_macro   0x00001605      0x330 ./source/App.o
 .debug_macro   0x00001935       0x16 ./source/App.o
 .debug_macro   0x0000194b       0x29 ./source/App.o
 .debug_macro   0x00001974       0x1c ./source/App.o
 .debug_macro   0x00001990       0xb2 ./source/App.o
 .debug_macro   0x00001a42       0x22 ./source/App.o
 .debug_macro   0x00001a64       0x34 ./source/App.o
 .debug_macro   0x00001a98       0x1c ./source/App.o
 .debug_macro   0x00001ab4       0x28 ./source/App.o
 .debug_macro   0x00001adc      0x1b7 ./source/DisplayBoard.o
 .debug_macro   0x00001c93       0xac ./source/DisplayBoard.o
 .debug_macro   0x00001d3f       0x10 ./source/DisplayBoard.o
 .debug_macro   0x00001d4f       0x5c ./source/DisplayBoard.o
 .debug_macro   0x00001dab       0x1c ./source/DisplayBoard.o
 .debug_macro   0x00001dc7       0x22 ./source/DisplayBoard.o
 .debug_macro   0x00001de9       0xd9 ./source/DisplayBoard.o
 .debug_macro   0x00001ec2      0xecf ./source/DisplayBoard.o
 .debug_macro   0x00002d91       0x48 ./source/DisplayBoard.o
 .debug_macro   0x00002dd9     0xe07b ./source/DisplayBoard.o
 .debug_macro   0x00010e54     0x122b ./source/DisplayBoard.o
 .debug_macro   0x0001207f       0x16 ./source/DisplayBoard.o
 .debug_macro   0x00012095       0x3a ./source/DisplayBoard.o
 .debug_macro   0x000120cf       0xa6 ./source/DisplayBoard.o
 .debug_macro   0x00012175      0x1b7 ./source/Encoder.o
 .debug_macro   0x0001232c       0x1c ./source/Encoder.o
 .debug_macro   0x00012348       0x22 ./source/Encoder.o
 .debug_macro   0x0001236a      0x1b7 ./source/InternalControl.o
 .debug_macro   0x00012521       0x16 ./source/InternalControl.o
 .debug_macro   0x00012537       0xd2 ./source/Lector.o
 .debug_macro   0x00012609      0x174 ./source/Lector.o
 .debug_macro   0x0001277d       0xdf ./source/Lector.o
 .debug_macro   0x0001285c       0xac ./source/SysTick.o
 .debug_macro   0x00012908      0x11e ./source/Users.o
 .debug_macro   0x00012a26       0x22 ./source/Users.o
 .debug_macro   0x00012a48       0x10 ./source/Users.o
 .debug_macro   0x00012a58       0x35 ./source/Users.o
 .debug_macro   0x00012a8d       0xab ./source/gpio.o
 .debug_macro   0x00012b38      0x1c3 ./source/timer.o
 .debug_macro   0x00012cfb       0x10 ./source/timer.o
 .debug_macro   0x00012d0b       0x9c ./SDK/startup/hardware.o
 .debug_macro   0x00012da7       0x9c ./SDK/startup/main.o
 .debug_macro   0x00012e43       0x11 ./SDK/startup/semihost_hardfault.o
 .debug_macro   0x00012e54       0x29 ./SDK/startup/startup_mk64f12.o
 .debug_macro   0x00012e7d       0x80 ./SDK/CMSIS/system_MK64F12.o

.debug_line     0x00000000     0x2da0
 .debug_line    0x00000000      0x54d ./source/App.o
 .debug_line    0x0000054d      0x5e2 ./source/DisplayBoard.o
 .debug_line    0x00000b2f      0x3f7 ./source/Encoder.o
 .debug_line    0x00000f26      0x444 ./source/InternalControl.o
 .debug_line    0x0000136a      0x2ca ./source/Lector.o
 .debug_line    0x00001634      0x1b6 ./source/SysTick.o
 .debug_line    0x000017ea      0x335 ./source/Users.o
 .debug_line    0x00001b1f      0x25d ./source/gpio.o
 .debug_line    0x00001d7c      0x3e3 ./source/timer.o
 .debug_line    0x0000215f      0x1d4 ./SDK/startup/hardware.o
 .debug_line    0x00002333      0x175 ./SDK/startup/main.o
 .debug_line    0x000024a8       0x59 ./SDK/startup/semihost_hardfault.o
 .debug_line    0x00002501      0x6d8 ./SDK/startup/startup_mk64f12.o
 .debug_line    0x00002bd9      0x1c7 ./SDK/CMSIS/system_MK64F12.o

.debug_str      0x00000000    0x7ca4e
 .debug_str     0x00000000     0x773e ./source/App.o
                               0x79a4 (size before relaxing)
 .debug_str     0x0000773e    0x73c76 ./source/DisplayBoard.o
                              0x7aa89 (size before relaxing)
 .debug_str     0x0007b3b4       0xf1 ./source/Encoder.o
                              0x7a8e3 (size before relaxing)
 .debug_str     0x0007b4a5      0x694 ./source/InternalControl.o
                              0x7af08 (size before relaxing)
 .debug_str     0x0007bb39       0xae ./source/Lector.o
                              0x77d57 (size before relaxing)
 .debug_str     0x0007bbe7       0x93 ./source/SysTick.o
                              0x775c4 (size before relaxing)
 .debug_str     0x0007bc7a       0xcf ./source/Users.o
                               0x6c50 (size before relaxing)
 .debug_str     0x0007bd49      0x202 ./source/gpio.o
                              0x77271 (size before relaxing)
 .debug_str     0x0007bf4b       0xe1 ./source/timer.o
                              0x7a8dc (size before relaxing)
 .debug_str     0x0007c02c      0x178 ./SDK/startup/hardware.o
                              0x77202 (size before relaxing)
 .debug_str     0x0007c1a4       0x1b ./SDK/startup/main.o
                              0x76fd6 (size before relaxing)
 .debug_str     0x0007c1bf       0x36 ./SDK/startup/semihost_hardfault.o
                               0x2d3c (size before relaxing)
 .debug_str     0x0007c1f5      0x7f7 ./SDK/startup/startup_mk64f12.o
                               0x35aa (size before relaxing)
 .debug_str     0x0007c9ec       0x62 ./SDK/CMSIS/system_MK64F12.o
                              0x77111 (size before relaxing)

.comment        0x00000000       0x7e
 .comment       0x00000000       0x7e ./source/App.o
                                 0x7f (size before relaxing)
 .comment       0x0000007e       0x7f ./source/DisplayBoard.o
 .comment       0x0000007e       0x7f ./source/Encoder.o
 .comment       0x0000007e       0x7f ./source/InternalControl.o
 .comment       0x0000007e       0x7f ./source/Lector.o
 .comment       0x0000007e       0x7f ./source/SysTick.o
 .comment       0x0000007e       0x7f ./source/Users.o
 .comment       0x0000007e       0x7f ./source/gpio.o
 .comment       0x0000007e       0x7f ./source/timer.o
 .comment       0x0000007e       0x7f ./SDK/startup/hardware.o
 .comment       0x0000007e       0x7f ./SDK/startup/main.o
 .comment       0x0000007e       0x7f ./SDK/startup/semihost_hardfault.o
 .comment       0x0000007e       0x7f ./SDK/startup/startup_mk64f12.o
 .comment       0x0000007e       0x7f ./SDK/CMSIS/system_MK64F12.o
 .comment       0x0000007e       0x7f c:/nxp/mcuxpressoide_10.2.0_759/ide/tools/bin/../lib/gcc/arm-none-eabi/7.2.1/../../../../arm-none-eabi/lib/thumb/v7e-m/fpv4-sp/hard\libcr_c.a(memcpy.o)
 .comment       0x0000007e       0x7f c:/nxp/mcuxpressoide_10.2.0_759/ide/tools/bin/../lib/gcc/arm-none-eabi/7.2.1/../../../../arm-none-eabi/lib/thumb/v7e-m/fpv4-sp/hard\libcr_c.a(memcmp.o)

.ARM.attributes
                0x00000000       0x37
 .ARM.attributes
                0x00000000       0x39 ./source/App.o
 .ARM.attributes
                0x00000039       0x39 ./source/DisplayBoard.o
 .ARM.attributes
                0x00000072       0x39 ./source/Encoder.o
 .ARM.attributes
                0x000000ab       0x39 ./source/InternalControl.o
 .ARM.attributes
                0x000000e4       0x39 ./source/Lector.o
 .ARM.attributes
                0x0000011d       0x39 ./source/SysTick.o
 .ARM.attributes
                0x00000156       0x39 ./source/Users.o
 .ARM.attributes
                0x0000018f       0x39 ./source/gpio.o
 .ARM.attributes
                0x000001c8       0x39 ./source/timer.o
 .ARM.attributes
                0x00000201       0x39 ./SDK/startup/hardware.o
 .ARM.attributes
                0x0000023a       0x39 ./SDK/startup/main.o
 .ARM.attributes
                0x00000273       0x39 ./SDK/startup/semihost_hardfault.o
 .ARM.attributes
                0x000002ac       0x39 ./SDK/startup/startup_mk64f12.o
 .ARM.attributes
                0x000002e5       0x39 ./SDK/CMSIS/system_MK64F12.o
 .ARM.attributes
                0x0000031e       0x39 c:/nxp/mcuxpressoide_10.2.0_759/ide/tools/bin/../lib/gcc/arm-none-eabi/7.2.1/../../../../arm-none-eabi/lib/thumb/v7e-m/fpv4-sp/hard\libcr_c.a(memcpy.o)
 .ARM.attributes
                0x00000357       0x39 c:/nxp/mcuxpressoide_10.2.0_759/ide/tools/bin/../lib/gcc/arm-none-eabi/7.2.1/../../../../arm-none-eabi/lib/thumb/v7e-m/fpv4-sp/hard\libcr_c.a(memcmp.o)
 .ARM.attributes
                0x00000390       0x25 c:/nxp/mcuxpressoide_10.2.0_759/ide/tools/bin/../lib/gcc/arm-none-eabi/7.2.1/thumb/v7e-m/fpv4-sp/hard\libcr_eabihelpers.a(memcpy.o)

.debug_frame    0x00000000     0x1670
 .debug_frame   0x00000000      0x1f4 ./source/App.o
 .debug_frame   0x000001f4      0x1a4 ./source/DisplayBoard.o
 .debug_frame   0x00000398      0x12c ./source/Encoder.o
 .debug_frame   0x000004c4      0x17c ./source/InternalControl.o
 .debug_frame   0x00000640      0x178 ./source/Lector.o
 .debug_frame   0x000007b8       0x88 ./source/SysTick.o
 .debug_frame   0x00000840      0x160 ./source/Users.o
 .debug_frame   0x000009a0      0x190 ./source/gpio.o
 .debug_frame   0x00000b30      0x10c ./source/timer.o
 .debug_frame   0x00000c3c       0x70 ./SDK/startup/hardware.o
 .debug_frame   0x00000cac       0x2c ./SDK/startup/main.o
 .debug_frame   0x00000cd8       0x20 ./SDK/startup/semihost_hardfault.o
 .debug_frame   0x00000cf8      0x904 ./SDK/startup/startup_mk64f12.o
 .debug_frame   0x000015fc       0x74 ./SDK/CMSIS/system_MK64F12.o
