Archive member included to satisfy reference by file (symbol)

/Applications/MCUXpressoIDE_11.0.0_2516/ide/plugins/com.nxp.mcuxpresso.tools.macosx_11.0.0.201905131304/tools/bin/../lib/gcc/arm-none-eabi/8.2.1/../../../../arm-none-eabi/lib/thumb/v7e-m+fp/hard/libcr_c.a(memcpy.o)
                              ./source/App.o (memcpy)
/Applications/MCUXpressoIDE_11.0.0_2516/ide/plugins/com.nxp.mcuxpresso.tools.macosx_11.0.0.201905131304/tools/bin/../lib/gcc/arm-none-eabi/8.2.1/../../../../arm-none-eabi/lib/thumb/v7e-m+fp/hard/libcr_c.a(memcmp.o)
                              ./source/Users.o (memcmp)
/Applications/MCUXpressoIDE_11.0.0_2516/ide/plugins/com.nxp.mcuxpresso.tools.macosx_11.0.0.201905131304/tools/bin/../lib/gcc/arm-none-eabi/8.2.1/thumb/v7e-m+fp/hard/libcr_eabihelpers.a(memcpy.o)
                              /Applications/MCUXpressoIDE_11.0.0_2516/ide/plugins/com.nxp.mcuxpresso.tools.macosx_11.0.0.201905131304/tools/bin/../lib/gcc/arm-none-eabi/8.2.1/../../../../arm-none-eabi/lib/thumb/v7e-m+fp/hard/libcr_c.a(memcpy.o) (__aeabi_memcpy)

Discarded input sections

 .group         0x0000000000000000        0xc ./source/App.o
 .group         0x0000000000000000        0xc ./source/App.o
 .group         0x0000000000000000        0xc ./source/App.o
 .group         0x0000000000000000        0xc ./source/App.o
 .group         0x0000000000000000        0xc ./source/App.o
 .group         0x0000000000000000        0xc ./source/App.o
 .group         0x0000000000000000        0xc ./source/App.o
 .group         0x0000000000000000        0xc ./source/App.o
 .group         0x0000000000000000        0xc ./source/App.o
 .group         0x0000000000000000        0xc ./source/App.o
 .group         0x0000000000000000        0xc ./source/App.o
 .group         0x0000000000000000        0xc ./source/App.o
 .group         0x0000000000000000        0xc ./source/App.o
 .group         0x0000000000000000        0xc ./source/App.o
 .group         0x0000000000000000        0xc ./source/App.o
 .group         0x0000000000000000        0xc ./source/App.o
 .group         0x0000000000000000        0xc ./source/App.o
 .group         0x0000000000000000        0xc ./source/App.o
 .group         0x0000000000000000        0xc ./source/App.o
 .group         0x0000000000000000        0xc ./source/App.o
 .group         0x0000000000000000        0xc ./source/App.o
 .group         0x0000000000000000        0xc ./source/App.o
 .group         0x0000000000000000        0xc ./source/App.o
 .group         0x0000000000000000        0xc ./source/App.o
 .group         0x0000000000000000        0xc ./source/App.o
 .group         0x0000000000000000        0xc ./source/App.o
 .group         0x0000000000000000        0xc ./source/App.o
 .text          0x0000000000000000        0x0 ./source/App.o
 .data          0x0000000000000000        0x0 ./source/App.o
 .bss           0x0000000000000000        0x0 ./source/App.o
 .data.checkoutOK_vec
                0x0000000000000000       0x38 ./source/App.o
 .data.checkoutERROR_vec
                0x0000000000000000       0x48 ./source/App.o
 .data.idError_vec
                0x0000000000000000       0x48 ./source/App.o
 .group         0x0000000000000000        0xc ./source/DisplayBoard.o
 .group         0x0000000000000000        0xc ./source/DisplayBoard.o
 .group         0x0000000000000000        0xc ./source/DisplayBoard.o
 .group         0x0000000000000000        0xc ./source/DisplayBoard.o
 .group         0x0000000000000000        0xc ./source/DisplayBoard.o
 .group         0x0000000000000000        0xc ./source/DisplayBoard.o
 .group         0x0000000000000000        0xc ./source/DisplayBoard.o
 .group         0x0000000000000000        0xc ./source/DisplayBoard.o
 .group         0x0000000000000000        0xc ./source/DisplayBoard.o
 .group         0x0000000000000000        0xc ./source/DisplayBoard.o
 .group         0x0000000000000000        0xc ./source/DisplayBoard.o
 .group         0x0000000000000000        0xc ./source/DisplayBoard.o
 .group         0x0000000000000000        0xc ./source/DisplayBoard.o
 .group         0x0000000000000000        0xc ./source/DisplayBoard.o
 .group         0x0000000000000000        0xc ./source/DisplayBoard.o
 .group         0x0000000000000000        0xc ./source/DisplayBoard.o
 .group         0x0000000000000000        0xc ./source/DisplayBoard.o
 .group         0x0000000000000000        0xc ./source/DisplayBoard.o
 .group         0x0000000000000000        0xc ./source/DisplayBoard.o
 .group         0x0000000000000000        0xc ./source/DisplayBoard.o
 .group         0x0000000000000000        0xc ./source/DisplayBoard.o
 .group         0x0000000000000000        0xc ./source/DisplayBoard.o
 .group         0x0000000000000000        0xc ./source/DisplayBoard.o
 .group         0x0000000000000000        0xc ./source/DisplayBoard.o
 .group         0x0000000000000000        0xc ./source/DisplayBoard.o
 .group         0x0000000000000000        0xc ./source/DisplayBoard.o
[...]
Memory Configuration

Name             Origin             Length             Attributes
PROGRAM_FLASH    0x0000000000000000 0x0000000000100000 xr
SRAM_UPPER       0x0000000020000000 0x0000000000030000 xrw
SRAM_LOWER       0x000000001fff0000 0x0000000000010000 xrw
FLEX_RAM         0x0000000014000000 0x0000000000001000 xrw
*default*        0x0000000000000000 0xffffffffffffffff

Linker script and memory map

LOAD ./source/App.o
LOAD ./source/DisplayBoard.o
LOAD ./source/Encoder.o
LOAD ./source/InternalControl.o
LOAD ./source/Lector.o
LOAD ./source/SysTick.o
LOAD ./source/Users.o
LOAD ./source/gpio.o
LOAD ./source/timer.o
LOAD ./SDK/startup/hardware.o
LOAD ./SDK/startup/main.o
LOAD ./SDK/startup/semihost_hardfault.o
LOAD ./SDK/startup/startup_mk64f12.o
LOAD ./SDK/CMSIS/system_MK64F12.o
START GROUP
LOAD /Applications/MCUXpressoIDE_11.0.0_2516/ide/plugins/com.nxp.mcuxpresso.tools.macosx_11.0.0.201905131304/tools/bin/../lib/gcc/arm-none-eabi/8.2.1/../../../../arm-none-eabi/lib/thumb/v7e-m+fp/hard/libcr_c.a
LOAD /Applications/MCUXpressoIDE_11.0.0_2516/ide/plugins/com.nxp.mcuxpresso.tools.macosx_11.0.0.201905131304/tools/bin/../lib/gcc/arm-none-eabi/8.2.1/thumb/v7e-m+fp/hard/libcr_eabihelpers.a
LOAD /Applications/MCUXpressoIDE_11.0.0_2516/ide/plugins/com.nxp.mcuxpresso.tools.macosx_11.0.0.201905131304/tools/bin/../lib/gcc/arm-none-eabi/8.2.1/thumb/v7e-m+fp/hard/libgcc.a
END GROUP
                0x0000000000000000                __base_PROGRAM_FLASH = 0x0
                0x0000000000000000                __base_Flash = 0x0
                0x0000000000100000                __top_PROGRAM_FLASH = 0x100000
                0x0000000000100000                __top_Flash = 0x100000
                0x0000000020000000                __base_SRAM_UPPER = 0x20000000
                0x0000000020000000                __base_RAM = 0x20000000
                0x0000000020030000                __top_SRAM_UPPER = 0x20030000
                0x0000000020030000                __top_RAM = 0x20030000
                0x000000001fff0000                __base_SRAM_LOWER = 0x1fff0000
                0x000000001fff0000                __base_RAM2 = 0x1fff0000
                0x0000000020000000                __top_SRAM_LOWER = 0x20000000
                0x0000000020000000                __top_RAM2 = 0x20000000
                0x0000000014000000                __base_FLEX_RAM = 0x14000000
                0x0000000014000000                __base_RAM3 = 0x14000000
                0x0000000014001000                __top_FLEX_RAM = 0x14001000
                0x0000000014001000                __top_RAM3 = 0x14001000

.text           0x0000000000000000     0x3570
 FILL mask 0xff
                0x0000000000000000                __vectors_start__ = ABSOLUTE (.)
 *(SORT_BY_ALIGNMENT(.isr_vector))
 .isr_vector    0x0000000000000000      0x198 ./SDK/startup/startup_mk64f12.o
                0x0000000000000000                __Vectors
                0x0000000000000000                g_pfnVectors
                0x0000000000000198                . = ALIGN (0x4)
                0x0000000000000198                __section_table_start = .
                0x0000000000000198                __data_section_table = .
                0x0000000000000198        0x4 LONG 0x3570 LOADADDR (.data)
                0x000000000000019c        0x4 LONG 0x20000000 ADDR (.data)
                0x00000000000001a0        0x4 LONG 0x450 SIZEOF (.data)
                0x00000000000001a4        0x4 LONG 0x3570 LOADADDR (.data_RAM2)
                0x00000000000001a8        0x4 LONG 0x1fff0000 ADDR (.data_RAM2)
                0x00000000000001ac        0x4 LONG 0x0 SIZEOF (.data_RAM2)
                0x00000000000001b0        0x4 LONG 0x3570 LOADADDR (.data_RAM3)
                0x00000000000001b4        0x4 LONG 0x14000000 ADDR (.data_RAM3)
                0x00000000000001b8        0x4 LONG 0x0 SIZEOF (.data_RAM3)
                0x00000000000001bc                __data_section_table_end = .
                0x00000000000001bc                __bss_section_table = .
                0x00000000000001bc        0x4 LONG 0x20000450 ADDR (.bss)
                0x00000000000001c0        0x4 LONG 0x688 SIZEOF (.bss)
                0x00000000000001c4        0x4 LONG 0x1fff0000 ADDR (.bss_RAM2)
                0x00000000000001c8        0x4 LONG 0x0 SIZEOF (.bss_RAM2)
                0x00000000000001cc        0x4 LONG 0x14000000 ADDR (.bss_RAM3)
                0x00000000000001d0        0x4 LONG 0x0 SIZEOF (.bss_RAM3)
                0x00000000000001d4                __bss_section_table_end = .
                0x00000000000001d4                __section_table_end = .
 *(SORT_BY_ALIGNMENT(.after_vectors*))
 .after_vectors.reset
                0x00000000000001d4       0x4c ./SDK/startup/startup_mk64f12.o
                0x00000000000001d4                ResetISR
 .after_vectors.init_data
                0x0000000000000220       0x1e ./SDK/startup/startup_mk64f12.o
                0x0000000000000220                data_init
 .after_vectors.init_bss
                0x000000000000023e       0x12 ./SDK/startup/startup_mk64f12.o
                0x000000000000023e                bss_init
 .after_vectors
                0x0000000000000250       0x14 ./SDK/startup/startup_mk64f12.o
                0x0000000000000250                NMI_Handler
                0x0000000000000254                MemManage_Handler
                0x0000000000000256                BusFault_Handler
                0x0000000000000258                UsageFault_Handler
                0x000000000000025a                SVC_Handler
                0x000000000000025c                DebugMon_Handler
                0x000000000000025e                PendSV_Handler
                0x0000000000000262                FTM1_DriverIRQHandler
                0x0000000000000262                FTM2_DriverIRQHandler
                0x0000000000000262                PIT2_DriverIRQHandler
                0x0000000000000262                SDHC_DriverIRQHandler
                0x0000000000000262                I2S0_Tx_DriverIRQHandler
                0x0000000000000262                RTC_Seconds_DriverIRQHandler
                0x0000000000000262                DMA6_DriverIRQHandler
                0x0000000000000262                LLWU_DriverIRQHandler
                0x0000000000000262                MCM_DriverIRQHandler
                0x0000000000000262                MCG_DriverIRQHandler
                0x0000000000000262                ENET_1588_Timer_DriverIRQHandler
                0x0000000000000262                I2C2_DriverIRQHandler
                0x0000000000000262                DAC1_DriverIRQHandler
                0x0000000000000262                CMP1_DriverIRQHandler
                0x0000000000000262                UART5_RX_TX_DriverIRQHandler
                0x0000000000000262                FTM0_DriverIRQHandler
                0x0000000000000262                IntDefaultHandler
                0x0000000000000262                USB0_DriverIRQHandler
                0x0000000000000262                UART5_ERR_DriverIRQHandler
                0x0000000000000262                PORTC_DriverIRQHandler
                0x0000000000000262                DMA11_DriverIRQHandler
                0x0000000000000262                DAC0_DriverIRQHandler
                0x0000000000000262                DMA10_DriverIRQHandler
                0x0000000000000262                CMP2_DriverIRQHandler
                0x0000000000000262                UART2_ERR_DriverIRQHandler
                0x0000000000000262                SPI2_DriverIRQHandler
                0x0000000000000262                LVD_LVW_DriverIRQHandler
                0x0000000000000262                PIT0_DriverIRQHandler
                0x0000000000000262                RNG_DriverIRQHandler
                0x0000000000000262                DMA5_DriverIRQHandler
                0x0000000000000262                DMA4_DriverIRQHandler
                0x0000000000000262                UART2_RX_TX_DriverIRQHandler
                0x0000000000000262                USBDCD_DriverIRQHandler
                0x0000000000000262                UART3_ERR_DriverIRQHandler
                0x0000000000000262                DMA3_DriverIRQHandler
                0x0000000000000262                DMA8_DriverIRQHandler
                0x0000000000000262                DMA9_DriverIRQHandler
                0x0000000000000262                UART0_ERR_DriverIRQHandler
                0x0000000000000262                CMT_DriverIRQHandler
                0x0000000000000262                Reserved71_DriverIRQHandler
                0x0000000000000262                ADC1_DriverIRQHandler
                0x0000000000000262                PORTA_DriverIRQHandler
                0x0000000000000262                DMA14_DriverIRQHandler
                0x0000000000000262                PIT3_DriverIRQHandler
                0x0000000000000262                PIT1_DriverIRQHandler
                0x0000000000000262                WDOG_EWM_DriverIRQHandler
                0x0000000000000262                PDB0_DriverIRQHandler
                0x0000000000000262                RTC_DriverIRQHandler
                0x0000000000000262                I2S0_Rx_DriverIRQHandler
                0x0000000000000262                Read_Collision_DriverIRQHandler
                0x0000000000000262                SWI_DriverIRQHandler
                0x0000000000000262                UART4_RX_TX_DriverIRQHandler
                0x0000000000000262                UART4_ERR_DriverIRQHandler
                0x0000000000000262                UART0_LON_DriverIRQHandler
                0x0000000000000262                DMA1_DriverIRQHandler
                0x0000000000000262                I2C1_DriverIRQHandler
                0x0000000000000262                UART3_RX_TX_DriverIRQHandler
                0x0000000000000262                ENET_Receive_DriverIRQHandler
                0x0000000000000262                DMA13_DriverIRQHandler
                0x0000000000000262                ENET_Error_DriverIRQHandler
                0x0000000000000262                DMA15_DriverIRQHandler
                0x0000000000000262                UART0_RX_TX_DriverIRQHandler
                0x0000000000000262                SPI0_DriverIRQHandler
                0x0000000000000262                ADC0_DriverIRQHandler
                0x0000000000000262                CMP0_DriverIRQHandler
                0x0000000000000262                CAN0_DriverIRQHandler
                0x0000000000000262                FTM3_DriverIRQHandler
                0x0000000000000262                UART1_ERR_DriverIRQHandler
                0x0000000000000262                DMA2_DriverIRQHandler
                0x0000000000000262                ENET_Transmit_DriverIRQHandler
                0x0000000000000262                PORTD_DriverIRQHandler
                0x0000000000000262                PORTE_DriverIRQHandler
                0x0000000000000262                FTFE_DriverIRQHandler
                0x0000000000000262                I2C0_DriverIRQHandler
                0x0000000000000262                DMA7_DriverIRQHandler
                0x0000000000000262                UART1_RX_TX_DriverIRQHandler
                0x0000000000000262                DMA0_DriverIRQHandler
                0x0000000000000262                PORTB_DriverIRQHandler
                0x0000000000000262                DMA12_DriverIRQHandler
                0x0000000000000262                SPI1_DriverIRQHandler
                0x0000000000000262                LPTMR0_DriverIRQHandler
                0x0000000000000262                DMA_Error_DriverIRQHandler
                0x0000000000000400                . = 0x400
 *fill*         0x0000000000000264      0x19c ff
                0x0000000000000400                PROVIDE (__FLASH_CONFIG_START__ = .)
 *(SORT_BY_ALIGNMENT(.FlashConfig))
 .FlashConfig   0x0000000000000400       0x10 ./SDK/startup/startup_mk64f12.o
                0x0000000000000400                Flash_Config
                0x0000000000000410                PROVIDE (__FLASH_CONFIG_END__ = .)
                0x0000000000000001                ASSERT (! ((__FLASH_CONFIG_START__ == __FLASH_CONFIG_END__)), Linker Flash Config Support Enabled, but no .FlashConfig section provided within application)
 *(SORT_BY_ALIGNMENT(.text*))
 .text.clearUserInfo
                0x0000000000000410       0x9c ./source/App.o
                0x0000000000000410                clearUserInfo
 .text.update_hidePIN
                0x00000000000004ac       0x7c ./source/App.o
                0x00000000000004ac                update_hidePIN
 .text.modifyNumberCode
                0x0000000000000528      0x1c0 ./source/App.o
                0x0000000000000528                modifyNumberCode
 .text.idleHandler
                0x00000000000006e8       0x60 ./source/App.o
                0x00000000000006e8                idleHandler
 .text.displayHandler
                0x0000000000000748       0xf0 ./source/App.o
                0x0000000000000748                displayHandler
 .text.encoderHandler
                0x0000000000000838       0x58 ./source/App.o
                0x0000000000000838                encoderHandler
 .text.lectorHandler
                0x0000000000000890       0x60 ./source/App.o
                0x0000000000000890                lectorHandler
 .text.internarHandler
                0x00000000000008f0       0xe8 ./source/App.o
                0x00000000000008f0                internarHandler
 .text.closeDoor
                0x00000000000009d8       0x20 ./source/App.o
                0x00000000000009d8                closeDoor
 .text.accessDenied
                0x00000000000009f8       0x20 ./source/App.o
                0x00000000000009f8                accessDenied
 .text.App_Init
                0x0000000000000a18       0xb0 ./source/App.o
                0x0000000000000a18                App_Init
 .text.App_Run  0x0000000000000ac8       0x78 ./source/App.o
                0x0000000000000ac8                App_Run
 .text.DispBoard_Init
                0x0000000000000b40       0xa4 ./source/DisplayBoard.o
                0x0000000000000b40                DispBoard_Init
 .text.Disp7Seg_Select
                0x0000000000000be4       0xb8 ./source/DisplayBoard.o
                0x0000000000000be4                Disp7Seg_Select
 .text.LedStatus_Write
                0x0000000000000c9c       0x98 ./source/DisplayBoard.o
                0x0000000000000c9c                LedStatus_Write
 .text.LedStatus_GetState
                0x0000000000000d34       0x18 ./source/DisplayBoard.o
                0x0000000000000d34                LedStatus_GetState
 .text.DispShowMsj
                0x0000000000000d4c      0x258 ./source/DisplayBoard.o
                0x0000000000000d4c                DispShowMsj
 .text.DispShiftMsj
                0x0000000000000fa4       0x64 ./source/DisplayBoard.o
                0x0000000000000fa4                DispShiftMsj
 .text.DispClear
                0x0000000000001008       0x54 ./source/DisplayBoard.o
                0x0000000000001008                DispClear
 .text.DispGetCursor
                0x000000000000105c       0x18 ./source/DisplayBoard.o
                0x000000000000105c                DispGetCursor
 .text.DispModType
                0x0000000000001074       0x18 ./source/DisplayBoard.o
                0x0000000000001074                DispModType
 .text.DispChangeBright
                0x000000000000108c       0x6c ./source/DisplayBoard.o
                0x000000000000108c                DispChangeBright
 .text.Disp7Seg_Write
                0x00000000000010f8      0xd60 ./source/DisplayBoard.o
                0x00000000000010f8                Disp7Seg_Write
 .text.encoderInit
                0x0000000000001e58       0x78 ./source/Encoder.o
                0x0000000000001e58                encoderInit
 .text.encoderCH_Handler
                0x0000000000001ed0       0x2c ./source/Encoder.o
                0x0000000000001ed0                encoderCH_Handler
 .text.enconderSwitch_Handler
                0x0000000000001efc       0x28 ./source/Encoder.o
                0x0000000000001efc                enconderSwitch_Handler
 .text.encoderMotionGetEvent
                0x0000000000001f24       0x4c ./source/Encoder.o
                0x0000000000001f24                encoderMotionGetEvent
 .text.EncSetFlag
                0x0000000000001f70       0x20 ./source/Encoder.o
                0x0000000000001f70                EncSetFlag
 .text.EncGetFlag
                0x0000000000001f90       0x18 ./source/Encoder.o
                0x0000000000001f90                EncGetFlag
 .text.__NVIC_EnableIRQ
                0x0000000000001fa8       0x3c ./source/InternalControl.o
 .text.internalControlInit
                0x0000000000001fe4       0x94 ./source/InternalControl.o
                0x0000000000001fe4                internalControlInit
 .text.isr_swOK
                0x0000000000002078       0x18 ./source/InternalControl.o
                0x0000000000002078                isr_swOK
 .text.isr_swCANCEL
                0x0000000000002090       0x18 ./source/InternalControl.o
                0x0000000000002090                isr_swCANCEL
 .text.PortGetOK_Status
                0x00000000000020a8       0x18 ./source/InternalControl.o
                0x00000000000020a8                PortGetOK_Status
 .text.PortClearOK_Status
                0x00000000000020c0       0x18 ./source/InternalControl.o
                0x00000000000020c0                PortClearOK_Status
 .text.PortGetCANCEL_Status
                0x00000000000020d8       0x18 ./source/InternalControl.o
                0x00000000000020d8                PortGetCANCEL_Status
 .text.PortClearCANCEL_Status
                0x00000000000020f0       0x18 ./source/InternalControl.o
                0x00000000000020f0                PortClearCANCEL_Status
 .text.readSwitchInterface
                0x0000000000002108       0x48 ./source/InternalControl.o
                0x0000000000002108                readSwitchInterface
 .text.internalControlGetEvent
                0x0000000000002150       0x38 ./source/InternalControl.o
                0x0000000000002150                internalControlGetEvent
 .text.__NVIC_EnableIRQ
                0x0000000000002188       0x3c ./source/Lector.o
 .text.lector_get_PAN
                0x00000000000021c4       0x50 ./source/Lector.o
                0x00000000000021c4                lector_get_PAN
 .text.clear_PAN
                0x0000000000002214       0x34 ./source/Lector.o
 .text.lectorInit
                0x0000000000002248       0x64 ./source/Lector.o
                0x0000000000002248                lectorInit
 .text.Check_LRC
                0x00000000000022ac       0x74 ./source/Lector.o
 .text.get_Data
                0x0000000000002320      0x12c ./source/Lector.o
 .text.set_Enable
                0x000000000000244c       0x68 ./source/Lector.o
 .text.__NVIC_EnableIRQ
                0x00000000000024b4       0x3c ./source/SysTick.o
 .text.SysTick_Init
                0x00000000000024f0       0x4c ./source/SysTick.o
                0x00000000000024f0                SysTick_Init
 .text.SysTick_Handler
                0x000000000000253c       0x24 ./source/SysTick.o
                0x000000000000253c                SysTick_Handler
 .text.initUser
                0x0000000000002560       0x5c ./source/Users.o
                0x0000000000002560                initUser
 .text.validateIDint
                0x00000000000025bc       0x70 ./source/Users.o
                0x00000000000025bc                validateIDint
 .text.validatePIN
                0x000000000000262c       0x3c ./source/Users.o
                0x000000000000262c                validatePIN
 .text.validateUser
                0x0000000000002668       0x94 ./source/Users.o
                0x0000000000002668                validateUser
 .text.PORTD_IRQHandler
                0x00000000000026fc       0x64 ./source/gpio.o
                0x00000000000026fc                PORTD_IRQHandler
 .text.PORTA_IRQHandler
                0x0000000000002760       0x5c ./source/gpio.o
                0x0000000000002760                PORTA_IRQHandler
 .text.PORTB_IRQHandler
                0x00000000000027bc       0x64 ./source/gpio.o
                0x00000000000027bc                PORTB_IRQHandler
 .text.PORTE_IRQHandler
                0x0000000000002820       0x64 ./source/gpio.o
                0x0000000000002820                PORTE_IRQHandler
 .text.PORTC_IRQHandler
                0x0000000000002884       0x64 ./source/gpio.o
                0x0000000000002884                PORTC_IRQHandler
 .text.gpioMode
                0x00000000000028e8      0x174 ./source/gpio.o
                0x00000000000028e8                gpioMode
 .text.gpioWrite
                0x0000000000002a5c       0x6c ./source/gpio.o
                0x0000000000002a5c                gpioWrite
 .text.gpioRead
                0x0000000000002ac8       0x5c ./source/gpio.o
                0x0000000000002ac8                gpioRead
 .text.gpioIRQ  0x0000000000002b24       0x94 ./source/gpio.o
                0x0000000000002b24                gpioIRQ
 .text.PORT_ClearInterruptFlag
                0x0000000000002bb8       0x48 ./source/gpio.o
                0x0000000000002bb8                PORT_ClearInterruptFlag
 .text.timerInit
                0x0000000000002c00       0x28 ./source/timer.o
                0x0000000000002c00                timerInit
 .text.timerGetId
                0x0000000000002c28       0x2c ./source/timer.o
                0x0000000000002c28                timerGetId
 .text.timerStart
                0x0000000000002c54       0xa4 ./source/timer.o
                0x0000000000002c54                timerStart
 .text.timerStop
                0x0000000000002cf8       0x30 ./source/timer.o
                0x0000000000002cf8                timerStop
 .text.timerExpired
                0x0000000000002d28       0x44 ./source/timer.o
                0x0000000000002d28                timerExpired
 .text.timer_isr
                0x0000000000002d6c       0xdc ./source/timer.o
 .text.hw_Init  0x0000000000002e48      0x10c ./SDK/startup/hardware.o
                0x0000000000002e48                hw_Init
 .text.hw_EnableInterrupts
                0x0000000000002f54       0x30 ./SDK/startup/hardware.o
                0x0000000000002f54                hw_EnableInterrupts
 .text.hw_DisableInterrupts
                0x0000000000002f84       0x20 ./SDK/startup/hardware.o
                0x0000000000002f84                hw_DisableInterrupts
 .text.SystemInit
                0x0000000000002fa4       0x3c ./SDK/CMSIS/system_MK64F12.o
                0x0000000000002fa4                SystemInit
 .text.encoderReadMotion
                0x0000000000002fe0       0x6e ./source/Encoder.o
                0x0000000000002fe0                encoderReadMotion
 .text.encoderReadSwitch
                0x000000000000304e       0x20 ./source/Encoder.o
                0x000000000000304e                encoderReadSwitch
 .text.RGBIndicator
                0x000000000000306e       0x70 ./source/InternalControl.o
                0x000000000000306e                RGBIndicator
 .text.isr_enable
                0x00000000000030de       0x16 ./source/Lector.o
 .text.isr_clk  0x00000000000030f4        0xc ./source/Lector.o
 .text.parity   0x0000000000003100       0x4e ./source/Lector.o
 .text.validateID
                0x000000000000314e       0x24 ./source/Users.o
                0x000000000000314e                validateID
 .text.main     0x0000000000003172       0x1a ./SDK/startup/main.o
                0x0000000000003172                main
 .text.HardFault_Handler
                0x000000000000318c       0x2c ./SDK/startup/semihost_hardfault.o
                0x000000000000318c                HardFault_Handler
 .text.DMA0_IRQHandler
                0x00000000000031b8        0x8 ./SDK/startup/startup_mk64f12.o
                0x00000000000031b8                DMA0_IRQHandler
 .text.DMA1_IRQHandler
                0x00000000000031c0        0x8 ./SDK/startup/startup_mk64f12.o
                0x00000000000031c0                DMA1_IRQHandler
 .text.DMA2_IRQHandler
                0x00000000000031c8        0x8 ./SDK/startup/startup_mk64f12.o
                0x00000000000031c8                DMA2_IRQHandler
 .text.DMA3_IRQHandler
                0x00000000000031d0        0x8 ./SDK/startup/startup_mk64f12.o
                0x00000000000031d0                DMA3_IRQHandler
 .text.DMA4_IRQHandler
                0x00000000000031d8        0x8 ./SDK/startup/startup_mk64f12.o
                0x00000000000031d8                DMA4_IRQHandler
 .text.DMA5_IRQHandler
                0x00000000000031e0        0x8 ./SDK/startup/startup_mk64f12.o
                0x00000000000031e0                DMA5_IRQHandler
 .text.DMA6_IRQHandler
                0x00000000000031e8        0x8 ./SDK/startup/startup_mk64f12.o
                0x00000000000031e8                DMA6_IRQHandler
 .text.DMA7_IRQHandler
                0x00000000000031f0        0x8 ./SDK/startup/startup_mk64f12.o
                0x00000000000031f0                DMA7_IRQHandler
 .text.DMA8_IRQHandler
                0x00000000000031f8        0x8 ./SDK/startup/startup_mk64f12.o
                0x00000000000031f8                DMA8_IRQHandler
 .text.DMA9_IRQHandler
                0x0000000000003200        0x8 ./SDK/startup/startup_mk64f12.o
                0x0000000000003200                DMA9_IRQHandler
 .text.DMA10_IRQHandler
                0x0000000000003208        0x8 ./SDK/startup/startup_mk64f12.o
                0x0000000000003208                DMA10_IRQHandler
 .text.DMA11_IRQHandler
                0x0000000000003210        0x8 ./SDK/startup/startup_mk64f12.o
                0x0000000000003210                DMA11_IRQHandler
 .text.DMA12_IRQHandler
                0x0000000000003218        0x8 ./SDK/startup/startup_mk64f12.o
                0x0000000000003218                DMA12_IRQHandler
 .text.DMA13_IRQHandler
                0x0000000000003220        0x8 ./SDK/startup/startup_mk64f12.o
                0x0000000000003220                DMA13_IRQHandler
 .text.DMA14_IRQHandler
                0x0000000000003228        0x8 ./SDK/startup/startup_mk64f12.o
                0x0000000000003228                DMA14_IRQHandler
 .text.DMA15_IRQHandler
                0x0000000000003230        0x8 ./SDK/startup/startup_mk64f12.o
                0x0000000000003230                DMA15_IRQHandler
 .text.DMA_Error_IRQHandler
                0x0000000000003238        0x8 ./SDK/startup/startup_mk64f12.o
                0x0000000000003238                DMA_Error_IRQHandler
 .text.MCM_IRQHandler
                0x0000000000003240        0x8 ./SDK/startup/startup_mk64f12.o
                0x0000000000003240                MCM_IRQHandler
 .text.FTFE_IRQHandler
                0x0000000000003248        0x8 ./SDK/startup/startup_mk64f12.o
                0x0000000000003248                FTFE_IRQHandler
 .text.Read_Collision_IRQHandler
                0x0000000000003250        0x8 ./SDK/startup/startup_mk64f12.o
                0x0000000000003250                Read_Collision_IRQHandler
 .text.LVD_LVW_IRQHandler
                0x0000000000003258        0x8 ./SDK/startup/startup_mk64f12.o
                0x0000000000003258                LVD_LVW_IRQHandler
 .text.LLWU_IRQHandler
                0x0000000000003260        0x8 ./SDK/startup/startup_mk64f12.o
                0x0000000000003260                LLWU_IRQHandler
 .text.WDOG_EWM_IRQHandler
                0x0000000000003268        0x8 ./SDK/startup/startup_mk64f12.o
                0x0000000000003268                WDOG_EWM_IRQHandler
 .text.RNG_IRQHandler
                0x0000000000003270        0x8 ./SDK/startup/startup_mk64f12.o
                0x0000000000003270                RNG_IRQHandler
 .text.I2C0_IRQHandler
                0x0000000000003278        0x8 ./SDK/startup/startup_mk64f12.o
                0x0000000000003278                I2C0_IRQHandler
 .text.I2C1_IRQHandler
                0x0000000000003280        0x8 ./SDK/startup/startup_mk64f12.o
                0x0000000000003280                I2C1_IRQHandler
 .text.SPI0_IRQHandler
                0x0000000000003288        0x8 ./SDK/startup/startup_mk64f12.o
                0x0000000000003288                SPI0_IRQHandler
 .text.SPI1_IRQHandler
                0x0000000000003290        0x8 ./SDK/startup/startup_mk64f12.o
                0x0000000000003290                SPI1_IRQHandler
 .text.I2S0_Tx_IRQHandler
                0x0000000000003298        0x8 ./SDK/startup/startup_mk64f12.o
                0x0000000000003298                I2S0_Tx_IRQHandler
 .text.I2S0_Rx_IRQHandler
                0x00000000000032a0        0x8 ./SDK/startup/startup_mk64f12.o
                0x00000000000032a0                I2S0_Rx_IRQHandler
 .text.UART0_LON_IRQHandler
                0x00000000000032a8        0x8 ./SDK/startup/startup_mk64f12.o
                0x00000000000032a8                UART0_LON_IRQHandler
 .text.UART0_RX_TX_IRQHandler
                0x00000000000032b0        0x8 ./SDK/startup/startup_mk64f12.o
                0x00000000000032b0                UART0_RX_TX_IRQHandler
 .text.UART0_ERR_IRQHandler
                0x00000000000032b8        0x8 ./SDK/startup/startup_mk64f12.o
                0x00000000000032b8                UART0_ERR_IRQHandler
 .text.UART1_RX_TX_IRQHandler
                0x00000000000032c0        0x8 ./SDK/startup/startup_mk64f12.o
                0x00000000000032c0                UART1_RX_TX_IRQHandler
 .text.UART1_ERR_IRQHandler
                0x00000000000032c8        0x8 ./SDK/startup/startup_mk64f12.o
                0x00000000000032c8                UART1_ERR_IRQHandler
 .text.UART2_RX_TX_IRQHandler
                0x00000000000032d0        0x8 ./SDK/startup/startup_mk64f12.o
                0x00000000000032d0                UART2_RX_TX_IRQHandler
 .text.UART2_ERR_IRQHandler
                0x00000000000032d8        0x8 ./SDK/startup/startup_mk64f12.o
                0x00000000000032d8                UART2_ERR_IRQHandler
 .text.UART3_RX_TX_IRQHandler
                0x00000000000032e0        0x8 ./SDK/startup/startup_mk64f12.o
                0x00000000000032e0                UART3_RX_TX_IRQHandler
 .text.UART3_ERR_IRQHandler
                0x00000000000032e8        0x8 ./SDK/startup/startup_mk64f12.o
                0x00000000000032e8                UART3_ERR_IRQHandler
 .text.ADC0_IRQHandler
                0x00000000000032f0        0x8 ./SDK/startup/startup_mk64f12.o
                0x00000000000032f0                ADC0_IRQHandler
 .text.CMP0_IRQHandler
                0x00000000000032f8        0x8 ./SDK/startup/startup_mk64f12.o
                0x00000000000032f8                CMP0_IRQHandler
 .text.CMP1_IRQHandler
                0x0000000000003300        0x8 ./SDK/startup/startup_mk64f12.o
                0x0000000000003300                CMP1_IRQHandler
 .text.FTM0_IRQHandler
                0x0000000000003308        0x8 ./SDK/startup/startup_mk64f12.o
                0x0000000000003308                FTM0_IRQHandler
 .text.FTM1_IRQHandler
                0x0000000000003310        0x8 ./SDK/startup/startup_mk64f12.o
                0x0000000000003310                FTM1_IRQHandler
 .text.FTM2_IRQHandler
                0x0000000000003318        0x8 ./SDK/startup/startup_mk64f12.o
                0x0000000000003318                FTM2_IRQHandler
 .text.CMT_IRQHandler
                0x0000000000003320        0x8 ./SDK/startup/startup_mk64f12.o
                0x0000000000003320                CMT_IRQHandler
 .text.RTC_IRQHandler
                0x0000000000003328        0x8 ./SDK/startup/startup_mk64f12.o
                0x0000000000003328                RTC_IRQHandler
 .text.RTC_Seconds_IRQHandler
                0x0000000000003330        0x8 ./SDK/startup/startup_mk64f12.o
                0x0000000000003330                RTC_Seconds_IRQHandler
 .text.PIT0_IRQHandler
                0x0000000000003338        0x8 ./SDK/startup/startup_mk64f12.o
                0x0000000000003338                PIT0_IRQHandler
 .text.PIT1_IRQHandler
                0x0000000000003340        0x8 ./SDK/startup/startup_mk64f12.o
                0x0000000000003340                PIT1_IRQHandler
 .text.PIT2_IRQHandler
                0x0000000000003348        0x8 ./SDK/startup/startup_mk64f12.o
                0x0000000000003348                PIT2_IRQHandler
 .text.PIT3_IRQHandler
                0x0000000000003350        0x8 ./SDK/startup/startup_mk64f12.o
                0x0000000000003350                PIT3_IRQHandler
 .text.PDB0_IRQHandler
                0x0000000000003358        0x8 ./SDK/startup/startup_mk64f12.o
                0x0000000000003358                PDB0_IRQHandler
 .text.USB0_IRQHandler
                0x0000000000003360        0x8 ./SDK/startup/startup_mk64f12.o
                0x0000000000003360                USB0_IRQHandler
 .text.USBDCD_IRQHandler
                0x0000000000003368        0x8 ./SDK/startup/startup_mk64f12.o
                0x0000000000003368                USBDCD_IRQHandler
 .text.Reserved71_IRQHandler
                0x0000000000003370        0x8 ./SDK/startup/startup_mk64f12.o
                0x0000000000003370                Reserved71_IRQHandler
 .text.DAC0_IRQHandler
                0x0000000000003378        0x8 ./SDK/startup/startup_mk64f12.o
                0x0000000000003378                DAC0_IRQHandler
 .text.MCG_IRQHandler
                0x0000000000003380        0x8 ./SDK/startup/startup_mk64f12.o
                0x0000000000003380                MCG_IRQHandler
 .text.LPTMR0_IRQHandler
                0x0000000000003388        0x8 ./SDK/startup/startup_mk64f12.o
                0x0000000000003388                LPTMR0_IRQHandler
 .text.SWI_IRQHandler
                0x0000000000003390        0x8 ./SDK/startup/startup_mk64f12.o
                0x0000000000003390                SWI_IRQHandler
 .text.SPI2_IRQHandler
                0x0000000000003398        0x8 ./SDK/startup/startup_mk64f12.o
                0x0000000000003398                SPI2_IRQHandler
 .text.UART4_RX_TX_IRQHandler
                0x00000000000033a0        0x8 ./SDK/startup/startup_mk64f12.o
                0x00000000000033a0                UART4_RX_TX_IRQHandler
 .text.UART4_ERR_IRQHandler
                0x00000000000033a8        0x8 ./SDK/startup/startup_mk64f12.o
                0x00000000000033a8                UART4_ERR_IRQHandler
 .text.UART5_RX_TX_IRQHandler
                0x00000000000033b0        0x8 ./SDK/startup/startup_mk64f12.o
                0x00000000000033b0                UART5_RX_TX_IRQHandler
 .text.UART5_ERR_IRQHandler
                0x00000000000033b8        0x8 ./SDK/startup/startup_mk64f12.o
                0x00000000000033b8                UART5_ERR_IRQHandler
 .text.CMP2_IRQHandler
                0x00000000000033c0        0x8 ./SDK/startup/startup_mk64f12.o
                0x00000000000033c0                CMP2_IRQHandler
 .text.FTM3_IRQHandler
                0x00000000000033c8        0x8 ./SDK/startup/startup_mk64f12.o
                0x00000000000033c8                FTM3_IRQHandler
 .text.DAC1_IRQHandler
                0x00000000000033d0        0x8 ./SDK/startup/startup_mk64f12.o
                0x00000000000033d0                DAC1_IRQHandler
 .text.ADC1_IRQHandler
                0x00000000000033d8        0x8 ./SDK/startup/startup_mk64f12.o
                0x00000000000033d8                ADC1_IRQHandler
 .text.I2C2_IRQHandler
                0x00000000000033e0        0x8 ./SDK/startup/startup_mk64f12.o
                0x00000000000033e0                I2C2_IRQHandler
 .text.CAN0_ORed_Message_buffer_IRQHandler
                0x00000000000033e8        0x8 ./SDK/startup/startup_mk64f12.o
                0x00000000000033e8                CAN0_ORed_Message_buffer_IRQHandler
 .text.CAN0_Bus_Off_IRQHandler
                0x00000000000033f0        0x8 ./SDK/startup/startup_mk64f12.o
                0x00000000000033f0                CAN0_Bus_Off_IRQHandler
 .text.CAN0_Error_IRQHandler
                0x00000000000033f8        0x8 ./SDK/startup/startup_mk64f12.o
                0x00000000000033f8                CAN0_Error_IRQHandler
 .text.CAN0_Tx_Warning_IRQHandler
                0x0000000000003400        0x8 ./SDK/startup/startup_mk64f12.o
                0x0000000000003400                CAN0_Tx_Warning_IRQHandler
 .text.CAN0_Rx_Warning_IRQHandler
                0x0000000000003408        0x8 ./SDK/startup/startup_mk64f12.o
                0x0000000000003408                CAN0_Rx_Warning_IRQHandler
 .text.CAN0_Wake_Up_IRQHandler
                0x0000000000003410        0x8 ./SDK/startup/startup_mk64f12.o
                0x0000000000003410                CAN0_Wake_Up_IRQHandler
 .text.SDHC_IRQHandler
                0x0000000000003418        0x8 ./SDK/startup/startup_mk64f12.o
                0x0000000000003418                SDHC_IRQHandler
 .text.ENET_1588_Timer_IRQHandler
                0x0000000000003420        0x8 ./SDK/startup/startup_mk64f12.o
                0x0000000000003420                ENET_1588_Timer_IRQHandler
 .text.ENET_Transmit_IRQHandler
                0x0000000000003428        0x8 ./SDK/startup/startup_mk64f12.o
                0x0000000000003428                ENET_Transmit_IRQHandler
 .text.ENET_Receive_IRQHandler
                0x0000000000003430        0x8 ./SDK/startup/startup_mk64f12.o
                0x0000000000003430                ENET_Receive_IRQHandler
 .text.ENET_Error_IRQHandler
                0x0000000000003438        0x8 ./SDK/startup/startup_mk64f12.o
                0x0000000000003438                ENET_Error_IRQHandler
 .text.SystemInitHook
                0x0000000000003440        0xe ./SDK/CMSIS/system_MK64F12.o
                0x0000000000003440                SystemInitHook
 .text.memcpy   0x000000000000344e        0x4 /Applications/MCUXpressoIDE_11.0.0_2516/ide/plugins/com.nxp.mcuxpresso.tools.macosx_11.0.0.201905131304/tools/bin/../lib/gcc/arm-none-eabi/8.2.1/../../../../arm-none-eabi/lib/thumb/v7e-m+fp/hard/libcr_c.a(memcpy.o)
                0x000000000000344e                memcpy
 .text.memcmp   0x0000000000003452       0x44 /Applications/MCUXpressoIDE_11.0.0_2516/ide/plugins/com.nxp.mcuxpresso.tools.macosx_11.0.0.201905131304/tools/bin/../lib/gcc/arm-none-eabi/8.2.1/../../../../arm-none-eabi/lib/thumb/v7e-m+fp/hard/libcr_c.a(memcmp.o)
                0x0000000000003452                memcmp
 .text.__aeabi_memcpy
                0x0000000000003496       0x34 /Applications/MCUXpressoIDE_11.0.0_2516/ide/plugins/com.nxp.mcuxpresso.tools.macosx_11.0.0.201905131304/tools/bin/../lib/gcc/arm-none-eabi/8.2.1/thumb/v7e-m+fp/hard/libcr_eabihelpers.a(memcpy.o)
                0x0000000000003496                __aeabi_memcpy
                0x00000000000034a0                __aeabi_memcpy4
                0x00000000000034a0                __aeabi_memcpy8
 *(SORT_BY_ALIGNMENT(.rodata) SORT_BY_ALIGNMENT(.rodata.*) SORT_BY_ALIGNMENT(.constdata) SORT_BY_ALIGNMENT(.constdata.*))
 *fill*         0x00000000000034ca        0x2 ff
 .rodata        0x00000000000034cc       0x6c ./source/App.o
 .rodata        0x0000000000003538       0x38 ./source/Users.o
                0x0000000000003570                . = ALIGN (0x8)

.glue_7         0x0000000000003570        0x0
 .glue_7        0x0000000000003570        0x0 linker stubs

.glue_7t        0x0000000000003570        0x0
 .glue_7t       0x0000000000003570        0x0 linker stubs

.vfp11_veneer   0x0000000000003570        0x0
 .vfp11_veneer  0x0000000000003570        0x0 linker stubs

.v4_bx          0x0000000000003570        0x0
 .v4_bx         0x0000000000003570        0x0 linker stubs

.iplt           0x0000000000003570        0x0
 .iplt          0x0000000000003570        0x0 ./source/App.o

.rel.dyn        0x0000000000003570        0x0
 .rel.iplt      0x0000000000003570        0x0 ./source/App.o

.ARM.extab
 *(SORT_BY_ALIGNMENT(.ARM.extab*) SORT_BY_ALIGNMENT(.gnu.linkonce.armextab.*))
                0x0000000000003570                __exidx_start = .

.ARM.exidx
 *(SORT_BY_ALIGNMENT(.ARM.exidx*) SORT_BY_ALIGNMENT(.gnu.linkonce.armexidx.*))
                0x0000000000003570                __exidx_end = .
                0x0000000000003570                _etext = .

.m_usb_data
 *(SORT_BY_ALIGNMENT(m_usb_bdt))

.data_RAM2      0x000000001fff0000        0x0 load address 0x0000000000003570
 FILL mask 0xff
                [!provide]                        PROVIDE (__start_data_RAM2 = .)
 *(SORT_BY_ALIGNMENT(.ramfunc.$RAM2))
 *(SORT_BY_ALIGNMENT(.ramfunc.$SRAM_LOWER))
 *(SORT_BY_ALIGNMENT(.data.$RAM2))
 *(SORT_BY_ALIGNMENT(.data.$SRAM_LOWER))
 *(SORT_BY_ALIGNMENT(.data.$RAM2.*))
 *(SORT_BY_ALIGNMENT(.data.$SRAM_LOWER.*))
                0x000000001fff0000                . = ALIGN (0x8)
                [!provide]                        PROVIDE (__end_data_RAM2 = .)

.data_RAM3      0x0000000014000000        0x0 load address 0x0000000000003570
 FILL mask 0xff
                [!provide]                        PROVIDE (__start_data_RAM3 = .)
 *(SORT_BY_ALIGNMENT(.ramfunc.$RAM3))
 *(SORT_BY_ALIGNMENT(.ramfunc.$FLEX_RAM))
 *(SORT_BY_ALIGNMENT(.data.$RAM3))
 *(SORT_BY_ALIGNMENT(.data.$FLEX_RAM))
 *(SORT_BY_ALIGNMENT(.data.$RAM3.*))
 *(SORT_BY_ALIGNMENT(.data.$FLEX_RAM.*))
                0x0000000014000000                . = ALIGN (0x8)
                [!provide]                        PROVIDE (__end_data_RAM3 = .)

.uninit_RESERVED
                0x0000000020000000        0x0
                0x0000000020000000                . = ALIGN (0x8)
 *(SORT_BY_ALIGNMENT(.bss.$RESERVED*))
                0x0000000020000000                . = ALIGN (0x8)
                0x0000000020000000                _end_uninit_RESERVED = .

.data           0x0000000020000000      0x450 load address 0x0000000000003570
 FILL mask 0xff
                0x0000000020000000                _data = .
 *(SORT_BY_ALIGNMENT(vtable))
 *(SORT_BY_ALIGNMENT(.ramfunc*))
 *(SORT_BY_ALIGNMENT(.data*))
 .data.id_txt   0x0000000020000000       0x84 ./source/App.o
 .data.pin_txt  0x0000000020000084       0x84 ./source/App.o
 .data.pin_toDisp
                0x0000000020000108       0x84 ./source/App.o
 .data.bright_txt
                0x000000002000018c       0x84 ./source/App.o
 .data.checkoutOK_txt
                0x0000000020000210       0x84 ./source/App.o
 .data.checkoutERROR_txt
                0x0000000020000294       0x84 ./source/App.o
 .data.idError_txt
                0x0000000020000318       0x84 ./source/App.o
 .data.default_id
                0x000000002000039c       0x20 ./source/App.o
 .data.segments
                0x00000000200003bc       0x20 ./source/DisplayBoard.o
 .data.disp_selector
                0x00000000200003dc        0x8 ./source/DisplayBoard.o
 .data.status_leds
                0x00000000200003e4        0x8 ./source/DisplayBoard.o
 .data.disp_vector
                0x00000000200003ec       0x10 ./source/DisplayBoard.o
 .data.brightness
                0x00000000200003fc        0x4 ./source/DisplayBoard.o
 .data.dsp      0x0000000020000400        0x4 ./source/DisplayBoard.o
 .data.ledStatus
                0x0000000020000404        0x4 ./source/DisplayBoard.o
 .data.SysTick_ptr
                0x0000000020000408        0x4 ./source/SysTick.o
 .data.gpioPtrs
                0x000000002000040c       0x14 ./source/gpio.o
 .data.portPtrs
                0x0000000020000420       0x14 ./source/gpio.o
 .data.simMasks
                0x0000000020000434       0x14 ./source/gpio.o
 .data.sim_ptr  0x0000000020000448        0x4 ./source/gpio.o
 .data.timers_cant
                0x000000002000044c        0x1 ./source/timer.o
                0x0000000020000450                . = ALIGN (0x8)
 *fill*         0x000000002000044d        0x3 ff
                0x0000000020000450                _edata = .

.igot.plt       0x0000000020000450        0x0 load address 0x00000000000039c0
 .igot.plt      0x0000000020000450        0x0 ./source/App.o

.bss_RAM2       0x000000001fff0000        0x0
                0x000000001fff0000                . = ALIGN (0x8)
                [!provide]                        PROVIDE (__start_bss_RAM2 = .)
 *(SORT_BY_ALIGNMENT(.bss.$RAM2))
 *(SORT_BY_ALIGNMENT(.bss.$SRAM_LOWER))
 *(SORT_BY_ALIGNMENT(.bss.$RAM2.*))
 *(SORT_BY_ALIGNMENT(.bss.$SRAM_LOWER.*))
                0x000000001fff0000                . = ALIGN ((. != 0x0)?0x8:0x1)
                [!provide]                        PROVIDE (__end_bss_RAM2 = .)

.bss_RAM3       0x0000000014000000        0x0
                0x0000000014000000                . = ALIGN (0x8)
                [!provide]                        PROVIDE (__start_bss_RAM3 = .)
 *(SORT_BY_ALIGNMENT(.bss.$RAM3))
 *(SORT_BY_ALIGNMENT(.bss.$FLEX_RAM))
 *(SORT_BY_ALIGNMENT(.bss.$RAM3.*))
 *(SORT_BY_ALIGNMENT(.bss.$FLEX_RAM.*))
                0x0000000014000000                . = ALIGN ((. != 0x0)?0x8:0x1)
                [!provide]                        PROVIDE (__end_bss_RAM3 = .)

.bss            0x0000000020000450      0x688
                0x0000000020000450                . = ALIGN (0x8)
                0x0000000020000450                _bss = .
 *(SORT_BY_ALIGNMENT(.bss*))
 .bss.aux_id    0x0000000020000450        0x4 ./source/App.o
 .bss.idle_cnt  0x0000000020000454        0x4 ./source/App.o
 .bss.fsm       0x0000000020000458        0x4 ./source/App.o
 .bss.flash_counter
                0x000000002000045c        0x4 ./source/DisplayBoard.o
 .bss.cursor_flash
                0x0000000020000460        0x4 ./source/DisplayBoard.o
 .bss.bright_time
                0x0000000020000464        0x4 ./source/DisplayBoard.o
 .bss.vector_cont
                0x0000000020000468        0x4 ./source/DisplayBoard.o
 .bss.actual_len
                0x000000002000046c        0x4 ./source/DisplayBoard.o
 .bss.actual_prefix
                0x0000000020000470        0x4 ./source/DisplayBoard.o
 .bss.actual_sufix
                0x0000000020000474        0x4 ./source/DisplayBoard.o
 .bss.pin_pointer
                0x0000000020000478        0x4 ./source/DisplayBoard.o
 .bss.channel_flag
                0x000000002000047c        0x4 ./source/Encoder.o
 .bss.motion_event
                0x0000000020000480        0x4 ./source/Encoder.o
 .bss.callback  0x0000000020000484        0x4 ./source/Encoder.o
 .bss.internal_sw_event
                0x0000000020000488        0x4 ./source/InternalControl.o
 .bss.callback  0x000000002000048c        0x4 ./source/InternalControl.o
 .bss.pan       0x0000000020000490       0x4c ./source/Lector.o
 .bss.data      0x00000000200004dc       0x28 ./source/Lector.o
 .bss.callback  0x0000000020000504        0x4 ./source/Lector.o
 .bss.callbackTick
                0x0000000020000508        0x4 ./source/SysTick.o
 .bss.index_    0x000000002000050c        0x4 ./source/Users.o
 .bss.users     0x0000000020000510      0x230 ./source/Users.o
 .bss.isr_Matrix
                0x0000000020000740      0x280 ./source/gpio.o
 .bss.timers    0x00000000200009c0      0x100 ./source/timer.o
 .bss.__LDM_interruptDisableCount
                0x0000000020000ac0        0x4 ./SDK/startup/hardware.o
 .bss.idle_fsm  0x0000000020000ac4        0x1 ./source/App.o
 .bss.timerDisp
                0x0000000020000ac5        0x1 ./source/App.o
 .bss.timerIdle
                0x0000000020000ac6        0x1 ./source/App.o
 .bss.timerError
                0x0000000020000ac7        0x1 ./source/App.o
 .bss.timerPestillo
                0x0000000020000ac8        0x1 ./source/App.o
 .bss.load_menu
                0x0000000020000ac9        0x1 ./source/DisplayBoard.o
 .bss.shift_hab
                0x0000000020000aca        0x1 ./source/DisplayBoard.o
 .bss.timerEncCH
                0x0000000020000acb        0x1 ./source/Encoder.o
 .bss.timerEncSwitch
                0x0000000020000acc        0x1 ./source/Encoder.o
 .bss.OK_sw     0x0000000020000acd        0x1 ./source/InternalControl.o
 .bss.CANCEL_sw
                0x0000000020000ace        0x1 ./source/InternalControl.o
 .bss.timerSw   0x0000000020000acf        0x1 ./source/InternalControl.o
 .bss.Enable    0x0000000020000ad0        0x1 ./source/Lector.o
 .bss.count     0x0000000020000ad1        0x1 ./source/Lector.o
 .bss.bits      0x0000000020000ad2        0x1 ./source/Lector.o
 .bss.lrc       0x0000000020000ad3        0x1 ./source/Lector.o
 .bss.word      0x0000000020000ad4        0x1 ./source/Lector.o
 .bss.end       0x0000000020000ad5        0x1 ./source/Lector.o
 .bss.yaInit.7551
                0x0000000020000ad6        0x1 ./source/timer.o
 *(SORT_BY_ALIGNMENT(COMMON))
                0x0000000020000ad8                . = ALIGN (0x8)
 *fill*         0x0000000020000ad7        0x1 
                0x0000000020000ad8                _ebss = .
                [!provide]                        PROVIDE (end = .)

.noinit_RAM2    0x000000001fff0000        0x0
                0x000000001fff0000                . = ALIGN (0x8)
 *(SORT_BY_ALIGNMENT(.noinit.$RAM2))
 *(SORT_BY_ALIGNMENT(.noinit.$SRAM_LOWER))
 *(SORT_BY_ALIGNMENT(.noinit.$RAM2.*))
 *(SORT_BY_ALIGNMENT(.noinit.$SRAM_LOWER.*))
                0x000000001fff0000                . = ALIGN (0x8)

.noinit_RAM3    0x0000000014000000        0x0
                0x0000000014000000                . = ALIGN (0x8)
 *(SORT_BY_ALIGNMENT(.noinit.$RAM3))
 *(SORT_BY_ALIGNMENT(.noinit.$FLEX_RAM))
 *(SORT_BY_ALIGNMENT(.noinit.$RAM3.*))
 *(SORT_BY_ALIGNMENT(.noinit.$FLEX_RAM.*))
                0x0000000014000000                . = ALIGN (0x8)

.noinit         0x0000000020000ad8        0x0
                0x0000000020000ad8                . = ALIGN (0x8)
                0x0000000020000ad8                _noinit = .
 *(SORT_BY_ALIGNMENT(.noinit*))
                0x0000000020000ad8                . = ALIGN (0x8)
                0x0000000020000ad8                _end_noinit = .
                0x0000000000001000                _HeapSize = 0x1000

.heap           0x0000000020000ad8     0x1000
                0x0000000020000ad8                _pvHeapStart = .
                0x0000000020001ad8                . = (. + _HeapSize)
 *fill*         0x0000000020000ad8     0x1000 
                0x0000000020001ad8                . = ALIGN (0x8)
                0x0000000020001ad8                _pvHeapLimit = .
                0x0000000000001000                _StackSize = 0x1000

.heap2stackfill
                0x0000000020001ad8     0x1000
                0x0000000020002ad8                . = (. + _StackSize)
 *fill*         0x0000000020001ad8     0x1000 

.stack          0x000000002002f000        0x0
                0x000000002002f000                _vStackBase = .
                0x000000002002f000                . = ALIGN (0x8)
                0x0000000020030000                _vStackTop = (. + _StackSize)
                0x0000000000000000                _image_start = LOADADDR (.text)
                0x00000000000039c0                _image_end = (LOADADDR (.data) + SIZEOF (.data))
                0x00000000000039c0                _image_size = (_image_end - _image_start)
OUTPUT(Blink.axf elf32-littlearm)

.debug_info     0x0000000000000000     0x779b
 .debug_info    0x0000000000000000      0xda3 ./source/App.o
 .debug_info    0x0000000000000da3      0xd12 ./source/DisplayBoard.o
 .debug_info    0x0000000000001ab5      0xb0c ./source/Encoder.o
 .debug_info    0x00000000000025c1      0xf21 ./source/InternalControl.o
 .debug_info    0x00000000000034e2      0x72f ./source/Lector.o
 .debug_info    0x0000000000003c11      0x549 ./source/SysTick.o
 .debug_info    0x000000000000415a      0xbe9 ./source/Users.o
 .debug_info    0x0000000000004d43      0x76a ./source/gpio.o
 .debug_info    0x00000000000054ad      0xb93 ./source/timer.o
 .debug_info    0x0000000000006040      0x6dc ./SDK/startup/hardware.o
 .debug_info    0x000000000000671c       0xbc ./SDK/startup/main.o
 .debug_info    0x00000000000067d8       0x3c ./SDK/startup/semihost_hardfault.o
 .debug_info    0x0000000000006814      0x92e ./SDK/startup/startup_mk64f12.o
 .debug_info    0x0000000000007142      0x659 ./SDK/CMSIS/system_MK64F12.o

.debug_abbrev   0x0000000000000000     0x1b74
 .debug_abbrev  0x0000000000000000      0x295 ./source/App.o
 .debug_abbrev  0x0000000000000295      0x324 ./source/DisplayBoard.o
 .debug_abbrev  0x00000000000005b9      0x2b4 ./source/Encoder.o
 .debug_abbrev  0x000000000000086d      0x2ee ./source/InternalControl.o
 .debug_abbrev  0x0000000000000b5b      0x280 ./source/Lector.o
 .debug_abbrev  0x0000000000000ddb      0x1c2 ./source/SysTick.o
 .debug_abbrev  0x0000000000000f9d      0x248 ./source/Users.o
 .debug_abbrev  0x00000000000011e5      0x1cb ./source/gpio.o
 .debug_abbrev  0x00000000000013b0      0x2e5 ./source/timer.o
 .debug_abbrev  0x0000000000001695      0x154 ./SDK/startup/hardware.o
 .debug_abbrev  0x00000000000017e9       0x85 ./SDK/startup/main.o
 .debug_abbrev  0x000000000000186e       0x31 ./SDK/startup/semihost_hardfault.o
 .debug_abbrev  0x000000000000189f      0x17a ./SDK/startup/startup_mk64f12.o
 .debug_abbrev  0x0000000000001a19      0x15b ./SDK/CMSIS/system_MK64F12.o

.debug_aranges  0x0000000000000000      0x740
 .debug_aranges
                0x0000000000000000       0x78 ./source/App.o
 .debug_aranges
                0x0000000000000078       0x70 ./source/DisplayBoard.o
 .debug_aranges
                0x00000000000000e8       0x60 ./source/Encoder.o
 .debug_aranges
                0x0000000000000148       0x70 ./source/InternalControl.o
 .debug_aranges
                0x00000000000001b8       0x68 ./source/Lector.o
 .debug_aranges
                0x0000000000000220       0x30 ./source/SysTick.o
 .debug_aranges
                0x0000000000000250       0x60 ./source/Users.o
 .debug_aranges
                0x00000000000002b0       0x70 ./source/gpio.o
 .debug_aranges
                0x0000000000000320       0x50 ./source/timer.o
 .debug_aranges
                0x0000000000000370       0x30 ./SDK/startup/hardware.o
 .debug_aranges
                0x00000000000003a0       0x20 ./SDK/startup/main.o
 .debug_aranges
                0x00000000000003c0       0x20 ./SDK/startup/semihost_hardfault.o
 .debug_aranges
                0x00000000000003e0      0x330 ./SDK/startup/startup_mk64f12.o
 .debug_aranges
                0x0000000000000710       0x30 ./SDK/CMSIS/system_MK64F12.o

.debug_ranges   0x0000000000000000      0x678
 .debug_ranges  0x0000000000000000       0x80 ./source/App.o
 .debug_ranges  0x0000000000000080       0x60 ./source/DisplayBoard.o
 .debug_ranges  0x00000000000000e0       0x50 ./source/Encoder.o
 .debug_ranges  0x0000000000000130       0x60 ./source/InternalControl.o
 .debug_ranges  0x0000000000000190       0x58 ./source/Lector.o
 .debug_ranges  0x00000000000001e8       0x20 ./source/SysTick.o
 .debug_ranges  0x0000000000000208       0x50 ./source/Users.o
 .debug_ranges  0x0000000000000258       0x60 ./source/gpio.o
 .debug_ranges  0x00000000000002b8       0x40 ./source/timer.o
 .debug_ranges  0x00000000000002f8       0x20 ./SDK/startup/hardware.o
 .debug_ranges  0x0000000000000318       0x10 ./SDK/startup/main.o
 .debug_ranges  0x0000000000000328       0x10 ./SDK/startup/semihost_hardfault.o
 .debug_ranges  0x0000000000000338      0x320 ./SDK/startup/startup_mk64f12.o
 .debug_ranges  0x0000000000000658       0x20 ./SDK/CMSIS/system_MK64F12.o

.debug_macro    0x0000000000000000    0x12e7c
 .debug_macro   0x0000000000000000      0x1b2 ./source/App.o
 .debug_macro   0x00000000000001b2      0xa9c ./source/App.o
 .debug_macro   0x0000000000000c4e      0x34e ./source/App.o
 .debug_macro   0x0000000000000f9c       0x22 ./source/App.o
 .debug_macro   0x0000000000000fbe       0x18 ./source/App.o
 .debug_macro   0x0000000000000fd6       0x22 ./source/App.o
 .debug_macro   0x0000000000000ff8       0x58 ./source/App.o
 .debug_macro   0x0000000000001050       0x94 ./source/App.o
 .debug_macro   0x00000000000010e4       0x35 ./source/App.o
 .debug_macro   0x0000000000001119       0x34 ./source/App.o
 .debug_macro   0x000000000000114d       0x16 ./source/App.o
 .debug_macro   0x0000000000001163      0x10e ./source/App.o
 .debug_macro   0x0000000000001271       0x8d ./source/App.o
 .debug_macro   0x00000000000012fe       0x57 ./source/App.o
 .debug_macro   0x0000000000001355       0x58 ./source/App.o
 .debug_macro   0x00000000000013ad       0x1f ./source/App.o
 .debug_macro   0x00000000000013cc       0x43 ./source/App.o
 .debug_macro   0x000000000000140f       0x20 ./source/App.o
 .debug_macro   0x000000000000142f      0x18e ./source/App.o
 .debug_macro   0x00000000000015bd      0x339 ./source/App.o
 .debug_macro   0x00000000000018f6       0x16 ./source/App.o
 .debug_macro   0x000000000000190c       0x29 ./source/App.o
 .debug_macro   0x0000000000001935       0x1c ./source/App.o
 .debug_macro   0x0000000000001951       0x7c ./source/App.o
 .debug_macro   0x00000000000019cd       0x22 ./source/App.o
 .debug_macro   0x00000000000019ef       0x34 ./source/App.o
 .debug_macro   0x0000000000001a23       0x1c ./source/App.o
 .debug_macro   0x0000000000001a3f       0x28 ./source/App.o
 .debug_macro   0x0000000000001a67      0x1e1 ./source/DisplayBoard.o
 .debug_macro   0x0000000000001c48       0x76 ./source/DisplayBoard.o
 .debug_macro   0x0000000000001cbe       0x10 ./source/DisplayBoard.o
 .debug_macro   0x0000000000001cce       0x5c ./source/DisplayBoard.o
 .debug_macro   0x0000000000001d2a       0x1c ./source/DisplayBoard.o
 .debug_macro   0x0000000000001d46       0x22 ./source/DisplayBoard.o
 .debug_macro   0x0000000000001d68       0xd9 ./source/DisplayBoard.o
 .debug_macro   0x0000000000001e41      0xecf ./source/DisplayBoard.o
 .debug_macro   0x0000000000002d10       0x48 ./source/DisplayBoard.o
 .debug_macro   0x0000000000002d58     0xe07b ./source/DisplayBoard.o
 .debug_macro   0x0000000000010dd3     0x122b ./source/DisplayBoard.o
 .debug_macro   0x0000000000011ffe       0x16 ./source/DisplayBoard.o
 .debug_macro   0x0000000000012014       0x3a ./source/DisplayBoard.o
 .debug_macro   0x000000000001204e       0xa6 ./source/DisplayBoard.o
 .debug_macro   0x00000000000120f4      0x1b7 ./source/Encoder.o
 .debug_macro   0x00000000000122ab       0x1c ./source/Encoder.o
 .debug_macro   0x00000000000122c7       0x22 ./source/Encoder.o
 .debug_macro   0x00000000000122e9      0x1b7 ./source/InternalControl.o
 .debug_macro   0x00000000000124a0       0x16 ./source/InternalControl.o
 .debug_macro   0x00000000000124b6       0xd2 ./source/Lector.o
 .debug_macro   0x0000000000012588      0x174 ./source/Lector.o
 .debug_macro   0x00000000000126fc       0xdf ./source/Lector.o
 .debug_macro   0x00000000000127db       0xac ./source/SysTick.o
 .debug_macro   0x0000000000012887      0x11e ./source/Users.o
 .debug_macro   0x00000000000129a5       0x22 ./source/Users.o
 .debug_macro   0x00000000000129c7       0x10 ./source/Users.o
 .debug_macro   0x00000000000129d7       0x35 ./source/Users.o
 .debug_macro   0x0000000000012a0c       0xab ./source/gpio.o
 .debug_macro   0x0000000000012ab7      0x1c3 ./source/timer.o
 .debug_macro   0x0000000000012c7a       0x10 ./source/timer.o
 .debug_macro   0x0000000000012c8a       0x9c ./SDK/startup/hardware.o
 .debug_macro   0x0000000000012d26       0x9c ./SDK/startup/main.o
 .debug_macro   0x0000000000012dc2       0x11 ./SDK/startup/semihost_hardfault.o
 .debug_macro   0x0000000000012dd3       0x29 ./SDK/startup/startup_mk64f12.o
 .debug_macro   0x0000000000012dfc       0x80 ./SDK/CMSIS/system_MK64F12.o

.debug_line     0x0000000000000000     0x45e4
 .debug_line    0x0000000000000000      0x780 ./source/App.o
 .debug_line    0x0000000000000780      0xc83 ./source/DisplayBoard.o
 .debug_line    0x0000000000001403      0x5ae ./source/Encoder.o
 .debug_line    0x00000000000019b1      0x5db ./source/InternalControl.o
 .debug_line    0x0000000000001f8c      0x42d ./source/Lector.o
 .debug_line    0x00000000000023b9      0x235 ./source/SysTick.o
 .debug_line    0x00000000000025ee      0x4f9 ./source/Users.o
 .debug_line    0x0000000000002ae7      0x44f ./source/gpio.o
 .debug_line    0x0000000000002f36      0x59e ./source/timer.o
 .debug_line    0x00000000000034d4      0x2aa ./SDK/startup/hardware.o
 .debug_line    0x000000000000377e      0x1bf ./SDK/startup/main.o
 .debug_line    0x000000000000393d       0x5f ./SDK/startup/semihost_hardfault.o
 .debug_line    0x000000000000399c      0x914 ./SDK/startup/startup_mk64f12.o
 .debug_line    0x00000000000042b0      0x334 ./SDK/CMSIS/system_MK64F12.o

.debug_str      0x0000000000000000    0x7c55d
 .debug_str     0x0000000000000000     0x71e8 ./source/App.o
                                       0x743a (size before relaxing)
 .debug_str     0x00000000000071e8    0x73ce5 ./source/DisplayBoard.o
                                      0x7aa40 (size before relaxing)
 .debug_str     0x000000000007aecd       0xf1 ./source/Encoder.o
                                      0x7a8b0 (size before relaxing)
 .debug_str     0x000000000007afbe      0x694 ./source/InternalControl.o
                                      0x7aed5 (size before relaxing)
 .debug_str     0x000000000007b652       0xa4 ./source/Lector.o
                                      0x77e24 (size before relaxing)
 .debug_str     0x000000000007b6f6       0x93 ./source/SysTick.o
                                      0x7769b (size before relaxing)
 .debug_str     0x000000000007b789       0xcf ./source/Users.o
                                       0x6c1d (size before relaxing)
 .debug_str     0x000000000007b858      0x224 ./source/gpio.o
                                      0x7736a (size before relaxing)
 .debug_str     0x000000000007ba7c       0xe1 ./source/timer.o
                                      0x7a8a9 (size before relaxing)
 .debug_str     0x000000000007bb5d      0x178 ./SDK/startup/hardware.o
                                      0x772d9 (size before relaxing)
 .debug_str     0x000000000007bcd5       0x1b ./SDK/startup/main.o
                                      0x770ad (size before relaxing)
 .debug_str     0x000000000007bcf0       0x36 ./SDK/startup/semihost_hardfault.o
                                       0x2e13 (size before relaxing)
 .debug_str     0x000000000007bd26      0x7d5 ./SDK/startup/startup_mk64f12.o
                                       0x3681 (size before relaxing)
 .debug_str     0x000000000007c4fb       0x62 ./SDK/CMSIS/system_MK64F12.o
                                      0x771e8 (size before relaxing)

.comment        0x0000000000000000       0x75
 .comment       0x0000000000000000       0x75 ./source/App.o
                                         0x76 (size before relaxing)
 .comment       0x0000000000000075       0x76 ./source/DisplayBoard.o
 .comment       0x0000000000000075       0x76 ./source/Encoder.o
 .comment       0x0000000000000075       0x76 ./source/InternalControl.o
 .comment       0x0000000000000075       0x76 ./source/Lector.o
 .comment       0x0000000000000075       0x76 ./source/SysTick.o
 .comment       0x0000000000000075       0x76 ./source/Users.o
 .comment       0x0000000000000075       0x76 ./source/gpio.o
 .comment       0x0000000000000075       0x76 ./source/timer.o
 .comment       0x0000000000000075       0x76 ./SDK/startup/hardware.o
 .comment       0x0000000000000075       0x76 ./SDK/startup/main.o
 .comment       0x0000000000000075       0x76 ./SDK/startup/semihost_hardfault.o
 .comment       0x0000000000000075       0x76 ./SDK/startup/startup_mk64f12.o
 .comment       0x0000000000000075       0x76 ./SDK/CMSIS/system_MK64F12.o
 .comment       0x0000000000000075       0x76 /Applications/MCUXpressoIDE_11.0.0_2516/ide/plugins/com.nxp.mcuxpresso.tools.macosx_11.0.0.201905131304/tools/bin/../lib/gcc/arm-none-eabi/8.2.1/../../../../arm-none-eabi/lib/thumb/v7e-m+fp/hard/libcr_c.a(memcpy.o)
 .comment       0x0000000000000075       0x76 /Applications/MCUXpressoIDE_11.0.0_2516/ide/plugins/com.nxp.mcuxpresso.tools.macosx_11.0.0.201905131304/tools/bin/../lib/gcc/arm-none-eabi/8.2.1/../../../../arm-none-eabi/lib/thumb/v7e-m+fp/hard/libcr_c.a(memcmp.o)

.ARM.attributes
                0x0000000000000000       0x32
 .ARM.attributes
                0x0000000000000000       0x34 ./source/App.o
 .ARM.attributes
                0x0000000000000034       0x34 ./source/DisplayBoard.o
 .ARM.attributes
                0x0000000000000068       0x34 ./source/Encoder.o
 .ARM.attributes
                0x000000000000009c       0x34 ./source/InternalControl.o
 .ARM.attributes
                0x00000000000000d0       0x34 ./source/Lector.o
 .ARM.attributes
                0x0000000000000104       0x34 ./source/SysTick.o
 .ARM.attributes
                0x0000000000000138       0x34 ./source/Users.o
 .ARM.attributes
                0x000000000000016c       0x34 ./source/gpio.o
 .ARM.attributes
                0x00000000000001a0       0x34 ./source/timer.o
 .ARM.attributes
                0x00000000000001d4       0x34 ./SDK/startup/hardware.o
 .ARM.attributes
                0x0000000000000208       0x34 ./SDK/startup/main.o
 .ARM.attributes
                0x000000000000023c       0x34 ./SDK/startup/semihost_hardfault.o
 .ARM.attributes
                0x0000000000000270       0x34 ./SDK/startup/startup_mk64f12.o
 .ARM.attributes
                0x00000000000002a4       0x34 ./SDK/CMSIS/system_MK64F12.o
 .ARM.attributes
                0x00000000000002d8       0x34 /Applications/MCUXpressoIDE_11.0.0_2516/ide/plugins/com.nxp.mcuxpresso.tools.macosx_11.0.0.201905131304/tools/bin/../lib/gcc/arm-none-eabi/8.2.1/../../../../arm-none-eabi/lib/thumb/v7e-m+fp/hard/libcr_c.a(memcpy.o)
 .ARM.attributes
                0x000000000000030c       0x34 /Applications/MCUXpressoIDE_11.0.0_2516/ide/plugins/com.nxp.mcuxpresso.tools.macosx_11.0.0.201905131304/tools/bin/../lib/gcc/arm-none-eabi/8.2.1/../../../../arm-none-eabi/lib/thumb/v7e-m+fp/hard/libcr_c.a(memcmp.o)
 .ARM.attributes
                0x0000000000000340       0x20 /Applications/MCUXpressoIDE_11.0.0_2516/ide/plugins/com.nxp.mcuxpresso.tools.macosx_11.0.0.201905131304/tools/bin/../lib/gcc/arm-none-eabi/8.2.1/thumb/v7e-m+fp/hard/libcr_eabihelpers.a(memcpy.o)

.debug_frame    0x0000000000000000     0x167c
 .debug_frame   0x0000000000000000      0x1a0 ./source/App.o
 .debug_frame   0x00000000000001a0      0x1a4 ./source/DisplayBoard.o
 .debug_frame   0x0000000000000344      0x12c ./source/Encoder.o
 .debug_frame   0x0000000000000470      0x17c ./source/InternalControl.o
 .debug_frame   0x00000000000005ec      0x178 ./source/Lector.o
 .debug_frame   0x0000000000000764       0x88 ./source/SysTick.o
 .debug_frame   0x00000000000007ec      0x160 ./source/Users.o
 .debug_frame   0x000000000000094c      0x1f0 ./source/gpio.o
 .debug_frame   0x0000000000000b3c      0x10c ./source/timer.o
 .debug_frame   0x0000000000000c48       0x70 ./SDK/startup/hardware.o
 .debug_frame   0x0000000000000cb8       0x2c ./SDK/startup/main.o
 .debug_frame   0x0000000000000ce4       0x20 ./SDK/startup/semihost_hardfault.o
 .debug_frame   0x0000000000000d04      0x904 ./SDK/startup/startup_mk64f12.o
 .debug_frame   0x0000000000001608       0x74 ./SDK/CMSIS/system_MK64F12.o
