Archive member included to satisfy reference by file (symbol)

/Applications/MCUXpressoIDE_11.0.0_2516/ide/plugins/com.nxp.mcuxpresso.tools.macosx_11.0.0.201905131304/tools/bin/../lib/gcc/arm-none-eabi/8.2.1/../../../../arm-none-eabi/lib/thumb/v7e-m+fp/hard/libcr_c.a(memcpy.o)
                              ./source/App.o (memcpy)
/Applications/MCUXpressoIDE_11.0.0_2516/ide/plugins/com.nxp.mcuxpresso.tools.macosx_11.0.0.201905131304/tools/bin/../lib/gcc/arm-none-eabi/8.2.1/../../../../arm-none-eabi/lib/thumb/v7e-m+fp/hard/libcr_c.a(memcmp.o)
                              ./source/Users.o (memcmp)
/Applications/MCUXpressoIDE_11.0.0_2516/ide/plugins/com.nxp.mcuxpresso.tools.macosx_11.0.0.201905131304/tools/bin/../lib/gcc/arm-none-eabi/8.2.1/thumb/v7e-m+fp/hard/libcr_eabihelpers.a(memcpy.o)
                              /Applications/MCUXpressoIDE_11.0.0_2516/ide/plugins/com.nxp.mcuxpresso.tools.macosx_11.0.0.201905131304/tools/bin/../lib/gcc/arm-none-eabi/8.2.1/../../../../arm-none-eabi/lib/thumb/v7e-m+fp/hard/libcr_c.a(memcpy.o) (__aeabi_memcpy)

Discarded input sections

 .group         0x0000000000000000        0xc ./source/App.o
 .group         0x0000000000000000        0xc ./source/App.o
 .group         0x0000000000000000        0xc ./source/App.o
 .group         0x0000000000000000        0xc ./source/App.o
 .group         0x0000000000000000        0xc ./source/App.o
 .group         0x0000000000000000        0xc ./source/App.o
 .group         0x0000000000000000        0xc ./source/App.o
 .group         0x0000000000000000        0xc ./source/App.o
 .group         0x0000000000000000        0xc ./source/App.o
 .group         0x0000000000000000        0xc ./source/App.o
 .group         0x0000000000000000        0xc ./source/App.o
 .group         0x0000000000000000        0xc ./source/App.o
 .group         0x0000000000000000        0xc ./source/App.o
 .group         0x0000000000000000        0xc ./source/App.o
 .group         0x0000000000000000        0xc ./source/App.o
 .group         0x0000000000000000        0xc ./source/App.o
 .group         0x0000000000000000        0xc ./source/App.o
 .group         0x0000000000000000        0xc ./source/App.o
 .group         0x0000000000000000        0xc ./source/App.o
 .group         0x0000000000000000        0xc ./source/App.o
 .group         0x0000000000000000        0xc ./source/App.o
 .group         0x0000000000000000        0xc ./source/App.o
 .group         0x0000000000000000        0xc ./source/App.o
 .group         0x0000000000000000        0xc ./source/App.o
 .group         0x0000000000000000        0xc ./source/App.o
 .group         0x0000000000000000        0xc ./source/App.o
 .group         0x0000000000000000        0xc ./source/App.o
 .text          0x0000000000000000        0x0 ./source/App.o
 .data          0x0000000000000000        0x0 ./source/App.o
 .bss           0x0000000000000000        0x0 ./source/App.o
 .data.checkoutOK_vec
                0x0000000000000000       0x38 ./source/App.o
 .data.checkoutERROR_vec
                0x0000000000000000       0x48 ./source/App.o
 .group         0x0000000000000000        0xc ./source/DisplayBoard.o
 .group         0x0000000000000000        0xc ./source/DisplayBoard.o
 .group         0x0000000000000000        0xc ./source/DisplayBoard.o
 .group         0x0000000000000000        0xc ./source/DisplayBoard.o
 .group         0x0000000000000000        0xc ./source/DisplayBoard.o
 .group         0x0000000000000000        0xc ./source/DisplayBoard.o
 .group         0x0000000000000000        0xc ./source/DisplayBoard.o
 .group         0x0000000000000000        0xc ./source/DisplayBoard.o
 .group         0x0000000000000000        0xc ./source/DisplayBoard.o
 .group         0x0000000000000000        0xc ./source/DisplayBoard.o
 .group         0x0000000000000000        0xc ./source/DisplayBoard.o
 .group         0x0000000000000000        0xc ./source/DisplayBoard.o
 .group         0x0000000000000000        0xc ./source/DisplayBoard.o
 .group         0x0000000000000000        0xc ./source/DisplayBoard.o
 .group         0x0000000000000000        0xc ./source/DisplayBoard.o
 .group         0x0000000000000000        0xc ./source/DisplayBoard.o
 .group         0x0000000000000000        0xc ./source/DisplayBoard.o
 .group         0x0000000000000000        0xc ./source/DisplayBoard.o
 .group         0x0000000000000000        0xc ./source/DisplayBoard.o
 .group         0x0000000000000000        0xc ./source/DisplayBoard.o
 .group         0x0000000000000000        0xc ./source/DisplayBoard.o
 .group         0x0000000000000000        0xc ./source/DisplayBoard.o
 .group         0x0000000000000000        0xc ./source/DisplayBoard.o
 .group         0x0000000000000000        0xc ./source/DisplayBoard.o
 .group         0x0000000000000000        0xc ./source/DisplayBoard.o
 .group         0x0000000000000000        0xc ./source/DisplayBoard.o
 .group         0x0000000000000000        0xc ./source/DisplayBoard.o
[...]
Memory Configuration

Name             Origin             Length             Attributes
PROGRAM_FLASH    0x0000000000000000 0x0000000000100000 xr
SRAM_UPPER       0x0000000020000000 0x0000000000030000 xrw
SRAM_LOWER       0x000000001fff0000 0x0000000000010000 xrw
FLEX_RAM         0x0000000014000000 0x0000000000001000 xrw
*default*        0x0000000000000000 0xffffffffffffffff

Linker script and memory map

LOAD ./source/App.o
LOAD ./source/DisplayBoard.o
LOAD ./source/Encoder.o
LOAD ./source/InternalControl.o
LOAD ./source/Lector.o
LOAD ./source/SysTick.o
LOAD ./source/Users.o
LOAD ./source/gpio.o
LOAD ./source/timer.o
LOAD ./SDK/startup/hardware.o
LOAD ./SDK/startup/main.o
LOAD ./SDK/startup/semihost_hardfault.o
LOAD ./SDK/startup/startup_mk64f12.o
LOAD ./SDK/CMSIS/system_MK64F12.o
START GROUP
LOAD /Applications/MCUXpressoIDE_11.0.0_2516/ide/plugins/com.nxp.mcuxpresso.tools.macosx_11.0.0.201905131304/tools/bin/../lib/gcc/arm-none-eabi/8.2.1/../../../../arm-none-eabi/lib/thumb/v7e-m+fp/hard/libcr_c.a
LOAD /Applications/MCUXpressoIDE_11.0.0_2516/ide/plugins/com.nxp.mcuxpresso.tools.macosx_11.0.0.201905131304/tools/bin/../lib/gcc/arm-none-eabi/8.2.1/thumb/v7e-m+fp/hard/libcr_eabihelpers.a
LOAD /Applications/MCUXpressoIDE_11.0.0_2516/ide/plugins/com.nxp.mcuxpresso.tools.macosx_11.0.0.201905131304/tools/bin/../lib/gcc/arm-none-eabi/8.2.1/thumb/v7e-m+fp/hard/libgcc.a
END GROUP
                0x0000000000000000                __base_PROGRAM_FLASH = 0x0
                0x0000000000000000                __base_Flash = 0x0
                0x0000000000100000                __top_PROGRAM_FLASH = 0x100000
                0x0000000000100000                __top_Flash = 0x100000
                0x0000000020000000                __base_SRAM_UPPER = 0x20000000
                0x0000000020000000                __base_RAM = 0x20000000
                0x0000000020030000                __top_SRAM_UPPER = 0x20030000
                0x0000000020030000                __top_RAM = 0x20030000
                0x000000001fff0000                __base_SRAM_LOWER = 0x1fff0000
                0x000000001fff0000                __base_RAM2 = 0x1fff0000
                0x0000000020000000                __top_SRAM_LOWER = 0x20000000
                0x0000000020000000                __top_RAM2 = 0x20000000
                0x0000000014000000                __base_FLEX_RAM = 0x14000000
                0x0000000014000000                __base_RAM3 = 0x14000000
                0x0000000014001000                __top_FLEX_RAM = 0x14001000
                0x0000000014001000                __top_RAM3 = 0x14001000

.text           0x0000000000000000     0x3280
 FILL mask 0xff
                0x0000000000000000                __vectors_start__ = ABSOLUTE (.)
 *(SORT_BY_ALIGNMENT(.isr_vector))
 .isr_vector    0x0000000000000000      0x198 ./SDK/startup/startup_mk64f12.o
                0x0000000000000000                __Vectors
                0x0000000000000000                g_pfnVectors
                0x0000000000000198                . = ALIGN (0x4)
                0x0000000000000198                __section_table_start = .
                0x0000000000000198                __data_section_table = .
                0x0000000000000198        0x4 LONG 0x3280 LOADADDR (.data)
                0x000000000000019c        0x4 LONG 0x20000000 ADDR (.data)
                0x00000000000001a0        0x4 LONG 0x3c8 SIZEOF (.data)
                0x00000000000001a4        0x4 LONG 0x3280 LOADADDR (.data_RAM2)
                0x00000000000001a8        0x4 LONG 0x1fff0000 ADDR (.data_RAM2)
                0x00000000000001ac        0x4 LONG 0x0 SIZEOF (.data_RAM2)
                0x00000000000001b0        0x4 LONG 0x3280 LOADADDR (.data_RAM3)
                0x00000000000001b4        0x4 LONG 0x14000000 ADDR (.data_RAM3)
                0x00000000000001b8        0x4 LONG 0x0 SIZEOF (.data_RAM3)
                0x00000000000001bc                __data_section_table_end = .
                0x00000000000001bc                __bss_section_table = .
                0x00000000000001bc        0x4 LONG 0x200003c8 ADDR (.bss)
                0x00000000000001c0        0x4 LONG 0x680 SIZEOF (.bss)
                0x00000000000001c4        0x4 LONG 0x1fff0000 ADDR (.bss_RAM2)
                0x00000000000001c8        0x4 LONG 0x0 SIZEOF (.bss_RAM2)
                0x00000000000001cc        0x4 LONG 0x14000000 ADDR (.bss_RAM3)
                0x00000000000001d0        0x4 LONG 0x0 SIZEOF (.bss_RAM3)
                0x00000000000001d4                __bss_section_table_end = .
                0x00000000000001d4                __section_table_end = .
 *(SORT_BY_ALIGNMENT(.after_vectors*))
 .after_vectors.reset
                0x00000000000001d4       0x4c ./SDK/startup/startup_mk64f12.o
                0x00000000000001d4                ResetISR
 .after_vectors.init_data
                0x0000000000000220       0x1e ./SDK/startup/startup_mk64f12.o
                0x0000000000000220                data_init
 .after_vectors.init_bss
                0x000000000000023e       0x12 ./SDK/startup/startup_mk64f12.o
                0x000000000000023e                bss_init
 .after_vectors
                0x0000000000000250       0x14 ./SDK/startup/startup_mk64f12.o
                0x0000000000000250                NMI_Handler
                0x0000000000000254                MemManage_Handler
                0x0000000000000256                BusFault_Handler
                0x0000000000000258                UsageFault_Handler
                0x000000000000025a                SVC_Handler
                0x000000000000025c                DebugMon_Handler
                0x000000000000025e                PendSV_Handler
                0x0000000000000262                FTM1_DriverIRQHandler
                0x0000000000000262                FTM2_DriverIRQHandler
                0x0000000000000262                PIT2_DriverIRQHandler
                0x0000000000000262                SDHC_DriverIRQHandler
                0x0000000000000262                I2S0_Tx_DriverIRQHandler
                0x0000000000000262                RTC_Seconds_DriverIRQHandler
                0x0000000000000262                DMA6_DriverIRQHandler
                0x0000000000000262                LLWU_DriverIRQHandler
                0x0000000000000262                MCM_DriverIRQHandler
                0x0000000000000262                MCG_DriverIRQHandler
                0x0000000000000262                ENET_1588_Timer_DriverIRQHandler
                0x0000000000000262                I2C2_DriverIRQHandler
                0x0000000000000262                DAC1_DriverIRQHandler
                0x0000000000000262                CMP1_DriverIRQHandler
                0x0000000000000262                UART5_RX_TX_DriverIRQHandler
                0x0000000000000262                FTM0_DriverIRQHandler
                0x0000000000000262                IntDefaultHandler
                0x0000000000000262                USB0_DriverIRQHandler
                0x0000000000000262                UART5_ERR_DriverIRQHandler
                0x0000000000000262                PORTC_DriverIRQHandler
                0x0000000000000262                DMA11_DriverIRQHandler
                0x0000000000000262                DAC0_DriverIRQHandler
                0x0000000000000262                DMA10_DriverIRQHandler
                0x0000000000000262                CMP2_DriverIRQHandler
                0x0000000000000262                UART2_ERR_DriverIRQHandler
                0x0000000000000262                SPI2_DriverIRQHandler
                0x0000000000000262                LVD_LVW_DriverIRQHandler
                0x0000000000000262                PIT0_DriverIRQHandler
                0x0000000000000262                RNG_DriverIRQHandler
                0x0000000000000262                DMA5_DriverIRQHandler
                0x0000000000000262                DMA4_DriverIRQHandler
                0x0000000000000262                UART2_RX_TX_DriverIRQHandler
                0x0000000000000262                USBDCD_DriverIRQHandler
                0x0000000000000262                UART3_ERR_DriverIRQHandler
                0x0000000000000262                DMA3_DriverIRQHandler
                0x0000000000000262                DMA8_DriverIRQHandler
                0x0000000000000262                DMA9_DriverIRQHandler
                0x0000000000000262                UART0_ERR_DriverIRQHandler
                0x0000000000000262                CMT_DriverIRQHandler
                0x0000000000000262                Reserved71_DriverIRQHandler
                0x0000000000000262                ADC1_DriverIRQHandler
                0x0000000000000262                PORTA_DriverIRQHandler
                0x0000000000000262                DMA14_DriverIRQHandler
                0x0000000000000262                PIT3_DriverIRQHandler
                0x0000000000000262                PIT1_DriverIRQHandler
                0x0000000000000262                WDOG_EWM_DriverIRQHandler
                0x0000000000000262                PDB0_DriverIRQHandler
                0x0000000000000262                RTC_DriverIRQHandler
                0x0000000000000262                I2S0_Rx_DriverIRQHandler
                0x0000000000000262                Read_Collision_DriverIRQHandler
                0x0000000000000262                SWI_DriverIRQHandler
                0x0000000000000262                UART4_RX_TX_DriverIRQHandler
                0x0000000000000262                UART4_ERR_DriverIRQHandler
                0x0000000000000262                UART0_LON_DriverIRQHandler
                0x0000000000000262                DMA1_DriverIRQHandler
                0x0000000000000262                I2C1_DriverIRQHandler
                0x0000000000000262                UART3_RX_TX_DriverIRQHandler
                0x0000000000000262                ENET_Receive_DriverIRQHandler
                0x0000000000000262                DMA13_DriverIRQHandler
                0x0000000000000262                ENET_Error_DriverIRQHandler
                0x0000000000000262                DMA15_DriverIRQHandler
                0x0000000000000262                UART0_RX_TX_DriverIRQHandler
                0x0000000000000262                SPI0_DriverIRQHandler
                0x0000000000000262                ADC0_DriverIRQHandler
                0x0000000000000262                CMP0_DriverIRQHandler
                0x0000000000000262                CAN0_DriverIRQHandler
                0x0000000000000262                FTM3_DriverIRQHandler
                0x0000000000000262                UART1_ERR_DriverIRQHandler
                0x0000000000000262                DMA2_DriverIRQHandler
                0x0000000000000262                ENET_Transmit_DriverIRQHandler
                0x0000000000000262                PORTD_DriverIRQHandler
                0x0000000000000262                PORTE_DriverIRQHandler
                0x0000000000000262                FTFE_DriverIRQHandler
                0x0000000000000262                I2C0_DriverIRQHandler
                0x0000000000000262                DMA7_DriverIRQHandler
                0x0000000000000262                UART1_RX_TX_DriverIRQHandler
                0x0000000000000262                DMA0_DriverIRQHandler
                0x0000000000000262                PORTB_DriverIRQHandler
                0x0000000000000262                DMA12_DriverIRQHandler
                0x0000000000000262                SPI1_DriverIRQHandler
                0x0000000000000262                LPTMR0_DriverIRQHandler
                0x0000000000000262                DMA_Error_DriverIRQHandler
                0x0000000000000400                . = 0x400
 *fill*         0x0000000000000264      0x19c ff
                0x0000000000000400                PROVIDE (__FLASH_CONFIG_START__ = .)
 *(SORT_BY_ALIGNMENT(.FlashConfig))
 .FlashConfig   0x0000000000000400       0x10 ./SDK/startup/startup_mk64f12.o
                0x0000000000000400                Flash_Config
                0x0000000000000410                PROVIDE (__FLASH_CONFIG_END__ = .)
                0x0000000000000001                ASSERT (! ((__FLASH_CONFIG_START__ == __FLASH_CONFIG_END__)), Linker Flash Config Support Enabled, but no .FlashConfig section provided within application)
 *(SORT_BY_ALIGNMENT(.text*))
 .text.clearUserInfo
                0x0000000000000410       0x9c ./source/App.o
                0x0000000000000410                clearUserInfo
 .text.update_hidePIN
                0x00000000000004ac       0x7c ./source/App.o
                0x00000000000004ac                update_hidePIN
 .text.modifyNumberCode
                0x0000000000000528      0x160 ./source/App.o
                0x0000000000000528                modifyNumberCode
 .text.displayHandler
                0x0000000000000688       0xd0 ./source/App.o
                0x0000000000000688                displayHandler
 .text.encoderHandler
                0x0000000000000758       0x50 ./source/App.o
                0x0000000000000758                encoderHandler
 .text.internarHandler
                0x00000000000007a8       0x88 ./source/App.o
                0x00000000000007a8                internarHandler
 .text.closeDoor
                0x0000000000000830       0x20 ./source/App.o
                0x0000000000000830                closeDoor
 .text.accessDenied
                0x0000000000000850       0x20 ./source/App.o
                0x0000000000000850                accessDenied
 .text.App_Init
                0x0000000000000870       0x88 ./source/App.o
                0x0000000000000870                App_Init
 .text.App_Run  0x00000000000008f8       0x84 ./source/App.o
                0x00000000000008f8                App_Run
 .text.DispBoard_Init
                0x000000000000097c       0xa4 ./source/DisplayBoard.o
                0x000000000000097c                DispBoard_Init
 .text.Disp7Seg_Select
                0x0000000000000a20       0xb8 ./source/DisplayBoard.o
                0x0000000000000a20                Disp7Seg_Select
 .text.Status_Write
                0x0000000000000ad8       0x84 ./source/DisplayBoard.o
                0x0000000000000ad8                Status_Write
 .text.DispShowMsj
                0x0000000000000b5c      0x258 ./source/DisplayBoard.o
                0x0000000000000b5c                DispShowMsj
 .text.DispShiftMsj
                0x0000000000000db4       0x64 ./source/DisplayBoard.o
                0x0000000000000db4                DispShiftMsj
 .text.DispClear
                0x0000000000000e18       0x54 ./source/DisplayBoard.o
                0x0000000000000e18                DispClear
 .text.DispGetCursor
                0x0000000000000e6c       0x18 ./source/DisplayBoard.o
                0x0000000000000e6c                DispGetCursor
 .text.DispModType
                0x0000000000000e84       0x18 ./source/DisplayBoard.o
                0x0000000000000e84                DispModType
 .text.DispChangeBright
                0x0000000000000e9c       0x6c ./source/DisplayBoard.o
                0x0000000000000e9c                DispChangeBright
 .text.Disp7Seg_Write
                0x0000000000000f08      0xce4 ./source/DisplayBoard.o
                0x0000000000000f08                Disp7Seg_Write
 .text.encoderInit
                0x0000000000001bec       0x78 ./source/Encoder.o
                0x0000000000001bec                encoderInit
 .text.encoderCH_Handler
                0x0000000000001c64       0x2c ./source/Encoder.o
                0x0000000000001c64                encoderCH_Handler
 .text.enconderSwitch_Handler
                0x0000000000001c90       0x28 ./source/Encoder.o
                0x0000000000001c90                enconderSwitch_Handler
 .text.encoderMotionGetEvent
                0x0000000000001cb8       0x4c ./source/Encoder.o
                0x0000000000001cb8                encoderMotionGetEvent
 .text.EncSetFlag
                0x0000000000001d04       0x20 ./source/Encoder.o
                0x0000000000001d04                EncSetFlag
 .text.EncGetFlag
                0x0000000000001d24       0x18 ./source/Encoder.o
                0x0000000000001d24                EncGetFlag
 .text.__NVIC_EnableIRQ
                0x0000000000001d3c       0x3c ./source/InternalControl.o
 .text.internalControlInit
                0x0000000000001d78       0x94 ./source/InternalControl.o
                0x0000000000001d78                internalControlInit
 .text.isr_swOK
                0x0000000000001e0c       0x18 ./source/InternalControl.o
                0x0000000000001e0c                isr_swOK
 .text.isr_swCANCEL
                0x0000000000001e24       0x18 ./source/InternalControl.o
                0x0000000000001e24                isr_swCANCEL
 .text.PortGetOK_Status
                0x0000000000001e3c       0x18 ./source/InternalControl.o
                0x0000000000001e3c                PortGetOK_Status
 .text.PortClearOK_Status
                0x0000000000001e54       0x18 ./source/InternalControl.o
                0x0000000000001e54                PortClearOK_Status
 .text.PortGetCANCEL_Status
                0x0000000000001e6c       0x18 ./source/InternalControl.o
                0x0000000000001e6c                PortGetCANCEL_Status
 .text.PortClearCANCEL_Status
                0x0000000000001e84       0x18 ./source/InternalControl.o
                0x0000000000001e84                PortClearCANCEL_Status
 .text.readSwitchInterface
                0x0000000000001e9c       0x48 ./source/InternalControl.o
                0x0000000000001e9c                readSwitchInterface
 .text.internalControlGetEvent
                0x0000000000001ee4       0x38 ./source/InternalControl.o
                0x0000000000001ee4                internalControlGetEvent
 .text.__NVIC_EnableIRQ
                0x0000000000001f1c       0x3c ./source/Lector.o
 .text.isr_enable
                0x0000000000001f58       0x34 ./source/Lector.o
 .text.lector_get_PAN
                0x0000000000001f8c       0x78 ./source/Lector.o
                0x0000000000001f8c                lector_get_PAN
 .text.clear_PAN
                0x0000000000002004       0x34 ./source/Lector.o
 .text.lectorInit
                0x0000000000002038       0x54 ./source/Lector.o
                0x0000000000002038                lectorInit
 .text.Check_LRC
                0x000000000000208c       0x74 ./source/Lector.o
 .text.get_Data
                0x0000000000002100      0x110 ./source/Lector.o
 .text.set_Enable
                0x0000000000002210       0x68 ./source/Lector.o
 .text.get_Enable
                0x0000000000002278       0x18 ./source/Lector.o
                0x0000000000002278                get_Enable
 .text.clear_Chk
                0x0000000000002290       0x18 ./source/Lector.o
                0x0000000000002290                clear_Chk
 .text.__NVIC_EnableIRQ
                0x00000000000022a8       0x3c ./source/SysTick.o
 .text.SysTick_Init
                0x00000000000022e4       0x4c ./source/SysTick.o
                0x00000000000022e4                SysTick_Init
 .text.SysTick_Handler
                0x0000000000002330       0x24 ./source/SysTick.o
                0x0000000000002330                SysTick_Handler
 .text.initUser
                0x0000000000002354       0x5c ./source/Users.o
                0x0000000000002354                initUser
 .text.validateID
                0x00000000000023b0       0x70 ./source/Users.o
                0x00000000000023b0                validateID
 .text.validatePIN
                0x0000000000002420       0x3c ./source/Users.o
                0x0000000000002420                validatePIN
 .text.validateUser
                0x000000000000245c       0x94 ./source/Users.o
                0x000000000000245c                validateUser
 .text.PORTD_IRQHandler
                0x00000000000024f0       0x64 ./source/gpio.o
                0x00000000000024f0                PORTD_IRQHandler
 .text.PORTA_IRQHandler
                0x0000000000002554       0x5c ./source/gpio.o
                0x0000000000002554                PORTA_IRQHandler
 .text.PORTC_IRQHandler
                0x00000000000025b0       0x64 ./source/gpio.o
                0x00000000000025b0                PORTC_IRQHandler
 .text.gpioMode
                0x0000000000002614      0x174 ./source/gpio.o
                0x0000000000002614                gpioMode
 .text.gpioWrite
                0x0000000000002788       0x6c ./source/gpio.o
                0x0000000000002788                gpioWrite
 .text.gpioRead
                0x00000000000027f4       0x5c ./source/gpio.o
                0x00000000000027f4                gpioRead
 .text.gpioIRQ  0x0000000000002850       0x94 ./source/gpio.o
                0x0000000000002850                gpioIRQ
 .text.PORT_ClearInterruptFlag
                0x00000000000028e4       0x48 ./source/gpio.o
                0x00000000000028e4                PORT_ClearInterruptFlag
 .text.timerInit
                0x000000000000292c       0x28 ./source/timer.o
                0x000000000000292c                timerInit
 .text.timerGetId
                0x0000000000002954       0x2c ./source/timer.o
                0x0000000000002954                timerGetId
 .text.timerStart
                0x0000000000002980       0xa4 ./source/timer.o
                0x0000000000002980                timerStart
 .text.timerStop
                0x0000000000002a24       0x30 ./source/timer.o
                0x0000000000002a24                timerStop
 .text.timerExpired
                0x0000000000002a54       0x44 ./source/timer.o
                0x0000000000002a54                timerExpired
 .text.timer_isr
                0x0000000000002a98       0xdc ./source/timer.o
 .text.hw_Init  0x0000000000002b74      0x10c ./SDK/startup/hardware.o
                0x0000000000002b74                hw_Init
 .text.hw_EnableInterrupts
                0x0000000000002c80       0x30 ./SDK/startup/hardware.o
                0x0000000000002c80                hw_EnableInterrupts
 .text.hw_DisableInterrupts
                0x0000000000002cb0       0x20 ./SDK/startup/hardware.o
                0x0000000000002cb0                hw_DisableInterrupts
 .text.SystemInit
                0x0000000000002cd0       0x3c ./SDK/CMSIS/system_MK64F12.o
                0x0000000000002cd0                SystemInit
 .text.encoderReadMotion
                0x0000000000002d0c       0x6e ./source/Encoder.o
                0x0000000000002d0c                encoderReadMotion
 .text.encoderReadSwitch
                0x0000000000002d7a       0x20 ./source/Encoder.o
                0x0000000000002d7a                encoderReadSwitch
 .text.RGBIndicator
                0x0000000000002d9a       0x70 ./source/InternalControl.o
                0x0000000000002d9a                RGBIndicator
 .text.isr_clk  0x0000000000002e0a       0x16 ./source/Lector.o
 .text.parity   0x0000000000002e20       0x4e ./source/Lector.o
 .text.main     0x0000000000002e6e       0x1a ./SDK/startup/main.o
                0x0000000000002e6e                main
 .text.HardFault_Handler
                0x0000000000002e88       0x2c ./SDK/startup/semihost_hardfault.o
                0x0000000000002e88                HardFault_Handler
 .text.DMA0_IRQHandler
                0x0000000000002eb4        0x8 ./SDK/startup/startup_mk64f12.o
                0x0000000000002eb4                DMA0_IRQHandler
 .text.DMA1_IRQHandler
                0x0000000000002ebc        0x8 ./SDK/startup/startup_mk64f12.o
                0x0000000000002ebc                DMA1_IRQHandler
 .text.DMA2_IRQHandler
                0x0000000000002ec4        0x8 ./SDK/startup/startup_mk64f12.o
                0x0000000000002ec4                DMA2_IRQHandler
 .text.DMA3_IRQHandler
                0x0000000000002ecc        0x8 ./SDK/startup/startup_mk64f12.o
                0x0000000000002ecc                DMA3_IRQHandler
 .text.DMA4_IRQHandler
                0x0000000000002ed4        0x8 ./SDK/startup/startup_mk64f12.o
                0x0000000000002ed4                DMA4_IRQHandler
 .text.DMA5_IRQHandler
                0x0000000000002edc        0x8 ./SDK/startup/startup_mk64f12.o
                0x0000000000002edc                DMA5_IRQHandler
 .text.DMA6_IRQHandler
                0x0000000000002ee4        0x8 ./SDK/startup/startup_mk64f12.o
                0x0000000000002ee4                DMA6_IRQHandler
 .text.DMA7_IRQHandler
                0x0000000000002eec        0x8 ./SDK/startup/startup_mk64f12.o
                0x0000000000002eec                DMA7_IRQHandler
 .text.DMA8_IRQHandler
                0x0000000000002ef4        0x8 ./SDK/startup/startup_mk64f12.o
                0x0000000000002ef4                DMA8_IRQHandler
 .text.DMA9_IRQHandler
                0x0000000000002efc        0x8 ./SDK/startup/startup_mk64f12.o
                0x0000000000002efc                DMA9_IRQHandler
 .text.DMA10_IRQHandler
                0x0000000000002f04        0x8 ./SDK/startup/startup_mk64f12.o
                0x0000000000002f04                DMA10_IRQHandler
 .text.DMA11_IRQHandler
                0x0000000000002f0c        0x8 ./SDK/startup/startup_mk64f12.o
                0x0000000000002f0c                DMA11_IRQHandler
 .text.DMA12_IRQHandler
                0x0000000000002f14        0x8 ./SDK/startup/startup_mk64f12.o
                0x0000000000002f14                DMA12_IRQHandler
 .text.DMA13_IRQHandler
                0x0000000000002f1c        0x8 ./SDK/startup/startup_mk64f12.o
                0x0000000000002f1c                DMA13_IRQHandler
 .text.DMA14_IRQHandler
                0x0000000000002f24        0x8 ./SDK/startup/startup_mk64f12.o
                0x0000000000002f24                DMA14_IRQHandler
 .text.DMA15_IRQHandler
                0x0000000000002f2c        0x8 ./SDK/startup/startup_mk64f12.o
                0x0000000000002f2c                DMA15_IRQHandler
 .text.DMA_Error_IRQHandler
                0x0000000000002f34        0x8 ./SDK/startup/startup_mk64f12.o
                0x0000000000002f34                DMA_Error_IRQHandler
 .text.MCM_IRQHandler
                0x0000000000002f3c        0x8 ./SDK/startup/startup_mk64f12.o
                0x0000000000002f3c                MCM_IRQHandler
 .text.FTFE_IRQHandler
                0x0000000000002f44        0x8 ./SDK/startup/startup_mk64f12.o
                0x0000000000002f44                FTFE_IRQHandler
 .text.Read_Collision_IRQHandler
                0x0000000000002f4c        0x8 ./SDK/startup/startup_mk64f12.o
                0x0000000000002f4c                Read_Collision_IRQHandler
 .text.LVD_LVW_IRQHandler
                0x0000000000002f54        0x8 ./SDK/startup/startup_mk64f12.o
                0x0000000000002f54                LVD_LVW_IRQHandler
 .text.LLWU_IRQHandler
                0x0000000000002f5c        0x8 ./SDK/startup/startup_mk64f12.o
                0x0000000000002f5c                LLWU_IRQHandler
 .text.WDOG_EWM_IRQHandler
                0x0000000000002f64        0x8 ./SDK/startup/startup_mk64f12.o
                0x0000000000002f64                WDOG_EWM_IRQHandler
 .text.RNG_IRQHandler
                0x0000000000002f6c        0x8 ./SDK/startup/startup_mk64f12.o
                0x0000000000002f6c                RNG_IRQHandler
 .text.I2C0_IRQHandler
                0x0000000000002f74        0x8 ./SDK/startup/startup_mk64f12.o
                0x0000000000002f74                I2C0_IRQHandler
 .text.I2C1_IRQHandler
                0x0000000000002f7c        0x8 ./SDK/startup/startup_mk64f12.o
                0x0000000000002f7c                I2C1_IRQHandler
 .text.SPI0_IRQHandler
                0x0000000000002f84        0x8 ./SDK/startup/startup_mk64f12.o
                0x0000000000002f84                SPI0_IRQHandler
 .text.SPI1_IRQHandler
                0x0000000000002f8c        0x8 ./SDK/startup/startup_mk64f12.o
                0x0000000000002f8c                SPI1_IRQHandler
 .text.I2S0_Tx_IRQHandler
                0x0000000000002f94        0x8 ./SDK/startup/startup_mk64f12.o
                0x0000000000002f94                I2S0_Tx_IRQHandler
 .text.I2S0_Rx_IRQHandler
                0x0000000000002f9c        0x8 ./SDK/startup/startup_mk64f12.o
                0x0000000000002f9c                I2S0_Rx_IRQHandler
 .text.UART0_LON_IRQHandler
                0x0000000000002fa4        0x8 ./SDK/startup/startup_mk64f12.o
                0x0000000000002fa4                UART0_LON_IRQHandler
 .text.UART0_RX_TX_IRQHandler
                0x0000000000002fac        0x8 ./SDK/startup/startup_mk64f12.o
                0x0000000000002fac                UART0_RX_TX_IRQHandler
 .text.UART0_ERR_IRQHandler
                0x0000000000002fb4        0x8 ./SDK/startup/startup_mk64f12.o
                0x0000000000002fb4                UART0_ERR_IRQHandler
 .text.UART1_RX_TX_IRQHandler
                0x0000000000002fbc        0x8 ./SDK/startup/startup_mk64f12.o
                0x0000000000002fbc                UART1_RX_TX_IRQHandler
 .text.UART1_ERR_IRQHandler
                0x0000000000002fc4        0x8 ./SDK/startup/startup_mk64f12.o
                0x0000000000002fc4                UART1_ERR_IRQHandler
 .text.UART2_RX_TX_IRQHandler
                0x0000000000002fcc        0x8 ./SDK/startup/startup_mk64f12.o
                0x0000000000002fcc                UART2_RX_TX_IRQHandler
 .text.UART2_ERR_IRQHandler
                0x0000000000002fd4        0x8 ./SDK/startup/startup_mk64f12.o
                0x0000000000002fd4                UART2_ERR_IRQHandler
 .text.UART3_RX_TX_IRQHandler
                0x0000000000002fdc        0x8 ./SDK/startup/startup_mk64f12.o
                0x0000000000002fdc                UART3_RX_TX_IRQHandler
 .text.UART3_ERR_IRQHandler
                0x0000000000002fe4        0x8 ./SDK/startup/startup_mk64f12.o
                0x0000000000002fe4                UART3_ERR_IRQHandler
 .text.ADC0_IRQHandler
                0x0000000000002fec        0x8 ./SDK/startup/startup_mk64f12.o
                0x0000000000002fec                ADC0_IRQHandler
 .text.CMP0_IRQHandler
                0x0000000000002ff4        0x8 ./SDK/startup/startup_mk64f12.o
                0x0000000000002ff4                CMP0_IRQHandler
 .text.CMP1_IRQHandler
                0x0000000000002ffc        0x8 ./SDK/startup/startup_mk64f12.o
                0x0000000000002ffc                CMP1_IRQHandler
 .text.FTM0_IRQHandler
                0x0000000000003004        0x8 ./SDK/startup/startup_mk64f12.o
                0x0000000000003004                FTM0_IRQHandler
 .text.FTM1_IRQHandler
                0x000000000000300c        0x8 ./SDK/startup/startup_mk64f12.o
                0x000000000000300c                FTM1_IRQHandler
 .text.FTM2_IRQHandler
                0x0000000000003014        0x8 ./SDK/startup/startup_mk64f12.o
                0x0000000000003014                FTM2_IRQHandler
 .text.CMT_IRQHandler
                0x000000000000301c        0x8 ./SDK/startup/startup_mk64f12.o
                0x000000000000301c                CMT_IRQHandler
 .text.RTC_IRQHandler
                0x0000000000003024        0x8 ./SDK/startup/startup_mk64f12.o
                0x0000000000003024                RTC_IRQHandler
 .text.RTC_Seconds_IRQHandler
                0x000000000000302c        0x8 ./SDK/startup/startup_mk64f12.o
                0x000000000000302c                RTC_Seconds_IRQHandler
 .text.PIT0_IRQHandler
                0x0000000000003034        0x8 ./SDK/startup/startup_mk64f12.o
                0x0000000000003034                PIT0_IRQHandler
 .text.PIT1_IRQHandler
                0x000000000000303c        0x8 ./SDK/startup/startup_mk64f12.o
                0x000000000000303c                PIT1_IRQHandler
 .text.PIT2_IRQHandler
                0x0000000000003044        0x8 ./SDK/startup/startup_mk64f12.o
                0x0000000000003044                PIT2_IRQHandler
 .text.PIT3_IRQHandler
                0x000000000000304c        0x8 ./SDK/startup/startup_mk64f12.o
                0x000000000000304c                PIT3_IRQHandler
 .text.PDB0_IRQHandler
                0x0000000000003054        0x8 ./SDK/startup/startup_mk64f12.o
                0x0000000000003054                PDB0_IRQHandler
 .text.USB0_IRQHandler
                0x000000000000305c        0x8 ./SDK/startup/startup_mk64f12.o
                0x000000000000305c                USB0_IRQHandler
 .text.USBDCD_IRQHandler
                0x0000000000003064        0x8 ./SDK/startup/startup_mk64f12.o
                0x0000000000003064                USBDCD_IRQHandler
 .text.Reserved71_IRQHandler
                0x000000000000306c        0x8 ./SDK/startup/startup_mk64f12.o
                0x000000000000306c                Reserved71_IRQHandler
 .text.DAC0_IRQHandler
                0x0000000000003074        0x8 ./SDK/startup/startup_mk64f12.o
                0x0000000000003074                DAC0_IRQHandler
 .text.MCG_IRQHandler
                0x000000000000307c        0x8 ./SDK/startup/startup_mk64f12.o
                0x000000000000307c                MCG_IRQHandler
 .text.LPTMR0_IRQHandler
                0x0000000000003084        0x8 ./SDK/startup/startup_mk64f12.o
                0x0000000000003084                LPTMR0_IRQHandler
 .text.PORTB_IRQHandler
                0x000000000000308c        0x8 ./SDK/startup/startup_mk64f12.o
                0x000000000000308c                PORTB_IRQHandler
 .text.PORTE_IRQHandler
                0x0000000000003094        0x8 ./SDK/startup/startup_mk64f12.o
                0x0000000000003094                PORTE_IRQHandler
 .text.SWI_IRQHandler
                0x000000000000309c        0x8 ./SDK/startup/startup_mk64f12.o
                0x000000000000309c                SWI_IRQHandler
 .text.SPI2_IRQHandler
                0x00000000000030a4        0x8 ./SDK/startup/startup_mk64f12.o
                0x00000000000030a4                SPI2_IRQHandler
 .text.UART4_RX_TX_IRQHandler
                0x00000000000030ac        0x8 ./SDK/startup/startup_mk64f12.o
                0x00000000000030ac                UART4_RX_TX_IRQHandler
 .text.UART4_ERR_IRQHandler
                0x00000000000030b4        0x8 ./SDK/startup/startup_mk64f12.o
                0x00000000000030b4                UART4_ERR_IRQHandler
 .text.UART5_RX_TX_IRQHandler
                0x00000000000030bc        0x8 ./SDK/startup/startup_mk64f12.o
                0x00000000000030bc                UART5_RX_TX_IRQHandler
 .text.UART5_ERR_IRQHandler
                0x00000000000030c4        0x8 ./SDK/startup/startup_mk64f12.o
                0x00000000000030c4                UART5_ERR_IRQHandler
 .text.CMP2_IRQHandler
                0x00000000000030cc        0x8 ./SDK/startup/startup_mk64f12.o
                0x00000000000030cc                CMP2_IRQHandler
 .text.FTM3_IRQHandler
                0x00000000000030d4        0x8 ./SDK/startup/startup_mk64f12.o
                0x00000000000030d4                FTM3_IRQHandler
 .text.DAC1_IRQHandler
                0x00000000000030dc        0x8 ./SDK/startup/startup_mk64f12.o
                0x00000000000030dc                DAC1_IRQHandler
 .text.ADC1_IRQHandler
                0x00000000000030e4        0x8 ./SDK/startup/startup_mk64f12.o
                0x00000000000030e4                ADC1_IRQHandler
 .text.I2C2_IRQHandler
                0x00000000000030ec        0x8 ./SDK/startup/startup_mk64f12.o
                0x00000000000030ec                I2C2_IRQHandler
 .text.CAN0_ORed_Message_buffer_IRQHandler
                0x00000000000030f4        0x8 ./SDK/startup/startup_mk64f12.o
                0x00000000000030f4                CAN0_ORed_Message_buffer_IRQHandler
 .text.CAN0_Bus_Off_IRQHandler
                0x00000000000030fc        0x8 ./SDK/startup/startup_mk64f12.o
                0x00000000000030fc                CAN0_Bus_Off_IRQHandler
 .text.CAN0_Error_IRQHandler
                0x0000000000003104        0x8 ./SDK/startup/startup_mk64f12.o
                0x0000000000003104                CAN0_Error_IRQHandler
 .text.CAN0_Tx_Warning_IRQHandler
                0x000000000000310c        0x8 ./SDK/startup/startup_mk64f12.o
                0x000000000000310c                CAN0_Tx_Warning_IRQHandler
 .text.CAN0_Rx_Warning_IRQHandler
                0x0000000000003114        0x8 ./SDK/startup/startup_mk64f12.o
                0x0000000000003114                CAN0_Rx_Warning_IRQHandler
 .text.CAN0_Wake_Up_IRQHandler
                0x000000000000311c        0x8 ./SDK/startup/startup_mk64f12.o
                0x000000000000311c                CAN0_Wake_Up_IRQHandler
 .text.SDHC_IRQHandler
                0x0000000000003124        0x8 ./SDK/startup/startup_mk64f12.o
                0x0000000000003124                SDHC_IRQHandler
 .text.ENET_1588_Timer_IRQHandler
                0x000000000000312c        0x8 ./SDK/startup/startup_mk64f12.o
                0x000000000000312c                ENET_1588_Timer_IRQHandler
 .text.ENET_Transmit_IRQHandler
                0x0000000000003134        0x8 ./SDK/startup/startup_mk64f12.o
                0x0000000000003134                ENET_Transmit_IRQHandler
 .text.ENET_Receive_IRQHandler
                0x000000000000313c        0x8 ./SDK/startup/startup_mk64f12.o
                0x000000000000313c                ENET_Receive_IRQHandler
 .text.ENET_Error_IRQHandler
                0x0000000000003144        0x8 ./SDK/startup/startup_mk64f12.o
                0x0000000000003144                ENET_Error_IRQHandler
 .text.SystemInitHook
                0x000000000000314c        0xe ./SDK/CMSIS/system_MK64F12.o
                0x000000000000314c                SystemInitHook
 .text.memcpy   0x000000000000315a        0x4 /Applications/MCUXpressoIDE_11.0.0_2516/ide/plugins/com.nxp.mcuxpresso.tools.macosx_11.0.0.201905131304/tools/bin/../lib/gcc/arm-none-eabi/8.2.1/../../../../arm-none-eabi/lib/thumb/v7e-m+fp/hard/libcr_c.a(memcpy.o)
                0x000000000000315a                memcpy
 .text.memcmp   0x000000000000315e       0x44 /Applications/MCUXpressoIDE_11.0.0_2516/ide/plugins/com.nxp.mcuxpresso.tools.macosx_11.0.0.201905131304/tools/bin/../lib/gcc/arm-none-eabi/8.2.1/../../../../arm-none-eabi/lib/thumb/v7e-m+fp/hard/libcr_c.a(memcmp.o)
                0x000000000000315e                memcmp
 .text.__aeabi_memcpy
                0x00000000000031a2       0x34 /Applications/MCUXpressoIDE_11.0.0_2516/ide/plugins/com.nxp.mcuxpresso.tools.macosx_11.0.0.201905131304/tools/bin/../lib/gcc/arm-none-eabi/8.2.1/thumb/v7e-m+fp/hard/libcr_eabihelpers.a(memcpy.o)
                0x00000000000031a2                __aeabi_memcpy
                0x00000000000031ac                __aeabi_memcpy4
                0x00000000000031ac                __aeabi_memcpy8
 *(SORT_BY_ALIGNMENT(.rodata) SORT_BY_ALIGNMENT(.rodata.*) SORT_BY_ALIGNMENT(.constdata) SORT_BY_ALIGNMENT(.constdata.*))
 *fill*         0x00000000000031d6        0x2 ff
 .rodata        0x00000000000031d8       0x6c ./source/App.o
 .rodata        0x0000000000003244       0x38 ./source/Users.o
                0x0000000000003280                . = ALIGN (0x8)
 *fill*         0x000000000000327c        0x4 ff

.glue_7         0x0000000000003280        0x0
 .glue_7        0x0000000000003280        0x0 linker stubs

.glue_7t        0x0000000000003280        0x0
 .glue_7t       0x0000000000003280        0x0 linker stubs

.vfp11_veneer   0x0000000000003280        0x0
 .vfp11_veneer  0x0000000000003280        0x0 linker stubs

.v4_bx          0x0000000000003280        0x0
 .v4_bx         0x0000000000003280        0x0 linker stubs

.iplt           0x0000000000003280        0x0
 .iplt          0x0000000000003280        0x0 ./source/App.o

.rel.dyn        0x0000000000003280        0x0
 .rel.iplt      0x0000000000003280        0x0 ./source/App.o

.ARM.extab
 *(SORT_BY_ALIGNMENT(.ARM.extab*) SORT_BY_ALIGNMENT(.gnu.linkonce.armextab.*))
                0x0000000000003280                __exidx_start = .

.ARM.exidx
 *(SORT_BY_ALIGNMENT(.ARM.exidx*) SORT_BY_ALIGNMENT(.gnu.linkonce.armexidx.*))
                0x0000000000003280                __exidx_end = .
                0x0000000000003280                _etext = .

.m_usb_data
 *(SORT_BY_ALIGNMENT(m_usb_bdt))

.data_RAM2      0x000000001fff0000        0x0 load address 0x0000000000003280
 FILL mask 0xff
                [!provide]                        PROVIDE (__start_data_RAM2 = .)
 *(SORT_BY_ALIGNMENT(.ramfunc.$RAM2))
 *(SORT_BY_ALIGNMENT(.ramfunc.$SRAM_LOWER))
 *(SORT_BY_ALIGNMENT(.data.$RAM2))
 *(SORT_BY_ALIGNMENT(.data.$SRAM_LOWER))
 *(SORT_BY_ALIGNMENT(.data.$RAM2.*))
 *(SORT_BY_ALIGNMENT(.data.$SRAM_LOWER.*))
                0x000000001fff0000                . = ALIGN (0x8)
                [!provide]                        PROVIDE (__end_data_RAM2 = .)

.data_RAM3      0x0000000014000000        0x0 load address 0x0000000000003280
 FILL mask 0xff
                [!provide]                        PROVIDE (__start_data_RAM3 = .)
 *(SORT_BY_ALIGNMENT(.ramfunc.$RAM3))
 *(SORT_BY_ALIGNMENT(.ramfunc.$FLEX_RAM))
 *(SORT_BY_ALIGNMENT(.data.$RAM3))
 *(SORT_BY_ALIGNMENT(.data.$FLEX_RAM))
 *(SORT_BY_ALIGNMENT(.data.$RAM3.*))
 *(SORT_BY_ALIGNMENT(.data.$FLEX_RAM.*))
                0x0000000014000000                . = ALIGN (0x8)
                [!provide]                        PROVIDE (__end_data_RAM3 = .)

.uninit_RESERVED
                0x0000000020000000        0x0
                0x0000000020000000                . = ALIGN (0x8)
 *(SORT_BY_ALIGNMENT(.bss.$RESERVED*))
                0x0000000020000000                . = ALIGN (0x8)
                0x0000000020000000                _end_uninit_RESERVED = .

.data           0x0000000020000000      0x3c8 load address 0x0000000000003280
 FILL mask 0xff
                0x0000000020000000                _data = .
 *(SORT_BY_ALIGNMENT(vtable))
 *(SORT_BY_ALIGNMENT(.ramfunc*))
 *(SORT_BY_ALIGNMENT(.data*))
 .data.id_txt   0x0000000020000000       0x84 ./source/App.o
 .data.pin_txt  0x0000000020000084       0x84 ./source/App.o
 .data.pin_toDisp
                0x0000000020000108       0x84 ./source/App.o
 .data.bright_txt
                0x000000002000018c       0x84 ./source/App.o
 .data.checkoutOK_txt
                0x0000000020000210       0x84 ./source/App.o
 .data.checkoutERROR_txt
                0x0000000020000294       0x84 ./source/App.o
 .data.default_id
                0x0000000020000318       0x20 ./source/App.o
 .data.segments
                0x0000000020000338       0x20 ./source/DisplayBoard.o
 .data.disp_selector
                0x0000000020000358        0x8 ./source/DisplayBoard.o
 .data.status_leds
                0x0000000020000360        0x8 ./source/DisplayBoard.o
 .data.disp_vector
                0x0000000020000368       0x10 ./source/DisplayBoard.o
 .data.brightness
                0x0000000020000378        0x4 ./source/DisplayBoard.o
 .data.dsp      0x000000002000037c        0x4 ./source/DisplayBoard.o
 .data.SysTick_ptr
                0x0000000020000380        0x4 ./source/SysTick.o
 .data.gpioPtrs
                0x0000000020000384       0x14 ./source/gpio.o
 .data.portPtrs
                0x0000000020000398       0x14 ./source/gpio.o
 .data.simMasks
                0x00000000200003ac       0x14 ./source/gpio.o
 .data.sim_ptr  0x00000000200003c0        0x4 ./source/gpio.o
 .data.timers_cant
                0x00000000200003c4        0x1 ./source/timer.o
                0x00000000200003c8                . = ALIGN (0x8)
 *fill*         0x00000000200003c5        0x3 ff
                0x00000000200003c8                _edata = .

.igot.plt       0x00000000200003c8        0x0 load address 0x0000000000003648
 .igot.plt      0x00000000200003c8        0x0 ./source/App.o

.bss_RAM2       0x000000001fff0000        0x0
                0x000000001fff0000                . = ALIGN (0x8)
                [!provide]                        PROVIDE (__start_bss_RAM2 = .)
 *(SORT_BY_ALIGNMENT(.bss.$RAM2))
 *(SORT_BY_ALIGNMENT(.bss.$SRAM_LOWER))
 *(SORT_BY_ALIGNMENT(.bss.$RAM2.*))
 *(SORT_BY_ALIGNMENT(.bss.$SRAM_LOWER.*))
                0x000000001fff0000                . = ALIGN ((. != 0x0)?0x8:0x1)
                [!provide]                        PROVIDE (__end_bss_RAM2 = .)

.bss_RAM3       0x0000000014000000        0x0
                0x0000000014000000                . = ALIGN (0x8)
                [!provide]                        PROVIDE (__start_bss_RAM3 = .)
 *(SORT_BY_ALIGNMENT(.bss.$RAM3))
 *(SORT_BY_ALIGNMENT(.bss.$FLEX_RAM))
 *(SORT_BY_ALIGNMENT(.bss.$RAM3.*))
 *(SORT_BY_ALIGNMENT(.bss.$FLEX_RAM.*))
                0x0000000014000000                . = ALIGN ((. != 0x0)?0x8:0x1)
                [!provide]                        PROVIDE (__end_bss_RAM3 = .)

.bss            0x00000000200003c8      0x680
                0x00000000200003c8                . = ALIGN (0x8)
                0x00000000200003c8                _bss = .
 *(SORT_BY_ALIGNMENT(.bss*))
 .bss.aux_id    0x00000000200003c8        0x4 ./source/App.o
 .bss.fsm       0x00000000200003cc        0x4 ./source/App.o
 .bss.flash_counter
                0x00000000200003d0        0x4 ./source/DisplayBoard.o
 .bss.cursor_flash
                0x00000000200003d4        0x4 ./source/DisplayBoard.o
 .bss.bright_time
                0x00000000200003d8        0x4 ./source/DisplayBoard.o
 .bss.vector_cont
                0x00000000200003dc        0x4 ./source/DisplayBoard.o
 .bss.actual_len
                0x00000000200003e0        0x4 ./source/DisplayBoard.o
 .bss.actual_prefix
                0x00000000200003e4        0x4 ./source/DisplayBoard.o
 .bss.actual_sufix
                0x00000000200003e8        0x4 ./source/DisplayBoard.o
 .bss.pin_pointer
                0x00000000200003ec        0x4 ./source/DisplayBoard.o
 .bss.channel_flag
                0x00000000200003f0        0x4 ./source/Encoder.o
 .bss.motion_event
                0x00000000200003f4        0x4 ./source/Encoder.o
 .bss.callback  0x00000000200003f8        0x4 ./source/Encoder.o
 .bss.internal_sw_event
                0x00000000200003fc        0x4 ./source/InternalControl.o
 .bss.callback  0x0000000020000400        0x4 ./source/InternalControl.o
 .bss.pan       0x0000000020000404       0x4c ./source/Lector.o
 .bss.data      0x0000000020000450       0x28 ./source/Lector.o
 .bss.callbackTick
                0x0000000020000478        0x4 ./source/SysTick.o
 .bss.index_    0x000000002000047c        0x4 ./source/Users.o
 .bss.users     0x0000000020000480      0x230 ./source/Users.o
 .bss.isr_Matrix
                0x00000000200006b0      0x280 ./source/gpio.o
 .bss.timers    0x0000000020000930      0x100 ./source/timer.o
 .bss.__LDM_interruptDisableCount
                0x0000000020000a30        0x4 ./SDK/startup/hardware.o
 .bss.timerDisp
                0x0000000020000a34        0x1 ./source/App.o
 .bss.timerError
                0x0000000020000a35        0x1 ./source/App.o
 .bss.timerPestillo
                0x0000000020000a36        0x1 ./source/App.o
 .bss.load_menu
                0x0000000020000a37        0x1 ./source/DisplayBoard.o
 .bss.shift_hab
                0x0000000020000a38        0x1 ./source/DisplayBoard.o
 .bss.timerEncCH
                0x0000000020000a39        0x1 ./source/Encoder.o
 .bss.timerEncSwitch
                0x0000000020000a3a        0x1 ./source/Encoder.o
 .bss.OK_sw     0x0000000020000a3b        0x1 ./source/InternalControl.o
 .bss.CANCEL_sw
                0x0000000020000a3c        0x1 ./source/InternalControl.o
 .bss.timerSw   0x0000000020000a3d        0x1 ./source/InternalControl.o
 .bss.Enable    0x0000000020000a3e        0x1 ./source/Lector.o
 .bss.chkEnable
                0x0000000020000a3f        0x1 ./source/Lector.o
 .bss.count     0x0000000020000a40        0x1 ./source/Lector.o
 .bss.bits      0x0000000020000a41        0x1 ./source/Lector.o
 .bss.lrc       0x0000000020000a42        0x1 ./source/Lector.o
 .bss.word      0x0000000020000a43        0x1 ./source/Lector.o
 .bss.end       0x0000000020000a44        0x1 ./source/Lector.o
 .bss.yaInit.7551
                0x0000000020000a45        0x1 ./source/timer.o
 *(SORT_BY_ALIGNMENT(COMMON))
                0x0000000020000a48                . = ALIGN (0x8)
 *fill*         0x0000000020000a46        0x2 
                0x0000000020000a48                _ebss = .
                [!provide]                        PROVIDE (end = .)

.noinit_RAM2    0x000000001fff0000        0x0
                0x000000001fff0000                . = ALIGN (0x8)
 *(SORT_BY_ALIGNMENT(.noinit.$RAM2))
 *(SORT_BY_ALIGNMENT(.noinit.$SRAM_LOWER))
 *(SORT_BY_ALIGNMENT(.noinit.$RAM2.*))
 *(SORT_BY_ALIGNMENT(.noinit.$SRAM_LOWER.*))
                0x000000001fff0000                . = ALIGN (0x8)

.noinit_RAM3    0x0000000014000000        0x0
                0x0000000014000000                . = ALIGN (0x8)
 *(SORT_BY_ALIGNMENT(.noinit.$RAM3))
 *(SORT_BY_ALIGNMENT(.noinit.$FLEX_RAM))
 *(SORT_BY_ALIGNMENT(.noinit.$RAM3.*))
 *(SORT_BY_ALIGNMENT(.noinit.$FLEX_RAM.*))
                0x0000000014000000                . = ALIGN (0x8)

.noinit         0x0000000020000a48        0x0
                0x0000000020000a48                . = ALIGN (0x8)
                0x0000000020000a48                _noinit = .
 *(SORT_BY_ALIGNMENT(.noinit*))
                0x0000000020000a48                . = ALIGN (0x8)
                0x0000000020000a48                _end_noinit = .
                0x0000000000001000                _HeapSize = 0x1000

.heap           0x0000000020000a48     0x1000
                0x0000000020000a48                _pvHeapStart = .
                0x0000000020001a48                . = (. + _HeapSize)
 *fill*         0x0000000020000a48     0x1000 
                0x0000000020001a48                . = ALIGN (0x8)
                0x0000000020001a48                _pvHeapLimit = .
                0x0000000000001000                _StackSize = 0x1000

.heap2stackfill
                0x0000000020001a48     0x1000
                0x0000000020002a48                . = (. + _StackSize)
 *fill*         0x0000000020001a48     0x1000 

.stack          0x000000002002f000        0x0
                0x000000002002f000                _vStackBase = .
                0x000000002002f000                . = ALIGN (0x8)
                0x0000000020030000                _vStackTop = (. + _StackSize)
                0x0000000000000000                _image_start = LOADADDR (.text)
                0x0000000000003648                _image_end = (LOADADDR (.data) + SIZEOF (.data))
                0x0000000000003648                _image_size = (_image_end - _image_start)
OUTPUT(Blink.axf elf32-littlearm)

.debug_info     0x0000000000000000     0x767e
 .debug_info    0x0000000000000000      0xd01 ./source/App.o
 .debug_info    0x0000000000000d01      0xce8 ./source/DisplayBoard.o
 .debug_info    0x00000000000019e9      0xb0c ./source/Encoder.o
 .debug_info    0x00000000000024f5      0xf21 ./source/InternalControl.o
 .debug_info    0x0000000000003416      0x74f ./source/Lector.o
 .debug_info    0x0000000000003b65      0x549 ./source/SysTick.o
 .debug_info    0x00000000000040ae      0xbc0 ./source/Users.o
 .debug_info    0x0000000000004c6e      0x722 ./source/gpio.o
 .debug_info    0x0000000000005390      0xb93 ./source/timer.o
 .debug_info    0x0000000000005f23      0x6dc ./SDK/startup/hardware.o
 .debug_info    0x00000000000065ff       0xbc ./SDK/startup/main.o
 .debug_info    0x00000000000066bb       0x3c ./SDK/startup/semihost_hardfault.o
 .debug_info    0x00000000000066f7      0x92e ./SDK/startup/startup_mk64f12.o
 .debug_info    0x0000000000007025      0x659 ./SDK/CMSIS/system_MK64F12.o

.debug_abbrev   0x0000000000000000     0x1b7d
 .debug_abbrev  0x0000000000000000      0x2a8 ./source/App.o
 .debug_abbrev  0x00000000000002a8      0x2f7 ./source/DisplayBoard.o
 .debug_abbrev  0x000000000000059f      0x2b4 ./source/Encoder.o
 .debug_abbrev  0x0000000000000853      0x2ee ./source/InternalControl.o
 .debug_abbrev  0x0000000000000b41      0x2a3 ./source/Lector.o
 .debug_abbrev  0x0000000000000de4      0x1c2 ./source/SysTick.o
 .debug_abbrev  0x0000000000000fa6      0x248 ./source/Users.o
 .debug_abbrev  0x00000000000011ee      0x1cb ./source/gpio.o
 .debug_abbrev  0x00000000000013b9      0x2e5 ./source/timer.o
 .debug_abbrev  0x000000000000169e      0x154 ./SDK/startup/hardware.o
 .debug_abbrev  0x00000000000017f2       0x85 ./SDK/startup/main.o
 .debug_abbrev  0x0000000000001877       0x31 ./SDK/startup/semihost_hardfault.o
 .debug_abbrev  0x00000000000018a8      0x17a ./SDK/startup/startup_mk64f12.o
 .debug_abbrev  0x0000000000001a22      0x15b ./SDK/CMSIS/system_MK64F12.o

.debug_aranges  0x0000000000000000      0x728
 .debug_aranges
                0x0000000000000000       0x68 ./source/App.o
 .debug_aranges
                0x0000000000000068       0x68 ./source/DisplayBoard.o
 .debug_aranges
                0x00000000000000d0       0x60 ./source/Encoder.o
 .debug_aranges
                0x0000000000000130       0x70 ./source/InternalControl.o
 .debug_aranges
                0x00000000000001a0       0x80 ./source/Lector.o
 .debug_aranges
                0x0000000000000220       0x30 ./source/SysTick.o
 .debug_aranges
                0x0000000000000250       0x58 ./source/Users.o
 .debug_aranges
                0x00000000000002a8       0x60 ./source/gpio.o
 .debug_aranges
                0x0000000000000308       0x50 ./source/timer.o
 .debug_aranges
                0x0000000000000358       0x30 ./SDK/startup/hardware.o
 .debug_aranges
                0x0000000000000388       0x20 ./SDK/startup/main.o
 .debug_aranges
                0x00000000000003a8       0x20 ./SDK/startup/semihost_hardfault.o
 .debug_aranges
                0x00000000000003c8      0x330 ./SDK/startup/startup_mk64f12.o
 .debug_aranges
                0x00000000000006f8       0x30 ./SDK/CMSIS/system_MK64F12.o

.debug_ranges   0x0000000000000000      0x660
 .debug_ranges  0x0000000000000000       0x70 ./source/App.o
 .debug_ranges  0x0000000000000070       0x58 ./source/DisplayBoard.o
 .debug_ranges  0x00000000000000c8       0x50 ./source/Encoder.o
 .debug_ranges  0x0000000000000118       0x60 ./source/InternalControl.o
 .debug_ranges  0x0000000000000178       0x70 ./source/Lector.o
 .debug_ranges  0x00000000000001e8       0x20 ./source/SysTick.o
 .debug_ranges  0x0000000000000208       0x48 ./source/Users.o
 .debug_ranges  0x0000000000000250       0x50 ./source/gpio.o
 .debug_ranges  0x00000000000002a0       0x40 ./source/timer.o
 .debug_ranges  0x00000000000002e0       0x20 ./SDK/startup/hardware.o
 .debug_ranges  0x0000000000000300       0x10 ./SDK/startup/main.o
 .debug_ranges  0x0000000000000310       0x10 ./SDK/startup/semihost_hardfault.o
 .debug_ranges  0x0000000000000320      0x320 ./SDK/startup/startup_mk64f12.o
 .debug_ranges  0x0000000000000640       0x20 ./SDK/CMSIS/system_MK64F12.o

.debug_macro    0x0000000000000000    0x12ea0
 .debug_macro   0x0000000000000000      0x1b8 ./source/App.o
 .debug_macro   0x00000000000001b8      0xa9c ./source/App.o
 .debug_macro   0x0000000000000c54      0x34e ./source/App.o
 .debug_macro   0x0000000000000fa2       0x22 ./source/App.o
 .debug_macro   0x0000000000000fc4       0x18 ./source/App.o
 .debug_macro   0x0000000000000fdc       0x22 ./source/App.o
 .debug_macro   0x0000000000000ffe       0x58 ./source/App.o
 .debug_macro   0x0000000000001056       0x94 ./source/App.o
 .debug_macro   0x00000000000010ea       0x35 ./source/App.o
 .debug_macro   0x000000000000111f       0x34 ./source/App.o
 .debug_macro   0x0000000000001153       0x16 ./source/App.o
 .debug_macro   0x0000000000001169      0x10e ./source/App.o
 .debug_macro   0x0000000000001277       0x8d ./source/App.o
 .debug_macro   0x0000000000001304       0x57 ./source/App.o
 .debug_macro   0x000000000000135b       0x58 ./source/App.o
 .debug_macro   0x00000000000013b3       0x1f ./source/App.o
 .debug_macro   0x00000000000013d2       0x43 ./source/App.o
 .debug_macro   0x0000000000001415       0x20 ./source/App.o
 .debug_macro   0x0000000000001435      0x18e ./source/App.o
 .debug_macro   0x00000000000015c3      0x339 ./source/App.o
 .debug_macro   0x00000000000018fc       0x16 ./source/App.o
 .debug_macro   0x0000000000001912       0x29 ./source/App.o
 .debug_macro   0x000000000000193b       0x1c ./source/App.o
 .debug_macro   0x0000000000001957       0xa0 ./source/App.o
 .debug_macro   0x00000000000019f7       0x22 ./source/App.o
 .debug_macro   0x0000000000001a19       0x34 ./source/App.o
 .debug_macro   0x0000000000001a4d       0x1c ./source/App.o
 .debug_macro   0x0000000000001a69       0x28 ./source/App.o
 .debug_macro   0x0000000000001a91      0x1b7 ./source/DisplayBoard.o
 .debug_macro   0x0000000000001c48       0x9a ./source/DisplayBoard.o
 .debug_macro   0x0000000000001ce2       0x10 ./source/DisplayBoard.o
 .debug_macro   0x0000000000001cf2       0x5c ./source/DisplayBoard.o
 .debug_macro   0x0000000000001d4e       0x1c ./source/DisplayBoard.o
 .debug_macro   0x0000000000001d6a       0x22 ./source/DisplayBoard.o
 .debug_macro   0x0000000000001d8c       0xd9 ./source/DisplayBoard.o
 .debug_macro   0x0000000000001e65      0xecf ./source/DisplayBoard.o
 .debug_macro   0x0000000000002d34       0x48 ./source/DisplayBoard.o
 .debug_macro   0x0000000000002d7c     0xe07b ./source/DisplayBoard.o
 .debug_macro   0x0000000000010df7     0x122b ./source/DisplayBoard.o
 .debug_macro   0x0000000000012022       0x16 ./source/DisplayBoard.o
 .debug_macro   0x0000000000012038       0x3a ./source/DisplayBoard.o
 .debug_macro   0x0000000000012072       0xa6 ./source/DisplayBoard.o
 .debug_macro   0x0000000000012118      0x1b7 ./source/Encoder.o
 .debug_macro   0x00000000000122cf       0x1c ./source/Encoder.o
 .debug_macro   0x00000000000122eb       0x22 ./source/Encoder.o
 .debug_macro   0x000000000001230d      0x1b7 ./source/InternalControl.o
 .debug_macro   0x00000000000124c4       0x16 ./source/InternalControl.o
 .debug_macro   0x00000000000124da       0xd2 ./source/Lector.o
 .debug_macro   0x00000000000125ac      0x174 ./source/Lector.o
 .debug_macro   0x0000000000012720       0xdf ./source/Lector.o
 .debug_macro   0x00000000000127ff       0xac ./source/SysTick.o
 .debug_macro   0x00000000000128ab      0x11e ./source/Users.o
 .debug_macro   0x00000000000129c9       0x22 ./source/Users.o
 .debug_macro   0x00000000000129eb       0x10 ./source/Users.o
 .debug_macro   0x00000000000129fb       0x35 ./source/Users.o
 .debug_macro   0x0000000000012a30       0xab ./source/gpio.o
 .debug_macro   0x0000000000012adb      0x1c3 ./source/timer.o
 .debug_macro   0x0000000000012c9e       0x10 ./source/timer.o
 .debug_macro   0x0000000000012cae       0x9c ./SDK/startup/hardware.o
 .debug_macro   0x0000000000012d4a       0x9c ./SDK/startup/main.o
 .debug_macro   0x0000000000012de6       0x11 ./SDK/startup/semihost_hardfault.o
 .debug_macro   0x0000000000012df7       0x29 ./SDK/startup/startup_mk64f12.o
 .debug_macro   0x0000000000012e20       0x80 ./SDK/CMSIS/system_MK64F12.o

.debug_line     0x0000000000000000     0x447b
 .debug_line    0x0000000000000000      0x689 ./source/App.o
 .debug_line    0x0000000000000689      0xc2a ./source/DisplayBoard.o
 .debug_line    0x00000000000012b3      0x5ae ./source/Encoder.o
 .debug_line    0x0000000000001861      0x5db ./source/InternalControl.o
 .debug_line    0x0000000000001e3c      0x4a3 ./source/Lector.o
 .debug_line    0x00000000000022df      0x235 ./source/SysTick.o
 .debug_line    0x0000000000002514      0x4da ./source/Users.o
 .debug_line    0x00000000000029ee      0x3df ./source/gpio.o
 .debug_line    0x0000000000002dcd      0x59e ./source/timer.o
 .debug_line    0x000000000000336b      0x2aa ./SDK/startup/hardware.o
 .debug_line    0x0000000000003615      0x1bf ./SDK/startup/main.o
 .debug_line    0x00000000000037d4       0x5f ./SDK/startup/semihost_hardfault.o
 .debug_line    0x0000000000003833      0x914 ./SDK/startup/startup_mk64f12.o
 .debug_line    0x0000000000004147      0x334 ./SDK/CMSIS/system_MK64F12.o

.debug_str      0x0000000000000000    0x7c43d
 .debug_str     0x0000000000000000     0x714a ./source/App.o
                                       0x738b (size before relaxing)
 .debug_str     0x000000000000714a    0x73c41 ./source/DisplayBoard.o
                                      0x7aa00 (size before relaxing)
 .debug_str     0x000000000007ad8b       0xf1 ./source/Encoder.o
                                      0x7a89b (size before relaxing)
 .debug_str     0x000000000007ae7c      0x694 ./source/InternalControl.o
                                      0x7aec0 (size before relaxing)
 .debug_str     0x000000000007b510       0xd4 ./source/Lector.o
                                      0x77e2a (size before relaxing)
 .debug_str     0x000000000007b5e4       0x93 ./source/SysTick.o
                                      0x7769b (size before relaxing)
 .debug_str     0x000000000007b677       0xc1 ./source/Users.o
                                       0x6c0f (size before relaxing)
 .debug_str     0x000000000007b738      0x202 ./source/gpio.o
                                      0x77348 (size before relaxing)
 .debug_str     0x000000000007b93a       0xe1 ./source/timer.o
                                      0x7a894 (size before relaxing)
 .debug_str     0x000000000007ba1b      0x178 ./SDK/startup/hardware.o
                                      0x772d9 (size before relaxing)
 .debug_str     0x000000000007bb93       0x1b ./SDK/startup/main.o
                                      0x770ad (size before relaxing)
 .debug_str     0x000000000007bbae       0x36 ./SDK/startup/semihost_hardfault.o
                                       0x2e13 (size before relaxing)
 .debug_str     0x000000000007bbe4      0x7f7 ./SDK/startup/startup_mk64f12.o
                                       0x3681 (size before relaxing)
 .debug_str     0x000000000007c3db       0x62 ./SDK/CMSIS/system_MK64F12.o
                                      0x771e8 (size before relaxing)

.comment        0x0000000000000000       0x75
 .comment       0x0000000000000000       0x75 ./source/App.o
                                         0x76 (size before relaxing)
 .comment       0x0000000000000075       0x76 ./source/DisplayBoard.o
 .comment       0x0000000000000075       0x76 ./source/Encoder.o
 .comment       0x0000000000000075       0x76 ./source/InternalControl.o
 .comment       0x0000000000000075       0x76 ./source/Lector.o
 .comment       0x0000000000000075       0x76 ./source/SysTick.o
 .comment       0x0000000000000075       0x76 ./source/Users.o
 .comment       0x0000000000000075       0x76 ./source/gpio.o
 .comment       0x0000000000000075       0x76 ./source/timer.o
 .comment       0x0000000000000075       0x76 ./SDK/startup/hardware.o
 .comment       0x0000000000000075       0x76 ./SDK/startup/main.o
 .comment       0x0000000000000075       0x76 ./SDK/startup/semihost_hardfault.o
 .comment       0x0000000000000075       0x76 ./SDK/startup/startup_mk64f12.o
 .comment       0x0000000000000075       0x76 ./SDK/CMSIS/system_MK64F12.o
 .comment       0x0000000000000075       0x76 /Applications/MCUXpressoIDE_11.0.0_2516/ide/plugins/com.nxp.mcuxpresso.tools.macosx_11.0.0.201905131304/tools/bin/../lib/gcc/arm-none-eabi/8.2.1/../../../../arm-none-eabi/lib/thumb/v7e-m+fp/hard/libcr_c.a(memcpy.o)
 .comment       0x0000000000000075       0x76 /Applications/MCUXpressoIDE_11.0.0_2516/ide/plugins/com.nxp.mcuxpresso.tools.macosx_11.0.0.201905131304/tools/bin/../lib/gcc/arm-none-eabi/8.2.1/../../../../arm-none-eabi/lib/thumb/v7e-m+fp/hard/libcr_c.a(memcmp.o)

.ARM.attributes
                0x0000000000000000       0x32
 .ARM.attributes
                0x0000000000000000       0x34 ./source/App.o
 .ARM.attributes
                0x0000000000000034       0x34 ./source/DisplayBoard.o
 .ARM.attributes
                0x0000000000000068       0x34 ./source/Encoder.o
 .ARM.attributes
                0x000000000000009c       0x34 ./source/InternalControl.o
 .ARM.attributes
                0x00000000000000d0       0x34 ./source/Lector.o
 .ARM.attributes
                0x0000000000000104       0x34 ./source/SysTick.o
 .ARM.attributes
                0x0000000000000138       0x34 ./source/Users.o
 .ARM.attributes
                0x000000000000016c       0x34 ./source/gpio.o
 .ARM.attributes
                0x00000000000001a0       0x34 ./source/timer.o
 .ARM.attributes
                0x00000000000001d4       0x34 ./SDK/startup/hardware.o
 .ARM.attributes
                0x0000000000000208       0x34 ./SDK/startup/main.o
 .ARM.attributes
                0x000000000000023c       0x34 ./SDK/startup/semihost_hardfault.o
 .ARM.attributes
                0x0000000000000270       0x34 ./SDK/startup/startup_mk64f12.o
 .ARM.attributes
                0x00000000000002a4       0x34 ./SDK/CMSIS/system_MK64F12.o
 .ARM.attributes
                0x00000000000002d8       0x34 /Applications/MCUXpressoIDE_11.0.0_2516/ide/plugins/com.nxp.mcuxpresso.tools.macosx_11.0.0.201905131304/tools/bin/../lib/gcc/arm-none-eabi/8.2.1/../../../../arm-none-eabi/lib/thumb/v7e-m+fp/hard/libcr_c.a(memcpy.o)
 .ARM.attributes
                0x000000000000030c       0x34 /Applications/MCUXpressoIDE_11.0.0_2516/ide/plugins/com.nxp.mcuxpresso.tools.macosx_11.0.0.201905131304/tools/bin/../lib/gcc/arm-none-eabi/8.2.1/../../../../arm-none-eabi/lib/thumb/v7e-m+fp/hard/libcr_c.a(memcmp.o)
 .ARM.attributes
                0x0000000000000340       0x20 /Applications/MCUXpressoIDE_11.0.0_2516/ide/plugins/com.nxp.mcuxpresso.tools.macosx_11.0.0.201905131304/tools/bin/../lib/gcc/arm-none-eabi/8.2.1/thumb/v7e-m+fp/hard/libcr_eabihelpers.a(memcpy.o)

.debug_frame    0x0000000000000000     0x15f8
 .debug_frame   0x0000000000000000      0x168 ./source/App.o
 .debug_frame   0x0000000000000168      0x184 ./source/DisplayBoard.o
 .debug_frame   0x00000000000002ec      0x12c ./source/Encoder.o
 .debug_frame   0x0000000000000418      0x17c ./source/InternalControl.o
 .debug_frame   0x0000000000000594      0x1d0 ./source/Lector.o
 .debug_frame   0x0000000000000764       0x88 ./source/SysTick.o
 .debug_frame   0x00000000000007ec      0x13c ./source/Users.o
 .debug_frame   0x0000000000000928      0x190 ./source/gpio.o
 .debug_frame   0x0000000000000ab8      0x10c ./source/timer.o
 .debug_frame   0x0000000000000bc4       0x70 ./SDK/startup/hardware.o
 .debug_frame   0x0000000000000c34       0x2c ./SDK/startup/main.o
 .debug_frame   0x0000000000000c60       0x20 ./SDK/startup/semihost_hardfault.o
 .debug_frame   0x0000000000000c80      0x904 ./SDK/startup/startup_mk64f12.o
 .debug_frame   0x0000000000001584       0x74 ./SDK/CMSIS/system_MK64F12.o
