
Discarded input sections

 .group         0x0000000000000000        0xc ./source/App.o
 .group         0x0000000000000000        0xc ./source/App.o
 .group         0x0000000000000000        0xc ./source/App.o
 .group         0x0000000000000000        0xc ./source/App.o
 .group         0x0000000000000000        0xc ./source/App.o
 .group         0x0000000000000000        0xc ./source/App.o
 .group         0x0000000000000000        0xc ./source/App.o
 .group         0x0000000000000000        0xc ./source/App.o
 .group         0x0000000000000000        0xc ./source/App.o
 .group         0x0000000000000000        0xc ./source/App.o
 .group         0x0000000000000000        0xc ./source/App.o
 .group         0x0000000000000000        0xc ./source/App.o
 .group         0x0000000000000000        0xc ./source/App.o
 .group         0x0000000000000000        0xc ./source/App.o
 .group         0x0000000000000000        0xc ./source/App.o
 .group         0x0000000000000000        0xc ./source/App.o
 .group         0x0000000000000000        0xc ./source/App.o
 .text          0x0000000000000000        0x0 ./source/App.o
 .data          0x0000000000000000        0x0 ./source/App.o
 .bss           0x0000000000000000        0x0 ./source/App.o
 .group         0x0000000000000000        0xc ./source/Lector.o
 .group         0x0000000000000000        0xc ./source/Lector.o
 .group         0x0000000000000000        0xc ./source/Lector.o
 .group         0x0000000000000000        0xc ./source/Lector.o
 .group         0x0000000000000000        0xc ./source/Lector.o
 .group         0x0000000000000000        0xc ./source/Lector.o
 .group         0x0000000000000000        0xc ./source/Lector.o
 .group         0x0000000000000000        0xc ./source/Lector.o
 .group         0x0000000000000000        0xc ./source/Lector.o
 .group         0x0000000000000000        0xc ./source/Lector.o
 .group         0x0000000000000000        0xc ./source/Lector.o
 .group         0x0000000000000000        0xc ./source/Lector.o
 .group         0x0000000000000000        0xc ./source/Lector.o
 .group         0x0000000000000000        0xc ./source/Lector.o
 .group         0x0000000000000000        0xc ./source/Lector.o
 .group         0x0000000000000000        0xc ./source/Lector.o
 .group         0x0000000000000000        0xc ./source/Lector.o
 .text          0x0000000000000000        0x0 ./source/Lector.o
 .data          0x0000000000000000        0x0 ./source/Lector.o
 .bss           0x0000000000000000        0x0 ./source/Lector.o
 .debug_macro   0x0000000000000000      0xa9c ./source/Lector.o
 .debug_macro   0x0000000000000000      0x174 ./source/Lector.o
 .debug_macro   0x0000000000000000       0x22 ./source/Lector.o
 .debug_macro   0x0000000000000000       0x34 ./source/Lector.o
 .debug_macro   0x0000000000000000      0x34e ./source/Lector.o
 .debug_macro   0x0000000000000000       0x10 ./source/Lector.o
 .debug_macro   0x0000000000000000       0x5c ./source/Lector.o
 .debug_macro   0x0000000000000000       0x1c ./source/Lector.o
 .debug_macro   0x0000000000000000       0x22 ./source/Lector.o
 .debug_macro   0x0000000000000000       0xdf ./source/Lector.o
 .debug_macro   0x0000000000000000      0xecf ./source/Lector.o
 .debug_macro   0x0000000000000000       0x48 ./source/Lector.o
 .debug_macro   0x0000000000000000     0xe07b ./source/Lector.o
 .debug_macro   0x0000000000000000     0x122b ./source/Lector.o
 .debug_macro   0x0000000000000000       0x16 ./source/Lector.o
 .debug_macro   0x0000000000000000       0x3a ./source/Lector.o
 .group         0x0000000000000000        0xc ./source/SysTick.o
 .group         0x0000000000000000        0xc ./source/SysTick.o
 .group         0x0000000000000000        0xc ./source/SysTick.o
 .group         0x0000000000000000        0xc ./source/SysTick.o
 .group         0x0000000000000000        0xc ./source/SysTick.o
 .group         0x0000000000000000        0xc ./source/SysTick.o
 .group         0x0000000000000000        0xc ./source/SysTick.o
 .group         0x0000000000000000        0xc ./source/SysTick.o
 .group         0x0000000000000000        0xc ./source/SysTick.o
 .group         0x0000000000000000        0xc ./source/SysTick.o
 .group         0x0000000000000000        0xc ./source/SysTick.o
 .group         0x0000000000000000        0xc ./source/SysTick.o
 .group         0x0000000000000000        0xc ./source/SysTick.o
 .text          0x0000000000000000        0x0 ./source/SysTick.o
 .data          0x0000000000000000        0x0 ./source/SysTick.o
 .bss           0x0000000000000000        0x0 ./source/SysTick.o
 .data.SysTick_ptr
                0x0000000000000000        0x4 ./source/SysTick.o
 .text.SysTick_Init
                0x0000000000000000       0x38 ./source/SysTick.o
 .debug_info    0x0000000000000000      0x135 ./source/SysTick.o
 .debug_abbrev  0x0000000000000000       0xe6 ./source/SysTick.o
 .debug_aranges
                0x0000000000000000       0x20 ./source/SysTick.o
 .debug_ranges  0x0000000000000000       0x10 ./source/SysTick.o
 .debug_macro   0x0000000000000000       0xac ./source/SysTick.o
 .debug_macro   0x0000000000000000      0xa9c ./source/SysTick.o
 .debug_macro   0x0000000000000000       0x22 ./source/SysTick.o
 .debug_macro   0x0000000000000000      0x34e ./source/SysTick.o
 .debug_macro   0x0000000000000000       0x10 ./source/SysTick.o
 .debug_macro   0x0000000000000000       0x5c ./source/SysTick.o
 .debug_macro   0x0000000000000000       0x1c ./source/SysTick.o
 .debug_macro   0x0000000000000000       0x22 ./source/SysTick.o
 .debug_macro   0x0000000000000000       0xdf ./source/SysTick.o
 .debug_macro   0x0000000000000000      0xecf ./source/SysTick.o
 .debug_macro   0x0000000000000000       0x48 ./source/SysTick.o
 .debug_macro   0x0000000000000000     0xe07b ./source/SysTick.o
 .debug_macro   0x0000000000000000     0x122b ./source/SysTick.o
 .debug_macro   0x0000000000000000       0x16 ./source/SysTick.o
 .debug_line    0x0000000000000000      0x1ea ./source/SysTick.o
 .debug_str     0x0000000000000000    0x7710d ./source/SysTick.o
 .comment       0x0000000000000000       0x76 ./source/SysTick.o
 .debug_frame   0x0000000000000000       0x30 ./source/SysTick.o
 .ARM.attributes
                0x0000000000000000       0x34 ./source/SysTick.o
 .group         0x0000000000000000        0xc ./source/gpio.o
 .group         0x0000000000000000        0xc ./source/gpio.o
 .group         0x0000000000000000        0xc ./source/gpio.o
 .group         0x0000000000000000        0xc ./source/gpio.o
 .group         0x0000000000000000        0xc ./source/gpio.o
 .group         0x0000000000000000        0xc ./source/gpio.o
 .group         0x0000000000000000        0xc ./source/gpio.o
 .group         0x0000000000000000        0xc ./source/gpio.o
 .group         0x0000000000000000        0xc ./source/gpio.o
 .group         0x0000000000000000        0xc ./source/gpio.o
 .group         0x0000000000000000        0xc ./source/gpio.o
 .group         0x0000000000000000        0xc ./source/gpio.o
 .group         0x0000000000000000        0xc ./source/gpio.o
 .group         0x0000000000000000        0xc ./source/gpio.o
 .text          0x0000000000000000        0x0 ./source/gpio.o
 .data          0x0000000000000000        0x0 ./source/gpio.o
 .bss           0x0000000000000000        0x0 ./source/gpio.o
 .text.gpioToggle
                0x0000000000000000       0x7c ./source/gpio.o
 .debug_macro   0x0000000000000000      0xa9c ./source/gpio.o
 .debug_macro   0x0000000000000000      0x34e ./source/gpio.o
 .debug_macro   0x0000000000000000       0x22 ./source/gpio.o
 .debug_macro   0x0000000000000000       0x10 ./source/gpio.o
 .debug_macro   0x0000000000000000       0x5c ./source/gpio.o
 .debug_macro   0x0000000000000000       0x1c ./source/gpio.o
 .debug_macro   0x0000000000000000       0x22 ./source/gpio.o
 .debug_macro   0x0000000000000000       0xdf ./source/gpio.o
 .debug_macro   0x0000000000000000      0xecf ./source/gpio.o
 .debug_macro   0x0000000000000000       0x48 ./source/gpio.o
 .debug_macro   0x0000000000000000     0xe07b ./source/gpio.o
 .debug_macro   0x0000000000000000     0x122b ./source/gpio.o
 .debug_macro   0x0000000000000000       0x16 ./source/gpio.o
 .debug_macro   0x0000000000000000       0x3a ./source/gpio.o
 .group         0x0000000000000000        0xc ./SDK/startup/hardware.o
 .group         0x0000000000000000        0xc ./SDK/startup/hardware.o
 .group         0x0000000000000000        0xc ./SDK/startup/hardware.o
 .group         0x0000000000000000        0xc ./SDK/startup/hardware.o
 .group         0x0000000000000000        0xc ./SDK/startup/hardware.o
 .group         0x0000000000000000        0xc ./SDK/startup/hardware.o
 .group         0x0000000000000000        0xc ./SDK/startup/hardware.o
 .group         0x0000000000000000        0xc ./SDK/startup/hardware.o
 .group         0x0000000000000000        0xc ./SDK/startup/hardware.o
 .group         0x0000000000000000        0xc ./SDK/startup/hardware.o
 .group         0x0000000000000000        0xc ./SDK/startup/hardware.o
 .group         0x0000000000000000        0xc ./SDK/startup/hardware.o
 .group         0x0000000000000000        0xc ./SDK/startup/hardware.o
 .text          0x0000000000000000        0x0 ./SDK/startup/hardware.o
 .data          0x0000000000000000        0x0 ./SDK/startup/hardware.o
 .bss           0x0000000000000000        0x0 ./SDK/startup/hardware.o
 .debug_macro   0x0000000000000000      0xa9c ./SDK/startup/hardware.o
 .debug_macro   0x0000000000000000      0x34e ./SDK/startup/hardware.o
 .debug_macro   0x0000000000000000       0x22 ./SDK/startup/hardware.o
 .debug_macro   0x0000000000000000       0x10 ./SDK/startup/hardware.o
 .debug_macro   0x0000000000000000       0x5c ./SDK/startup/hardware.o
 .debug_macro   0x0000000000000000       0x1c ./SDK/startup/hardware.o
 .debug_macro   0x0000000000000000       0x22 ./SDK/startup/hardware.o
 .debug_macro   0x0000000000000000       0xdf ./SDK/startup/hardware.o
 .debug_macro   0x0000000000000000      0xecf ./SDK/startup/hardware.o
 .debug_macro   0x0000000000000000       0x48 ./SDK/startup/hardware.o
 .debug_macro   0x0000000000000000     0xe07b ./SDK/startup/hardware.o
 .debug_macro   0x0000000000000000     0x122b ./SDK/startup/hardware.o
 .debug_macro   0x0000000000000000       0x16 ./SDK/startup/hardware.o
 .group         0x0000000000000000        0xc ./SDK/startup/main.o
 .group         0x0000000000000000        0xc ./SDK/startup/main.o
 .group         0x0000000000000000        0xc ./SDK/startup/main.o
 .group         0x0000000000000000        0xc ./SDK/startup/main.o
 .group         0x0000000000000000        0xc ./SDK/startup/main.o
 .group         0x0000000000000000        0xc ./SDK/startup/main.o
 .group         0x0000000000000000        0xc ./SDK/startup/main.o
 .group         0x0000000000000000        0xc ./SDK/startup/main.o
 .group         0x0000000000000000        0xc ./SDK/startup/main.o
 .group         0x0000000000000000        0xc ./SDK/startup/main.o
 .group         0x0000000000000000        0xc ./SDK/startup/main.o
 .group         0x0000000000000000        0xc ./SDK/startup/main.o
 .group         0x0000000000000000        0xc ./SDK/startup/main.o
 .text          0x0000000000000000        0x0 ./SDK/startup/main.o
 .data          0x0000000000000000        0x0 ./SDK/startup/main.o
 .bss           0x0000000000000000        0x0 ./SDK/startup/main.o
 .debug_macro   0x0000000000000000      0xa9c ./SDK/startup/main.o
 .debug_macro   0x0000000000000000      0x34e ./SDK/startup/main.o
 .debug_macro   0x0000000000000000       0x22 ./SDK/startup/main.o
 .debug_macro   0x0000000000000000       0x10 ./SDK/startup/main.o
 .debug_macro   0x0000000000000000       0x5c ./SDK/startup/main.o
 .debug_macro   0x0000000000000000       0x1c ./SDK/startup/main.o
 .debug_macro   0x0000000000000000       0x22 ./SDK/startup/main.o
 .debug_macro   0x0000000000000000       0xdf ./SDK/startup/main.o
 .debug_macro   0x0000000000000000      0xecf ./SDK/startup/main.o
 .debug_macro   0x0000000000000000       0x48 ./SDK/startup/main.o
 .debug_macro   0x0000000000000000     0xe07b ./SDK/startup/main.o
 .debug_macro   0x0000000000000000     0x122b ./SDK/startup/main.o
 .debug_macro   0x0000000000000000       0x16 ./SDK/startup/main.o
 .group         0x0000000000000000        0xc ./SDK/startup/semihost_hardfault.o
 .text          0x0000000000000000        0x0 ./SDK/startup/semihost_hardfault.o
 .data          0x0000000000000000        0x0 ./SDK/startup/semihost_hardfault.o
 .bss           0x0000000000000000        0x0 ./SDK/startup/semihost_hardfault.o
 .debug_macro   0x0000000000000000      0xa9c ./SDK/startup/semihost_hardfault.o
 .group         0x0000000000000000        0xc ./SDK/startup/startup_mk64f12.o
 .text          0x0000000000000000        0x0 ./SDK/startup/startup_mk64f12.o
 .data          0x0000000000000000        0x0 ./SDK/startup/startup_mk64f12.o
 .bss           0x0000000000000000        0x0 ./SDK/startup/startup_mk64f12.o
 .text.PORTD_IRQHandler
                0x0000000000000000        0x8 ./SDK/startup/startup_mk64f12.o
 .debug_macro   0x0000000000000000      0xa9c ./SDK/startup/startup_mk64f12.o
 .group         0x0000000000000000        0xc ./SDK/CMSIS/system_MK64F12.o
 .group         0x0000000000000000        0xc ./SDK/CMSIS/system_MK64F12.o
 .group         0x0000000000000000        0xc ./SDK/CMSIS/system_MK64F12.o
 .group         0x0000000000000000        0xc ./SDK/CMSIS/system_MK64F12.o
 .group         0x0000000000000000        0xc ./SDK/CMSIS/system_MK64F12.o
 .group         0x0000000000000000        0xc ./SDK/CMSIS/system_MK64F12.o
 .group         0x0000000000000000        0xc ./SDK/CMSIS/system_MK64F12.o
 .group         0x0000000000000000        0xc ./SDK/CMSIS/system_MK64F12.o
 .group         0x0000000000000000        0xc ./SDK/CMSIS/system_MK64F12.o
 .group         0x0000000000000000        0xc ./SDK/CMSIS/system_MK64F12.o
 .group         0x0000000000000000        0xc ./SDK/CMSIS/system_MK64F12.o
 .text          0x0000000000000000        0x0 ./SDK/CMSIS/system_MK64F12.o
 .data          0x0000000000000000        0x0 ./SDK/CMSIS/system_MK64F12.o
 .bss           0x0000000000000000        0x0 ./SDK/CMSIS/system_MK64F12.o
 .data.SystemCoreClock
                0x0000000000000000        0x4 ./SDK/CMSIS/system_MK64F12.o
 .text.SystemCoreClockUpdate
                0x0000000000000000      0x278 ./SDK/CMSIS/system_MK64F12.o
 .debug_macro   0x0000000000000000      0xa9c ./SDK/CMSIS/system_MK64F12.o
 .debug_macro   0x0000000000000000      0x34e ./SDK/CMSIS/system_MK64F12.o
 .debug_macro   0x0000000000000000       0x10 ./SDK/CMSIS/system_MK64F12.o
 .debug_macro   0x0000000000000000       0x5c ./SDK/CMSIS/system_MK64F12.o
 .debug_macro   0x0000000000000000       0x1c ./SDK/CMSIS/system_MK64F12.o
 .debug_macro   0x0000000000000000       0x22 ./SDK/CMSIS/system_MK64F12.o
 .debug_macro   0x0000000000000000       0xdf ./SDK/CMSIS/system_MK64F12.o
 .debug_macro   0x0000000000000000      0xecf ./SDK/CMSIS/system_MK64F12.o
 .debug_macro   0x0000000000000000       0x48 ./SDK/CMSIS/system_MK64F12.o
 .debug_macro   0x0000000000000000     0xe07b ./SDK/CMSIS/system_MK64F12.o
 .debug_macro   0x0000000000000000     0x122b ./SDK/CMSIS/system_MK64F12.o

Memory Configuration

Name             Origin             Length             Attributes
PROGRAM_FLASH    0x0000000000000000 0x0000000000100000 xr
SRAM_UPPER       0x0000000020000000 0x0000000000030000 xrw
SRAM_LOWER       0x000000001fff0000 0x0000000000010000 xrw
FLEX_RAM         0x0000000014000000 0x0000000000001000 xrw
*default*        0x0000000000000000 0xffffffffffffffff

Linker script and memory map

LOAD ./source/App.o
LOAD ./source/Lector.o
LOAD ./source/SysTick.o
LOAD ./source/gpio.o
LOAD ./SDK/startup/hardware.o
LOAD ./SDK/startup/main.o
LOAD ./SDK/startup/semihost_hardfault.o
LOAD ./SDK/startup/startup_mk64f12.o
LOAD ./SDK/CMSIS/system_MK64F12.o
START GROUP
LOAD /Applications/MCUXpressoIDE_11.0.0_2516/ide/plugins/com.nxp.mcuxpresso.tools.macosx_11.0.0.201905131304/tools/bin/../lib/gcc/arm-none-eabi/8.2.1/../../../../arm-none-eabi/lib/thumb/v7e-m+fp/hard/libcr_c.a
LOAD /Applications/MCUXpressoIDE_11.0.0_2516/ide/plugins/com.nxp.mcuxpresso.tools.macosx_11.0.0.201905131304/tools/bin/../lib/gcc/arm-none-eabi/8.2.1/thumb/v7e-m+fp/hard/libcr_eabihelpers.a
LOAD /Applications/MCUXpressoIDE_11.0.0_2516/ide/plugins/com.nxp.mcuxpresso.tools.macosx_11.0.0.201905131304/tools/bin/../lib/gcc/arm-none-eabi/8.2.1/thumb/v7e-m+fp/hard/libgcc.a
END GROUP
                0x0000000000000000                __base_PROGRAM_FLASH = 0x0
                0x0000000000000000                __base_Flash = 0x0
                0x0000000000100000                __top_PROGRAM_FLASH = 0x100000
                0x0000000000100000                __top_Flash = 0x100000
                0x0000000020000000                __base_SRAM_UPPER = 0x20000000
                0x0000000020000000                __base_RAM = 0x20000000
                0x0000000020030000                __top_SRAM_UPPER = 0x20030000
                0x0000000020030000                __top_RAM = 0x20030000
                0x000000001fff0000                __base_SRAM_LOWER = 0x1fff0000
                0x000000001fff0000                __base_RAM2 = 0x1fff0000
                0x0000000020000000                __top_SRAM_LOWER = 0x20000000
                0x0000000020000000                __top_RAM2 = 0x20000000
                0x0000000014000000                __base_FLEX_RAM = 0x14000000
                0x0000000014000000                __base_RAM3 = 0x14000000
                0x0000000014001000                __top_FLEX_RAM = 0x14001000
                0x0000000014001000                __top_RAM3 = 0x14001000

.text           0x0000000000000000      0xfd8
 FILL mask 0xff
                0x0000000000000000                __vectors_start__ = ABSOLUTE (.)
 *(SORT_BY_ALIGNMENT(.isr_vector))
 .isr_vector    0x0000000000000000      0x198 ./SDK/startup/startup_mk64f12.o
                0x0000000000000000                __Vectors
                0x0000000000000000                g_pfnVectors
                0x0000000000000198                . = ALIGN (0x4)
                0x0000000000000198                __section_table_start = .
                0x0000000000000198                __data_section_table = .
                0x0000000000000198        0x4 LONG 0xfd8 LOADADDR (.data)
                0x000000000000019c        0x4 LONG 0x20000000 ADDR (.data)
                0x00000000000001a0        0x4 LONG 0x40 SIZEOF (.data)
                0x00000000000001a4        0x4 LONG 0xfd8 LOADADDR (.data_RAM2)
                0x00000000000001a8        0x4 LONG 0x1fff0000 ADDR (.data_RAM2)
                0x00000000000001ac        0x4 LONG 0x0 SIZEOF (.data_RAM2)
                0x00000000000001b0        0x4 LONG 0xfd8 LOADADDR (.data_RAM3)
                0x00000000000001b4        0x4 LONG 0x14000000 ADDR (.data_RAM3)
                0x00000000000001b8        0x4 LONG 0x0 SIZEOF (.data_RAM3)
                0x00000000000001bc                __data_section_table_end = .
                0x00000000000001bc                __bss_section_table = .
                0x00000000000001bc        0x4 LONG 0x20000040 ADDR (.bss)
                0x00000000000001c0        0x4 LONG 0x2d8 SIZEOF (.bss)
                0x00000000000001c4        0x4 LONG 0x1fff0000 ADDR (.bss_RAM2)
                0x00000000000001c8        0x4 LONG 0x0 SIZEOF (.bss_RAM2)
                0x00000000000001cc        0x4 LONG 0x14000000 ADDR (.bss_RAM3)
                0x00000000000001d0        0x4 LONG 0x0 SIZEOF (.bss_RAM3)
                0x00000000000001d4                __bss_section_table_end = .
                0x00000000000001d4                __section_table_end = .
 *(SORT_BY_ALIGNMENT(.after_vectors*))
 .after_vectors.reset
                0x00000000000001d4       0x4c ./SDK/startup/startup_mk64f12.o
                0x00000000000001d4                ResetISR
 .after_vectors.init_data
                0x0000000000000220       0x1e ./SDK/startup/startup_mk64f12.o
                0x0000000000000220                data_init
 .after_vectors.init_bss
                0x000000000000023e       0x12 ./SDK/startup/startup_mk64f12.o
                0x000000000000023e                bss_init
 .after_vectors
                0x0000000000000250       0x14 ./SDK/startup/startup_mk64f12.o
                0x0000000000000250                NMI_Handler
                0x0000000000000254                MemManage_Handler
                0x0000000000000256                BusFault_Handler
                0x0000000000000258                UsageFault_Handler
                0x000000000000025a                SVC_Handler
                0x000000000000025c                DebugMon_Handler
                0x000000000000025e                PendSV_Handler
                0x0000000000000260                SysTick_Handler
                0x0000000000000262                FTM2_DriverIRQHandler
                0x0000000000000262                PIT2_DriverIRQHandler
                0x0000000000000262                SDHC_DriverIRQHandler
                0x0000000000000262                I2S0_Tx_DriverIRQHandler
                0x0000000000000262                RTC_Seconds_DriverIRQHandler
                0x0000000000000262                DMA6_DriverIRQHandler
                0x0000000000000262                LLWU_DriverIRQHandler
                0x0000000000000262                MCM_DriverIRQHandler
                0x0000000000000262                MCG_DriverIRQHandler
                0x0000000000000262                ENET_1588_Timer_DriverIRQHandler
                0x0000000000000262                I2C2_DriverIRQHandler
                0x0000000000000262                DAC1_DriverIRQHandler
                0x0000000000000262                CMP1_DriverIRQHandler
                0x0000000000000262                UART5_RX_TX_DriverIRQHandler
                0x0000000000000262                FTM0_DriverIRQHandler
                0x0000000000000262                IntDefaultHandler
                0x0000000000000262                USB0_DriverIRQHandler
                0x0000000000000262                UART5_ERR_DriverIRQHandler
                0x0000000000000262                PORTC_DriverIRQHandler
                0x0000000000000262                DMA11_DriverIRQHandler
                0x0000000000000262                DAC0_DriverIRQHandler
                0x0000000000000262                DMA10_DriverIRQHandler
                0x0000000000000262                CMP2_DriverIRQHandler
                0x0000000000000262                UART2_ERR_DriverIRQHandler
                0x0000000000000262                SPI2_DriverIRQHandler
                0x0000000000000262                LVD_LVW_DriverIRQHandler
                0x0000000000000262                PIT0_DriverIRQHandler
                0x0000000000000262                RNG_DriverIRQHandler
                0x0000000000000262                DMA5_DriverIRQHandler
                0x0000000000000262                DMA4_DriverIRQHandler
                0x0000000000000262                UART2_RX_TX_DriverIRQHandler
                0x0000000000000262                USBDCD_DriverIRQHandler
                0x0000000000000262                UART3_ERR_DriverIRQHandler
                0x0000000000000262                DMA3_DriverIRQHandler
                0x0000000000000262                DMA8_DriverIRQHandler
                0x0000000000000262                DMA9_DriverIRQHandler
                0x0000000000000262                UART0_ERR_DriverIRQHandler
                0x0000000000000262                CMT_DriverIRQHandler
                0x0000000000000262                Reserved71_DriverIRQHandler
                0x0000000000000262                ADC1_DriverIRQHandler
                0x0000000000000262                PORTA_DriverIRQHandler
                0x0000000000000262                DMA14_DriverIRQHandler
                0x0000000000000262                PIT3_DriverIRQHandler
                0x0000000000000262                PIT1_DriverIRQHandler
                0x0000000000000262                WDOG_EWM_DriverIRQHandler
                0x0000000000000262                PDB0_DriverIRQHandler
                0x0000000000000262                RTC_DriverIRQHandler
                0x0000000000000262                I2S0_Rx_DriverIRQHandler
                0x0000000000000262                Read_Collision_DriverIRQHandler
                0x0000000000000262                SWI_DriverIRQHandler
                0x0000000000000262                UART4_RX_TX_DriverIRQHandler
                0x0000000000000262                UART4_ERR_DriverIRQHandler
                0x0000000000000262                UART0_LON_DriverIRQHandler
                0x0000000000000262                DMA1_DriverIRQHandler
                0x0000000000000262                I2C1_DriverIRQHandler
                0x0000000000000262                UART3_RX_TX_DriverIRQHandler
                0x0000000000000262                ENET_Receive_DriverIRQHandler
                0x0000000000000262                DMA13_DriverIRQHandler
                0x0000000000000262                ENET_Error_DriverIRQHandler
                0x0000000000000262                DMA15_DriverIRQHandler
                0x0000000000000262                UART0_RX_TX_DriverIRQHandler
                0x0000000000000262                SPI0_DriverIRQHandler
                0x0000000000000262                ADC0_DriverIRQHandler
                0x0000000000000262                CMP0_DriverIRQHandler
                0x0000000000000262                CAN0_DriverIRQHandler
                0x0000000000000262                FTM3_DriverIRQHandler
                0x0000000000000262                UART1_ERR_DriverIRQHandler
                0x0000000000000262                DMA2_DriverIRQHandler
                0x0000000000000262                ENET_Transmit_DriverIRQHandler
                0x0000000000000262                PORTD_DriverIRQHandler
                0x0000000000000262                PORTE_DriverIRQHandler
                0x0000000000000262                FTFE_DriverIRQHandler
                0x0000000000000262                I2C0_DriverIRQHandler
                0x0000000000000262                DMA7_DriverIRQHandler
                0x0000000000000262                UART1_RX_TX_DriverIRQHandler
                0x0000000000000262                DMA0_DriverIRQHandler
                0x0000000000000262                PORTB_DriverIRQHandler
                0x0000000000000262                DMA12_DriverIRQHandler
                0x0000000000000262                SPI1_DriverIRQHandler
                0x0000000000000262                LPTMR0_DriverIRQHandler
                0x0000000000000262                DMA_Error_DriverIRQHandler
                0x0000000000000262                FTM1_DriverIRQHandler
                0x0000000000000400                . = 0x400
 *fill*         0x0000000000000264      0x19c ff
                0x0000000000000400                PROVIDE (__FLASH_CONFIG_START__ = .)
 *(SORT_BY_ALIGNMENT(.FlashConfig))
 .FlashConfig   0x0000000000000400       0x10 ./SDK/startup/startup_mk64f12.o
                0x0000000000000400                Flash_Config
                0x0000000000000410                PROVIDE (__FLASH_CONFIG_END__ = .)
                0x0000000000000001                ASSERT (! ((__FLASH_CONFIG_START__ == __FLASH_CONFIG_END__)), Linker Flash Config Support Enabled, but no .FlashConfig section provided within application)
 *(SORT_BY_ALIGNMENT(.text*))
 .text.__NVIC_EnableIRQ
                0x0000000000000410       0x3c ./source/Lector.o
 .text.get_ID   0x000000000000044c       0x74 ./source/Lector.o
                0x000000000000044c                get_ID
 .text.clear_ID
                0x00000000000004c0       0x34 ./source/Lector.o
                0x00000000000004c0                clear_ID
 .text.lectorInit
                0x00000000000004f4       0x54 ./source/Lector.o
                0x00000000000004f4                lectorInit
 .text.Check_LRC
                0x0000000000000548       0x74 ./source/Lector.o
                0x0000000000000548                Check_LRC
 .text.get_Data
                0x00000000000005bc      0x10c ./source/Lector.o
                0x00000000000005bc                get_Data
 .text.set_Enable
                0x00000000000006c8       0x68 ./source/Lector.o
                0x00000000000006c8                set_Enable
 .text.PORTD_IRQHandler
                0x0000000000000730       0x58 ./source/gpio.o
                0x0000000000000730                PORTD_IRQHandler
 .text.gpioMode
                0x0000000000000788      0x174 ./source/gpio.o
                0x0000000000000788                gpioMode
 .text.gpioWrite
                0x00000000000008fc       0x6c ./source/gpio.o
                0x00000000000008fc                gpioWrite
 .text.gpioRead
                0x0000000000000968       0x5c ./source/gpio.o
                0x0000000000000968                gpioRead
 .text.gpioIRQ  0x00000000000009c4       0x94 ./source/gpio.o
                0x00000000000009c4                gpioIRQ
 .text.PORT_ClearInterruptFlag
                0x0000000000000a58       0x48 ./source/gpio.o
                0x0000000000000a58                PORT_ClearInterruptFlag
 .text.hw_Init  0x0000000000000aa0      0x10c ./SDK/startup/hardware.o
                0x0000000000000aa0                hw_Init
 .text.hw_EnableInterrupts
                0x0000000000000bac       0x30 ./SDK/startup/hardware.o
                0x0000000000000bac                hw_EnableInterrupts
 .text.hw_DisableInterrupts
                0x0000000000000bdc       0x20 ./SDK/startup/hardware.o
                0x0000000000000bdc                hw_DisableInterrupts
 .text.SystemInit
                0x0000000000000bfc       0x3c ./SDK/CMSIS/system_MK64F12.o
                0x0000000000000bfc                SystemInit
 .text.App_Init
                0x0000000000000c38        0xc ./source/App.o
                0x0000000000000c38                App_Init
 .text.App_Run  0x0000000000000c44        0xc ./source/App.o
                0x0000000000000c44                App_Run
 .text.isr_enable
                0x0000000000000c50       0x1c ./source/Lector.o
                0x0000000000000c50                isr_enable
 .text.isr_clk  0x0000000000000c6c       0x1c ./source/Lector.o
                0x0000000000000c6c                isr_clk
 .text.parity   0x0000000000000c88       0x4e ./source/Lector.o
                0x0000000000000c88                parity
 .text.main     0x0000000000000cd6       0x1a ./SDK/startup/main.o
                0x0000000000000cd6                main
 .text.HardFault_Handler
                0x0000000000000cf0       0x2c ./SDK/startup/semihost_hardfault.o
                0x0000000000000cf0                HardFault_Handler
 .text.DMA0_IRQHandler
                0x0000000000000d1c        0x8 ./SDK/startup/startup_mk64f12.o
                0x0000000000000d1c                DMA0_IRQHandler
 .text.DMA1_IRQHandler
                0x0000000000000d24        0x8 ./SDK/startup/startup_mk64f12.o
                0x0000000000000d24                DMA1_IRQHandler
 .text.DMA2_IRQHandler
                0x0000000000000d2c        0x8 ./SDK/startup/startup_mk64f12.o
                0x0000000000000d2c                DMA2_IRQHandler
 .text.DMA3_IRQHandler
                0x0000000000000d34        0x8 ./SDK/startup/startup_mk64f12.o
                0x0000000000000d34                DMA3_IRQHandler
 .text.DMA4_IRQHandler
                0x0000000000000d3c        0x8 ./SDK/startup/startup_mk64f12.o
                0x0000000000000d3c                DMA4_IRQHandler
 .text.DMA5_IRQHandler
                0x0000000000000d44        0x8 ./SDK/startup/startup_mk64f12.o
                0x0000000000000d44                DMA5_IRQHandler
 .text.DMA6_IRQHandler
                0x0000000000000d4c        0x8 ./SDK/startup/startup_mk64f12.o
                0x0000000000000d4c                DMA6_IRQHandler
 .text.DMA7_IRQHandler
                0x0000000000000d54        0x8 ./SDK/startup/startup_mk64f12.o
                0x0000000000000d54                DMA7_IRQHandler
 .text.DMA8_IRQHandler
                0x0000000000000d5c        0x8 ./SDK/startup/startup_mk64f12.o
                0x0000000000000d5c                DMA8_IRQHandler
 .text.DMA9_IRQHandler
                0x0000000000000d64        0x8 ./SDK/startup/startup_mk64f12.o
                0x0000000000000d64                DMA9_IRQHandler
 .text.DMA10_IRQHandler
                0x0000000000000d6c        0x8 ./SDK/startup/startup_mk64f12.o
                0x0000000000000d6c                DMA10_IRQHandler
 .text.DMA11_IRQHandler
                0x0000000000000d74        0x8 ./SDK/startup/startup_mk64f12.o
                0x0000000000000d74                DMA11_IRQHandler
 .text.DMA12_IRQHandler
                0x0000000000000d7c        0x8 ./SDK/startup/startup_mk64f12.o
                0x0000000000000d7c                DMA12_IRQHandler
 .text.DMA13_IRQHandler
                0x0000000000000d84        0x8 ./SDK/startup/startup_mk64f12.o
                0x0000000000000d84                DMA13_IRQHandler
 .text.DMA14_IRQHandler
                0x0000000000000d8c        0x8 ./SDK/startup/startup_mk64f12.o
                0x0000000000000d8c                DMA14_IRQHandler
 .text.DMA15_IRQHandler
                0x0000000000000d94        0x8 ./SDK/startup/startup_mk64f12.o
                0x0000000000000d94                DMA15_IRQHandler
 .text.DMA_Error_IRQHandler
                0x0000000000000d9c        0x8 ./SDK/startup/startup_mk64f12.o
                0x0000000000000d9c                DMA_Error_IRQHandler
 .text.MCM_IRQHandler
                0x0000000000000da4        0x8 ./SDK/startup/startup_mk64f12.o
                0x0000000000000da4                MCM_IRQHandler
 .text.FTFE_IRQHandler
                0x0000000000000dac        0x8 ./SDK/startup/startup_mk64f12.o
                0x0000000000000dac                FTFE_IRQHandler
 .text.Read_Collision_IRQHandler
                0x0000000000000db4        0x8 ./SDK/startup/startup_mk64f12.o
                0x0000000000000db4                Read_Collision_IRQHandler
 .text.LVD_LVW_IRQHandler
                0x0000000000000dbc        0x8 ./SDK/startup/startup_mk64f12.o
                0x0000000000000dbc                LVD_LVW_IRQHandler
 .text.LLWU_IRQHandler
                0x0000000000000dc4        0x8 ./SDK/startup/startup_mk64f12.o
                0x0000000000000dc4                LLWU_IRQHandler
 .text.WDOG_EWM_IRQHandler
                0x0000000000000dcc        0x8 ./SDK/startup/startup_mk64f12.o
                0x0000000000000dcc                WDOG_EWM_IRQHandler
 .text.RNG_IRQHandler
                0x0000000000000dd4        0x8 ./SDK/startup/startup_mk64f12.o
                0x0000000000000dd4                RNG_IRQHandler
 .text.I2C0_IRQHandler
                0x0000000000000ddc        0x8 ./SDK/startup/startup_mk64f12.o
                0x0000000000000ddc                I2C0_IRQHandler
 .text.I2C1_IRQHandler
                0x0000000000000de4        0x8 ./SDK/startup/startup_mk64f12.o
                0x0000000000000de4                I2C1_IRQHandler
 .text.SPI0_IRQHandler
                0x0000000000000dec        0x8 ./SDK/startup/startup_mk64f12.o
                0x0000000000000dec                SPI0_IRQHandler
 .text.SPI1_IRQHandler
                0x0000000000000df4        0x8 ./SDK/startup/startup_mk64f12.o
                0x0000000000000df4                SPI1_IRQHandler
 .text.I2S0_Tx_IRQHandler
                0x0000000000000dfc        0x8 ./SDK/startup/startup_mk64f12.o
                0x0000000000000dfc                I2S0_Tx_IRQHandler
 .text.I2S0_Rx_IRQHandler
                0x0000000000000e04        0x8 ./SDK/startup/startup_mk64f12.o
                0x0000000000000e04                I2S0_Rx_IRQHandler
 .text.UART0_LON_IRQHandler
                0x0000000000000e0c        0x8 ./SDK/startup/startup_mk64f12.o
                0x0000000000000e0c                UART0_LON_IRQHandler
 .text.UART0_RX_TX_IRQHandler
                0x0000000000000e14        0x8 ./SDK/startup/startup_mk64f12.o
                0x0000000000000e14                UART0_RX_TX_IRQHandler
 .text.UART0_ERR_IRQHandler
                0x0000000000000e1c        0x8 ./SDK/startup/startup_mk64f12.o
                0x0000000000000e1c                UART0_ERR_IRQHandler
 .text.UART1_RX_TX_IRQHandler
                0x0000000000000e24        0x8 ./SDK/startup/startup_mk64f12.o
                0x0000000000000e24                UART1_RX_TX_IRQHandler
 .text.UART1_ERR_IRQHandler
                0x0000000000000e2c        0x8 ./SDK/startup/startup_mk64f12.o
                0x0000000000000e2c                UART1_ERR_IRQHandler
 .text.UART2_RX_TX_IRQHandler
                0x0000000000000e34        0x8 ./SDK/startup/startup_mk64f12.o
                0x0000000000000e34                UART2_RX_TX_IRQHandler
 .text.UART2_ERR_IRQHandler
                0x0000000000000e3c        0x8 ./SDK/startup/startup_mk64f12.o
                0x0000000000000e3c                UART2_ERR_IRQHandler
 .text.UART3_RX_TX_IRQHandler
                0x0000000000000e44        0x8 ./SDK/startup/startup_mk64f12.o
                0x0000000000000e44                UART3_RX_TX_IRQHandler
 .text.UART3_ERR_IRQHandler
                0x0000000000000e4c        0x8 ./SDK/startup/startup_mk64f12.o
                0x0000000000000e4c                UART3_ERR_IRQHandler
 .text.ADC0_IRQHandler
                0x0000000000000e54        0x8 ./SDK/startup/startup_mk64f12.o
                0x0000000000000e54                ADC0_IRQHandler
 .text.CMP0_IRQHandler
                0x0000000000000e5c        0x8 ./SDK/startup/startup_mk64f12.o
                0x0000000000000e5c                CMP0_IRQHandler
 .text.CMP1_IRQHandler
                0x0000000000000e64        0x8 ./SDK/startup/startup_mk64f12.o
                0x0000000000000e64                CMP1_IRQHandler
 .text.FTM0_IRQHandler
                0x0000000000000e6c        0x8 ./SDK/startup/startup_mk64f12.o
                0x0000000000000e6c                FTM0_IRQHandler
 .text.FTM1_IRQHandler
                0x0000000000000e74        0x8 ./SDK/startup/startup_mk64f12.o
                0x0000000000000e74                FTM1_IRQHandler
 .text.FTM2_IRQHandler
                0x0000000000000e7c        0x8 ./SDK/startup/startup_mk64f12.o
                0x0000000000000e7c                FTM2_IRQHandler
 .text.CMT_IRQHandler
                0x0000000000000e84        0x8 ./SDK/startup/startup_mk64f12.o
                0x0000000000000e84                CMT_IRQHandler
 .text.RTC_IRQHandler
                0x0000000000000e8c        0x8 ./SDK/startup/startup_mk64f12.o
                0x0000000000000e8c                RTC_IRQHandler
 .text.RTC_Seconds_IRQHandler
                0x0000000000000e94        0x8 ./SDK/startup/startup_mk64f12.o
                0x0000000000000e94                RTC_Seconds_IRQHandler
 .text.PIT0_IRQHandler
                0x0000000000000e9c        0x8 ./SDK/startup/startup_mk64f12.o
                0x0000000000000e9c                PIT0_IRQHandler
 .text.PIT1_IRQHandler
                0x0000000000000ea4        0x8 ./SDK/startup/startup_mk64f12.o
                0x0000000000000ea4                PIT1_IRQHandler
 .text.PIT2_IRQHandler
                0x0000000000000eac        0x8 ./SDK/startup/startup_mk64f12.o
                0x0000000000000eac                PIT2_IRQHandler
 .text.PIT3_IRQHandler
                0x0000000000000eb4        0x8 ./SDK/startup/startup_mk64f12.o
                0x0000000000000eb4                PIT3_IRQHandler
 .text.PDB0_IRQHandler
                0x0000000000000ebc        0x8 ./SDK/startup/startup_mk64f12.o
                0x0000000000000ebc                PDB0_IRQHandler
 .text.USB0_IRQHandler
                0x0000000000000ec4        0x8 ./SDK/startup/startup_mk64f12.o
                0x0000000000000ec4                USB0_IRQHandler
 .text.USBDCD_IRQHandler
                0x0000000000000ecc        0x8 ./SDK/startup/startup_mk64f12.o
                0x0000000000000ecc                USBDCD_IRQHandler
 .text.Reserved71_IRQHandler
                0x0000000000000ed4        0x8 ./SDK/startup/startup_mk64f12.o
                0x0000000000000ed4                Reserved71_IRQHandler
 .text.DAC0_IRQHandler
                0x0000000000000edc        0x8 ./SDK/startup/startup_mk64f12.o
                0x0000000000000edc                DAC0_IRQHandler
 .text.MCG_IRQHandler
                0x0000000000000ee4        0x8 ./SDK/startup/startup_mk64f12.o
                0x0000000000000ee4                MCG_IRQHandler
 .text.LPTMR0_IRQHandler
                0x0000000000000eec        0x8 ./SDK/startup/startup_mk64f12.o
                0x0000000000000eec                LPTMR0_IRQHandler
 .text.PORTA_IRQHandler
                0x0000000000000ef4        0x8 ./SDK/startup/startup_mk64f12.o
                0x0000000000000ef4                PORTA_IRQHandler
 .text.PORTB_IRQHandler
                0x0000000000000efc        0x8 ./SDK/startup/startup_mk64f12.o
                0x0000000000000efc                PORTB_IRQHandler
 .text.PORTC_IRQHandler
                0x0000000000000f04        0x8 ./SDK/startup/startup_mk64f12.o
                0x0000000000000f04                PORTC_IRQHandler
 .text.PORTE_IRQHandler
                0x0000000000000f0c        0x8 ./SDK/startup/startup_mk64f12.o
                0x0000000000000f0c                PORTE_IRQHandler
 .text.SWI_IRQHandler
                0x0000000000000f14        0x8 ./SDK/startup/startup_mk64f12.o
                0x0000000000000f14                SWI_IRQHandler
 .text.SPI2_IRQHandler
                0x0000000000000f1c        0x8 ./SDK/startup/startup_mk64f12.o
                0x0000000000000f1c                SPI2_IRQHandler
 .text.UART4_RX_TX_IRQHandler
                0x0000000000000f24        0x8 ./SDK/startup/startup_mk64f12.o
                0x0000000000000f24                UART4_RX_TX_IRQHandler
 .text.UART4_ERR_IRQHandler
                0x0000000000000f2c        0x8 ./SDK/startup/startup_mk64f12.o
                0x0000000000000f2c                UART4_ERR_IRQHandler
 .text.UART5_RX_TX_IRQHandler
                0x0000000000000f34        0x8 ./SDK/startup/startup_mk64f12.o
                0x0000000000000f34                UART5_RX_TX_IRQHandler
 .text.UART5_ERR_IRQHandler
                0x0000000000000f3c        0x8 ./SDK/startup/startup_mk64f12.o
                0x0000000000000f3c                UART5_ERR_IRQHandler
 .text.CMP2_IRQHandler
                0x0000000000000f44        0x8 ./SDK/startup/startup_mk64f12.o
                0x0000000000000f44                CMP2_IRQHandler
 .text.FTM3_IRQHandler
                0x0000000000000f4c        0x8 ./SDK/startup/startup_mk64f12.o
                0x0000000000000f4c                FTM3_IRQHandler
 .text.DAC1_IRQHandler
                0x0000000000000f54        0x8 ./SDK/startup/startup_mk64f12.o
                0x0000000000000f54                DAC1_IRQHandler
 .text.ADC1_IRQHandler
                0x0000000000000f5c        0x8 ./SDK/startup/startup_mk64f12.o
                0x0000000000000f5c                ADC1_IRQHandler
 .text.I2C2_IRQHandler
                0x0000000000000f64        0x8 ./SDK/startup/startup_mk64f12.o
                0x0000000000000f64                I2C2_IRQHandler
 .text.CAN0_ORed_Message_buffer_IRQHandler
                0x0000000000000f6c        0x8 ./SDK/startup/startup_mk64f12.o
                0x0000000000000f6c                CAN0_ORed_Message_buffer_IRQHandler
 .text.CAN0_Bus_Off_IRQHandler
                0x0000000000000f74        0x8 ./SDK/startup/startup_mk64f12.o
                0x0000000000000f74                CAN0_Bus_Off_IRQHandler
 .text.CAN0_Error_IRQHandler
                0x0000000000000f7c        0x8 ./SDK/startup/startup_mk64f12.o
                0x0000000000000f7c                CAN0_Error_IRQHandler
 .text.CAN0_Tx_Warning_IRQHandler
                0x0000000000000f84        0x8 ./SDK/startup/startup_mk64f12.o
                0x0000000000000f84                CAN0_Tx_Warning_IRQHandler
 .text.CAN0_Rx_Warning_IRQHandler
                0x0000000000000f8c        0x8 ./SDK/startup/startup_mk64f12.o
                0x0000000000000f8c                CAN0_Rx_Warning_IRQHandler
 .text.CAN0_Wake_Up_IRQHandler
                0x0000000000000f94        0x8 ./SDK/startup/startup_mk64f12.o
                0x0000000000000f94                CAN0_Wake_Up_IRQHandler
 .text.SDHC_IRQHandler
                0x0000000000000f9c        0x8 ./SDK/startup/startup_mk64f12.o
                0x0000000000000f9c                SDHC_IRQHandler
 .text.ENET_1588_Timer_IRQHandler
                0x0000000000000fa4        0x8 ./SDK/startup/startup_mk64f12.o
                0x0000000000000fa4                ENET_1588_Timer_IRQHandler
 .text.ENET_Transmit_IRQHandler
                0x0000000000000fac        0x8 ./SDK/startup/startup_mk64f12.o
                0x0000000000000fac                ENET_Transmit_IRQHandler
 .text.ENET_Receive_IRQHandler
                0x0000000000000fb4        0x8 ./SDK/startup/startup_mk64f12.o
                0x0000000000000fb4                ENET_Receive_IRQHandler
 .text.ENET_Error_IRQHandler
                0x0000000000000fbc        0x8 ./SDK/startup/startup_mk64f12.o
                0x0000000000000fbc                ENET_Error_IRQHandler
 .text.SystemInitHook
                0x0000000000000fc4        0xe ./SDK/CMSIS/system_MK64F12.o
                0x0000000000000fc4                SystemInitHook
 *(SORT_BY_ALIGNMENT(.rodata) SORT_BY_ALIGNMENT(.rodata.*) SORT_BY_ALIGNMENT(.constdata) SORT_BY_ALIGNMENT(.constdata.*))
                0x0000000000000fd8                . = ALIGN (0x8)
 *fill*         0x0000000000000fd2        0x6 ff

.glue_7         0x0000000000000fd8        0x0
 .glue_7        0x0000000000000fd8        0x0 linker stubs

.glue_7t        0x0000000000000fd8        0x0
 .glue_7t       0x0000000000000fd8        0x0 linker stubs

.vfp11_veneer   0x0000000000000fd8        0x0
 .vfp11_veneer  0x0000000000000fd8        0x0 linker stubs

.v4_bx          0x0000000000000fd8        0x0
 .v4_bx         0x0000000000000fd8        0x0 linker stubs

.iplt           0x0000000000000fd8        0x0
 .iplt          0x0000000000000fd8        0x0 ./source/App.o

.rel.dyn        0x0000000000000fd8        0x0
 .rel.iplt      0x0000000000000fd8        0x0 ./source/App.o

.ARM.extab
 *(SORT_BY_ALIGNMENT(.ARM.extab*) SORT_BY_ALIGNMENT(.gnu.linkonce.armextab.*))
                0x0000000000000fd8                __exidx_start = .

.ARM.exidx
 *(SORT_BY_ALIGNMENT(.ARM.exidx*) SORT_BY_ALIGNMENT(.gnu.linkonce.armexidx.*))
                0x0000000000000fd8                __exidx_end = .
                0x0000000000000fd8                _etext = .

.m_usb_data
 *(SORT_BY_ALIGNMENT(m_usb_bdt))

.data_RAM2      0x000000001fff0000        0x0 load address 0x0000000000000fd8
 FILL mask 0xff
                [!provide]                        PROVIDE (__start_data_RAM2 = .)
 *(SORT_BY_ALIGNMENT(.ramfunc.$RAM2))
 *(SORT_BY_ALIGNMENT(.ramfunc.$SRAM_LOWER))
 *(SORT_BY_ALIGNMENT(.data.$RAM2))
 *(SORT_BY_ALIGNMENT(.data.$SRAM_LOWER))
 *(SORT_BY_ALIGNMENT(.data.$RAM2.*))
 *(SORT_BY_ALIGNMENT(.data.$SRAM_LOWER.*))
                0x000000001fff0000                . = ALIGN (0x8)
                [!provide]                        PROVIDE (__end_data_RAM2 = .)

.data_RAM3      0x0000000014000000        0x0 load address 0x0000000000000fd8
 FILL mask 0xff
                [!provide]                        PROVIDE (__start_data_RAM3 = .)
 *(SORT_BY_ALIGNMENT(.ramfunc.$RAM3))
 *(SORT_BY_ALIGNMENT(.ramfunc.$FLEX_RAM))
 *(SORT_BY_ALIGNMENT(.data.$RAM3))
 *(SORT_BY_ALIGNMENT(.data.$FLEX_RAM))
 *(SORT_BY_ALIGNMENT(.data.$RAM3.*))
 *(SORT_BY_ALIGNMENT(.data.$FLEX_RAM.*))
                0x0000000014000000                . = ALIGN (0x8)
                [!provide]                        PROVIDE (__end_data_RAM3 = .)

.uninit_RESERVED
                0x0000000020000000        0x0
                0x0000000020000000                . = ALIGN (0x8)
 *(SORT_BY_ALIGNMENT(.bss.$RESERVED*))
                0x0000000020000000                . = ALIGN (0x8)
                0x0000000020000000                _end_uninit_RESERVED = .

.data           0x0000000020000000       0x40 load address 0x0000000000000fd8
 FILL mask 0xff
                0x0000000020000000                _data = .
 *(SORT_BY_ALIGNMENT(vtable))
 *(SORT_BY_ALIGNMENT(.ramfunc*))
 *(SORT_BY_ALIGNMENT(.data*))
 .data.gpioPtrs
                0x0000000020000000       0x14 ./source/gpio.o
 .data.portPtrs
                0x0000000020000014       0x14 ./source/gpio.o
 .data.simMasks
                0x0000000020000028       0x14 ./source/gpio.o
 .data.sim_ptr  0x000000002000003c        0x4 ./source/gpio.o
                0x0000000020000040                . = ALIGN (0x8)
                0x0000000020000040                _edata = .

.igot.plt       0x0000000020000040        0x0 load address 0x0000000000001018
 .igot.plt      0x0000000020000040        0x0 ./source/App.o

.bss_RAM2       0x000000001fff0000        0x0
                0x000000001fff0000                . = ALIGN (0x8)
                [!provide]                        PROVIDE (__start_bss_RAM2 = .)
 *(SORT_BY_ALIGNMENT(.bss.$RAM2))
 *(SORT_BY_ALIGNMENT(.bss.$SRAM_LOWER))
 *(SORT_BY_ALIGNMENT(.bss.$RAM2.*))
 *(SORT_BY_ALIGNMENT(.bss.$SRAM_LOWER.*))
                0x000000001fff0000                . = ALIGN ((. != 0x0)?0x8:0x1)
                [!provide]                        PROVIDE (__end_bss_RAM2 = .)

.bss_RAM3       0x0000000014000000        0x0
                0x0000000014000000                . = ALIGN (0x8)
                [!provide]                        PROVIDE (__start_bss_RAM3 = .)
 *(SORT_BY_ALIGNMENT(.bss.$RAM3))
 *(SORT_BY_ALIGNMENT(.bss.$FLEX_RAM))
 *(SORT_BY_ALIGNMENT(.bss.$RAM3.*))
 *(SORT_BY_ALIGNMENT(.bss.$FLEX_RAM.*))
                0x0000000014000000                . = ALIGN ((. != 0x0)?0x8:0x1)
                [!provide]                        PROVIDE (__end_bss_RAM3 = .)

.bss            0x0000000020000040      0x2d8
                0x0000000020000040                . = ALIGN (0x8)
                0x0000000020000040                _bss = .
 *(SORT_BY_ALIGNMENT(.bss*))
 .bss.ID_num    0x0000000020000040       0x20 ./source/Lector.o
 .bss.data      0x0000000020000060       0x28 ./source/Lector.o
 .bss.isr_Matrix
                0x0000000020000088      0x280 ./source/gpio.o
 .bss.__LDM_interruptDisableCount
                0x0000000020000308        0x4 ./SDK/startup/hardware.o
 .bss.Enable    0x000000002000030c        0x1 ./source/Lector.o
 .bss.count     0x000000002000030d        0x1 ./source/Lector.o
 .bss.bits      0x000000002000030e        0x1 ./source/Lector.o
 .bss.lrc       0x000000002000030f        0x1 ./source/Lector.o
 .bss.word      0x0000000020000310        0x1 ./source/Lector.o
 .bss.end       0x0000000020000311        0x1 ./source/Lector.o
 *(SORT_BY_ALIGNMENT(COMMON))
                0x0000000020000318                . = ALIGN (0x8)
 *fill*         0x0000000020000312        0x6 
                0x0000000020000318                _ebss = .
                [!provide]                        PROVIDE (end = .)

.noinit_RAM2    0x000000001fff0000        0x0
                0x000000001fff0000                . = ALIGN (0x8)
 *(SORT_BY_ALIGNMENT(.noinit.$RAM2))
 *(SORT_BY_ALIGNMENT(.noinit.$SRAM_LOWER))
 *(SORT_BY_ALIGNMENT(.noinit.$RAM2.*))
 *(SORT_BY_ALIGNMENT(.noinit.$SRAM_LOWER.*))
                0x000000001fff0000                . = ALIGN (0x8)

.noinit_RAM3    0x0000000014000000        0x0
                0x0000000014000000                . = ALIGN (0x8)
 *(SORT_BY_ALIGNMENT(.noinit.$RAM3))
 *(SORT_BY_ALIGNMENT(.noinit.$FLEX_RAM))
 *(SORT_BY_ALIGNMENT(.noinit.$RAM3.*))
 *(SORT_BY_ALIGNMENT(.noinit.$FLEX_RAM.*))
                0x0000000014000000                . = ALIGN (0x8)

.noinit         0x0000000020000318        0x0
                0x0000000020000318                . = ALIGN (0x8)
                0x0000000020000318                _noinit = .
 *(SORT_BY_ALIGNMENT(.noinit*))
                0x0000000020000318                . = ALIGN (0x8)
                0x0000000020000318                _end_noinit = .
                0x0000000000001000                _HeapSize = 0x1000

.heap           0x0000000020000318     0x1000
                0x0000000020000318                _pvHeapStart = .
                0x0000000020001318                . = (. + _HeapSize)
 *fill*         0x0000000020000318     0x1000 
                0x0000000020001318                . = ALIGN (0x8)
                0x0000000020001318                _pvHeapLimit = .
                0x0000000000001000                _StackSize = 0x1000

.heap2stackfill
                0x0000000020001318     0x1000
                0x0000000020002318                . = (. + _StackSize)
 *fill*         0x0000000020001318     0x1000 

.stack          0x000000002002f000        0x0
                0x000000002002f000                _vStackBase = .
                0x000000002002f000                . = ALIGN (0x8)
                0x0000000020030000                _vStackTop = (. + _StackSize)
                0x0000000000000000                _image_start = LOADADDR (.text)
                0x0000000000001018                _image_end = (LOADADDR (.data) + SIZEOF (.data))
                0x0000000000001018                _image_size = (_image_end - _image_start)
OUTPUT(Blink.axf elf32-littlearm)

.debug_info     0x0000000000000000     0x2605
 .debug_info    0x0000000000000000       0xd1 ./source/App.o
 .debug_info    0x00000000000000d1      0x6ff ./source/Lector.o
 .debug_info    0x00000000000007d0      0x6da ./source/gpio.o
 .debug_info    0x0000000000000eaa      0x6dc ./SDK/startup/hardware.o
 .debug_info    0x0000000000001586       0xbc ./SDK/startup/main.o
 .debug_info    0x0000000000001642       0x3c ./SDK/startup/semihost_hardfault.o
 .debug_info    0x000000000000167e      0x92e ./SDK/startup/startup_mk64f12.o
 .debug_info    0x0000000000001fac      0x659 ./SDK/CMSIS/system_MK64F12.o

.debug_abbrev   0x0000000000000000      0x936
 .debug_abbrev  0x0000000000000000       0x83 ./source/App.o
 .debug_abbrev  0x0000000000000083      0x225 ./source/Lector.o
 .debug_abbrev  0x00000000000002a8      0x1af ./source/gpio.o
 .debug_abbrev  0x0000000000000457      0x154 ./SDK/startup/hardware.o
 .debug_abbrev  0x00000000000005ab       0x85 ./SDK/startup/main.o
 .debug_abbrev  0x0000000000000630       0x31 ./SDK/startup/semihost_hardfault.o
 .debug_abbrev  0x0000000000000661      0x17a ./SDK/startup/startup_mk64f12.o
 .debug_abbrev  0x00000000000007db      0x15b ./SDK/CMSIS/system_MK64F12.o

.debug_aranges  0x0000000000000000      0x4b0
 .debug_aranges
                0x0000000000000000       0x28 ./source/App.o
 .debug_aranges
                0x0000000000000028       0x68 ./source/Lector.o
 .debug_aranges
                0x0000000000000090       0x50 ./source/gpio.o
 .debug_aranges
                0x00000000000000e0       0x30 ./SDK/startup/hardware.o
 .debug_aranges
                0x0000000000000110       0x20 ./SDK/startup/main.o
 .debug_aranges
                0x0000000000000130       0x20 ./SDK/startup/semihost_hardfault.o
 .debug_aranges
                0x0000000000000150      0x330 ./SDK/startup/startup_mk64f12.o
 .debug_aranges
                0x0000000000000480       0x30 ./SDK/CMSIS/system_MK64F12.o

.debug_ranges   0x0000000000000000      0x430
 .debug_ranges  0x0000000000000000       0x18 ./source/App.o
 .debug_ranges  0x0000000000000018       0x58 ./source/Lector.o
 .debug_ranges  0x0000000000000070       0x40 ./source/gpio.o
 .debug_ranges  0x00000000000000b0       0x20 ./SDK/startup/hardware.o
 .debug_ranges  0x00000000000000d0       0x10 ./SDK/startup/main.o
 .debug_ranges  0x00000000000000e0       0x10 ./SDK/startup/semihost_hardfault.o
 .debug_ranges  0x00000000000000f0      0x320 ./SDK/startup/startup_mk64f12.o
 .debug_ranges  0x0000000000000410       0x20 ./SDK/CMSIS/system_MK64F12.o

.debug_macro    0x0000000000000000    0x117cf
 .debug_macro   0x0000000000000000       0xcc ./source/App.o
 .debug_macro   0x00000000000000cc      0xa9c ./source/App.o
 .debug_macro   0x0000000000000b68      0x34e ./source/App.o
 .debug_macro   0x0000000000000eb6       0x22 ./source/App.o
 .debug_macro   0x0000000000000ed8       0x10 ./source/App.o
 .debug_macro   0x0000000000000ee8       0x5c ./source/App.o
 .debug_macro   0x0000000000000f44       0x1c ./source/App.o
 .debug_macro   0x0000000000000f60       0x22 ./source/App.o
 .debug_macro   0x0000000000000f82       0xdf ./source/App.o
 .debug_macro   0x0000000000001061      0xecf ./source/App.o
 .debug_macro   0x0000000000001f30       0x48 ./source/App.o
 .debug_macro   0x0000000000001f78     0xe07b ./source/App.o
 .debug_macro   0x000000000000fff3     0x122b ./source/App.o
 .debug_macro   0x000000000001121e       0x16 ./source/App.o
 .debug_macro   0x0000000000011234       0x3a ./source/App.o
 .debug_macro   0x000000000001126e       0x10 ./source/App.o
 .debug_macro   0x000000000001127e      0x174 ./source/App.o
 .debug_macro   0x00000000000113f2       0x34 ./source/App.o
 .debug_macro   0x0000000000011426       0xd2 ./source/Lector.o
 .debug_macro   0x00000000000114f8       0x3a ./source/Lector.o
 .debug_macro   0x0000000000011532       0xab ./source/gpio.o
 .debug_macro   0x00000000000115dd       0x9c ./SDK/startup/hardware.o
 .debug_macro   0x0000000000011679       0x9c ./SDK/startup/main.o
 .debug_macro   0x0000000000011715       0x11 ./SDK/startup/semihost_hardfault.o
 .debug_macro   0x0000000000011726       0x29 ./SDK/startup/startup_mk64f12.o
 .debug_macro   0x000000000001174f       0x80 ./SDK/CMSIS/system_MK64F12.o

.debug_line     0x0000000000000000     0x1acb
 .debug_line    0x0000000000000000      0x207 ./source/App.o
 .debug_line    0x0000000000000207      0x444 ./source/Lector.o
 .debug_line    0x000000000000064b      0x370 ./source/gpio.o
 .debug_line    0x00000000000009bb      0x2aa ./SDK/startup/hardware.o
 .debug_line    0x0000000000000c65      0x1bf ./SDK/startup/main.o
 .debug_line    0x0000000000000e24       0x5f ./SDK/startup/semihost_hardfault.o
 .debug_line    0x0000000000000e83      0x914 ./SDK/startup/startup_mk64f12.o
 .debug_line    0x0000000000001797      0x334 ./SDK/CMSIS/system_MK64F12.o

.debug_str      0x0000000000000000    0x78662
 .debug_str     0x0000000000000000    0x7734a ./source/App.o
                                      0x77531 (size before relaxing)
 .debug_str     0x000000000007734a      0x6de ./source/Lector.o
                                      0x77c17 (size before relaxing)
 .debug_str     0x0000000000077a28      0x1e6 ./source/gpio.o
                                      0x77325 (size before relaxing)
 .debug_str     0x0000000000077c0e      0x178 ./SDK/startup/hardware.o
                                      0x772d8 (size before relaxing)
 .debug_str     0x0000000000077d86       0x1b ./SDK/startup/main.o
                                      0x770ac (size before relaxing)
 .debug_str     0x0000000000077da1       0x36 ./SDK/startup/semihost_hardfault.o
                                       0x2e12 (size before relaxing)
 .debug_str     0x0000000000077dd7      0x829 ./SDK/startup/startup_mk64f12.o
                                       0x3680 (size before relaxing)
 .debug_str     0x0000000000078600       0x62 ./SDK/CMSIS/system_MK64F12.o
                                      0x771e7 (size before relaxing)

.comment        0x0000000000000000       0x75
 .comment       0x0000000000000000       0x75 ./source/App.o
                                         0x76 (size before relaxing)
 .comment       0x0000000000000075       0x76 ./source/Lector.o
 .comment       0x0000000000000075       0x76 ./source/gpio.o
 .comment       0x0000000000000075       0x76 ./SDK/startup/hardware.o
 .comment       0x0000000000000075       0x76 ./SDK/startup/main.o
 .comment       0x0000000000000075       0x76 ./SDK/startup/semihost_hardfault.o
 .comment       0x0000000000000075       0x76 ./SDK/startup/startup_mk64f12.o
 .comment       0x0000000000000075       0x76 ./SDK/CMSIS/system_MK64F12.o

.ARM.attributes
                0x0000000000000000       0x34
 .ARM.attributes
                0x0000000000000000       0x34 ./source/App.o
 .ARM.attributes
                0x0000000000000034       0x34 ./source/Lector.o
 .ARM.attributes
                0x0000000000000068       0x34 ./source/gpio.o
 .ARM.attributes
                0x000000000000009c       0x34 ./SDK/startup/hardware.o
 .ARM.attributes
                0x00000000000000d0       0x34 ./SDK/startup/main.o
 .ARM.attributes
                0x0000000000000104       0x34 ./SDK/startup/semihost_hardfault.o
 .ARM.attributes
                0x0000000000000138       0x34 ./SDK/startup/startup_mk64f12.o
 .ARM.attributes
                0x000000000000016c       0x34 ./SDK/CMSIS/system_MK64F12.o

.debug_frame    0x0000000000000000      0xd1c
 .debug_frame   0x0000000000000000       0x48 ./source/App.o
 .debug_frame   0x0000000000000048      0x170 ./source/Lector.o
 .debug_frame   0x00000000000001b8      0x130 ./source/gpio.o
 .debug_frame   0x00000000000002e8       0x70 ./SDK/startup/hardware.o
 .debug_frame   0x0000000000000358       0x2c ./SDK/startup/main.o
 .debug_frame   0x0000000000000384       0x20 ./SDK/startup/semihost_hardfault.o
 .debug_frame   0x00000000000003a4      0x904 ./SDK/startup/startup_mk64f12.o
 .debug_frame   0x0000000000000ca8       0x74 ./SDK/CMSIS/system_MK64F12.o
