
Discarded input sections

 .group         0x00000000        0xc ./source/App.o
 .group         0x00000000        0xc ./source/App.o
 .group         0x00000000        0xc ./source/App.o
 .group         0x00000000        0xc ./source/App.o
 .group         0x00000000        0xc ./source/App.o
 .group         0x00000000        0xc ./source/App.o
 .group         0x00000000        0xc ./source/App.o
 .group         0x00000000        0xc ./source/App.o
 .group         0x00000000        0xc ./source/App.o
 .group         0x00000000        0xc ./source/App.o
 .group         0x00000000        0xc ./source/App.o
 .group         0x00000000        0xc ./source/App.o
 .group         0x00000000        0xc ./source/App.o
 .group         0x00000000        0xc ./source/App.o
 .group         0x00000000        0xc ./source/App.o
 .group         0x00000000        0xc ./source/App.o
 .group         0x00000000        0xc ./source/App.o
 .group         0x00000000        0xc ./source/App.o
 .group         0x00000000        0xc ./source/App.o
 .group         0x00000000        0xc ./source/App.o
 .group         0x00000000        0xc ./source/App.o
 .group         0x00000000        0xc ./source/App.o
 .group         0x00000000        0xc ./source/App.o
 .group         0x00000000        0xc ./source/App.o
 .group         0x00000000        0xc ./source/App.o
 .group         0x00000000        0xc ./source/App.o
 .group         0x00000000        0xc ./source/App.o
 .group         0x00000000        0xc ./source/App.o
 .group         0x00000000        0xc ./source/App.o
 .group         0x00000000        0xc ./source/App.o
 .group         0x00000000        0xc ./source/App.o
 .group         0x00000000        0xc ./source/App.o
 .group         0x00000000        0xc ./source/App.o
 .group         0x00000000        0xc ./source/App.o
 .group         0x00000000        0xc ./source/App.o
 .text          0x00000000        0x0 ./source/App.o
 .data          0x00000000        0x0 ./source/App.o
 .bss           0x00000000        0x0 ./source/App.o
 .group         0x00000000        0xc ./source/InternalControl.o
 .group         0x00000000        0xc ./source/InternalControl.o
 .group         0x00000000        0xc ./source/InternalControl.o
 .group         0x00000000        0xc ./source/InternalControl.o
 .group         0x00000000        0xc ./source/InternalControl.o
 .group         0x00000000        0xc ./source/InternalControl.o
 .group         0x00000000        0xc ./source/InternalControl.o
 .group         0x00000000        0xc ./source/InternalControl.o
 .group         0x00000000        0xc ./source/InternalControl.o
 .group         0x00000000        0xc ./source/InternalControl.o
 .group         0x00000000        0xc ./source/InternalControl.o
 .group         0x00000000        0xc ./source/InternalControl.o
 .group         0x00000000        0xc ./source/InternalControl.o
 .group         0x00000000        0xc ./source/InternalControl.o
 .group         0x00000000        0xc ./source/InternalControl.o
 .group         0x00000000        0xc ./source/InternalControl.o
 .group         0x00000000        0xc ./source/InternalControl.o
 .group         0x00000000        0xc ./source/InternalControl.o
 .group         0x00000000        0xc ./source/InternalControl.o
 .group         0x00000000        0xc ./source/InternalControl.o
 .group         0x00000000        0xc ./source/InternalControl.o
 .group         0x00000000        0xc ./source/InternalControl.o
 .group         0x00000000        0xc ./source/InternalControl.o
 .group         0x00000000        0xc ./source/InternalControl.o
 .group         0x00000000        0xc ./source/InternalControl.o
 .group         0x00000000        0xc ./source/InternalControl.o
 .group         0x00000000        0xc ./source/InternalControl.o
 .group         0x00000000        0xc ./source/InternalControl.o
 .group         0x00000000        0xc ./source/InternalControl.o
 .group         0x00000000        0xc ./source/InternalControl.o
 .group         0x00000000        0xc ./source/InternalControl.o
 .group         0x00000000        0xc ./source/InternalControl.o
 .group         0x00000000        0xc ./source/InternalControl.o
 .group         0x00000000        0xc ./source/InternalControl.o
 .group         0x00000000        0xc ./source/InternalControl.o
 .text          0x00000000        0x0 ./source/InternalControl.o
 .data          0x00000000        0x0 ./source/InternalControl.o
 .bss           0x00000000        0x0 ./source/InternalControl.o
 .text.__NVIC_EnableIRQ
                0x00000000       0x3c ./source/InternalControl.o
 .bss.OK_sw     0x00000000        0x1 ./source/InternalControl.o
 .bss.CANCEL_sw
                0x00000000        0x1 ./source/InternalControl.o
 .bss.internal_sw_event
                0x00000000        0x4 ./source/InternalControl.o
 .bss.timerSw   0x00000000        0x1 ./source/InternalControl.o
 .bss.callback  0x00000000        0x4 ./source/InternalControl.o
 .text.internalControlInit
                0x00000000       0x94 ./source/InternalControl.o
 .text.isr_swOK
                0x00000000       0x18 ./source/InternalControl.o
 .text.isr_swCANCEL
                0x00000000       0x18 ./source/InternalControl.o
 .text.PortGetOK_Status
                0x00000000       0x18 ./source/InternalControl.o
 .text.PortClearOK_Status
                0x00000000       0x18 ./source/InternalControl.o
 .text.PortGetCANCEL_Status
                0x00000000       0x18 ./source/InternalControl.o
 .text.PortClearCANCEL_Status
                0x00000000       0x18 ./source/InternalControl.o
 .text.readSwitchInterface
                0x00000000       0x48 ./source/InternalControl.o
 .text.internalControlGetEvent
                0x00000000       0x38 ./source/InternalControl.o
 .text.RGBIndicator
                0x00000000       0x6e ./source/InternalControl.o
 .debug_info    0x00000000      0xe72 ./source/InternalControl.o
 .debug_abbrev  0x00000000      0x2b0 ./source/InternalControl.o
 .debug_aranges
                0x00000000       0x70 ./source/InternalControl.o
 .debug_ranges  0x00000000       0x60 ./source/InternalControl.o
 .debug_macro   0x00000000      0x1b7 ./source/InternalControl.o
 .debug_macro   0x00000000      0xa5a ./source/InternalControl.o
 .debug_macro   0x00000000      0x34e ./source/InternalControl.o
 .debug_macro   0x00000000       0x22 ./source/InternalControl.o
 .debug_macro   0x00000000       0x17 ./source/InternalControl.o
 .debug_macro   0x00000000       0x22 ./source/InternalControl.o
 .debug_macro   0x00000000       0x52 ./source/InternalControl.o
 .debug_macro   0x00000000       0x8d ./source/InternalControl.o
 .debug_macro   0x00000000       0x35 ./source/InternalControl.o
 .debug_macro   0x00000000       0x9c ./source/InternalControl.o
 .debug_macro   0x00000000       0x16 ./source/InternalControl.o
 .debug_macro   0x00000000      0x10e ./source/InternalControl.o
 .debug_macro   0x00000000       0x8d ./source/InternalControl.o
 .debug_macro   0x00000000       0x57 ./source/InternalControl.o
 .debug_macro   0x00000000       0x58 ./source/InternalControl.o
 .debug_macro   0x00000000       0x1f ./source/InternalControl.o
 .debug_macro   0x00000000       0x43 ./source/InternalControl.o
 .debug_macro   0x00000000       0x20 ./source/InternalControl.o
 .debug_macro   0x00000000      0x18e ./source/InternalControl.o
 .debug_macro   0x00000000      0x330 ./source/InternalControl.o
 .debug_macro   0x00000000       0x16 ./source/InternalControl.o
 .debug_macro   0x00000000       0x29 ./source/InternalControl.o
 .debug_macro   0x00000000       0x16 ./source/InternalControl.o
 .debug_macro   0x00000000       0x10 ./source/InternalControl.o
 .debug_macro   0x00000000       0x5c ./source/InternalControl.o
 .debug_macro   0x00000000       0x1c ./source/InternalControl.o
 .debug_macro   0x00000000       0x22 ./source/InternalControl.o
 .debug_macro   0x00000000       0xd9 ./source/InternalControl.o
 .debug_macro   0x00000000      0xecf ./source/InternalControl.o
 .debug_macro   0x00000000       0x48 ./source/InternalControl.o
 .debug_macro   0x00000000     0xe07b ./source/InternalControl.o
 .debug_macro   0x00000000     0x122b ./source/InternalControl.o
 .debug_macro   0x00000000       0x16 ./source/InternalControl.o
 .debug_macro   0x00000000       0x46 ./source/InternalControl.o
 .debug_macro   0x00000000       0x58 ./source/InternalControl.o
 .debug_macro   0x00000000       0x22 ./source/InternalControl.o
 .debug_line    0x00000000      0x444 ./source/InternalControl.o
 .debug_str     0x00000000    0x7adf1 ./source/InternalControl.o
 .comment       0x00000000       0x7f ./source/InternalControl.o
 .debug_frame   0x00000000      0x17c ./source/InternalControl.o
 .ARM.attributes
                0x00000000       0x39 ./source/InternalControl.o
 .group         0x00000000        0xc ./source/SPI.o
 .group         0x00000000        0xc ./source/SPI.o
 .group         0x00000000        0xc ./source/SPI.o
 .group         0x00000000        0xc ./source/SPI.o
 .group         0x00000000        0xc ./source/SPI.o
 .group         0x00000000        0xc ./source/SPI.o
 .group         0x00000000        0xc ./source/SPI.o
 .group         0x00000000        0xc ./source/SPI.o
 .group         0x00000000        0xc ./source/SPI.o
 .group         0x00000000        0xc ./source/SPI.o
 .group         0x00000000        0xc ./source/SPI.o
 .group         0x00000000        0xc ./source/SPI.o
 .group         0x00000000        0xc ./source/SPI.o
 .group         0x00000000        0xc ./source/SPI.o
 .group         0x00000000        0xc ./source/SPI.o
 .text          0x00000000        0x0 ./source/SPI.o
 .data          0x00000000        0x0 ./source/SPI.o
 .bss           0x00000000        0x0 ./source/SPI.o
 .text.disableTxFIFO
                0x00000000       0x34 ./source/SPI.o
 .text.enableTxFIFO
                0x00000000       0x34 ./source/SPI.o
 .text.disableRxFIFO
                0x00000000       0x34 ./source/SPI.o
 .text.enableRxFIFO
                0x00000000       0x34 ./source/SPI.o
 .text.clearTxFIFOCounter
                0x00000000       0x34 ./source/SPI.o
 .text.clearRxFIFOCounter
                0x00000000       0x34 ./source/SPI.o
 .text.setPCSActiveHigh
                0x00000000       0x34 ./source/SPI.o
 .debug_macro   0x00000000      0xa5a ./source/SPI.o
 .debug_macro   0x00000000      0x34e ./source/SPI.o
 .debug_macro   0x00000000       0x22 ./source/SPI.o
 .debug_macro   0x00000000       0x10 ./source/SPI.o
 .debug_macro   0x00000000       0x5c ./source/SPI.o
 .debug_macro   0x00000000       0x1c ./source/SPI.o
 .debug_macro   0x00000000       0x22 ./source/SPI.o
 .debug_macro   0x00000000      0xecf ./source/SPI.o
 .debug_macro   0x00000000       0x48 ./source/SPI.o
 .debug_macro   0x00000000     0xe07b ./source/SPI.o
 .debug_macro   0x00000000     0x122b ./source/SPI.o
 .debug_macro   0x00000000       0x16 ./source/SPI.o
 .debug_macro   0x00000000       0x46 ./source/SPI.o
 .debug_macro   0x00000000       0x58 ./source/SPI.o
 .group         0x00000000        0xc ./source/SysTick.o
 .group         0x00000000        0xc ./source/SysTick.o
 .group         0x00000000        0xc ./source/SysTick.o
 .group         0x00000000        0xc ./source/SysTick.o
 .group         0x00000000        0xc ./source/SysTick.o
 .group         0x00000000        0xc ./source/SysTick.o
 .group         0x00000000        0xc ./source/SysTick.o
 .group         0x00000000        0xc ./source/SysTick.o
 .group         0x00000000        0xc ./source/SysTick.o
 .group         0x00000000        0xc ./source/SysTick.o
 .group         0x00000000        0xc ./source/SysTick.o
 .group         0x00000000        0xc ./source/SysTick.o
 .group         0x00000000        0xc ./source/SysTick.o
 .text          0x00000000        0x0 ./source/SysTick.o
 .data          0x00000000        0x0 ./source/SysTick.o
 .bss           0x00000000        0x0 ./source/SysTick.o
 .text.__NVIC_EnableIRQ
                0x00000000       0x3c ./source/SysTick.o
 .data.SysTick_ptr
                0x00000000        0x4 ./source/SysTick.o
 .text.SysTick_Init
                0x00000000       0x4c ./source/SysTick.o
 .debug_macro   0x00000000      0xa5a ./source/SysTick.o
 .debug_macro   0x00000000       0x22 ./source/SysTick.o
 .debug_macro   0x00000000      0x34e ./source/SysTick.o
 .debug_macro   0x00000000       0x10 ./source/SysTick.o
 .debug_macro   0x00000000       0x5c ./source/SysTick.o
 .debug_macro   0x00000000       0x1c ./source/SysTick.o
 .debug_macro   0x00000000       0x22 ./source/SysTick.o
 .debug_macro   0x00000000       0xdf ./source/SysTick.o
 .debug_macro   0x00000000      0xecf ./source/SysTick.o
 .debug_macro   0x00000000       0x48 ./source/SysTick.o
 .debug_macro   0x00000000     0xe07b ./source/SysTick.o
 .debug_macro   0x00000000     0x122b ./source/SysTick.o
 .debug_macro   0x00000000       0x16 ./source/SysTick.o
 .group         0x00000000        0xc ./source/gpio.o
 .group         0x00000000        0xc ./source/gpio.o
 .group         0x00000000        0xc ./source/gpio.o
 .group         0x00000000        0xc ./source/gpio.o
 .group         0x00000000        0xc ./source/gpio.o
 .group         0x00000000        0xc ./source/gpio.o
 .group         0x00000000        0xc ./source/gpio.o
 .group         0x00000000        0xc ./source/gpio.o
 .group         0x00000000        0xc ./source/gpio.o
 .group         0x00000000        0xc ./source/gpio.o
 .group         0x00000000        0xc ./source/gpio.o
 .group         0x00000000        0xc ./source/gpio.o
 .group         0x00000000        0xc ./source/gpio.o
 .group         0x00000000        0xc ./source/gpio.o
 .text          0x00000000        0x0 ./source/gpio.o
 .data          0x00000000        0x0 ./source/gpio.o
 .bss           0x00000000        0x0 ./source/gpio.o
 .text.gpioWrite
                0x00000000       0x6c ./source/gpio.o
 .text.gpioToggle
                0x00000000       0x7c ./source/gpio.o
 .text.gpioRead
                0x00000000       0x5c ./source/gpio.o
 .debug_macro   0x00000000      0xa5a ./source/gpio.o
 .debug_macro   0x00000000      0x34e ./source/gpio.o
 .debug_macro   0x00000000       0x22 ./source/gpio.o
 .debug_macro   0x00000000       0x10 ./source/gpio.o
 .debug_macro   0x00000000       0x5c ./source/gpio.o
 .debug_macro   0x00000000       0x1c ./source/gpio.o
 .debug_macro   0x00000000       0x22 ./source/gpio.o
 .debug_macro   0x00000000       0xdf ./source/gpio.o
 .debug_macro   0x00000000      0xecf ./source/gpio.o
 .debug_macro   0x00000000       0x48 ./source/gpio.o
 .debug_macro   0x00000000     0xe07b ./source/gpio.o
 .debug_macro   0x00000000     0x122b ./source/gpio.o
 .debug_macro   0x00000000       0x16 ./source/gpio.o
 .debug_macro   0x00000000       0x46 ./source/gpio.o
 .group         0x00000000        0xc ./source/timer.o
 .group         0x00000000        0xc ./source/timer.o
 .group         0x00000000        0xc ./source/timer.o
 .group         0x00000000        0xc ./source/timer.o
 .group         0x00000000        0xc ./source/timer.o
 .group         0x00000000        0xc ./source/timer.o
 .group         0x00000000        0xc ./source/timer.o
 .group         0x00000000        0xc ./source/timer.o
 .group         0x00000000        0xc ./source/timer.o
 .group         0x00000000        0xc ./source/timer.o
 .group         0x00000000        0xc ./source/timer.o
 .group         0x00000000        0xc ./source/timer.o
 .group         0x00000000        0xc ./source/timer.o
 .group         0x00000000        0xc ./source/timer.o
 .group         0x00000000        0xc ./source/timer.o
 .group         0x00000000        0xc ./source/timer.o
 .group         0x00000000        0xc ./source/timer.o
 .group         0x00000000        0xc ./source/timer.o
 .group         0x00000000        0xc ./source/timer.o
 .group         0x00000000        0xc ./source/timer.o
 .group         0x00000000        0xc ./source/timer.o
 .group         0x00000000        0xc ./source/timer.o
 .group         0x00000000        0xc ./source/timer.o
 .group         0x00000000        0xc ./source/timer.o
 .group         0x00000000        0xc ./source/timer.o
 .group         0x00000000        0xc ./source/timer.o
 .group         0x00000000        0xc ./source/timer.o
 .group         0x00000000        0xc ./source/timer.o
 .group         0x00000000        0xc ./source/timer.o
 .group         0x00000000        0xc ./source/timer.o
 .group         0x00000000        0xc ./source/timer.o
 .group         0x00000000        0xc ./source/timer.o
 .group         0x00000000        0xc ./source/timer.o
 .group         0x00000000        0xc ./source/timer.o
 .group         0x00000000        0xc ./source/timer.o
 .text          0x00000000        0x0 ./source/timer.o
 .data          0x00000000        0x0 ./source/timer.o
 .bss           0x00000000        0x0 ./source/timer.o
 .bss.timers    0x00000000      0x100 ./source/timer.o
 .data.timers_cant
                0x00000000        0x1 ./source/timer.o
 .text.timerInit
                0x00000000       0x28 ./source/timer.o
 .text.timerGetId
                0x00000000       0x2c ./source/timer.o
 .text.timerStart
                0x00000000       0xa4 ./source/timer.o
 .text.timerStop
                0x00000000       0x30 ./source/timer.o
 .text.timerExpired
                0x00000000       0x44 ./source/timer.o
 .text.timerDelay
                0x00000000       0x30 ./source/timer.o
 .text.timer_isr
                0x00000000       0xdc ./source/timer.o
 .bss.yaInit.7476
                0x00000000        0x1 ./source/timer.o
 .debug_info    0x00000000      0xaee ./source/timer.o
 .debug_abbrev  0x00000000      0x2a7 ./source/timer.o
 .debug_aranges
                0x00000000       0x50 ./source/timer.o
 .debug_ranges  0x00000000       0x40 ./source/timer.o
 .debug_macro   0x00000000      0x1c3 ./source/timer.o
 .debug_macro   0x00000000      0xa5a ./source/timer.o
 .debug_macro   0x00000000      0x34e ./source/timer.o
 .debug_macro   0x00000000       0x22 ./source/timer.o
 .debug_macro   0x00000000       0x17 ./source/timer.o
 .debug_macro   0x00000000       0x22 ./source/timer.o
 .debug_macro   0x00000000       0x52 ./source/timer.o
 .debug_macro   0x00000000       0x8d ./source/timer.o
 .debug_macro   0x00000000       0x35 ./source/timer.o
 .debug_macro   0x00000000       0x9c ./source/timer.o
 .debug_macro   0x00000000       0x16 ./source/timer.o
 .debug_macro   0x00000000      0x10e ./source/timer.o
 .debug_macro   0x00000000       0x8d ./source/timer.o
 .debug_macro   0x00000000       0x57 ./source/timer.o
 .debug_macro   0x00000000       0x58 ./source/timer.o
 .debug_macro   0x00000000       0x1f ./source/timer.o
 .debug_macro   0x00000000       0x43 ./source/timer.o
 .debug_macro   0x00000000       0x20 ./source/timer.o
 .debug_macro   0x00000000      0x18e ./source/timer.o
 .debug_macro   0x00000000      0x330 ./source/timer.o
 .debug_macro   0x00000000       0x16 ./source/timer.o
 .debug_macro   0x00000000       0x29 ./source/timer.o
 .debug_macro   0x00000000       0x1c ./source/timer.o
 .debug_macro   0x00000000       0x10 ./source/timer.o
 .debug_macro   0x00000000       0x10 ./source/timer.o
 .debug_macro   0x00000000       0x5c ./source/timer.o
 .debug_macro   0x00000000       0x1c ./source/timer.o
 .debug_macro   0x00000000       0x22 ./source/timer.o
 .debug_macro   0x00000000       0xd9 ./source/timer.o
 .debug_macro   0x00000000      0xecf ./source/timer.o
 .debug_macro   0x00000000       0x48 ./source/timer.o
 .debug_macro   0x00000000     0xe07b ./source/timer.o
 .debug_macro   0x00000000     0x122b ./source/timer.o
 .debug_macro   0x00000000       0x16 ./source/timer.o
 .debug_macro   0x00000000       0x46 ./source/timer.o
 .debug_macro   0x00000000       0x58 ./source/timer.o
 .debug_line    0x00000000      0x3e3 ./source/timer.o
 .debug_str     0x00000000    0x7a7c5 ./source/timer.o
 .comment       0x00000000       0x7f ./source/timer.o
 .debug_frame   0x00000000      0x10c ./source/timer.o
 .ARM.attributes
                0x00000000       0x39 ./source/timer.o
 .group         0x00000000        0xc ./SDK/startup/hardware.o
 .group         0x00000000        0xc ./SDK/startup/hardware.o
 .group         0x00000000        0xc ./SDK/startup/hardware.o
 .group         0x00000000        0xc ./SDK/startup/hardware.o
 .group         0x00000000        0xc ./SDK/startup/hardware.o
 .group         0x00000000        0xc ./SDK/startup/hardware.o
 .group         0x00000000        0xc ./SDK/startup/hardware.o
 .group         0x00000000        0xc ./SDK/startup/hardware.o
 .group         0x00000000        0xc ./SDK/startup/hardware.o
 .group         0x00000000        0xc ./SDK/startup/hardware.o
 .group         0x00000000        0xc ./SDK/startup/hardware.o
 .group         0x00000000        0xc ./SDK/startup/hardware.o
 .group         0x00000000        0xc ./SDK/startup/hardware.o
 .text          0x00000000        0x0 ./SDK/startup/hardware.o
 .data          0x00000000        0x0 ./SDK/startup/hardware.o
 .bss           0x00000000        0x0 ./SDK/startup/hardware.o
 .debug_macro   0x00000000      0xa5a ./SDK/startup/hardware.o
 .debug_macro   0x00000000      0x34e ./SDK/startup/hardware.o
 .debug_macro   0x00000000       0x22 ./SDK/startup/hardware.o
 .debug_macro   0x00000000       0x10 ./SDK/startup/hardware.o
 .debug_macro   0x00000000       0x5c ./SDK/startup/hardware.o
 .debug_macro   0x00000000       0x1c ./SDK/startup/hardware.o
 .debug_macro   0x00000000       0x22 ./SDK/startup/hardware.o
 .debug_macro   0x00000000       0xdf ./SDK/startup/hardware.o
 .debug_macro   0x00000000      0xecf ./SDK/startup/hardware.o
 .debug_macro   0x00000000       0x48 ./SDK/startup/hardware.o
 .debug_macro   0x00000000     0xe07b ./SDK/startup/hardware.o
 .debug_macro   0x00000000     0x122b ./SDK/startup/hardware.o
 .debug_macro   0x00000000       0x16 ./SDK/startup/hardware.o
 .group         0x00000000        0xc ./SDK/startup/main.o
 .group         0x00000000        0xc ./SDK/startup/main.o
 .group         0x00000000        0xc ./SDK/startup/main.o
 .group         0x00000000        0xc ./SDK/startup/main.o
 .group         0x00000000        0xc ./SDK/startup/main.o
 .group         0x00000000        0xc ./SDK/startup/main.o
 .group         0x00000000        0xc ./SDK/startup/main.o
 .group         0x00000000        0xc ./SDK/startup/main.o
 .group         0x00000000        0xc ./SDK/startup/main.o
 .group         0x00000000        0xc ./SDK/startup/main.o
 .group         0x00000000        0xc ./SDK/startup/main.o
 .group         0x00000000        0xc ./SDK/startup/main.o
 .group         0x00000000        0xc ./SDK/startup/main.o
 .text          0x00000000        0x0 ./SDK/startup/main.o
 .data          0x00000000        0x0 ./SDK/startup/main.o
 .bss           0x00000000        0x0 ./SDK/startup/main.o
 .debug_macro   0x00000000      0xa5a ./SDK/startup/main.o
 .debug_macro   0x00000000      0x34e ./SDK/startup/main.o
 .debug_macro   0x00000000       0x22 ./SDK/startup/main.o
 .debug_macro   0x00000000       0x10 ./SDK/startup/main.o
 .debug_macro   0x00000000       0x5c ./SDK/startup/main.o
 .debug_macro   0x00000000       0x1c ./SDK/startup/main.o
 .debug_macro   0x00000000       0x22 ./SDK/startup/main.o
 .debug_macro   0x00000000       0xdf ./SDK/startup/main.o
 .debug_macro   0x00000000      0xecf ./SDK/startup/main.o
 .debug_macro   0x00000000       0x48 ./SDK/startup/main.o
 .debug_macro   0x00000000     0xe07b ./SDK/startup/main.o
 .debug_macro   0x00000000     0x122b ./SDK/startup/main.o
 .debug_macro   0x00000000       0x16 ./SDK/startup/main.o
 .group         0x00000000        0xc ./SDK/startup/semihost_hardfault.o
 .text          0x00000000        0x0 ./SDK/startup/semihost_hardfault.o
 .data          0x00000000        0x0 ./SDK/startup/semihost_hardfault.o
 .bss           0x00000000        0x0 ./SDK/startup/semihost_hardfault.o
 .debug_macro   0x00000000      0xa5a ./SDK/startup/semihost_hardfault.o
 .group         0x00000000        0xc ./SDK/startup/startup_mk64f12.o
 .text          0x00000000        0x0 ./SDK/startup/startup_mk64f12.o
 .data          0x00000000        0x0 ./SDK/startup/startup_mk64f12.o
 .bss           0x00000000        0x0 ./SDK/startup/startup_mk64f12.o
 .text.PORTA_IRQHandler
                0x00000000        0x8 ./SDK/startup/startup_mk64f12.o
 .text.PORTB_IRQHandler
                0x00000000        0x8 ./SDK/startup/startup_mk64f12.o
 .text.PORTC_IRQHandler
                0x00000000        0x8 ./SDK/startup/startup_mk64f12.o
 .text.PORTD_IRQHandler
                0x00000000        0x8 ./SDK/startup/startup_mk64f12.o
 .text.PORTE_IRQHandler
                0x00000000        0x8 ./SDK/startup/startup_mk64f12.o
 .debug_macro   0x00000000      0xa5a ./SDK/startup/startup_mk64f12.o
 .group         0x00000000        0xc ./SDK/CMSIS/system_MK64F12.o
 .group         0x00000000        0xc ./SDK/CMSIS/system_MK64F12.o
 .group         0x00000000        0xc ./SDK/CMSIS/system_MK64F12.o
 .group         0x00000000        0xc ./SDK/CMSIS/system_MK64F12.o
 .group         0x00000000        0xc ./SDK/CMSIS/system_MK64F12.o
 .group         0x00000000        0xc ./SDK/CMSIS/system_MK64F12.o
 .group         0x00000000        0xc ./SDK/CMSIS/system_MK64F12.o
 .group         0x00000000        0xc ./SDK/CMSIS/system_MK64F12.o
 .group         0x00000000        0xc ./SDK/CMSIS/system_MK64F12.o
 .group         0x00000000        0xc ./SDK/CMSIS/system_MK64F12.o
 .group         0x00000000        0xc ./SDK/CMSIS/system_MK64F12.o
 .text          0x00000000        0x0 ./SDK/CMSIS/system_MK64F12.o
 .data          0x00000000        0x0 ./SDK/CMSIS/system_MK64F12.o
 .bss           0x00000000        0x0 ./SDK/CMSIS/system_MK64F12.o
 .data.SystemCoreClock
                0x00000000        0x4 ./SDK/CMSIS/system_MK64F12.o
 .text.SystemCoreClockUpdate
                0x00000000      0x278 ./SDK/CMSIS/system_MK64F12.o
 .debug_macro   0x00000000      0xa5a ./SDK/CMSIS/system_MK64F12.o
 .debug_macro   0x00000000      0x34e ./SDK/CMSIS/system_MK64F12.o
 .debug_macro   0x00000000       0x10 ./SDK/CMSIS/system_MK64F12.o
 .debug_macro   0x00000000       0x5c ./SDK/CMSIS/system_MK64F12.o
 .debug_macro   0x00000000       0x1c ./SDK/CMSIS/system_MK64F12.o
 .debug_macro   0x00000000       0x22 ./SDK/CMSIS/system_MK64F12.o
 .debug_macro   0x00000000       0xdf ./SDK/CMSIS/system_MK64F12.o
 .debug_macro   0x00000000      0xecf ./SDK/CMSIS/system_MK64F12.o
 .debug_macro   0x00000000       0x48 ./SDK/CMSIS/system_MK64F12.o
 .debug_macro   0x00000000     0xe07b ./SDK/CMSIS/system_MK64F12.o
 .debug_macro   0x00000000     0x122b ./SDK/CMSIS/system_MK64F12.o

Memory Configuration

Name             Origin             Length             Attributes
PROGRAM_FLASH    0x00000000         0x00100000         xr
SRAM_UPPER       0x20000000         0x00030000         xrw
SRAM_LOWER       0x1fff0000         0x00010000         xrw
FLEX_RAM         0x14000000         0x00001000         xrw
*default*        0x00000000         0xffffffff

Linker script and memory map

LOAD ./source/App.o
LOAD ./source/InternalControl.o
LOAD ./source/SPI.o
LOAD ./source/SysTick.o
LOAD ./source/gpio.o
LOAD ./source/timer.o
LOAD ./SDK/startup/hardware.o
LOAD ./SDK/startup/main.o
LOAD ./SDK/startup/semihost_hardfault.o
LOAD ./SDK/startup/startup_mk64f12.o
LOAD ./SDK/CMSIS/system_MK64F12.o
START GROUP
LOAD c:/nxp/mcuxpressoide_10.2.0_759/ide/tools/bin/../lib/gcc/arm-none-eabi/7.2.1/../../../../arm-none-eabi/lib/thumb/v7e-m/fpv4-sp/hard\libcr_c.a
LOAD c:/nxp/mcuxpressoide_10.2.0_759/ide/tools/bin/../lib/gcc/arm-none-eabi/7.2.1/thumb/v7e-m/fpv4-sp/hard\libcr_eabihelpers.a
END GROUP
                0x00000000                __base_PROGRAM_FLASH = 0x0
                0x00000000                __base_Flash = 0x0
                0x00100000                __top_PROGRAM_FLASH = 0x100000
                0x00100000                __top_Flash = 0x100000
                0x20000000                __base_SRAM_UPPER = 0x20000000
                0x20000000                __base_RAM = 0x20000000
                0x20030000                __top_SRAM_UPPER = 0x20030000
                0x20030000                __top_RAM = 0x20030000
                0x1fff0000                __base_SRAM_LOWER = 0x1fff0000
                0x1fff0000                __base_RAM2 = 0x1fff0000
                0x20000000                __top_SRAM_LOWER = 0x20000000
                0x20000000                __top_RAM2 = 0x20000000
                0x14000000                __base_FLEX_RAM = 0x14000000
                0x14000000                __base_RAM3 = 0x14000000
                0x14001000                __top_FLEX_RAM = 0x14001000
                0x14001000                __top_RAM3 = 0x14001000

.text           0x00000000     0x1558
 FILL mask 0xff
                0x00000000                __vectors_start__ = ABSOLUTE (.)
 *(SORT_BY_ALIGNMENT(.isr_vector))
 .isr_vector    0x00000000      0x198 ./SDK/startup/startup_mk64f12.o
                0x00000000                g_pfnVectors
                0x00000000                __Vectors
                0x00000198                . = ALIGN (0x4)
                0x00000198                __section_table_start = .
                0x00000198                __data_section_table = .
                0x00000198        0x4 LONG 0x1558 LOADADDR (.data)
                0x0000019c        0x4 LONG 0x20000000 ADDR (.data)
                0x000001a0        0x4 LONG 0x78 SIZEOF (.data)
                0x000001a4        0x4 LONG 0x1558 LOADADDR (.data_RAM2)
                0x000001a8        0x4 LONG 0x1fff0000 ADDR (.data_RAM2)
                0x000001ac        0x4 LONG 0x0 SIZEOF (.data_RAM2)
                0x000001b0        0x4 LONG 0x1558 LOADADDR (.data_RAM3)
                0x000001b4        0x4 LONG 0x14000000 ADDR (.data_RAM3)
                0x000001b8        0x4 LONG 0x0 SIZEOF (.data_RAM3)
                0x000001bc                __data_section_table_end = .
                0x000001bc                __bss_section_table = .
                0x000001bc        0x4 LONG 0x20000078 ADDR (.bss)
                0x000001c0        0x4 LONG 0x290 SIZEOF (.bss)
                0x000001c4        0x4 LONG 0x1fff0000 ADDR (.bss_RAM2)
                0x000001c8        0x4 LONG 0x0 SIZEOF (.bss_RAM2)
                0x000001cc        0x4 LONG 0x14000000 ADDR (.bss_RAM3)
                0x000001d0        0x4 LONG 0x0 SIZEOF (.bss_RAM3)
                0x000001d4                __bss_section_table_end = .
                0x000001d4                __section_table_end = .
 *(SORT_BY_ALIGNMENT(.after_vectors*))
 .after_vectors.reset
                0x000001d4       0x4c ./SDK/startup/startup_mk64f12.o
                0x000001d4                ResetISR
 .after_vectors.init_data
                0x00000220       0x1e ./SDK/startup/startup_mk64f12.o
                0x00000220                data_init
 .after_vectors.init_bss
                0x0000023e       0x12 ./SDK/startup/startup_mk64f12.o
                0x0000023e                bss_init
 .after_vectors
                0x00000250       0x14 ./SDK/startup/startup_mk64f12.o
                0x00000250                NMI_Handler
                0x00000254                MemManage_Handler
                0x00000256                BusFault_Handler
                0x00000258                UsageFault_Handler
                0x0000025a                SVC_Handler
                0x0000025c                DebugMon_Handler
                0x0000025e                PendSV_Handler
                0x00000262                DMA_Error_DriverIRQHandler
                0x00000262                LPTMR0_DriverIRQHandler
                0x00000262                FTM1_DriverIRQHandler
                0x00000262                FTM2_DriverIRQHandler
                0x00000262                PIT2_DriverIRQHandler
                0x00000262                SDHC_DriverIRQHandler
                0x00000262                I2S0_Tx_DriverIRQHandler
                0x00000262                RTC_Seconds_DriverIRQHandler
                0x00000262                DMA6_DriverIRQHandler
                0x00000262                LLWU_DriverIRQHandler
                0x00000262                MCM_DriverIRQHandler
                0x00000262                MCG_DriverIRQHandler
                0x00000262                ENET_1588_Timer_DriverIRQHandler
                0x00000262                I2C2_DriverIRQHandler
                0x00000262                DAC1_DriverIRQHandler
                0x00000262                SPI1_DriverIRQHandler
                0x00000262                CMP1_DriverIRQHandler
                0x00000262                UART5_RX_TX_DriverIRQHandler
                0x00000262                FTM0_DriverIRQHandler
                0x00000262                IntDefaultHandler
                0x00000262                USB0_DriverIRQHandler
                0x00000262                UART5_ERR_DriverIRQHandler
                0x00000262                PORTC_DriverIRQHandler
                0x00000262                DMA11_DriverIRQHandler
                0x00000262                DAC0_DriverIRQHandler
                0x00000262                DMA10_DriverIRQHandler
                0x00000262                CMP2_DriverIRQHandler
                0x00000262                UART2_ERR_DriverIRQHandler
                0x00000262                SPI2_DriverIRQHandler
                0x00000262                LVD_LVW_DriverIRQHandler
                0x00000262                PIT0_DriverIRQHandler
                0x00000262                RNG_DriverIRQHandler
                0x00000262                DMA5_DriverIRQHandler
                0x00000262                DMA12_DriverIRQHandler
                0x00000262                UART2_RX_TX_DriverIRQHandler
                0x00000262                USBDCD_DriverIRQHandler
                0x00000262                UART3_ERR_DriverIRQHandler
                0x00000262                DMA3_DriverIRQHandler
                0x00000262                DMA8_DriverIRQHandler
                0x00000262                DMA9_DriverIRQHandler
                0x00000262                UART0_ERR_DriverIRQHandler
                0x00000262                CMT_DriverIRQHandler
                0x00000262                Reserved71_DriverIRQHandler
                0x00000262                ADC1_DriverIRQHandler
                0x00000262                PORTA_DriverIRQHandler
                0x00000262                DMA14_DriverIRQHandler
                0x00000262                PIT3_DriverIRQHandler
                0x00000262                PIT1_DriverIRQHandler
                0x00000262                WDOG_EWM_DriverIRQHandler
                0x00000262                PDB0_DriverIRQHandler
                0x00000262                RTC_DriverIRQHandler
                0x00000262                I2S0_Rx_DriverIRQHandler
                0x00000262                Read_Collision_DriverIRQHandler
                0x00000262                SWI_DriverIRQHandler
                0x00000262                UART4_RX_TX_DriverIRQHandler
                0x00000262                UART4_ERR_DriverIRQHandler
                0x00000262                PORTB_DriverIRQHandler
                0x00000262                UART0_LON_DriverIRQHandler
                0x00000262                DMA0_DriverIRQHandler
                0x00000262                DMA1_DriverIRQHandler
                0x00000262                I2C1_DriverIRQHandler
                0x00000262                UART3_RX_TX_DriverIRQHandler
                0x00000262                ENET_Receive_DriverIRQHandler
                0x00000262                DMA13_DriverIRQHandler
                0x00000262                ENET_Error_DriverIRQHandler
                0x00000262                DMA15_DriverIRQHandler
                0x00000262                UART0_RX_TX_DriverIRQHandler
                0x00000262                SPI0_DriverIRQHandler
                0x00000262                ADC0_DriverIRQHandler
                0x00000262                CMP0_DriverIRQHandler
                0x00000262                CAN0_DriverIRQHandler
                0x00000262                FTM3_DriverIRQHandler
                0x00000262                DMA4_DriverIRQHandler
                0x00000262                UART1_ERR_DriverIRQHandler
                0x00000262                DMA2_DriverIRQHandler
                0x00000262                ENET_Transmit_DriverIRQHandler
                0x00000262                PORTD_DriverIRQHandler
                0x00000262                PORTE_DriverIRQHandler
                0x00000262                FTFE_DriverIRQHandler
                0x00000262                I2C0_DriverIRQHandler
                0x00000262                DMA7_DriverIRQHandler
                0x00000262                UART1_RX_TX_DriverIRQHandler
                0x00000400                . = 0x400
 *fill*         0x00000264      0x19c ff
                0x00000400                PROVIDE (__FLASH_CONFIG_START__, .)
 *(SORT_BY_ALIGNMENT(.FlashConfig))
 .FlashConfig   0x00000400       0x10 ./SDK/startup/startup_mk64f12.o
                0x00000400                Flash_Config
                0x00000410                PROVIDE (__FLASH_CONFIG_END__, .)
                0x00000001                ASSERT (! ((__FLASH_CONFIG_START__ == __FLASH_CONFIG_END__)), Linker Flash Config Support Enabled, but no .FlashConfig section provided within application)
 *(SORT_BY_ALIGNMENT(.text*))
 .text.App_Init
                0x00000410       0x14 ./source/App.o
                0x00000410                App_Init
 .text.__NVIC_EnableIRQ
                0x00000424       0x3c ./source/SPI.o
 .text.masterInitiliaze
                0x00000460      0x16c ./source/SPI.o
                0x00000460                masterInitiliaze
 .text.SPI_Initialize
                0x000005cc       0x20 ./source/SPI.o
                0x000005cc                SPI_Initialize
 .text.SPIClockGatingEnable
                0x000005ec       0x84 ./source/SPI.o
                0x000005ec                SPIClockGatingEnable
 .text.configPin
                0x00000670      0x180 ./source/SPI.o
                0x00000670                configPin
 .text.testSPI  0x000007f0       0x4c ./source/SPI.o
                0x000007f0                testSPI
 .text.setSPIConfig
                0x0000083c       0x54 ./source/SPI.o
                0x0000083c                setSPIConfig
 .text.HALTStopTransfers
                0x00000890       0x34 ./source/SPI.o
                0x00000890                HALTStopTransfers
 .text.HALTStartTransfers
                0x000008c4       0x34 ./source/SPI.o
                0x000008c4                HALTStartTransfers
 .text.setPCSActiveLow
                0x000008f8       0x34 ./source/SPI.o
                0x000008f8                setPCSActiveLow
 .text.clearTxCompleteFlag
                0x0000092c       0x34 ./source/SPI.o
                0x0000092c                clearTxCompleteFlag
 .text.clearTxFifoFillRequestFlag
                0x00000960       0x34 ./source/SPI.o
                0x00000960                clearTxFifoFillRequestFlag
 .text.masterWriteReadByte
                0x00000994       0xac ./source/SPI.o
                0x00000994                masterWriteReadByte
 .text.SysTick_Handler
                0x00000a40       0x24 ./source/SysTick.o
                0x00000a40                SysTick_Handler
 .text.PORTD_IRQHandler
                0x00000a64       0x64 ./source/gpio.o
                0x00000a64                PORTD_IRQHandler
 .text.PORTA_IRQHandler
                0x00000ac8       0x5c ./source/gpio.o
                0x00000ac8                PORTA_IRQHandler
 .text.PORTB_IRQHandler
                0x00000b24       0x64 ./source/gpio.o
                0x00000b24                PORTB_IRQHandler
 .text.PORTE_IRQHandler
                0x00000b88       0x64 ./source/gpio.o
                0x00000b88                PORTE_IRQHandler
 .text.PORTC_IRQHandler
                0x00000bec       0x64 ./source/gpio.o
                0x00000bec                PORTC_IRQHandler
 .text.gpioMode
                0x00000c50      0x174 ./source/gpio.o
                0x00000c50                gpioMode
 .text.gpioIRQ  0x00000dc4       0x94 ./source/gpio.o
                0x00000dc4                gpioIRQ
 .text.PORT_ClearInterruptFlag
                0x00000e58       0x48 ./source/gpio.o
                0x00000e58                PORT_ClearInterruptFlag
 .text.hw_Init  0x00000ea0      0x10c ./SDK/startup/hardware.o
                0x00000ea0                hw_Init
 .text.hw_EnableInterrupts
                0x00000fac       0x30 ./SDK/startup/hardware.o
                0x00000fac                hw_EnableInterrupts
 .text.hw_DisableInterrupts
                0x00000fdc       0x20 ./SDK/startup/hardware.o
                0x00000fdc                hw_DisableInterrupts
 .text.SystemInit
                0x00000ffc       0x3c ./SDK/CMSIS/system_MK64F12.o
                0x00000ffc                SystemInit
 .text.spiFallingEdgeOnINTPinHandler
                0x00001038        0xe ./source/App.o
                0x00001038                spiFallingEdgeOnINTPinHandler
 .text.App_Run  0x00001046        0xe ./source/App.o
                0x00001046                App_Run
 .text.MSTRCFG  0x00001054       0xa2 ./source/SPI.o
                0x00001054                MSTRCFG
 .text.setPinConfigurations
                0x000010f6       0x82 ./source/SPI.o
                0x000010f6                setPinConfigurations
 .text.getNotLastCommand
                0x00001178       0x32 ./source/SPI.o
                0x00001178                getNotLastCommand
 .text.getLastCommand
                0x000011aa       0x32 ./source/SPI.o
                0x000011aa                getLastCommand
 .text.masterWriteReadBuffer
                0x000011dc       0x92 ./source/SPI.o
                0x000011dc                masterWriteReadBuffer
 .text.main     0x0000126e       0x1a ./SDK/startup/main.o
                0x0000126e                main
 .text.HardFault_Handler
                0x00001288       0x2c ./SDK/startup/semihost_hardfault.o
                0x00001288                HardFault_Handler
 .text.DMA0_IRQHandler
                0x000012b4        0x8 ./SDK/startup/startup_mk64f12.o
                0x000012b4                DMA0_IRQHandler
 .text.DMA1_IRQHandler
                0x000012bc        0x8 ./SDK/startup/startup_mk64f12.o
                0x000012bc                DMA1_IRQHandler
 .text.DMA2_IRQHandler
                0x000012c4        0x8 ./SDK/startup/startup_mk64f12.o
                0x000012c4                DMA2_IRQHandler
 .text.DMA3_IRQHandler
                0x000012cc        0x8 ./SDK/startup/startup_mk64f12.o
                0x000012cc                DMA3_IRQHandler
 .text.DMA4_IRQHandler
                0x000012d4        0x8 ./SDK/startup/startup_mk64f12.o
                0x000012d4                DMA4_IRQHandler
 .text.DMA5_IRQHandler
                0x000012dc        0x8 ./SDK/startup/startup_mk64f12.o
                0x000012dc                DMA5_IRQHandler
 .text.DMA6_IRQHandler
                0x000012e4        0x8 ./SDK/startup/startup_mk64f12.o
                0x000012e4                DMA6_IRQHandler
 .text.DMA7_IRQHandler
                0x000012ec        0x8 ./SDK/startup/startup_mk64f12.o
                0x000012ec                DMA7_IRQHandler
 .text.DMA8_IRQHandler
                0x000012f4        0x8 ./SDK/startup/startup_mk64f12.o
                0x000012f4                DMA8_IRQHandler
 .text.DMA9_IRQHandler
                0x000012fc        0x8 ./SDK/startup/startup_mk64f12.o
                0x000012fc                DMA9_IRQHandler
 .text.DMA10_IRQHandler
                0x00001304        0x8 ./SDK/startup/startup_mk64f12.o
                0x00001304                DMA10_IRQHandler
 .text.DMA11_IRQHandler
                0x0000130c        0x8 ./SDK/startup/startup_mk64f12.o
                0x0000130c                DMA11_IRQHandler
 .text.DMA12_IRQHandler
                0x00001314        0x8 ./SDK/startup/startup_mk64f12.o
                0x00001314                DMA12_IRQHandler
 .text.DMA13_IRQHandler
                0x0000131c        0x8 ./SDK/startup/startup_mk64f12.o
                0x0000131c                DMA13_IRQHandler
 .text.DMA14_IRQHandler
                0x00001324        0x8 ./SDK/startup/startup_mk64f12.o
                0x00001324                DMA14_IRQHandler
 .text.DMA15_IRQHandler
                0x0000132c        0x8 ./SDK/startup/startup_mk64f12.o
                0x0000132c                DMA15_IRQHandler
 .text.DMA_Error_IRQHandler
                0x00001334        0x8 ./SDK/startup/startup_mk64f12.o
                0x00001334                DMA_Error_IRQHandler
 .text.MCM_IRQHandler
                0x0000133c        0x8 ./SDK/startup/startup_mk64f12.o
                0x0000133c                MCM_IRQHandler
 .text.FTFE_IRQHandler
                0x00001344        0x8 ./SDK/startup/startup_mk64f12.o
                0x00001344                FTFE_IRQHandler
 .text.Read_Collision_IRQHandler
                0x0000134c        0x8 ./SDK/startup/startup_mk64f12.o
                0x0000134c                Read_Collision_IRQHandler
 .text.LVD_LVW_IRQHandler
                0x00001354        0x8 ./SDK/startup/startup_mk64f12.o
                0x00001354                LVD_LVW_IRQHandler
 .text.LLWU_IRQHandler
                0x0000135c        0x8 ./SDK/startup/startup_mk64f12.o
                0x0000135c                LLWU_IRQHandler
 .text.WDOG_EWM_IRQHandler
                0x00001364        0x8 ./SDK/startup/startup_mk64f12.o
                0x00001364                WDOG_EWM_IRQHandler
 .text.RNG_IRQHandler
                0x0000136c        0x8 ./SDK/startup/startup_mk64f12.o
                0x0000136c                RNG_IRQHandler
 .text.I2C0_IRQHandler
                0x00001374        0x8 ./SDK/startup/startup_mk64f12.o
                0x00001374                I2C0_IRQHandler
 .text.I2C1_IRQHandler
                0x0000137c        0x8 ./SDK/startup/startup_mk64f12.o
                0x0000137c                I2C1_IRQHandler
 .text.SPI0_IRQHandler
                0x00001384        0x8 ./SDK/startup/startup_mk64f12.o
                0x00001384                SPI0_IRQHandler
 .text.SPI1_IRQHandler
                0x0000138c        0x8 ./SDK/startup/startup_mk64f12.o
                0x0000138c                SPI1_IRQHandler
 .text.I2S0_Tx_IRQHandler
                0x00001394        0x8 ./SDK/startup/startup_mk64f12.o
                0x00001394                I2S0_Tx_IRQHandler
 .text.I2S0_Rx_IRQHandler
                0x0000139c        0x8 ./SDK/startup/startup_mk64f12.o
                0x0000139c                I2S0_Rx_IRQHandler
 .text.UART0_LON_IRQHandler
                0x000013a4        0x8 ./SDK/startup/startup_mk64f12.o
                0x000013a4                UART0_LON_IRQHandler
 .text.UART0_RX_TX_IRQHandler
                0x000013ac        0x8 ./SDK/startup/startup_mk64f12.o
                0x000013ac                UART0_RX_TX_IRQHandler
 .text.UART0_ERR_IRQHandler
                0x000013b4        0x8 ./SDK/startup/startup_mk64f12.o
                0x000013b4                UART0_ERR_IRQHandler
 .text.UART1_RX_TX_IRQHandler
                0x000013bc        0x8 ./SDK/startup/startup_mk64f12.o
                0x000013bc                UART1_RX_TX_IRQHandler
 .text.UART1_ERR_IRQHandler
                0x000013c4        0x8 ./SDK/startup/startup_mk64f12.o
                0x000013c4                UART1_ERR_IRQHandler
 .text.UART2_RX_TX_IRQHandler
                0x000013cc        0x8 ./SDK/startup/startup_mk64f12.o
                0x000013cc                UART2_RX_TX_IRQHandler
 .text.UART2_ERR_IRQHandler
                0x000013d4        0x8 ./SDK/startup/startup_mk64f12.o
                0x000013d4                UART2_ERR_IRQHandler
 .text.UART3_RX_TX_IRQHandler
                0x000013dc        0x8 ./SDK/startup/startup_mk64f12.o
                0x000013dc                UART3_RX_TX_IRQHandler
 .text.UART3_ERR_IRQHandler
                0x000013e4        0x8 ./SDK/startup/startup_mk64f12.o
                0x000013e4                UART3_ERR_IRQHandler
 .text.ADC0_IRQHandler
                0x000013ec        0x8 ./SDK/startup/startup_mk64f12.o
                0x000013ec                ADC0_IRQHandler
 .text.CMP0_IRQHandler
                0x000013f4        0x8 ./SDK/startup/startup_mk64f12.o
                0x000013f4                CMP0_IRQHandler
 .text.CMP1_IRQHandler
                0x000013fc        0x8 ./SDK/startup/startup_mk64f12.o
                0x000013fc                CMP1_IRQHandler
 .text.FTM0_IRQHandler
                0x00001404        0x8 ./SDK/startup/startup_mk64f12.o
                0x00001404                FTM0_IRQHandler
 .text.FTM1_IRQHandler
                0x0000140c        0x8 ./SDK/startup/startup_mk64f12.o
                0x0000140c                FTM1_IRQHandler
 .text.FTM2_IRQHandler
                0x00001414        0x8 ./SDK/startup/startup_mk64f12.o
                0x00001414                FTM2_IRQHandler
 .text.CMT_IRQHandler
                0x0000141c        0x8 ./SDK/startup/startup_mk64f12.o
                0x0000141c                CMT_IRQHandler
 .text.RTC_IRQHandler
                0x00001424        0x8 ./SDK/startup/startup_mk64f12.o
                0x00001424                RTC_IRQHandler
 .text.RTC_Seconds_IRQHandler
                0x0000142c        0x8 ./SDK/startup/startup_mk64f12.o
                0x0000142c                RTC_Seconds_IRQHandler
 .text.PIT0_IRQHandler
                0x00001434        0x8 ./SDK/startup/startup_mk64f12.o
                0x00001434                PIT0_IRQHandler
 .text.PIT1_IRQHandler
                0x0000143c        0x8 ./SDK/startup/startup_mk64f12.o
                0x0000143c                PIT1_IRQHandler
 .text.PIT2_IRQHandler
                0x00001444        0x8 ./SDK/startup/startup_mk64f12.o
                0x00001444                PIT2_IRQHandler
 .text.PIT3_IRQHandler
                0x0000144c        0x8 ./SDK/startup/startup_mk64f12.o
                0x0000144c                PIT3_IRQHandler
 .text.PDB0_IRQHandler
                0x00001454        0x8 ./SDK/startup/startup_mk64f12.o
                0x00001454                PDB0_IRQHandler
 .text.USB0_IRQHandler
                0x0000145c        0x8 ./SDK/startup/startup_mk64f12.o
                0x0000145c                USB0_IRQHandler
 .text.USBDCD_IRQHandler
                0x00001464        0x8 ./SDK/startup/startup_mk64f12.o
                0x00001464                USBDCD_IRQHandler
 .text.Reserved71_IRQHandler
                0x0000146c        0x8 ./SDK/startup/startup_mk64f12.o
                0x0000146c                Reserved71_IRQHandler
 .text.DAC0_IRQHandler
                0x00001474        0x8 ./SDK/startup/startup_mk64f12.o
                0x00001474                DAC0_IRQHandler
 .text.MCG_IRQHandler
                0x0000147c        0x8 ./SDK/startup/startup_mk64f12.o
                0x0000147c                MCG_IRQHandler
 .text.LPTMR0_IRQHandler
                0x00001484        0x8 ./SDK/startup/startup_mk64f12.o
                0x00001484                LPTMR0_IRQHandler
 .text.SWI_IRQHandler
                0x0000148c        0x8 ./SDK/startup/startup_mk64f12.o
                0x0000148c                SWI_IRQHandler
 .text.SPI2_IRQHandler
                0x00001494        0x8 ./SDK/startup/startup_mk64f12.o
                0x00001494                SPI2_IRQHandler
 .text.UART4_RX_TX_IRQHandler
                0x0000149c        0x8 ./SDK/startup/startup_mk64f12.o
                0x0000149c                UART4_RX_TX_IRQHandler
 .text.UART4_ERR_IRQHandler
                0x000014a4        0x8 ./SDK/startup/startup_mk64f12.o
                0x000014a4                UART4_ERR_IRQHandler
 .text.UART5_RX_TX_IRQHandler
                0x000014ac        0x8 ./SDK/startup/startup_mk64f12.o
                0x000014ac                UART5_RX_TX_IRQHandler
 .text.UART5_ERR_IRQHandler
                0x000014b4        0x8 ./SDK/startup/startup_mk64f12.o
                0x000014b4                UART5_ERR_IRQHandler
 .text.CMP2_IRQHandler
                0x000014bc        0x8 ./SDK/startup/startup_mk64f12.o
                0x000014bc                CMP2_IRQHandler
 .text.FTM3_IRQHandler
                0x000014c4        0x8 ./SDK/startup/startup_mk64f12.o
                0x000014c4                FTM3_IRQHandler
 .text.DAC1_IRQHandler
                0x000014cc        0x8 ./SDK/startup/startup_mk64f12.o
                0x000014cc                DAC1_IRQHandler
 .text.ADC1_IRQHandler
                0x000014d4        0x8 ./SDK/startup/startup_mk64f12.o
                0x000014d4                ADC1_IRQHandler
 .text.I2C2_IRQHandler
                0x000014dc        0x8 ./SDK/startup/startup_mk64f12.o
                0x000014dc                I2C2_IRQHandler
 .text.CAN0_ORed_Message_buffer_IRQHandler
                0x000014e4        0x8 ./SDK/startup/startup_mk64f12.o
                0x000014e4                CAN0_ORed_Message_buffer_IRQHandler
 .text.CAN0_Bus_Off_IRQHandler
                0x000014ec        0x8 ./SDK/startup/startup_mk64f12.o
                0x000014ec                CAN0_Bus_Off_IRQHandler
 .text.CAN0_Error_IRQHandler
                0x000014f4        0x8 ./SDK/startup/startup_mk64f12.o
                0x000014f4                CAN0_Error_IRQHandler
 .text.CAN0_Tx_Warning_IRQHandler
                0x000014fc        0x8 ./SDK/startup/startup_mk64f12.o
                0x000014fc                CAN0_Tx_Warning_IRQHandler
 .text.CAN0_Rx_Warning_IRQHandler
                0x00001504        0x8 ./SDK/startup/startup_mk64f12.o
                0x00001504                CAN0_Rx_Warning_IRQHandler
 .text.CAN0_Wake_Up_IRQHandler
                0x0000150c        0x8 ./SDK/startup/startup_mk64f12.o
                0x0000150c                CAN0_Wake_Up_IRQHandler
 .text.SDHC_IRQHandler
                0x00001514        0x8 ./SDK/startup/startup_mk64f12.o
                0x00001514                SDHC_IRQHandler
 .text.ENET_1588_Timer_IRQHandler
                0x0000151c        0x8 ./SDK/startup/startup_mk64f12.o
                0x0000151c                ENET_1588_Timer_IRQHandler
 .text.ENET_Transmit_IRQHandler
                0x00001524        0x8 ./SDK/startup/startup_mk64f12.o
                0x00001524                ENET_Transmit_IRQHandler
 .text.ENET_Receive_IRQHandler
                0x0000152c        0x8 ./SDK/startup/startup_mk64f12.o
                0x0000152c                ENET_Receive_IRQHandler
 .text.ENET_Error_IRQHandler
                0x00001534        0x8 ./SDK/startup/startup_mk64f12.o
                0x00001534                ENET_Error_IRQHandler
 .text.SystemInitHook
                0x0000153c        0xe ./SDK/CMSIS/system_MK64F12.o
                0x0000153c                SystemInitHook
 *(SORT_BY_ALIGNMENT(.rodata) SORT_BY_ALIGNMENT(.rodata.*) SORT_BY_ALIGNMENT(.constdata) SORT_BY_ALIGNMENT(.constdata.*))
 *fill*         0x0000154a        0x2 ff
 .rodata        0x0000154c        0x6 ./source/SPI.o
                0x00001558                . = ALIGN (0x8)
 *fill*         0x00001552        0x6 ff

.glue_7         0x00001558        0x0
 .glue_7        0x00001558        0x0 linker stubs

.glue_7t        0x00001558        0x0
 .glue_7t       0x00001558        0x0 linker stubs

.vfp11_veneer   0x00001558        0x0
 .vfp11_veneer  0x00001558        0x0 linker stubs

.v4_bx          0x00001558        0x0
 .v4_bx         0x00001558        0x0 linker stubs

.iplt           0x00001558        0x0
 .iplt          0x00001558        0x0 ./source/App.o

.rel.dyn        0x00001558        0x0
 .rel.iplt      0x00001558        0x0 ./source/App.o

.ARM.extab
 *(SORT_BY_ALIGNMENT(.ARM.extab*) SORT_BY_ALIGNMENT(.gnu.linkonce.armextab.*))
                0x00001558                __exidx_start = .

.ARM.exidx
 *(SORT_BY_ALIGNMENT(.ARM.exidx*) SORT_BY_ALIGNMENT(.gnu.linkonce.armexidx.*))
                0x00001558                __exidx_end = .
                0x00001558                _etext = .

.m_usb_data
 *(SORT_BY_ALIGNMENT(m_usb_bdt))

.data_RAM2      0x1fff0000        0x0 load address 0x00001558
 FILL mask 0xff
                [!provide]                PROVIDE (__start_data_RAM2, .)
 *(SORT_BY_ALIGNMENT(.ramfunc.$RAM2))
 *(SORT_BY_ALIGNMENT(.ramfunc.$SRAM_LOWER))
 *(SORT_BY_ALIGNMENT(.data.$RAM2*))
 *(SORT_BY_ALIGNMENT(.data.$SRAM_LOWER*))
                0x1fff0000                . = ALIGN (0x8)
                [!provide]                PROVIDE (__end_data_RAM2, .)

.data_RAM3      0x14000000        0x0 load address 0x00001558
 FILL mask 0xff
                [!provide]                PROVIDE (__start_data_RAM3, .)
 *(SORT_BY_ALIGNMENT(.ramfunc.$RAM3))
 *(SORT_BY_ALIGNMENT(.ramfunc.$FLEX_RAM))
 *(SORT_BY_ALIGNMENT(.data.$RAM3*))
 *(SORT_BY_ALIGNMENT(.data.$FLEX_RAM*))
                0x14000000                . = ALIGN (0x8)
                [!provide]                PROVIDE (__end_data_RAM3, .)

.uninit_RESERVED
                0x20000000        0x0
 *(SORT_BY_ALIGNMENT(.bss.$RESERVED*))
                0x20000000                . = ALIGN (0x4)
                0x20000000                _end_uninit_RESERVED = .

.data           0x20000000       0x78 load address 0x00001558
 FILL mask 0xff
                0x20000000                _data = .
 *(SORT_BY_ALIGNMENT(vtable))
 *(SORT_BY_ALIGNMENT(.ramfunc*))
 *(SORT_BY_ALIGNMENT(.data*))
 .data.portPtrs
                0x20000000       0x14 ./source/SPI.o
 .data.SPIPtrs  0x20000014        0xc ./source/SPI.o
 .data.sim_ptr  0x20000020        0x4 ./source/SPI.o
 .data.sim_port
                0x20000024       0x14 ./source/SPI.o
 .data.gpioPtrs
                0x20000038       0x14 ./source/gpio.o
 .data.portPtrs
                0x2000004c       0x14 ./source/gpio.o
 .data.simMasks
                0x20000060       0x14 ./source/gpio.o
 .data.sim_ptr  0x20000074        0x4 ./source/gpio.o
                0x20000078                . = ALIGN (0x8)
                0x20000078                _edata = .

.igot.plt       0x20000078        0x0 load address 0x000015d0
 .igot.plt      0x20000078        0x0 ./source/App.o

.bss_RAM2       0x1fff0000        0x0
                [!provide]                PROVIDE (__start_bss_RAM2, .)
 *(SORT_BY_ALIGNMENT(.bss.$RAM2*))
 *(SORT_BY_ALIGNMENT(.bss.$SRAM_LOWER*))
                0x1fff0000                . = ALIGN ((. != 0x0)?0x8:0x1)
                [!provide]                PROVIDE (__end_bss_RAM2, .)

.bss_RAM3       0x14000000        0x0
                [!provide]                PROVIDE (__start_bss_RAM3, .)
 *(SORT_BY_ALIGNMENT(.bss.$RAM3*))
 *(SORT_BY_ALIGNMENT(.bss.$FLEX_RAM*))
                0x14000000                . = ALIGN ((. != 0x0)?0x8:0x1)
                [!provide]                PROVIDE (__end_bss_RAM3, .)

.bss            0x20000078      0x290
                0x20000078                _bss = .
 *(SORT_BY_ALIGNMENT(.bss*))
 .bss.callbackTick
                0x20000078        0x4 ./source/SPI.o
 .bss.callbackTick
                0x2000007c        0x4 ./source/SysTick.o
 .bss.isr_Matrix
                0x20000080      0x280 ./source/gpio.o
 .bss.__LDM_interruptDisableCount
                0x20000300        0x4 ./SDK/startup/hardware.o
 *(SORT_BY_ALIGNMENT(COMMON))
                0x20000308                . = ALIGN (0x8)
 *fill*         0x20000304        0x4 
                0x20000308                _ebss = .
                [!provide]                PROVIDE (end, .)

.noinit_RAM2    0x1fff0000        0x0
 *(SORT_BY_ALIGNMENT(.noinit.$RAM2*))
 *(SORT_BY_ALIGNMENT(.noinit.$SRAM_LOWER*))
                0x1fff0000                . = ALIGN (0x8)

.noinit_RAM3    0x14000000        0x0
 *(SORT_BY_ALIGNMENT(.noinit.$RAM3*))
 *(SORT_BY_ALIGNMENT(.noinit.$FLEX_RAM*))
                0x14000000                . = ALIGN (0x8)

.noinit         0x20000308        0x0
                0x20000308                _noinit = .
 *(SORT_BY_ALIGNMENT(.noinit*))
                0x20000308                . = ALIGN (0x8)
                0x20000308                _end_noinit = .
                0x00001000                _HeapSize = 0x1000

.heap           0x20000308     0x1000
                0x20000308                _pvHeapStart = .
                0x20001308                . = (. + _HeapSize)
 *fill*         0x20000308     0x1000 
                0x20001308                . = ALIGN (0x8)
                0x20001308                _pvHeapLimit = .
                0x00001000                _StackSize = 0x1000

.heap2stackfill
                0x20001308     0x1000
                0x20002308                . = (. + _StackSize)
 *fill*         0x20001308     0x1000 

.stack          0x2002f000        0x0
                0x2002f000                _vStackBase = .
                0x2002f000                . = ALIGN (0x8)
                0x20030000                _vStackTop = (. + _StackSize)
                0x00000000                _image_start = LOADADDR (.text)
                0x000015d0                _image_end = (LOADADDR (.data) + SIZEOF (.data))
                0x000015d0                _image_size = (_image_end - _image_start)
OUTPUT(Blink.axf elf32-littlearm)

.debug_info     0x00000000     0x3bd9
 .debug_info    0x00000000      0x930 ./source/App.o
 .debug_info    0x00000930     0x106a ./source/SPI.o
 .debug_info    0x0000199a      0x526 ./source/SysTick.o
 .debug_info    0x00001ec0      0x706 ./source/gpio.o
 .debug_info    0x000025c6      0x675 ./SDK/startup/hardware.o
 .debug_info    0x00002c3b       0xb7 ./SDK/startup/main.o
 .debug_info    0x00002cf2       0x3b ./SDK/startup/semihost_hardfault.o
 .debug_info    0x00002d2d      0x8b0 ./SDK/startup/startup_mk64f12.o
 .debug_info    0x000035dd      0x5fc ./SDK/CMSIS/system_MK64F12.o

.debug_abbrev   0x00000000      0xbff
 .debug_abbrev  0x00000000      0x1e3 ./source/App.o
 .debug_abbrev  0x000001e3      0x256 ./source/SPI.o
 .debug_abbrev  0x00000439      0x1a0 ./source/SysTick.o
 .debug_abbrev  0x000005d9      0x1a7 ./source/gpio.o
 .debug_abbrev  0x00000780      0x138 ./SDK/startup/hardware.o
 .debug_abbrev  0x000008b8       0x7d ./SDK/startup/main.o
 .debug_abbrev  0x00000935       0x2f ./SDK/startup/semihost_hardfault.o
 .debug_abbrev  0x00000964      0x15c ./SDK/startup/startup_mk64f12.o
 .debug_abbrev  0x00000ac0      0x13f ./SDK/CMSIS/system_MK64F12.o

.debug_aranges  0x00000000      0x580
 .debug_aranges
                0x00000000       0x30 ./source/App.o
 .debug_aranges
                0x00000030       0xe0 ./source/SPI.o
 .debug_aranges
                0x00000110       0x30 ./source/SysTick.o
 .debug_aranges
                0x00000140       0x70 ./source/gpio.o
 .debug_aranges
                0x000001b0       0x30 ./SDK/startup/hardware.o
 .debug_aranges
                0x000001e0       0x20 ./SDK/startup/main.o
 .debug_aranges
                0x00000200       0x20 ./SDK/startup/semihost_hardfault.o
 .debug_aranges
                0x00000220      0x330 ./SDK/startup/startup_mk64f12.o
 .debug_aranges
                0x00000550       0x30 ./SDK/CMSIS/system_MK64F12.o

.debug_ranges   0x00000000      0x4f0
 .debug_ranges  0x00000000       0x20 ./source/App.o
 .debug_ranges  0x00000020       0xd0 ./source/SPI.o
 .debug_ranges  0x000000f0       0x20 ./source/SysTick.o
 .debug_ranges  0x00000110       0x60 ./source/gpio.o
 .debug_ranges  0x00000170       0x20 ./SDK/startup/hardware.o
 .debug_ranges  0x00000190       0x10 ./SDK/startup/main.o
 .debug_ranges  0x000001a0       0x10 ./SDK/startup/semihost_hardfault.o
 .debug_ranges  0x000001b0      0x320 ./SDK/startup/startup_mk64f12.o
 .debug_ranges  0x000004d0       0x20 ./SDK/CMSIS/system_MK64F12.o

.debug_macro    0x00000000    0x12277
 .debug_macro   0x00000000      0x1c7 ./source/App.o
 .debug_macro   0x000001c7      0xa5a ./source/App.o
 .debug_macro   0x00000c21      0x34e ./source/App.o
 .debug_macro   0x00000f6f       0x22 ./source/App.o
 .debug_macro   0x00000f91       0x17 ./source/App.o
 .debug_macro   0x00000fa8       0x22 ./source/App.o
 .debug_macro   0x00000fca       0x52 ./source/App.o
 .debug_macro   0x0000101c       0x8d ./source/App.o
 .debug_macro   0x000010a9       0x35 ./source/App.o
 .debug_macro   0x000010de       0x9c ./source/App.o
 .debug_macro   0x0000117a       0x16 ./source/App.o
 .debug_macro   0x00001190      0x10e ./source/App.o
 .debug_macro   0x0000129e       0x8d ./source/App.o
 .debug_macro   0x0000132b       0x57 ./source/App.o
 .debug_macro   0x00001382       0x58 ./source/App.o
 .debug_macro   0x000013da       0x1f ./source/App.o
 .debug_macro   0x000013f9       0x43 ./source/App.o
 .debug_macro   0x0000143c       0x20 ./source/App.o
 .debug_macro   0x0000145c      0x18e ./source/App.o
 .debug_macro   0x000015ea      0x330 ./source/App.o
 .debug_macro   0x0000191a       0x16 ./source/App.o
 .debug_macro   0x00001930       0x29 ./source/App.o
 .debug_macro   0x00001959       0x1c ./source/App.o
 .debug_macro   0x00001975       0x1c ./source/App.o
 .debug_macro   0x00001991       0x10 ./source/App.o
 .debug_macro   0x000019a1       0x5c ./source/App.o
 .debug_macro   0x000019fd       0x1c ./source/App.o
 .debug_macro   0x00001a19       0x22 ./source/App.o
 .debug_macro   0x00001a3b       0xd9 ./source/App.o
 .debug_macro   0x00001b14      0xecf ./source/App.o
 .debug_macro   0x000029e3       0x48 ./source/App.o
 .debug_macro   0x00002a2b     0xe07b ./source/App.o
 .debug_macro   0x00010aa6     0x122b ./source/App.o
 .debug_macro   0x00011cd1       0x16 ./source/App.o
 .debug_macro   0x00011ce7       0x46 ./source/App.o
 .debug_macro   0x00011d2d       0x58 ./source/App.o
 .debug_macro   0x00011d85       0xca ./source/SPI.o
 .debug_macro   0x00011e4f       0xdf ./source/SPI.o
 .debug_macro   0x00011f2e       0xac ./source/SysTick.o
 .debug_macro   0x00011fda       0xab ./source/gpio.o
 .debug_macro   0x00012085       0x9c ./SDK/startup/hardware.o
 .debug_macro   0x00012121       0x9c ./SDK/startup/main.o
 .debug_macro   0x000121bd       0x11 ./SDK/startup/semihost_hardfault.o
 .debug_macro   0x000121ce       0x29 ./SDK/startup/startup_mk64f12.o
 .debug_macro   0x000121f7       0x80 ./SDK/CMSIS/system_MK64F12.o

.debug_line     0x00000000     0x1836
 .debug_line    0x00000000      0x370 ./source/App.o
 .debug_line    0x00000370      0x436 ./source/SPI.o
 .debug_line    0x000007a6      0x1b6 ./source/SysTick.o
 .debug_line    0x0000095c      0x299 ./source/gpio.o
 .debug_line    0x00000bf5      0x1d4 ./SDK/startup/hardware.o
 .debug_line    0x00000dc9      0x175 ./SDK/startup/main.o
 .debug_line    0x00000f3e       0x59 ./SDK/startup/semihost_hardfault.o
 .debug_line    0x00000f97      0x6d8 ./SDK/startup/startup_mk64f12.o
 .debug_line    0x0000166f      0x1c7 ./SDK/CMSIS/system_MK64F12.o

.debug_str      0x00000000    0x7bc29
 .debug_str     0x00000000    0x7a49c ./source/App.o
                              0x7a6f8 (size before relaxing)
 .debug_str     0x0007a49c      0xbfa ./source/SPI.o
                              0x77e6d (size before relaxing)
 .debug_str     0x0007b096       0x86 ./source/SysTick.o
                              0x775b3 (size before relaxing)
 .debug_str     0x0007b11c      0x11c ./source/gpio.o
                              0x7729a (size before relaxing)
 .debug_str     0x0007b238      0x169 ./SDK/startup/hardware.o
                              0x771f1 (size before relaxing)
 .debug_str     0x0007b3a1       0x1b ./SDK/startup/main.o
                              0x76fc5 (size before relaxing)
 .debug_str     0x0007b3bc       0x36 ./SDK/startup/semihost_hardfault.o
                               0x2d2b (size before relaxing)
 .debug_str     0x0007b3f2      0x7d5 ./SDK/startup/startup_mk64f12.o
                               0x3599 (size before relaxing)
 .debug_str     0x0007bbc7       0x62 ./SDK/CMSIS/system_MK64F12.o
                              0x77100 (size before relaxing)

.comment        0x00000000       0x7e
 .comment       0x00000000       0x7e ./source/App.o
                                 0x7f (size before relaxing)
 .comment       0x0000007e       0x7f ./source/SPI.o
 .comment       0x0000007e       0x7f ./source/SysTick.o
 .comment       0x0000007e       0x7f ./source/gpio.o
 .comment       0x0000007e       0x7f ./SDK/startup/hardware.o
 .comment       0x0000007e       0x7f ./SDK/startup/main.o
 .comment       0x0000007e       0x7f ./SDK/startup/semihost_hardfault.o
 .comment       0x0000007e       0x7f ./SDK/startup/startup_mk64f12.o
 .comment       0x0000007e       0x7f ./SDK/CMSIS/system_MK64F12.o

.ARM.attributes
                0x00000000       0x39
 .ARM.attributes
                0x00000000       0x39 ./source/App.o
 .ARM.attributes
                0x00000039       0x39 ./source/SPI.o
 .ARM.attributes
                0x00000072       0x39 ./source/SysTick.o
 .ARM.attributes
                0x000000ab       0x39 ./source/gpio.o
 .ARM.attributes
                0x000000e4       0x39 ./SDK/startup/hardware.o
 .ARM.attributes
                0x0000011d       0x39 ./SDK/startup/main.o
 .ARM.attributes
                0x00000156       0x39 ./SDK/startup/semihost_hardfault.o
 .ARM.attributes
                0x0000018f       0x39 ./SDK/startup/startup_mk64f12.o
 .ARM.attributes
                0x000001c8       0x39 ./SDK/CMSIS/system_MK64F12.o

.debug_frame    0x00000000     0x10f8
 .debug_frame   0x00000000       0x68 ./source/App.o
 .debug_frame   0x00000068      0x3e4 ./source/SPI.o
 .debug_frame   0x0000044c       0x88 ./source/SysTick.o
 .debug_frame   0x000004d4      0x1f0 ./source/gpio.o
 .debug_frame   0x000006c4       0x70 ./SDK/startup/hardware.o
 .debug_frame   0x00000734       0x2c ./SDK/startup/main.o
 .debug_frame   0x00000760       0x20 ./SDK/startup/semihost_hardfault.o
 .debug_frame   0x00000780      0x904 ./SDK/startup/startup_mk64f12.o
 .debug_frame   0x00001084       0x74 ./SDK/CMSIS/system_MK64F12.o
