Archive member included to satisfy reference by file (symbol)

/Applications/MCUXpressoIDE_11.0.0_2516/ide/plugins/com.nxp.mcuxpresso.tools.macosx_11.0.0.201905131304/tools/bin/../lib/gcc/arm-none-eabi/8.2.1/../../../../arm-none-eabi/lib/thumb/v7e-m+fp/hard/libcr_c.a(sin.o)
                              ./source/Modulador.o (sin)
/Applications/MCUXpressoIDE_11.0.0_2516/ide/plugins/com.nxp.mcuxpresso.tools.macosx_11.0.0.201905131304/tools/bin/../lib/gcc/arm-none-eabi/8.2.1/../../../../arm-none-eabi/lib/thumb/v7e-m+fp/hard/libcr_c.a(_sincos.o)
                              /Applications/MCUXpressoIDE_11.0.0_2516/ide/plugins/com.nxp.mcuxpresso.tools.macosx_11.0.0.201905131304/tools/bin/../lib/gcc/arm-none-eabi/8.2.1/../../../../arm-none-eabi/lib/thumb/v7e-m+fp/hard/libcr_c.a(sin.o) (_sincos)
/Applications/MCUXpressoIDE_11.0.0_2516/ide/plugins/com.nxp.mcuxpresso.tools.macosx_11.0.0.201905131304/tools/bin/../lib/gcc/arm-none-eabi/8.2.1/../../../../arm-none-eabi/lib/thumb/v7e-m+fp/hard/libcr_c.a(errno.o)
                              /Applications/MCUXpressoIDE_11.0.0_2516/ide/plugins/com.nxp.mcuxpresso.tools.macosx_11.0.0.201905131304/tools/bin/../lib/gcc/arm-none-eabi/8.2.1/../../../../arm-none-eabi/lib/thumb/v7e-m+fp/hard/libcr_c.a(_sincos.o) (errno)
/Applications/MCUXpressoIDE_11.0.0_2516/ide/plugins/com.nxp.mcuxpresso.tools.macosx_11.0.0.201905131304/tools/bin/../lib/gcc/arm-none-eabi/8.2.1/../../../../arm-none-eabi/lib/thumb/v7e-m+fp/hard/libcr_c.a(fabs.o)
                              /Applications/MCUXpressoIDE_11.0.0_2516/ide/plugins/com.nxp.mcuxpresso.tools.macosx_11.0.0.201905131304/tools/bin/../lib/gcc/arm-none-eabi/8.2.1/../../../../arm-none-eabi/lib/thumb/v7e-m+fp/hard/libcr_c.a(_sincos.o) (fabs)
/Applications/MCUXpressoIDE_11.0.0_2516/ide/plugins/com.nxp.mcuxpresso.tools.macosx_11.0.0.201905131304/tools/bin/../lib/gcc/arm-none-eabi/8.2.1/thumb/v7e-m+fp/hard/libcr_eabihelpers.a(double.o)
                              ./source/Modulador.o (__aeabi_dmul)

Discarded input sections

 .group         0x0000000000000000        0xc ./source/ADC.o
 .group         0x0000000000000000        0xc ./source/ADC.o
 .group         0x0000000000000000        0xc ./source/ADC.o
 .group         0x0000000000000000        0xc ./source/ADC.o
 .group         0x0000000000000000        0xc ./source/ADC.o
 .group         0x0000000000000000        0xc ./source/ADC.o
 .group         0x0000000000000000        0xc ./source/ADC.o
 .group         0x0000000000000000        0xc ./source/ADC.o
 .group         0x0000000000000000        0xc ./source/ADC.o
 .group         0x0000000000000000        0xc ./source/ADC.o
 .group         0x0000000000000000        0xc ./source/ADC.o
 .group         0x0000000000000000        0xc ./source/ADC.o
 .group         0x0000000000000000        0xc ./source/ADC.o
 .group         0x0000000000000000        0xc ./source/ADC.o
 .text          0x0000000000000000        0x0 ./source/ADC.o
 .data          0x0000000000000000        0x0 ./source/ADC.o
 .bss           0x0000000000000000        0x0 ./source/ADC.o
 .text.ADC_disableModule
                0x0000000000000000       0x34 ./source/ADC.o
 .group         0x0000000000000000        0xc ./source/App.o
 .group         0x0000000000000000        0xc ./source/App.o
 .group         0x0000000000000000        0xc ./source/App.o
 .group         0x0000000000000000        0xc ./source/App.o
 .group         0x0000000000000000        0xc ./source/App.o
 .group         0x0000000000000000        0xc ./source/App.o
 .group         0x0000000000000000        0xc ./source/App.o
 .group         0x0000000000000000        0xc ./source/App.o
 .group         0x0000000000000000        0xc ./source/App.o
 .group         0x0000000000000000        0xc ./source/App.o
 .group         0x0000000000000000        0xc ./source/App.o
 .group         0x0000000000000000        0xc ./source/App.o
 .group         0x0000000000000000        0xc ./source/App.o
 .group         0x0000000000000000        0xc ./source/App.o
 .group         0x0000000000000000        0xc ./source/App.o
 .group         0x0000000000000000        0xc ./source/App.o
 .group         0x0000000000000000        0xc ./source/App.o
 .group         0x0000000000000000        0xc ./source/App.o
 .group         0x0000000000000000        0xc ./source/App.o
 .group         0x0000000000000000        0xc ./source/App.o
 .group         0x0000000000000000        0xc ./source/App.o
 .group         0x0000000000000000        0xc ./source/App.o
 .group         0x0000000000000000        0xc ./source/App.o
 .group         0x0000000000000000        0xc ./source/App.o
 .group         0x0000000000000000        0xc ./source/App.o
 .group         0x0000000000000000        0xc ./source/App.o
 .group         0x0000000000000000        0xc ./source/App.o
 .group         0x0000000000000000        0xc ./source/App.o
 .group         0x0000000000000000        0xc ./source/App.o
 .group         0x0000000000000000        0xc ./source/App.o
[...]
Memory Configuration

Name             Origin             Length             Attributes
PROGRAM_FLASH    0x0000000000000000 0x0000000000100000 xr
SRAM_UPPER       0x0000000020000000 0x0000000000030000 xrw
SRAM_LOWER       0x000000001fff0000 0x0000000000010000 xrw
FLEX_RAM         0x0000000014000000 0x0000000000001000 xrw
*default*        0x0000000000000000 0xffffffffffffffff

Linker script and memory map

LOAD ./source/ADC.o
LOAD ./source/App.o
LOAD ./source/DAC.o
LOAD ./source/Modulador.o
LOAD ./source/PIT.o
LOAD ./source/SysTick.o
LOAD ./source/demodulatorFSK.o
LOAD ./source/gpio.o
LOAD ./source/timer.o
LOAD ./SDK/startup/hardware.o
LOAD ./SDK/startup/main.o
LOAD ./SDK/startup/semihost_hardfault.o
LOAD ./SDK/startup/startup_mk64f12.o
LOAD ./SDK/CMSIS/system_MK64F12.o
START GROUP
LOAD /Applications/MCUXpressoIDE_11.0.0_2516/ide/plugins/com.nxp.mcuxpresso.tools.macosx_11.0.0.201905131304/tools/bin/../lib/gcc/arm-none-eabi/8.2.1/../../../../arm-none-eabi/lib/thumb/v7e-m+fp/hard/libcr_c.a
LOAD /Applications/MCUXpressoIDE_11.0.0_2516/ide/plugins/com.nxp.mcuxpresso.tools.macosx_11.0.0.201905131304/tools/bin/../lib/gcc/arm-none-eabi/8.2.1/thumb/v7e-m+fp/hard/libcr_eabihelpers.a
LOAD /Applications/MCUXpressoIDE_11.0.0_2516/ide/plugins/com.nxp.mcuxpresso.tools.macosx_11.0.0.201905131304/tools/bin/../lib/gcc/arm-none-eabi/8.2.1/thumb/v7e-m+fp/hard/libgcc.a
END GROUP
                0x0000000000000000                __base_PROGRAM_FLASH = 0x0
                0x0000000000000000                __base_Flash = 0x0
                0x0000000000100000                __top_PROGRAM_FLASH = 0x100000
                0x0000000000100000                __top_Flash = 0x100000
                0x0000000020000000                __base_SRAM_UPPER = 0x20000000
                0x0000000020000000                __base_RAM = 0x20000000
                0x0000000020030000                __top_SRAM_UPPER = 0x20030000
                0x0000000020030000                __top_RAM = 0x20030000
                0x000000001fff0000                __base_SRAM_LOWER = 0x1fff0000
                0x000000001fff0000                __base_RAM2 = 0x1fff0000
                0x0000000020000000                __top_SRAM_LOWER = 0x20000000
                0x0000000020000000                __top_RAM2 = 0x20000000
                0x0000000014000000                __base_FLEX_RAM = 0x14000000
                0x0000000014000000                __base_RAM3 = 0x14000000
                0x0000000014001000                __top_FLEX_RAM = 0x14001000
                0x0000000014001000                __top_RAM3 = 0x14001000

.text           0x0000000000000000     0x2468
 FILL mask 0xff
                0x0000000000000000                __vectors_start__ = ABSOLUTE (.)
 *(SORT_BY_ALIGNMENT(.isr_vector))
 .isr_vector    0x0000000000000000      0x198 ./SDK/startup/startup_mk64f12.o
                0x0000000000000000                __Vectors
                0x0000000000000000                g_pfnVectors
                0x0000000000000198                . = ALIGN (0x4)
                0x0000000000000198                __section_table_start = .
                0x0000000000000198                __data_section_table = .
                0x0000000000000198        0x4 LONG 0x2468 LOADADDR (.data)
                0x000000000000019c        0x4 LONG 0x20000000 ADDR (.data)
                0x00000000000001a0        0x4 LONG 0xb8 SIZEOF (.data)
                0x00000000000001a4        0x4 LONG 0x2468 LOADADDR (.data_RAM2)
                0x00000000000001a8        0x4 LONG 0x1fff0000 ADDR (.data_RAM2)
                0x00000000000001ac        0x4 LONG 0x0 SIZEOF (.data_RAM2)
                0x00000000000001b0        0x4 LONG 0x2468 LOADADDR (.data_RAM3)
                0x00000000000001b4        0x4 LONG 0x14000000 ADDR (.data_RAM3)
                0x00000000000001b8        0x4 LONG 0x0 SIZEOF (.data_RAM3)
                0x00000000000001bc                __data_section_table_end = .
                0x00000000000001bc                __bss_section_table = .
                0x00000000000001bc        0x4 LONG 0x200000b8 ADDR (.bss)
                0x00000000000001c0        0x4 LONG 0x488 SIZEOF (.bss)
                0x00000000000001c4        0x4 LONG 0x1fff0000 ADDR (.bss_RAM2)
                0x00000000000001c8        0x4 LONG 0x0 SIZEOF (.bss_RAM2)
                0x00000000000001cc        0x4 LONG 0x14000000 ADDR (.bss_RAM3)
                0x00000000000001d0        0x4 LONG 0x0 SIZEOF (.bss_RAM3)
                0x00000000000001d4                __bss_section_table_end = .
                0x00000000000001d4                __section_table_end = .
 *(SORT_BY_ALIGNMENT(.after_vectors*))
 .after_vectors.reset
                0x00000000000001d4       0x4c ./SDK/startup/startup_mk64f12.o
                0x00000000000001d4                ResetISR
 .after_vectors.init_data
                0x0000000000000220       0x1e ./SDK/startup/startup_mk64f12.o
                0x0000000000000220                data_init
 .after_vectors.init_bss
                0x000000000000023e       0x12 ./SDK/startup/startup_mk64f12.o
                0x000000000000023e                bss_init
 .after_vectors
                0x0000000000000250       0x14 ./SDK/startup/startup_mk64f12.o
                0x0000000000000250                NMI_Handler
                0x0000000000000254                MemManage_Handler
                0x0000000000000256                BusFault_Handler
                0x0000000000000258                UsageFault_Handler
                0x000000000000025a                SVC_Handler
                0x000000000000025c                DebugMon_Handler
                0x000000000000025e                PendSV_Handler
                0x0000000000000262                FTM1_DriverIRQHandler
                0x0000000000000262                FTM2_DriverIRQHandler
                0x0000000000000262                PIT2_DriverIRQHandler
                0x0000000000000262                SDHC_DriverIRQHandler
                0x0000000000000262                I2S0_Tx_DriverIRQHandler
                0x0000000000000262                RTC_Seconds_DriverIRQHandler
                0x0000000000000262                DMA6_DriverIRQHandler
                0x0000000000000262                LLWU_DriverIRQHandler
                0x0000000000000262                MCM_DriverIRQHandler
                0x0000000000000262                MCG_DriverIRQHandler
                0x0000000000000262                ENET_1588_Timer_DriverIRQHandler
                0x0000000000000262                I2C2_DriverIRQHandler
                0x0000000000000262                DAC1_DriverIRQHandler
                0x0000000000000262                CMP1_DriverIRQHandler
                0x0000000000000262                UART5_RX_TX_DriverIRQHandler
                0x0000000000000262                FTM0_DriverIRQHandler
                0x0000000000000262                IntDefaultHandler
                0x0000000000000262                USB0_DriverIRQHandler
                0x0000000000000262                UART5_ERR_DriverIRQHandler
                0x0000000000000262                PORTC_DriverIRQHandler
                0x0000000000000262                DMA11_DriverIRQHandler
                0x0000000000000262                DAC0_DriverIRQHandler
                0x0000000000000262                DMA10_DriverIRQHandler
                0x0000000000000262                CMP2_DriverIRQHandler
                0x0000000000000262                UART2_ERR_DriverIRQHandler
                0x0000000000000262                SPI2_DriverIRQHandler
                0x0000000000000262                LVD_LVW_DriverIRQHandler
                0x0000000000000262                PIT0_DriverIRQHandler
                0x0000000000000262                RNG_DriverIRQHandler
                0x0000000000000262                DMA5_DriverIRQHandler
                0x0000000000000262                DMA4_DriverIRQHandler
                0x0000000000000262                UART2_RX_TX_DriverIRQHandler
                0x0000000000000262                USBDCD_DriverIRQHandler
                0x0000000000000262                UART3_ERR_DriverIRQHandler
                0x0000000000000262                DMA3_DriverIRQHandler
                0x0000000000000262                DMA8_DriverIRQHandler
                0x0000000000000262                DMA9_DriverIRQHandler
                0x0000000000000262                UART0_ERR_DriverIRQHandler
                0x0000000000000262                CMT_DriverIRQHandler
                0x0000000000000262                Reserved71_DriverIRQHandler
                0x0000000000000262                ADC1_DriverIRQHandler
                0x0000000000000262                PORTA_DriverIRQHandler
                0x0000000000000262                DMA14_DriverIRQHandler
                0x0000000000000262                PIT3_DriverIRQHandler
                0x0000000000000262                PIT1_DriverIRQHandler
                0x0000000000000262                WDOG_EWM_DriverIRQHandler
                0x0000000000000262                PDB0_DriverIRQHandler
                0x0000000000000262                RTC_DriverIRQHandler
                0x0000000000000262                I2S0_Rx_DriverIRQHandler
                0x0000000000000262                Read_Collision_DriverIRQHandler
                0x0000000000000262                SWI_DriverIRQHandler
                0x0000000000000262                UART4_RX_TX_DriverIRQHandler
                0x0000000000000262                UART4_ERR_DriverIRQHandler
                0x0000000000000262                UART0_LON_DriverIRQHandler
                0x0000000000000262                DMA1_DriverIRQHandler
                0x0000000000000262                I2C1_DriverIRQHandler
                0x0000000000000262                UART3_RX_TX_DriverIRQHandler
                0x0000000000000262                ENET_Receive_DriverIRQHandler
                0x0000000000000262                DMA13_DriverIRQHandler
                0x0000000000000262                ENET_Error_DriverIRQHandler
                0x0000000000000262                DMA15_DriverIRQHandler
                0x0000000000000262                UART0_RX_TX_DriverIRQHandler
                0x0000000000000262                SPI0_DriverIRQHandler
                0x0000000000000262                ADC0_DriverIRQHandler
                0x0000000000000262                CMP0_DriverIRQHandler
                0x0000000000000262                CAN0_DriverIRQHandler
                0x0000000000000262                FTM3_DriverIRQHandler
                0x0000000000000262                UART1_ERR_DriverIRQHandler
                0x0000000000000262                DMA2_DriverIRQHandler
                0x0000000000000262                ENET_Transmit_DriverIRQHandler
                0x0000000000000262                PORTD_DriverIRQHandler
                0x0000000000000262                PORTE_DriverIRQHandler
                0x0000000000000262                FTFE_DriverIRQHandler
                0x0000000000000262                I2C0_DriverIRQHandler
                0x0000000000000262                DMA7_DriverIRQHandler
                0x0000000000000262                UART1_RX_TX_DriverIRQHandler
                0x0000000000000262                DMA0_DriverIRQHandler
                0x0000000000000262                PORTB_DriverIRQHandler
                0x0000000000000262                DMA12_DriverIRQHandler
                0x0000000000000262                SPI1_DriverIRQHandler
                0x0000000000000262                LPTMR0_DriverIRQHandler
                0x0000000000000262                DMA_Error_DriverIRQHandler
                0x0000000000000400                . = 0x400
 *fill*         0x0000000000000264      0x19c ff
                0x0000000000000400                PROVIDE (__FLASH_CONFIG_START__ = .)
 *(SORT_BY_ALIGNMENT(.FlashConfig))
 .FlashConfig   0x0000000000000400       0x10 ./SDK/startup/startup_mk64f12.o
                0x0000000000000400                Flash_Config
                0x0000000000000410                PROVIDE (__FLASH_CONFIG_END__ = .)
                0x0000000000000001                ASSERT (! ((__FLASH_CONFIG_START__ == __FLASH_CONFIG_END__)), Linker Flash Config Support Enabled, but no .FlashConfig section provided within application)
 *(SORT_BY_ALIGNMENT(.text*))
 .text.Modulador_init
                0x0000000000000410       0xdc ./source/Modulador.o
                0x0000000000000410                Modulador_init
 *fill*         0x00000000000004ec        0x4 ff
 .text._sincos  0x00000000000004f0      0x20c /Applications/MCUXpressoIDE_11.0.0_2516/ide/plugins/com.nxp.mcuxpresso.tools.macosx_11.0.0.201905131304/tools/bin/../lib/gcc/arm-none-eabi/8.2.1/../../../../arm-none-eabi/lib/thumb/v7e-m+fp/hard/libcr_c.a(_sincos.o)
                0x00000000000004f0                _sincos
 .text.__NVIC_EnableIRQ
                0x00000000000006fc       0x3c ./source/ADC.o
 .text.ADC_init
                0x0000000000000738      0x13c ./source/ADC.o
                0x0000000000000738                ADC_init
 .text.ADC0_IRQHandler
                0x0000000000000874       0x28 ./source/ADC.o
                0x0000000000000874                ADC0_IRQHandler
 .text.ADC_enableModule
                0x000000000000089c       0x3c ./source/ADC.o
                0x000000000000089c                ADC_enableModule
 .text.ADC_getDataResult
                0x00000000000008d8       0x18 ./source/ADC.o
                0x00000000000008d8                ADC_getDataResult
 .text.ADC_startConvertion
                0x00000000000008f0       0x40 ./source/ADC.o
                0x00000000000008f0                ADC_startConvertion
 .text.App_Init
                0x0000000000000930       0x4c ./source/App.o
                0x0000000000000930                App_Init
 .text.test     0x000000000000097c       0x18 ./source/App.o
                0x000000000000097c                test
 .text.callback
                0x0000000000000994       0x14 ./source/App.o
                0x0000000000000994                callback
 .text.DAC_init
                0x00000000000009a8       0x8c ./source/DAC.o
                0x00000000000009a8                DAC_init
 .text.DAC_setData
                0x0000000000000a34       0x38 ./source/DAC.o
                0x0000000000000a34                DAC_setData
 .text.Modulador_sendStream
                0x0000000000000a6c       0x5c ./source/Modulador.o
                0x0000000000000a6c                Modulador_sendStream
 .text.procesBitStream
                0x0000000000000ac8       0x3c ./source/Modulador.o
                0x0000000000000ac8                procesBitStream
 .text.sendBit  0x0000000000000b04       0x40 ./source/Modulador.o
                0x0000000000000b04                sendBit
 .text.sendSin1
                0x0000000000000b44       0x6c ./source/Modulador.o
                0x0000000000000b44                sendSin1
 .text.sendSin0
                0x0000000000000bb0       0xfc ./source/Modulador.o
                0x0000000000000bb0                sendSin0
 .text.__NVIC_EnableIRQ
                0x0000000000000cac       0x3c ./source/PIT.o
 .text.PIT_init
                0x0000000000000ce8       0x54 ./source/PIT.o
                0x0000000000000ce8                PIT_init
 .text.PIT_configTimer
                0x0000000000000d3c      0x140 ./source/PIT.o
                0x0000000000000d3c                PIT_configTimer
 .text.PIT0_IRQHandler
                0x0000000000000e7c       0x20 ./source/PIT.o
                0x0000000000000e7c                PIT0_IRQHandler
 .text.PIT1_IRQHandler
                0x0000000000000e9c       0x20 ./source/PIT.o
                0x0000000000000e9c                PIT1_IRQHandler
 .text.PIT2_IRQHandler
                0x0000000000000ebc       0x20 ./source/PIT.o
                0x0000000000000ebc                PIT2_IRQHandler
 .text.PIT_startTime
                0x0000000000000edc       0xac ./source/PIT.o
                0x0000000000000edc                PIT_startTime
 .text.__NVIC_EnableIRQ
                0x0000000000000f88       0x3c ./source/SysTick.o
 .text.SysTick_Init
                0x0000000000000fc4       0x4c ./source/SysTick.o
                0x0000000000000fc4                SysTick_Init
 .text.SysTick_Handler
                0x0000000000001010       0x24 ./source/SysTick.o
                0x0000000000001010                SysTick_Handler
 .text.FSKdem_init
                0x0000000000001034       0x44 ./source/demodulatorFSK.o
                0x0000000000001034                FSKdem_init
 .text.FSKdemodulate
                0x0000000000001078      0x1a8 ./source/demodulatorFSK.o
                0x0000000000001078                FSKdemodulate
 .text.updateData
                0x0000000000001220       0x4c ./source/demodulatorFSK.o
                0x0000000000001220                updateData
 .text.filterSignal
                0x000000000000126c       0x8c ./source/demodulatorFSK.o
                0x000000000000126c                filterSignal
 .text.PORTD_IRQHandler
                0x00000000000012f8       0x64 ./source/gpio.o
                0x00000000000012f8                PORTD_IRQHandler
 .text.PORTA_IRQHandler
                0x000000000000135c       0x5c ./source/gpio.o
                0x000000000000135c                PORTA_IRQHandler
 .text.PORTB_IRQHandler
                0x00000000000013b8       0x64 ./source/gpio.o
                0x00000000000013b8                PORTB_IRQHandler
 .text.PORTE_IRQHandler
                0x000000000000141c       0x64 ./source/gpio.o
                0x000000000000141c                PORTE_IRQHandler
 .text.PORTC_IRQHandler
                0x0000000000001480       0x64 ./source/gpio.o
                0x0000000000001480                PORTC_IRQHandler
 .text.gpioMode
                0x00000000000014e4      0x174 ./source/gpio.o
                0x00000000000014e4                gpioMode
 .text.PORT_ClearInterruptFlag
                0x0000000000001658       0x48 ./source/gpio.o
                0x0000000000001658                PORT_ClearInterruptFlag
 .text.timerInit
                0x00000000000016a0       0x28 ./source/timer.o
                0x00000000000016a0                timerInit
 .text.timerGetId
                0x00000000000016c8       0x2c ./source/timer.o
                0x00000000000016c8                timerGetId
 .text.timerStart
                0x00000000000016f4       0xa4 ./source/timer.o
                0x00000000000016f4                timerStart
 .text.timerStop
                0x0000000000001798       0x30 ./source/timer.o
                0x0000000000001798                timerStop
 .text.timerExpired
                0x00000000000017c8       0x44 ./source/timer.o
                0x00000000000017c8                timerExpired
 .text.timer_isr
                0x000000000000180c       0xdc ./source/timer.o
 .text.hw_Init  0x00000000000018e8      0x10c ./SDK/startup/hardware.o
                0x00000000000018e8                hw_Init
 .text.hw_EnableInterrupts
                0x00000000000019f4       0x30 ./SDK/startup/hardware.o
                0x00000000000019f4                hw_EnableInterrupts
 .text.hw_DisableInterrupts
                0x0000000000001a24       0x20 ./SDK/startup/hardware.o
                0x0000000000001a24                hw_DisableInterrupts
 .text.SystemInit
                0x0000000000001a44       0x3c ./SDK/CMSIS/system_MK64F12.o
                0x0000000000001a44                SystemInit
 .text.__aeabi_dmul
                0x0000000000001a80      0x114 /Applications/MCUXpressoIDE_11.0.0_2516/ide/plugins/com.nxp.mcuxpresso.tools.macosx_11.0.0.201905131304/tools/bin/../lib/gcc/arm-none-eabi/8.2.1/thumb/v7e-m+fp/hard/libcr_eabihelpers.a(double.o)
                0x0000000000001a80                __aeabi_dmul
 .text.__aeabi_ddiv
                0x0000000000001b94      0x150 /Applications/MCUXpressoIDE_11.0.0_2516/ide/plugins/com.nxp.mcuxpresso.tools.macosx_11.0.0.201905131304/tools/bin/../lib/gcc/arm-none-eabi/8.2.1/thumb/v7e-m+fp/hard/libcr_eabihelpers.a(double.o)
                0x0000000000001b94                __aeabi_ddiv
 .text.__aeabi_dsub
                0x0000000000001ce4      0x1ac /Applications/MCUXpressoIDE_11.0.0_2516/ide/plugins/com.nxp.mcuxpresso.tools.macosx_11.0.0.201905131304/tools/bin/../lib/gcc/arm-none-eabi/8.2.1/thumb/v7e-m+fp/hard/libcr_eabihelpers.a(double.o)
                0x0000000000001ce4                __aeabi_dsub
 .text.__aeabi_dadd
                0x0000000000001e90      0x114 /Applications/MCUXpressoIDE_11.0.0_2516/ide/plugins/com.nxp.mcuxpresso.tools.macosx_11.0.0.201905131304/tools/bin/../lib/gcc/arm-none-eabi/8.2.1/thumb/v7e-m+fp/hard/libcr_eabihelpers.a(double.o)
                0x0000000000001e90                __aeabi_dadd
 .text.App_Run  0x0000000000001fa4        0xe ./source/App.o
                0x0000000000001fa4                App_Run
 .text.demCallback
                0x0000000000001fb2       0x16 ./source/App.o
                0x0000000000001fb2                demCallback
 .text.main     0x0000000000001fc8       0x1a ./SDK/startup/main.o
                0x0000000000001fc8                main
 .text.HardFault_Handler
                0x0000000000001fe2       0x2c ./SDK/startup/semihost_hardfault.o
                0x0000000000001fe2                HardFault_Handler
 .text.DMA0_IRQHandler
                0x000000000000200e        0x8 ./SDK/startup/startup_mk64f12.o
                0x000000000000200e                DMA0_IRQHandler
 .text.DMA1_IRQHandler
                0x0000000000002016        0x8 ./SDK/startup/startup_mk64f12.o
                0x0000000000002016                DMA1_IRQHandler
 .text.DMA2_IRQHandler
                0x000000000000201e        0x8 ./SDK/startup/startup_mk64f12.o
                0x000000000000201e                DMA2_IRQHandler
 .text.DMA3_IRQHandler
                0x0000000000002026        0x8 ./SDK/startup/startup_mk64f12.o
                0x0000000000002026                DMA3_IRQHandler
 .text.DMA4_IRQHandler
                0x000000000000202e        0x8 ./SDK/startup/startup_mk64f12.o
                0x000000000000202e                DMA4_IRQHandler
 .text.DMA5_IRQHandler
                0x0000000000002036        0x8 ./SDK/startup/startup_mk64f12.o
                0x0000000000002036                DMA5_IRQHandler
 .text.DMA6_IRQHandler
                0x000000000000203e        0x8 ./SDK/startup/startup_mk64f12.o
                0x000000000000203e                DMA6_IRQHandler
 .text.DMA7_IRQHandler
                0x0000000000002046        0x8 ./SDK/startup/startup_mk64f12.o
                0x0000000000002046                DMA7_IRQHandler
 .text.DMA8_IRQHandler
                0x000000000000204e        0x8 ./SDK/startup/startup_mk64f12.o
                0x000000000000204e                DMA8_IRQHandler
 .text.DMA9_IRQHandler
                0x0000000000002056        0x8 ./SDK/startup/startup_mk64f12.o
                0x0000000000002056                DMA9_IRQHandler
 .text.DMA10_IRQHandler
                0x000000000000205e        0x8 ./SDK/startup/startup_mk64f12.o
                0x000000000000205e                DMA10_IRQHandler
 .text.DMA11_IRQHandler
                0x0000000000002066        0x8 ./SDK/startup/startup_mk64f12.o
                0x0000000000002066                DMA11_IRQHandler
 .text.DMA12_IRQHandler
                0x000000000000206e        0x8 ./SDK/startup/startup_mk64f12.o
                0x000000000000206e                DMA12_IRQHandler
 .text.DMA13_IRQHandler
                0x0000000000002076        0x8 ./SDK/startup/startup_mk64f12.o
                0x0000000000002076                DMA13_IRQHandler
 .text.DMA14_IRQHandler
                0x000000000000207e        0x8 ./SDK/startup/startup_mk64f12.o
                0x000000000000207e                DMA14_IRQHandler
 .text.DMA15_IRQHandler
                0x0000000000002086        0x8 ./SDK/startup/startup_mk64f12.o
                0x0000000000002086                DMA15_IRQHandler
 .text.DMA_Error_IRQHandler
                0x000000000000208e        0x8 ./SDK/startup/startup_mk64f12.o
                0x000000000000208e                DMA_Error_IRQHandler
 .text.MCM_IRQHandler
                0x0000000000002096        0x8 ./SDK/startup/startup_mk64f12.o
                0x0000000000002096                MCM_IRQHandler
 .text.FTFE_IRQHandler
                0x000000000000209e        0x8 ./SDK/startup/startup_mk64f12.o
                0x000000000000209e                FTFE_IRQHandler
 .text.Read_Collision_IRQHandler
                0x00000000000020a6        0x8 ./SDK/startup/startup_mk64f12.o
                0x00000000000020a6                Read_Collision_IRQHandler
 .text.LVD_LVW_IRQHandler
                0x00000000000020ae        0x8 ./SDK/startup/startup_mk64f12.o
                0x00000000000020ae                LVD_LVW_IRQHandler
 .text.LLWU_IRQHandler
                0x00000000000020b6        0x8 ./SDK/startup/startup_mk64f12.o
                0x00000000000020b6                LLWU_IRQHandler
 .text.WDOG_EWM_IRQHandler
                0x00000000000020be        0x8 ./SDK/startup/startup_mk64f12.o
                0x00000000000020be                WDOG_EWM_IRQHandler
 .text.RNG_IRQHandler
                0x00000000000020c6        0x8 ./SDK/startup/startup_mk64f12.o
                0x00000000000020c6                RNG_IRQHandler
 .text.I2C0_IRQHandler
                0x00000000000020ce        0x8 ./SDK/startup/startup_mk64f12.o
                0x00000000000020ce                I2C0_IRQHandler
 .text.I2C1_IRQHandler
                0x00000000000020d6        0x8 ./SDK/startup/startup_mk64f12.o
                0x00000000000020d6                I2C1_IRQHandler
 .text.SPI0_IRQHandler
                0x00000000000020de        0x8 ./SDK/startup/startup_mk64f12.o
                0x00000000000020de                SPI0_IRQHandler
 .text.SPI1_IRQHandler
                0x00000000000020e6        0x8 ./SDK/startup/startup_mk64f12.o
                0x00000000000020e6                SPI1_IRQHandler
 .text.I2S0_Tx_IRQHandler
                0x00000000000020ee        0x8 ./SDK/startup/startup_mk64f12.o
                0x00000000000020ee                I2S0_Tx_IRQHandler
 .text.I2S0_Rx_IRQHandler
                0x00000000000020f6        0x8 ./SDK/startup/startup_mk64f12.o
                0x00000000000020f6                I2S0_Rx_IRQHandler
 .text.UART0_LON_IRQHandler
                0x00000000000020fe        0x8 ./SDK/startup/startup_mk64f12.o
                0x00000000000020fe                UART0_LON_IRQHandler
 .text.UART0_RX_TX_IRQHandler
                0x0000000000002106        0x8 ./SDK/startup/startup_mk64f12.o
                0x0000000000002106                UART0_RX_TX_IRQHandler
 .text.UART0_ERR_IRQHandler
                0x000000000000210e        0x8 ./SDK/startup/startup_mk64f12.o
                0x000000000000210e                UART0_ERR_IRQHandler
 .text.UART1_RX_TX_IRQHandler
                0x0000000000002116        0x8 ./SDK/startup/startup_mk64f12.o
                0x0000000000002116                UART1_RX_TX_IRQHandler
 .text.UART1_ERR_IRQHandler
                0x000000000000211e        0x8 ./SDK/startup/startup_mk64f12.o
                0x000000000000211e                UART1_ERR_IRQHandler
 .text.UART2_RX_TX_IRQHandler
                0x0000000000002126        0x8 ./SDK/startup/startup_mk64f12.o
                0x0000000000002126                UART2_RX_TX_IRQHandler
 .text.UART2_ERR_IRQHandler
                0x000000000000212e        0x8 ./SDK/startup/startup_mk64f12.o
                0x000000000000212e                UART2_ERR_IRQHandler
 .text.UART3_RX_TX_IRQHandler
                0x0000000000002136        0x8 ./SDK/startup/startup_mk64f12.o
                0x0000000000002136                UART3_RX_TX_IRQHandler
 .text.UART3_ERR_IRQHandler
                0x000000000000213e        0x8 ./SDK/startup/startup_mk64f12.o
                0x000000000000213e                UART3_ERR_IRQHandler
 .text.CMP0_IRQHandler
                0x0000000000002146        0x8 ./SDK/startup/startup_mk64f12.o
                0x0000000000002146                CMP0_IRQHandler
 .text.CMP1_IRQHandler
                0x000000000000214e        0x8 ./SDK/startup/startup_mk64f12.o
                0x000000000000214e                CMP1_IRQHandler
 .text.FTM0_IRQHandler
                0x0000000000002156        0x8 ./SDK/startup/startup_mk64f12.o
                0x0000000000002156                FTM0_IRQHandler
 .text.FTM1_IRQHandler
                0x000000000000215e        0x8 ./SDK/startup/startup_mk64f12.o
                0x000000000000215e                FTM1_IRQHandler
 .text.FTM2_IRQHandler
                0x0000000000002166        0x8 ./SDK/startup/startup_mk64f12.o
                0x0000000000002166                FTM2_IRQHandler
 .text.CMT_IRQHandler
                0x000000000000216e        0x8 ./SDK/startup/startup_mk64f12.o
                0x000000000000216e                CMT_IRQHandler
 .text.RTC_IRQHandler
                0x0000000000002176        0x8 ./SDK/startup/startup_mk64f12.o
                0x0000000000002176                RTC_IRQHandler
 .text.RTC_Seconds_IRQHandler
                0x000000000000217e        0x8 ./SDK/startup/startup_mk64f12.o
                0x000000000000217e                RTC_Seconds_IRQHandler
 .text.PIT3_IRQHandler
                0x0000000000002186        0x8 ./SDK/startup/startup_mk64f12.o
                0x0000000000002186                PIT3_IRQHandler
 .text.PDB0_IRQHandler
                0x000000000000218e        0x8 ./SDK/startup/startup_mk64f12.o
                0x000000000000218e                PDB0_IRQHandler
 .text.USB0_IRQHandler
                0x0000000000002196        0x8 ./SDK/startup/startup_mk64f12.o
                0x0000000000002196                USB0_IRQHandler
 .text.USBDCD_IRQHandler
                0x000000000000219e        0x8 ./SDK/startup/startup_mk64f12.o
                0x000000000000219e                USBDCD_IRQHandler
 .text.Reserved71_IRQHandler
                0x00000000000021a6        0x8 ./SDK/startup/startup_mk64f12.o
                0x00000000000021a6                Reserved71_IRQHandler
 .text.DAC0_IRQHandler
                0x00000000000021ae        0x8 ./SDK/startup/startup_mk64f12.o
                0x00000000000021ae                DAC0_IRQHandler
 .text.MCG_IRQHandler
                0x00000000000021b6        0x8 ./SDK/startup/startup_mk64f12.o
                0x00000000000021b6                MCG_IRQHandler
 .text.LPTMR0_IRQHandler
                0x00000000000021be        0x8 ./SDK/startup/startup_mk64f12.o
                0x00000000000021be                LPTMR0_IRQHandler
 .text.SWI_IRQHandler
                0x00000000000021c6        0x8 ./SDK/startup/startup_mk64f12.o
                0x00000000000021c6                SWI_IRQHandler
 .text.SPI2_IRQHandler
                0x00000000000021ce        0x8 ./SDK/startup/startup_mk64f12.o
                0x00000000000021ce                SPI2_IRQHandler
 .text.UART4_RX_TX_IRQHandler
                0x00000000000021d6        0x8 ./SDK/startup/startup_mk64f12.o
                0x00000000000021d6                UART4_RX_TX_IRQHandler
 .text.UART4_ERR_IRQHandler
                0x00000000000021de        0x8 ./SDK/startup/startup_mk64f12.o
                0x00000000000021de                UART4_ERR_IRQHandler
 .text.UART5_RX_TX_IRQHandler
                0x00000000000021e6        0x8 ./SDK/startup/startup_mk64f12.o
                0x00000000000021e6                UART5_RX_TX_IRQHandler
 .text.UART5_ERR_IRQHandler
                0x00000000000021ee        0x8 ./SDK/startup/startup_mk64f12.o
                0x00000000000021ee                UART5_ERR_IRQHandler
 .text.CMP2_IRQHandler
                0x00000000000021f6        0x8 ./SDK/startup/startup_mk64f12.o
                0x00000000000021f6                CMP2_IRQHandler
 .text.FTM3_IRQHandler
                0x00000000000021fe        0x8 ./SDK/startup/startup_mk64f12.o
                0x00000000000021fe                FTM3_IRQHandler
 .text.DAC1_IRQHandler
                0x0000000000002206        0x8 ./SDK/startup/startup_mk64f12.o
                0x0000000000002206                DAC1_IRQHandler
 .text.ADC1_IRQHandler
                0x000000000000220e        0x8 ./SDK/startup/startup_mk64f12.o
                0x000000000000220e                ADC1_IRQHandler
 .text.I2C2_IRQHandler
                0x0000000000002216        0x8 ./SDK/startup/startup_mk64f12.o
                0x0000000000002216                I2C2_IRQHandler
 .text.CAN0_ORed_Message_buffer_IRQHandler
                0x000000000000221e        0x8 ./SDK/startup/startup_mk64f12.o
                0x000000000000221e                CAN0_ORed_Message_buffer_IRQHandler
 .text.CAN0_Bus_Off_IRQHandler
                0x0000000000002226        0x8 ./SDK/startup/startup_mk64f12.o
                0x0000000000002226                CAN0_Bus_Off_IRQHandler
 .text.CAN0_Error_IRQHandler
                0x000000000000222e        0x8 ./SDK/startup/startup_mk64f12.o
                0x000000000000222e                CAN0_Error_IRQHandler
 .text.CAN0_Tx_Warning_IRQHandler
                0x0000000000002236        0x8 ./SDK/startup/startup_mk64f12.o
                0x0000000000002236                CAN0_Tx_Warning_IRQHandler
 .text.CAN0_Rx_Warning_IRQHandler
                0x000000000000223e        0x8 ./SDK/startup/startup_mk64f12.o
                0x000000000000223e                CAN0_Rx_Warning_IRQHandler
 .text.CAN0_Wake_Up_IRQHandler
                0x0000000000002246        0x8 ./SDK/startup/startup_mk64f12.o
                0x0000000000002246                CAN0_Wake_Up_IRQHandler
 .text.SDHC_IRQHandler
                0x000000000000224e        0x8 ./SDK/startup/startup_mk64f12.o
                0x000000000000224e                SDHC_IRQHandler
 .text.ENET_1588_Timer_IRQHandler
                0x0000000000002256        0x8 ./SDK/startup/startup_mk64f12.o
                0x0000000000002256                ENET_1588_Timer_IRQHandler
 .text.ENET_Transmit_IRQHandler
                0x000000000000225e        0x8 ./SDK/startup/startup_mk64f12.o
                0x000000000000225e                ENET_Transmit_IRQHandler
 .text.ENET_Receive_IRQHandler
                0x0000000000002266        0x8 ./SDK/startup/startup_mk64f12.o
                0x0000000000002266                ENET_Receive_IRQHandler
 .text.ENET_Error_IRQHandler
                0x000000000000226e        0x8 ./SDK/startup/startup_mk64f12.o
                0x000000000000226e                ENET_Error_IRQHandler
 .text.SystemInitHook
                0x0000000000002276        0xe ./SDK/CMSIS/system_MK64F12.o
                0x0000000000002276                SystemInitHook
 .text.sin      0x0000000000002284       0x40 /Applications/MCUXpressoIDE_11.0.0_2516/ide/plugins/com.nxp.mcuxpresso.tools.macosx_11.0.0.201905131304/tools/bin/../lib/gcc/arm-none-eabi/8.2.1/../../../../arm-none-eabi/lib/thumb/v7e-m+fp/hard/libcr_c.a(sin.o)
                0x0000000000002284                sin
 .text.fabs     0x00000000000022c4       0x22 /Applications/MCUXpressoIDE_11.0.0_2516/ide/plugins/com.nxp.mcuxpresso.tools.macosx_11.0.0.201905131304/tools/bin/../lib/gcc/arm-none-eabi/8.2.1/../../../../arm-none-eabi/lib/thumb/v7e-m+fp/hard/libcr_c.a(fabs.o)
                0x00000000000022c4                fabs
 .text.__aeabi_d2iz
                0x00000000000022e6       0x40 /Applications/MCUXpressoIDE_11.0.0_2516/ide/plugins/com.nxp.mcuxpresso.tools.macosx_11.0.0.201905131304/tools/bin/../lib/gcc/arm-none-eabi/8.2.1/thumb/v7e-m+fp/hard/libcr_eabihelpers.a(double.o)
                0x00000000000022e6                __aeabi_d2iz
 .text.__aeabi_d2uiz
                0x0000000000002326       0x32 /Applications/MCUXpressoIDE_11.0.0_2516/ide/plugins/com.nxp.mcuxpresso.tools.macosx_11.0.0.201905131304/tools/bin/../lib/gcc/arm-none-eabi/8.2.1/thumb/v7e-m+fp/hard/libcr_eabihelpers.a(double.o)
                0x0000000000002326                __aeabi_d2uiz
 .text.__bhs_ui2d
                0x0000000000002358       0x46 /Applications/MCUXpressoIDE_11.0.0_2516/ide/plugins/com.nxp.mcuxpresso.tools.macosx_11.0.0.201905131304/tools/bin/../lib/gcc/arm-none-eabi/8.2.1/thumb/v7e-m+fp/hard/libcr_eabihelpers.a(double.o)
                0x0000000000002358                __bhs_ui2d
 .text.__aeabi_i2d
                0x000000000000239e       0x12 /Applications/MCUXpressoIDE_11.0.0_2516/ide/plugins/com.nxp.mcuxpresso.tools.macosx_11.0.0.201905131304/tools/bin/../lib/gcc/arm-none-eabi/8.2.1/thumb/v7e-m+fp/hard/libcr_eabihelpers.a(double.o)
                0x000000000000239e                __aeabi_i2d
 .text.__aeabi_dcmplt
                0x00000000000023b0       0x56 /Applications/MCUXpressoIDE_11.0.0_2516/ide/plugins/com.nxp.mcuxpresso.tools.macosx_11.0.0.201905131304/tools/bin/../lib/gcc/arm-none-eabi/8.2.1/thumb/v7e-m+fp/hard/libcr_eabihelpers.a(double.o)
                0x00000000000023b0                __aeabi_dcmplt
 .text.__aeabi_dcmpge
                0x0000000000002406       0x5c /Applications/MCUXpressoIDE_11.0.0_2516/ide/plugins/com.nxp.mcuxpresso.tools.macosx_11.0.0.201905131304/tools/bin/../lib/gcc/arm-none-eabi/8.2.1/thumb/v7e-m+fp/hard/libcr_eabihelpers.a(double.o)
                0x0000000000002406                __aeabi_dcmpge
 *(SORT_BY_ALIGNMENT(.rodata) SORT_BY_ALIGNMENT(.rodata.*) SORT_BY_ALIGNMENT(.constdata) SORT_BY_ALIGNMENT(.constdata.*))
                0x0000000000002468                . = ALIGN (0x8)
 *fill*         0x0000000000002462        0x6 ff

.glue_7         0x0000000000002468        0x0
 .glue_7        0x0000000000002468        0x0 linker stubs

.glue_7t        0x0000000000002468        0x0
 .glue_7t       0x0000000000002468        0x0 linker stubs

.vfp11_veneer   0x0000000000002468        0x0
 .vfp11_veneer  0x0000000000002468        0x0 linker stubs

.v4_bx          0x0000000000002468        0x0
 .v4_bx         0x0000000000002468        0x0 linker stubs

.iplt           0x0000000000002468        0x0
 .iplt          0x0000000000002468        0x0 ./source/ADC.o

.rel.dyn        0x0000000000002468        0x0
 .rel.iplt      0x0000000000002468        0x0 ./source/ADC.o

.ARM.extab
 *(SORT_BY_ALIGNMENT(.ARM.extab*) SORT_BY_ALIGNMENT(.gnu.linkonce.armextab.*))
                0x0000000000002468                __exidx_start = .

.ARM.exidx
 *(SORT_BY_ALIGNMENT(.ARM.exidx*) SORT_BY_ALIGNMENT(.gnu.linkonce.armexidx.*))
                0x0000000000002468                __exidx_end = .
                0x0000000000002468                _etext = .

.m_usb_data
 *(SORT_BY_ALIGNMENT(m_usb_bdt))

.data_RAM2      0x000000001fff0000        0x0 load address 0x0000000000002468
 FILL mask 0xff
                [!provide]                        PROVIDE (__start_data_RAM2 = .)
 *(SORT_BY_ALIGNMENT(.ramfunc.$RAM2))
 *(SORT_BY_ALIGNMENT(.ramfunc.$SRAM_LOWER))
 *(SORT_BY_ALIGNMENT(.data.$RAM2))
 *(SORT_BY_ALIGNMENT(.data.$SRAM_LOWER))
 *(SORT_BY_ALIGNMENT(.data.$RAM2.*))
 *(SORT_BY_ALIGNMENT(.data.$SRAM_LOWER.*))
                0x000000001fff0000                . = ALIGN (0x8)
                [!provide]                        PROVIDE (__end_data_RAM2 = .)

.data_RAM3      0x0000000014000000        0x0 load address 0x0000000000002468
 FILL mask 0xff
                [!provide]                        PROVIDE (__start_data_RAM3 = .)
 *(SORT_BY_ALIGNMENT(.ramfunc.$RAM3))
 *(SORT_BY_ALIGNMENT(.ramfunc.$FLEX_RAM))
 *(SORT_BY_ALIGNMENT(.data.$RAM3))
 *(SORT_BY_ALIGNMENT(.data.$FLEX_RAM))
 *(SORT_BY_ALIGNMENT(.data.$RAM3.*))
 *(SORT_BY_ALIGNMENT(.data.$FLEX_RAM.*))
                0x0000000014000000                . = ALIGN (0x8)
                [!provide]                        PROVIDE (__end_data_RAM3 = .)

.uninit_RESERVED
                0x0000000020000000        0x0
                0x0000000020000000                . = ALIGN (0x8)
 *(SORT_BY_ALIGNMENT(.bss.$RESERVED*))
                0x0000000020000000                . = ALIGN (0x8)
                0x0000000020000000                _end_uninit_RESERVED = .

.data           0x0000000020000000       0xb8 load address 0x0000000000002468
 FILL mask 0xff
                0x0000000020000000                _data = .
 *(SORT_BY_ALIGNMENT(vtable))
 *(SORT_BY_ALIGNMENT(.ramfunc*))
 *(SORT_BY_ALIGNMENT(.data*))
 .data.ADC0_ptr
                0x0000000020000000        0x4 ./source/ADC.o
 .data.sim_ptr  0x0000000020000004        0x4 ./source/ADC.o
 .data.testStream
                0x0000000020000008        0xb ./source/App.o
                0x0000000020000008                testStream
 *fill*         0x0000000020000013        0x1 ff
 .data.DAC0_ptr
                0x0000000020000014        0x4 ./source/DAC.o
 .data.sim_ptr  0x0000000020000018        0x4 ./source/DAC.o
 .data.PIT_ptr  0x000000002000001c        0x4 ./source/PIT.o
 .data.sim_ptr  0x0000000020000020        0x4 ./source/PIT.o
 .data.SysTick_ptr
                0x0000000020000024        0x4 ./source/SysTick.o
 .data.firCoef  0x0000000020000028       0x4c ./source/demodulatorFSK.o
 .data.gpioPtrs
                0x0000000020000074       0x14 ./source/gpio.o
 .data.portPtrs
                0x0000000020000088       0x14 ./source/gpio.o
 .data.simMasks
                0x000000002000009c       0x14 ./source/gpio.o
 .data.sim_ptr  0x00000000200000b0        0x4 ./source/gpio.o
 .data.value    0x00000000200000b4        0x1 ./source/demodulatorFSK.o
                0x00000000200000b4                value
 .data.firstZero
                0x00000000200000b5        0x1 ./source/demodulatorFSK.o
                0x00000000200000b5                firstZero
 .data.timers_cant
                0x00000000200000b6        0x1 ./source/timer.o
                0x00000000200000b8                . = ALIGN (0x8)
 *fill*         0x00000000200000b7        0x1 ff
                0x00000000200000b8                _edata = .

.igot.plt       0x00000000200000b8        0x0 load address 0x0000000000002520
 .igot.plt      0x00000000200000b8        0x0 ./source/ADC.o

.bss_RAM2       0x000000001fff0000        0x0
                0x000000001fff0000                . = ALIGN (0x8)
                [!provide]                        PROVIDE (__start_bss_RAM2 = .)
 *(SORT_BY_ALIGNMENT(.bss.$RAM2))
 *(SORT_BY_ALIGNMENT(.bss.$SRAM_LOWER))
 *(SORT_BY_ALIGNMENT(.bss.$RAM2.*))
 *(SORT_BY_ALIGNMENT(.bss.$SRAM_LOWER.*))
                0x000000001fff0000                . = ALIGN ((. != 0x0)?0x8:0x1)
                [!provide]                        PROVIDE (__end_bss_RAM2 = .)

.bss_RAM3       0x0000000014000000        0x0
                0x0000000014000000                . = ALIGN (0x8)
                [!provide]                        PROVIDE (__start_bss_RAM3 = .)
 *(SORT_BY_ALIGNMENT(.bss.$RAM3))
 *(SORT_BY_ALIGNMENT(.bss.$FLEX_RAM))
 *(SORT_BY_ALIGNMENT(.bss.$RAM3.*))
 *(SORT_BY_ALIGNMENT(.bss.$FLEX_RAM.*))
                0x0000000014000000                . = ALIGN ((. != 0x0)?0x8:0x1)
                [!provide]                        PROVIDE (__end_bss_RAM3 = .)

.bss            0x00000000200000b8      0x488
                0x00000000200000b8                . = ALIGN (0x8)
                0x00000000200000b8                _bss = .
 *(SORT_BY_ALIGNMENT(.bss*))
 .bss.adc_channel
                0x00000000200000b8        0x4 ./source/ADC.o
 .bss.ADCcallback
                0x00000000200000bc        0x4 ./source/ADC.o
                0x00000000200000bc                ADCcallback
 .bss.sinValues
                0x00000000200000c0       0x46 ./source/Modulador.o
 *fill*         0x0000000020000106        0x2 
 .bss.bitStream
                0x0000000020000108        0xb ./source/Modulador.o
 *fill*         0x0000000020000113        0x1 
 .bss.aux       0x0000000020000114        0x4 ./source/Modulador.o
 .bss.MsgSendedCallback
                0x0000000020000118        0x4 ./source/Modulador.o
                0x0000000020000118                MsgSendedCallback
 .bss.callback0
                0x000000002000011c        0x4 ./source/PIT.o
                0x000000002000011c                callback0
 .bss.callback1
                0x0000000020000120        0x4 ./source/PIT.o
                0x0000000020000120                callback1
 .bss.callback2
                0x0000000020000124        0x4 ./source/PIT.o
                0x0000000020000124                callback2
 .bss.callbackTick
                0x0000000020000128        0x4 ./source/SysTick.o
 .bss.rawData   0x000000002000012c        0xc ./source/demodulatorFSK.o
                0x000000002000012c                rawData
 .bss.prefilter
                0x0000000020000138       0x4c ./source/demodulatorFSK.o
                0x0000000020000138                prefilter
 .bss.output    0x0000000020000184        0xa ./source/demodulatorFSK.o
                0x0000000020000184                output
 *fill*         0x000000002000018e        0x2 
 .bss.msg       0x0000000020000190        0xb ./source/demodulatorFSK.o
                0x0000000020000190                msg
 *fill*         0x000000002000019b        0x1 
 .bss.DemCallback
                0x000000002000019c        0x4 ./source/demodulatorFSK.o
                0x000000002000019c                DemCallback
 .bss.outputCount
                0x00000000200001a0        0x4 ./source/demodulatorFSK.o
                0x00000000200001a0                outputCount
 .bss.sampleCount
                0x00000000200001a4        0x4 ./source/demodulatorFSK.o
                0x00000000200001a4                sampleCount
 .bss.isr_Matrix
                0x00000000200001a8      0x280 ./source/gpio.o
 .bss.timers    0x0000000020000428      0x100 ./source/timer.o
 .bss.__LDM_interruptDisableCount
                0x0000000020000528        0x4 ./SDK/startup/hardware.o
 .bss.errno     0x000000002000052c        0x4 /Applications/MCUXpressoIDE_11.0.0_2516/ide/plugins/com.nxp.mcuxpresso.tools.macosx_11.0.0.201905131304/tools/bin/../lib/gcc/arm-none-eabi/8.2.1/../../../../arm-none-eabi/lib/thumb/v7e-m+fp/hard/libcr_c.a(errno.o)
                0x000000002000052c                errno
 .bss.ADCdata   0x0000000020000530        0x2 ./source/ADC.o
 .bss.cont      0x0000000020000532        0x2 ./source/Modulador.o
 .bss.cycle     0x0000000020000534        0x2 ./source/Modulador.o
 .bss.a         0x0000000020000536        0x1 ./source/App.o
                0x0000000020000536                a
 .bss.timer     0x0000000020000537        0x1 ./source/App.o
                0x0000000020000537                timer
 .bss.sinIndex  0x0000000020000538        0x1 ./source/Modulador.o
 .bss.msg_ptr   0x0000000020000539        0x1 ./source/Modulador.o
 .bss.status    0x000000002000053a        0x1 ./source/Modulador.o
 .bss.status    0x000000002000053b        0x1 ./source/demodulatorFSK.o
 .bss.yaInit.7551
                0x000000002000053c        0x1 ./source/timer.o
 *(SORT_BY_ALIGNMENT(COMMON))
                0x0000000020000540                . = ALIGN (0x8)
 *fill*         0x000000002000053d        0x3 
                0x0000000020000540                _ebss = .
                [!provide]                        PROVIDE (end = .)

.noinit_RAM2    0x000000001fff0000        0x0
                0x000000001fff0000                . = ALIGN (0x8)
 *(SORT_BY_ALIGNMENT(.noinit.$RAM2))
 *(SORT_BY_ALIGNMENT(.noinit.$SRAM_LOWER))
 *(SORT_BY_ALIGNMENT(.noinit.$RAM2.*))
 *(SORT_BY_ALIGNMENT(.noinit.$SRAM_LOWER.*))
                0x000000001fff0000                . = ALIGN (0x8)

.noinit_RAM3    0x0000000014000000        0x0
                0x0000000014000000                . = ALIGN (0x8)
 *(SORT_BY_ALIGNMENT(.noinit.$RAM3))
 *(SORT_BY_ALIGNMENT(.noinit.$FLEX_RAM))
 *(SORT_BY_ALIGNMENT(.noinit.$RAM3.*))
 *(SORT_BY_ALIGNMENT(.noinit.$FLEX_RAM.*))
                0x0000000014000000                . = ALIGN (0x8)

.noinit         0x0000000020000540        0x0
                0x0000000020000540                . = ALIGN (0x8)
                0x0000000020000540                _noinit = .
 *(SORT_BY_ALIGNMENT(.noinit*))
                0x0000000020000540                . = ALIGN (0x8)
                0x0000000020000540                _end_noinit = .
                0x0000000000001000                _HeapSize = 0x1000

.heap           0x0000000020000540     0x1000
                0x0000000020000540                _pvHeapStart = .
                0x0000000020001540                . = (. + _HeapSize)
 *fill*         0x0000000020000540     0x1000 
                0x0000000020001540                . = ALIGN (0x8)
                0x0000000020001540                _pvHeapLimit = .
                0x0000000000001000                _StackSize = 0x1000

.heap2stackfill
                0x0000000020001540     0x1000
                0x0000000020002540                . = (. + _StackSize)
 *fill*         0x0000000020001540     0x1000 

.stack          0x000000002002f000        0x0
                0x000000002002f000                _vStackBase = .
                0x000000002002f000                . = ALIGN (0x8)
                0x0000000020030000                _vStackTop = (. + _StackSize)
                0x0000000000000000                _image_start = LOADADDR (.text)
                0x0000000000002520                _image_end = (LOADADDR (.data) + SIZEOF (.data))
                0x0000000000002520                _image_size = (_image_end - _image_start)
OUTPUT(Blink.axf elf32-littlearm)

.debug_info     0x0000000000000000     0x6640
 .debug_info    0x0000000000000000      0x920 ./source/ADC.o
 .debug_info    0x0000000000000920      0xa97 ./source/App.o
 .debug_info    0x00000000000013b7      0x39f ./source/DAC.o
 .debug_info    0x0000000000001756      0xb43 ./source/Modulador.o
 .debug_info    0x0000000000002299      0x83c ./source/PIT.o
 .debug_info    0x0000000000002ad5      0x549 ./source/SysTick.o
 .debug_info    0x000000000000301e      0xbca ./source/demodulatorFSK.o
 .debug_info    0x0000000000003be8      0x76a ./source/gpio.o
 .debug_info    0x0000000000004352      0xb93 ./source/timer.o
 .debug_info    0x0000000000004ee5      0x6dc ./SDK/startup/hardware.o
 .debug_info    0x00000000000055c1       0xbc ./SDK/startup/main.o
 .debug_info    0x000000000000567d       0x3c ./SDK/startup/semihost_hardfault.o
 .debug_info    0x00000000000056b9      0x92e ./SDK/startup/startup_mk64f12.o
 .debug_info    0x0000000000005fe7      0x659 ./SDK/CMSIS/system_MK64F12.o

.debug_abbrev   0x0000000000000000     0x185b
 .debug_abbrev  0x0000000000000000      0x219 ./source/ADC.o
 .debug_abbrev  0x0000000000000219      0x26b ./source/App.o
 .debug_abbrev  0x0000000000000484      0x14c ./source/DAC.o
 .debug_abbrev  0x00000000000005d0      0x287 ./source/Modulador.o
 .debug_abbrev  0x0000000000000857      0x20e ./source/PIT.o
 .debug_abbrev  0x0000000000000a65      0x1c2 ./source/SysTick.o
 .debug_abbrev  0x0000000000000c27      0x2a5 ./source/demodulatorFSK.o
 .debug_abbrev  0x0000000000000ecc      0x1cb ./source/gpio.o
 .debug_abbrev  0x0000000000001097      0x2e5 ./source/timer.o
 .debug_abbrev  0x000000000000137c      0x154 ./SDK/startup/hardware.o
 .debug_abbrev  0x00000000000014d0       0x85 ./SDK/startup/main.o
 .debug_abbrev  0x0000000000001555       0x31 ./SDK/startup/semihost_hardfault.o
 .debug_abbrev  0x0000000000001586      0x17a ./SDK/startup/startup_mk64f12.o
 .debug_abbrev  0x0000000000001700      0x15b ./SDK/CMSIS/system_MK64F12.o

.debug_aranges  0x0000000000000000      0x658
 .debug_aranges
                0x0000000000000000       0x50 ./source/ADC.o
 .debug_aranges
                0x0000000000000050       0x40 ./source/App.o
 .debug_aranges
                0x0000000000000090       0x28 ./source/DAC.o
 .debug_aranges
                0x00000000000000b8       0x48 ./source/Modulador.o
 .debug_aranges
                0x0000000000000100       0x58 ./source/PIT.o
 .debug_aranges
                0x0000000000000158       0x30 ./source/SysTick.o
 .debug_aranges
                0x0000000000000188       0x40 ./source/demodulatorFSK.o
 .debug_aranges
                0x00000000000001c8       0x70 ./source/gpio.o
 .debug_aranges
                0x0000000000000238       0x50 ./source/timer.o
 .debug_aranges
                0x0000000000000288       0x30 ./SDK/startup/hardware.o
 .debug_aranges
                0x00000000000002b8       0x20 ./SDK/startup/main.o
 .debug_aranges
                0x00000000000002d8       0x20 ./SDK/startup/semihost_hardfault.o
 .debug_aranges
                0x00000000000002f8      0x330 ./SDK/startup/startup_mk64f12.o
 .debug_aranges
                0x0000000000000628       0x30 ./SDK/CMSIS/system_MK64F12.o

.debug_ranges   0x0000000000000000      0x578
 .debug_ranges  0x0000000000000000       0x40 ./source/ADC.o
 .debug_ranges  0x0000000000000040       0x30 ./source/App.o
 .debug_ranges  0x0000000000000070       0x18 ./source/DAC.o
 .debug_ranges  0x0000000000000088       0x38 ./source/Modulador.o
 .debug_ranges  0x00000000000000c0       0x48 ./source/PIT.o
 .debug_ranges  0x0000000000000108       0x20 ./source/SysTick.o
 .debug_ranges  0x0000000000000128       0x30 ./source/demodulatorFSK.o
 .debug_ranges  0x0000000000000158       0x60 ./source/gpio.o
 .debug_ranges  0x00000000000001b8       0x40 ./source/timer.o
 .debug_ranges  0x00000000000001f8       0x20 ./SDK/startup/hardware.o
 .debug_ranges  0x0000000000000218       0x10 ./SDK/startup/main.o
 .debug_ranges  0x0000000000000228       0x10 ./SDK/startup/semihost_hardfault.o
 .debug_ranges  0x0000000000000238      0x320 ./SDK/startup/startup_mk64f12.o
 .debug_ranges  0x0000000000000558       0x20 ./SDK/CMSIS/system_MK64F12.o

.debug_macro    0x0000000000000000    0x13610
 .debug_macro   0x0000000000000000       0xab ./source/ADC.o
 .debug_macro   0x00000000000000ab      0xa9c ./source/ADC.o
 .debug_macro   0x0000000000000b47      0x34e ./source/ADC.o
 .debug_macro   0x0000000000000e95       0x10 ./source/ADC.o
 .debug_macro   0x0000000000000ea5       0x22 ./source/ADC.o
 .debug_macro   0x0000000000000ec7       0x10 ./source/ADC.o
 .debug_macro   0x0000000000000ed7       0x5c ./source/ADC.o
 .debug_macro   0x0000000000000f33       0x1c ./source/ADC.o
 .debug_macro   0x0000000000000f4f       0x22 ./source/ADC.o
 .debug_macro   0x0000000000000f71       0xdf ./source/ADC.o
 .debug_macro   0x0000000000001050      0xecf ./source/ADC.o
 .debug_macro   0x0000000000001f1f       0x48 ./source/ADC.o
 .debug_macro   0x0000000000001f67     0xe07b ./source/ADC.o
 .debug_macro   0x000000000000ffe2     0x122b ./source/ADC.o
 .debug_macro   0x000000000001120d       0x16 ./source/ADC.o
 .debug_macro   0x0000000000011223      0x29a ./source/App.o
 .debug_macro   0x00000000000114bd       0x46 ./source/App.o
 .debug_macro   0x0000000000011503       0x3a ./source/App.o
 .debug_macro   0x000000000001153d       0x10 ./source/App.o
 .debug_macro   0x000000000001154d       0x22 ./source/App.o
 .debug_macro   0x000000000001156f       0x58 ./source/App.o
 .debug_macro   0x00000000000115c7       0x18 ./source/App.o
 .debug_macro   0x00000000000115df       0x94 ./source/App.o
 .debug_macro   0x0000000000011673       0x35 ./source/App.o
 .debug_macro   0x00000000000116a8       0x34 ./source/App.o
 .debug_macro   0x00000000000116dc       0x16 ./source/App.o
 .debug_macro   0x00000000000116f2       0x57 ./source/App.o
 .debug_macro   0x0000000000011749       0x97 ./source/App.o
 .debug_macro   0x00000000000117e0      0x333 ./source/App.o
 .debug_macro   0x0000000000011b13       0xfd ./source/App.o
 .debug_macro   0x0000000000011c10       0x10 ./source/App.o
 .debug_macro   0x0000000000011c20       0x58 ./source/App.o
 .debug_macro   0x0000000000011c78       0x1f ./source/App.o
 .debug_macro   0x0000000000011c97       0x43 ./source/App.o
 .debug_macro   0x0000000000011cda       0x20 ./source/App.o
 .debug_macro   0x0000000000011cfa      0x18e ./source/App.o
 .debug_macro   0x0000000000011e88       0x10 ./source/App.o
 .debug_macro   0x0000000000011e98       0x6a ./source/App.o
 .debug_macro   0x0000000000011f02       0x1c ./source/App.o
 .debug_macro   0x0000000000011f1e       0x52 ./source/App.o
 .debug_macro   0x0000000000011f70       0x40 ./source/App.o
 .debug_macro   0x0000000000011fb0       0x10 ./source/App.o
 .debug_macro   0x0000000000011fc0       0x40 ./source/App.o
 .debug_macro   0x0000000000012000       0xd7 ./source/App.o
 .debug_macro   0x00000000000120d7       0x1c ./source/App.o
 .debug_macro   0x00000000000120f3       0x3d ./source/App.o
 .debug_macro   0x0000000000012130       0x16 ./source/App.o
 .debug_macro   0x0000000000012146      0x16f ./source/App.o
 .debug_macro   0x00000000000122b5       0x10 ./source/App.o
 .debug_macro   0x00000000000122c5       0x16 ./source/App.o
 .debug_macro   0x00000000000122db       0x35 ./source/App.o
 .debug_macro   0x0000000000012310       0x16 ./source/App.o
 .debug_macro   0x0000000000012326       0x29 ./source/App.o
 .debug_macro   0x000000000001234f       0x1c ./source/App.o
 .debug_macro   0x000000000001236b       0xac ./source/DAC.o
 .debug_macro   0x0000000000012417      0x145 ./source/Modulador.o
 .debug_macro   0x000000000001255c      0x174 ./source/Modulador.o
 .debug_macro   0x00000000000126d0      0x339 ./source/Modulador.o
 .debug_macro   0x0000000000012a09      0x1e1 ./source/Modulador.o
 .debug_macro   0x0000000000012bea       0xa6 ./source/PIT.o
 .debug_macro   0x0000000000012c90       0xac ./source/SysTick.o
 .debug_macro   0x0000000000012d3c      0x1da ./source/demodulatorFSK.o
 .debug_macro   0x0000000000012f16       0x16 ./source/demodulatorFSK.o
 .debug_macro   0x0000000000012f2c       0xab ./source/gpio.o
 .debug_macro   0x0000000000012fd7      0x1c3 ./source/timer.o
 .debug_macro   0x000000000001319a      0x10e ./source/timer.o
 .debug_macro   0x00000000000132a8       0x8d ./source/timer.o
 .debug_macro   0x0000000000013335       0x10 ./source/timer.o
 .debug_macro   0x0000000000013345       0xd9 ./source/timer.o
 .debug_macro   0x000000000001341e       0x9c ./SDK/startup/hardware.o
 .debug_macro   0x00000000000134ba       0x9c ./SDK/startup/main.o
 .debug_macro   0x0000000000013556       0x11 ./SDK/startup/semihost_hardfault.o
 .debug_macro   0x0000000000013567       0x29 ./SDK/startup/startup_mk64f12.o
 .debug_macro   0x0000000000013590       0x80 ./SDK/CMSIS/system_MK64F12.o

.debug_line     0x0000000000000000     0x3577
 .debug_line    0x0000000000000000      0x2ca ./source/ADC.o
 .debug_line    0x00000000000002ca      0x592 ./source/App.o
 .debug_line    0x000000000000085c      0x1f9 ./source/DAC.o
 .debug_line    0x0000000000000a55      0x4f5 ./source/Modulador.o
 .debug_line    0x0000000000000f4a      0x2df ./source/PIT.o
 .debug_line    0x0000000000001229      0x235 ./source/SysTick.o
 .debug_line    0x000000000000145e      0x61c ./source/demodulatorFSK.o
 .debug_line    0x0000000000001a7a      0x44f ./source/gpio.o
 .debug_line    0x0000000000001ec9      0x59e ./source/timer.o
 .debug_line    0x0000000000002467      0x2aa ./SDK/startup/hardware.o
 .debug_line    0x0000000000002711      0x1bf ./SDK/startup/main.o
 .debug_line    0x00000000000028d0       0x5f ./SDK/startup/semihost_hardfault.o
 .debug_line    0x000000000000292f      0x914 ./SDK/startup/startup_mk64f12.o
 .debug_line    0x0000000000003243      0x334 ./SDK/CMSIS/system_MK64F12.o

.debug_str      0x0000000000000000    0x7d661
 .debug_str     0x0000000000000000    0x77628 ./source/ADC.o
                                      0x777ed (size before relaxing)
 .debug_str     0x0000000000077628     0x482d ./source/App.o
                                      0x7b9da (size before relaxing)
 .debug_str     0x000000000007be55       0x65 ./source/DAC.o
                                      0x771bb (size before relaxing)
 .debug_str     0x000000000007beba      0x9a3 ./source/Modulador.o
                                       0x7500 (size before relaxing)
 .debug_str     0x000000000007c85d       0xca ./source/PIT.o
                                      0x77791 (size before relaxing)
 .debug_str     0x000000000007c927       0x8e ./source/SysTick.o
                                      0x77684 (size before relaxing)
 .debug_str     0x000000000007c9b5       0xb5 ./source/demodulatorFSK.o
                                       0x7ffa (size before relaxing)
 .debug_str     0x000000000007ca6a      0x15f ./source/gpio.o
                                      0x7736b (size before relaxing)
 .debug_str     0x000000000007cbc9       0xe1 ./source/timer.o
                                      0x7a69f (size before relaxing)
 .debug_str     0x000000000007ccaa      0x16f ./SDK/startup/hardware.o
                                      0x772c2 (size before relaxing)
 .debug_str     0x000000000007ce19       0x1b ./SDK/startup/main.o
                                      0x77096 (size before relaxing)
 .debug_str     0x000000000007ce34       0x36 ./SDK/startup/semihost_hardfault.o
                                       0x2dfc (size before relaxing)
 .debug_str     0x000000000007ce6a      0x795 ./SDK/startup/startup_mk64f12.o
                                       0x366a (size before relaxing)
 .debug_str     0x000000000007d5ff       0x62 ./SDK/CMSIS/system_MK64F12.o
                                      0x771d1 (size before relaxing)

.comment        0x0000000000000000       0x75
 .comment       0x0000000000000000       0x75 ./source/ADC.o
                                         0x76 (size before relaxing)
 .comment       0x0000000000000075       0x76 ./source/App.o
 .comment       0x0000000000000075       0x76 ./source/DAC.o
 .comment       0x0000000000000075       0x76 ./source/Modulador.o
 .comment       0x0000000000000075       0x76 ./source/PIT.o
 .comment       0x0000000000000075       0x76 ./source/SysTick.o
 .comment       0x0000000000000075       0x76 ./source/demodulatorFSK.o
 .comment       0x0000000000000075       0x76 ./source/gpio.o
 .comment       0x0000000000000075       0x76 ./source/timer.o
 .comment       0x0000000000000075       0x76 ./SDK/startup/hardware.o
 .comment       0x0000000000000075       0x76 ./SDK/startup/main.o
 .comment       0x0000000000000075       0x76 ./SDK/startup/semihost_hardfault.o
 .comment       0x0000000000000075       0x76 ./SDK/startup/startup_mk64f12.o
 .comment       0x0000000000000075       0x76 ./SDK/CMSIS/system_MK64F12.o
 .comment       0x0000000000000075       0x76 /Applications/MCUXpressoIDE_11.0.0_2516/ide/plugins/com.nxp.mcuxpresso.tools.macosx_11.0.0.201905131304/tools/bin/../lib/gcc/arm-none-eabi/8.2.1/../../../../arm-none-eabi/lib/thumb/v7e-m+fp/hard/libcr_c.a(sin.o)
 .comment       0x0000000000000075       0x76 /Applications/MCUXpressoIDE_11.0.0_2516/ide/plugins/com.nxp.mcuxpresso.tools.macosx_11.0.0.201905131304/tools/bin/../lib/gcc/arm-none-eabi/8.2.1/../../../../arm-none-eabi/lib/thumb/v7e-m+fp/hard/libcr_c.a(_sincos.o)
 .comment       0x0000000000000075       0x76 /Applications/MCUXpressoIDE_11.0.0_2516/ide/plugins/com.nxp.mcuxpresso.tools.macosx_11.0.0.201905131304/tools/bin/../lib/gcc/arm-none-eabi/8.2.1/../../../../arm-none-eabi/lib/thumb/v7e-m+fp/hard/libcr_c.a(errno.o)
 .comment       0x0000000000000075       0x76 /Applications/MCUXpressoIDE_11.0.0_2516/ide/plugins/com.nxp.mcuxpresso.tools.macosx_11.0.0.201905131304/tools/bin/../lib/gcc/arm-none-eabi/8.2.1/../../../../arm-none-eabi/lib/thumb/v7e-m+fp/hard/libcr_c.a(fabs.o)
 .comment       0x0000000000000075       0x76 /Applications/MCUXpressoIDE_11.0.0_2516/ide/plugins/com.nxp.mcuxpresso.tools.macosx_11.0.0.201905131304/tools/bin/../lib/gcc/arm-none-eabi/8.2.1/thumb/v7e-m+fp/hard/libcr_eabihelpers.a(double.o)

.ARM.attributes
                0x0000000000000000       0x34
 .ARM.attributes
                0x0000000000000000       0x34 ./source/ADC.o
 .ARM.attributes
                0x0000000000000034       0x34 ./source/App.o
 .ARM.attributes
                0x0000000000000068       0x34 ./source/DAC.o
 .ARM.attributes
                0x000000000000009c       0x34 ./source/Modulador.o
 .ARM.attributes
                0x00000000000000d0       0x34 ./source/PIT.o
 .ARM.attributes
                0x0000000000000104       0x34 ./source/SysTick.o
 .ARM.attributes
                0x0000000000000138       0x34 ./source/demodulatorFSK.o
 .ARM.attributes
                0x000000000000016c       0x34 ./source/gpio.o
 .ARM.attributes
                0x00000000000001a0       0x34 ./source/timer.o
 .ARM.attributes
                0x00000000000001d4       0x34 ./SDK/startup/hardware.o
 .ARM.attributes
                0x0000000000000208       0x34 ./SDK/startup/main.o
 .ARM.attributes
                0x000000000000023c       0x34 ./SDK/startup/semihost_hardfault.o
 .ARM.attributes
                0x0000000000000270       0x34 ./SDK/startup/startup_mk64f12.o
 .ARM.attributes
                0x00000000000002a4       0x34 ./SDK/CMSIS/system_MK64F12.o
 .ARM.attributes
                0x00000000000002d8       0x34 /Applications/MCUXpressoIDE_11.0.0_2516/ide/plugins/com.nxp.mcuxpresso.tools.macosx_11.0.0.201905131304/tools/bin/../lib/gcc/arm-none-eabi/8.2.1/../../../../arm-none-eabi/lib/thumb/v7e-m+fp/hard/libcr_c.a(sin.o)
 .ARM.attributes
                0x000000000000030c       0x34 /Applications/MCUXpressoIDE_11.0.0_2516/ide/plugins/com.nxp.mcuxpresso.tools.macosx_11.0.0.201905131304/tools/bin/../lib/gcc/arm-none-eabi/8.2.1/../../../../arm-none-eabi/lib/thumb/v7e-m+fp/hard/libcr_c.a(_sincos.o)
 .ARM.attributes
                0x0000000000000340       0x39 /Applications/MCUXpressoIDE_11.0.0_2516/ide/plugins/com.nxp.mcuxpresso.tools.macosx_11.0.0.201905131304/tools/bin/../lib/gcc/arm-none-eabi/8.2.1/../../../../arm-none-eabi/lib/thumb/v7e-m+fp/hard/libcr_c.a(errno.o)
 .ARM.attributes
                0x0000000000000379       0x34 /Applications/MCUXpressoIDE_11.0.0_2516/ide/plugins/com.nxp.mcuxpresso.tools.macosx_11.0.0.201905131304/tools/bin/../lib/gcc/arm-none-eabi/8.2.1/../../../../arm-none-eabi/lib/thumb/v7e-m+fp/hard/libcr_c.a(fabs.o)
 .ARM.attributes
                0x00000000000003ad       0x34 /Applications/MCUXpressoIDE_11.0.0_2516/ide/plugins/com.nxp.mcuxpresso.tools.macosx_11.0.0.201905131304/tools/bin/../lib/gcc/arm-none-eabi/8.2.1/thumb/v7e-m+fp/hard/libcr_eabihelpers.a(double.o)

.debug_frame    0x0000000000000000     0x1280
 .debug_frame   0x0000000000000000      0x100 ./source/ADC.o
 .debug_frame   0x0000000000000100       0xb0 ./source/App.o
 .debug_frame   0x00000000000001b0       0x58 ./source/DAC.o
 .debug_frame   0x0000000000000208       0xd8 ./source/Modulador.o
 .debug_frame   0x00000000000002e0      0x120 ./source/PIT.o
 .debug_frame   0x0000000000000400       0x88 ./source/SysTick.o
 .debug_frame   0x0000000000000488       0xc8 ./source/demodulatorFSK.o
 .debug_frame   0x0000000000000550      0x1f0 ./source/gpio.o
 .debug_frame   0x0000000000000740      0x10c ./source/timer.o
 .debug_frame   0x000000000000084c       0x70 ./SDK/startup/hardware.o
 .debug_frame   0x00000000000008bc       0x2c ./SDK/startup/main.o
 .debug_frame   0x00000000000008e8       0x20 ./SDK/startup/semihost_hardfault.o
 .debug_frame   0x0000000000000908      0x904 ./SDK/startup/startup_mk64f12.o
 .debug_frame   0x000000000000120c       0x74 ./SDK/CMSIS/system_MK64F12.o
