
Discarded input sections

 .group         0x00000000        0xc ./source/App.o
 .group         0x00000000        0xc ./source/App.o
 .group         0x00000000        0xc ./source/App.o
 .group         0x00000000        0xc ./source/App.o
 .group         0x00000000        0xc ./source/App.o
 .group         0x00000000        0xc ./source/App.o
 .text          0x00000000        0x0 ./source/App.o
 .data          0x00000000        0x0 ./source/App.o
 .bss           0x00000000        0x0 ./source/App.o
 .group         0x00000000        0xc ./source/uart.o
 .group         0x00000000        0xc ./source/uart.o
 .group         0x00000000        0xc ./source/uart.o
 .group         0x00000000        0xc ./source/uart.o
 .group         0x00000000        0xc ./source/uart.o
 .group         0x00000000        0xc ./source/uart.o
 .group         0x00000000        0xc ./source/uart.o
 .group         0x00000000        0xc ./source/uart.o
 .group         0x00000000        0xc ./source/uart.o
 .group         0x00000000        0xc ./source/uart.o
 .group         0x00000000        0xc ./source/uart.o
 .group         0x00000000        0xc ./source/uart.o
 .group         0x00000000        0xc ./source/uart.o
 .text          0x00000000        0x0 ./source/uart.o
 .data          0x00000000        0x0 ./source/uart.o
 .bss           0x00000000        0x0 ./source/uart.o
 .bss.recibido  0x00000000        0x4 ./source/uart.o
 .bss.datablock
                0x00000000      0x190 ./source/uart.o
 .text.getNextWord
                0x00000000       0x14 ./source/uart.o
 .text.updateWord
                0x00000000       0x48 ./source/uart.o
 .text.setOnNewWordListener
                0x00000000        0xe ./source/uart.o
 .debug_macro   0x00000000      0xa5a ./source/uart.o
 .debug_macro   0x00000000      0x34e ./source/uart.o
 .debug_macro   0x00000000       0x22 ./source/uart.o
 .group         0x00000000        0xc ./SDK/startup/hardware.o
 .group         0x00000000        0xc ./SDK/startup/hardware.o
 .group         0x00000000        0xc ./SDK/startup/hardware.o
 .group         0x00000000        0xc ./SDK/startup/hardware.o
 .group         0x00000000        0xc ./SDK/startup/hardware.o
 .group         0x00000000        0xc ./SDK/startup/hardware.o
 .group         0x00000000        0xc ./SDK/startup/hardware.o
 .group         0x00000000        0xc ./SDK/startup/hardware.o
 .group         0x00000000        0xc ./SDK/startup/hardware.o
 .group         0x00000000        0xc ./SDK/startup/hardware.o
 .group         0x00000000        0xc ./SDK/startup/hardware.o
 .group         0x00000000        0xc ./SDK/startup/hardware.o
 .group         0x00000000        0xc ./SDK/startup/hardware.o
 .text          0x00000000        0x0 ./SDK/startup/hardware.o
 .data          0x00000000        0x0 ./SDK/startup/hardware.o
 .bss           0x00000000        0x0 ./SDK/startup/hardware.o
 .debug_macro   0x00000000      0xa5a ./SDK/startup/hardware.o
 .debug_macro   0x00000000      0x34e ./SDK/startup/hardware.o
 .debug_macro   0x00000000       0x22 ./SDK/startup/hardware.o
 .debug_macro   0x00000000       0x5c ./SDK/startup/hardware.o
 .debug_macro   0x00000000       0x1c ./SDK/startup/hardware.o
 .debug_macro   0x00000000       0x22 ./SDK/startup/hardware.o
 .debug_macro   0x00000000       0xdf ./SDK/startup/hardware.o
 .debug_macro   0x00000000      0xecf ./SDK/startup/hardware.o
 .debug_macro   0x00000000       0x48 ./SDK/startup/hardware.o
 .debug_macro   0x00000000     0xe07b ./SDK/startup/hardware.o
 .group         0x00000000        0xc ./SDK/startup/main.o
 .group         0x00000000        0xc ./SDK/startup/main.o
 .group         0x00000000        0xc ./SDK/startup/main.o
 .group         0x00000000        0xc ./SDK/startup/main.o
 .group         0x00000000        0xc ./SDK/startup/main.o
 .group         0x00000000        0xc ./SDK/startup/main.o
 .group         0x00000000        0xc ./SDK/startup/main.o
 .group         0x00000000        0xc ./SDK/startup/main.o
 .group         0x00000000        0xc ./SDK/startup/main.o
 .group         0x00000000        0xc ./SDK/startup/main.o
 .group         0x00000000        0xc ./SDK/startup/main.o
 .group         0x00000000        0xc ./SDK/startup/main.o
 .group         0x00000000        0xc ./SDK/startup/main.o
 .text          0x00000000        0x0 ./SDK/startup/main.o
 .data          0x00000000        0x0 ./SDK/startup/main.o
 .bss           0x00000000        0x0 ./SDK/startup/main.o
 .debug_macro   0x00000000      0xa5a ./SDK/startup/main.o
 .debug_macro   0x00000000      0x34e ./SDK/startup/main.o
 .debug_macro   0x00000000       0x22 ./SDK/startup/main.o
 .debug_macro   0x00000000       0x10 ./SDK/startup/main.o
 .debug_macro   0x00000000       0x5c ./SDK/startup/main.o
 .debug_macro   0x00000000       0x1c ./SDK/startup/main.o
 .debug_macro   0x00000000       0x22 ./SDK/startup/main.o
 .debug_macro   0x00000000       0xdf ./SDK/startup/main.o
 .debug_macro   0x00000000      0xecf ./SDK/startup/main.o
 .debug_macro   0x00000000       0x48 ./SDK/startup/main.o
 .debug_macro   0x00000000     0xe07b ./SDK/startup/main.o
 .debug_macro   0x00000000     0x122b ./SDK/startup/main.o
 .debug_macro   0x00000000       0x16 ./SDK/startup/main.o
 .group         0x00000000        0xc ./SDK/startup/semihost_hardfault.o
 .text          0x00000000        0x0 ./SDK/startup/semihost_hardfault.o
 .data          0x00000000        0x0 ./SDK/startup/semihost_hardfault.o
 .bss           0x00000000        0x0 ./SDK/startup/semihost_hardfault.o
 .debug_macro   0x00000000      0xa5a ./SDK/startup/semihost_hardfault.o
 .group         0x00000000        0xc ./SDK/startup/startup_mk64f12.o
 .text          0x00000000        0x0 ./SDK/startup/startup_mk64f12.o
 .data          0x00000000        0x0 ./SDK/startup/startup_mk64f12.o
 .bss           0x00000000        0x0 ./SDK/startup/startup_mk64f12.o
 .text.UART0_RX_TX_IRQHandler
                0x00000000        0x8 ./SDK/startup/startup_mk64f12.o
 .debug_macro   0x00000000      0xa5a ./SDK/startup/startup_mk64f12.o
 .group         0x00000000        0xc ./SDK/CMSIS/system_MK64F12.o
 .group         0x00000000        0xc ./SDK/CMSIS/system_MK64F12.o
 .group         0x00000000        0xc ./SDK/CMSIS/system_MK64F12.o
 .group         0x00000000        0xc ./SDK/CMSIS/system_MK64F12.o
 .group         0x00000000        0xc ./SDK/CMSIS/system_MK64F12.o
 .group         0x00000000        0xc ./SDK/CMSIS/system_MK64F12.o
 .group         0x00000000        0xc ./SDK/CMSIS/system_MK64F12.o
 .group         0x00000000        0xc ./SDK/CMSIS/system_MK64F12.o
 .group         0x00000000        0xc ./SDK/CMSIS/system_MK64F12.o
 .group         0x00000000        0xc ./SDK/CMSIS/system_MK64F12.o
 .group         0x00000000        0xc ./SDK/CMSIS/system_MK64F12.o
 .text          0x00000000        0x0 ./SDK/CMSIS/system_MK64F12.o
 .data          0x00000000        0x0 ./SDK/CMSIS/system_MK64F12.o
 .bss           0x00000000        0x0 ./SDK/CMSIS/system_MK64F12.o
 .data.SystemCoreClock
                0x00000000        0x4 ./SDK/CMSIS/system_MK64F12.o
 .text.SystemCoreClockUpdate
                0x00000000      0x278 ./SDK/CMSIS/system_MK64F12.o
 .debug_macro   0x00000000      0xa5a ./SDK/CMSIS/system_MK64F12.o
 .debug_macro   0x00000000      0x34e ./SDK/CMSIS/system_MK64F12.o
 .debug_macro   0x00000000       0x10 ./SDK/CMSIS/system_MK64F12.o
 .debug_macro   0x00000000       0x5c ./SDK/CMSIS/system_MK64F12.o
 .debug_macro   0x00000000       0x1c ./SDK/CMSIS/system_MK64F12.o
 .debug_macro   0x00000000       0x22 ./SDK/CMSIS/system_MK64F12.o
 .debug_macro   0x00000000       0xdf ./SDK/CMSIS/system_MK64F12.o
 .debug_macro   0x00000000      0xecf ./SDK/CMSIS/system_MK64F12.o
 .debug_macro   0x00000000       0x48 ./SDK/CMSIS/system_MK64F12.o
 .debug_macro   0x00000000     0xe07b ./SDK/CMSIS/system_MK64F12.o
 .debug_macro   0x00000000     0x122b ./SDK/CMSIS/system_MK64F12.o
 .group         0x00000000        0xc C:/Users/newto/LABO_DE_MICROS/uart_definitivo/projects/Blink/source/gpio.o
 .group         0x00000000        0xc C:/Users/newto/LABO_DE_MICROS/uart_definitivo/projects/Blink/source/gpio.o
 .group         0x00000000        0xc C:/Users/newto/LABO_DE_MICROS/uart_definitivo/projects/Blink/source/gpio.o
 .group         0x00000000        0xc C:/Users/newto/LABO_DE_MICROS/uart_definitivo/projects/Blink/source/gpio.o
 .group         0x00000000        0xc C:/Users/newto/LABO_DE_MICROS/uart_definitivo/projects/Blink/source/gpio.o
 .group         0x00000000        0xc C:/Users/newto/LABO_DE_MICROS/uart_definitivo/projects/Blink/source/gpio.o
 .group         0x00000000        0xc C:/Users/newto/LABO_DE_MICROS/uart_definitivo/projects/Blink/source/gpio.o
 .group         0x00000000        0xc C:/Users/newto/LABO_DE_MICROS/uart_definitivo/projects/Blink/source/gpio.o
 .group         0x00000000        0xc C:/Users/newto/LABO_DE_MICROS/uart_definitivo/projects/Blink/source/gpio.o
 .group         0x00000000        0xc C:/Users/newto/LABO_DE_MICROS/uart_definitivo/projects/Blink/source/gpio.o
 .group         0x00000000        0xc C:/Users/newto/LABO_DE_MICROS/uart_definitivo/projects/Blink/source/gpio.o
 .group         0x00000000        0xc C:/Users/newto/LABO_DE_MICROS/uart_definitivo/projects/Blink/source/gpio.o
 .group         0x00000000        0xc C:/Users/newto/LABO_DE_MICROS/uart_definitivo/projects/Blink/source/gpio.o
 .group         0x00000000        0xc C:/Users/newto/LABO_DE_MICROS/uart_definitivo/projects/Blink/source/gpio.o
 .text          0x00000000        0x0 C:/Users/newto/LABO_DE_MICROS/uart_definitivo/projects/Blink/source/gpio.o
 .data          0x00000000        0x0 C:/Users/newto/LABO_DE_MICROS/uart_definitivo/projects/Blink/source/gpio.o
 .bss           0x00000000        0x0 C:/Users/newto/LABO_DE_MICROS/uart_definitivo/projects/Blink/source/gpio.o
 .text.gpioToggle
                0x00000000       0x48 C:/Users/newto/LABO_DE_MICROS/uart_definitivo/projects/Blink/source/gpio.o
 .text.gpioRead
                0x00000000       0x68 C:/Users/newto/LABO_DE_MICROS/uart_definitivo/projects/Blink/source/gpio.o
 .debug_macro   0x00000000      0xa5a C:/Users/newto/LABO_DE_MICROS/uart_definitivo/projects/Blink/source/gpio.o
 .debug_macro   0x00000000      0x34e C:/Users/newto/LABO_DE_MICROS/uart_definitivo/projects/Blink/source/gpio.o
 .debug_macro   0x00000000       0x22 C:/Users/newto/LABO_DE_MICROS/uart_definitivo/projects/Blink/source/gpio.o
 .debug_macro   0x00000000       0x3a C:/Users/newto/LABO_DE_MICROS/uart_definitivo/projects/Blink/source/gpio.o
 .debug_macro   0x00000000       0x10 C:/Users/newto/LABO_DE_MICROS/uart_definitivo/projects/Blink/source/gpio.o
 .debug_macro   0x00000000       0x5c C:/Users/newto/LABO_DE_MICROS/uart_definitivo/projects/Blink/source/gpio.o
 .debug_macro   0x00000000       0x1c C:/Users/newto/LABO_DE_MICROS/uart_definitivo/projects/Blink/source/gpio.o
 .debug_macro   0x00000000       0x22 C:/Users/newto/LABO_DE_MICROS/uart_definitivo/projects/Blink/source/gpio.o
 .debug_macro   0x00000000       0xdf C:/Users/newto/LABO_DE_MICROS/uart_definitivo/projects/Blink/source/gpio.o
 .debug_macro   0x00000000      0xecf C:/Users/newto/LABO_DE_MICROS/uart_definitivo/projects/Blink/source/gpio.o
 .debug_macro   0x00000000       0x48 C:/Users/newto/LABO_DE_MICROS/uart_definitivo/projects/Blink/source/gpio.o
 .debug_macro   0x00000000     0xe07b C:/Users/newto/LABO_DE_MICROS/uart_definitivo/projects/Blink/source/gpio.o
 .debug_macro   0x00000000     0x122b C:/Users/newto/LABO_DE_MICROS/uart_definitivo/projects/Blink/source/gpio.o
 .debug_macro   0x00000000       0x16 C:/Users/newto/LABO_DE_MICROS/uart_definitivo/projects/Blink/source/gpio.o

Memory Configuration

Name             Origin             Length             Attributes
PROGRAM_FLASH    0x00000000         0x00100000         xr
SRAM_UPPER       0x20000000         0x00030000         xrw
SRAM_LOWER       0x1fff0000         0x00010000         xrw
FLEX_RAM         0x14000000         0x00001000         xrw
*default*        0x00000000         0xffffffff

Linker script and memory map

LOAD ./source/App.o
LOAD ./source/uart.o
LOAD ./SDK/startup/hardware.o
LOAD ./SDK/startup/main.o
LOAD ./SDK/startup/semihost_hardfault.o
LOAD ./SDK/startup/startup_mk64f12.o
LOAD ./SDK/CMSIS/system_MK64F12.o
LOAD C:/Users/newto/LABO_DE_MICROS/uart_definitivo/projects/Blink/source/gpio.o
START GROUP
LOAD c:/nxp/mcuxpressoide_10.2.0_759/ide/tools/bin/../lib/gcc/arm-none-eabi/7.2.1/../../../../arm-none-eabi/lib/thumb/v7e-m/fpv4-sp/hard\libcr_c.a
LOAD c:/nxp/mcuxpressoide_10.2.0_759/ide/tools/bin/../lib/gcc/arm-none-eabi/7.2.1/thumb/v7e-m/fpv4-sp/hard\libcr_eabihelpers.a
END GROUP
                0x00000000                __base_PROGRAM_FLASH = 0x0
                0x00000000                __base_Flash = 0x0
                0x00100000                __top_PROGRAM_FLASH = 0x100000
                0x00100000                __top_Flash = 0x100000
                0x20000000                __base_SRAM_UPPER = 0x20000000
                0x20000000                __base_RAM = 0x20000000
                0x20030000                __top_SRAM_UPPER = 0x20030000
                0x20030000                __top_RAM = 0x20030000
                0x1fff0000                __base_SRAM_LOWER = 0x1fff0000
                0x1fff0000                __base_RAM2 = 0x1fff0000
                0x20000000                __top_SRAM_LOWER = 0x20000000
                0x20000000                __top_RAM2 = 0x20000000
                0x14000000                __base_FLEX_RAM = 0x14000000
                0x14000000                __base_RAM3 = 0x14000000
                0x14001000                __top_FLEX_RAM = 0x14001000
                0x14001000                __top_RAM3 = 0x14001000

.text           0x00000000      0xe18
 FILL mask 0xff
                0x00000000                __vectors_start__ = ABSOLUTE (.)
 *(SORT_BY_ALIGNMENT(.isr_vector))
 .isr_vector    0x00000000      0x198 ./SDK/startup/startup_mk64f12.o
                0x00000000                g_pfnVectors
                0x00000000                __Vectors
                0x00000198                . = ALIGN (0x4)
                0x00000198                __section_table_start = .
                0x00000198                __data_section_table = .
                0x00000198        0x4 LONG 0xe18 LOADADDR (.data)
                0x0000019c        0x4 LONG 0x20000000 ADDR (.data)
                0x000001a0        0x4 LONG 0x18 SIZEOF (.data)
                0x000001a4        0x4 LONG 0xe18 LOADADDR (.data_RAM2)
                0x000001a8        0x4 LONG 0x1fff0000 ADDR (.data_RAM2)
                0x000001ac        0x4 LONG 0x0 SIZEOF (.data_RAM2)
                0x000001b0        0x4 LONG 0xe18 LOADADDR (.data_RAM3)
                0x000001b4        0x4 LONG 0x14000000 ADDR (.data_RAM3)
                0x000001b8        0x4 LONG 0x0 SIZEOF (.data_RAM3)
                0x000001bc                __data_section_table_end = .
                0x000001bc                __bss_section_table = .
                0x000001bc        0x4 LONG 0x20000018 ADDR (.bss)
                0x000001c0        0x4 LONG 0x338 SIZEOF (.bss)
                0x000001c4        0x4 LONG 0x1fff0000 ADDR (.bss_RAM2)
                0x000001c8        0x4 LONG 0x0 SIZEOF (.bss_RAM2)
                0x000001cc        0x4 LONG 0x14000000 ADDR (.bss_RAM3)
                0x000001d0        0x4 LONG 0x0 SIZEOF (.bss_RAM3)
                0x000001d4                __bss_section_table_end = .
                0x000001d4                __section_table_end = .
 *(SORT_BY_ALIGNMENT(.after_vectors*))
 .after_vectors.reset
                0x000001d4       0x4c ./SDK/startup/startup_mk64f12.o
                0x000001d4                ResetISR
 .after_vectors.init_data
                0x00000220       0x1e ./SDK/startup/startup_mk64f12.o
                0x00000220                data_init
 .after_vectors.init_bss
                0x0000023e       0x12 ./SDK/startup/startup_mk64f12.o
                0x0000023e                bss_init
 .after_vectors
                0x00000250       0x14 ./SDK/startup/startup_mk64f12.o
                0x00000250                NMI_Handler
                0x00000254                MemManage_Handler
                0x00000256                BusFault_Handler
                0x00000258                UsageFault_Handler
                0x0000025a                SVC_Handler
                0x0000025c                DebugMon_Handler
                0x0000025e                PendSV_Handler
                0x00000260                SysTick_Handler
                0x00000262                DMA_Error_DriverIRQHandler
                0x00000262                LPTMR0_DriverIRQHandler
                0x00000262                FTM1_DriverIRQHandler
                0x00000262                FTM2_DriverIRQHandler
                0x00000262                PIT2_DriverIRQHandler
                0x00000262                SDHC_DriverIRQHandler
                0x00000262                I2S0_Tx_DriverIRQHandler
                0x00000262                RTC_Seconds_DriverIRQHandler
                0x00000262                DMA6_DriverIRQHandler
                0x00000262                LLWU_DriverIRQHandler
                0x00000262                MCM_DriverIRQHandler
                0x00000262                MCG_DriverIRQHandler
                0x00000262                ENET_1588_Timer_DriverIRQHandler
                0x00000262                I2C2_DriverIRQHandler
                0x00000262                DAC1_DriverIRQHandler
                0x00000262                SPI1_DriverIRQHandler
                0x00000262                CMP1_DriverIRQHandler
                0x00000262                UART5_RX_TX_DriverIRQHandler
                0x00000262                FTM0_DriverIRQHandler
                0x00000262                IntDefaultHandler
                0x00000262                USB0_DriverIRQHandler
                0x00000262                UART5_ERR_DriverIRQHandler
                0x00000262                PORTC_DriverIRQHandler
                0x00000262                DMA11_DriverIRQHandler
                0x00000262                DAC0_DriverIRQHandler
                0x00000262                DMA10_DriverIRQHandler
                0x00000262                CMP2_DriverIRQHandler
                0x00000262                UART2_ERR_DriverIRQHandler
                0x00000262                SPI2_DriverIRQHandler
                0x00000262                LVD_LVW_DriverIRQHandler
                0x00000262                PIT0_DriverIRQHandler
                0x00000262                RNG_DriverIRQHandler
                0x00000262                DMA12_DriverIRQHandler
                0x00000262                DMA4_DriverIRQHandler
                0x00000262                UART2_RX_TX_DriverIRQHandler
                0x00000262                USBDCD_DriverIRQHandler
                0x00000262                UART3_ERR_DriverIRQHandler
                0x00000262                DMA3_DriverIRQHandler
                0x00000262                DMA8_DriverIRQHandler
                0x00000262                DMA9_DriverIRQHandler
                0x00000262                UART0_ERR_DriverIRQHandler
                0x00000262                CMT_DriverIRQHandler
                0x00000262                Reserved71_DriverIRQHandler
                0x00000262                ADC1_DriverIRQHandler
                0x00000262                PORTA_DriverIRQHandler
                0x00000262                DMA14_DriverIRQHandler
                0x00000262                PIT3_DriverIRQHandler
                0x00000262                PIT1_DriverIRQHandler
                0x00000262                WDOG_EWM_DriverIRQHandler
                0x00000262                PDB0_DriverIRQHandler
                0x00000262                RTC_DriverIRQHandler
                0x00000262                I2S0_Rx_DriverIRQHandler
                0x00000262                Read_Collision_DriverIRQHandler
                0x00000262                SWI_DriverIRQHandler
                0x00000262                UART4_RX_TX_DriverIRQHandler
                0x00000262                UART4_ERR_DriverIRQHandler
                0x00000262                PORTB_DriverIRQHandler
                0x00000262                UART0_LON_DriverIRQHandler
                0x00000262                DMA0_DriverIRQHandler
                0x00000262                DMA1_DriverIRQHandler
                0x00000262                I2C1_DriverIRQHandler
                0x00000262                UART3_RX_TX_DriverIRQHandler
                0x00000262                ENET_Receive_DriverIRQHandler
                0x00000262                DMA13_DriverIRQHandler
                0x00000262                ENET_Error_DriverIRQHandler
                0x00000262                DMA15_DriverIRQHandler
                0x00000262                UART0_RX_TX_DriverIRQHandler
                0x00000262                SPI0_DriverIRQHandler
                0x00000262                ADC0_DriverIRQHandler
                0x00000262                CMP0_DriverIRQHandler
                0x00000262                CAN0_DriverIRQHandler
                0x00000262                FTM3_DriverIRQHandler
                0x00000262                DMA5_DriverIRQHandler
                0x00000262                UART1_ERR_DriverIRQHandler
                0x00000262                DMA2_DriverIRQHandler
                0x00000262                ENET_Transmit_DriverIRQHandler
                0x00000262                PORTD_DriverIRQHandler
                0x00000262                PORTE_DriverIRQHandler
                0x00000262                FTFE_DriverIRQHandler
                0x00000262                I2C0_DriverIRQHandler
                0x00000262                DMA7_DriverIRQHandler
                0x00000262                UART1_RX_TX_DriverIRQHandler
                0x00000400                . = 0x400
 *fill*         0x00000264      0x19c ff
                0x00000400                PROVIDE (__FLASH_CONFIG_START__, .)
 *(SORT_BY_ALIGNMENT(.FlashConfig))
 .FlashConfig   0x00000400       0x10 ./SDK/startup/startup_mk64f12.o
                0x00000400                Flash_Config
                0x00000410                PROVIDE (__FLASH_CONFIG_END__, .)
                0x00000001                ASSERT (! ((__FLASH_CONFIG_START__ == __FLASH_CONFIG_END__)), Linker Flash Config Support Enabled, but no .FlashConfig section provided within application)
 *(SORT_BY_ALIGNMENT(.text*))
 .text.App_Run  0x00000410       0x1c ./source/App.o
                0x00000410                App_Run
 .text.__NVIC_EnableIRQ
                0x0000042c       0x3c ./source/uart.o
 .text.UART0_RX_TX_IRQHandler
                0x00000468       0xf4 ./source/uart.o
                0x00000468                UART0_RX_TX_IRQHandler
 .text.sendWord
                0x0000055c       0x80 ./source/uart.o
                0x0000055c                sendWord
 .text.configPCR
                0x000005dc       0x94 ./source/uart.o
                0x000005dc                configPCR
 .text.uartInit
                0x00000670      0x13c ./source/uart.o
                0x00000670                uartInit
 .text.hw_Init  0x000007ac      0x10c ./SDK/startup/hardware.o
                0x000007ac                hw_Init
 .text.hw_EnableInterrupts
                0x000008b8       0x30 ./SDK/startup/hardware.o
                0x000008b8                hw_EnableInterrupts
 .text.hw_DisableInterrupts
                0x000008e8       0x20 ./SDK/startup/hardware.o
                0x000008e8                hw_DisableInterrupts
 .text.SystemInit
                0x00000908       0x3c ./SDK/CMSIS/system_MK64F12.o
                0x00000908                SystemInit
 .text.gpioMode
                0x00000944       0x98 C:/Users/newto/LABO_DE_MICROS/uart_definitivo/projects/Blink/source/gpio.o
                0x00000944                gpioMode
 .text.gpioWrite
                0x000009dc       0x5c C:/Users/newto/LABO_DE_MICROS/uart_definitivo/projects/Blink/source/gpio.o
                0x000009dc                gpioWrite
 .text.App_Init
                0x00000a38       0x2a ./source/App.o
                0x00000a38                App_Init
 .text.delayLoop
                0x00000a62       0x20 ./source/App.o
 .text.main     0x00000a82       0x1a ./SDK/startup/main.o
                0x00000a82                main
 .text.HardFault_Handler
                0x00000a9c       0x2c ./SDK/startup/semihost_hardfault.o
                0x00000a9c                HardFault_Handler
 .text.DMA0_IRQHandler
                0x00000ac8        0x8 ./SDK/startup/startup_mk64f12.o
                0x00000ac8                DMA0_IRQHandler
 .text.DMA1_IRQHandler
                0x00000ad0        0x8 ./SDK/startup/startup_mk64f12.o
                0x00000ad0                DMA1_IRQHandler
 .text.DMA2_IRQHandler
                0x00000ad8        0x8 ./SDK/startup/startup_mk64f12.o
                0x00000ad8                DMA2_IRQHandler
 .text.DMA3_IRQHandler
                0x00000ae0        0x8 ./SDK/startup/startup_mk64f12.o
                0x00000ae0                DMA3_IRQHandler
 .text.DMA4_IRQHandler
                0x00000ae8        0x8 ./SDK/startup/startup_mk64f12.o
                0x00000ae8                DMA4_IRQHandler
 .text.DMA5_IRQHandler
                0x00000af0        0x8 ./SDK/startup/startup_mk64f12.o
                0x00000af0                DMA5_IRQHandler
 .text.DMA6_IRQHandler
                0x00000af8        0x8 ./SDK/startup/startup_mk64f12.o
                0x00000af8                DMA6_IRQHandler
 .text.DMA7_IRQHandler
                0x00000b00        0x8 ./SDK/startup/startup_mk64f12.o
                0x00000b00                DMA7_IRQHandler
 .text.DMA8_IRQHandler
                0x00000b08        0x8 ./SDK/startup/startup_mk64f12.o
                0x00000b08                DMA8_IRQHandler
 .text.DMA9_IRQHandler
                0x00000b10        0x8 ./SDK/startup/startup_mk64f12.o
                0x00000b10                DMA9_IRQHandler
 .text.DMA10_IRQHandler
                0x00000b18        0x8 ./SDK/startup/startup_mk64f12.o
                0x00000b18                DMA10_IRQHandler
 .text.DMA11_IRQHandler
                0x00000b20        0x8 ./SDK/startup/startup_mk64f12.o
                0x00000b20                DMA11_IRQHandler
 .text.DMA12_IRQHandler
                0x00000b28        0x8 ./SDK/startup/startup_mk64f12.o
                0x00000b28                DMA12_IRQHandler
 .text.DMA13_IRQHandler
                0x00000b30        0x8 ./SDK/startup/startup_mk64f12.o
                0x00000b30                DMA13_IRQHandler
 .text.DMA14_IRQHandler
                0x00000b38        0x8 ./SDK/startup/startup_mk64f12.o
                0x00000b38                DMA14_IRQHandler
 .text.DMA15_IRQHandler
                0x00000b40        0x8 ./SDK/startup/startup_mk64f12.o
                0x00000b40                DMA15_IRQHandler
 .text.DMA_Error_IRQHandler
                0x00000b48        0x8 ./SDK/startup/startup_mk64f12.o
                0x00000b48                DMA_Error_IRQHandler
 .text.MCM_IRQHandler
                0x00000b50        0x8 ./SDK/startup/startup_mk64f12.o
                0x00000b50                MCM_IRQHandler
 .text.FTFE_IRQHandler
                0x00000b58        0x8 ./SDK/startup/startup_mk64f12.o
                0x00000b58                FTFE_IRQHandler
 .text.Read_Collision_IRQHandler
                0x00000b60        0x8 ./SDK/startup/startup_mk64f12.o
                0x00000b60                Read_Collision_IRQHandler
 .text.LVD_LVW_IRQHandler
                0x00000b68        0x8 ./SDK/startup/startup_mk64f12.o
                0x00000b68                LVD_LVW_IRQHandler
 .text.LLWU_IRQHandler
                0x00000b70        0x8 ./SDK/startup/startup_mk64f12.o
                0x00000b70                LLWU_IRQHandler
 .text.WDOG_EWM_IRQHandler
                0x00000b78        0x8 ./SDK/startup/startup_mk64f12.o
                0x00000b78                WDOG_EWM_IRQHandler
 .text.RNG_IRQHandler
                0x00000b80        0x8 ./SDK/startup/startup_mk64f12.o
                0x00000b80                RNG_IRQHandler
 .text.I2C0_IRQHandler
                0x00000b88        0x8 ./SDK/startup/startup_mk64f12.o
                0x00000b88                I2C0_IRQHandler
 .text.I2C1_IRQHandler
                0x00000b90        0x8 ./SDK/startup/startup_mk64f12.o
                0x00000b90                I2C1_IRQHandler
 .text.SPI0_IRQHandler
                0x00000b98        0x8 ./SDK/startup/startup_mk64f12.o
                0x00000b98                SPI0_IRQHandler
 .text.SPI1_IRQHandler
                0x00000ba0        0x8 ./SDK/startup/startup_mk64f12.o
                0x00000ba0                SPI1_IRQHandler
 .text.I2S0_Tx_IRQHandler
                0x00000ba8        0x8 ./SDK/startup/startup_mk64f12.o
                0x00000ba8                I2S0_Tx_IRQHandler
 .text.I2S0_Rx_IRQHandler
                0x00000bb0        0x8 ./SDK/startup/startup_mk64f12.o
                0x00000bb0                I2S0_Rx_IRQHandler
 .text.UART0_LON_IRQHandler
                0x00000bb8        0x8 ./SDK/startup/startup_mk64f12.o
                0x00000bb8                UART0_LON_IRQHandler
 .text.UART0_ERR_IRQHandler
                0x00000bc0        0x8 ./SDK/startup/startup_mk64f12.o
                0x00000bc0                UART0_ERR_IRQHandler
 .text.UART1_RX_TX_IRQHandler
                0x00000bc8        0x8 ./SDK/startup/startup_mk64f12.o
                0x00000bc8                UART1_RX_TX_IRQHandler
 .text.UART1_ERR_IRQHandler
                0x00000bd0        0x8 ./SDK/startup/startup_mk64f12.o
                0x00000bd0                UART1_ERR_IRQHandler
 .text.UART2_RX_TX_IRQHandler
                0x00000bd8        0x8 ./SDK/startup/startup_mk64f12.o
                0x00000bd8                UART2_RX_TX_IRQHandler
 .text.UART2_ERR_IRQHandler
                0x00000be0        0x8 ./SDK/startup/startup_mk64f12.o
                0x00000be0                UART2_ERR_IRQHandler
 .text.UART3_RX_TX_IRQHandler
                0x00000be8        0x8 ./SDK/startup/startup_mk64f12.o
                0x00000be8                UART3_RX_TX_IRQHandler
 .text.UART3_ERR_IRQHandler
                0x00000bf0        0x8 ./SDK/startup/startup_mk64f12.o
                0x00000bf0                UART3_ERR_IRQHandler
 .text.ADC0_IRQHandler
                0x00000bf8        0x8 ./SDK/startup/startup_mk64f12.o
                0x00000bf8                ADC0_IRQHandler
 .text.CMP0_IRQHandler
                0x00000c00        0x8 ./SDK/startup/startup_mk64f12.o
                0x00000c00                CMP0_IRQHandler
 .text.CMP1_IRQHandler
                0x00000c08        0x8 ./SDK/startup/startup_mk64f12.o
                0x00000c08                CMP1_IRQHandler
 .text.FTM0_IRQHandler
                0x00000c10        0x8 ./SDK/startup/startup_mk64f12.o
                0x00000c10                FTM0_IRQHandler
 .text.FTM1_IRQHandler
                0x00000c18        0x8 ./SDK/startup/startup_mk64f12.o
                0x00000c18                FTM1_IRQHandler
 .text.FTM2_IRQHandler
                0x00000c20        0x8 ./SDK/startup/startup_mk64f12.o
                0x00000c20                FTM2_IRQHandler
 .text.CMT_IRQHandler
                0x00000c28        0x8 ./SDK/startup/startup_mk64f12.o
                0x00000c28                CMT_IRQHandler
 .text.RTC_IRQHandler
                0x00000c30        0x8 ./SDK/startup/startup_mk64f12.o
                0x00000c30                RTC_IRQHandler
 .text.RTC_Seconds_IRQHandler
                0x00000c38        0x8 ./SDK/startup/startup_mk64f12.o
                0x00000c38                RTC_Seconds_IRQHandler
 .text.PIT0_IRQHandler
                0x00000c40        0x8 ./SDK/startup/startup_mk64f12.o
                0x00000c40                PIT0_IRQHandler
 .text.PIT1_IRQHandler
                0x00000c48        0x8 ./SDK/startup/startup_mk64f12.o
                0x00000c48                PIT1_IRQHandler
 .text.PIT2_IRQHandler
                0x00000c50        0x8 ./SDK/startup/startup_mk64f12.o
                0x00000c50                PIT2_IRQHandler
 .text.PIT3_IRQHandler
                0x00000c58        0x8 ./SDK/startup/startup_mk64f12.o
                0x00000c58                PIT3_IRQHandler
 .text.PDB0_IRQHandler
                0x00000c60        0x8 ./SDK/startup/startup_mk64f12.o
                0x00000c60                PDB0_IRQHandler
 .text.USB0_IRQHandler
                0x00000c68        0x8 ./SDK/startup/startup_mk64f12.o
                0x00000c68                USB0_IRQHandler
 .text.USBDCD_IRQHandler
                0x00000c70        0x8 ./SDK/startup/startup_mk64f12.o
                0x00000c70                USBDCD_IRQHandler
 .text.Reserved71_IRQHandler
                0x00000c78        0x8 ./SDK/startup/startup_mk64f12.o
                0x00000c78                Reserved71_IRQHandler
 .text.DAC0_IRQHandler
                0x00000c80        0x8 ./SDK/startup/startup_mk64f12.o
                0x00000c80                DAC0_IRQHandler
 .text.MCG_IRQHandler
                0x00000c88        0x8 ./SDK/startup/startup_mk64f12.o
                0x00000c88                MCG_IRQHandler
 .text.LPTMR0_IRQHandler
                0x00000c90        0x8 ./SDK/startup/startup_mk64f12.o
                0x00000c90                LPTMR0_IRQHandler
 .text.PORTA_IRQHandler
                0x00000c98        0x8 ./SDK/startup/startup_mk64f12.o
                0x00000c98                PORTA_IRQHandler
 .text.PORTB_IRQHandler
                0x00000ca0        0x8 ./SDK/startup/startup_mk64f12.o
                0x00000ca0                PORTB_IRQHandler
 .text.PORTC_IRQHandler
                0x00000ca8        0x8 ./SDK/startup/startup_mk64f12.o
                0x00000ca8                PORTC_IRQHandler
 .text.PORTD_IRQHandler
                0x00000cb0        0x8 ./SDK/startup/startup_mk64f12.o
                0x00000cb0                PORTD_IRQHandler
 .text.PORTE_IRQHandler
                0x00000cb8        0x8 ./SDK/startup/startup_mk64f12.o
                0x00000cb8                PORTE_IRQHandler
 .text.SWI_IRQHandler
                0x00000cc0        0x8 ./SDK/startup/startup_mk64f12.o
                0x00000cc0                SWI_IRQHandler
 .text.SPI2_IRQHandler
                0x00000cc8        0x8 ./SDK/startup/startup_mk64f12.o
                0x00000cc8                SPI2_IRQHandler
 .text.UART4_RX_TX_IRQHandler
                0x00000cd0        0x8 ./SDK/startup/startup_mk64f12.o
                0x00000cd0                UART4_RX_TX_IRQHandler
 .text.UART4_ERR_IRQHandler
                0x00000cd8        0x8 ./SDK/startup/startup_mk64f12.o
                0x00000cd8                UART4_ERR_IRQHandler
 .text.UART5_RX_TX_IRQHandler
                0x00000ce0        0x8 ./SDK/startup/startup_mk64f12.o
                0x00000ce0                UART5_RX_TX_IRQHandler
 .text.UART5_ERR_IRQHandler
                0x00000ce8        0x8 ./SDK/startup/startup_mk64f12.o
                0x00000ce8                UART5_ERR_IRQHandler
 .text.CMP2_IRQHandler
                0x00000cf0        0x8 ./SDK/startup/startup_mk64f12.o
                0x00000cf0                CMP2_IRQHandler
 .text.FTM3_IRQHandler
                0x00000cf8        0x8 ./SDK/startup/startup_mk64f12.o
                0x00000cf8                FTM3_IRQHandler
 .text.DAC1_IRQHandler
                0x00000d00        0x8 ./SDK/startup/startup_mk64f12.o
                0x00000d00                DAC1_IRQHandler
 .text.ADC1_IRQHandler
                0x00000d08        0x8 ./SDK/startup/startup_mk64f12.o
                0x00000d08                ADC1_IRQHandler
 .text.I2C2_IRQHandler
                0x00000d10        0x8 ./SDK/startup/startup_mk64f12.o
                0x00000d10                I2C2_IRQHandler
 .text.CAN0_ORed_Message_buffer_IRQHandler
                0x00000d18        0x8 ./SDK/startup/startup_mk64f12.o
                0x00000d18                CAN0_ORed_Message_buffer_IRQHandler
 .text.CAN0_Bus_Off_IRQHandler
                0x00000d20        0x8 ./SDK/startup/startup_mk64f12.o
                0x00000d20                CAN0_Bus_Off_IRQHandler
 .text.CAN0_Error_IRQHandler
                0x00000d28        0x8 ./SDK/startup/startup_mk64f12.o
                0x00000d28                CAN0_Error_IRQHandler
 .text.CAN0_Tx_Warning_IRQHandler
                0x00000d30        0x8 ./SDK/startup/startup_mk64f12.o
                0x00000d30                CAN0_Tx_Warning_IRQHandler
 .text.CAN0_Rx_Warning_IRQHandler
                0x00000d38        0x8 ./SDK/startup/startup_mk64f12.o
                0x00000d38                CAN0_Rx_Warning_IRQHandler
 .text.CAN0_Wake_Up_IRQHandler
                0x00000d40        0x8 ./SDK/startup/startup_mk64f12.o
                0x00000d40                CAN0_Wake_Up_IRQHandler
 .text.SDHC_IRQHandler
                0x00000d48        0x8 ./SDK/startup/startup_mk64f12.o
                0x00000d48                SDHC_IRQHandler
 .text.ENET_1588_Timer_IRQHandler
                0x00000d50        0x8 ./SDK/startup/startup_mk64f12.o
                0x00000d50                ENET_1588_Timer_IRQHandler
 .text.ENET_Transmit_IRQHandler
                0x00000d58        0x8 ./SDK/startup/startup_mk64f12.o
                0x00000d58                ENET_Transmit_IRQHandler
 .text.ENET_Receive_IRQHandler
                0x00000d60        0x8 ./SDK/startup/startup_mk64f12.o
                0x00000d60                ENET_Receive_IRQHandler
 .text.ENET_Error_IRQHandler
                0x00000d68        0x8 ./SDK/startup/startup_mk64f12.o
                0x00000d68                ENET_Error_IRQHandler
 .text.SystemInitHook
                0x00000d70        0xe ./SDK/CMSIS/system_MK64F12.o
                0x00000d70                SystemInitHook
 .text.parsePin
                0x00000d7e       0x42 C:/Users/newto/LABO_DE_MICROS/uart_definitivo/projects/Blink/source/gpio.o
 *(SORT_BY_ALIGNMENT(.rodata) SORT_BY_ALIGNMENT(.rodata.*) SORT_BY_ALIGNMENT(.constdata) SORT_BY_ALIGNMENT(.constdata.*))
 .rodata        0x00000dc0       0x1c ./source/App.o
 .rodata.portPtrList
                0x00000ddc       0x14 C:/Users/newto/LABO_DE_MICROS/uart_definitivo/projects/Blink/source/gpio.o
 .rodata.gpioPtrList
                0x00000df0       0x14 C:/Users/newto/LABO_DE_MICROS/uart_definitivo/projects/Blink/source/gpio.o
 .rodata.mode2pcr
                0x00000e04       0x10 C:/Users/newto/LABO_DE_MICROS/uart_definitivo/projects/Blink/source/gpio.o
                0x00000e18                . = ALIGN (0x8)
 *fill*         0x00000e14        0x4 ff

.glue_7         0x00000e18        0x0
 .glue_7        0x00000e18        0x0 linker stubs

.glue_7t        0x00000e18        0x0
 .glue_7t       0x00000e18        0x0 linker stubs

.vfp11_veneer   0x00000e18        0x0
 .vfp11_veneer  0x00000e18        0x0 linker stubs

.v4_bx          0x00000e18        0x0
 .v4_bx         0x00000e18        0x0 linker stubs

.iplt           0x00000e18        0x0
 .iplt          0x00000e18        0x0 ./source/App.o

.rel.dyn        0x00000e18        0x0
 .rel.iplt      0x00000e18        0x0 ./source/App.o

.ARM.extab
 *(SORT_BY_ALIGNMENT(.ARM.extab*) SORT_BY_ALIGNMENT(.gnu.linkonce.armextab.*))
                0x00000e18                __exidx_start = .

.ARM.exidx
 *(SORT_BY_ALIGNMENT(.ARM.exidx*) SORT_BY_ALIGNMENT(.gnu.linkonce.armexidx.*))
                0x00000e18                __exidx_end = .
                0x00000e18                _etext = .

.m_usb_data
 *(SORT_BY_ALIGNMENT(m_usb_bdt))

.data_RAM2      0x1fff0000        0x0 load address 0x00000e18
 FILL mask 0xff
                [!provide]                PROVIDE (__start_data_RAM2, .)
 *(SORT_BY_ALIGNMENT(.ramfunc.$RAM2))
 *(SORT_BY_ALIGNMENT(.ramfunc.$SRAM_LOWER))
 *(SORT_BY_ALIGNMENT(.data.$RAM2*))
 *(SORT_BY_ALIGNMENT(.data.$SRAM_LOWER*))
                0x1fff0000                . = ALIGN (0x8)
                [!provide]                PROVIDE (__end_data_RAM2, .)

.data_RAM3      0x14000000        0x0 load address 0x00000e18
 FILL mask 0xff
                [!provide]                PROVIDE (__start_data_RAM3, .)
 *(SORT_BY_ALIGNMENT(.ramfunc.$RAM3))
 *(SORT_BY_ALIGNMENT(.ramfunc.$FLEX_RAM))
 *(SORT_BY_ALIGNMENT(.data.$RAM3*))
 *(SORT_BY_ALIGNMENT(.data.$FLEX_RAM*))
                0x14000000                . = ALIGN (0x8)
                [!provide]                PROVIDE (__end_data_RAM3, .)

.uninit_RESERVED
                0x20000000        0x0
 *(SORT_BY_ALIGNMENT(.bss.$RESERVED*))
                0x20000000                . = ALIGN (0x4)
                0x20000000                _end_uninit_RESERVED = .

.data           0x20000000       0x18 load address 0x00000e18
 FILL mask 0xff
                0x20000000                _data = .
 *(SORT_BY_ALIGNMENT(vtable))
 *(SORT_BY_ALIGNMENT(.ramfunc*))
 *(SORT_BY_ALIGNMENT(.data*))
 .data.portPtrs
                0x20000000       0x14 ./source/uart.o
                0x20000018                . = ALIGN (0x8)
 *fill*         0x20000014        0x4 ff
                0x20000018                _edata = .

.igot.plt       0x20000018        0x0 load address 0x00000e30
 .igot.plt      0x20000018        0x0 ./source/App.o

.bss_RAM2       0x1fff0000        0x0
                [!provide]                PROVIDE (__start_bss_RAM2, .)
 *(SORT_BY_ALIGNMENT(.bss.$RAM2*))
 *(SORT_BY_ALIGNMENT(.bss.$SRAM_LOWER*))
                0x1fff0000                . = ALIGN ((. != 0x0)?0x8:0x1)
                [!provide]                PROVIDE (__end_bss_RAM2, .)

.bss_RAM3       0x14000000        0x0
                [!provide]                PROVIDE (__start_bss_RAM3, .)
 *(SORT_BY_ALIGNMENT(.bss.$RAM3*))
 *(SORT_BY_ALIGNMENT(.bss.$FLEX_RAM*))
                0x14000000                . = ALIGN ((. != 0x0)?0x8:0x1)
                [!provide]                PROVIDE (__end_bss_RAM3, .)

.bss            0x20000018      0x338
                0x20000018                _bss = .
 *(SORT_BY_ALIGNMENT(.bss*))
 .bss.sendBuffer
                0x20000018      0x190 ./source/uart.o
                0x20000018                sendBuffer
 .bss.recvBuffer
                0x200001a8      0x190 ./source/uart.o
                0x200001a8                recvBuffer
 .bss.porEnviar
                0x20000338        0x4 ./source/uart.o
                0x20000338                porEnviar
 .bss.enviado   0x2000033c        0x4 ./source/uart.o
                0x2000033c                enviado
 .bss.porRecibir
                0x20000340        0x4 ./source/uart.o
                0x20000340                porRecibir
 .bss.__LDM_interruptDisableCount
                0x20000344        0x4 ./SDK/startup/hardware.o
 .bss.rx_data   0x20000348        0x1 ./source/uart.o
 *(SORT_BY_ALIGNMENT(COMMON))
                0x20000350                . = ALIGN (0x8)
 *fill*         0x20000349        0x7 
                0x20000350                _ebss = .
                [!provide]                PROVIDE (end, .)

.noinit_RAM2    0x1fff0000        0x0
 *(SORT_BY_ALIGNMENT(.noinit.$RAM2*))
 *(SORT_BY_ALIGNMENT(.noinit.$SRAM_LOWER*))
                0x1fff0000                . = ALIGN (0x8)

.noinit_RAM3    0x14000000        0x0
 *(SORT_BY_ALIGNMENT(.noinit.$RAM3*))
 *(SORT_BY_ALIGNMENT(.noinit.$FLEX_RAM*))
                0x14000000                . = ALIGN (0x8)

.noinit         0x20000350        0x0
                0x20000350                _noinit = .
 *(SORT_BY_ALIGNMENT(.noinit*))
                0x20000350                . = ALIGN (0x8)
                0x20000350                _end_noinit = .
                0x00001000                _HeapSize = 0x1000

.heap           0x20000350     0x1000
                0x20000350                _pvHeapStart = .
                0x20001350                . = (. + _HeapSize)
 *fill*         0x20000350     0x1000 
                0x20001350                . = ALIGN (0x8)
                0x20001350                _pvHeapLimit = .
                0x00001000                _StackSize = 0x1000

.heap2stackfill
                0x20001350     0x1000
                0x20002350                . = (. + _StackSize)
 *fill*         0x20001350     0x1000 

.stack          0x2002f000        0x0
                0x2002f000                _vStackBase = .
                0x2002f000                . = ALIGN (0x8)
                0x20030000                _vStackTop = (. + _StackSize)
                0x00000000                _image_start = LOADADDR (.text)
                0x00000e30                _image_end = (LOADADDR (.data) + SIZEOF (.data))
                0x00000e30                _image_size = (_image_end - _image_start)
OUTPUT(Blink.axf elf32-littlearm)

.debug_info     0x00000000     0x26ec
 .debug_info    0x00000000      0x117 ./source/App.o
 .debug_info    0x00000117      0xb36 ./source/uart.o
 .debug_info    0x00000c4d      0x675 ./SDK/startup/hardware.o
 .debug_info    0x000012c2       0xb7 ./SDK/startup/main.o
 .debug_info    0x00001379       0x3b ./SDK/startup/semihost_hardfault.o
 .debug_info    0x000013b4      0x8b0 ./SDK/startup/startup_mk64f12.o
 .debug_info    0x00001c64      0x5fc ./SDK/CMSIS/system_MK64F12.o
 .debug_info    0x00002260      0x48c C:/Users/newto/LABO_DE_MICROS/uart_definitivo/projects/Blink/source/gpio.o

.debug_abbrev   0x00000000      0x8d3
 .debug_abbrev  0x00000000       0xd6 ./source/App.o
 .debug_abbrev  0x000000d6      0x21c ./source/uart.o
 .debug_abbrev  0x000002f2      0x138 ./SDK/startup/hardware.o
 .debug_abbrev  0x0000042a       0x7d ./SDK/startup/main.o
 .debug_abbrev  0x000004a7       0x2f ./SDK/startup/semihost_hardfault.o
 .debug_abbrev  0x000004d6      0x15c ./SDK/startup/startup_mk64f12.o
 .debug_abbrev  0x00000632      0x13f ./SDK/CMSIS/system_MK64F12.o
 .debug_abbrev  0x00000771      0x162 C:/Users/newto/LABO_DE_MICROS/uart_definitivo/projects/Blink/source/gpio.o

.debug_aranges  0x00000000      0x498
 .debug_aranges
                0x00000000       0x30 ./source/App.o
 .debug_aranges
                0x00000030       0x58 ./source/uart.o
 .debug_aranges
                0x00000088       0x30 ./SDK/startup/hardware.o
 .debug_aranges
                0x000000b8       0x20 ./SDK/startup/main.o
 .debug_aranges
                0x000000d8       0x20 ./SDK/startup/semihost_hardfault.o
 .debug_aranges
                0x000000f8      0x330 ./SDK/startup/startup_mk64f12.o
 .debug_aranges
                0x00000428       0x30 ./SDK/CMSIS/system_MK64F12.o
 .debug_aranges
                0x00000458       0x40 C:/Users/newto/LABO_DE_MICROS/uart_definitivo/projects/Blink/source/gpio.o

.debug_ranges   0x00000000      0x448
 .debug_ranges  0x00000000       0x20 ./source/App.o
 .debug_ranges  0x00000020       0x48 ./source/uart.o
 .debug_ranges  0x00000068       0x20 ./SDK/startup/hardware.o
 .debug_ranges  0x00000088       0x10 ./SDK/startup/main.o
 .debug_ranges  0x00000098       0x10 ./SDK/startup/semihost_hardfault.o
 .debug_ranges  0x000000a8      0x320 ./SDK/startup/startup_mk64f12.o
 .debug_ranges  0x000003c8       0x20 ./SDK/CMSIS/system_MK64F12.o
 .debug_ranges  0x000003e8       0x60 C:/Users/newto/LABO_DE_MICROS/uart_definitivo/projects/Blink/source/gpio.o

.debug_macro    0x00000000    0x11629
 .debug_macro   0x00000000       0x54 ./source/App.o
 .debug_macro   0x00000054      0xa5a ./source/App.o
 .debug_macro   0x00000aae      0x34e ./source/App.o
 .debug_macro   0x00000dfc       0x22 ./source/App.o
 .debug_macro   0x00000e1e       0x3a ./source/App.o
 .debug_macro   0x00000e58       0x3a ./source/App.o
 .debug_macro   0x00000e92       0x1c ./source/App.o
 .debug_macro   0x00000eae       0xc2 ./source/uart.o
 .debug_macro   0x00000f70       0x5c ./source/uart.o
 .debug_macro   0x00000fcc       0x1c ./source/uart.o
 .debug_macro   0x00000fe8       0x22 ./source/uart.o
 .debug_macro   0x0000100a       0xdf ./source/uart.o
 .debug_macro   0x000010e9      0xecf ./source/uart.o
 .debug_macro   0x00001fb8       0x48 ./source/uart.o
 .debug_macro   0x00002000     0xe07b ./source/uart.o
 .debug_macro   0x0001007b       0x16 ./source/uart.o
 .debug_macro   0x00010091       0x40 ./source/uart.o
 .debug_macro   0x000100d1       0x40 ./source/uart.o
 .debug_macro   0x00010111       0x9c ./SDK/startup/hardware.o
 .debug_macro   0x000101ad       0x10 ./SDK/startup/hardware.o
 .debug_macro   0x000101bd     0x122b ./SDK/startup/hardware.o
 .debug_macro   0x000113e8       0x16 ./SDK/startup/hardware.o
 .debug_macro   0x000113fe       0x9c ./SDK/startup/main.o
 .debug_macro   0x0001149a       0x11 ./SDK/startup/semihost_hardfault.o
 .debug_macro   0x000114ab       0x29 ./SDK/startup/startup_mk64f12.o
 .debug_macro   0x000114d4       0x80 ./SDK/CMSIS/system_MK64F12.o
 .debug_macro   0x00011554       0xd5 C:/Users/newto/LABO_DE_MICROS/uart_definitivo/projects/Blink/source/gpio.o

.debug_line     0x00000000     0x1136
 .debug_line    0x00000000      0x104 ./source/App.o
 .debug_line    0x00000104      0x205 ./source/uart.o
 .debug_line    0x00000309      0x1d4 ./SDK/startup/hardware.o
 .debug_line    0x000004dd      0x175 ./SDK/startup/main.o
 .debug_line    0x00000652       0x59 ./SDK/startup/semihost_hardfault.o
 .debug_line    0x000006ab      0x6d8 ./SDK/startup/startup_mk64f12.o
 .debug_line    0x00000d83      0x1c7 ./SDK/CMSIS/system_MK64F12.o
 .debug_line    0x00000f4a      0x1ec C:/Users/newto/LABO_DE_MICROS/uart_definitivo/projects/Blink/source/gpio.o

.debug_str      0x00000000    0x78472
 .debug_str     0x00000000     0x3864 ./source/App.o
                               0x39c7 (size before relaxing)
 .debug_str     0x00003864    0x6d45f ./source/uart.o
                              0x70e6d (size before relaxing)
 .debug_str     0x00070cc3     0x6c65 ./SDK/startup/hardware.o
                              0x771f3 (size before relaxing)
 .debug_str     0x00077928       0x1b ./SDK/startup/main.o
                              0x76fc7 (size before relaxing)
 .debug_str     0x00077943       0x36 ./SDK/startup/semihost_hardfault.o
                               0x2d2d (size before relaxing)
 .debug_str     0x00077979      0x823 ./SDK/startup/startup_mk64f12.o
                               0x359b (size before relaxing)
 .debug_str     0x0007819c       0x62 ./SDK/CMSIS/system_MK64F12.o
                              0x77102 (size before relaxing)
 .debug_str     0x000781fe      0x274 C:/Users/newto/LABO_DE_MICROS/uart_definitivo/projects/Blink/source/gpio.o
                              0x772d6 (size before relaxing)

.comment        0x00000000       0x7e
 .comment       0x00000000       0x7e ./source/App.o
                                 0x7f (size before relaxing)
 .comment       0x0000007e       0x7f ./source/uart.o
 .comment       0x0000007e       0x7f ./SDK/startup/hardware.o
 .comment       0x0000007e       0x7f ./SDK/startup/main.o
 .comment       0x0000007e       0x7f ./SDK/startup/semihost_hardfault.o
 .comment       0x0000007e       0x7f ./SDK/startup/startup_mk64f12.o
 .comment       0x0000007e       0x7f ./SDK/CMSIS/system_MK64F12.o
 .comment       0x0000007e       0x7f C:/Users/newto/LABO_DE_MICROS/uart_definitivo/projects/Blink/source/gpio.o

.ARM.attributes
                0x00000000       0x39
 .ARM.attributes
                0x00000000       0x39 ./source/App.o
 .ARM.attributes
                0x00000039       0x39 ./source/uart.o
 .ARM.attributes
                0x00000072       0x39 ./SDK/startup/hardware.o
 .ARM.attributes
                0x000000ab       0x39 ./SDK/startup/main.o
 .ARM.attributes
                0x000000e4       0x39 ./SDK/startup/semihost_hardfault.o
 .ARM.attributes
                0x0000011d       0x39 ./SDK/startup/startup_mk64f12.o
 .ARM.attributes
                0x00000156       0x39 ./SDK/CMSIS/system_MK64F12.o
 .ARM.attributes
                0x0000018f       0x39 C:/Users/newto/LABO_DE_MICROS/uart_definitivo/projects/Blink/source/gpio.o

.debug_frame    0x00000000      0xcb8
 .debug_frame   0x00000000       0x78 ./source/App.o
 .debug_frame   0x00000078      0x144 ./source/uart.o
 .debug_frame   0x000001bc       0x70 ./SDK/startup/hardware.o
 .debug_frame   0x0000022c       0x2c ./SDK/startup/main.o
 .debug_frame   0x00000258       0x20 ./SDK/startup/semihost_hardfault.o
 .debug_frame   0x00000278      0x904 ./SDK/startup/startup_mk64f12.o
 .debug_frame   0x00000b7c       0x74 ./SDK/CMSIS/system_MK64F12.o
 .debug_frame   0x00000bf0       0xc8 C:/Users/newto/LABO_DE_MICROS/uart_definitivo/projects/Blink/source/gpio.o
