Archive member included to satisfy reference by file (symbol)

c:/nxp/mcuxpressoide_10.2.0_759/ide/tools/bin/../lib/gcc/arm-none-eabi/7.2.1/../../../../arm-none-eabi/lib/thumb/v7e-m/fpv4-sp/hard\libcr_c.a(powf.o)
                              ./source/Posicionamiento.o (powf)
c:/nxp/mcuxpressoide_10.2.0_759/ide/tools/bin/../lib/gcc/arm-none-eabi/7.2.1/../../../../arm-none-eabi/lib/thumb/v7e-m/fpv4-sp/hard\libcr_c.a(sqrtf_m4_hardfp.o)
                              ./source/Posicionamiento.o (sqrtf)
c:/nxp/mcuxpressoide_10.2.0_759/ide/tools/bin/../lib/gcc/arm-none-eabi/7.2.1/../../../../arm-none-eabi/lib/thumb/v7e-m/fpv4-sp/hard\libcr_c.a(atan.o)
                              ./source/Posicionamiento.o (atan)
c:/nxp/mcuxpressoide_10.2.0_759/ide/tools/bin/../lib/gcc/arm-none-eabi/7.2.1/../../../../arm-none-eabi/lib/thumb/v7e-m/fpv4-sp/hard\libcr_c.a(errno.o)
                              c:/nxp/mcuxpressoide_10.2.0_759/ide/tools/bin/../lib/gcc/arm-none-eabi/7.2.1/../../../../arm-none-eabi/lib/thumb/v7e-m/fpv4-sp/hard\libcr_c.a(powf.o) (errno)
c:/nxp/mcuxpressoide_10.2.0_759/ide/tools/bin/../lib/gcc/arm-none-eabi/7.2.1/../../../../arm-none-eabi/lib/thumb/v7e-m/fpv4-sp/hard\libcr_c.a(fabs.o)
                              ./source/Posicionamiento.o (fabs)
c:/nxp/mcuxpressoide_10.2.0_759/ide/tools/bin/../lib/gcc/arm-none-eabi/7.2.1/../../../../arm-none-eabi/lib/thumb/v7e-m/fpv4-sp/hard\libcr_c.a(frexpf.o)
                              c:/nxp/mcuxpressoide_10.2.0_759/ide/tools/bin/../lib/gcc/arm-none-eabi/7.2.1/../../../../arm-none-eabi/lib/thumb/v7e-m/fpv4-sp/hard\libcr_c.a(powf.o) (frexpf)
c:/nxp/mcuxpressoide_10.2.0_759/ide/tools/bin/../lib/gcc/arm-none-eabi/7.2.1/../../../../arm-none-eabi/lib/thumb/v7e-m/fpv4-sp/hard\libcr_c.a(ldexpf.o)
                              c:/nxp/mcuxpressoide_10.2.0_759/ide/tools/bin/../lib/gcc/arm-none-eabi/7.2.1/../../../../arm-none-eabi/lib/thumb/v7e-m/fpv4-sp/hard\libcr_c.a(powf.o) (ldexpf)
c:/nxp/mcuxpressoide_10.2.0_759/ide/tools/bin/../lib/gcc/arm-none-eabi/7.2.1/thumb/v7e-m/fpv4-sp/hard\libcr_eabihelpers.a(double.o)
                              ./source/Posicionamiento.o (__aeabi_dmul)
c:/nxp/mcuxpressoide_10.2.0_759/ide/tools/bin/../lib/gcc/arm-none-eabi/7.2.1/thumb/v7e-m/fpv4-sp/hard\libcr_eabihelpers.a(float.o)
                              ./source/Posicionamiento.o (__aeabi_f2d)

Discarded input sections

 .group         0x00000000        0xc ./source/App.o
 .group         0x00000000        0xc ./source/App.o
 .group         0x00000000        0xc ./source/App.o
 .group         0x00000000        0xc ./source/App.o
 .group         0x00000000        0xc ./source/App.o
 .group         0x00000000        0xc ./source/App.o
 .group         0x00000000        0xc ./source/App.o
 .group         0x00000000        0xc ./source/App.o
 .group         0x00000000        0xc ./source/App.o
 .group         0x00000000        0xc ./source/App.o
 .group         0x00000000        0xc ./source/App.o
 .group         0x00000000        0xc ./source/App.o
 .group         0x00000000        0xc ./source/App.o
 .group         0x00000000        0xc ./source/App.o
 .group         0x00000000        0xc ./source/App.o
 .group         0x00000000        0xc ./source/App.o
 .text          0x00000000        0x0 ./source/App.o
 .data          0x00000000        0x0 ./source/App.o
 .bss           0x00000000        0x0 ./source/App.o
 .group         0x00000000        0xc ./source/CAN.o
 .group         0x00000000        0xc ./source/CAN.o
 .group         0x00000000        0xc ./source/CAN.o
 .group         0x00000000        0xc ./source/CAN.o
 .group         0x00000000        0xc ./source/CAN.o
 .group         0x00000000        0xc ./source/CAN.o
 .group         0x00000000        0xc ./source/CAN.o
 .group         0x00000000        0xc ./source/CAN.o
 .group         0x00000000        0xc ./source/CAN.o
 .group         0x00000000        0xc ./source/CAN.o
 .group         0x00000000        0xc ./source/CAN.o
 .group         0x00000000        0xc ./source/CAN.o
 .group         0x00000000        0xc ./source/CAN.o
 .group         0x00000000        0xc ./source/CAN.o
 .group         0x00000000        0xc ./source/CAN.o
 .text          0x00000000        0x0 ./source/CAN.o
 .data          0x00000000        0x0 ./source/CAN.o
 .bss           0x00000000        0x0 ./source/CAN.o
 .text.CAN_READ_RX_BUFFER
                0x00000000       0x3e ./source/CAN.o
 .debug_macro   0x00000000      0xa5a ./source/CAN.o
 .debug_macro   0x00000000      0x34e ./source/CAN.o
 .debug_macro   0x00000000       0x22 ./source/CAN.o
 .debug_macro   0x00000000       0x10 ./source/CAN.o
 .debug_macro   0x00000000       0x5c ./source/CAN.o
 .debug_macro   0x00000000       0x1c ./source/CAN.o
 .debug_macro   0x00000000       0x22 ./source/CAN.o
 .debug_macro   0x00000000       0xdf ./source/CAN.o
 .debug_macro   0x00000000      0xecf ./source/CAN.o
 .debug_macro   0x00000000       0x48 ./source/CAN.o
 .debug_macro   0x00000000     0xe07b ./source/CAN.o
 .debug_macro   0x00000000     0x122b ./source/CAN.o
 .debug_macro   0x00000000       0x16 ./source/CAN.o
 .debug_macro   0x00000000       0x46 ./source/CAN.o
 .debug_macro   0x00000000       0x58 ./source/CAN.o
 .group         0x00000000        0xc ./source/Posicionamiento.o
 .group         0x00000000        0xc ./source/Posicionamiento.o
 .group         0x00000000        0xc ./source/Posicionamiento.o
 .group         0x00000000        0xc ./source/Posicionamiento.o
 .group         0x00000000        0xc ./source/Posicionamiento.o
 .group         0x00000000        0xc ./source/Posicionamiento.o
 .group         0x00000000        0xc ./source/Posicionamiento.o
 .group         0x00000000        0xc ./source/Posicionamiento.o
 .group         0x00000000        0xc ./source/Posicionamiento.o
 .group         0x00000000        0xc ./source/Posicionamiento.o
 .group         0x00000000        0xc ./source/Posicionamiento.o
 .group         0x00000000        0xc ./source/Posicionamiento.o
 .group         0x00000000        0xc ./source/Posicionamiento.o
 .group         0x00000000        0xc ./source/Posicionamiento.o
 .group         0x00000000        0xc ./source/Posicionamiento.o
 .group         0x00000000        0xc ./source/Posicionamiento.o
 .group         0x00000000        0xc ./source/Posicionamiento.o
 .group         0x00000000        0xc ./source/Posicionamiento.o
 .group         0x00000000        0xc ./source/Posicionamiento.o
 .group         0x00000000        0xc ./source/Posicionamiento.o
 .group         0x00000000        0xc ./source/Posicionamiento.o
 .group         0x00000000        0xc ./source/Posicionamiento.o
 .group         0x00000000        0xc ./source/Posicionamiento.o
 .group         0x00000000        0xc ./source/Posicionamiento.o
 .group         0x00000000        0xc ./source/Posicionamiento.o
 .group         0x00000000        0xc ./source/Posicionamiento.o
 .group         0x00000000        0xc ./source/Posicionamiento.o
 .group         0x00000000        0xc ./source/Posicionamiento.o
 .group         0x00000000        0xc ./source/Posicionamiento.o
 .text          0x00000000        0x0 ./source/Posicionamiento.o
 .data          0x00000000        0x0 ./source/Posicionamiento.o
 .bss           0x00000000        0x0 ./source/Posicionamiento.o
 .data.accel_cords
                0x00000000        0x6 ./source/Posicionamiento.o
 .data.magnet_cords
                0x00000000        0x6 ./source/Posicionamiento.o
 .bss.roll      0x00000000        0x2 ./source/Posicionamiento.o
 .bss.pitching  0x00000000        0x2 ./source/Posicionamiento.o
 .bss.orientation
                0x00000000        0x2 ./source/Posicionamiento.o
 .text.Position_InitDrv
                0x00000000        0xe ./source/Posicionamiento.o
 .text.Position_Update
                0x00000000       0x18 ./source/Posicionamiento.o
 .text.Position_GetRoll
                0x00000000       0x18 ./source/Posicionamiento.o
 .text.Position_GetPitch
                0x00000000       0x18 ./source/Posicionamiento.o
 .text.Position_GetOrientation
                0x00000000       0x18 ./source/Posicionamiento.o
 .text.Position_CalculateRoll
                0x00000000      0x1cc ./source/Posicionamiento.o
 .text.Position_CalculatePitching
                0x00000000      0x1cc ./source/Posicionamiento.o
 .text.Position_CalculateOrientation
                0x00000000      0x1d4 ./source/Posicionamiento.o
 .debug_info    0x00000000      0xb2d ./source/Posicionamiento.o
 .debug_abbrev  0x00000000      0x26b ./source/Posicionamiento.o
 .debug_aranges
                0x00000000       0x58 ./source/Posicionamiento.o
 .debug_ranges  0x00000000       0x48 ./source/Posicionamiento.o
 .debug_macro   0x00000000      0x179 ./source/Posicionamiento.o
 .debug_macro   0x00000000      0xa5a ./source/Posicionamiento.o
 .debug_macro   0x00000000      0x34e ./source/Posicionamiento.o
 .debug_macro   0x00000000       0x22 ./source/Posicionamiento.o
 .debug_macro   0x00000000       0x10 ./source/Posicionamiento.o
 .debug_macro   0x00000000       0x5c ./source/Posicionamiento.o
 .debug_macro   0x00000000       0x1c ./source/Posicionamiento.o
 .debug_macro   0x00000000       0x22 ./source/Posicionamiento.o
 .debug_macro   0x00000000       0xdf ./source/Posicionamiento.o
 .debug_macro   0x00000000      0xecf ./source/Posicionamiento.o
 .debug_macro   0x00000000       0x48 ./source/Posicionamiento.o
 .debug_macro   0x00000000     0xe07b ./source/Posicionamiento.o
 .debug_macro   0x00000000     0x122b ./source/Posicionamiento.o
 .debug_macro   0x00000000       0x16 ./source/Posicionamiento.o
 .debug_macro   0x00000000       0x10 ./source/Posicionamiento.o
 .debug_macro   0x00000000       0x22 ./source/Posicionamiento.o
 .debug_macro   0x00000000       0x52 ./source/Posicionamiento.o
 .debug_macro   0x00000000       0x17 ./source/Posicionamiento.o
 .debug_macro   0x00000000       0x8d ./source/Posicionamiento.o
 .debug_macro   0x00000000       0x35 ./source/Posicionamiento.o
 .debug_macro   0x00000000       0x9c ./source/Posicionamiento.o
 .debug_macro   0x00000000      0x174 ./source/Posicionamiento.o
 .debug_macro   0x00000000       0x57 ./source/Posicionamiento.o
 .debug_macro   0x00000000       0x58 ./source/Posicionamiento.o
 .debug_macro   0x00000000       0x1f ./source/Posicionamiento.o
 .debug_macro   0x00000000       0x43 ./source/Posicionamiento.o
 .debug_macro   0x00000000       0x20 ./source/Posicionamiento.o
 .debug_macro   0x00000000      0x18e ./source/Posicionamiento.o
 .debug_macro   0x00000000      0x32a ./source/Posicionamiento.o
 .debug_macro   0x00000000      0x1e1 ./source/Posicionamiento.o
 .debug_line    0x00000000      0x41a ./source/Posicionamiento.o
 .debug_str     0x00000000    0x7ad16 ./source/Posicionamiento.o
 .comment       0x00000000       0x7f ./source/Posicionamiento.o
 .debug_frame   0x00000000      0x14c ./source/Posicionamiento.o
 .ARM.attributes
                0x00000000       0x39 ./source/Posicionamiento.o
 .group         0x00000000        0xc ./source/SPI.o
 .group         0x00000000        0xc ./source/SPI.o
 .group         0x00000000        0xc ./source/SPI.o
 .group         0x00000000        0xc ./source/SPI.o
 .group         0x00000000        0xc ./source/SPI.o
 .group         0x00000000        0xc ./source/SPI.o
 .group         0x00000000        0xc ./source/SPI.o
 .group         0x00000000        0xc ./source/SPI.o
 .group         0x00000000        0xc ./source/SPI.o
 .group         0x00000000        0xc ./source/SPI.o
 .group         0x00000000        0xc ./source/SPI.o
 .group         0x00000000        0xc ./source/SPI.o
 .group         0x00000000        0xc ./source/SPI.o
 .group         0x00000000        0xc ./source/SPI.o
 .group         0x00000000        0xc ./source/SPI.o
 .text          0x00000000        0x0 ./source/SPI.o
 .data          0x00000000        0x0 ./source/SPI.o
 .bss           0x00000000        0x0 ./source/SPI.o
 .text.disableTxFIFO
                0x00000000       0x34 ./source/SPI.o
 .text.enableTxFIFO
                0x00000000       0x34 ./source/SPI.o
 .text.disableRxFIFO
                0x00000000       0x34 ./source/SPI.o
 .text.enableRxFIFO
                0x00000000       0x34 ./source/SPI.o
 .text.clearTxFIFOCounter
                0x00000000       0x34 ./source/SPI.o
 .text.clearRxFIFOCounter
                0x00000000       0x34 ./source/SPI.o
 .text.setPCSActiveHigh
                0x00000000       0x34 ./source/SPI.o
 .debug_macro   0x00000000      0xa5a ./source/SPI.o
 .debug_macro   0x00000000      0x34e ./source/SPI.o
 .debug_macro   0x00000000       0x22 ./source/SPI.o
 .debug_macro   0x00000000       0x10 ./source/SPI.o
 .debug_macro   0x00000000       0x5c ./source/SPI.o
 .debug_macro   0x00000000       0x1c ./source/SPI.o
 .debug_macro   0x00000000       0x22 ./source/SPI.o
 .debug_macro   0x00000000       0xdf ./source/SPI.o
 .debug_macro   0x00000000      0xecf ./source/SPI.o
 .debug_macro   0x00000000       0x48 ./source/SPI.o
 .debug_macro   0x00000000     0xe07b ./source/SPI.o
 .debug_macro   0x00000000     0x122b ./source/SPI.o
 .debug_macro   0x00000000       0x16 ./source/SPI.o
 .debug_macro   0x00000000       0x46 ./source/SPI.o
 .debug_macro   0x00000000       0x58 ./source/SPI.o
 .group         0x00000000        0xc ./source/Sensores.o
 .group         0x00000000        0xc ./source/Sensores.o
 .group         0x00000000        0xc ./source/Sensores.o
 .group         0x00000000        0xc ./source/Sensores.o
 .group         0x00000000        0xc ./source/Sensores.o
 .group         0x00000000        0xc ./source/Sensores.o
 .group         0x00000000        0xc ./source/Sensores.o
 .group         0x00000000        0xc ./source/Sensores.o
 .group         0x00000000        0xc ./source/Sensores.o
 .group         0x00000000        0xc ./source/Sensores.o
 .group         0x00000000        0xc ./source/Sensores.o
 .group         0x00000000        0xc ./source/Sensores.o
 .group         0x00000000        0xc ./source/Sensores.o
 .group         0x00000000        0xc ./source/Sensores.o
 .text          0x00000000        0x0 ./source/Sensores.o
 .data          0x00000000        0x0 ./source/Sensores.o
 .bss           0x00000000        0x0 ./source/Sensores.o
 .text._mqx_ints_FXOS8700CQ_start
                0x00000000       0xe4 ./source/Sensores.o
 .text.ReadAccelMagnData
                0x00000000       0xaa ./source/Sensores.o
 .debug_info    0x00000000      0x1a6 ./source/Sensores.o
 .debug_abbrev  0x00000000      0x10c ./source/Sensores.o
 .debug_aranges
                0x00000000       0x28 ./source/Sensores.o
 .debug_ranges  0x00000000       0x18 ./source/Sensores.o
 .debug_macro   0x00000000       0xe1 ./source/Sensores.o
 .debug_macro   0x00000000      0xa5a ./source/Sensores.o
 .debug_macro   0x00000000      0x34e ./source/Sensores.o
 .debug_macro   0x00000000       0x22 ./source/Sensores.o
 .debug_macro   0x00000000       0x10 ./source/Sensores.o
 .debug_macro   0x00000000       0x5c ./source/Sensores.o
 .debug_macro   0x00000000       0x1c ./source/Sensores.o
 .debug_macro   0x00000000       0x22 ./source/Sensores.o
 .debug_macro   0x00000000       0xdf ./source/Sensores.o
 .debug_macro   0x00000000      0xecf ./source/Sensores.o
 .debug_macro   0x00000000       0x48 ./source/Sensores.o
 .debug_macro   0x00000000     0xe07b ./source/Sensores.o
 .debug_macro   0x00000000     0x122b ./source/Sensores.o
 .debug_macro   0x00000000       0x16 ./source/Sensores.o
 .debug_macro   0x00000000       0x10 ./source/Sensores.o
 .debug_line    0x00000000      0x1c3 ./source/Sensores.o
 .debug_str     0x00000000    0x77156 ./source/Sensores.o
 .comment       0x00000000       0x7f ./source/Sensores.o
 .debug_frame   0x00000000       0x60 ./source/Sensores.o
 .ARM.attributes
                0x00000000       0x39 ./source/Sensores.o
 .group         0x00000000        0xc ./source/gpio.o
 .group         0x00000000        0xc ./source/gpio.o
 .group         0x00000000        0xc ./source/gpio.o
 .group         0x00000000        0xc ./source/gpio.o
 .group         0x00000000        0xc ./source/gpio.o
 .group         0x00000000        0xc ./source/gpio.o
 .group         0x00000000        0xc ./source/gpio.o
 .group         0x00000000        0xc ./source/gpio.o
 .group         0x00000000        0xc ./source/gpio.o
 .group         0x00000000        0xc ./source/gpio.o
 .group         0x00000000        0xc ./source/gpio.o
 .group         0x00000000        0xc ./source/gpio.o
 .group         0x00000000        0xc ./source/gpio.o
 .group         0x00000000        0xc ./source/gpio.o
 .text          0x00000000        0x0 ./source/gpio.o
 .data          0x00000000        0x0 ./source/gpio.o
 .bss           0x00000000        0x0 ./source/gpio.o
 .text.gpioToggle
                0x00000000       0x7c ./source/gpio.o
 .text.gpioRead
                0x00000000       0x5c ./source/gpio.o
 .debug_macro   0x00000000      0xa5a ./source/gpio.o
 .debug_macro   0x00000000      0x34e ./source/gpio.o
 .debug_macro   0x00000000       0x22 ./source/gpio.o
 .debug_macro   0x00000000       0x10 ./source/gpio.o
 .debug_macro   0x00000000       0x5c ./source/gpio.o
 .debug_macro   0x00000000       0x1c ./source/gpio.o
 .debug_macro   0x00000000       0x22 ./source/gpio.o
 .debug_macro   0x00000000       0xdf ./source/gpio.o
 .debug_macro   0x00000000      0xecf ./source/gpio.o
 .debug_macro   0x00000000       0x48 ./source/gpio.o
 .debug_macro   0x00000000     0xe07b ./source/gpio.o
 .debug_macro   0x00000000     0x122b ./source/gpio.o
 .debug_macro   0x00000000       0x16 ./source/gpio.o
 .debug_macro   0x00000000       0x46 ./source/gpio.o
 .group         0x00000000        0xc ./SDK/startup/hardware.o
 .group         0x00000000        0xc ./SDK/startup/hardware.o
 .group         0x00000000        0xc ./SDK/startup/hardware.o
 .group         0x00000000        0xc ./SDK/startup/hardware.o
 .group         0x00000000        0xc ./SDK/startup/hardware.o
 .group         0x00000000        0xc ./SDK/startup/hardware.o
 .group         0x00000000        0xc ./SDK/startup/hardware.o
 .group         0x00000000        0xc ./SDK/startup/hardware.o
 .group         0x00000000        0xc ./SDK/startup/hardware.o
 .group         0x00000000        0xc ./SDK/startup/hardware.o
 .group         0x00000000        0xc ./SDK/startup/hardware.o
 .group         0x00000000        0xc ./SDK/startup/hardware.o
 .group         0x00000000        0xc ./SDK/startup/hardware.o
 .text          0x00000000        0x0 ./SDK/startup/hardware.o
 .data          0x00000000        0x0 ./SDK/startup/hardware.o
 .bss           0x00000000        0x0 ./SDK/startup/hardware.o
 .debug_macro   0x00000000      0xa5a ./SDK/startup/hardware.o
 .debug_macro   0x00000000      0x34e ./SDK/startup/hardware.o
 .debug_macro   0x00000000       0x22 ./SDK/startup/hardware.o
 .debug_macro   0x00000000       0x10 ./SDK/startup/hardware.o
 .debug_macro   0x00000000       0x5c ./SDK/startup/hardware.o
 .debug_macro   0x00000000       0x1c ./SDK/startup/hardware.o
 .debug_macro   0x00000000       0x22 ./SDK/startup/hardware.o
 .debug_macro   0x00000000       0xdf ./SDK/startup/hardware.o
 .debug_macro   0x00000000      0xecf ./SDK/startup/hardware.o
 .debug_macro   0x00000000       0x48 ./SDK/startup/hardware.o
 .debug_macro   0x00000000     0xe07b ./SDK/startup/hardware.o
 .debug_macro   0x00000000     0x122b ./SDK/startup/hardware.o
 .debug_macro   0x00000000       0x16 ./SDK/startup/hardware.o
 .group         0x00000000        0xc ./SDK/startup/main.o
 .group         0x00000000        0xc ./SDK/startup/main.o
 .group         0x00000000        0xc ./SDK/startup/main.o
 .group         0x00000000        0xc ./SDK/startup/main.o
 .group         0x00000000        0xc ./SDK/startup/main.o
 .group         0x00000000        0xc ./SDK/startup/main.o
 .group         0x00000000        0xc ./SDK/startup/main.o
 .group         0x00000000        0xc ./SDK/startup/main.o
 .group         0x00000000        0xc ./SDK/startup/main.o
 .group         0x00000000        0xc ./SDK/startup/main.o
 .group         0x00000000        0xc ./SDK/startup/main.o
 .group         0x00000000        0xc ./SDK/startup/main.o
 .group         0x00000000        0xc ./SDK/startup/main.o
 .text          0x00000000        0x0 ./SDK/startup/main.o
 .data          0x00000000        0x0 ./SDK/startup/main.o
 .bss           0x00000000        0x0 ./SDK/startup/main.o
 .debug_macro   0x00000000      0xa5a ./SDK/startup/main.o
 .debug_macro   0x00000000      0x34e ./SDK/startup/main.o
 .debug_macro   0x00000000       0x22 ./SDK/startup/main.o
 .debug_macro   0x00000000       0x10 ./SDK/startup/main.o
 .debug_macro   0x00000000       0x5c ./SDK/startup/main.o
 .debug_macro   0x00000000       0x1c ./SDK/startup/main.o
 .debug_macro   0x00000000       0x22 ./SDK/startup/main.o
 .debug_macro   0x00000000       0xdf ./SDK/startup/main.o
 .debug_macro   0x00000000      0xecf ./SDK/startup/main.o
 .debug_macro   0x00000000       0x48 ./SDK/startup/main.o
 .debug_macro   0x00000000     0xe07b ./SDK/startup/main.o
 .debug_macro   0x00000000     0x122b ./SDK/startup/main.o
 .debug_macro   0x00000000       0x16 ./SDK/startup/main.o
 .group         0x00000000        0xc ./SDK/startup/semihost_hardfault.o
 .text          0x00000000        0x0 ./SDK/startup/semihost_hardfault.o
 .data          0x00000000        0x0 ./SDK/startup/semihost_hardfault.o
 .bss           0x00000000        0x0 ./SDK/startup/semihost_hardfault.o
 .debug_macro   0x00000000      0xa5a ./SDK/startup/semihost_hardfault.o
 .group         0x00000000        0xc ./SDK/startup/startup_mk64f12.o
 .text          0x00000000        0x0 ./SDK/startup/startup_mk64f12.o
 .data          0x00000000        0x0 ./SDK/startup/startup_mk64f12.o
 .bss           0x00000000        0x0 ./SDK/startup/startup_mk64f12.o
 .text.PORTA_IRQHandler
                0x00000000        0x8 ./SDK/startup/startup_mk64f12.o
 .text.PORTB_IRQHandler
                0x00000000        0x8 ./SDK/startup/startup_mk64f12.o
 .text.PORTC_IRQHandler
                0x00000000        0x8 ./SDK/startup/startup_mk64f12.o
 .text.PORTD_IRQHandler
                0x00000000        0x8 ./SDK/startup/startup_mk64f12.o
 .text.PORTE_IRQHandler
                0x00000000        0x8 ./SDK/startup/startup_mk64f12.o
 .debug_macro   0x00000000      0xa5a ./SDK/startup/startup_mk64f12.o
 .group         0x00000000        0xc ./SDK/CMSIS/system_MK64F12.o
 .group         0x00000000        0xc ./SDK/CMSIS/system_MK64F12.o
 .group         0x00000000        0xc ./SDK/CMSIS/system_MK64F12.o
 .group         0x00000000        0xc ./SDK/CMSIS/system_MK64F12.o
 .group         0x00000000        0xc ./SDK/CMSIS/system_MK64F12.o
 .group         0x00000000        0xc ./SDK/CMSIS/system_MK64F12.o
 .group         0x00000000        0xc ./SDK/CMSIS/system_MK64F12.o
 .group         0x00000000        0xc ./SDK/CMSIS/system_MK64F12.o
 .group         0x00000000        0xc ./SDK/CMSIS/system_MK64F12.o
 .group         0x00000000        0xc ./SDK/CMSIS/system_MK64F12.o
 .group         0x00000000        0xc ./SDK/CMSIS/system_MK64F12.o
 .text          0x00000000        0x0 ./SDK/CMSIS/system_MK64F12.o
 .data          0x00000000        0x0 ./SDK/CMSIS/system_MK64F12.o
 .bss           0x00000000        0x0 ./SDK/CMSIS/system_MK64F12.o
 .data.SystemCoreClock
                0x00000000        0x4 ./SDK/CMSIS/system_MK64F12.o
 .text.SystemCoreClockUpdate
                0x00000000      0x278 ./SDK/CMSIS/system_MK64F12.o
 .debug_macro   0x00000000      0xa5a ./SDK/CMSIS/system_MK64F12.o
 .debug_macro   0x00000000      0x34e ./SDK/CMSIS/system_MK64F12.o
 .debug_macro   0x00000000       0x10 ./SDK/CMSIS/system_MK64F12.o
 .debug_macro   0x00000000       0x5c ./SDK/CMSIS/system_MK64F12.o
 .debug_macro   0x00000000       0x1c ./SDK/CMSIS/system_MK64F12.o
 .debug_macro   0x00000000       0x22 ./SDK/CMSIS/system_MK64F12.o
 .debug_macro   0x00000000       0xdf ./SDK/CMSIS/system_MK64F12.o
 .debug_macro   0x00000000      0xecf ./SDK/CMSIS/system_MK64F12.o
 .debug_macro   0x00000000       0x48 ./SDK/CMSIS/system_MK64F12.o
 .debug_macro   0x00000000     0xe07b ./SDK/CMSIS/system_MK64F12.o
 .debug_macro   0x00000000     0x122b ./SDK/CMSIS/system_MK64F12.o
 .text          0x00000000        0x0 c:/nxp/mcuxpressoide_10.2.0_759/ide/tools/bin/../lib/gcc/arm-none-eabi/7.2.1/../../../../arm-none-eabi/lib/thumb/v7e-m/fpv4-sp/hard\libcr_c.a(powf.o)
 .data          0x00000000        0x0 c:/nxp/mcuxpressoide_10.2.0_759/ide/tools/bin/../lib/gcc/arm-none-eabi/7.2.1/../../../../arm-none-eabi/lib/thumb/v7e-m/fpv4-sp/hard\libcr_c.a(powf.o)
 .bss           0x00000000        0x0 c:/nxp/mcuxpressoide_10.2.0_759/ide/tools/bin/../lib/gcc/arm-none-eabi/7.2.1/../../../../arm-none-eabi/lib/thumb/v7e-m/fpv4-sp/hard\libcr_c.a(powf.o)
 .text.powf     0x00000000      0x2d4 c:/nxp/mcuxpressoide_10.2.0_759/ide/tools/bin/../lib/gcc/arm-none-eabi/7.2.1/../../../../arm-none-eabi/lib/thumb/v7e-m/fpv4-sp/hard\libcr_c.a(powf.o)
 .rodata.a1.5205
                0x00000000       0x88 c:/nxp/mcuxpressoide_10.2.0_759/ide/tools/bin/../lib/gcc/arm-none-eabi/7.2.1/../../../../arm-none-eabi/lib/thumb/v7e-m/fpv4-sp/hard\libcr_c.a(powf.o)
 .comment       0x00000000       0x7f c:/nxp/mcuxpressoide_10.2.0_759/ide/tools/bin/../lib/gcc/arm-none-eabi/7.2.1/../../../../arm-none-eabi/lib/thumb/v7e-m/fpv4-sp/hard\libcr_c.a(powf.o)
 .ARM.attributes
                0x00000000       0x39 c:/nxp/mcuxpressoide_10.2.0_759/ide/tools/bin/../lib/gcc/arm-none-eabi/7.2.1/../../../../arm-none-eabi/lib/thumb/v7e-m/fpv4-sp/hard\libcr_c.a(powf.o)
 .text          0x00000000        0x0 c:/nxp/mcuxpressoide_10.2.0_759/ide/tools/bin/../lib/gcc/arm-none-eabi/7.2.1/../../../../arm-none-eabi/lib/thumb/v7e-m/fpv4-sp/hard\libcr_c.a(sqrtf_m4_hardfp.o)
 .data          0x00000000        0x0 c:/nxp/mcuxpressoide_10.2.0_759/ide/tools/bin/../lib/gcc/arm-none-eabi/7.2.1/../../../../arm-none-eabi/lib/thumb/v7e-m/fpv4-sp/hard\libcr_c.a(sqrtf_m4_hardfp.o)
 .bss           0x00000000        0x0 c:/nxp/mcuxpressoide_10.2.0_759/ide/tools/bin/../lib/gcc/arm-none-eabi/7.2.1/../../../../arm-none-eabi/lib/thumb/v7e-m/fpv4-sp/hard\libcr_c.a(sqrtf_m4_hardfp.o)
 .text.sqrtf    0x00000000        0x6 c:/nxp/mcuxpressoide_10.2.0_759/ide/tools/bin/../lib/gcc/arm-none-eabi/7.2.1/../../../../arm-none-eabi/lib/thumb/v7e-m/fpv4-sp/hard\libcr_c.a(sqrtf_m4_hardfp.o)
 .ARM.attributes
                0x00000000       0x25 c:/nxp/mcuxpressoide_10.2.0_759/ide/tools/bin/../lib/gcc/arm-none-eabi/7.2.1/../../../../arm-none-eabi/lib/thumb/v7e-m/fpv4-sp/hard\libcr_c.a(sqrtf_m4_hardfp.o)
 .text          0x00000000        0x0 c:/nxp/mcuxpressoide_10.2.0_759/ide/tools/bin/../lib/gcc/arm-none-eabi/7.2.1/../../../../arm-none-eabi/lib/thumb/v7e-m/fpv4-sp/hard\libcr_c.a(atan.o)
 .data          0x00000000        0x0 c:/nxp/mcuxpressoide_10.2.0_759/ide/tools/bin/../lib/gcc/arm-none-eabi/7.2.1/../../../../arm-none-eabi/lib/thumb/v7e-m/fpv4-sp/hard\libcr_c.a(atan.o)
 .bss           0x00000000        0x0 c:/nxp/mcuxpressoide_10.2.0_759/ide/tools/bin/../lib/gcc/arm-none-eabi/7.2.1/../../../../arm-none-eabi/lib/thumb/v7e-m/fpv4-sp/hard\libcr_c.a(atan.o)
 .text.atan     0x00000000      0x224 c:/nxp/mcuxpressoide_10.2.0_759/ide/tools/bin/../lib/gcc/arm-none-eabi/7.2.1/../../../../arm-none-eabi/lib/thumb/v7e-m/fpv4-sp/hard\libcr_c.a(atan.o)
 .rodata.a.5195
                0x00000000       0x20 c:/nxp/mcuxpressoide_10.2.0_759/ide/tools/bin/../lib/gcc/arm-none-eabi/7.2.1/../../../../arm-none-eabi/lib/thumb/v7e-m/fpv4-sp/hard\libcr_c.a(atan.o)
 .comment       0x00000000       0x7f c:/nxp/mcuxpressoide_10.2.0_759/ide/tools/bin/../lib/gcc/arm-none-eabi/7.2.1/../../../../arm-none-eabi/lib/thumb/v7e-m/fpv4-sp/hard\libcr_c.a(atan.o)
 .ARM.attributes
                0x00000000       0x39 c:/nxp/mcuxpressoide_10.2.0_759/ide/tools/bin/../lib/gcc/arm-none-eabi/7.2.1/../../../../arm-none-eabi/lib/thumb/v7e-m/fpv4-sp/hard\libcr_c.a(atan.o)
 .text          0x00000000        0x0 c:/nxp/mcuxpressoide_10.2.0_759/ide/tools/bin/../lib/gcc/arm-none-eabi/7.2.1/../../../../arm-none-eabi/lib/thumb/v7e-m/fpv4-sp/hard\libcr_c.a(errno.o)
 .data          0x00000000        0x0 c:/nxp/mcuxpressoide_10.2.0_759/ide/tools/bin/../lib/gcc/arm-none-eabi/7.2.1/../../../../arm-none-eabi/lib/thumb/v7e-m/fpv4-sp/hard\libcr_c.a(errno.o)
 .bss           0x00000000        0x0 c:/nxp/mcuxpressoide_10.2.0_759/ide/tools/bin/../lib/gcc/arm-none-eabi/7.2.1/../../../../arm-none-eabi/lib/thumb/v7e-m/fpv4-sp/hard\libcr_c.a(errno.o)
 .bss.errno     0x00000000        0x4 c:/nxp/mcuxpressoide_10.2.0_759/ide/tools/bin/../lib/gcc/arm-none-eabi/7.2.1/../../../../arm-none-eabi/lib/thumb/v7e-m/fpv4-sp/hard\libcr_c.a(errno.o)
 .comment       0x00000000       0x7f c:/nxp/mcuxpressoide_10.2.0_759/ide/tools/bin/../lib/gcc/arm-none-eabi/7.2.1/../../../../arm-none-eabi/lib/thumb/v7e-m/fpv4-sp/hard\libcr_c.a(errno.o)
 .ARM.attributes
                0x00000000       0x39 c:/nxp/mcuxpressoide_10.2.0_759/ide/tools/bin/../lib/gcc/arm-none-eabi/7.2.1/../../../../arm-none-eabi/lib/thumb/v7e-m/fpv4-sp/hard\libcr_c.a(errno.o)
 .text          0x00000000        0x0 c:/nxp/mcuxpressoide_10.2.0_759/ide/tools/bin/../lib/gcc/arm-none-eabi/7.2.1/../../../../arm-none-eabi/lib/thumb/v7e-m/fpv4-sp/hard\libcr_c.a(fabs.o)
 .data          0x00000000        0x0 c:/nxp/mcuxpressoide_10.2.0_759/ide/tools/bin/../lib/gcc/arm-none-eabi/7.2.1/../../../../arm-none-eabi/lib/thumb/v7e-m/fpv4-sp/hard\libcr_c.a(fabs.o)
 .bss           0x00000000        0x0 c:/nxp/mcuxpressoide_10.2.0_759/ide/tools/bin/../lib/gcc/arm-none-eabi/7.2.1/../../../../arm-none-eabi/lib/thumb/v7e-m/fpv4-sp/hard\libcr_c.a(fabs.o)
 .text.fabs     0x00000000       0x22 c:/nxp/mcuxpressoide_10.2.0_759/ide/tools/bin/../lib/gcc/arm-none-eabi/7.2.1/../../../../arm-none-eabi/lib/thumb/v7e-m/fpv4-sp/hard\libcr_c.a(fabs.o)
 .comment       0x00000000       0x7f c:/nxp/mcuxpressoide_10.2.0_759/ide/tools/bin/../lib/gcc/arm-none-eabi/7.2.1/../../../../arm-none-eabi/lib/thumb/v7e-m/fpv4-sp/hard\libcr_c.a(fabs.o)
 .ARM.attributes
                0x00000000       0x39 c:/nxp/mcuxpressoide_10.2.0_759/ide/tools/bin/../lib/gcc/arm-none-eabi/7.2.1/../../../../arm-none-eabi/lib/thumb/v7e-m/fpv4-sp/hard\libcr_c.a(fabs.o)
 .text          0x00000000        0x0 c:/nxp/mcuxpressoide_10.2.0_759/ide/tools/bin/../lib/gcc/arm-none-eabi/7.2.1/../../../../arm-none-eabi/lib/thumb/v7e-m/fpv4-sp/hard\libcr_c.a(frexpf.o)
 .data          0x00000000        0x0 c:/nxp/mcuxpressoide_10.2.0_759/ide/tools/bin/../lib/gcc/arm-none-eabi/7.2.1/../../../../arm-none-eabi/lib/thumb/v7e-m/fpv4-sp/hard\libcr_c.a(frexpf.o)
 .bss           0x00000000        0x0 c:/nxp/mcuxpressoide_10.2.0_759/ide/tools/bin/../lib/gcc/arm-none-eabi/7.2.1/../../../../arm-none-eabi/lib/thumb/v7e-m/fpv4-sp/hard\libcr_c.a(frexpf.o)
 .text.frexpf   0x00000000       0x58 c:/nxp/mcuxpressoide_10.2.0_759/ide/tools/bin/../lib/gcc/arm-none-eabi/7.2.1/../../../../arm-none-eabi/lib/thumb/v7e-m/fpv4-sp/hard\libcr_c.a(frexpf.o)
 .comment       0x00000000       0x7f c:/nxp/mcuxpressoide_10.2.0_759/ide/tools/bin/../lib/gcc/arm-none-eabi/7.2.1/../../../../arm-none-eabi/lib/thumb/v7e-m/fpv4-sp/hard\libcr_c.a(frexpf.o)
 .ARM.attributes
                0x00000000       0x39 c:/nxp/mcuxpressoide_10.2.0_759/ide/tools/bin/../lib/gcc/arm-none-eabi/7.2.1/../../../../arm-none-eabi/lib/thumb/v7e-m/fpv4-sp/hard\libcr_c.a(frexpf.o)
 .text          0x00000000        0x0 c:/nxp/mcuxpressoide_10.2.0_759/ide/tools/bin/../lib/gcc/arm-none-eabi/7.2.1/../../../../arm-none-eabi/lib/thumb/v7e-m/fpv4-sp/hard\libcr_c.a(ldexpf.o)
 .data          0x00000000        0x0 c:/nxp/mcuxpressoide_10.2.0_759/ide/tools/bin/../lib/gcc/arm-none-eabi/7.2.1/../../../../arm-none-eabi/lib/thumb/v7e-m/fpv4-sp/hard\libcr_c.a(ldexpf.o)
 .bss           0x00000000        0x0 c:/nxp/mcuxpressoide_10.2.0_759/ide/tools/bin/../lib/gcc/arm-none-eabi/7.2.1/../../../../arm-none-eabi/lib/thumb/v7e-m/fpv4-sp/hard\libcr_c.a(ldexpf.o)
 .text.ldexpf   0x00000000       0x40 c:/nxp/mcuxpressoide_10.2.0_759/ide/tools/bin/../lib/gcc/arm-none-eabi/7.2.1/../../../../arm-none-eabi/lib/thumb/v7e-m/fpv4-sp/hard\libcr_c.a(ldexpf.o)
 .comment       0x00000000       0x7f c:/nxp/mcuxpressoide_10.2.0_759/ide/tools/bin/../lib/gcc/arm-none-eabi/7.2.1/../../../../arm-none-eabi/lib/thumb/v7e-m/fpv4-sp/hard\libcr_c.a(ldexpf.o)
 .ARM.attributes
                0x00000000       0x39 c:/nxp/mcuxpressoide_10.2.0_759/ide/tools/bin/../lib/gcc/arm-none-eabi/7.2.1/../../../../arm-none-eabi/lib/thumb/v7e-m/fpv4-sp/hard\libcr_c.a(ldexpf.o)
 .text          0x00000000        0x0 c:/nxp/mcuxpressoide_10.2.0_759/ide/tools/bin/../lib/gcc/arm-none-eabi/7.2.1/thumb/v7e-m/fpv4-sp/hard\libcr_eabihelpers.a(double.o)
 .data          0x00000000        0x0 c:/nxp/mcuxpressoide_10.2.0_759/ide/tools/bin/../lib/gcc/arm-none-eabi/7.2.1/thumb/v7e-m/fpv4-sp/hard\libcr_eabihelpers.a(double.o)
 .bss           0x00000000        0x0 c:/nxp/mcuxpressoide_10.2.0_759/ide/tools/bin/../lib/gcc/arm-none-eabi/7.2.1/thumb/v7e-m/fpv4-sp/hard\libcr_eabihelpers.a(double.o)
 .text.__aeabi_dmul
                0x00000000      0x11c c:/nxp/mcuxpressoide_10.2.0_759/ide/tools/bin/../lib/gcc/arm-none-eabi/7.2.1/thumb/v7e-m/fpv4-sp/hard\libcr_eabihelpers.a(double.o)
 .text.__aeabi_ddiv
                0x00000000      0x138 c:/nxp/mcuxpressoide_10.2.0_759/ide/tools/bin/../lib/gcc/arm-none-eabi/7.2.1/thumb/v7e-m/fpv4-sp/hard\libcr_eabihelpers.a(double.o)
 .text.__aeabi_dsub
                0x00000000      0x1b4 c:/nxp/mcuxpressoide_10.2.0_759/ide/tools/bin/../lib/gcc/arm-none-eabi/7.2.1/thumb/v7e-m/fpv4-sp/hard\libcr_eabihelpers.a(double.o)
 .text.__aeabi_dadd
                0x00000000      0x10c c:/nxp/mcuxpressoide_10.2.0_759/ide/tools/bin/../lib/gcc/arm-none-eabi/7.2.1/thumb/v7e-m/fpv4-sp/hard\libcr_eabihelpers.a(double.o)
 .text.__aeabi_drsub
                0x00000000       0x18 c:/nxp/mcuxpressoide_10.2.0_759/ide/tools/bin/../lib/gcc/arm-none-eabi/7.2.1/thumb/v7e-m/fpv4-sp/hard\libcr_eabihelpers.a(double.o)
 .text.__aeabi_dneg
                0x00000000        0xe c:/nxp/mcuxpressoide_10.2.0_759/ide/tools/bin/../lib/gcc/arm-none-eabi/7.2.1/thumb/v7e-m/fpv4-sp/hard\libcr_eabihelpers.a(double.o)
 .text.__aeabi_d2f
                0x00000000       0x54 c:/nxp/mcuxpressoide_10.2.0_759/ide/tools/bin/../lib/gcc/arm-none-eabi/7.2.1/thumb/v7e-m/fpv4-sp/hard\libcr_eabihelpers.a(double.o)
 .text.__aeabi_d2iz
                0x00000000       0x40 c:/nxp/mcuxpressoide_10.2.0_759/ide/tools/bin/../lib/gcc/arm-none-eabi/7.2.1/thumb/v7e-m/fpv4-sp/hard\libcr_eabihelpers.a(double.o)
 .text.__aeabi_d2uiz
                0x00000000       0x30 c:/nxp/mcuxpressoide_10.2.0_759/ide/tools/bin/../lib/gcc/arm-none-eabi/7.2.1/thumb/v7e-m/fpv4-sp/hard\libcr_eabihelpers.a(double.o)
 .text.__aeabi_d2lz
                0x00000000       0x6c c:/nxp/mcuxpressoide_10.2.0_759/ide/tools/bin/../lib/gcc/arm-none-eabi/7.2.1/thumb/v7e-m/fpv4-sp/hard\libcr_eabihelpers.a(double.o)
 .text.__aeabi_d2ulz
                0x00000000       0x56 c:/nxp/mcuxpressoide_10.2.0_759/ide/tools/bin/../lib/gcc/arm-none-eabi/7.2.1/thumb/v7e-m/fpv4-sp/hard\libcr_eabihelpers.a(double.o)
 .text.__bhs_ui2d
                0x00000000       0x46 c:/nxp/mcuxpressoide_10.2.0_759/ide/tools/bin/../lib/gcc/arm-none-eabi/7.2.1/thumb/v7e-m/fpv4-sp/hard\libcr_eabihelpers.a(double.o)
 .text.__bhs_ul2d
                0x00000000       0x8a c:/nxp/mcuxpressoide_10.2.0_759/ide/tools/bin/../lib/gcc/arm-none-eabi/7.2.1/thumb/v7e-m/fpv4-sp/hard\libcr_eabihelpers.a(double.o)
 .text.__aeabi_i2d
                0x00000000       0x12 c:/nxp/mcuxpressoide_10.2.0_759/ide/tools/bin/../lib/gcc/arm-none-eabi/7.2.1/thumb/v7e-m/fpv4-sp/hard\libcr_eabihelpers.a(double.o)
 .text.__aeabi_ui2d
                0x00000000        0x8 c:/nxp/mcuxpressoide_10.2.0_759/ide/tools/bin/../lib/gcc/arm-none-eabi/7.2.1/thumb/v7e-m/fpv4-sp/hard\libcr_eabihelpers.a(double.o)
 .text.__aeabi_l2d
                0x00000000       0x1a c:/nxp/mcuxpressoide_10.2.0_759/ide/tools/bin/../lib/gcc/arm-none-eabi/7.2.1/thumb/v7e-m/fpv4-sp/hard\libcr_eabihelpers.a(double.o)
 .text.__aeabi_ul2d
                0x00000000        0x8 c:/nxp/mcuxpressoide_10.2.0_759/ide/tools/bin/../lib/gcc/arm-none-eabi/7.2.1/thumb/v7e-m/fpv4-sp/hard\libcr_eabihelpers.a(double.o)
 .text.__aeabi_dcmpeq
                0x00000000       0x30 c:/nxp/mcuxpressoide_10.2.0_759/ide/tools/bin/../lib/gcc/arm-none-eabi/7.2.1/thumb/v7e-m/fpv4-sp/hard\libcr_eabihelpers.a(double.o)
 .text.__aeabi_dcmplt
                0x00000000       0x58 c:/nxp/mcuxpressoide_10.2.0_759/ide/tools/bin/../lib/gcc/arm-none-eabi/7.2.1/thumb/v7e-m/fpv4-sp/hard\libcr_eabihelpers.a(double.o)
 .text.__aeabi_dcmpgt
                0x00000000       0x58 c:/nxp/mcuxpressoide_10.2.0_759/ide/tools/bin/../lib/gcc/arm-none-eabi/7.2.1/thumb/v7e-m/fpv4-sp/hard\libcr_eabihelpers.a(double.o)
 .text.__aeabi_dcmple
                0x00000000       0x5a c:/nxp/mcuxpressoide_10.2.0_759/ide/tools/bin/../lib/gcc/arm-none-eabi/7.2.1/thumb/v7e-m/fpv4-sp/hard\libcr_eabihelpers.a(double.o)
 .text.__aeabi_dcmpge
                0x00000000       0x58 c:/nxp/mcuxpressoide_10.2.0_759/ide/tools/bin/../lib/gcc/arm-none-eabi/7.2.1/thumb/v7e-m/fpv4-sp/hard\libcr_eabihelpers.a(double.o)
 .text.__aeabi_dcmpun
                0x00000000       0x1a c:/nxp/mcuxpressoide_10.2.0_759/ide/tools/bin/../lib/gcc/arm-none-eabi/7.2.1/thumb/v7e-m/fpv4-sp/hard\libcr_eabihelpers.a(double.o)
 .text.__aeabi_cdcmple
                0x00000000       0x2c c:/nxp/mcuxpressoide_10.2.0_759/ide/tools/bin/../lib/gcc/arm-none-eabi/7.2.1/thumb/v7e-m/fpv4-sp/hard\libcr_eabihelpers.a(double.o)
 .text.__aeabi_cdrcmple
                0x00000000       0x14 c:/nxp/mcuxpressoide_10.2.0_759/ide/tools/bin/../lib/gcc/arm-none-eabi/7.2.1/thumb/v7e-m/fpv4-sp/hard\libcr_eabihelpers.a(double.o)
 .comment       0x00000000       0x7f c:/nxp/mcuxpressoide_10.2.0_759/ide/tools/bin/../lib/gcc/arm-none-eabi/7.2.1/thumb/v7e-m/fpv4-sp/hard\libcr_eabihelpers.a(double.o)
 .ARM.attributes
                0x00000000       0x39 c:/nxp/mcuxpressoide_10.2.0_759/ide/tools/bin/../lib/gcc/arm-none-eabi/7.2.1/thumb/v7e-m/fpv4-sp/hard\libcr_eabihelpers.a(double.o)
 .text          0x00000000        0x0 c:/nxp/mcuxpressoide_10.2.0_759/ide/tools/bin/../lib/gcc/arm-none-eabi/7.2.1/thumb/v7e-m/fpv4-sp/hard\libcr_eabihelpers.a(float.o)
 .data          0x00000000        0x0 c:/nxp/mcuxpressoide_10.2.0_759/ide/tools/bin/../lib/gcc/arm-none-eabi/7.2.1/thumb/v7e-m/fpv4-sp/hard\libcr_eabihelpers.a(float.o)
 .bss           0x00000000        0x0 c:/nxp/mcuxpressoide_10.2.0_759/ide/tools/bin/../lib/gcc/arm-none-eabi/7.2.1/thumb/v7e-m/fpv4-sp/hard\libcr_eabihelpers.a(float.o)
 .text.__aeabi_fmul
                0x00000000       0xb0 c:/nxp/mcuxpressoide_10.2.0_759/ide/tools/bin/../lib/gcc/arm-none-eabi/7.2.1/thumb/v7e-m/fpv4-sp/hard\libcr_eabihelpers.a(float.o)
 .text.__aeabi_fdiv
                0x00000000       0xc8 c:/nxp/mcuxpressoide_10.2.0_759/ide/tools/bin/../lib/gcc/arm-none-eabi/7.2.1/thumb/v7e-m/fpv4-sp/hard\libcr_eabihelpers.a(float.o)
 .text.__aeabi_fsub
                0x00000000       0xf0 c:/nxp/mcuxpressoide_10.2.0_759/ide/tools/bin/../lib/gcc/arm-none-eabi/7.2.1/thumb/v7e-m/fpv4-sp/hard\libcr_eabihelpers.a(float.o)
 .text.__aeabi_fadd
                0x00000000       0xc8 c:/nxp/mcuxpressoide_10.2.0_759/ide/tools/bin/../lib/gcc/arm-none-eabi/7.2.1/thumb/v7e-m/fpv4-sp/hard\libcr_eabihelpers.a(float.o)
 .text.__aeabi_frsub
                0x00000000        0xc c:/nxp/mcuxpressoide_10.2.0_759/ide/tools/bin/../lib/gcc/arm-none-eabi/7.2.1/thumb/v7e-m/fpv4-sp/hard\libcr_eabihelpers.a(float.o)
 .text.__aeabi_fneg
                0x00000000        0x6 c:/nxp/mcuxpressoide_10.2.0_759/ide/tools/bin/../lib/gcc/arm-none-eabi/7.2.1/thumb/v7e-m/fpv4-sp/hard\libcr_eabihelpers.a(float.o)
 .text.__aeabi_f2iz
                0x00000000       0x36 c:/nxp/mcuxpressoide_10.2.0_759/ide/tools/bin/../lib/gcc/arm-none-eabi/7.2.1/thumb/v7e-m/fpv4-sp/hard\libcr_eabihelpers.a(float.o)
 .text.__aeabi_f2uiz
                0x00000000       0x28 c:/nxp/mcuxpressoide_10.2.0_759/ide/tools/bin/../lib/gcc/arm-none-eabi/7.2.1/thumb/v7e-m/fpv4-sp/hard\libcr_eabihelpers.a(float.o)
 .text.__aeabi_f2lz
                0x00000000       0x5c c:/nxp/mcuxpressoide_10.2.0_759/ide/tools/bin/../lib/gcc/arm-none-eabi/7.2.1/thumb/v7e-m/fpv4-sp/hard\libcr_eabihelpers.a(float.o)
 .text.__aeabi_f2ulz
                0x00000000       0x3e c:/nxp/mcuxpressoide_10.2.0_759/ide/tools/bin/../lib/gcc/arm-none-eabi/7.2.1/thumb/v7e-m/fpv4-sp/hard\libcr_eabihelpers.a(float.o)
 .text.__bhs_ui2f
                0x00000000       0x26 c:/nxp/mcuxpressoide_10.2.0_759/ide/tools/bin/../lib/gcc/arm-none-eabi/7.2.1/thumb/v7e-m/fpv4-sp/hard\libcr_eabihelpers.a(float.o)
 .text.__bhs_ul2f
                0x00000000       0x46 c:/nxp/mcuxpressoide_10.2.0_759/ide/tools/bin/../lib/gcc/arm-none-eabi/7.2.1/thumb/v7e-m/fpv4-sp/hard\libcr_eabihelpers.a(float.o)
 .text.__aeabi_i2f
                0x00000000       0x12 c:/nxp/mcuxpressoide_10.2.0_759/ide/tools/bin/../lib/gcc/arm-none-eabi/7.2.1/thumb/v7e-m/fpv4-sp/hard\libcr_eabihelpers.a(float.o)
 .text.__aeabi_ui2f
                0x00000000        0x8 c:/nxp/mcuxpressoide_10.2.0_759/ide/tools/bin/../lib/gcc/arm-none-eabi/7.2.1/thumb/v7e-m/fpv4-sp/hard\libcr_eabihelpers.a(float.o)
 .text.__aeabi_l2f
                0x00000000       0x1a c:/nxp/mcuxpressoide_10.2.0_759/ide/tools/bin/../lib/gcc/arm-none-eabi/7.2.1/thumb/v7e-m/fpv4-sp/hard\libcr_eabihelpers.a(float.o)
 .text.__aeabi_ul2f
                0x00000000        0x8 c:/nxp/mcuxpressoide_10.2.0_759/ide/tools/bin/../lib/gcc/arm-none-eabi/7.2.1/thumb/v7e-m/fpv4-sp/hard\libcr_eabihelpers.a(float.o)
 .text.__aeabi_f2d
                0x00000000       0x38 c:/nxp/mcuxpressoide_10.2.0_759/ide/tools/bin/../lib/gcc/arm-none-eabi/7.2.1/thumb/v7e-m/fpv4-sp/hard\libcr_eabihelpers.a(float.o)
 .text.__aeabi_fcmpeq
                0x00000000       0x1e c:/nxp/mcuxpressoide_10.2.0_759/ide/tools/bin/../lib/gcc/arm-none-eabi/7.2.1/thumb/v7e-m/fpv4-sp/hard\libcr_eabihelpers.a(float.o)
 .text.__aeabi_fcmplt
                0x00000000       0x3a c:/nxp/mcuxpressoide_10.2.0_759/ide/tools/bin/../lib/gcc/arm-none-eabi/7.2.1/thumb/v7e-m/fpv4-sp/hard\libcr_eabihelpers.a(float.o)
 .text.__aeabi_fcmpgt
                0x00000000       0x3a c:/nxp/mcuxpressoide_10.2.0_759/ide/tools/bin/../lib/gcc/arm-none-eabi/7.2.1/thumb/v7e-m/fpv4-sp/hard\libcr_eabihelpers.a(float.o)
 .text.__aeabi_fcmple
                0x00000000       0x3e c:/nxp/mcuxpressoide_10.2.0_759/ide/tools/bin/../lib/gcc/arm-none-eabi/7.2.1/thumb/v7e-m/fpv4-sp/hard\libcr_eabihelpers.a(float.o)
 .text.__aeabi_fcmpge
                0x00000000       0x3e c:/nxp/mcuxpressoide_10.2.0_759/ide/tools/bin/../lib/gcc/arm-none-eabi/7.2.1/thumb/v7e-m/fpv4-sp/hard\libcr_eabihelpers.a(float.o)
 .text.__aeabi_fcmpun
                0x00000000       0x1a c:/nxp/mcuxpressoide_10.2.0_759/ide/tools/bin/../lib/gcc/arm-none-eabi/7.2.1/thumb/v7e-m/fpv4-sp/hard\libcr_eabihelpers.a(float.o)
 .text.__aeabi_cfcmple
                0x00000000       0x20 c:/nxp/mcuxpressoide_10.2.0_759/ide/tools/bin/../lib/gcc/arm-none-eabi/7.2.1/thumb/v7e-m/fpv4-sp/hard\libcr_eabihelpers.a(float.o)
 .text.__aeabi_cfrcmple
                0x00000000        0xa c:/nxp/mcuxpressoide_10.2.0_759/ide/tools/bin/../lib/gcc/arm-none-eabi/7.2.1/thumb/v7e-m/fpv4-sp/hard\libcr_eabihelpers.a(float.o)
 .comment       0x00000000       0x7f c:/nxp/mcuxpressoide_10.2.0_759/ide/tools/bin/../lib/gcc/arm-none-eabi/7.2.1/thumb/v7e-m/fpv4-sp/hard\libcr_eabihelpers.a(float.o)
 .ARM.attributes
                0x00000000       0x39 c:/nxp/mcuxpressoide_10.2.0_759/ide/tools/bin/../lib/gcc/arm-none-eabi/7.2.1/thumb/v7e-m/fpv4-sp/hard\libcr_eabihelpers.a(float.o)

Memory Configuration

Name             Origin             Length             Attributes
PROGRAM_FLASH    0x00000000         0x00100000         xr
SRAM_UPPER       0x20000000         0x00030000         xrw
SRAM_LOWER       0x1fff0000         0x00010000         xrw
FLEX_RAM         0x14000000         0x00001000         xrw
*default*        0x00000000         0xffffffff

Linker script and memory map

LOAD ./source/App.o
LOAD ./source/CAN.o
LOAD ./source/Posicionamiento.o
LOAD ./source/SPI.o
LOAD ./source/Sensores.o
LOAD ./source/gpio.o
LOAD ./SDK/startup/hardware.o
LOAD ./SDK/startup/main.o
LOAD ./SDK/startup/semihost_hardfault.o
LOAD ./SDK/startup/startup_mk64f12.o
LOAD ./SDK/CMSIS/system_MK64F12.o
START GROUP
LOAD c:/nxp/mcuxpressoide_10.2.0_759/ide/tools/bin/../lib/gcc/arm-none-eabi/7.2.1/../../../../arm-none-eabi/lib/thumb/v7e-m/fpv4-sp/hard\libcr_c.a
LOAD c:/nxp/mcuxpressoide_10.2.0_759/ide/tools/bin/../lib/gcc/arm-none-eabi/7.2.1/thumb/v7e-m/fpv4-sp/hard\libcr_eabihelpers.a
END GROUP
                0x00000000                __base_PROGRAM_FLASH = 0x0
                0x00000000                __base_Flash = 0x0
                0x00100000                __top_PROGRAM_FLASH = 0x100000
                0x00100000                __top_Flash = 0x100000
                0x20000000                __base_SRAM_UPPER = 0x20000000
                0x20000000                __base_RAM = 0x20000000
                0x20030000                __top_SRAM_UPPER = 0x20030000
                0x20030000                __top_RAM = 0x20030000
                0x1fff0000                __base_SRAM_LOWER = 0x1fff0000
                0x1fff0000                __base_RAM2 = 0x1fff0000
                0x20000000                __top_SRAM_LOWER = 0x20000000
                0x20000000                __top_RAM2 = 0x20000000
                0x14000000                __base_FLEX_RAM = 0x14000000
                0x14000000                __base_RAM3 = 0x14000000
                0x14001000                __top_FLEX_RAM = 0x14001000
                0x14001000                __top_RAM3 = 0x14001000

.text           0x00000000     0x1828
 FILL mask 0xff
                0x00000000                __vectors_start__ = ABSOLUTE (.)
 *(SORT_BY_ALIGNMENT(.isr_vector))
 .isr_vector    0x00000000      0x198 ./SDK/startup/startup_mk64f12.o
                0x00000000                g_pfnVectors
                0x00000000                __Vectors
                0x00000198                . = ALIGN (0x4)
                0x00000198                __section_table_start = .
                0x00000198                __data_section_table = .
                0x00000198        0x4 LONG 0x1828 LOADADDR (.data)
                0x0000019c        0x4 LONG 0x20000000 ADDR (.data)
                0x000001a0        0x4 LONG 0x68 SIZEOF (.data)
                0x000001a4        0x4 LONG 0x1828 LOADADDR (.data_RAM2)
                0x000001a8        0x4 LONG 0x1fff0000 ADDR (.data_RAM2)
                0x000001ac        0x4 LONG 0x0 SIZEOF (.data_RAM2)
                0x000001b0        0x4 LONG 0x1828 LOADADDR (.data_RAM3)
                0x000001b4        0x4 LONG 0x14000000 ADDR (.data_RAM3)
                0x000001b8        0x4 LONG 0x0 SIZEOF (.data_RAM3)
                0x000001bc                __data_section_table_end = .
                0x000001bc                __bss_section_table = .
                0x000001bc        0x4 LONG 0x20000068 ADDR (.bss)
                0x000001c0        0x4 LONG 0x288 SIZEOF (.bss)
                0x000001c4        0x4 LONG 0x1fff0000 ADDR (.bss_RAM2)
                0x000001c8        0x4 LONG 0x0 SIZEOF (.bss_RAM2)
                0x000001cc        0x4 LONG 0x14000000 ADDR (.bss_RAM3)
                0x000001d0        0x4 LONG 0x0 SIZEOF (.bss_RAM3)
                0x000001d4                __bss_section_table_end = .
                0x000001d4                __section_table_end = .
 *(SORT_BY_ALIGNMENT(.after_vectors*))
 .after_vectors.reset
                0x000001d4       0x4c ./SDK/startup/startup_mk64f12.o
                0x000001d4                ResetISR
 .after_vectors.init_data
                0x00000220       0x1e ./SDK/startup/startup_mk64f12.o
                0x00000220                data_init
 .after_vectors.init_bss
                0x0000023e       0x12 ./SDK/startup/startup_mk64f12.o
                0x0000023e                bss_init
 .after_vectors
                0x00000250       0x14 ./SDK/startup/startup_mk64f12.o
                0x00000250                NMI_Handler
                0x00000254                MemManage_Handler
                0x00000256                BusFault_Handler
                0x00000258                UsageFault_Handler
                0x0000025a                SVC_Handler
                0x0000025c                DebugMon_Handler
                0x0000025e                PendSV_Handler
                0x00000260                SysTick_Handler
                0x00000262                DMA_Error_DriverIRQHandler
                0x00000262                LPTMR0_DriverIRQHandler
                0x00000262                FTM1_DriverIRQHandler
                0x00000262                FTM2_DriverIRQHandler
                0x00000262                PIT2_DriverIRQHandler
                0x00000262                SDHC_DriverIRQHandler
                0x00000262                I2S0_Tx_DriverIRQHandler
                0x00000262                RTC_Seconds_DriverIRQHandler
                0x00000262                DMA6_DriverIRQHandler
                0x00000262                LLWU_DriverIRQHandler
                0x00000262                MCM_DriverIRQHandler
                0x00000262                MCG_DriverIRQHandler
                0x00000262                ENET_1588_Timer_DriverIRQHandler
                0x00000262                I2C2_DriverIRQHandler
                0x00000262                DAC1_DriverIRQHandler
                0x00000262                SPI1_DriverIRQHandler
                0x00000262                CMP1_DriverIRQHandler
                0x00000262                UART5_RX_TX_DriverIRQHandler
                0x00000262                FTM0_DriverIRQHandler
                0x00000262                IntDefaultHandler
                0x00000262                USB0_DriverIRQHandler
                0x00000262                UART5_ERR_DriverIRQHandler
                0x00000262                PORTC_DriverIRQHandler
                0x00000262                DMA11_DriverIRQHandler
                0x00000262                DAC0_DriverIRQHandler
                0x00000262                DMA10_DriverIRQHandler
                0x00000262                CMP2_DriverIRQHandler
                0x00000262                UART2_ERR_DriverIRQHandler
                0x00000262                SPI2_DriverIRQHandler
                0x00000262                LVD_LVW_DriverIRQHandler
                0x00000262                PIT0_DriverIRQHandler
                0x00000262                RNG_DriverIRQHandler
                0x00000262                DMA12_DriverIRQHandler
                0x00000262                DMA4_DriverIRQHandler
                0x00000262                UART2_RX_TX_DriverIRQHandler
                0x00000262                USBDCD_DriverIRQHandler
                0x00000262                UART3_ERR_DriverIRQHandler
                0x00000262                DMA3_DriverIRQHandler
                0x00000262                DMA8_DriverIRQHandler
                0x00000262                DMA9_DriverIRQHandler
                0x00000262                UART0_ERR_DriverIRQHandler
                0x00000262                CMT_DriverIRQHandler
                0x00000262                Reserved71_DriverIRQHandler
                0x00000262                ADC1_DriverIRQHandler
                0x00000262                PORTA_DriverIRQHandler
                0x00000262                DMA14_DriverIRQHandler
                0x00000262                PIT3_DriverIRQHandler
                0x00000262                PIT1_DriverIRQHandler
                0x00000262                WDOG_EWM_DriverIRQHandler
                0x00000262                PDB0_DriverIRQHandler
                0x00000262                RTC_DriverIRQHandler
                0x00000262                I2S0_Rx_DriverIRQHandler
                0x00000262                Read_Collision_DriverIRQHandler
                0x00000262                SWI_DriverIRQHandler
                0x00000262                UART4_RX_TX_DriverIRQHandler
                0x00000262                UART4_ERR_DriverIRQHandler
                0x00000262                PORTB_DriverIRQHandler
                0x00000262                UART0_LON_DriverIRQHandler
                0x00000262                DMA0_DriverIRQHandler
                0x00000262                DMA1_DriverIRQHandler
                0x00000262                I2C1_DriverIRQHandler
                0x00000262                UART3_RX_TX_DriverIRQHandler
                0x00000262                ENET_Receive_DriverIRQHandler
                0x00000262                DMA13_DriverIRQHandler
                0x00000262                ENET_Error_DriverIRQHandler
                0x00000262                DMA15_DriverIRQHandler
                0x00000262                UART0_RX_TX_DriverIRQHandler
                0x00000262                SPI0_DriverIRQHandler
                0x00000262                ADC0_DriverIRQHandler
                0x00000262                CMP0_DriverIRQHandler
                0x00000262                CAN0_DriverIRQHandler
                0x00000262                FTM3_DriverIRQHandler
                0x00000262                DMA5_DriverIRQHandler
                0x00000262                UART1_ERR_DriverIRQHandler
                0x00000262                DMA2_DriverIRQHandler
                0x00000262                ENET_Transmit_DriverIRQHandler
                0x00000262                PORTD_DriverIRQHandler
                0x00000262                PORTE_DriverIRQHandler
                0x00000262                FTFE_DriverIRQHandler
                0x00000262                I2C0_DriverIRQHandler
                0x00000262                DMA7_DriverIRQHandler
                0x00000262                UART1_RX_TX_DriverIRQHandler
                0x00000400                . = 0x400
 *fill*         0x00000264      0x19c ff
                0x00000400                PROVIDE (__FLASH_CONFIG_START__, .)
 *(SORT_BY_ALIGNMENT(.FlashConfig))
 .FlashConfig   0x00000400       0x10 ./SDK/startup/startup_mk64f12.o
                0x00000400                Flash_Config
                0x00000410                PROVIDE (__FLASH_CONFIG_END__, .)
                0x00000001                ASSERT (! ((__FLASH_CONFIG_START__ == __FLASH_CONFIG_END__)), Linker Flash Config Support Enabled, but no .FlashConfig section provided within application)
 *(SORT_BY_ALIGNMENT(.text*))
 .text.App_Init
                0x00000410       0x50 ./source/App.o
                0x00000410                App_Init
 .text.__NVIC_EnableIRQ
                0x00000460       0x3c ./source/SPI.o
 .text.masterInitiliaze
                0x0000049c      0x1a8 ./source/SPI.o
                0x0000049c                masterInitiliaze
 .text.SPI_Initialize
                0x00000644       0x20 ./source/SPI.o
                0x00000644                SPI_Initialize
 .text.SPIClockGatingEnable
                0x00000664       0x84 ./source/SPI.o
                0x00000664                SPIClockGatingEnable
 .text.configPin
                0x000006e8      0x150 ./source/SPI.o
                0x000006e8                configPin
 .text.SPI_BufferReadCommand
                0x00000838       0xb0 ./source/SPI.o
                0x00000838                SPI_BufferReadCommand
 .text.getDataSent
                0x000008e8       0x28 ./source/SPI.o
                0x000008e8                getDataSent
 .text.setSPIConfig
                0x00000910       0x54 ./source/SPI.o
                0x00000910                setSPIConfig
 .text.HALTStopTransfers
                0x00000964       0x34 ./source/SPI.o
                0x00000964                HALTStopTransfers
 .text.HALTStartTransfers
                0x00000998       0x34 ./source/SPI.o
                0x00000998                HALTStartTransfers
 .text.setPCSActiveLow
                0x000009cc       0x34 ./source/SPI.o
                0x000009cc                setPCSActiveLow
 .text.clearTxCompleteFlag
                0x00000a00       0x34 ./source/SPI.o
                0x00000a00                clearTxCompleteFlag
 .text.clearTxFifoFillRequestFlag
                0x00000a34       0x34 ./source/SPI.o
                0x00000a34                clearTxFifoFillRequestFlag
 .text.MasterWriteDataWithCommandBlocking
                0x00000a68       0xa0 ./source/SPI.o
                0x00000a68                MasterWriteDataWithCommandBlocking
 .text.PORTD_IRQHandler
                0x00000b08       0x64 ./source/gpio.o
                0x00000b08                PORTD_IRQHandler
 .text.PORTA_IRQHandler
                0x00000b6c       0x5c ./source/gpio.o
                0x00000b6c                PORTA_IRQHandler
 .text.PORTB_IRQHandler
                0x00000bc8       0x64 ./source/gpio.o
                0x00000bc8                PORTB_IRQHandler
 .text.PORTE_IRQHandler
                0x00000c2c       0x64 ./source/gpio.o
                0x00000c2c                PORTE_IRQHandler
 .text.PORTC_IRQHandler
                0x00000c90       0x64 ./source/gpio.o
                0x00000c90                PORTC_IRQHandler
 .text.gpioMode
                0x00000cf4      0x174 ./source/gpio.o
                0x00000cf4                gpioMode
 .text.gpioWrite
                0x00000e68       0x6c ./source/gpio.o
                0x00000e68                gpioWrite
 .text.gpioIRQ  0x00000ed4       0x94 ./source/gpio.o
                0x00000ed4                gpioIRQ
 .text.PORT_ClearInterruptFlag
                0x00000f68       0x48 ./source/gpio.o
                0x00000f68                PORT_ClearInterruptFlag
 .text.hw_Init  0x00000fb0      0x10c ./SDK/startup/hardware.o
                0x00000fb0                hw_Init
 .text.hw_EnableInterrupts
                0x000010bc       0x30 ./SDK/startup/hardware.o
                0x000010bc                hw_EnableInterrupts
 .text.hw_DisableInterrupts
                0x000010ec       0x20 ./SDK/startup/hardware.o
                0x000010ec                hw_DisableInterrupts
 .text.SystemInit
                0x0000110c       0x3c ./SDK/CMSIS/system_MK64F12.o
                0x0000110c                SystemInit
 .text.App_Run  0x00001148        0xe ./source/App.o
                0x00001148                App_Run
 .text.test_irq
                0x00001156        0xe ./source/App.o
                0x00001156                test_irq
 .text.CAN_RESET
                0x00001164       0x12 ./source/CAN.o
                0x00001164                CAN_RESET
 .text.CAN_BIT_MODIFY
                0x00001176       0x70 ./source/CAN.o
                0x00001176                CAN_BIT_MODIFY
 .text.CAN_WRITE
                0x000011e6       0x6a ./source/CAN.o
                0x000011e6                CAN_WRITE
 .text.CAN_RTS_TXB0
                0x00001250       0x10 ./source/CAN.o
                0x00001250                CAN_RTS_TXB0
 .text.CAN_LOAD_TX_BUFFER
                0x00001260       0xf0 ./source/CAN.o
                0x00001260                CAN_LOAD_TX_BUFFER
 .text.init_CAN
                0x00001350       0xb2 ./source/CAN.o
                0x00001350                init_CAN
 .text.send_CAN
                0x00001402       0x60 ./source/CAN.o
                0x00001402                send_CAN
 .text.masterConfig
                0x00001462       0xa2 ./source/SPI.o
                0x00001462                masterConfig
 .text.SPI_ByteWrite
                0x00001504       0x3e ./source/SPI.o
                0x00001504                SPI_ByteWrite
 .text.main     0x00001542       0x1a ./SDK/startup/main.o
                0x00001542                main
 .text.HardFault_Handler
                0x0000155c       0x2c ./SDK/startup/semihost_hardfault.o
                0x0000155c                HardFault_Handler
 .text.DMA0_IRQHandler
                0x00001588        0x8 ./SDK/startup/startup_mk64f12.o
                0x00001588                DMA0_IRQHandler
 .text.DMA1_IRQHandler
                0x00001590        0x8 ./SDK/startup/startup_mk64f12.o
                0x00001590                DMA1_IRQHandler
 .text.DMA2_IRQHandler
                0x00001598        0x8 ./SDK/startup/startup_mk64f12.o
                0x00001598                DMA2_IRQHandler
 .text.DMA3_IRQHandler
                0x000015a0        0x8 ./SDK/startup/startup_mk64f12.o
                0x000015a0                DMA3_IRQHandler
 .text.DMA4_IRQHandler
                0x000015a8        0x8 ./SDK/startup/startup_mk64f12.o
                0x000015a8                DMA4_IRQHandler
 .text.DMA5_IRQHandler
                0x000015b0        0x8 ./SDK/startup/startup_mk64f12.o
                0x000015b0                DMA5_IRQHandler
 .text.DMA6_IRQHandler
                0x000015b8        0x8 ./SDK/startup/startup_mk64f12.o
                0x000015b8                DMA6_IRQHandler
 .text.DMA7_IRQHandler
                0x000015c0        0x8 ./SDK/startup/startup_mk64f12.o
                0x000015c0                DMA7_IRQHandler
 .text.DMA8_IRQHandler
                0x000015c8        0x8 ./SDK/startup/startup_mk64f12.o
                0x000015c8                DMA8_IRQHandler
 .text.DMA9_IRQHandler
                0x000015d0        0x8 ./SDK/startup/startup_mk64f12.o
                0x000015d0                DMA9_IRQHandler
 .text.DMA10_IRQHandler
                0x000015d8        0x8 ./SDK/startup/startup_mk64f12.o
                0x000015d8                DMA10_IRQHandler
 .text.DMA11_IRQHandler
                0x000015e0        0x8 ./SDK/startup/startup_mk64f12.o
                0x000015e0                DMA11_IRQHandler
 .text.DMA12_IRQHandler
                0x000015e8        0x8 ./SDK/startup/startup_mk64f12.o
                0x000015e8                DMA12_IRQHandler
 .text.DMA13_IRQHandler
                0x000015f0        0x8 ./SDK/startup/startup_mk64f12.o
                0x000015f0                DMA13_IRQHandler
 .text.DMA14_IRQHandler
                0x000015f8        0x8 ./SDK/startup/startup_mk64f12.o
                0x000015f8                DMA14_IRQHandler
 .text.DMA15_IRQHandler
                0x00001600        0x8 ./SDK/startup/startup_mk64f12.o
                0x00001600                DMA15_IRQHandler
 .text.DMA_Error_IRQHandler
                0x00001608        0x8 ./SDK/startup/startup_mk64f12.o
                0x00001608                DMA_Error_IRQHandler
 .text.MCM_IRQHandler
                0x00001610        0x8 ./SDK/startup/startup_mk64f12.o
                0x00001610                MCM_IRQHandler
 .text.FTFE_IRQHandler
                0x00001618        0x8 ./SDK/startup/startup_mk64f12.o
                0x00001618                FTFE_IRQHandler
 .text.Read_Collision_IRQHandler
                0x00001620        0x8 ./SDK/startup/startup_mk64f12.o
                0x00001620                Read_Collision_IRQHandler
 .text.LVD_LVW_IRQHandler
                0x00001628        0x8 ./SDK/startup/startup_mk64f12.o
                0x00001628                LVD_LVW_IRQHandler
 .text.LLWU_IRQHandler
                0x00001630        0x8 ./SDK/startup/startup_mk64f12.o
                0x00001630                LLWU_IRQHandler
 .text.WDOG_EWM_IRQHandler
                0x00001638        0x8 ./SDK/startup/startup_mk64f12.o
                0x00001638                WDOG_EWM_IRQHandler
 .text.RNG_IRQHandler
                0x00001640        0x8 ./SDK/startup/startup_mk64f12.o
                0x00001640                RNG_IRQHandler
 .text.I2C0_IRQHandler
                0x00001648        0x8 ./SDK/startup/startup_mk64f12.o
                0x00001648                I2C0_IRQHandler
 .text.I2C1_IRQHandler
                0x00001650        0x8 ./SDK/startup/startup_mk64f12.o
                0x00001650                I2C1_IRQHandler
 .text.SPI0_IRQHandler
                0x00001658        0x8 ./SDK/startup/startup_mk64f12.o
                0x00001658                SPI0_IRQHandler
 .text.SPI1_IRQHandler
                0x00001660        0x8 ./SDK/startup/startup_mk64f12.o
                0x00001660                SPI1_IRQHandler
 .text.I2S0_Tx_IRQHandler
                0x00001668        0x8 ./SDK/startup/startup_mk64f12.o
                0x00001668                I2S0_Tx_IRQHandler
 .text.I2S0_Rx_IRQHandler
                0x00001670        0x8 ./SDK/startup/startup_mk64f12.o
                0x00001670                I2S0_Rx_IRQHandler
 .text.UART0_LON_IRQHandler
                0x00001678        0x8 ./SDK/startup/startup_mk64f12.o
                0x00001678                UART0_LON_IRQHandler
 .text.UART0_RX_TX_IRQHandler
                0x00001680        0x8 ./SDK/startup/startup_mk64f12.o
                0x00001680                UART0_RX_TX_IRQHandler
 .text.UART0_ERR_IRQHandler
                0x00001688        0x8 ./SDK/startup/startup_mk64f12.o
                0x00001688                UART0_ERR_IRQHandler
 .text.UART1_RX_TX_IRQHandler
                0x00001690        0x8 ./SDK/startup/startup_mk64f12.o
                0x00001690                UART1_RX_TX_IRQHandler
 .text.UART1_ERR_IRQHandler
                0x00001698        0x8 ./SDK/startup/startup_mk64f12.o
                0x00001698                UART1_ERR_IRQHandler
 .text.UART2_RX_TX_IRQHandler
                0x000016a0        0x8 ./SDK/startup/startup_mk64f12.o
                0x000016a0                UART2_RX_TX_IRQHandler
 .text.UART2_ERR_IRQHandler
                0x000016a8        0x8 ./SDK/startup/startup_mk64f12.o
                0x000016a8                UART2_ERR_IRQHandler
 .text.UART3_RX_TX_IRQHandler
                0x000016b0        0x8 ./SDK/startup/startup_mk64f12.o
                0x000016b0                UART3_RX_TX_IRQHandler
 .text.UART3_ERR_IRQHandler
                0x000016b8        0x8 ./SDK/startup/startup_mk64f12.o
                0x000016b8                UART3_ERR_IRQHandler
 .text.ADC0_IRQHandler
                0x000016c0        0x8 ./SDK/startup/startup_mk64f12.o
                0x000016c0                ADC0_IRQHandler
 .text.CMP0_IRQHandler
                0x000016c8        0x8 ./SDK/startup/startup_mk64f12.o
                0x000016c8                CMP0_IRQHandler
 .text.CMP1_IRQHandler
                0x000016d0        0x8 ./SDK/startup/startup_mk64f12.o
                0x000016d0                CMP1_IRQHandler
 .text.FTM0_IRQHandler
                0x000016d8        0x8 ./SDK/startup/startup_mk64f12.o
                0x000016d8                FTM0_IRQHandler
 .text.FTM1_IRQHandler
                0x000016e0        0x8 ./SDK/startup/startup_mk64f12.o
                0x000016e0                FTM1_IRQHandler
 .text.FTM2_IRQHandler
                0x000016e8        0x8 ./SDK/startup/startup_mk64f12.o
                0x000016e8                FTM2_IRQHandler
 .text.CMT_IRQHandler
                0x000016f0        0x8 ./SDK/startup/startup_mk64f12.o
                0x000016f0                CMT_IRQHandler
 .text.RTC_IRQHandler
                0x000016f8        0x8 ./SDK/startup/startup_mk64f12.o
                0x000016f8                RTC_IRQHandler
 .text.RTC_Seconds_IRQHandler
                0x00001700        0x8 ./SDK/startup/startup_mk64f12.o
                0x00001700                RTC_Seconds_IRQHandler
 .text.PIT0_IRQHandler
                0x00001708        0x8 ./SDK/startup/startup_mk64f12.o
                0x00001708                PIT0_IRQHandler
 .text.PIT1_IRQHandler
                0x00001710        0x8 ./SDK/startup/startup_mk64f12.o
                0x00001710                PIT1_IRQHandler
 .text.PIT2_IRQHandler
                0x00001718        0x8 ./SDK/startup/startup_mk64f12.o
                0x00001718                PIT2_IRQHandler
 .text.PIT3_IRQHandler
                0x00001720        0x8 ./SDK/startup/startup_mk64f12.o
                0x00001720                PIT3_IRQHandler
 .text.PDB0_IRQHandler
                0x00001728        0x8 ./SDK/startup/startup_mk64f12.o
                0x00001728                PDB0_IRQHandler
 .text.USB0_IRQHandler
                0x00001730        0x8 ./SDK/startup/startup_mk64f12.o
                0x00001730                USB0_IRQHandler
 .text.USBDCD_IRQHandler
                0x00001738        0x8 ./SDK/startup/startup_mk64f12.o
                0x00001738                USBDCD_IRQHandler
 .text.Reserved71_IRQHandler
                0x00001740        0x8 ./SDK/startup/startup_mk64f12.o
                0x00001740                Reserved71_IRQHandler
 .text.DAC0_IRQHandler
                0x00001748        0x8 ./SDK/startup/startup_mk64f12.o
                0x00001748                DAC0_IRQHandler
 .text.MCG_IRQHandler
                0x00001750        0x8 ./SDK/startup/startup_mk64f12.o
                0x00001750                MCG_IRQHandler
 .text.LPTMR0_IRQHandler
                0x00001758        0x8 ./SDK/startup/startup_mk64f12.o
                0x00001758                LPTMR0_IRQHandler
 .text.SWI_IRQHandler
                0x00001760        0x8 ./SDK/startup/startup_mk64f12.o
                0x00001760                SWI_IRQHandler
 .text.SPI2_IRQHandler
                0x00001768        0x8 ./SDK/startup/startup_mk64f12.o
                0x00001768                SPI2_IRQHandler
 .text.UART4_RX_TX_IRQHandler
                0x00001770        0x8 ./SDK/startup/startup_mk64f12.o
                0x00001770                UART4_RX_TX_IRQHandler
 .text.UART4_ERR_IRQHandler
                0x00001778        0x8 ./SDK/startup/startup_mk64f12.o
                0x00001778                UART4_ERR_IRQHandler
 .text.UART5_RX_TX_IRQHandler
                0x00001780        0x8 ./SDK/startup/startup_mk64f12.o
                0x00001780                UART5_RX_TX_IRQHandler
 .text.UART5_ERR_IRQHandler
                0x00001788        0x8 ./SDK/startup/startup_mk64f12.o
                0x00001788                UART5_ERR_IRQHandler
 .text.CMP2_IRQHandler
                0x00001790        0x8 ./SDK/startup/startup_mk64f12.o
                0x00001790                CMP2_IRQHandler
 .text.FTM3_IRQHandler
                0x00001798        0x8 ./SDK/startup/startup_mk64f12.o
                0x00001798                FTM3_IRQHandler
 .text.DAC1_IRQHandler
                0x000017a0        0x8 ./SDK/startup/startup_mk64f12.o
                0x000017a0                DAC1_IRQHandler
 .text.ADC1_IRQHandler
                0x000017a8        0x8 ./SDK/startup/startup_mk64f12.o
                0x000017a8                ADC1_IRQHandler
 .text.I2C2_IRQHandler
                0x000017b0        0x8 ./SDK/startup/startup_mk64f12.o
                0x000017b0                I2C2_IRQHandler
 .text.CAN0_ORed_Message_buffer_IRQHandler
                0x000017b8        0x8 ./SDK/startup/startup_mk64f12.o
                0x000017b8                CAN0_ORed_Message_buffer_IRQHandler
 .text.CAN0_Bus_Off_IRQHandler
                0x000017c0        0x8 ./SDK/startup/startup_mk64f12.o
                0x000017c0                CAN0_Bus_Off_IRQHandler
 .text.CAN0_Error_IRQHandler
                0x000017c8        0x8 ./SDK/startup/startup_mk64f12.o
                0x000017c8                CAN0_Error_IRQHandler
 .text.CAN0_Tx_Warning_IRQHandler
                0x000017d0        0x8 ./SDK/startup/startup_mk64f12.o
                0x000017d0                CAN0_Tx_Warning_IRQHandler
 .text.CAN0_Rx_Warning_IRQHandler
                0x000017d8        0x8 ./SDK/startup/startup_mk64f12.o
                0x000017d8                CAN0_Rx_Warning_IRQHandler
 .text.CAN0_Wake_Up_IRQHandler
                0x000017e0        0x8 ./SDK/startup/startup_mk64f12.o
                0x000017e0                CAN0_Wake_Up_IRQHandler
 .text.SDHC_IRQHandler
                0x000017e8        0x8 ./SDK/startup/startup_mk64f12.o
                0x000017e8                SDHC_IRQHandler
 .text.ENET_1588_Timer_IRQHandler
                0x000017f0        0x8 ./SDK/startup/startup_mk64f12.o
                0x000017f0                ENET_1588_Timer_IRQHandler
 .text.ENET_Transmit_IRQHandler
                0x000017f8        0x8 ./SDK/startup/startup_mk64f12.o
                0x000017f8                ENET_Transmit_IRQHandler
 .text.ENET_Receive_IRQHandler
                0x00001800        0x8 ./SDK/startup/startup_mk64f12.o
                0x00001800                ENET_Receive_IRQHandler
 .text.ENET_Error_IRQHandler
                0x00001808        0x8 ./SDK/startup/startup_mk64f12.o
                0x00001808                ENET_Error_IRQHandler
 .text.SystemInitHook
                0x00001810        0xe ./SDK/CMSIS/system_MK64F12.o
                0x00001810                SystemInitHook
 *(SORT_BY_ALIGNMENT(.rodata) SORT_BY_ALIGNMENT(.rodata.*) SORT_BY_ALIGNMENT(.constdata) SORT_BY_ALIGNMENT(.constdata.*))
 *fill*         0x0000181e        0x2 ff
 .rodata        0x00001820        0x5 ./source/App.o
                0x00001828                . = ALIGN (0x8)
 *fill*         0x00001825        0x3 ff

.glue_7         0x00001828        0x0
 .glue_7        0x00001828        0x0 linker stubs

.glue_7t        0x00001828        0x0
 .glue_7t       0x00001828        0x0 linker stubs

.vfp11_veneer   0x00001828        0x0
 .vfp11_veneer  0x00001828        0x0 linker stubs

.v4_bx          0x00001828        0x0
 .v4_bx         0x00001828        0x0 linker stubs

.iplt           0x00001828        0x0
 .iplt          0x00001828        0x0 ./source/App.o

.rel.dyn        0x00001828        0x0
 .rel.iplt      0x00001828        0x0 ./source/App.o

.ARM.extab
 *(SORT_BY_ALIGNMENT(.ARM.extab*) SORT_BY_ALIGNMENT(.gnu.linkonce.armextab.*))
                0x00001828                __exidx_start = .

.ARM.exidx
 *(SORT_BY_ALIGNMENT(.ARM.exidx*) SORT_BY_ALIGNMENT(.gnu.linkonce.armexidx.*))
                0x00001828                __exidx_end = .
                0x00001828                _etext = .

.m_usb_data
 *(SORT_BY_ALIGNMENT(m_usb_bdt))

.data_RAM2      0x1fff0000        0x0 load address 0x00001828
 FILL mask 0xff
                [!provide]                PROVIDE (__start_data_RAM2, .)
 *(SORT_BY_ALIGNMENT(.ramfunc.$RAM2))
 *(SORT_BY_ALIGNMENT(.ramfunc.$SRAM_LOWER))
 *(SORT_BY_ALIGNMENT(.data.$RAM2*))
 *(SORT_BY_ALIGNMENT(.data.$SRAM_LOWER*))
                0x1fff0000                . = ALIGN (0x8)
                [!provide]                PROVIDE (__end_data_RAM2, .)

.data_RAM3      0x14000000        0x0 load address 0x00001828
 FILL mask 0xff
                [!provide]                PROVIDE (__start_data_RAM3, .)
 *(SORT_BY_ALIGNMENT(.ramfunc.$RAM3))
 *(SORT_BY_ALIGNMENT(.ramfunc.$FLEX_RAM))
 *(SORT_BY_ALIGNMENT(.data.$RAM3*))
 *(SORT_BY_ALIGNMENT(.data.$FLEX_RAM*))
                0x14000000                . = ALIGN (0x8)
                [!provide]                PROVIDE (__end_data_RAM3, .)

.uninit_RESERVED
                0x20000000        0x0
 *(SORT_BY_ALIGNMENT(.bss.$RESERVED*))
                0x20000000                . = ALIGN (0x4)
                0x20000000                _end_uninit_RESERVED = .

.data           0x20000000       0x68 load address 0x00001828
 FILL mask 0xff
                0x20000000                _data = .
 *(SORT_BY_ALIGNMENT(vtable))
 *(SORT_BY_ALIGNMENT(.ramfunc*))
 *(SORT_BY_ALIGNMENT(.data*))
 .data.portPtrs
                0x20000000       0x14 ./source/SPI.o
 .data.SPIPtrs  0x20000014        0xc ./source/SPI.o
 .data.sim_ptr  0x20000020        0x4 ./source/SPI.o
 .data.gpioPtrs
                0x20000024       0x14 ./source/gpio.o
 .data.portPtrs
                0x20000038       0x14 ./source/gpio.o
 .data.simMasks
                0x2000004c       0x14 ./source/gpio.o
 .data.sim_ptr  0x20000060        0x4 ./source/gpio.o
                0x20000068                . = ALIGN (0x8)
 *fill*         0x20000064        0x4 ff
                0x20000068                _edata = .

.igot.plt       0x20000068        0x0 load address 0x00001890
 .igot.plt      0x20000068        0x0 ./source/App.o

.bss_RAM2       0x1fff0000        0x0
                [!provide]                PROVIDE (__start_bss_RAM2, .)
 *(SORT_BY_ALIGNMENT(.bss.$RAM2*))
 *(SORT_BY_ALIGNMENT(.bss.$SRAM_LOWER*))
                0x1fff0000                . = ALIGN ((. != 0x0)?0x8:0x1)
                [!provide]                PROVIDE (__end_bss_RAM2, .)

.bss_RAM3       0x14000000        0x0
                [!provide]                PROVIDE (__start_bss_RAM3, .)
 *(SORT_BY_ALIGNMENT(.bss.$RAM3*))
 *(SORT_BY_ALIGNMENT(.bss.$FLEX_RAM*))
                0x14000000                . = ALIGN ((. != 0x0)?0x8:0x1)
                [!provide]                PROVIDE (__end_bss_RAM3, .)

.bss            0x20000068      0x288
                0x20000068                _bss = .
 *(SORT_BY_ALIGNMENT(.bss*))
 .bss.callbackTick
                0x20000068        0x4 ./source/SPI.o
 .bss.isr_Matrix
                0x2000006c      0x280 ./source/gpio.o
 .bss.__LDM_interruptDisableCount
                0x200002ec        0x4 ./SDK/startup/hardware.o
 *(SORT_BY_ALIGNMENT(COMMON))
                0x200002f0                . = ALIGN (0x8)
                0x200002f0                _ebss = .
                [!provide]                PROVIDE (end, .)

.noinit_RAM2    0x1fff0000        0x0
 *(SORT_BY_ALIGNMENT(.noinit.$RAM2*))
 *(SORT_BY_ALIGNMENT(.noinit.$SRAM_LOWER*))
                0x1fff0000                . = ALIGN (0x8)

.noinit_RAM3    0x14000000        0x0
 *(SORT_BY_ALIGNMENT(.noinit.$RAM3*))
 *(SORT_BY_ALIGNMENT(.noinit.$FLEX_RAM*))
                0x14000000                . = ALIGN (0x8)

.noinit         0x200002f0        0x0
                0x200002f0                _noinit = .
 *(SORT_BY_ALIGNMENT(.noinit*))
                0x200002f0                . = ALIGN (0x8)
                0x200002f0                _end_noinit = .
                0x00001000                _HeapSize = 0x1000

.heap           0x200002f0     0x1000
                0x200002f0                _pvHeapStart = .
                0x200012f0                . = (. + _HeapSize)
 *fill*         0x200002f0     0x1000 
                0x200012f0                . = ALIGN (0x8)
                0x200012f0                _pvHeapLimit = .
                0x00001000                _StackSize = 0x1000

.heap2stackfill
                0x200012f0     0x1000
                0x200022f0                . = (. + _StackSize)
 *fill*         0x200012f0     0x1000 

.stack          0x2002f000        0x0
                0x2002f000                _vStackBase = .
                0x2002f000                . = ALIGN (0x8)
                0x20030000                _vStackTop = (. + _StackSize)
                0x00000000                _image_start = LOADADDR (.text)
                0x00001890                _image_end = (LOADADDR (.data) + SIZEOF (.data))
                0x00001890                _image_size = (_image_end - _image_start)
OUTPUT(Blink.axf elf32-littlearm)

.debug_info     0x00000000     0x318d
 .debug_info    0x00000000      0x12d ./source/App.o
 .debug_info    0x0000012d      0x395 ./source/CAN.o
 .debug_info    0x000004c2      0xfb2 ./source/SPI.o
 .debug_info    0x00001474      0x706 ./source/gpio.o
 .debug_info    0x00001b7a      0x675 ./SDK/startup/hardware.o
 .debug_info    0x000021ef       0xb7 ./SDK/startup/main.o
 .debug_info    0x000022a6       0x3b ./SDK/startup/semihost_hardfault.o
 .debug_info    0x000022e1      0x8b0 ./SDK/startup/startup_mk64f12.o
 .debug_info    0x00002b91      0x5fc ./SDK/CMSIS/system_MK64F12.o

.debug_abbrev   0x00000000      0xaa6
 .debug_abbrev  0x00000000       0xd0 ./source/App.o
 .debug_abbrev  0x000000d0      0x12d ./source/CAN.o
 .debug_abbrev  0x000001fd      0x283 ./source/SPI.o
 .debug_abbrev  0x00000480      0x1a7 ./source/gpio.o
 .debug_abbrev  0x00000627      0x138 ./SDK/startup/hardware.o
 .debug_abbrev  0x0000075f       0x7d ./SDK/startup/main.o
 .debug_abbrev  0x000007dc       0x2f ./SDK/startup/semihost_hardfault.o
 .debug_abbrev  0x0000080b      0x15c ./SDK/startup/startup_mk64f12.o
 .debug_abbrev  0x00000967      0x13f ./SDK/CMSIS/system_MK64F12.o

.debug_aranges  0x00000000      0x598
 .debug_aranges
                0x00000000       0x30 ./source/App.o
 .debug_aranges
                0x00000030       0x58 ./source/CAN.o
 .debug_aranges
                0x00000088       0xd0 ./source/SPI.o
 .debug_aranges
                0x00000158       0x70 ./source/gpio.o
 .debug_aranges
                0x000001c8       0x30 ./SDK/startup/hardware.o
 .debug_aranges
                0x000001f8       0x20 ./SDK/startup/main.o
 .debug_aranges
                0x00000218       0x20 ./SDK/startup/semihost_hardfault.o
 .debug_aranges
                0x00000238      0x330 ./SDK/startup/startup_mk64f12.o
 .debug_aranges
                0x00000568       0x30 ./SDK/CMSIS/system_MK64F12.o

.debug_ranges   0x00000000      0x508
 .debug_ranges  0x00000000       0x20 ./source/App.o
 .debug_ranges  0x00000020       0x48 ./source/CAN.o
 .debug_ranges  0x00000068       0xc0 ./source/SPI.o
 .debug_ranges  0x00000128       0x60 ./source/gpio.o
 .debug_ranges  0x00000188       0x20 ./SDK/startup/hardware.o
 .debug_ranges  0x000001a8       0x10 ./SDK/startup/main.o
 .debug_ranges  0x000001b8       0x10 ./SDK/startup/semihost_hardfault.o
 .debug_ranges  0x000001c8      0x320 ./SDK/startup/startup_mk64f12.o
 .debug_ranges  0x000004e8       0x20 ./SDK/CMSIS/system_MK64F12.o

.debug_macro    0x00000000    0x1177e
 .debug_macro   0x00000000       0xcd ./source/App.o
 .debug_macro   0x000000cd      0xa5a ./source/App.o
 .debug_macro   0x00000b27      0x34e ./source/App.o
 .debug_macro   0x00000e75       0x22 ./source/App.o
 .debug_macro   0x00000e97       0x10 ./source/App.o
 .debug_macro   0x00000ea7       0x5c ./source/App.o
 .debug_macro   0x00000f03       0x1c ./source/App.o
 .debug_macro   0x00000f1f       0x22 ./source/App.o
 .debug_macro   0x00000f41       0xdf ./source/App.o
 .debug_macro   0x00001020      0xecf ./source/App.o
 .debug_macro   0x00001eef       0x48 ./source/App.o
 .debug_macro   0x00001f37     0xe07b ./source/App.o
 .debug_macro   0x0000ffb2     0x122b ./source/App.o
 .debug_macro   0x000111dd       0x16 ./source/App.o
 .debug_macro   0x000111f3       0x46 ./source/App.o
 .debug_macro   0x00011239       0x58 ./source/App.o
 .debug_macro   0x00011291       0x10 ./source/App.o
 .debug_macro   0x000112a1      0x176 ./source/CAN.o
 .debug_macro   0x00011417       0xca ./source/SPI.o
 .debug_macro   0x000114e1       0xab ./source/gpio.o
 .debug_macro   0x0001158c       0x9c ./SDK/startup/hardware.o
 .debug_macro   0x00011628       0x9c ./SDK/startup/main.o
 .debug_macro   0x000116c4       0x11 ./SDK/startup/semihost_hardfault.o
 .debug_macro   0x000116d5       0x29 ./SDK/startup/startup_mk64f12.o
 .debug_macro   0x000116fe       0x80 ./SDK/CMSIS/system_MK64F12.o

.debug_line     0x00000000     0x1740
 .debug_line    0x00000000      0x1c3 ./source/App.o
 .debug_line    0x000001c3      0x29c ./source/CAN.o
 .debug_line    0x0000045f      0x407 ./source/SPI.o
 .debug_line    0x00000866      0x299 ./source/gpio.o
 .debug_line    0x00000aff      0x1d4 ./SDK/startup/hardware.o
 .debug_line    0x00000cd3      0x175 ./SDK/startup/main.o
 .debug_line    0x00000e48       0x59 ./SDK/startup/semihost_hardfault.o
 .debug_line    0x00000ea1      0x6d8 ./SDK/startup/startup_mk64f12.o
 .debug_line    0x00001579      0x1c7 ./SDK/CMSIS/system_MK64F12.o

.debug_str      0x00000000    0x78a37
 .debug_str     0x00000000    0x770bf ./source/App.o
                              0x77242 (size before relaxing)
 .debug_str     0x000770bf      0x306 ./source/CAN.o
                              0x7752d (size before relaxing)
 .debug_str     0x000773c5      0xb4f ./source/SPI.o
                              0x77e54 (size before relaxing)
 .debug_str     0x00077f14      0x122 ./source/gpio.o
                              0x772a0 (size before relaxing)
 .debug_str     0x00078036      0x169 ./SDK/startup/hardware.o
                              0x771f7 (size before relaxing)
 .debug_str     0x0007819f       0x1b ./SDK/startup/main.o
                              0x76fcb (size before relaxing)
 .debug_str     0x000781ba       0x36 ./SDK/startup/semihost_hardfault.o
                               0x2d31 (size before relaxing)
 .debug_str     0x000781f0      0x7e5 ./SDK/startup/startup_mk64f12.o
                               0x359f (size before relaxing)
 .debug_str     0x000789d5       0x62 ./SDK/CMSIS/system_MK64F12.o
                              0x77106 (size before relaxing)

.comment        0x00000000       0x7e
 .comment       0x00000000       0x7e ./source/App.o
                                 0x7f (size before relaxing)
 .comment       0x0000007e       0x7f ./source/CAN.o
 .comment       0x0000007e       0x7f ./source/SPI.o
 .comment       0x0000007e       0x7f ./source/gpio.o
 .comment       0x0000007e       0x7f ./SDK/startup/hardware.o
 .comment       0x0000007e       0x7f ./SDK/startup/main.o
 .comment       0x0000007e       0x7f ./SDK/startup/semihost_hardfault.o
 .comment       0x0000007e       0x7f ./SDK/startup/startup_mk64f12.o
 .comment       0x0000007e       0x7f ./SDK/CMSIS/system_MK64F12.o

.ARM.attributes
                0x00000000       0x37
 .ARM.attributes
                0x00000000       0x39 ./source/App.o
 .ARM.attributes
                0x00000039       0x39 ./source/CAN.o
 .ARM.attributes
                0x00000072       0x39 ./source/SPI.o
 .ARM.attributes
                0x000000ab       0x39 ./source/gpio.o
 .ARM.attributes
                0x000000e4       0x39 ./SDK/startup/hardware.o
 .ARM.attributes
                0x0000011d       0x39 ./SDK/startup/main.o
 .ARM.attributes
                0x00000156       0x39 ./SDK/startup/semihost_hardfault.o
 .ARM.attributes
                0x0000018f       0x39 ./SDK/startup/startup_mk64f12.o
 .ARM.attributes
                0x000001c8       0x39 ./SDK/CMSIS/system_MK64F12.o

.debug_frame    0x00000000     0x1154
 .debug_frame   0x00000000       0x74 ./source/App.o
 .debug_frame   0x00000074      0x124 ./source/CAN.o
 .debug_frame   0x00000198      0x398 ./source/SPI.o
 .debug_frame   0x00000530      0x1f0 ./source/gpio.o
 .debug_frame   0x00000720       0x70 ./SDK/startup/hardware.o
 .debug_frame   0x00000790       0x2c ./SDK/startup/main.o
 .debug_frame   0x000007bc       0x20 ./SDK/startup/semihost_hardfault.o
 .debug_frame   0x000007dc      0x904 ./SDK/startup/startup_mk64f12.o
 .debug_frame   0x000010e0       0x74 ./SDK/CMSIS/system_MK64F12.o
