Archive member included to satisfy reference by file (symbol)

c:/nxp/mcuxpressoide_10.2.0_759/ide/tools/bin/../lib/gcc/arm-none-eabi/7.2.1/../../../../arm-none-eabi/lib/thumb/v7e-m/fpv4-sp/hard\libcr_c.a(fabsf.o)
                              ./source/Posicionamiento.o (fabsf)
c:/nxp/mcuxpressoide_10.2.0_759/ide/tools/bin/../lib/gcc/arm-none-eabi/7.2.1/../../../../arm-none-eabi/lib/thumb/v7e-m/fpv4-sp/hard\libcr_c.a(powf.o)
                              ./source/Posicionamiento.o (powf)
c:/nxp/mcuxpressoide_10.2.0_759/ide/tools/bin/../lib/gcc/arm-none-eabi/7.2.1/../../../../arm-none-eabi/lib/thumb/v7e-m/fpv4-sp/hard\libcr_c.a(sqrtf_m4_hardfp.o)
                              ./source/Posicionamiento.o (sqrtf)
c:/nxp/mcuxpressoide_10.2.0_759/ide/tools/bin/../lib/gcc/arm-none-eabi/7.2.1/../../../../arm-none-eabi/lib/thumb/v7e-m/fpv4-sp/hard\libcr_c.a(atan.o)
                              ./source/Posicionamiento.o (atan)
c:/nxp/mcuxpressoide_10.2.0_759/ide/tools/bin/../lib/gcc/arm-none-eabi/7.2.1/../../../../arm-none-eabi/lib/thumb/v7e-m/fpv4-sp/hard\libcr_c.a(errno.o)
                              c:/nxp/mcuxpressoide_10.2.0_759/ide/tools/bin/../lib/gcc/arm-none-eabi/7.2.1/../../../../arm-none-eabi/lib/thumb/v7e-m/fpv4-sp/hard\libcr_c.a(powf.o) (errno)
c:/nxp/mcuxpressoide_10.2.0_759/ide/tools/bin/../lib/gcc/arm-none-eabi/7.2.1/../../../../arm-none-eabi/lib/thumb/v7e-m/fpv4-sp/hard\libcr_c.a(fabs.o)
                              ./source/Posicionamiento.o (fabs)
c:/nxp/mcuxpressoide_10.2.0_759/ide/tools/bin/../lib/gcc/arm-none-eabi/7.2.1/../../../../arm-none-eabi/lib/thumb/v7e-m/fpv4-sp/hard\libcr_c.a(frexpf.o)
                              c:/nxp/mcuxpressoide_10.2.0_759/ide/tools/bin/../lib/gcc/arm-none-eabi/7.2.1/../../../../arm-none-eabi/lib/thumb/v7e-m/fpv4-sp/hard\libcr_c.a(powf.o) (frexpf)
c:/nxp/mcuxpressoide_10.2.0_759/ide/tools/bin/../lib/gcc/arm-none-eabi/7.2.1/../../../../arm-none-eabi/lib/thumb/v7e-m/fpv4-sp/hard\libcr_c.a(ldexpf.o)
                              c:/nxp/mcuxpressoide_10.2.0_759/ide/tools/bin/../lib/gcc/arm-none-eabi/7.2.1/../../../../arm-none-eabi/lib/thumb/v7e-m/fpv4-sp/hard\libcr_c.a(powf.o) (ldexpf)
c:/nxp/mcuxpressoide_10.2.0_759/ide/tools/bin/../lib/gcc/arm-none-eabi/7.2.1/thumb/v7e-m/fpv4-sp/hard\libcr_eabihelpers.a(double.o)
                              ./source/Posicionamiento.o (__aeabi_dmul)
c:/nxp/mcuxpressoide_10.2.0_759/ide/tools/bin/../lib/gcc/arm-none-eabi/7.2.1/thumb/v7e-m/fpv4-sp/hard\libcr_eabihelpers.a(float.o)
                              ./source/Posicionamiento.o (__aeabi_f2d)

Discarded input sections

 .group         0x00000000        0xc ./source/App.o
 .group         0x00000000        0xc ./source/App.o
 .group         0x00000000        0xc ./source/App.o
 .group         0x00000000        0xc ./source/App.o
 .group         0x00000000        0xc ./source/App.o
 .group         0x00000000        0xc ./source/App.o
 .group         0x00000000        0xc ./source/App.o
 .group         0x00000000        0xc ./source/App.o
 .group         0x00000000        0xc ./source/App.o
 .group         0x00000000        0xc ./source/App.o
 .group         0x00000000        0xc ./source/App.o
 .group         0x00000000        0xc ./source/App.o
 .group         0x00000000        0xc ./source/App.o
 .group         0x00000000        0xc ./source/App.o
 .group         0x00000000        0xc ./source/App.o
 .group         0x00000000        0xc ./source/App.o
 .group         0x00000000        0xc ./source/App.o
 .group         0x00000000        0xc ./source/App.o
 .group         0x00000000        0xc ./source/App.o
 .group         0x00000000        0xc ./source/App.o
 .group         0x00000000        0xc ./source/App.o
 .group         0x00000000        0xc ./source/App.o
 .group         0x00000000        0xc ./source/App.o
 .group         0x00000000        0xc ./source/App.o
 .text          0x00000000        0x0 ./source/App.o
 .data          0x00000000        0x0 ./source/App.o
 .bss           0x00000000        0x0 ./source/App.o
 .bss.fsm       0x00000000        0x1 ./source/App.o
 .bss.timPeriodico
                0x00000000        0x1 ./source/App.o
 .bss.roll_app  0x00000000        0x2 ./source/App.o
 .bss.pitching_app
                0x00000000        0x2 ./source/App.o
 .bss.orientation_app
                0x00000000        0x2 ./source/App.o
 .text.periodicRefresh
                0x00000000       0x70 ./source/App.o
 .group         0x00000000        0xc ./source/CAN.o
 .group         0x00000000        0xc ./source/CAN.o
 .group         0x00000000        0xc ./source/CAN.o
 .group         0x00000000        0xc ./source/CAN.o
 .group         0x00000000        0xc ./source/CAN.o
 .group         0x00000000        0xc ./source/CAN.o
 .group         0x00000000        0xc ./source/CAN.o
 .group         0x00000000        0xc ./source/CAN.o
 .group         0x00000000        0xc ./source/CAN.o
 .group         0x00000000        0xc ./source/CAN.o
[...]
Memory Configuration

Name             Origin             Length             Attributes
PROGRAM_FLASH    0x00000000         0x00100000         xr
SRAM_UPPER       0x20000000         0x00030000         xrw
SRAM_LOWER       0x1fff0000         0x00010000         xrw
FLEX_RAM         0x14000000         0x00001000         xrw
*default*        0x00000000         0xffffffff

Linker script and memory map

LOAD ./source/App.o
LOAD ./source/CAN.o
LOAD ./source/ExternalManager.o
LOAD ./source/Posicionamiento.o
LOAD ./source/SPI.o
LOAD ./source/Sensores.o
LOAD ./source/SysTick.o
LOAD ./source/gpio.o
LOAD ./source/timer.o
LOAD ./SDK/startup/hardware.o
LOAD ./SDK/startup/main.o
LOAD ./SDK/startup/semihost_hardfault.o
LOAD ./SDK/startup/startup_mk64f12.o
LOAD ./SDK/CMSIS/system_MK64F12.o
START GROUP
LOAD c:/nxp/mcuxpressoide_10.2.0_759/ide/tools/bin/../lib/gcc/arm-none-eabi/7.2.1/../../../../arm-none-eabi/lib/thumb/v7e-m/fpv4-sp/hard\libcr_c.a
LOAD c:/nxp/mcuxpressoide_10.2.0_759/ide/tools/bin/../lib/gcc/arm-none-eabi/7.2.1/thumb/v7e-m/fpv4-sp/hard\libcr_eabihelpers.a
END GROUP
                0x00000000                __base_PROGRAM_FLASH = 0x0
                0x00000000                __base_Flash = 0x0
                0x00100000                __top_PROGRAM_FLASH = 0x100000
                0x00100000                __top_Flash = 0x100000
                0x20000000                __base_SRAM_UPPER = 0x20000000
                0x20000000                __base_RAM = 0x20000000
                0x20030000                __top_SRAM_UPPER = 0x20030000
                0x20030000                __top_RAM = 0x20030000
                0x1fff0000                __base_SRAM_LOWER = 0x1fff0000
                0x1fff0000                __base_RAM2 = 0x1fff0000
                0x20000000                __top_SRAM_LOWER = 0x20000000
                0x20000000                __top_RAM2 = 0x20000000
                0x14000000                __base_FLEX_RAM = 0x14000000
                0x14000000                __base_RAM3 = 0x14000000
                0x14001000                __top_FLEX_RAM = 0x14001000
                0x14001000                __top_RAM3 = 0x14001000

.text           0x00000000     0x1380
 FILL mask 0xff
                0x00000000                __vectors_start__ = ABSOLUTE (.)
 *(SORT_BY_ALIGNMENT(.isr_vector))
 .isr_vector    0x00000000      0x198 ./SDK/startup/startup_mk64f12.o
                0x00000000                g_pfnVectors
                0x00000000                __Vectors
                0x00000198                . = ALIGN (0x4)
                0x00000198                __section_table_start = .
                0x00000198                __data_section_table = .
                0x00000198        0x4 LONG 0x1380 LOADADDR (.data)
                0x0000019c        0x4 LONG 0x20000000 ADDR (.data)
                0x000001a0        0x4 LONG 0x80 SIZEOF (.data)
                0x000001a4        0x4 LONG 0x1380 LOADADDR (.data_RAM2)
                0x000001a8        0x4 LONG 0x1fff0000 ADDR (.data_RAM2)
                0x000001ac        0x4 LONG 0x0 SIZEOF (.data_RAM2)
                0x000001b0        0x4 LONG 0x1380 LOADADDR (.data_RAM3)
                0x000001b4        0x4 LONG 0x14000000 ADDR (.data_RAM3)
                0x000001b8        0x4 LONG 0x0 SIZEOF (.data_RAM3)
                0x000001bc                __data_section_table_end = .
                0x000001bc                __bss_section_table = .
                0x000001bc        0x4 LONG 0x20000080 ADDR (.bss)
                0x000001c0        0x4 LONG 0x2a0 SIZEOF (.bss)
                0x000001c4        0x4 LONG 0x1fff0000 ADDR (.bss_RAM2)
                0x000001c8        0x4 LONG 0x0 SIZEOF (.bss_RAM2)
                0x000001cc        0x4 LONG 0x14000000 ADDR (.bss_RAM3)
                0x000001d0        0x4 LONG 0x0 SIZEOF (.bss_RAM3)
                0x000001d4                __bss_section_table_end = .
                0x000001d4                __section_table_end = .
 *(SORT_BY_ALIGNMENT(.after_vectors*))
 .after_vectors.reset
                0x000001d4       0x4c ./SDK/startup/startup_mk64f12.o
                0x000001d4                ResetISR
 .after_vectors.init_data
                0x00000220       0x1e ./SDK/startup/startup_mk64f12.o
                0x00000220                data_init
 .after_vectors.init_bss
                0x0000023e       0x12 ./SDK/startup/startup_mk64f12.o
                0x0000023e                bss_init
 .after_vectors
                0x00000250       0x14 ./SDK/startup/startup_mk64f12.o
                0x00000250                NMI_Handler
                0x00000254                MemManage_Handler
                0x00000256                BusFault_Handler
                0x00000258                UsageFault_Handler
                0x0000025a                SVC_Handler
                0x0000025c                DebugMon_Handler
                0x0000025e                PendSV_Handler
                0x00000262                DMA_Error_DriverIRQHandler
                0x00000262                LPTMR0_DriverIRQHandler
                0x00000262                FTM1_DriverIRQHandler
                0x00000262                FTM2_DriverIRQHandler
                0x00000262                PIT2_DriverIRQHandler
                0x00000262                SDHC_DriverIRQHandler
                0x00000262                I2S0_Tx_DriverIRQHandler
                0x00000262                RTC_Seconds_DriverIRQHandler
                0x00000262                DMA6_DriverIRQHandler
                0x00000262                LLWU_DriverIRQHandler
                0x00000262                MCM_DriverIRQHandler
                0x00000262                MCG_DriverIRQHandler
                0x00000262                ENET_1588_Timer_DriverIRQHandler
                0x00000262                I2C2_DriverIRQHandler
                0x00000262                DAC1_DriverIRQHandler
                0x00000262                SPI1_DriverIRQHandler
                0x00000262                CMP1_DriverIRQHandler
                0x00000262                UART5_RX_TX_DriverIRQHandler
                0x00000262                FTM0_DriverIRQHandler
                0x00000262                IntDefaultHandler
                0x00000262                USB0_DriverIRQHandler
                0x00000262                UART5_ERR_DriverIRQHandler
                0x00000262                PORTC_DriverIRQHandler
                0x00000262                DMA11_DriverIRQHandler
                0x00000262                DAC0_DriverIRQHandler
                0x00000262                DMA10_DriverIRQHandler
                0x00000262                CMP2_DriverIRQHandler
                0x00000262                UART2_ERR_DriverIRQHandler
                0x00000262                SPI2_DriverIRQHandler
                0x00000262                LVD_LVW_DriverIRQHandler
                0x00000262                PIT0_DriverIRQHandler
                0x00000262                RNG_DriverIRQHandler
                0x00000262                DMA5_DriverIRQHandler
                0x00000262                DMA12_DriverIRQHandler
                0x00000262                UART2_RX_TX_DriverIRQHandler
                0x00000262                USBDCD_DriverIRQHandler
                0x00000262                UART3_ERR_DriverIRQHandler
                0x00000262                DMA3_DriverIRQHandler
                0x00000262                DMA8_DriverIRQHandler
                0x00000262                DMA9_DriverIRQHandler
                0x00000262                UART0_ERR_DriverIRQHandler
                0x00000262                CMT_DriverIRQHandler
                0x00000262                Reserved71_DriverIRQHandler
                0x00000262                ADC1_DriverIRQHandler
                0x00000262                PORTA_DriverIRQHandler
                0x00000262                DMA14_DriverIRQHandler
                0x00000262                PIT3_DriverIRQHandler
                0x00000262                PIT1_DriverIRQHandler
                0x00000262                WDOG_EWM_DriverIRQHandler
                0x00000262                PDB0_DriverIRQHandler
                0x00000262                RTC_DriverIRQHandler
                0x00000262                I2S0_Rx_DriverIRQHandler
                0x00000262                Read_Collision_DriverIRQHandler
                0x00000262                SWI_DriverIRQHandler
                0x00000262                UART4_RX_TX_DriverIRQHandler
                0x00000262                UART4_ERR_DriverIRQHandler
                0x00000262                PORTB_DriverIRQHandler
                0x00000262                UART0_LON_DriverIRQHandler
                0x00000262                DMA0_DriverIRQHandler
                0x00000262                DMA1_DriverIRQHandler
                0x00000262                I2C1_DriverIRQHandler
                0x00000262                UART3_RX_TX_DriverIRQHandler
                0x00000262                ENET_Receive_DriverIRQHandler
                0x00000262                DMA13_DriverIRQHandler
                0x00000262                ENET_Error_DriverIRQHandler
                0x00000262                DMA15_DriverIRQHandler
                0x00000262                UART0_RX_TX_DriverIRQHandler
                0x00000262                SPI0_DriverIRQHandler
                0x00000262                ADC0_DriverIRQHandler
                0x00000262                CMP0_DriverIRQHandler
                0x00000262                CAN0_DriverIRQHandler
                0x00000262                FTM3_DriverIRQHandler
                0x00000262                DMA4_DriverIRQHandler
                0x00000262                UART1_ERR_DriverIRQHandler
                0x00000262                DMA2_DriverIRQHandler
                0x00000262                ENET_Transmit_DriverIRQHandler
                0x00000262                PORTD_DriverIRQHandler
                0x00000262                PORTE_DriverIRQHandler
                0x00000262                FTFE_DriverIRQHandler
                0x00000262                I2C0_DriverIRQHandler
                0x00000262                DMA7_DriverIRQHandler
                0x00000262                UART1_RX_TX_DriverIRQHandler
                0x00000400                . = 0x400
 *fill*         0x00000264      0x19c ff
                0x00000400                PROVIDE (__FLASH_CONFIG_START__, .)
 *(SORT_BY_ALIGNMENT(.FlashConfig))
 .FlashConfig   0x00000400       0x10 ./SDK/startup/startup_mk64f12.o
                0x00000400                Flash_Config
                0x00000410                PROVIDE (__FLASH_CONFIG_END__, .)
                0x00000001                ASSERT (! ((__FLASH_CONFIG_START__ == __FLASH_CONFIG_END__)), Linker Flash Config Support Enabled, but no .FlashConfig section provided within application)
 *(SORT_BY_ALIGNMENT(.text*))
 .text.App_Init
                0x00000410       0x40 ./source/App.o
                0x00000410                App_Init
 .text.__NVIC_EnableIRQ
                0x00000450       0x3c ./source/CAN.o
 .text.CAN_READ_RX_BUFFER
                0x0000048c      0x114 ./source/CAN.o
                0x0000048c                CAN_READ_RX_BUFFER
 .text.init_CAN
                0x000005a0       0xc8 ./source/CAN.o
                0x000005a0                init_CAN
 .text.startTrasmissionReception
                0x00000668       0x24 ./source/SPI.o
 .text.stopTrasmissionReception
                0x0000068c       0x24 ./source/SPI.o
 .text.SPI_driver_init
                0x000006b0       0x84 ./source/SPI.o
                0x000006b0                SPI_driver_init
 .text.setup_pin
                0x00000734       0x68 ./source/SPI.o
 .text.SPI_driver_sendRecive
                0x0000079c       0xd0 ./source/SPI.o
                0x0000079c                SPI_driver_sendRecive
 .text.SysTick_Handler
                0x0000086c       0x24 ./source/SysTick.o
                0x0000086c                SysTick_Handler
 .text.PORTD_IRQHandler
                0x00000890       0x64 ./source/gpio.o
                0x00000890                PORTD_IRQHandler
 .text.PORTA_IRQHandler
                0x000008f4       0x5c ./source/gpio.o
                0x000008f4                PORTA_IRQHandler
 .text.PORTB_IRQHandler
                0x00000950       0x64 ./source/gpio.o
                0x00000950                PORTB_IRQHandler
 .text.PORTE_IRQHandler
                0x000009b4       0x64 ./source/gpio.o
                0x000009b4                PORTE_IRQHandler
 .text.PORTC_IRQHandler
                0x00000a18       0x64 ./source/gpio.o
                0x00000a18                PORTC_IRQHandler
 .text.gpioMode
                0x00000a7c      0x174 ./source/gpio.o
                0x00000a7c                gpioMode
 .text.gpioIRQ  0x00000bf0       0x94 ./source/gpio.o
                0x00000bf0                gpioIRQ
 .text.PORT_ClearInterruptFlag
                0x00000c84       0x48 ./source/gpio.o
                0x00000c84                PORT_ClearInterruptFlag
 .text.hw_Init  0x00000ccc      0x10c ./SDK/startup/hardware.o
                0x00000ccc                hw_Init
 .text.hw_EnableInterrupts
                0x00000dd8       0x30 ./SDK/startup/hardware.o
                0x00000dd8                hw_EnableInterrupts
 .text.hw_DisableInterrupts
                0x00000e08       0x20 ./SDK/startup/hardware.o
                0x00000e08                hw_DisableInterrupts
 .text.SystemInit
                0x00000e28       0x3c ./SDK/CMSIS/system_MK64F12.o
                0x00000e28                SystemInit
 .text.test_irq
                0x00000e64        0xe ./source/App.o
                0x00000e64                test_irq
 .text.App_Run  0x00000e72        0xe ./source/App.o
                0x00000e72                App_Run
 .text.CAN_RESET
                0x00000e80       0x12 ./source/CAN.o
                0x00000e80                CAN_RESET
 .text.CAN_ClearTxFlag
                0x00000e92       0x12 ./source/CAN.o
                0x00000e92                CAN_ClearTxFlag
 .text.CAN_ClearRxFlag
                0x00000ea4       0x12 ./source/CAN.o
                0x00000ea4                CAN_ClearRxFlag
 .text.CAN_BIT_MODIFY
                0x00000eb6       0x38 ./source/CAN.o
                0x00000eb6                CAN_BIT_MODIFY
 .text.CAN_WRITE
                0x00000eee       0x32 ./source/CAN.o
                0x00000eee                CAN_WRITE
 .text.CAN_RTS_TXB0
                0x00000f20       0x1e ./source/CAN.o
                0x00000f20                CAN_RTS_TXB0
 .text.CAN_LOAD_TX_BUFFER
                0x00000f3e       0xbc ./source/CAN.o
                0x00000f3e                CAN_LOAD_TX_BUFFER
 .text.CAN_READ
                0x00000ffa       0x3c ./source/CAN.o
                0x00000ffa                CAN_READ
 .text.send_CAN
                0x00001036       0x60 ./source/CAN.o
                0x00001036                send_CAN
 .text.main     0x00001096       0x1a ./SDK/startup/main.o
                0x00001096                main
 .text.HardFault_Handler
                0x000010b0       0x2c ./SDK/startup/semihost_hardfault.o
                0x000010b0                HardFault_Handler
 .text.DMA0_IRQHandler
                0x000010dc        0x8 ./SDK/startup/startup_mk64f12.o
                0x000010dc                DMA0_IRQHandler
 .text.DMA1_IRQHandler
                0x000010e4        0x8 ./SDK/startup/startup_mk64f12.o
                0x000010e4                DMA1_IRQHandler
 .text.DMA2_IRQHandler
                0x000010ec        0x8 ./SDK/startup/startup_mk64f12.o
                0x000010ec                DMA2_IRQHandler
 .text.DMA3_IRQHandler
                0x000010f4        0x8 ./SDK/startup/startup_mk64f12.o
                0x000010f4                DMA3_IRQHandler
 .text.DMA4_IRQHandler
                0x000010fc        0x8 ./SDK/startup/startup_mk64f12.o
                0x000010fc                DMA4_IRQHandler
 .text.DMA5_IRQHandler
                0x00001104        0x8 ./SDK/startup/startup_mk64f12.o
                0x00001104                DMA5_IRQHandler
 .text.DMA6_IRQHandler
                0x0000110c        0x8 ./SDK/startup/startup_mk64f12.o
                0x0000110c                DMA6_IRQHandler
 .text.DMA7_IRQHandler
                0x00001114        0x8 ./SDK/startup/startup_mk64f12.o
                0x00001114                DMA7_IRQHandler
 .text.DMA8_IRQHandler
                0x0000111c        0x8 ./SDK/startup/startup_mk64f12.o
                0x0000111c                DMA8_IRQHandler
 .text.DMA9_IRQHandler
                0x00001124        0x8 ./SDK/startup/startup_mk64f12.o
                0x00001124                DMA9_IRQHandler
 .text.DMA10_IRQHandler
                0x0000112c        0x8 ./SDK/startup/startup_mk64f12.o
                0x0000112c                DMA10_IRQHandler
 .text.DMA11_IRQHandler
                0x00001134        0x8 ./SDK/startup/startup_mk64f12.o
                0x00001134                DMA11_IRQHandler
 .text.DMA12_IRQHandler
                0x0000113c        0x8 ./SDK/startup/startup_mk64f12.o
                0x0000113c                DMA12_IRQHandler
 .text.DMA13_IRQHandler
                0x00001144        0x8 ./SDK/startup/startup_mk64f12.o
                0x00001144                DMA13_IRQHandler
 .text.DMA14_IRQHandler
                0x0000114c        0x8 ./SDK/startup/startup_mk64f12.o
                0x0000114c                DMA14_IRQHandler
 .text.DMA15_IRQHandler
                0x00001154        0x8 ./SDK/startup/startup_mk64f12.o
                0x00001154                DMA15_IRQHandler
 .text.DMA_Error_IRQHandler
                0x0000115c        0x8 ./SDK/startup/startup_mk64f12.o
                0x0000115c                DMA_Error_IRQHandler
 .text.MCM_IRQHandler
                0x00001164        0x8 ./SDK/startup/startup_mk64f12.o
                0x00001164                MCM_IRQHandler
 .text.FTFE_IRQHandler
                0x0000116c        0x8 ./SDK/startup/startup_mk64f12.o
                0x0000116c                FTFE_IRQHandler
 .text.Read_Collision_IRQHandler
                0x00001174        0x8 ./SDK/startup/startup_mk64f12.o
                0x00001174                Read_Collision_IRQHandler
 .text.LVD_LVW_IRQHandler
                0x0000117c        0x8 ./SDK/startup/startup_mk64f12.o
                0x0000117c                LVD_LVW_IRQHandler
 .text.LLWU_IRQHandler
                0x00001184        0x8 ./SDK/startup/startup_mk64f12.o
                0x00001184                LLWU_IRQHandler
 .text.WDOG_EWM_IRQHandler
                0x0000118c        0x8 ./SDK/startup/startup_mk64f12.o
                0x0000118c                WDOG_EWM_IRQHandler
 .text.RNG_IRQHandler
                0x00001194        0x8 ./SDK/startup/startup_mk64f12.o
                0x00001194                RNG_IRQHandler
 .text.I2C0_IRQHandler
                0x0000119c        0x8 ./SDK/startup/startup_mk64f12.o
                0x0000119c                I2C0_IRQHandler
 .text.I2C1_IRQHandler
                0x000011a4        0x8 ./SDK/startup/startup_mk64f12.o
                0x000011a4                I2C1_IRQHandler
 .text.SPI0_IRQHandler
                0x000011ac        0x8 ./SDK/startup/startup_mk64f12.o
                0x000011ac                SPI0_IRQHandler
 .text.SPI1_IRQHandler
                0x000011b4        0x8 ./SDK/startup/startup_mk64f12.o
                0x000011b4                SPI1_IRQHandler
 .text.I2S0_Tx_IRQHandler
                0x000011bc        0x8 ./SDK/startup/startup_mk64f12.o
                0x000011bc                I2S0_Tx_IRQHandler
 .text.I2S0_Rx_IRQHandler
                0x000011c4        0x8 ./SDK/startup/startup_mk64f12.o
                0x000011c4                I2S0_Rx_IRQHandler
 .text.UART0_LON_IRQHandler
                0x000011cc        0x8 ./SDK/startup/startup_mk64f12.o
                0x000011cc                UART0_LON_IRQHandler
 .text.UART0_RX_TX_IRQHandler
                0x000011d4        0x8 ./SDK/startup/startup_mk64f12.o
                0x000011d4                UART0_RX_TX_IRQHandler
 .text.UART0_ERR_IRQHandler
                0x000011dc        0x8 ./SDK/startup/startup_mk64f12.o
                0x000011dc                UART0_ERR_IRQHandler
 .text.UART1_RX_TX_IRQHandler
                0x000011e4        0x8 ./SDK/startup/startup_mk64f12.o
                0x000011e4                UART1_RX_TX_IRQHandler
 .text.UART1_ERR_IRQHandler
                0x000011ec        0x8 ./SDK/startup/startup_mk64f12.o
                0x000011ec                UART1_ERR_IRQHandler
 .text.UART2_RX_TX_IRQHandler
                0x000011f4        0x8 ./SDK/startup/startup_mk64f12.o
                0x000011f4                UART2_RX_TX_IRQHandler
 .text.UART2_ERR_IRQHandler
                0x000011fc        0x8 ./SDK/startup/startup_mk64f12.o
                0x000011fc                UART2_ERR_IRQHandler
 .text.UART3_RX_TX_IRQHandler
                0x00001204        0x8 ./SDK/startup/startup_mk64f12.o
                0x00001204                UART3_RX_TX_IRQHandler
 .text.UART3_ERR_IRQHandler
                0x0000120c        0x8 ./SDK/startup/startup_mk64f12.o
                0x0000120c                UART3_ERR_IRQHandler
 .text.ADC0_IRQHandler
                0x00001214        0x8 ./SDK/startup/startup_mk64f12.o
                0x00001214                ADC0_IRQHandler
 .text.CMP0_IRQHandler
                0x0000121c        0x8 ./SDK/startup/startup_mk64f12.o
                0x0000121c                CMP0_IRQHandler
 .text.CMP1_IRQHandler
                0x00001224        0x8 ./SDK/startup/startup_mk64f12.o
                0x00001224                CMP1_IRQHandler
 .text.FTM0_IRQHandler
                0x0000122c        0x8 ./SDK/startup/startup_mk64f12.o
                0x0000122c                FTM0_IRQHandler
 .text.FTM1_IRQHandler
                0x00001234        0x8 ./SDK/startup/startup_mk64f12.o
                0x00001234                FTM1_IRQHandler
 .text.FTM2_IRQHandler
                0x0000123c        0x8 ./SDK/startup/startup_mk64f12.o
                0x0000123c                FTM2_IRQHandler
 .text.CMT_IRQHandler
                0x00001244        0x8 ./SDK/startup/startup_mk64f12.o
                0x00001244                CMT_IRQHandler
 .text.RTC_IRQHandler
                0x0000124c        0x8 ./SDK/startup/startup_mk64f12.o
                0x0000124c                RTC_IRQHandler
 .text.RTC_Seconds_IRQHandler
                0x00001254        0x8 ./SDK/startup/startup_mk64f12.o
                0x00001254                RTC_Seconds_IRQHandler
 .text.PIT0_IRQHandler
                0x0000125c        0x8 ./SDK/startup/startup_mk64f12.o
                0x0000125c                PIT0_IRQHandler
 .text.PIT1_IRQHandler
                0x00001264        0x8 ./SDK/startup/startup_mk64f12.o
                0x00001264                PIT1_IRQHandler
 .text.PIT2_IRQHandler
                0x0000126c        0x8 ./SDK/startup/startup_mk64f12.o
                0x0000126c                PIT2_IRQHandler
 .text.PIT3_IRQHandler
                0x00001274        0x8 ./SDK/startup/startup_mk64f12.o
                0x00001274                PIT3_IRQHandler
 .text.PDB0_IRQHandler
                0x0000127c        0x8 ./SDK/startup/startup_mk64f12.o
                0x0000127c                PDB0_IRQHandler
 .text.USB0_IRQHandler
                0x00001284        0x8 ./SDK/startup/startup_mk64f12.o
                0x00001284                USB0_IRQHandler
 .text.USBDCD_IRQHandler
                0x0000128c        0x8 ./SDK/startup/startup_mk64f12.o
                0x0000128c                USBDCD_IRQHandler
 .text.Reserved71_IRQHandler
                0x00001294        0x8 ./SDK/startup/startup_mk64f12.o
                0x00001294                Reserved71_IRQHandler
 .text.DAC0_IRQHandler
                0x0000129c        0x8 ./SDK/startup/startup_mk64f12.o
                0x0000129c                DAC0_IRQHandler
 .text.MCG_IRQHandler
                0x000012a4        0x8 ./SDK/startup/startup_mk64f12.o
                0x000012a4                MCG_IRQHandler
 .text.LPTMR0_IRQHandler
                0x000012ac        0x8 ./SDK/startup/startup_mk64f12.o
                0x000012ac                LPTMR0_IRQHandler
 .text.SWI_IRQHandler
                0x000012b4        0x8 ./SDK/startup/startup_mk64f12.o
                0x000012b4                SWI_IRQHandler
 .text.SPI2_IRQHandler
                0x000012bc        0x8 ./SDK/startup/startup_mk64f12.o
                0x000012bc                SPI2_IRQHandler
 .text.UART4_RX_TX_IRQHandler
                0x000012c4        0x8 ./SDK/startup/startup_mk64f12.o
                0x000012c4                UART4_RX_TX_IRQHandler
 .text.UART4_ERR_IRQHandler
                0x000012cc        0x8 ./SDK/startup/startup_mk64f12.o
                0x000012cc                UART4_ERR_IRQHandler
 .text.UART5_RX_TX_IRQHandler
                0x000012d4        0x8 ./SDK/startup/startup_mk64f12.o
                0x000012d4                UART5_RX_TX_IRQHandler
 .text.UART5_ERR_IRQHandler
                0x000012dc        0x8 ./SDK/startup/startup_mk64f12.o
                0x000012dc                UART5_ERR_IRQHandler
 .text.CMP2_IRQHandler
                0x000012e4        0x8 ./SDK/startup/startup_mk64f12.o
                0x000012e4                CMP2_IRQHandler
 .text.FTM3_IRQHandler
                0x000012ec        0x8 ./SDK/startup/startup_mk64f12.o
                0x000012ec                FTM3_IRQHandler
 .text.DAC1_IRQHandler
                0x000012f4        0x8 ./SDK/startup/startup_mk64f12.o
                0x000012f4                DAC1_IRQHandler
 .text.ADC1_IRQHandler
                0x000012fc        0x8 ./SDK/startup/startup_mk64f12.o
                0x000012fc                ADC1_IRQHandler
 .text.I2C2_IRQHandler
                0x00001304        0x8 ./SDK/startup/startup_mk64f12.o
                0x00001304                I2C2_IRQHandler
 .text.CAN0_ORed_Message_buffer_IRQHandler
                0x0000130c        0x8 ./SDK/startup/startup_mk64f12.o
                0x0000130c                CAN0_ORed_Message_buffer_IRQHandler
 .text.CAN0_Bus_Off_IRQHandler
                0x00001314        0x8 ./SDK/startup/startup_mk64f12.o
                0x00001314                CAN0_Bus_Off_IRQHandler
 .text.CAN0_Error_IRQHandler
                0x0000131c        0x8 ./SDK/startup/startup_mk64f12.o
                0x0000131c                CAN0_Error_IRQHandler
 .text.CAN0_Tx_Warning_IRQHandler
                0x00001324        0x8 ./SDK/startup/startup_mk64f12.o
                0x00001324                CAN0_Tx_Warning_IRQHandler
 .text.CAN0_Rx_Warning_IRQHandler
                0x0000132c        0x8 ./SDK/startup/startup_mk64f12.o
                0x0000132c                CAN0_Rx_Warning_IRQHandler
 .text.CAN0_Wake_Up_IRQHandler
                0x00001334        0x8 ./SDK/startup/startup_mk64f12.o
                0x00001334                CAN0_Wake_Up_IRQHandler
 .text.SDHC_IRQHandler
                0x0000133c        0x8 ./SDK/startup/startup_mk64f12.o
                0x0000133c                SDHC_IRQHandler
 .text.ENET_1588_Timer_IRQHandler
                0x00001344        0x8 ./SDK/startup/startup_mk64f12.o
                0x00001344                ENET_1588_Timer_IRQHandler
 .text.ENET_Transmit_IRQHandler
                0x0000134c        0x8 ./SDK/startup/startup_mk64f12.o
                0x0000134c                ENET_Transmit_IRQHandler
 .text.ENET_Receive_IRQHandler
                0x00001354        0x8 ./SDK/startup/startup_mk64f12.o
                0x00001354                ENET_Receive_IRQHandler
 .text.ENET_Error_IRQHandler
                0x0000135c        0x8 ./SDK/startup/startup_mk64f12.o
                0x0000135c                ENET_Error_IRQHandler
 .text.SystemInitHook
                0x00001364        0xe ./SDK/CMSIS/system_MK64F12.o
                0x00001364                SystemInitHook
 *(SORT_BY_ALIGNMENT(.rodata) SORT_BY_ALIGNMENT(.rodata.*) SORT_BY_ALIGNMENT(.constdata) SORT_BY_ALIGNMENT(.constdata.*))
 *fill*         0x00001372        0x2 ff
 .rodata        0x00001374        0x5 ./source/App.o
 *fill*         0x00001379        0x3 ff
 .rodata        0x0000137c        0x4 ./source/CAN.o
                0x00001380                . = ALIGN (0x8)

.glue_7         0x00001380        0x0
 .glue_7        0x00001380        0x0 linker stubs

.glue_7t        0x00001380        0x0
 .glue_7t       0x00001380        0x0 linker stubs

.vfp11_veneer   0x00001380        0x0
 .vfp11_veneer  0x00001380        0x0 linker stubs

.v4_bx          0x00001380        0x0
 .v4_bx         0x00001380        0x0 linker stubs

.iplt           0x00001380        0x0
 .iplt          0x00001380        0x0 ./source/App.o

.rel.dyn        0x00001380        0x0
 .rel.iplt      0x00001380        0x0 ./source/App.o

.ARM.extab
 *(SORT_BY_ALIGNMENT(.ARM.extab*) SORT_BY_ALIGNMENT(.gnu.linkonce.armextab.*))
                0x00001380                __exidx_start = .

.ARM.exidx
 *(SORT_BY_ALIGNMENT(.ARM.exidx*) SORT_BY_ALIGNMENT(.gnu.linkonce.armexidx.*))
                0x00001380                __exidx_end = .
                0x00001380                _etext = .

.m_usb_data
 *(SORT_BY_ALIGNMENT(m_usb_bdt))

.data_RAM2      0x1fff0000        0x0 load address 0x00001380
 FILL mask 0xff
                [!provide]                PROVIDE (__start_data_RAM2, .)
 *(SORT_BY_ALIGNMENT(.ramfunc.$RAM2))
 *(SORT_BY_ALIGNMENT(.ramfunc.$SRAM_LOWER))
 *(SORT_BY_ALIGNMENT(.data.$RAM2*))
 *(SORT_BY_ALIGNMENT(.data.$SRAM_LOWER*))
                0x1fff0000                . = ALIGN (0x8)
                [!provide]                PROVIDE (__end_data_RAM2, .)

.data_RAM3      0x14000000        0x0 load address 0x00001380
 FILL mask 0xff
                [!provide]                PROVIDE (__start_data_RAM3, .)
 *(SORT_BY_ALIGNMENT(.ramfunc.$RAM3))
 *(SORT_BY_ALIGNMENT(.ramfunc.$FLEX_RAM))
 *(SORT_BY_ALIGNMENT(.data.$RAM3*))
 *(SORT_BY_ALIGNMENT(.data.$FLEX_RAM*))
                0x14000000                . = ALIGN (0x8)
                [!provide]                PROVIDE (__end_data_RAM3, .)

.uninit_RESERVED
                0x20000000        0x0
 *(SORT_BY_ALIGNMENT(.bss.$RESERVED*))
                0x20000000                . = ALIGN (0x4)
                0x20000000                _end_uninit_RESERVED = .

.data           0x20000000       0x80 load address 0x00001380
 FILL mask 0xff
                0x20000000                _data = .
 *(SORT_BY_ALIGNMENT(vtable))
 *(SORT_BY_ALIGNMENT(.ramfunc*))
 *(SORT_BY_ALIGNMENT(.data*))
 .data.SPI_driver_SPI
                0x20000000        0xc ./source/SPI.o
 .data.ports    0x2000000c       0x14 ./source/SPI.o
 .data.sim_port
                0x20000020       0x14 ./source/SPI.o
 .data.pushrFinal.7874
                0x20000034        0x4 ./source/SPI.o
 .data.pushrInicial.7873
                0x20000038        0x4 ./source/SPI.o
 .data.gpioPtrs
                0x2000003c       0x14 ./source/gpio.o
 .data.portPtrs
                0x20000050       0x14 ./source/gpio.o
 .data.simMasks
                0x20000064       0x14 ./source/gpio.o
 .data.sim_ptr  0x20000078        0x4 ./source/gpio.o
                0x20000080                . = ALIGN (0x8)
 *fill*         0x2000007c        0x4 ff
                0x20000080                _edata = .

.igot.plt       0x20000080        0x0 load address 0x00001400
 .igot.plt      0x20000080        0x0 ./source/App.o

.bss_RAM2       0x1fff0000        0x0
                [!provide]                PROVIDE (__start_bss_RAM2, .)
 *(SORT_BY_ALIGNMENT(.bss.$RAM2*))
 *(SORT_BY_ALIGNMENT(.bss.$SRAM_LOWER*))
                0x1fff0000                . = ALIGN ((. != 0x0)?0x8:0x1)
                [!provide]                PROVIDE (__end_bss_RAM2, .)

.bss_RAM3       0x14000000        0x0
                [!provide]                PROVIDE (__start_bss_RAM3, .)
 *(SORT_BY_ALIGNMENT(.bss.$RAM3*))
 *(SORT_BY_ALIGNMENT(.bss.$FLEX_RAM*))
                0x14000000                . = ALIGN ((. != 0x0)?0x8:0x1)
                [!provide]                PROVIDE (__end_bss_RAM3, .)

.bss            0x20000080      0x2a0
                0x20000080                _bss = .
 *(SORT_BY_ALIGNMENT(.bss*))
 .bss.RXbufferData
                0x20000080        0xc ./source/CAN.o
 .bss.callback  0x2000008c        0x4 ./source/CAN.o
 .bss.callbackTick
                0x20000090        0x4 ./source/SysTick.o
 .bss.isr_Matrix
                0x20000094      0x280 ./source/gpio.o
 .bss.__LDM_interruptDisableCount
                0x20000314        0x4 ./SDK/startup/hardware.o
 .bss.myID      0x20000318        0x2 ./source/CAN.o
 *(SORT_BY_ALIGNMENT(COMMON))
                0x20000320                . = ALIGN (0x8)
 *fill*         0x2000031a        0x6 
                0x20000320                _ebss = .
                [!provide]                PROVIDE (end, .)

.noinit_RAM2    0x1fff0000        0x0
 *(SORT_BY_ALIGNMENT(.noinit.$RAM2*))
 *(SORT_BY_ALIGNMENT(.noinit.$SRAM_LOWER*))
                0x1fff0000                . = ALIGN (0x8)

.noinit_RAM3    0x14000000        0x0
 *(SORT_BY_ALIGNMENT(.noinit.$RAM3*))
 *(SORT_BY_ALIGNMENT(.noinit.$FLEX_RAM*))
                0x14000000                . = ALIGN (0x8)

.noinit         0x20000320        0x0
                0x20000320                _noinit = .
 *(SORT_BY_ALIGNMENT(.noinit*))
                0x20000320                . = ALIGN (0x8)
                0x20000320                _end_noinit = .
                0x00001000                _HeapSize = 0x1000

.heap           0x20000320     0x1000
                0x20000320                _pvHeapStart = .
                0x20001320                . = (. + _HeapSize)
 *fill*         0x20000320     0x1000 
                0x20001320                . = ALIGN (0x8)
                0x20001320                _pvHeapLimit = .
                0x00001000                _StackSize = 0x1000

.heap2stackfill
                0x20001320     0x1000
                0x20002320                . = (. + _StackSize)
 *fill*         0x20001320     0x1000 

.stack          0x2002f000        0x0
                0x2002f000                _vStackBase = .
                0x2002f000                . = ALIGN (0x8)
                0x20030000                _vStackTop = (. + _StackSize)
                0x00000000                _image_start = LOADADDR (.text)
                0x00001400                _image_end = (LOADADDR (.data) + SIZEOF (.data))
                0x00001400                _image_size = (_image_end - _image_start)
OUTPUT(Blink.axf elf32-littlearm)

.debug_info     0x00000000     0x4bbf
 .debug_info    0x00000000      0x9c2 ./source/App.o
 .debug_info    0x000009c2     0x10be ./source/CAN.o
 .debug_info    0x00001a80      0xf00 ./source/SPI.o
 .debug_info    0x00002980      0x526 ./source/SysTick.o
 .debug_info    0x00002ea6      0x706 ./source/gpio.o
 .debug_info    0x000035ac      0x675 ./SDK/startup/hardware.o
 .debug_info    0x00003c21       0xb7 ./SDK/startup/main.o
 .debug_info    0x00003cd8       0x3b ./SDK/startup/semihost_hardfault.o
 .debug_info    0x00003d13      0x8b0 ./SDK/startup/startup_mk64f12.o
 .debug_info    0x000045c3      0x5fc ./SDK/CMSIS/system_MK64F12.o

.debug_abbrev   0x00000000      0xf9d
 .debug_abbrev  0x00000000      0x227 ./source/App.o
 .debug_abbrev  0x00000227      0x2f2 ./source/CAN.o
 .debug_abbrev  0x00000519      0x2be ./source/SPI.o
 .debug_abbrev  0x000007d7      0x1a0 ./source/SysTick.o
 .debug_abbrev  0x00000977      0x1a7 ./source/gpio.o
 .debug_abbrev  0x00000b1e      0x138 ./SDK/startup/hardware.o
 .debug_abbrev  0x00000c56       0x7d ./SDK/startup/main.o
 .debug_abbrev  0x00000cd3       0x2f ./SDK/startup/semihost_hardfault.o
 .debug_abbrev  0x00000d02      0x15c ./SDK/startup/startup_mk64f12.o
 .debug_abbrev  0x00000e5e      0x13f ./SDK/CMSIS/system_MK64F12.o

.debug_aranges  0x00000000      0x588
 .debug_aranges
                0x00000000       0x38 ./source/App.o
 .debug_aranges
                0x00000038       0x88 ./source/CAN.o
 .debug_aranges
                0x000000c0       0x58 ./source/SPI.o
 .debug_aranges
                0x00000118       0x30 ./source/SysTick.o
 .debug_aranges
                0x00000148       0x70 ./source/gpio.o
 .debug_aranges
                0x000001b8       0x30 ./SDK/startup/hardware.o
 .debug_aranges
                0x000001e8       0x20 ./SDK/startup/main.o
 .debug_aranges
                0x00000208       0x20 ./SDK/startup/semihost_hardfault.o
 .debug_aranges
                0x00000228      0x330 ./SDK/startup/startup_mk64f12.o
 .debug_aranges
                0x00000558       0x30 ./SDK/CMSIS/system_MK64F12.o

.debug_ranges   0x00000000      0x4e8
 .debug_ranges  0x00000000       0x28 ./source/App.o
 .debug_ranges  0x00000028       0x78 ./source/CAN.o
 .debug_ranges  0x000000a0       0x48 ./source/SPI.o
 .debug_ranges  0x000000e8       0x20 ./source/SysTick.o
 .debug_ranges  0x00000108       0x60 ./source/gpio.o
 .debug_ranges  0x00000168       0x20 ./SDK/startup/hardware.o
 .debug_ranges  0x00000188       0x10 ./SDK/startup/main.o
 .debug_ranges  0x00000198       0x10 ./SDK/startup/semihost_hardfault.o
 .debug_ranges  0x000001a8      0x320 ./SDK/startup/startup_mk64f12.o
 .debug_ranges  0x000004c8       0x20 ./SDK/CMSIS/system_MK64F12.o

.debug_macro    0x00000000    0x12ec1
 .debug_macro   0x00000000      0x13d ./source/App.o
 .debug_macro   0x0000013d      0xa5a ./source/App.o
 .debug_macro   0x00000b97      0x34e ./source/App.o
 .debug_macro   0x00000ee5       0x22 ./source/App.o
 .debug_macro   0x00000f07       0x17 ./source/App.o
 .debug_macro   0x00000f1e       0x22 ./source/App.o
 .debug_macro   0x00000f40       0x52 ./source/App.o
 .debug_macro   0x00000f92       0x8d ./source/App.o
 .debug_macro   0x0000101f       0x35 ./source/App.o
 .debug_macro   0x00001054       0x9c ./source/App.o
 .debug_macro   0x000010f0       0x16 ./source/App.o
 .debug_macro   0x00001106      0x10e ./source/App.o
 .debug_macro   0x00001214       0x8d ./source/App.o
 .debug_macro   0x000012a1       0x57 ./source/App.o
 .debug_macro   0x000012f8       0x58 ./source/App.o
 .debug_macro   0x00001350       0x1f ./source/App.o
 .debug_macro   0x0000136f       0x43 ./source/App.o
 .debug_macro   0x000013b2       0x20 ./source/App.o
 .debug_macro   0x000013d2      0x18e ./source/App.o
 .debug_macro   0x00001560      0x330 ./source/App.o
 .debug_macro   0x00001890       0x16 ./source/App.o
 .debug_macro   0x000018a6       0x29 ./source/App.o
 .debug_macro   0x000018cf       0x1c ./source/App.o
 .debug_macro   0x000018eb       0x1c ./source/App.o
 .debug_macro   0x00001907       0x10 ./source/App.o
 .debug_macro   0x00001917      0x30d ./source/CAN.o
 .debug_macro   0x00001c24       0x10 ./source/CAN.o
 .debug_macro   0x00001c34       0x5c ./source/CAN.o
 .debug_macro   0x00001c90       0x1c ./source/CAN.o
 .debug_macro   0x00001cac       0x22 ./source/CAN.o
 .debug_macro   0x00001cce       0xdf ./source/CAN.o
 .debug_macro   0x00001dad      0xecf ./source/CAN.o
 .debug_macro   0x00002c7c       0x48 ./source/CAN.o
 .debug_macro   0x00002cc4     0xe07b ./source/CAN.o
 .debug_macro   0x00010d3f     0x122b ./source/CAN.o
 .debug_macro   0x00011f6a       0x16 ./source/CAN.o
 .debug_macro   0x00011f80       0x46 ./source/CAN.o
 .debug_macro   0x00011fc6       0x46 ./source/CAN.o
 .debug_macro   0x0001200c       0x16 ./source/CAN.o
 .debug_macro   0x00012022       0x97 ./source/CAN.o
 .debug_macro   0x000120b9      0x32a ./source/CAN.o
 .debug_macro   0x000123e3       0xfd ./source/CAN.o
 .debug_macro   0x000124e0       0x10 ./source/CAN.o
 .debug_macro   0x000124f0       0x10 ./source/CAN.o
 .debug_macro   0x00012500       0x6a ./source/CAN.o
 .debug_macro   0x0001256a       0x1c ./source/CAN.o
 .debug_macro   0x00012586       0x52 ./source/CAN.o
 .debug_macro   0x000125d8       0x40 ./source/CAN.o
 .debug_macro   0x00012618       0x10 ./source/CAN.o
 .debug_macro   0x00012628       0x40 ./source/CAN.o
 .debug_macro   0x00012668       0xd7 ./source/CAN.o
 .debug_macro   0x0001273f       0x1c ./source/CAN.o
 .debug_macro   0x0001275b       0x3d ./source/CAN.o
 .debug_macro   0x00012798       0x16 ./source/CAN.o
 .debug_macro   0x000127ae      0x16f ./source/CAN.o
 .debug_macro   0x0001291d      0x25b ./source/SPI.o
 .debug_macro   0x00012b78       0xac ./source/SysTick.o
 .debug_macro   0x00012c24       0xab ./source/gpio.o
 .debug_macro   0x00012ccf       0x9c ./SDK/startup/hardware.o
 .debug_macro   0x00012d6b       0x9c ./SDK/startup/main.o
 .debug_macro   0x00012e07       0x11 ./SDK/startup/semihost_hardfault.o
 .debug_macro   0x00012e18       0x29 ./SDK/startup/startup_mk64f12.o
 .debug_macro   0x00012e41       0x80 ./SDK/CMSIS/system_MK64F12.o

.debug_line     0x00000000     0x1d23
 .debug_line    0x00000000      0x2c6 ./source/App.o
 .debug_line    0x000002c6      0x53d ./source/CAN.o
 .debug_line    0x00000803      0x490 ./source/SPI.o
 .debug_line    0x00000c93      0x1b6 ./source/SysTick.o
 .debug_line    0x00000e49      0x299 ./source/gpio.o
 .debug_line    0x000010e2      0x1d4 ./SDK/startup/hardware.o
 .debug_line    0x000012b6      0x175 ./SDK/startup/main.o
 .debug_line    0x0000142b       0x59 ./SDK/startup/semihost_hardfault.o
 .debug_line    0x00001484      0x6d8 ./SDK/startup/startup_mk64f12.o
 .debug_line    0x00001b5c      0x1c7 ./SDK/CMSIS/system_MK64F12.o

.debug_str      0x00000000    0x7cfdd
 .debug_str     0x00000000     0x6b72 ./source/App.o
                               0x6db5 (size before relaxing)
 .debug_str     0x00006b72    0x755da ./source/CAN.o
                              0x7c1d9 (size before relaxing)
 .debug_str     0x0007c14c      0x2dd ./source/SPI.o
                              0x7bb39 (size before relaxing)
 .debug_str     0x0007c429       0x93 ./source/SysTick.o
                              0x775b9 (size before relaxing)
 .debug_str     0x0007c4bc      0x132 ./source/gpio.o
                              0x772a0 (size before relaxing)
 .debug_str     0x0007c5ee      0x167 ./SDK/startup/hardware.o
                              0x771f7 (size before relaxing)
 .debug_str     0x0007c755       0x1b ./SDK/startup/main.o
                              0x76fcb (size before relaxing)
 .debug_str     0x0007c770       0x36 ./SDK/startup/semihost_hardfault.o
                               0x2d31 (size before relaxing)
 .debug_str     0x0007c7a6      0x7d5 ./SDK/startup/startup_mk64f12.o
                               0x359f (size before relaxing)
 .debug_str     0x0007cf7b       0x62 ./SDK/CMSIS/system_MK64F12.o
                              0x77106 (size before relaxing)

.comment        0x00000000       0x7e
 .comment       0x00000000       0x7e ./source/App.o
                                 0x7f (size before relaxing)
 .comment       0x0000007e       0x7f ./source/CAN.o
 .comment       0x0000007e       0x7f ./source/SPI.o
 .comment       0x0000007e       0x7f ./source/SysTick.o
 .comment       0x0000007e       0x7f ./source/gpio.o
 .comment       0x0000007e       0x7f ./SDK/startup/hardware.o
 .comment       0x0000007e       0x7f ./SDK/startup/main.o
 .comment       0x0000007e       0x7f ./SDK/startup/semihost_hardfault.o
 .comment       0x0000007e       0x7f ./SDK/startup/startup_mk64f12.o
 .comment       0x0000007e       0x7f ./SDK/CMSIS/system_MK64F12.o

.ARM.attributes
                0x00000000       0x37
 .ARM.attributes
                0x00000000       0x39 ./source/App.o
 .ARM.attributes
                0x00000039       0x39 ./source/CAN.o
 .ARM.attributes
                0x00000072       0x39 ./source/SPI.o
 .ARM.attributes
                0x000000ab       0x39 ./source/SysTick.o
 .ARM.attributes
                0x000000e4       0x39 ./source/gpio.o
 .ARM.attributes
                0x0000011d       0x39 ./SDK/startup/hardware.o
 .ARM.attributes
                0x00000156       0x39 ./SDK/startup/main.o
 .ARM.attributes
                0x0000018f       0x39 ./SDK/startup/semihost_hardfault.o
 .ARM.attributes
                0x000001c8       0x39 ./SDK/startup/startup_mk64f12.o
 .ARM.attributes
                0x00000201       0x39 ./SDK/CMSIS/system_MK64F12.o

.debug_frame    0x00000000     0x1050
 .debug_frame   0x00000000       0x90 ./source/App.o
 .debug_frame   0x00000090      0x1f4 ./source/CAN.o
 .debug_frame   0x00000284      0x120 ./source/SPI.o
 .debug_frame   0x000003a4       0x88 ./source/SysTick.o
 .debug_frame   0x0000042c      0x1f0 ./source/gpio.o
 .debug_frame   0x0000061c       0x70 ./SDK/startup/hardware.o
 .debug_frame   0x0000068c       0x2c ./SDK/startup/main.o
 .debug_frame   0x000006b8       0x20 ./SDK/startup/semihost_hardfault.o
 .debug_frame   0x000006d8      0x904 ./SDK/startup/startup_mk64f12.o
 .debug_frame   0x00000fdc       0x74 ./SDK/CMSIS/system_MK64F12.o
