Archive member included to satisfy reference by file (symbol)

c:/nxp/mcuxpressoide_10.2.0_759/ide/tools/bin/../lib/gcc/arm-none-eabi/7.2.1/../../../../arm-none-eabi/lib/thumb/v7e-m/fpv4-sp/hard\libcr_c.a(fabsf.o)
                              ./source/Posicionamiento.o (fabsf)
c:/nxp/mcuxpressoide_10.2.0_759/ide/tools/bin/../lib/gcc/arm-none-eabi/7.2.1/../../../../arm-none-eabi/lib/thumb/v7e-m/fpv4-sp/hard\libcr_c.a(atan.o)
                              ./source/Posicionamiento.o (atan)
c:/nxp/mcuxpressoide_10.2.0_759/ide/tools/bin/../lib/gcc/arm-none-eabi/7.2.1/../../../../arm-none-eabi/lib/thumb/v7e-m/fpv4-sp/hard\libcr_c.a(fabs.o)
                              c:/nxp/mcuxpressoide_10.2.0_759/ide/tools/bin/../lib/gcc/arm-none-eabi/7.2.1/../../../../arm-none-eabi/lib/thumb/v7e-m/fpv4-sp/hard\libcr_c.a(atan.o) (fabs)
c:/nxp/mcuxpressoide_10.2.0_759/ide/tools/bin/../lib/gcc/arm-none-eabi/7.2.1/thumb/v7e-m/fpv4-sp/hard\libcr_eabihelpers.a(double.o)
                              ./source/Posicionamiento.o (__aeabi_dmul)
c:/nxp/mcuxpressoide_10.2.0_759/ide/tools/bin/../lib/gcc/arm-none-eabi/7.2.1/thumb/v7e-m/fpv4-sp/hard\libcr_eabihelpers.a(float.o)
                              ./source/Posicionamiento.o (__aeabi_f2d)

Discarded input sections

 .group         0x00000000        0xc ./source/App.o
 .group         0x00000000        0xc ./source/App.o
 .group         0x00000000        0xc ./source/App.o
 .group         0x00000000        0xc ./source/App.o
 .group         0x00000000        0xc ./source/App.o
 .group         0x00000000        0xc ./source/App.o
 .group         0x00000000        0xc ./source/App.o
 .group         0x00000000        0xc ./source/App.o
 .group         0x00000000        0xc ./source/App.o
 .group         0x00000000        0xc ./source/App.o
 .group         0x00000000        0xc ./source/App.o
 .group         0x00000000        0xc ./source/App.o
 .group         0x00000000        0xc ./source/App.o
 .group         0x00000000        0xc ./source/App.o
 .group         0x00000000        0xc ./source/App.o
 .group         0x00000000        0xc ./source/App.o
 .group         0x00000000        0xc ./source/App.o
 .group         0x00000000        0xc ./source/App.o
 .group         0x00000000        0xc ./source/App.o
 .group         0x00000000        0xc ./source/App.o
 .group         0x00000000        0xc ./source/App.o
 .group         0x00000000        0xc ./source/App.o
 .group         0x00000000        0xc ./source/App.o
 .group         0x00000000        0xc ./source/App.o
 .text          0x00000000        0x0 ./source/App.o
 .data          0x00000000        0x0 ./source/App.o
 .bss           0x00000000        0x0 ./source/App.o
 .group         0x00000000        0xc ./source/CAN.o
 .group         0x00000000        0xc ./source/CAN.o
 .group         0x00000000        0xc ./source/CAN.o
 .group         0x00000000        0xc ./source/CAN.o
 .group         0x00000000        0xc ./source/CAN.o
 .group         0x00000000        0xc ./source/CAN.o
 .group         0x00000000        0xc ./source/CAN.o
 .group         0x00000000        0xc ./source/CAN.o
 .group         0x00000000        0xc ./source/CAN.o
 .group         0x00000000        0xc ./source/CAN.o
 .group         0x00000000        0xc ./source/CAN.o
 .group         0x00000000        0xc ./source/CAN.o
 .group         0x00000000        0xc ./source/CAN.o
 .group         0x00000000        0xc ./source/CAN.o
 .group         0x00000000        0xc ./source/CAN.o
 .group         0x00000000        0xc ./source/CAN.o
 .group         0x00000000        0xc ./source/CAN.o
 .group         0x00000000        0xc ./source/CAN.o
 .group         0x00000000        0xc ./source/CAN.o
 .group         0x00000000        0xc ./source/CAN.o
 .group         0x00000000        0xc ./source/CAN.o
 .group         0x00000000        0xc ./source/CAN.o
 .group         0x00000000        0xc ./source/CAN.o
 .group         0x00000000        0xc ./source/CAN.o
 .group         0x00000000        0xc ./source/CAN.o
 .group         0x00000000        0xc ./source/CAN.o
 .group         0x00000000        0xc ./source/CAN.o
 .group         0x00000000        0xc ./source/CAN.o
 .group         0x00000000        0xc ./source/CAN.o
 .group         0x00000000        0xc ./source/CAN.o
 .group         0x00000000        0xc ./source/CAN.o
 .group         0x00000000        0xc ./source/CAN.o
 .group         0x00000000        0xc ./source/CAN.o
 .group         0x00000000        0xc ./source/CAN.o
 .group         0x00000000        0xc ./source/CAN.o
 .group         0x00000000        0xc ./source/CAN.o
 .group         0x00000000        0xc ./source/CAN.o
 .group         0x00000000        0xc ./source/CAN.o
 .group         0x00000000        0xc ./source/CAN.o
 .group         0x00000000        0xc ./source/CAN.o
 .group         0x00000000        0xc ./source/CAN.o
 .group         0x00000000        0xc ./source/CAN.o
 .group         0x00000000        0xc ./source/CAN.o
[...]
Memory Configuration

Name             Origin             Length             Attributes
PROGRAM_FLASH    0x00000000         0x00100000         xr
SRAM_UPPER       0x20000000         0x00030000         xrw
SRAM_LOWER       0x1fff0000         0x00010000         xrw
FLEX_RAM         0x14000000         0x00001000         xrw
*default*        0x00000000         0xffffffff

Linker script and memory map

LOAD ./source/App.o
LOAD ./source/CAN.o
LOAD ./source/ExternalManager.o
LOAD ./source/Posicionamiento.o
LOAD ./source/SPI.o
LOAD ./source/Sensores.o
LOAD ./source/SysTick.o
LOAD ./source/UART.o
LOAD ./source/gpio.o
LOAD ./source/i2c.o
LOAD ./source/timer.o
LOAD ./SDK/startup/hardware.o
LOAD ./SDK/startup/main.o
LOAD ./SDK/startup/semihost_hardfault.o
LOAD ./SDK/startup/startup_mk64f12.o
LOAD ./SDK/CMSIS/system_MK64F12.o
START GROUP
LOAD c:/nxp/mcuxpressoide_10.2.0_759/ide/tools/bin/../lib/gcc/arm-none-eabi/7.2.1/../../../../arm-none-eabi/lib/thumb/v7e-m/fpv4-sp/hard\libcr_c.a
LOAD c:/nxp/mcuxpressoide_10.2.0_759/ide/tools/bin/../lib/gcc/arm-none-eabi/7.2.1/thumb/v7e-m/fpv4-sp/hard\libcr_eabihelpers.a
END GROUP
                0x00000000                __base_PROGRAM_FLASH = 0x0
                0x00000000                __base_Flash = 0x0
                0x00100000                __top_PROGRAM_FLASH = 0x100000
                0x00100000                __top_Flash = 0x100000
                0x20000000                __base_SRAM_UPPER = 0x20000000
                0x20000000                __base_RAM = 0x20000000
                0x20030000                __top_SRAM_UPPER = 0x20030000
                0x20030000                __top_RAM = 0x20030000
                0x1fff0000                __base_SRAM_LOWER = 0x1fff0000
                0x1fff0000                __base_RAM2 = 0x1fff0000
                0x20000000                __top_SRAM_LOWER = 0x20000000
                0x20000000                __top_RAM2 = 0x20000000
                0x14000000                __base_FLEX_RAM = 0x14000000
                0x14000000                __base_RAM3 = 0x14000000
                0x14001000                __top_FLEX_RAM = 0x14001000
                0x14001000                __top_RAM3 = 0x14001000

.text           0x00000000     0x3a18
 FILL mask 0xff
                0x00000000                __vectors_start__ = ABSOLUTE (.)
 *(SORT_BY_ALIGNMENT(.isr_vector))
 .isr_vector    0x00000000      0x198 ./SDK/startup/startup_mk64f12.o
                0x00000000                g_pfnVectors
                0x00000000                __Vectors
                0x00000198                . = ALIGN (0x4)
                0x00000198                __section_table_start = .
                0x00000198                __data_section_table = .
                0x00000198        0x4 LONG 0x3a18 LOADADDR (.data)
                0x0000019c        0x4 LONG 0x20000000 ADDR (.data)
                0x000001a0        0x4 LONG 0xc0 SIZEOF (.data)
                0x000001a4        0x4 LONG 0x3a18 LOADADDR (.data_RAM2)
                0x000001a8        0x4 LONG 0x1fff0000 ADDR (.data_RAM2)
                0x000001ac        0x4 LONG 0x0 SIZEOF (.data_RAM2)
                0x000001b0        0x4 LONG 0x3a18 LOADADDR (.data_RAM3)
                0x000001b4        0x4 LONG 0x14000000 ADDR (.data_RAM3)
                0x000001b8        0x4 LONG 0x0 SIZEOF (.data_RAM3)
                0x000001bc                __data_section_table_end = .
                0x000001bc                __bss_section_table = .
                0x000001bc        0x4 LONG 0x200000c0 ADDR (.bss)
                0x000001c0        0x4 LONG 0x758 SIZEOF (.bss)
                0x000001c4        0x4 LONG 0x1fff0000 ADDR (.bss_RAM2)
                0x000001c8        0x4 LONG 0x0 SIZEOF (.bss_RAM2)
                0x000001cc        0x4 LONG 0x14000000 ADDR (.bss_RAM3)
                0x000001d0        0x4 LONG 0x0 SIZEOF (.bss_RAM3)
                0x000001d4                __bss_section_table_end = .
                0x000001d4                __section_table_end = .
 *(SORT_BY_ALIGNMENT(.after_vectors*))
 .after_vectors.reset
                0x000001d4       0x4c ./SDK/startup/startup_mk64f12.o
                0x000001d4                ResetISR
 .after_vectors.init_data
                0x00000220       0x1e ./SDK/startup/startup_mk64f12.o
                0x00000220                data_init
 .after_vectors.init_bss
                0x0000023e       0x12 ./SDK/startup/startup_mk64f12.o
                0x0000023e                bss_init
 .after_vectors
                0x00000250       0x14 ./SDK/startup/startup_mk64f12.o
                0x00000250                NMI_Handler
                0x00000254                MemManage_Handler
                0x00000256                BusFault_Handler
                0x00000258                UsageFault_Handler
                0x0000025a                SVC_Handler
                0x0000025c                DebugMon_Handler
                0x0000025e                PendSV_Handler
                0x00000262                DMA_Error_DriverIRQHandler
                0x00000262                LPTMR0_DriverIRQHandler
                0x00000262                FTM1_DriverIRQHandler
                0x00000262                FTM2_DriverIRQHandler
                0x00000262                PIT2_DriverIRQHandler
                0x00000262                SDHC_DriverIRQHandler
                0x00000262                I2S0_Tx_DriverIRQHandler
                0x00000262                RTC_Seconds_DriverIRQHandler
                0x00000262                DMA6_DriverIRQHandler
                0x00000262                LLWU_DriverIRQHandler
                0x00000262                MCM_DriverIRQHandler
                0x00000262                MCG_DriverIRQHandler
                0x00000262                ENET_1588_Timer_DriverIRQHandler
                0x00000262                I2C2_DriverIRQHandler
                0x00000262                DAC1_DriverIRQHandler
                0x00000262                SPI1_DriverIRQHandler
                0x00000262                CMP1_DriverIRQHandler
                0x00000262                UART5_RX_TX_DriverIRQHandler
                0x00000262                FTM0_DriverIRQHandler
                0x00000262                IntDefaultHandler
                0x00000262                USB0_DriverIRQHandler
                0x00000262                UART5_ERR_DriverIRQHandler
                0x00000262                PORTC_DriverIRQHandler
                0x00000262                DMA11_DriverIRQHandler
                0x00000262                DAC0_DriverIRQHandler
                0x00000262                DMA10_DriverIRQHandler
                0x00000262                CMP2_DriverIRQHandler
                0x00000262                UART2_ERR_DriverIRQHandler
                0x00000262                SPI2_DriverIRQHandler
                0x00000262                LVD_LVW_DriverIRQHandler
                0x00000262                PIT0_DriverIRQHandler
                0x00000262                RNG_DriverIRQHandler
                0x00000262                DMA5_DriverIRQHandler
                0x00000262                DMA12_DriverIRQHandler
                0x00000262                UART2_RX_TX_DriverIRQHandler
                0x00000262                USBDCD_DriverIRQHandler
                0x00000262                UART3_ERR_DriverIRQHandler
                0x00000262                DMA3_DriverIRQHandler
                0x00000262                DMA8_DriverIRQHandler
                0x00000262                DMA9_DriverIRQHandler
                0x00000262                UART0_ERR_DriverIRQHandler
                0x00000262                CMT_DriverIRQHandler
                0x00000262                Reserved71_DriverIRQHandler
                0x00000262                ADC1_DriverIRQHandler
                0x00000262                PORTA_DriverIRQHandler
                0x00000262                DMA14_DriverIRQHandler
                0x00000262                PIT3_DriverIRQHandler
                0x00000262                PIT1_DriverIRQHandler
                0x00000262                WDOG_EWM_DriverIRQHandler
                0x00000262                PDB0_DriverIRQHandler
                0x00000262                RTC_DriverIRQHandler
                0x00000262                I2S0_Rx_DriverIRQHandler
                0x00000262                Read_Collision_DriverIRQHandler
                0x00000262                SWI_DriverIRQHandler
                0x00000262                UART4_RX_TX_DriverIRQHandler
                0x00000262                UART4_ERR_DriverIRQHandler
                0x00000262                PORTB_DriverIRQHandler
                0x00000262                UART0_LON_DriverIRQHandler
                0x00000262                DMA0_DriverIRQHandler
                0x00000262                DMA1_DriverIRQHandler
                0x00000262                I2C1_DriverIRQHandler
                0x00000262                UART3_RX_TX_DriverIRQHandler
                0x00000262                ENET_Receive_DriverIRQHandler
                0x00000262                DMA13_DriverIRQHandler
                0x00000262                ENET_Error_DriverIRQHandler
                0x00000262                DMA15_DriverIRQHandler
                0x00000262                UART0_RX_TX_DriverIRQHandler
                0x00000262                SPI0_DriverIRQHandler
                0x00000262                ADC0_DriverIRQHandler
                0x00000262                CMP0_DriverIRQHandler
                0x00000262                CAN0_DriverIRQHandler
                0x00000262                FTM3_DriverIRQHandler
                0x00000262                DMA4_DriverIRQHandler
                0x00000262                UART1_ERR_DriverIRQHandler
                0x00000262                DMA2_DriverIRQHandler
                0x00000262                ENET_Transmit_DriverIRQHandler
                0x00000262                PORTD_DriverIRQHandler
                0x00000262                PORTE_DriverIRQHandler
                0x00000262                FTFE_DriverIRQHandler
                0x00000262                I2C0_DriverIRQHandler
                0x00000262                DMA7_DriverIRQHandler
                0x00000262                UART1_RX_TX_DriverIRQHandler
                0x00000400                . = 0x400
 *fill*         0x00000264      0x19c ff
                0x00000400                PROVIDE (__FLASH_CONFIG_START__, .)
 *(SORT_BY_ALIGNMENT(.FlashConfig))
 .FlashConfig   0x00000400       0x10 ./SDK/startup/startup_mk64f12.o
                0x00000400                Flash_Config
                0x00000410                PROVIDE (__FLASH_CONFIG_END__, .)
                0x00000001                ASSERT (! ((__FLASH_CONFIG_START__ == __FLASH_CONFIG_END__)), Linker Flash Config Support Enabled, but no .FlashConfig section provided within application)
 *(SORT_BY_ALIGNMENT(.text*))
 .text.Position_CalculateRoll
                0x00000410      0x1b8 ./source/Posicionamiento.o
                0x00000410                Position_CalculateRoll
 .text.Position_CalculatePitching
                0x000005c8      0x1b8 ./source/Posicionamiento.o
                0x000005c8                Position_CalculatePitching
 .text.Position_CalculateOrientation
                0x00000780      0x1e8 ./source/Posicionamiento.o
                0x00000780                Position_CalculateOrientation
 .text.atan     0x00000968      0x224 c:/nxp/mcuxpressoide_10.2.0_759/ide/tools/bin/../lib/gcc/arm-none-eabi/7.2.1/../../../../arm-none-eabi/lib/thumb/v7e-m/fpv4-sp/hard\libcr_c.a(atan.o)
                0x00000968                atan
 .text.test     0x00000b8c       0x70 ./source/App.o
                0x00000b8c                test
 .text.periodicRefresh
                0x00000bfc       0x94 ./source/App.o
                0x00000bfc                periodicRefresh
 .text.App_Init
                0x00000c90       0x64 ./source/App.o
                0x00000c90                App_Init
 .text.__NVIC_EnableIRQ
                0x00000cf4       0x3c ./source/CAN.o
 .text.CAN_READ_RX_BUFFER
                0x00000d30      0x114 ./source/CAN.o
                0x00000d30                CAN_READ_RX_BUFFER
 .text.getRXB_Data_CAN
                0x00000e44       0x28 ./source/CAN.o
                0x00000e44                getRXB_Data_CAN
 .text.init_CAN
                0x00000e6c       0xc8 ./source/CAN.o
                0x00000e6c                init_CAN
 .text.ExternManager_init
                0x00000f34       0x58 ./source/ExternalManager.o
                0x00000f34                ExternManager_init
 .text.ExternManager_EventHandler
                0x00000f8c      0x190 ./source/ExternalManager.o
                0x00000f8c                ExternManager_EventHandler
 .text.ExternManager_MakeCANMsj
                0x0000111c      0x150 ./source/ExternalManager.o
                0x0000111c                ExternManager_MakeCANMsj
 .text.ExternManager_send2Ext
                0x0000126c       0xa0 ./source/ExternalManager.o
                0x0000126c                ExternManager_send2Ext
 .text.Position_InitDrv
                0x0000130c       0x40 ./source/Posicionamiento.o
                0x0000130c                Position_InitDrv
 .text.callback_updatePos
                0x0000134c       0x2c ./source/Posicionamiento.o
                0x0000134c                callback_updatePos
 .text.Position_Update
                0x00001378       0x24 ./source/Posicionamiento.o
                0x00001378                Position_Update
 .text.Position_GetRoll
                0x0000139c       0x18 ./source/Posicionamiento.o
                0x0000139c                Position_GetRoll
 .text.Position_GetPitch
                0x000013b4       0x18 ./source/Posicionamiento.o
                0x000013b4                Position_GetPitch
 .text.Position_GetOrientation
                0x000013cc       0x18 ./source/Posicionamiento.o
                0x000013cc                Position_GetOrientation
 .text.Position_GetChangeEvent
                0x000013e4       0x50 ./source/Posicionamiento.o
                0x000013e4                Position_GetChangeEvent
 .text.SPI_Init
                0x00001434       0x84 ./source/SPI.o
                0x00001434                SPI_Init
 .text.setup_pin
                0x000014b8       0x68 ./source/SPI.o
                0x000014b8                setup_pin
 .text.SPI_MasterReadWrite
                0x00001520       0xd4 ./source/SPI.o
                0x00001520                SPI_MasterReadWrite
 .text.callback_read
                0x000015f4       0xe0 ./source/Sensores.o
 .text.ReadAccelMagnData
                0x000016d4       0x4c ./source/Sensores.o
                0x000016d4                ReadAccelMagnData
 .text.__NVIC_EnableIRQ
                0x00001720       0x3c ./source/SysTick.o
 .text.SysTick_Init
                0x0000175c       0x4c ./source/SysTick.o
                0x0000175c                SysTick_Init
 .text.SysTick_Handler
                0x000017a8       0x24 ./source/SysTick.o
                0x000017a8                SysTick_Handler
 .text.__NVIC_EnableIRQ
                0x000017cc       0x3c ./source/UART.o
 .text.UART0_RX_TX_IRQHandler
                0x00001808       0xf4 ./source/UART.o
                0x00001808                UART0_RX_TX_IRQHandler
 .text.sendWord
                0x000018fc       0x80 ./source/UART.o
                0x000018fc                sendWord
 .text.configPCR
                0x0000197c       0x94 ./source/UART.o
                0x0000197c                configPCR
 .text.uartInit
                0x00001a10      0x13c ./source/UART.o
                0x00001a10                uartInit
 .text.PORTD_IRQHandler
                0x00001b4c       0x64 ./source/gpio.o
                0x00001b4c                PORTD_IRQHandler
 .text.PORTA_IRQHandler
                0x00001bb0       0x5c ./source/gpio.o
                0x00001bb0                PORTA_IRQHandler
 .text.PORTB_IRQHandler
                0x00001c0c       0x64 ./source/gpio.o
                0x00001c0c                PORTB_IRQHandler
 .text.PORTE_IRQHandler
                0x00001c70       0x64 ./source/gpio.o
                0x00001c70                PORTE_IRQHandler
 .text.PORTC_IRQHandler
                0x00001cd4       0x64 ./source/gpio.o
                0x00001cd4                PORTC_IRQHandler
 .text.gpioMode
                0x00001d38      0x174 ./source/gpio.o
                0x00001d38                gpioMode
 .text.gpioIRQ  0x00001eac       0x94 ./source/gpio.o
                0x00001eac                gpioIRQ
 .text.PORT_ClearInterruptFlag
                0x00001f40       0x48 ./source/gpio.o
                0x00001f40                PORT_ClearInterruptFlag
 .text.__NVIC_EnableIRQ
                0x00001f88       0x3c ./source/i2c.o
 .text.__NVIC_DisableIRQ
                0x00001fc4       0x44 ./source/i2c.o
 .text.I2C0_IRQHandler
                0x00002008      0x22c ./source/i2c.o
                0x00002008                I2C0_IRQHandler
 .text.finish_com
                0x00002234       0x88 ./source/i2c.o
 .text.i2cInit  0x000022bc      0x15c ./source/i2c.o
                0x000022bc                i2cInit
 .text.i2cReadMsg
                0x00002418       0xac ./source/i2c.o
                0x00002418                i2cReadMsg
 .text.i2cWriteMsgBlocking
                0x000024c4      0x1f4 ./source/i2c.o
                0x000024c4                i2cWriteMsgBlocking
 .text.i2cReadMsgBlocking
                0x000026b8      0x380 ./source/i2c.o
                0x000026b8                i2cReadMsgBlocking
 .text.timerInit
                0x00002a38       0x28 ./source/timer.o
                0x00002a38                timerInit
 .text.timerGetId
                0x00002a60       0x2c ./source/timer.o
                0x00002a60                timerGetId
 .text.timerStart
                0x00002a8c       0xa4 ./source/timer.o
                0x00002a8c                timerStart
 .text.timerStop
                0x00002b30       0x30 ./source/timer.o
                0x00002b30                timerStop
 .text.timerExpired
                0x00002b60       0x44 ./source/timer.o
                0x00002b60                timerExpired
 .text.timer_isr
                0x00002ba4       0xdc ./source/timer.o
 .text.hw_Init  0x00002c80      0x10c ./SDK/startup/hardware.o
                0x00002c80                hw_Init
 .text.SystemInit
                0x00002d8c       0x3c ./SDK/CMSIS/system_MK64F12.o
                0x00002d8c                SystemInit
 .text.__aeabi_dmul
                0x00002dc8      0x11c c:/nxp/mcuxpressoide_10.2.0_759/ide/tools/bin/../lib/gcc/arm-none-eabi/7.2.1/thumb/v7e-m/fpv4-sp/hard\libcr_eabihelpers.a(double.o)
                0x00002dc8                __aeabi_dmul
 .text.__aeabi_ddiv
                0x00002ee4      0x138 c:/nxp/mcuxpressoide_10.2.0_759/ide/tools/bin/../lib/gcc/arm-none-eabi/7.2.1/thumb/v7e-m/fpv4-sp/hard\libcr_eabihelpers.a(double.o)
                0x00002ee4                __aeabi_ddiv
 .text.__aeabi_dsub
                0x0000301c      0x1b4 c:/nxp/mcuxpressoide_10.2.0_759/ide/tools/bin/../lib/gcc/arm-none-eabi/7.2.1/thumb/v7e-m/fpv4-sp/hard\libcr_eabihelpers.a(double.o)
                0x0000301c                __aeabi_dsub
 .text.__aeabi_dadd
                0x000031d0      0x10c c:/nxp/mcuxpressoide_10.2.0_759/ide/tools/bin/../lib/gcc/arm-none-eabi/7.2.1/thumb/v7e-m/fpv4-sp/hard\libcr_eabihelpers.a(double.o)
                0x000031d0                __aeabi_dadd
 .text.__aeabi_f2d
                0x000032dc       0x38 c:/nxp/mcuxpressoide_10.2.0_759/ide/tools/bin/../lib/gcc/arm-none-eabi/7.2.1/thumb/v7e-m/fpv4-sp/hard\libcr_eabihelpers.a(float.o)
                0x000032dc                __aeabi_f2d
 .text.App_Run  0x00003314        0xe ./source/App.o
                0x00003314                App_Run
 .text.CAN_RESET
                0x00003322       0x12 ./source/CAN.o
                0x00003322                CAN_RESET
 .text.CAN_ClearTxFlag
                0x00003334       0x12 ./source/CAN.o
                0x00003334                CAN_ClearTxFlag
 .text.CAN_ClearRxFlag
                0x00003346       0x12 ./source/CAN.o
                0x00003346                CAN_ClearRxFlag
 .text.CAN_BIT_MODIFY
                0x00003358       0x38 ./source/CAN.o
                0x00003358                CAN_BIT_MODIFY
 .text.CAN_WRITE
                0x00003390       0x32 ./source/CAN.o
                0x00003390                CAN_WRITE
 .text.CAN_RTS_TXB0
                0x000033c2       0x1e ./source/CAN.o
                0x000033c2                CAN_RTS_TXB0
 .text.CAN_LOAD_TX_BUFFER
                0x000033e0       0xbc ./source/CAN.o
                0x000033e0                CAN_LOAD_TX_BUFFER
 .text.CAN_READ
                0x0000349c       0x3c ./source/CAN.o
                0x0000349c                CAN_READ
 .text.send_CAN
                0x000034d8       0x60 ./source/CAN.o
                0x000034d8                send_CAN
 .text._mqx_ints_FXOS8700CQ_start
                0x00003538       0xb8 ./source/Sensores.o
                0x00003538                _mqx_ints_FXOS8700CQ_start
 .text.main     0x000035f0       0x12 ./SDK/startup/main.o
                0x000035f0                main
 .text.HardFault_Handler
                0x00003602       0x2c ./SDK/startup/semihost_hardfault.o
                0x00003602                HardFault_Handler
 .text.DMA0_IRQHandler
                0x0000362e        0x8 ./SDK/startup/startup_mk64f12.o
                0x0000362e                DMA0_IRQHandler
 .text.DMA1_IRQHandler
                0x00003636        0x8 ./SDK/startup/startup_mk64f12.o
                0x00003636                DMA1_IRQHandler
 .text.DMA2_IRQHandler
                0x0000363e        0x8 ./SDK/startup/startup_mk64f12.o
                0x0000363e                DMA2_IRQHandler
 .text.DMA3_IRQHandler
                0x00003646        0x8 ./SDK/startup/startup_mk64f12.o
                0x00003646                DMA3_IRQHandler
 .text.DMA4_IRQHandler
                0x0000364e        0x8 ./SDK/startup/startup_mk64f12.o
                0x0000364e                DMA4_IRQHandler
 .text.DMA5_IRQHandler
                0x00003656        0x8 ./SDK/startup/startup_mk64f12.o
                0x00003656                DMA5_IRQHandler
 .text.DMA6_IRQHandler
                0x0000365e        0x8 ./SDK/startup/startup_mk64f12.o
                0x0000365e                DMA6_IRQHandler
 .text.DMA7_IRQHandler
                0x00003666        0x8 ./SDK/startup/startup_mk64f12.o
                0x00003666                DMA7_IRQHandler
 .text.DMA8_IRQHandler
                0x0000366e        0x8 ./SDK/startup/startup_mk64f12.o
                0x0000366e                DMA8_IRQHandler
 .text.DMA9_IRQHandler
                0x00003676        0x8 ./SDK/startup/startup_mk64f12.o
                0x00003676                DMA9_IRQHandler
 .text.DMA10_IRQHandler
                0x0000367e        0x8 ./SDK/startup/startup_mk64f12.o
                0x0000367e                DMA10_IRQHandler
 .text.DMA11_IRQHandler
                0x00003686        0x8 ./SDK/startup/startup_mk64f12.o
                0x00003686                DMA11_IRQHandler
 .text.DMA12_IRQHandler
                0x0000368e        0x8 ./SDK/startup/startup_mk64f12.o
                0x0000368e                DMA12_IRQHandler
 .text.DMA13_IRQHandler
                0x00003696        0x8 ./SDK/startup/startup_mk64f12.o
                0x00003696                DMA13_IRQHandler
 .text.DMA14_IRQHandler
                0x0000369e        0x8 ./SDK/startup/startup_mk64f12.o
                0x0000369e                DMA14_IRQHandler
 .text.DMA15_IRQHandler
                0x000036a6        0x8 ./SDK/startup/startup_mk64f12.o
                0x000036a6                DMA15_IRQHandler
 .text.DMA_Error_IRQHandler
                0x000036ae        0x8 ./SDK/startup/startup_mk64f12.o
                0x000036ae                DMA_Error_IRQHandler
 .text.MCM_IRQHandler
                0x000036b6        0x8 ./SDK/startup/startup_mk64f12.o
                0x000036b6                MCM_IRQHandler
 .text.FTFE_IRQHandler
                0x000036be        0x8 ./SDK/startup/startup_mk64f12.o
                0x000036be                FTFE_IRQHandler
 .text.Read_Collision_IRQHandler
                0x000036c6        0x8 ./SDK/startup/startup_mk64f12.o
                0x000036c6                Read_Collision_IRQHandler
 .text.LVD_LVW_IRQHandler
                0x000036ce        0x8 ./SDK/startup/startup_mk64f12.o
                0x000036ce                LVD_LVW_IRQHandler
 .text.LLWU_IRQHandler
                0x000036d6        0x8 ./SDK/startup/startup_mk64f12.o
                0x000036d6                LLWU_IRQHandler
 .text.WDOG_EWM_IRQHandler
                0x000036de        0x8 ./SDK/startup/startup_mk64f12.o
                0x000036de                WDOG_EWM_IRQHandler
 .text.RNG_IRQHandler
                0x000036e6        0x8 ./SDK/startup/startup_mk64f12.o
                0x000036e6                RNG_IRQHandler
 .text.I2C1_IRQHandler
                0x000036ee        0x8 ./SDK/startup/startup_mk64f12.o
                0x000036ee                I2C1_IRQHandler
 .text.SPI0_IRQHandler
                0x000036f6        0x8 ./SDK/startup/startup_mk64f12.o
                0x000036f6                SPI0_IRQHandler
 .text.SPI1_IRQHandler
                0x000036fe        0x8 ./SDK/startup/startup_mk64f12.o
                0x000036fe                SPI1_IRQHandler
 .text.I2S0_Tx_IRQHandler
                0x00003706        0x8 ./SDK/startup/startup_mk64f12.o
                0x00003706                I2S0_Tx_IRQHandler
 .text.I2S0_Rx_IRQHandler
                0x0000370e        0x8 ./SDK/startup/startup_mk64f12.o
                0x0000370e                I2S0_Rx_IRQHandler
 .text.UART0_LON_IRQHandler
                0x00003716        0x8 ./SDK/startup/startup_mk64f12.o
                0x00003716                UART0_LON_IRQHandler
 .text.UART0_ERR_IRQHandler
                0x0000371e        0x8 ./SDK/startup/startup_mk64f12.o
                0x0000371e                UART0_ERR_IRQHandler
 .text.UART1_RX_TX_IRQHandler
                0x00003726        0x8 ./SDK/startup/startup_mk64f12.o
                0x00003726                UART1_RX_TX_IRQHandler
 .text.UART1_ERR_IRQHandler
                0x0000372e        0x8 ./SDK/startup/startup_mk64f12.o
                0x0000372e                UART1_ERR_IRQHandler
 .text.UART2_RX_TX_IRQHandler
                0x00003736        0x8 ./SDK/startup/startup_mk64f12.o
                0x00003736                UART2_RX_TX_IRQHandler
 .text.UART2_ERR_IRQHandler
                0x0000373e        0x8 ./SDK/startup/startup_mk64f12.o
                0x0000373e                UART2_ERR_IRQHandler
 .text.UART3_RX_TX_IRQHandler
                0x00003746        0x8 ./SDK/startup/startup_mk64f12.o
                0x00003746                UART3_RX_TX_IRQHandler
 .text.UART3_ERR_IRQHandler
                0x0000374e        0x8 ./SDK/startup/startup_mk64f12.o
                0x0000374e                UART3_ERR_IRQHandler
 .text.ADC0_IRQHandler
                0x00003756        0x8 ./SDK/startup/startup_mk64f12.o
                0x00003756                ADC0_IRQHandler
 .text.CMP0_IRQHandler
                0x0000375e        0x8 ./SDK/startup/startup_mk64f12.o
                0x0000375e                CMP0_IRQHandler
 .text.CMP1_IRQHandler
                0x00003766        0x8 ./SDK/startup/startup_mk64f12.o
                0x00003766                CMP1_IRQHandler
 .text.FTM0_IRQHandler
                0x0000376e        0x8 ./SDK/startup/startup_mk64f12.o
                0x0000376e                FTM0_IRQHandler
 .text.FTM1_IRQHandler
                0x00003776        0x8 ./SDK/startup/startup_mk64f12.o
                0x00003776                FTM1_IRQHandler
 .text.FTM2_IRQHandler
                0x0000377e        0x8 ./SDK/startup/startup_mk64f12.o
                0x0000377e                FTM2_IRQHandler
 .text.CMT_IRQHandler
                0x00003786        0x8 ./SDK/startup/startup_mk64f12.o
                0x00003786                CMT_IRQHandler
 .text.RTC_IRQHandler
                0x0000378e        0x8 ./SDK/startup/startup_mk64f12.o
                0x0000378e                RTC_IRQHandler
 .text.RTC_Seconds_IRQHandler
                0x00003796        0x8 ./SDK/startup/startup_mk64f12.o
                0x00003796                RTC_Seconds_IRQHandler
 .text.PIT0_IRQHandler
                0x0000379e        0x8 ./SDK/startup/startup_mk64f12.o
                0x0000379e                PIT0_IRQHandler
 .text.PIT1_IRQHandler
                0x000037a6        0x8 ./SDK/startup/startup_mk64f12.o
                0x000037a6                PIT1_IRQHandler
 .text.PIT2_IRQHandler
                0x000037ae        0x8 ./SDK/startup/startup_mk64f12.o
                0x000037ae                PIT2_IRQHandler
 .text.PIT3_IRQHandler
                0x000037b6        0x8 ./SDK/startup/startup_mk64f12.o
                0x000037b6                PIT3_IRQHandler
 .text.PDB0_IRQHandler
                0x000037be        0x8 ./SDK/startup/startup_mk64f12.o
                0x000037be                PDB0_IRQHandler
 .text.USB0_IRQHandler
                0x000037c6        0x8 ./SDK/startup/startup_mk64f12.o
                0x000037c6                USB0_IRQHandler
 .text.USBDCD_IRQHandler
                0x000037ce        0x8 ./SDK/startup/startup_mk64f12.o
                0x000037ce                USBDCD_IRQHandler
 .text.Reserved71_IRQHandler
                0x000037d6        0x8 ./SDK/startup/startup_mk64f12.o
                0x000037d6                Reserved71_IRQHandler
 .text.DAC0_IRQHandler
                0x000037de        0x8 ./SDK/startup/startup_mk64f12.o
                0x000037de                DAC0_IRQHandler
 .text.MCG_IRQHandler
                0x000037e6        0x8 ./SDK/startup/startup_mk64f12.o
                0x000037e6                MCG_IRQHandler
 .text.LPTMR0_IRQHandler
                0x000037ee        0x8 ./SDK/startup/startup_mk64f12.o
                0x000037ee                LPTMR0_IRQHandler
 .text.SWI_IRQHandler
                0x000037f6        0x8 ./SDK/startup/startup_mk64f12.o
                0x000037f6                SWI_IRQHandler
 .text.SPI2_IRQHandler
                0x000037fe        0x8 ./SDK/startup/startup_mk64f12.o
                0x000037fe                SPI2_IRQHandler
 .text.UART4_RX_TX_IRQHandler
                0x00003806        0x8 ./SDK/startup/startup_mk64f12.o
                0x00003806                UART4_RX_TX_IRQHandler
 .text.UART4_ERR_IRQHandler
                0x0000380e        0x8 ./SDK/startup/startup_mk64f12.o
                0x0000380e                UART4_ERR_IRQHandler
 .text.UART5_RX_TX_IRQHandler
                0x00003816        0x8 ./SDK/startup/startup_mk64f12.o
                0x00003816                UART5_RX_TX_IRQHandler
 .text.UART5_ERR_IRQHandler
                0x0000381e        0x8 ./SDK/startup/startup_mk64f12.o
                0x0000381e                UART5_ERR_IRQHandler
 .text.CMP2_IRQHandler
                0x00003826        0x8 ./SDK/startup/startup_mk64f12.o
                0x00003826                CMP2_IRQHandler
 .text.FTM3_IRQHandler
                0x0000382e        0x8 ./SDK/startup/startup_mk64f12.o
                0x0000382e                FTM3_IRQHandler
 .text.DAC1_IRQHandler
                0x00003836        0x8 ./SDK/startup/startup_mk64f12.o
                0x00003836                DAC1_IRQHandler
 .text.ADC1_IRQHandler
                0x0000383e        0x8 ./SDK/startup/startup_mk64f12.o
                0x0000383e                ADC1_IRQHandler
 .text.I2C2_IRQHandler
                0x00003846        0x8 ./SDK/startup/startup_mk64f12.o
                0x00003846                I2C2_IRQHandler
 .text.CAN0_ORed_Message_buffer_IRQHandler
                0x0000384e        0x8 ./SDK/startup/startup_mk64f12.o
                0x0000384e                CAN0_ORed_Message_buffer_IRQHandler
 .text.CAN0_Bus_Off_IRQHandler
                0x00003856        0x8 ./SDK/startup/startup_mk64f12.o
                0x00003856                CAN0_Bus_Off_IRQHandler
 .text.CAN0_Error_IRQHandler
                0x0000385e        0x8 ./SDK/startup/startup_mk64f12.o
                0x0000385e                CAN0_Error_IRQHandler
 .text.CAN0_Tx_Warning_IRQHandler
                0x00003866        0x8 ./SDK/startup/startup_mk64f12.o
                0x00003866                CAN0_Tx_Warning_IRQHandler
 .text.CAN0_Rx_Warning_IRQHandler
                0x0000386e        0x8 ./SDK/startup/startup_mk64f12.o
                0x0000386e                CAN0_Rx_Warning_IRQHandler
 .text.CAN0_Wake_Up_IRQHandler
                0x00003876        0x8 ./SDK/startup/startup_mk64f12.o
                0x00003876                CAN0_Wake_Up_IRQHandler
 .text.SDHC_IRQHandler
                0x0000387e        0x8 ./SDK/startup/startup_mk64f12.o
                0x0000387e                SDHC_IRQHandler
 .text.ENET_1588_Timer_IRQHandler
                0x00003886        0x8 ./SDK/startup/startup_mk64f12.o
                0x00003886                ENET_1588_Timer_IRQHandler
 .text.ENET_Transmit_IRQHandler
                0x0000388e        0x8 ./SDK/startup/startup_mk64f12.o
                0x0000388e                ENET_Transmit_IRQHandler
 .text.ENET_Receive_IRQHandler
                0x00003896        0x8 ./SDK/startup/startup_mk64f12.o
                0x00003896                ENET_Receive_IRQHandler
 .text.ENET_Error_IRQHandler
                0x0000389e        0x8 ./SDK/startup/startup_mk64f12.o
                0x0000389e                ENET_Error_IRQHandler
 .text.SystemInitHook
                0x000038a6        0xe ./SDK/CMSIS/system_MK64F12.o
                0x000038a6                SystemInitHook
 .text.fabsf    0x000038b4       0x10 c:/nxp/mcuxpressoide_10.2.0_759/ide/tools/bin/../lib/gcc/arm-none-eabi/7.2.1/../../../../arm-none-eabi/lib/thumb/v7e-m/fpv4-sp/hard\libcr_c.a(fabsf.o)
                0x000038b4                fabsf
 .text.fabs     0x000038c4       0x22 c:/nxp/mcuxpressoide_10.2.0_759/ide/tools/bin/../lib/gcc/arm-none-eabi/7.2.1/../../../../arm-none-eabi/lib/thumb/v7e-m/fpv4-sp/hard\libcr_c.a(fabs.o)
                0x000038c4                fabs
 .text.__aeabi_d2iz
                0x000038e6       0x40 c:/nxp/mcuxpressoide_10.2.0_759/ide/tools/bin/../lib/gcc/arm-none-eabi/7.2.1/thumb/v7e-m/fpv4-sp/hard\libcr_eabihelpers.a(double.o)
                0x000038e6                __aeabi_d2iz
 .text.__aeabi_dcmplt
                0x00003926       0x58 c:/nxp/mcuxpressoide_10.2.0_759/ide/tools/bin/../lib/gcc/arm-none-eabi/7.2.1/thumb/v7e-m/fpv4-sp/hard\libcr_eabihelpers.a(double.o)
                0x00003926                __aeabi_dcmplt
 .text.__aeabi_dcmpgt
                0x0000397e       0x58 c:/nxp/mcuxpressoide_10.2.0_759/ide/tools/bin/../lib/gcc/arm-none-eabi/7.2.1/thumb/v7e-m/fpv4-sp/hard\libcr_eabihelpers.a(double.o)
                0x0000397e                __aeabi_dcmpgt
 *(SORT_BY_ALIGNMENT(.rodata) SORT_BY_ALIGNMENT(.rodata.*) SORT_BY_ALIGNMENT(.constdata) SORT_BY_ALIGNMENT(.constdata.*))
 *fill*         0x000039d6        0x2 ff
 .rodata.a.5195
                0x000039d8       0x20 c:/nxp/mcuxpressoide_10.2.0_759/ide/tools/bin/../lib/gcc/arm-none-eabi/7.2.1/../../../../arm-none-eabi/lib/thumb/v7e-m/fpv4-sp/hard\libcr_c.a(atan.o)
 .rodata        0x000039f8        0x4 ./source/CAN.o
 .rodata        0x000039fc        0x4 ./source/ExternalManager.o
 .rodata        0x00003a00       0x14 ./source/i2c.o
                0x00003a18                . = ALIGN (0x8)
 *fill*         0x00003a14        0x4 ff

.glue_7         0x00003a18        0x0
 .glue_7        0x00003a18        0x0 linker stubs

.glue_7t        0x00003a18        0x0
 .glue_7t       0x00003a18        0x0 linker stubs

.vfp11_veneer   0x00003a18        0x0
 .vfp11_veneer  0x00003a18        0x0 linker stubs

.v4_bx          0x00003a18        0x0
 .v4_bx         0x00003a18        0x0 linker stubs

.iplt           0x00003a18        0x0
 .iplt          0x00003a18        0x0 ./source/App.o

.rel.dyn        0x00003a18        0x0
 .rel.iplt      0x00003a18        0x0 ./source/App.o

.ARM.extab
 *(SORT_BY_ALIGNMENT(.ARM.extab*) SORT_BY_ALIGNMENT(.gnu.linkonce.armextab.*))
                0x00003a18                __exidx_start = .

.ARM.exidx
 *(SORT_BY_ALIGNMENT(.ARM.exidx*) SORT_BY_ALIGNMENT(.gnu.linkonce.armexidx.*))
                0x00003a18                __exidx_end = .
                0x00003a18                _etext = .

.m_usb_data
 *(SORT_BY_ALIGNMENT(m_usb_bdt))

.data_RAM2      0x1fff0000        0x0 load address 0x00003a18
 FILL mask 0xff
                [!provide]                PROVIDE (__start_data_RAM2, .)
 *(SORT_BY_ALIGNMENT(.ramfunc.$RAM2))
 *(SORT_BY_ALIGNMENT(.ramfunc.$SRAM_LOWER))
 *(SORT_BY_ALIGNMENT(.data.$RAM2*))
 *(SORT_BY_ALIGNMENT(.data.$SRAM_LOWER*))
                0x1fff0000                . = ALIGN (0x8)
                [!provide]                PROVIDE (__end_data_RAM2, .)

.data_RAM3      0x14000000        0x0 load address 0x00003a18
 FILL mask 0xff
                [!provide]                PROVIDE (__start_data_RAM3, .)
 *(SORT_BY_ALIGNMENT(.ramfunc.$RAM3))
 *(SORT_BY_ALIGNMENT(.ramfunc.$FLEX_RAM))
 *(SORT_BY_ALIGNMENT(.data.$RAM3*))
 *(SORT_BY_ALIGNMENT(.data.$FLEX_RAM*))
                0x14000000                . = ALIGN (0x8)
                [!provide]                PROVIDE (__end_data_RAM3, .)

.uninit_RESERVED
                0x20000000        0x0
 *(SORT_BY_ALIGNMENT(.bss.$RESERVED*))
                0x20000000                . = ALIGN (0x4)
                0x20000000                _end_uninit_RESERVED = .

.data           0x20000000       0xc0 load address 0x00003a18
 FILL mask 0xff
                0x20000000                _data = .
 *(SORT_BY_ALIGNMENT(vtable))
 *(SORT_BY_ALIGNMENT(.ramfunc*))
 *(SORT_BY_ALIGNMENT(.data*))
 .data.bufferPC
                0x20000000        0x7 ./source/ExternalManager.o
 *fill*         0x20000007        0x1 ff
 .data.accel_cords
                0x20000008        0x6 ./source/Posicionamiento.o
                0x20000008                accel_cords
 *fill*         0x2000000e        0x2 ff
 .data.magnet_cords
                0x20000010        0x6 ./source/Posicionamiento.o
                0x20000010                magnet_cords
 *fill*         0x20000016        0x2 ff
 .data.spiPtrs  0x20000018        0xc ./source/SPI.o
 .data.ports    0x20000024       0x14 ./source/SPI.o
 .data.sim_port
                0x20000038       0x14 ./source/SPI.o
 .data.SysTick_ptr
                0x2000004c        0x4 ./source/SysTick.o
 .data.portPtrs
                0x20000050       0x14 ./source/UART.o
 .data.gpioPtrs
                0x20000064       0x14 ./source/gpio.o
 .data.portPtrs
                0x20000078       0x14 ./source/gpio.o
 .data.simMasks
                0x2000008c       0x14 ./source/gpio.o
 .data.sim_ptr  0x200000a0        0x4 ./source/gpio.o
 .data.i2cPtrs  0x200000a4        0xc ./source/i2c.o
 .data.simMasks
                0x200000b0        0xc ./source/i2c.o
 .data.i2c_irqs
                0x200000bc        0x3 ./source/i2c.o
 .data.timers_cant
                0x200000bf        0x1 ./source/timer.o
                0x200000c0                . = ALIGN (0x8)
                0x200000c0                _edata = .

.igot.plt       0x200000c0        0x0 load address 0x00003ad8
 .igot.plt      0x200000c0        0x0 ./source/App.o

.bss_RAM2       0x1fff0000        0x0
                [!provide]                PROVIDE (__start_bss_RAM2, .)
 *(SORT_BY_ALIGNMENT(.bss.$RAM2*))
 *(SORT_BY_ALIGNMENT(.bss.$SRAM_LOWER*))
                0x1fff0000                . = ALIGN ((. != 0x0)?0x8:0x1)
                [!provide]                PROVIDE (__end_bss_RAM2, .)

.bss_RAM3       0x14000000        0x0
                [!provide]                PROVIDE (__start_bss_RAM3, .)
 *(SORT_BY_ALIGNMENT(.bss.$RAM3*))
 *(SORT_BY_ALIGNMENT(.bss.$FLEX_RAM*))
                0x14000000                . = ALIGN ((. != 0x0)?0x8:0x1)
                [!provide]                PROVIDE (__end_bss_RAM3, .)

.bss            0x200000c0      0x758
                0x200000c0                _bss = .
 *(SORT_BY_ALIGNMENT(.bss*))
 .bss.AppBoard  0x200000c0        0x6 ./source/App.o
                0x200000c0                AppBoard
 *fill*         0x200000c6        0x2 
 .bss.RXbufferData
                0x200000c8        0xc ./source/CAN.o
 .bss.callback  0x200000d4        0x4 ./source/CAN.o
 .bss.Boards    0x200000d8       0x2a ./source/ExternalManager.o
 *fill*         0x20000102        0x2 
 .bss.accel_Read
                0x20000104       0x10 ./source/Posicionamiento.o
 .bss.changeCallback
                0x20000114        0x4 ./source/Posicionamiento.o
                0x20000114                changeCallback
 .bss.i2c_com   0x20000118       0x10 ./source/Sensores.o
                0x20000118                i2c_com
 .bss.r_data    0x20000128        0x4 ./source/Sensores.o
 .bss.Buffer    0x2000012c        0xd ./source/Sensores.o
                0x2000012c                Buffer
 *fill*         0x20000139        0x3 
 .bss.callbackTick
                0x2000013c        0x4 ./source/SysTick.o
 .bss.sendBuffer
                0x20000140      0x190 ./source/UART.o
                0x20000140                sendBuffer
 .bss.recvBuffer
                0x200002d0      0x190 ./source/UART.o
                0x200002d0                recvBuffer
 .bss.porEnviar
                0x20000460        0x4 ./source/UART.o
                0x20000460                porEnviar
 .bss.enviado   0x20000464        0x4 ./source/UART.o
                0x20000464                enviado
 .bss.porRecibir
                0x20000468        0x4 ./source/UART.o
                0x20000468                porRecibir
 .bss.isr_Matrix
                0x2000046c      0x280 ./source/gpio.o
 .bss.i2c       0x200006ec        0x4 ./source/i2c.o
 .bss.i2c_com   0x200006f0        0x4 ./source/i2c.o
 .bss.timers    0x200006f4      0x100 ./source/timer.o
 .bss.myID      0x200007f4        0x2 ./source/CAN.o
 .bss.roll      0x200007f6        0x2 ./source/Posicionamiento.o
                0x200007f6                roll
 .bss.prev_roll
                0x200007f8        0x2 ./source/Posicionamiento.o
                0x200007f8                prev_roll
 .bss.pitching  0x200007fa        0x2 ./source/Posicionamiento.o
                0x200007fa                pitching
 .bss.prev_pitching
                0x200007fc        0x2 ./source/Posicionamiento.o
                0x200007fc                prev_pitching
 .bss.orientation
                0x200007fe        0x2 ./source/Posicionamiento.o
                0x200007fe                orientation
 .bss.prev_orientation
                0x20000800        0x2 ./source/Posicionamiento.o
                0x20000800                prev_orientation
 .bss.fsm       0x20000802        0x1 ./source/App.o
                0x20000802                fsm
 .bss.timPeriodico
                0x20000803        0x1 ./source/App.o
                0x20000803                timPeriodico
 .bss.timerUpdatePos
                0x20000804        0x1 ./source/App.o
                0x20000804                timerUpdatePos
 .bss.myGroup   0x20000805        0x1 ./source/ExternalManager.o
 .bss.roll_change
                0x20000806        0x1 ./source/Posicionamiento.o
                0x20000806                roll_change
 .bss.pitching_change
                0x20000807        0x1 ./source/Posicionamiento.o
                0x20000807                pitching_change
 .bss.orientation_change
                0x20000808        0x1 ./source/Posicionamiento.o
                0x20000808                orientation_change
 .bss.reading   0x20000809        0x1 ./source/Posicionamiento.o
 .bss.rx_data   0x2000080a        0x1 ./source/UART.o
 .bss.ch        0x2000080b        0x1 ./source/i2c.o
 .bss.device_address_r
                0x2000080c        0x1 ./source/i2c.o
 .bss.device_address_w
                0x2000080d        0x1 ./source/i2c.o
 .bss.stage     0x2000080e        0x1 ./source/i2c.o
 .bss.mode      0x2000080f        0x1 ./source/i2c.o
 .bss.data_index
                0x20000810        0x1 ./source/i2c.o
 .bss.yaInit.7476
                0x20000811        0x1 ./source/timer.o
 *(SORT_BY_ALIGNMENT(COMMON))
                0x20000818                . = ALIGN (0x8)
 *fill*         0x20000812        0x6 
                0x20000818                _ebss = .
                [!provide]                PROVIDE (end, .)

.noinit_RAM2    0x1fff0000        0x0
 *(SORT_BY_ALIGNMENT(.noinit.$RAM2*))
 *(SORT_BY_ALIGNMENT(.noinit.$SRAM_LOWER*))
                0x1fff0000                . = ALIGN (0x8)

.noinit_RAM3    0x14000000        0x0
 *(SORT_BY_ALIGNMENT(.noinit.$RAM3*))
 *(SORT_BY_ALIGNMENT(.noinit.$FLEX_RAM*))
                0x14000000                . = ALIGN (0x8)

.noinit         0x20000818        0x0
                0x20000818                _noinit = .
 *(SORT_BY_ALIGNMENT(.noinit*))
                0x20000818                . = ALIGN (0x8)
                0x20000818                _end_noinit = .
                0x00001000                _HeapSize = 0x1000

.heap           0x20000818     0x1000
                0x20000818                _pvHeapStart = .
                0x20001818                . = (. + _HeapSize)
 *fill*         0x20000818     0x1000 
                0x20001818                . = ALIGN (0x8)
                0x20001818                _pvHeapLimit = .
                0x00001000                _StackSize = 0x1000

.heap2stackfill
                0x20001818     0x1000
                0x20002818                . = (. + _StackSize)
 *fill*         0x20001818     0x1000 

.stack          0x2002f000        0x0
                0x2002f000                _vStackBase = .
                0x2002f000                . = ALIGN (0x8)
                0x20030000                _vStackTop = (. + _StackSize)
                0x00000000                _image_start = LOADADDR (.text)
                0x00003ad8                _image_end = (LOADADDR (.data) + SIZEOF (.data))
                0x00003ad8                _image_size = (_image_end - _image_start)
OUTPUT(Blink.axf elf32-littlearm)

.debug_info     0x00000000     0x805d
 .debug_info    0x00000000      0x9f7 ./source/App.o
 .debug_info    0x000009f7     0x10be ./source/CAN.o
 .debug_info    0x00001ab5      0x356 ./source/ExternalManager.o
 .debug_info    0x00001e0b      0xc6a ./source/Posicionamiento.o
 .debug_info    0x00002a75      0xe4b ./source/SPI.o
 .debug_info    0x000038c0      0x2cf ./source/Sensores.o
 .debug_info    0x00003b8f      0x526 ./source/SysTick.o
 .debug_info    0x000040b5      0xb36 ./source/UART.o
 .debug_info    0x00004beb      0x706 ./source/gpio.o
 .debug_info    0x000052f1      0xc6b ./source/i2c.o
 .debug_info    0x00005f5c      0xaee ./source/timer.o
 .debug_info    0x00006a4a      0x675 ./SDK/startup/hardware.o
 .debug_info    0x000070bf       0xb7 ./SDK/startup/main.o
 .debug_info    0x00007176       0x3b ./SDK/startup/semihost_hardfault.o
 .debug_info    0x000071b1      0x8b0 ./SDK/startup/startup_mk64f12.o
 .debug_info    0x00007a61      0x5fc ./SDK/CMSIS/system_MK64F12.o

.debug_abbrev   0x00000000     0x1b31
 .debug_abbrev  0x00000000      0x227 ./source/App.o
 .debug_abbrev  0x00000227      0x2f2 ./source/CAN.o
 .debug_abbrev  0x00000519      0x102 ./source/ExternalManager.o
 .debug_abbrev  0x0000061b      0x271 ./source/Posicionamiento.o
 .debug_abbrev  0x0000088c      0x274 ./source/SPI.o
 .debug_abbrev  0x00000b00      0x145 ./source/Sensores.o
 .debug_abbrev  0x00000c45      0x1a0 ./source/SysTick.o
 .debug_abbrev  0x00000de5      0x21c ./source/UART.o
 .debug_abbrev  0x00001001      0x1a7 ./source/gpio.o
 .debug_abbrev  0x000011a8      0x263 ./source/i2c.o
 .debug_abbrev  0x0000140b      0x2a7 ./source/timer.o
 .debug_abbrev  0x000016b2      0x138 ./SDK/startup/hardware.o
 .debug_abbrev  0x000017ea       0x7d ./SDK/startup/main.o
 .debug_abbrev  0x00001867       0x2f ./SDK/startup/semihost_hardfault.o
 .debug_abbrev  0x00001896      0x15c ./SDK/startup/startup_mk64f12.o
 .debug_abbrev  0x000019f2      0x13f ./SDK/CMSIS/system_MK64F12.o

.debug_aranges  0x00000000      0x738
 .debug_aranges
                0x00000000       0x38 ./source/App.o
 .debug_aranges
                0x00000038       0x88 ./source/CAN.o
 .debug_aranges
                0x000000c0       0x38 ./source/ExternalManager.o
 .debug_aranges
                0x000000f8       0x68 ./source/Posicionamiento.o
 .debug_aranges
                0x00000160       0x30 ./source/SPI.o
 .debug_aranges
                0x00000190       0x30 ./source/Sensores.o
 .debug_aranges
                0x000001c0       0x30 ./source/SysTick.o
 .debug_aranges
                0x000001f0       0x58 ./source/UART.o
 .debug_aranges
                0x00000248       0x70 ./source/gpio.o
 .debug_aranges
                0x000002b8       0x60 ./source/i2c.o
 .debug_aranges
                0x00000318       0x50 ./source/timer.o
 .debug_aranges
                0x00000368       0x30 ./SDK/startup/hardware.o
 .debug_aranges
                0x00000398       0x20 ./SDK/startup/main.o
 .debug_aranges
                0x000003b8       0x20 ./SDK/startup/semihost_hardfault.o
 .debug_aranges
                0x000003d8      0x330 ./SDK/startup/startup_mk64f12.o
 .debug_aranges
                0x00000708       0x30 ./SDK/CMSIS/system_MK64F12.o

.debug_ranges   0x00000000      0x638
 .debug_ranges  0x00000000       0x28 ./source/App.o
 .debug_ranges  0x00000028       0x78 ./source/CAN.o
 .debug_ranges  0x000000a0       0x28 ./source/ExternalManager.o
 .debug_ranges  0x000000c8       0x58 ./source/Posicionamiento.o
 .debug_ranges  0x00000120       0x20 ./source/SPI.o
 .debug_ranges  0x00000140       0x20 ./source/Sensores.o
 .debug_ranges  0x00000160       0x20 ./source/SysTick.o
 .debug_ranges  0x00000180       0x48 ./source/UART.o
 .debug_ranges  0x000001c8       0x60 ./source/gpio.o
 .debug_ranges  0x00000228       0x50 ./source/i2c.o
 .debug_ranges  0x00000278       0x40 ./source/timer.o
 .debug_ranges  0x000002b8       0x20 ./SDK/startup/hardware.o
 .debug_ranges  0x000002d8       0x10 ./SDK/startup/main.o
 .debug_ranges  0x000002e8       0x10 ./SDK/startup/semihost_hardfault.o
 .debug_ranges  0x000002f8      0x320 ./SDK/startup/startup_mk64f12.o
 .debug_ranges  0x00000618       0x20 ./SDK/CMSIS/system_MK64F12.o

.debug_macro    0x00000000    0x139a5
 .debug_macro   0x00000000      0x139 ./source/App.o
 .debug_macro   0x00000139      0xa5a ./source/App.o
 .debug_macro   0x00000b93      0x34e ./source/App.o
 .debug_macro   0x00000ee1       0x16 ./source/App.o
 .debug_macro   0x00000ef7       0x22 ./source/App.o
 .debug_macro   0x00000f19       0x22 ./source/App.o
 .debug_macro   0x00000f3b       0x17 ./source/App.o
 .debug_macro   0x00000f52       0x22 ./source/App.o
 .debug_macro   0x00000f74       0x52 ./source/App.o
 .debug_macro   0x00000fc6       0x8d ./source/App.o
 .debug_macro   0x00001053       0x35 ./source/App.o
 .debug_macro   0x00001088       0x9c ./source/App.o
 .debug_macro   0x00001124       0x16 ./source/App.o
 .debug_macro   0x0000113a      0x10e ./source/App.o
 .debug_macro   0x00001248       0x8d ./source/App.o
 .debug_macro   0x000012d5       0x57 ./source/App.o
 .debug_macro   0x0000132c       0x58 ./source/App.o
 .debug_macro   0x00001384       0x1f ./source/App.o
 .debug_macro   0x000013a3       0x43 ./source/App.o
 .debug_macro   0x000013e6       0x20 ./source/App.o
 .debug_macro   0x00001406      0x18e ./source/App.o
 .debug_macro   0x00001594      0x330 ./source/App.o
 .debug_macro   0x000018c4       0x16 ./source/App.o
 .debug_macro   0x000018da       0x29 ./source/App.o
 .debug_macro   0x00001903       0x1c ./source/App.o
 .debug_macro   0x0000191f      0x30c ./source/CAN.o
 .debug_macro   0x00001c2b       0x28 ./source/CAN.o
 .debug_macro   0x00001c53       0x10 ./source/CAN.o
 .debug_macro   0x00001c63       0x5c ./source/CAN.o
 .debug_macro   0x00001cbf       0x1c ./source/CAN.o
 .debug_macro   0x00001cdb       0x22 ./source/CAN.o
 .debug_macro   0x00001cfd       0xdf ./source/CAN.o
 .debug_macro   0x00001ddc      0xecf ./source/CAN.o
 .debug_macro   0x00002cab       0x48 ./source/CAN.o
 .debug_macro   0x00002cf3     0xe07b ./source/CAN.o
 .debug_macro   0x00010d6e     0x122b ./source/CAN.o
 .debug_macro   0x00011f99       0x16 ./source/CAN.o
 .debug_macro   0x00011faf       0x46 ./source/CAN.o
 .debug_macro   0x00011ff5       0x58 ./source/CAN.o
 .debug_macro   0x0001204d       0x16 ./source/CAN.o
 .debug_macro   0x00012063       0x97 ./source/CAN.o
 .debug_macro   0x000120fa      0x32a ./source/CAN.o
 .debug_macro   0x00012424       0xfd ./source/CAN.o
 .debug_macro   0x00012521       0x10 ./source/CAN.o
 .debug_macro   0x00012531       0x10 ./source/CAN.o
 .debug_macro   0x00012541       0x6a ./source/CAN.o
 .debug_macro   0x000125ab       0x1c ./source/CAN.o
 .debug_macro   0x000125c7       0x52 ./source/CAN.o
 .debug_macro   0x00012619       0x40 ./source/CAN.o
 .debug_macro   0x00012659       0x10 ./source/CAN.o
 .debug_macro   0x00012669       0x40 ./source/CAN.o
 .debug_macro   0x000126a9       0xd7 ./source/CAN.o
 .debug_macro   0x00012780       0x1c ./source/CAN.o
 .debug_macro   0x0001279c       0x3d ./source/CAN.o
 .debug_macro   0x000127d9       0x16 ./source/CAN.o
 .debug_macro   0x000127ef      0x16f ./source/CAN.o
 .debug_macro   0x0001295e       0x7b ./source/ExternalManager.o
 .debug_macro   0x000129d9       0x1c ./source/ExternalManager.o
 .debug_macro   0x000129f5       0x22 ./source/ExternalManager.o
 .debug_macro   0x00012a17       0x10 ./source/ExternalManager.o
 .debug_macro   0x00012a27       0x1c ./source/ExternalManager.o
 .debug_macro   0x00012a43      0x1bc ./source/Posicionamiento.o
 .debug_macro   0x00012bff      0x1e1 ./source/Posicionamiento.o
 .debug_macro   0x00012de0      0x24c ./source/SPI.o
 .debug_macro   0x0001302c       0xe5 ./source/Sensores.o
 .debug_macro   0x00013111       0x10 ./source/Sensores.o
 .debug_macro   0x00013121       0xac ./source/SysTick.o
 .debug_macro   0x000131cd       0xf1 ./source/UART.o
 .debug_macro   0x000132be       0x16 ./source/UART.o
 .debug_macro   0x000132d4       0x5e ./source/UART.o
 .debug_macro   0x00013332       0xab ./source/gpio.o
 .debug_macro   0x000133dd      0x12a ./source/i2c.o
 .debug_macro   0x00013507      0x1c3 ./source/timer.o
 .debug_macro   0x000136ca       0x10 ./source/timer.o
 .debug_macro   0x000136da       0xd9 ./source/timer.o
 .debug_macro   0x000137b3       0x9c ./SDK/startup/hardware.o
 .debug_macro   0x0001384f       0x9c ./SDK/startup/main.o
 .debug_macro   0x000138eb       0x11 ./SDK/startup/semihost_hardfault.o
 .debug_macro   0x000138fc       0x29 ./SDK/startup/startup_mk64f12.o
 .debug_macro   0x00013925       0x80 ./SDK/CMSIS/system_MK64F12.o

.debug_line     0x00000000     0x2ea7
 .debug_line    0x00000000      0x2dd ./source/App.o
 .debug_line    0x000002dd      0x53d ./source/CAN.o
 .debug_line    0x0000081a      0x17e ./source/ExternalManager.o
 .debug_line    0x00000998      0x471 ./source/Posicionamiento.o
 .debug_line    0x00000e09      0x426 ./source/SPI.o
 .debug_line    0x0000122f      0x1e8 ./source/Sensores.o
 .debug_line    0x00001417      0x1b6 ./source/SysTick.o
 .debug_line    0x000015cd      0x252 ./source/UART.o
 .debug_line    0x0000181f      0x299 ./source/gpio.o
 .debug_line    0x00001ab8      0x3cd ./source/i2c.o
 .debug_line    0x00001e85      0x3e3 ./source/timer.o
 .debug_line    0x00002268      0x1d4 ./SDK/startup/hardware.o
 .debug_line    0x0000243c      0x173 ./SDK/startup/main.o
 .debug_line    0x000025af       0x59 ./SDK/startup/semihost_hardfault.o
 .debug_line    0x00002608      0x6d8 ./SDK/startup/startup_mk64f12.o
 .debug_line    0x00002ce0      0x1c7 ./SDK/CMSIS/system_MK64F12.o

.debug_str      0x00000000    0x7e524
 .debug_str     0x00000000     0x6bb5 ./source/App.o
                               0x6e24 (size before relaxing)
 .debug_str     0x00006bb5    0x75701 ./source/CAN.o
                              0x7c2e3 (size before relaxing)
 .debug_str     0x0007c2b6      0x177 ./source/ExternalManager.o
                               0x3b1f (size before relaxing)
 .debug_str     0x0007c42d      0xa83 ./source/Posicionamiento.o
                              0x7afb9 (size before relaxing)
 .debug_str     0x0007ceb0      0x1ee ./source/SPI.o
                              0x7bb5d (size before relaxing)
 .debug_str     0x0007d09e      0x207 ./source/Sensores.o
                              0x7723b (size before relaxing)
 .debug_str     0x0007d2a5       0x93 ./source/SysTick.o
                              0x775b9 (size before relaxing)
 .debug_str     0x0007d338      0x19f ./source/UART.o
                              0x77a48 (size before relaxing)
 .debug_str     0x0007d4d7      0x129 ./source/gpio.o
                              0x772a0 (size before relaxing)
 .debug_str     0x0007d600      0x47b ./source/i2c.o
                              0x77d90 (size before relaxing)
 .debug_str     0x0007da7b       0xe1 ./source/timer.o
                              0x7a7ab (size before relaxing)
 .debug_str     0x0007db5c      0x167 ./SDK/startup/hardware.o
                              0x771f7 (size before relaxing)
 .debug_str     0x0007dcc3       0x1b ./SDK/startup/main.o
                              0x76fcb (size before relaxing)
 .debug_str     0x0007dcde       0x36 ./SDK/startup/semihost_hardfault.o
                               0x2d31 (size before relaxing)
 .debug_str     0x0007dd14      0x7ae ./SDK/startup/startup_mk64f12.o
                               0x359f (size before relaxing)
 .debug_str     0x0007e4c2       0x62 ./SDK/CMSIS/system_MK64F12.o
                              0x77106 (size before relaxing)

.comment        0x00000000       0x7e
 .comment       0x00000000       0x7e ./source/App.o
                                 0x7f (size before relaxing)
 .comment       0x0000007e       0x7f ./source/CAN.o
 .comment       0x0000007e       0x7f ./source/ExternalManager.o
 .comment       0x0000007e       0x7f ./source/Posicionamiento.o
 .comment       0x0000007e       0x7f ./source/SPI.o
 .comment       0x0000007e       0x7f ./source/Sensores.o
 .comment       0x0000007e       0x7f ./source/SysTick.o
 .comment       0x0000007e       0x7f ./source/UART.o
 .comment       0x0000007e       0x7f ./source/gpio.o
 .comment       0x0000007e       0x7f ./source/i2c.o
 .comment       0x0000007e       0x7f ./source/timer.o
 .comment       0x0000007e       0x7f ./SDK/startup/hardware.o
 .comment       0x0000007e       0x7f ./SDK/startup/main.o
 .comment       0x0000007e       0x7f ./SDK/startup/semihost_hardfault.o
 .comment       0x0000007e       0x7f ./SDK/startup/startup_mk64f12.o
 .comment       0x0000007e       0x7f ./SDK/CMSIS/system_MK64F12.o
 .comment       0x0000007e       0x7f c:/nxp/mcuxpressoide_10.2.0_759/ide/tools/bin/../lib/gcc/arm-none-eabi/7.2.1/../../../../arm-none-eabi/lib/thumb/v7e-m/fpv4-sp/hard\libcr_c.a(fabsf.o)
 .comment       0x0000007e       0x7f c:/nxp/mcuxpressoide_10.2.0_759/ide/tools/bin/../lib/gcc/arm-none-eabi/7.2.1/../../../../arm-none-eabi/lib/thumb/v7e-m/fpv4-sp/hard\libcr_c.a(atan.o)
 .comment       0x0000007e       0x7f c:/nxp/mcuxpressoide_10.2.0_759/ide/tools/bin/../lib/gcc/arm-none-eabi/7.2.1/../../../../arm-none-eabi/lib/thumb/v7e-m/fpv4-sp/hard\libcr_c.a(fabs.o)
 .comment       0x0000007e       0x7f c:/nxp/mcuxpressoide_10.2.0_759/ide/tools/bin/../lib/gcc/arm-none-eabi/7.2.1/thumb/v7e-m/fpv4-sp/hard\libcr_eabihelpers.a(double.o)
 .comment       0x0000007e       0x7f c:/nxp/mcuxpressoide_10.2.0_759/ide/tools/bin/../lib/gcc/arm-none-eabi/7.2.1/thumb/v7e-m/fpv4-sp/hard\libcr_eabihelpers.a(float.o)

.ARM.attributes
                0x00000000       0x39
 .ARM.attributes
                0x00000000       0x39 ./source/App.o
 .ARM.attributes
                0x00000039       0x39 ./source/CAN.o
 .ARM.attributes
                0x00000072       0x39 ./source/ExternalManager.o
 .ARM.attributes
                0x000000ab       0x39 ./source/Posicionamiento.o
 .ARM.attributes
                0x000000e4       0x39 ./source/SPI.o
 .ARM.attributes
                0x0000011d       0x39 ./source/Sensores.o
 .ARM.attributes
                0x00000156       0x39 ./source/SysTick.o
 .ARM.attributes
                0x0000018f       0x39 ./source/UART.o
 .ARM.attributes
                0x000001c8       0x39 ./source/gpio.o
 .ARM.attributes
                0x00000201       0x39 ./source/i2c.o
 .ARM.attributes
                0x0000023a       0x39 ./source/timer.o
 .ARM.attributes
                0x00000273       0x39 ./SDK/startup/hardware.o
 .ARM.attributes
                0x000002ac       0x39 ./SDK/startup/main.o
 .ARM.attributes
                0x000002e5       0x39 ./SDK/startup/semihost_hardfault.o
 .ARM.attributes
                0x0000031e       0x39 ./SDK/startup/startup_mk64f12.o
 .ARM.attributes
                0x00000357       0x39 ./SDK/CMSIS/system_MK64F12.o
 .ARM.attributes
                0x00000390       0x39 c:/nxp/mcuxpressoide_10.2.0_759/ide/tools/bin/../lib/gcc/arm-none-eabi/7.2.1/../../../../arm-none-eabi/lib/thumb/v7e-m/fpv4-sp/hard\libcr_c.a(fabsf.o)
 .ARM.attributes
                0x000003c9       0x39 c:/nxp/mcuxpressoide_10.2.0_759/ide/tools/bin/../lib/gcc/arm-none-eabi/7.2.1/../../../../arm-none-eabi/lib/thumb/v7e-m/fpv4-sp/hard\libcr_c.a(atan.o)
 .ARM.attributes
                0x00000402       0x39 c:/nxp/mcuxpressoide_10.2.0_759/ide/tools/bin/../lib/gcc/arm-none-eabi/7.2.1/../../../../arm-none-eabi/lib/thumb/v7e-m/fpv4-sp/hard\libcr_c.a(fabs.o)
 .ARM.attributes
                0x0000043b       0x39 c:/nxp/mcuxpressoide_10.2.0_759/ide/tools/bin/../lib/gcc/arm-none-eabi/7.2.1/thumb/v7e-m/fpv4-sp/hard\libcr_eabihelpers.a(double.o)
 .ARM.attributes
                0x00000474       0x39 c:/nxp/mcuxpressoide_10.2.0_759/ide/tools/bin/../lib/gcc/arm-none-eabi/7.2.1/thumb/v7e-m/fpv4-sp/hard\libcr_eabihelpers.a(float.o)

.debug_frame    0x00000000     0x1624
 .debug_frame   0x00000000       0x8c ./source/App.o
 .debug_frame   0x0000008c      0x1f4 ./source/CAN.o
 .debug_frame   0x00000280       0xac ./source/ExternalManager.o
 .debug_frame   0x0000032c      0x194 ./source/Posicionamiento.o
 .debug_frame   0x000004c0       0x84 ./source/SPI.o
 .debug_frame   0x00000544       0x74 ./source/Sensores.o
 .debug_frame   0x000005b8       0x88 ./source/SysTick.o
 .debug_frame   0x00000640      0x144 ./source/UART.o
 .debug_frame   0x00000784      0x1f0 ./source/gpio.o
 .debug_frame   0x00000974      0x170 ./source/i2c.o
 .debug_frame   0x00000ae4      0x10c ./source/timer.o
 .debug_frame   0x00000bf0       0x70 ./SDK/startup/hardware.o
 .debug_frame   0x00000c60       0x2c ./SDK/startup/main.o
 .debug_frame   0x00000c8c       0x20 ./SDK/startup/semihost_hardfault.o
 .debug_frame   0x00000cac      0x904 ./SDK/startup/startup_mk64f12.o
 .debug_frame   0x000015b0       0x74 ./SDK/CMSIS/system_MK64F12.o
