Archive member included to satisfy reference by file (symbol)

c:/nxp/mcuxpressoide_10.2.0_759/ide/tools/bin/../lib/gcc/arm-none-eabi/7.2.1/../../../../arm-none-eabi/lib/thumb/v7e-m/fpv4-sp/hard\libcr_c.a(atan.o)
                              ./source/Posicionamiento.o (atan)
c:/nxp/mcuxpressoide_10.2.0_759/ide/tools/bin/../lib/gcc/arm-none-eabi/7.2.1/../../../../arm-none-eabi/lib/thumb/v7e-m/fpv4-sp/hard\libcr_c.a(fabs.o)
                              ./source/Posicionamiento.o (fabs)
c:/nxp/mcuxpressoide_10.2.0_759/ide/tools/bin/../lib/gcc/arm-none-eabi/7.2.1/thumb/v7e-m/fpv4-sp/hard\libcr_eabihelpers.a(double.o)
                              ./source/Posicionamiento.o (__aeabi_dmul)

Discarded input sections

 .group         0x00000000        0xc ./source/App.o
 .group         0x00000000        0xc ./source/App.o
 .group         0x00000000        0xc ./source/App.o
 .group         0x00000000        0xc ./source/App.o
 .group         0x00000000        0xc ./source/App.o
 .text          0x00000000        0x0 ./source/App.o
 .data          0x00000000        0x0 ./source/App.o
 .bss           0x00000000        0x0 ./source/App.o
 .group         0x00000000        0xc ./source/Posicionamiento.o
 .group         0x00000000        0xc ./source/Posicionamiento.o
 .group         0x00000000        0xc ./source/Posicionamiento.o
 .group         0x00000000        0xc ./source/Posicionamiento.o
 .group         0x00000000        0xc ./source/Posicionamiento.o
 .group         0x00000000        0xc ./source/Posicionamiento.o
 .group         0x00000000        0xc ./source/Posicionamiento.o
 .group         0x00000000        0xc ./source/Posicionamiento.o
 .group         0x00000000        0xc ./source/Posicionamiento.o
 .group         0x00000000        0xc ./source/Posicionamiento.o
 .group         0x00000000        0xc ./source/Posicionamiento.o
 .group         0x00000000        0xc ./source/Posicionamiento.o
 .group         0x00000000        0xc ./source/Posicionamiento.o
 .group         0x00000000        0xc ./source/Posicionamiento.o
 .group         0x00000000        0xc ./source/Posicionamiento.o
 .group         0x00000000        0xc ./source/Posicionamiento.o
 .group         0x00000000        0xc ./source/Posicionamiento.o
 .group         0x00000000        0xc ./source/Posicionamiento.o
 .group         0x00000000        0xc ./source/Posicionamiento.o
 .group         0x00000000        0xc ./source/Posicionamiento.o
 .group         0x00000000        0xc ./source/Posicionamiento.o
 .group         0x00000000        0xc ./source/Posicionamiento.o
 .group         0x00000000        0xc ./source/Posicionamiento.o
 .group         0x00000000        0xc ./source/Posicionamiento.o
 .group         0x00000000        0xc ./source/Posicionamiento.o
 .group         0x00000000        0xc ./source/Posicionamiento.o
 .group         0x00000000        0xc ./source/Posicionamiento.o
 .group         0x00000000        0xc ./source/Posicionamiento.o
 .group         0x00000000        0xc ./source/Posicionamiento.o
 .text          0x00000000        0x0 ./source/Posicionamiento.o
 .data          0x00000000        0x0 ./source/Posicionamiento.o
 .bss           0x00000000        0x0 ./source/Posicionamiento.o
 .bss.magnet_cords
                0x00000000        0x6 ./source/Posicionamiento.o
 .bss.orientation
                0x00000000        0x1 ./source/Posicionamiento.o
 .text.Position_InitDrv
                0x00000000        0xe ./source/Posicionamiento.o
 .text.Position_Update
                0x00000000       0x18 ./source/Posicionamiento.o
 .text.Position_GetOrientation
                0x00000000       0x18 ./source/Posicionamiento.o
 .text.Position_CalculateOrientation
                0x00000000      0x18c ./source/Posicionamiento.o
 .debug_macro   0x00000000      0xa5a ./source/Posicionamiento.o
 .debug_macro   0x00000000      0x34e ./source/Posicionamiento.o
 .debug_macro   0x00000000       0x22 ./source/Posicionamiento.o
 .group         0x00000000        0xc ./source/Sensores.o
 .group         0x00000000        0xc ./source/Sensores.o
 .group         0x00000000        0xc ./source/Sensores.o
 .group         0x00000000        0xc ./source/Sensores.o
 .group         0x00000000        0xc ./source/Sensores.o
 .group         0x00000000        0xc ./source/Sensores.o
 .group         0x00000000        0xc ./source/Sensores.o
 .group         0x00000000        0xc ./source/Sensores.o
 .group         0x00000000        0xc ./source/Sensores.o
 .group         0x00000000        0xc ./source/Sensores.o
 .group         0x00000000        0xc ./source/Sensores.o
 .group         0x00000000        0xc ./source/Sensores.o
 .group         0x00000000        0xc ./source/Sensores.o
 .group         0x00000000        0xc ./source/Sensores.o
 .text          0x00000000        0x0 ./source/Sensores.o
 .data          0x00000000        0x0 ./source/Sensores.o
 .bss           0x00000000        0x0 ./source/Sensores.o
 .text._mqx_ints_FXOS8700CQ_start
                0x00000000       0xe4 ./source/Sensores.o
 .text.ReadAccelMagnData
                0x00000000       0xaa ./source/Sensores.o
 .debug_info    0x00000000      0x1a6 ./source/Sensores.o
 .debug_abbrev  0x00000000      0x10c ./source/Sensores.o
 .debug_aranges
                0x00000000       0x28 ./source/Sensores.o
 .debug_ranges  0x00000000       0x18 ./source/Sensores.o
 .debug_macro   0x00000000       0xe1 ./source/Sensores.o
 .debug_macro   0x00000000      0xa5a ./source/Sensores.o
 .debug_macro   0x00000000      0x34e ./source/Sensores.o
 .debug_macro   0x00000000       0x22 ./source/Sensores.o
 .debug_macro   0x00000000       0x10 ./source/Sensores.o
 .debug_macro   0x00000000       0x5c ./source/Sensores.o
 .debug_macro   0x00000000       0x1c ./source/Sensores.o
 .debug_macro   0x00000000       0x22 ./source/Sensores.o
 .debug_macro   0x00000000       0xdf ./source/Sensores.o
 .debug_macro   0x00000000      0xecf ./source/Sensores.o
 .debug_macro   0x00000000       0x48 ./source/Sensores.o
 .debug_macro   0x00000000     0xe07b ./source/Sensores.o
 .debug_macro   0x00000000     0x122b ./source/Sensores.o
 .debug_macro   0x00000000       0x16 ./source/Sensores.o
 .debug_macro   0x00000000       0x10 ./source/Sensores.o
 .debug_line    0x00000000      0x1c3 ./source/Sensores.o
 .debug_str     0x00000000    0x77156 ./source/Sensores.o
 .comment       0x00000000       0x7f ./source/Sensores.o
 .debug_frame   0x00000000       0x60 ./source/Sensores.o
 .ARM.attributes
                0x00000000       0x39 ./source/Sensores.o
 .group         0x00000000        0xc ./SDK/startup/hardware.o
 .group         0x00000000        0xc ./SDK/startup/hardware.o
 .group         0x00000000        0xc ./SDK/startup/hardware.o
 .group         0x00000000        0xc ./SDK/startup/hardware.o
 .group         0x00000000        0xc ./SDK/startup/hardware.o
 .group         0x00000000        0xc ./SDK/startup/hardware.o
 .group         0x00000000        0xc ./SDK/startup/hardware.o
 .group         0x00000000        0xc ./SDK/startup/hardware.o
 .group         0x00000000        0xc ./SDK/startup/hardware.o
 .group         0x00000000        0xc ./SDK/startup/hardware.o
 .group         0x00000000        0xc ./SDK/startup/hardware.o
 .group         0x00000000        0xc ./SDK/startup/hardware.o
 .group         0x00000000        0xc ./SDK/startup/hardware.o
 .text          0x00000000        0x0 ./SDK/startup/hardware.o
 .data          0x00000000        0x0 ./SDK/startup/hardware.o
 .bss           0x00000000        0x0 ./SDK/startup/hardware.o
 .debug_macro   0x00000000      0xa5a ./SDK/startup/hardware.o
 .debug_macro   0x00000000      0x34e ./SDK/startup/hardware.o
 .debug_macro   0x00000000       0x22 ./SDK/startup/hardware.o
 .debug_macro   0x00000000       0x10 ./SDK/startup/hardware.o
 .debug_macro   0x00000000       0x5c ./SDK/startup/hardware.o
 .debug_macro   0x00000000       0x1c ./SDK/startup/hardware.o
 .debug_macro   0x00000000       0x22 ./SDK/startup/hardware.o
 .debug_macro   0x00000000       0xdf ./SDK/startup/hardware.o
 .debug_macro   0x00000000      0xecf ./SDK/startup/hardware.o
 .debug_macro   0x00000000       0x48 ./SDK/startup/hardware.o
 .debug_macro   0x00000000     0xe07b ./SDK/startup/hardware.o
 .debug_macro   0x00000000     0x122b ./SDK/startup/hardware.o
 .debug_macro   0x00000000       0x16 ./SDK/startup/hardware.o
 .group         0x00000000        0xc ./SDK/startup/main.o
 .group         0x00000000        0xc ./SDK/startup/main.o
 .group         0x00000000        0xc ./SDK/startup/main.o
 .group         0x00000000        0xc ./SDK/startup/main.o
 .group         0x00000000        0xc ./SDK/startup/main.o
 .group         0x00000000        0xc ./SDK/startup/main.o
 .group         0x00000000        0xc ./SDK/startup/main.o
 .group         0x00000000        0xc ./SDK/startup/main.o
 .group         0x00000000        0xc ./SDK/startup/main.o
 .group         0x00000000        0xc ./SDK/startup/main.o
 .group         0x00000000        0xc ./SDK/startup/main.o
 .group         0x00000000        0xc ./SDK/startup/main.o
 .group         0x00000000        0xc ./SDK/startup/main.o
 .text          0x00000000        0x0 ./SDK/startup/main.o
 .data          0x00000000        0x0 ./SDK/startup/main.o
 .bss           0x00000000        0x0 ./SDK/startup/main.o
 .debug_macro   0x00000000      0xa5a ./SDK/startup/main.o
 .debug_macro   0x00000000      0x34e ./SDK/startup/main.o
 .debug_macro   0x00000000       0x22 ./SDK/startup/main.o
 .debug_macro   0x00000000       0x10 ./SDK/startup/main.o
 .debug_macro   0x00000000       0x5c ./SDK/startup/main.o
 .debug_macro   0x00000000       0x1c ./SDK/startup/main.o
 .debug_macro   0x00000000       0x22 ./SDK/startup/main.o
 .debug_macro   0x00000000       0xdf ./SDK/startup/main.o
 .debug_macro   0x00000000      0xecf ./SDK/startup/main.o
 .debug_macro   0x00000000       0x48 ./SDK/startup/main.o
 .debug_macro   0x00000000     0xe07b ./SDK/startup/main.o
 .debug_macro   0x00000000     0x122b ./SDK/startup/main.o
 .debug_macro   0x00000000       0x16 ./SDK/startup/main.o
 .group         0x00000000        0xc ./SDK/startup/semihost_hardfault.o
 .text          0x00000000        0x0 ./SDK/startup/semihost_hardfault.o
 .data          0x00000000        0x0 ./SDK/startup/semihost_hardfault.o
 .bss           0x00000000        0x0 ./SDK/startup/semihost_hardfault.o
 .debug_macro   0x00000000      0xa5a ./SDK/startup/semihost_hardfault.o
 .group         0x00000000        0xc ./SDK/startup/startup_mk64f12.o
 .text          0x00000000        0x0 ./SDK/startup/startup_mk64f12.o
 .data          0x00000000        0x0 ./SDK/startup/startup_mk64f12.o
 .bss           0x00000000        0x0 ./SDK/startup/startup_mk64f12.o
 .debug_macro   0x00000000      0xa5a ./SDK/startup/startup_mk64f12.o
 .group         0x00000000        0xc ./SDK/CMSIS/system_MK64F12.o
 .group         0x00000000        0xc ./SDK/CMSIS/system_MK64F12.o
 .group         0x00000000        0xc ./SDK/CMSIS/system_MK64F12.o
 .group         0x00000000        0xc ./SDK/CMSIS/system_MK64F12.o
 .group         0x00000000        0xc ./SDK/CMSIS/system_MK64F12.o
 .group         0x00000000        0xc ./SDK/CMSIS/system_MK64F12.o
 .group         0x00000000        0xc ./SDK/CMSIS/system_MK64F12.o
 .group         0x00000000        0xc ./SDK/CMSIS/system_MK64F12.o
 .group         0x00000000        0xc ./SDK/CMSIS/system_MK64F12.o
 .group         0x00000000        0xc ./SDK/CMSIS/system_MK64F12.o
 .group         0x00000000        0xc ./SDK/CMSIS/system_MK64F12.o
 .text          0x00000000        0x0 ./SDK/CMSIS/system_MK64F12.o
 .data          0x00000000        0x0 ./SDK/CMSIS/system_MK64F12.o
 .bss           0x00000000        0x0 ./SDK/CMSIS/system_MK64F12.o
 .data.SystemCoreClock
                0x00000000        0x4 ./SDK/CMSIS/system_MK64F12.o
 .text.SystemCoreClockUpdate
                0x00000000      0x278 ./SDK/CMSIS/system_MK64F12.o
 .debug_macro   0x00000000      0xa5a ./SDK/CMSIS/system_MK64F12.o
 .debug_macro   0x00000000      0x34e ./SDK/CMSIS/system_MK64F12.o
 .debug_macro   0x00000000       0x10 ./SDK/CMSIS/system_MK64F12.o
 .debug_macro   0x00000000       0x5c ./SDK/CMSIS/system_MK64F12.o
 .debug_macro   0x00000000       0x1c ./SDK/CMSIS/system_MK64F12.o
 .debug_macro   0x00000000       0x22 ./SDK/CMSIS/system_MK64F12.o
 .debug_macro   0x00000000       0xdf ./SDK/CMSIS/system_MK64F12.o
 .debug_macro   0x00000000      0xecf ./SDK/CMSIS/system_MK64F12.o
 .debug_macro   0x00000000       0x48 ./SDK/CMSIS/system_MK64F12.o
 .debug_macro   0x00000000     0xe07b ./SDK/CMSIS/system_MK64F12.o
 .debug_macro   0x00000000     0x122b ./SDK/CMSIS/system_MK64F12.o
 .group         0x00000000        0xc C:/Users/Marcelo/Documents/GitHub/LABO_DE_MICROS/TP2/Marce/Blink/source/gpio.o
 .group         0x00000000        0xc C:/Users/Marcelo/Documents/GitHub/LABO_DE_MICROS/TP2/Marce/Blink/source/gpio.o
 .group         0x00000000        0xc C:/Users/Marcelo/Documents/GitHub/LABO_DE_MICROS/TP2/Marce/Blink/source/gpio.o
 .group         0x00000000        0xc C:/Users/Marcelo/Documents/GitHub/LABO_DE_MICROS/TP2/Marce/Blink/source/gpio.o
 .group         0x00000000        0xc C:/Users/Marcelo/Documents/GitHub/LABO_DE_MICROS/TP2/Marce/Blink/source/gpio.o
 .group         0x00000000        0xc C:/Users/Marcelo/Documents/GitHub/LABO_DE_MICROS/TP2/Marce/Blink/source/gpio.o
 .group         0x00000000        0xc C:/Users/Marcelo/Documents/GitHub/LABO_DE_MICROS/TP2/Marce/Blink/source/gpio.o
 .group         0x00000000        0xc C:/Users/Marcelo/Documents/GitHub/LABO_DE_MICROS/TP2/Marce/Blink/source/gpio.o
 .group         0x00000000        0xc C:/Users/Marcelo/Documents/GitHub/LABO_DE_MICROS/TP2/Marce/Blink/source/gpio.o
 .group         0x00000000        0xc C:/Users/Marcelo/Documents/GitHub/LABO_DE_MICROS/TP2/Marce/Blink/source/gpio.o
 .group         0x00000000        0xc C:/Users/Marcelo/Documents/GitHub/LABO_DE_MICROS/TP2/Marce/Blink/source/gpio.o
 .group         0x00000000        0xc C:/Users/Marcelo/Documents/GitHub/LABO_DE_MICROS/TP2/Marce/Blink/source/gpio.o
 .group         0x00000000        0xc C:/Users/Marcelo/Documents/GitHub/LABO_DE_MICROS/TP2/Marce/Blink/source/gpio.o
 .group         0x00000000        0xc C:/Users/Marcelo/Documents/GitHub/LABO_DE_MICROS/TP2/Marce/Blink/source/gpio.o
 .text          0x00000000        0x0 C:/Users/Marcelo/Documents/GitHub/LABO_DE_MICROS/TP2/Marce/Blink/source/gpio.o
 .data          0x00000000        0x0 C:/Users/Marcelo/Documents/GitHub/LABO_DE_MICROS/TP2/Marce/Blink/source/gpio.o
 .bss           0x00000000        0x0 C:/Users/Marcelo/Documents/GitHub/LABO_DE_MICROS/TP2/Marce/Blink/source/gpio.o
 .text.gpioWrite
                0x00000000       0x5c C:/Users/Marcelo/Documents/GitHub/LABO_DE_MICROS/TP2/Marce/Blink/source/gpio.o
 .text.gpioRead
                0x00000000       0x68 C:/Users/Marcelo/Documents/GitHub/LABO_DE_MICROS/TP2/Marce/Blink/source/gpio.o
 .debug_macro   0x00000000      0xa5a C:/Users/Marcelo/Documents/GitHub/LABO_DE_MICROS/TP2/Marce/Blink/source/gpio.o
 .debug_macro   0x00000000      0x34e C:/Users/Marcelo/Documents/GitHub/LABO_DE_MICROS/TP2/Marce/Blink/source/gpio.o
 .debug_macro   0x00000000       0x22 C:/Users/Marcelo/Documents/GitHub/LABO_DE_MICROS/TP2/Marce/Blink/source/gpio.o
 .debug_macro   0x00000000       0x3a C:/Users/Marcelo/Documents/GitHub/LABO_DE_MICROS/TP2/Marce/Blink/source/gpio.o
 .debug_macro   0x00000000       0x10 C:/Users/Marcelo/Documents/GitHub/LABO_DE_MICROS/TP2/Marce/Blink/source/gpio.o
 .debug_macro   0x00000000       0x5c C:/Users/Marcelo/Documents/GitHub/LABO_DE_MICROS/TP2/Marce/Blink/source/gpio.o
 .debug_macro   0x00000000       0x1c C:/Users/Marcelo/Documents/GitHub/LABO_DE_MICROS/TP2/Marce/Blink/source/gpio.o
 .debug_macro   0x00000000       0x22 C:/Users/Marcelo/Documents/GitHub/LABO_DE_MICROS/TP2/Marce/Blink/source/gpio.o
 .debug_macro   0x00000000       0xdf C:/Users/Marcelo/Documents/GitHub/LABO_DE_MICROS/TP2/Marce/Blink/source/gpio.o
 .debug_macro   0x00000000      0xecf C:/Users/Marcelo/Documents/GitHub/LABO_DE_MICROS/TP2/Marce/Blink/source/gpio.o
 .debug_macro   0x00000000       0x48 C:/Users/Marcelo/Documents/GitHub/LABO_DE_MICROS/TP2/Marce/Blink/source/gpio.o
 .debug_macro   0x00000000     0xe07b C:/Users/Marcelo/Documents/GitHub/LABO_DE_MICROS/TP2/Marce/Blink/source/gpio.o
 .debug_macro   0x00000000     0x122b C:/Users/Marcelo/Documents/GitHub/LABO_DE_MICROS/TP2/Marce/Blink/source/gpio.o
 .debug_macro   0x00000000       0x16 C:/Users/Marcelo/Documents/GitHub/LABO_DE_MICROS/TP2/Marce/Blink/source/gpio.o
 .text          0x00000000        0x0 c:/nxp/mcuxpressoide_10.2.0_759/ide/tools/bin/../lib/gcc/arm-none-eabi/7.2.1/../../../../arm-none-eabi/lib/thumb/v7e-m/fpv4-sp/hard\libcr_c.a(atan.o)
 .data          0x00000000        0x0 c:/nxp/mcuxpressoide_10.2.0_759/ide/tools/bin/../lib/gcc/arm-none-eabi/7.2.1/../../../../arm-none-eabi/lib/thumb/v7e-m/fpv4-sp/hard\libcr_c.a(atan.o)
 .bss           0x00000000        0x0 c:/nxp/mcuxpressoide_10.2.0_759/ide/tools/bin/../lib/gcc/arm-none-eabi/7.2.1/../../../../arm-none-eabi/lib/thumb/v7e-m/fpv4-sp/hard\libcr_c.a(atan.o)
 .text          0x00000000        0x0 c:/nxp/mcuxpressoide_10.2.0_759/ide/tools/bin/../lib/gcc/arm-none-eabi/7.2.1/../../../../arm-none-eabi/lib/thumb/v7e-m/fpv4-sp/hard\libcr_c.a(fabs.o)
 .data          0x00000000        0x0 c:/nxp/mcuxpressoide_10.2.0_759/ide/tools/bin/../lib/gcc/arm-none-eabi/7.2.1/../../../../arm-none-eabi/lib/thumb/v7e-m/fpv4-sp/hard\libcr_c.a(fabs.o)
 .bss           0x00000000        0x0 c:/nxp/mcuxpressoide_10.2.0_759/ide/tools/bin/../lib/gcc/arm-none-eabi/7.2.1/../../../../arm-none-eabi/lib/thumb/v7e-m/fpv4-sp/hard\libcr_c.a(fabs.o)
 .text          0x00000000        0x0 c:/nxp/mcuxpressoide_10.2.0_759/ide/tools/bin/../lib/gcc/arm-none-eabi/7.2.1/thumb/v7e-m/fpv4-sp/hard\libcr_eabihelpers.a(double.o)
 .data          0x00000000        0x0 c:/nxp/mcuxpressoide_10.2.0_759/ide/tools/bin/../lib/gcc/arm-none-eabi/7.2.1/thumb/v7e-m/fpv4-sp/hard\libcr_eabihelpers.a(double.o)
 .bss           0x00000000        0x0 c:/nxp/mcuxpressoide_10.2.0_759/ide/tools/bin/../lib/gcc/arm-none-eabi/7.2.1/thumb/v7e-m/fpv4-sp/hard\libcr_eabihelpers.a(double.o)
 .text.__aeabi_drsub
                0x00000000       0x18 c:/nxp/mcuxpressoide_10.2.0_759/ide/tools/bin/../lib/gcc/arm-none-eabi/7.2.1/thumb/v7e-m/fpv4-sp/hard\libcr_eabihelpers.a(double.o)
 .text.__aeabi_dneg
                0x00000000        0xe c:/nxp/mcuxpressoide_10.2.0_759/ide/tools/bin/../lib/gcc/arm-none-eabi/7.2.1/thumb/v7e-m/fpv4-sp/hard\libcr_eabihelpers.a(double.o)
 .text.__aeabi_d2f
                0x00000000       0x54 c:/nxp/mcuxpressoide_10.2.0_759/ide/tools/bin/../lib/gcc/arm-none-eabi/7.2.1/thumb/v7e-m/fpv4-sp/hard\libcr_eabihelpers.a(double.o)
 .text.__aeabi_d2iz
                0x00000000       0x40 c:/nxp/mcuxpressoide_10.2.0_759/ide/tools/bin/../lib/gcc/arm-none-eabi/7.2.1/thumb/v7e-m/fpv4-sp/hard\libcr_eabihelpers.a(double.o)
 .text.__aeabi_d2lz
                0x00000000       0x6c c:/nxp/mcuxpressoide_10.2.0_759/ide/tools/bin/../lib/gcc/arm-none-eabi/7.2.1/thumb/v7e-m/fpv4-sp/hard\libcr_eabihelpers.a(double.o)
 .text.__aeabi_d2ulz
                0x00000000       0x56 c:/nxp/mcuxpressoide_10.2.0_759/ide/tools/bin/../lib/gcc/arm-none-eabi/7.2.1/thumb/v7e-m/fpv4-sp/hard\libcr_eabihelpers.a(double.o)
 .text.__bhs_ul2d
                0x00000000       0x8a c:/nxp/mcuxpressoide_10.2.0_759/ide/tools/bin/../lib/gcc/arm-none-eabi/7.2.1/thumb/v7e-m/fpv4-sp/hard\libcr_eabihelpers.a(double.o)
 .text.__aeabi_ui2d
                0x00000000        0x8 c:/nxp/mcuxpressoide_10.2.0_759/ide/tools/bin/../lib/gcc/arm-none-eabi/7.2.1/thumb/v7e-m/fpv4-sp/hard\libcr_eabihelpers.a(double.o)
 .text.__aeabi_l2d
                0x00000000       0x1a c:/nxp/mcuxpressoide_10.2.0_759/ide/tools/bin/../lib/gcc/arm-none-eabi/7.2.1/thumb/v7e-m/fpv4-sp/hard\libcr_eabihelpers.a(double.o)
 .text.__aeabi_ul2d
                0x00000000        0x8 c:/nxp/mcuxpressoide_10.2.0_759/ide/tools/bin/../lib/gcc/arm-none-eabi/7.2.1/thumb/v7e-m/fpv4-sp/hard\libcr_eabihelpers.a(double.o)
 .text.__aeabi_dcmpeq
                0x00000000       0x30 c:/nxp/mcuxpressoide_10.2.0_759/ide/tools/bin/../lib/gcc/arm-none-eabi/7.2.1/thumb/v7e-m/fpv4-sp/hard\libcr_eabihelpers.a(double.o)
 .text.__aeabi_dcmple
                0x00000000       0x5a c:/nxp/mcuxpressoide_10.2.0_759/ide/tools/bin/../lib/gcc/arm-none-eabi/7.2.1/thumb/v7e-m/fpv4-sp/hard\libcr_eabihelpers.a(double.o)
 .text.__aeabi_dcmpge
                0x00000000       0x58 c:/nxp/mcuxpressoide_10.2.0_759/ide/tools/bin/../lib/gcc/arm-none-eabi/7.2.1/thumb/v7e-m/fpv4-sp/hard\libcr_eabihelpers.a(double.o)
 .text.__aeabi_dcmpun
                0x00000000       0x1a c:/nxp/mcuxpressoide_10.2.0_759/ide/tools/bin/../lib/gcc/arm-none-eabi/7.2.1/thumb/v7e-m/fpv4-sp/hard\libcr_eabihelpers.a(double.o)
 .text.__aeabi_cdcmple
                0x00000000       0x2c c:/nxp/mcuxpressoide_10.2.0_759/ide/tools/bin/../lib/gcc/arm-none-eabi/7.2.1/thumb/v7e-m/fpv4-sp/hard\libcr_eabihelpers.a(double.o)
 .text.__aeabi_cdrcmple
                0x00000000       0x14 c:/nxp/mcuxpressoide_10.2.0_759/ide/tools/bin/../lib/gcc/arm-none-eabi/7.2.1/thumb/v7e-m/fpv4-sp/hard\libcr_eabihelpers.a(double.o)

Memory Configuration

Name             Origin             Length             Attributes
PROGRAM_FLASH    0x00000000         0x00100000         xr
SRAM_UPPER       0x20000000         0x00030000         xrw
SRAM_LOWER       0x1fff0000         0x00010000         xrw
FLEX_RAM         0x14000000         0x00001000         xrw
*default*        0x00000000         0xffffffff

Linker script and memory map

LOAD ./source/App.o
LOAD ./source/Posicionamiento.o
LOAD ./source/Sensores.o
LOAD ./SDK/startup/hardware.o
LOAD ./SDK/startup/main.o
LOAD ./SDK/startup/semihost_hardfault.o
LOAD ./SDK/startup/startup_mk64f12.o
LOAD ./SDK/CMSIS/system_MK64F12.o
LOAD C:/Users/Marcelo/Documents/GitHub/LABO_DE_MICROS/TP2/Marce/Blink/source/gpio.o
START GROUP
LOAD c:/nxp/mcuxpressoide_10.2.0_759/ide/tools/bin/../lib/gcc/arm-none-eabi/7.2.1/../../../../arm-none-eabi/lib/thumb/v7e-m/fpv4-sp/hard\libcr_c.a
LOAD c:/nxp/mcuxpressoide_10.2.0_759/ide/tools/bin/../lib/gcc/arm-none-eabi/7.2.1/thumb/v7e-m/fpv4-sp/hard\libcr_eabihelpers.a
END GROUP
                0x00000000                __base_PROGRAM_FLASH = 0x0
                0x00000000                __base_Flash = 0x0
                0x00100000                __top_PROGRAM_FLASH = 0x100000
                0x00100000                __top_Flash = 0x100000
                0x20000000                __base_SRAM_UPPER = 0x20000000
                0x20000000                __base_RAM = 0x20000000
                0x20030000                __top_SRAM_UPPER = 0x20030000
                0x20030000                __top_RAM = 0x20030000
                0x1fff0000                __base_SRAM_LOWER = 0x1fff0000
                0x1fff0000                __base_RAM2 = 0x1fff0000
                0x20000000                __top_SRAM_LOWER = 0x20000000
                0x20000000                __top_RAM2 = 0x20000000
                0x14000000                __base_FLEX_RAM = 0x14000000
                0x14000000                __base_RAM3 = 0x14000000
                0x14001000                __top_FLEX_RAM = 0x14001000
                0x14001000                __top_RAM3 = 0x14001000

.text           0x00000000     0x1660
 FILL mask 0xff
                0x00000000                __vectors_start__ = ABSOLUTE (.)
 *(SORT_BY_ALIGNMENT(.isr_vector))
 .isr_vector    0x00000000      0x198 ./SDK/startup/startup_mk64f12.o
                0x00000000                g_pfnVectors
                0x00000000                __Vectors
                0x00000198                . = ALIGN (0x4)
                0x00000198                __section_table_start = .
                0x00000198                __data_section_table = .
                0x00000198        0x4 LONG 0x1660 LOADADDR (.data)
                0x0000019c        0x4 LONG 0x20000000 ADDR (.data)
                0x000001a0        0x4 LONG 0x0 SIZEOF (.data)
                0x000001a4        0x4 LONG 0x1660 LOADADDR (.data_RAM2)
                0x000001a8        0x4 LONG 0x1fff0000 ADDR (.data_RAM2)
                0x000001ac        0x4 LONG 0x0 SIZEOF (.data_RAM2)
                0x000001b0        0x4 LONG 0x1660 LOADADDR (.data_RAM3)
                0x000001b4        0x4 LONG 0x14000000 ADDR (.data_RAM3)
                0x000001b8        0x4 LONG 0x0 SIZEOF (.data_RAM3)
                0x000001bc                __data_section_table_end = .
                0x000001bc                __bss_section_table = .
                0x000001bc        0x4 LONG 0x20000000 ADDR (.bss)
                0x000001c0        0x4 LONG 0x10 SIZEOF (.bss)
                0x000001c4        0x4 LONG 0x1fff0000 ADDR (.bss_RAM2)
                0x000001c8        0x4 LONG 0x0 SIZEOF (.bss_RAM2)
                0x000001cc        0x4 LONG 0x14000000 ADDR (.bss_RAM3)
                0x000001d0        0x4 LONG 0x0 SIZEOF (.bss_RAM3)
                0x000001d4                __bss_section_table_end = .
                0x000001d4                __section_table_end = .
 *(SORT_BY_ALIGNMENT(.after_vectors*))
 .after_vectors.reset
                0x000001d4       0x4c ./SDK/startup/startup_mk64f12.o
                0x000001d4                ResetISR
 .after_vectors.init_data
                0x00000220       0x1e ./SDK/startup/startup_mk64f12.o
                0x00000220                data_init
 .after_vectors.init_bss
                0x0000023e       0x12 ./SDK/startup/startup_mk64f12.o
                0x0000023e                bss_init
 .after_vectors
                0x00000250       0x14 ./SDK/startup/startup_mk64f12.o
                0x00000250                NMI_Handler
                0x00000254                MemManage_Handler
                0x00000256                BusFault_Handler
                0x00000258                UsageFault_Handler
                0x0000025a                SVC_Handler
                0x0000025c                DebugMon_Handler
                0x0000025e                PendSV_Handler
                0x00000260                SysTick_Handler
                0x00000262                DMA_Error_DriverIRQHandler
                0x00000262                LPTMR0_DriverIRQHandler
                0x00000262                FTM1_DriverIRQHandler
                0x00000262                FTM2_DriverIRQHandler
                0x00000262                PIT2_DriverIRQHandler
                0x00000262                SDHC_DriverIRQHandler
                0x00000262                I2S0_Tx_DriverIRQHandler
                0x00000262                RTC_Seconds_DriverIRQHandler
                0x00000262                DMA6_DriverIRQHandler
                0x00000262                LLWU_DriverIRQHandler
                0x00000262                MCM_DriverIRQHandler
                0x00000262                MCG_DriverIRQHandler
                0x00000262                ENET_1588_Timer_DriverIRQHandler
                0x00000262                I2C2_DriverIRQHandler
                0x00000262                DAC1_DriverIRQHandler
                0x00000262                SPI1_DriverIRQHandler
                0x00000262                CMP1_DriverIRQHandler
                0x00000262                UART5_RX_TX_DriverIRQHandler
                0x00000262                FTM0_DriverIRQHandler
                0x00000262                IntDefaultHandler
                0x00000262                USB0_DriverIRQHandler
                0x00000262                UART5_ERR_DriverIRQHandler
                0x00000262                PORTC_DriverIRQHandler
                0x00000262                DMA11_DriverIRQHandler
                0x00000262                DAC0_DriverIRQHandler
                0x00000262                DMA10_DriverIRQHandler
                0x00000262                CMP2_DriverIRQHandler
                0x00000262                UART2_ERR_DriverIRQHandler
                0x00000262                SPI2_DriverIRQHandler
                0x00000262                LVD_LVW_DriverIRQHandler
                0x00000262                PIT0_DriverIRQHandler
                0x00000262                RNG_DriverIRQHandler
                0x00000262                DMA12_DriverIRQHandler
                0x00000262                DMA4_DriverIRQHandler
                0x00000262                UART2_RX_TX_DriverIRQHandler
                0x00000262                USBDCD_DriverIRQHandler
                0x00000262                UART3_ERR_DriverIRQHandler
                0x00000262                DMA3_DriverIRQHandler
                0x00000262                DMA8_DriverIRQHandler
                0x00000262                DMA9_DriverIRQHandler
                0x00000262                UART0_ERR_DriverIRQHandler
                0x00000262                CMT_DriverIRQHandler
                0x00000262                Reserved71_DriverIRQHandler
                0x00000262                ADC1_DriverIRQHandler
                0x00000262                PORTA_DriverIRQHandler
                0x00000262                DMA14_DriverIRQHandler
                0x00000262                PIT3_DriverIRQHandler
                0x00000262                PIT1_DriverIRQHandler
                0x00000262                WDOG_EWM_DriverIRQHandler
                0x00000262                PDB0_DriverIRQHandler
                0x00000262                RTC_DriverIRQHandler
                0x00000262                I2S0_Rx_DriverIRQHandler
                0x00000262                Read_Collision_DriverIRQHandler
                0x00000262                SWI_DriverIRQHandler
                0x00000262                UART4_RX_TX_DriverIRQHandler
                0x00000262                UART4_ERR_DriverIRQHandler
                0x00000262                PORTB_DriverIRQHandler
                0x00000262                UART0_LON_DriverIRQHandler
                0x00000262                DMA0_DriverIRQHandler
                0x00000262                DMA1_DriverIRQHandler
                0x00000262                I2C1_DriverIRQHandler
                0x00000262                UART3_RX_TX_DriverIRQHandler
                0x00000262                ENET_Receive_DriverIRQHandler
                0x00000262                DMA13_DriverIRQHandler
                0x00000262                ENET_Error_DriverIRQHandler
                0x00000262                DMA15_DriverIRQHandler
                0x00000262                UART0_RX_TX_DriverIRQHandler
                0x00000262                SPI0_DriverIRQHandler
                0x00000262                ADC0_DriverIRQHandler
                0x00000262                CMP0_DriverIRQHandler
                0x00000262                CAN0_DriverIRQHandler
                0x00000262                FTM3_DriverIRQHandler
                0x00000262                DMA5_DriverIRQHandler
                0x00000262                UART1_ERR_DriverIRQHandler
                0x00000262                DMA2_DriverIRQHandler
                0x00000262                ENET_Transmit_DriverIRQHandler
                0x00000262                PORTD_DriverIRQHandler
                0x00000262                PORTE_DriverIRQHandler
                0x00000262                FTFE_DriverIRQHandler
                0x00000262                I2C0_DriverIRQHandler
                0x00000262                DMA7_DriverIRQHandler
                0x00000262                UART1_RX_TX_DriverIRQHandler
                0x00000400                . = 0x400
 *fill*         0x00000264      0x19c ff
                0x00000400                PROVIDE (__FLASH_CONFIG_START__, .)
 *(SORT_BY_ALIGNMENT(.FlashConfig))
 .FlashConfig   0x00000400       0x10 ./SDK/startup/startup_mk64f12.o
                0x00000400                Flash_Config
                0x00000410                PROVIDE (__FLASH_CONFIG_END__, .)
                0x00000001                ASSERT (! ((__FLASH_CONFIG_START__ == __FLASH_CONFIG_END__)), Linker Flash Config Support Enabled, but no .FlashConfig section provided within application)
 *(SORT_BY_ALIGNMENT(.text*))
 .text.Position_CalculateRoll
                0x00000410      0x184 ./source/Posicionamiento.o
                0x00000410                Position_CalculateRoll
 *fill*         0x00000594        0x4 ff
 .text.Position_CalculatePitching
                0x00000598      0x184 ./source/Posicionamiento.o
                0x00000598                Position_CalculatePitching
 *fill*         0x0000071c        0x4 ff
 .text.atan     0x00000720      0x224 c:/nxp/mcuxpressoide_10.2.0_759/ide/tools/bin/../lib/gcc/arm-none-eabi/7.2.1/../../../../arm-none-eabi/lib/thumb/v7e-m/fpv4-sp/hard\libcr_c.a(atan.o)
                0x00000720                atan
 .text.App_Run  0x00000944       0x38 ./source/App.o
                0x00000944                App_Run
 .text.Position_GetRoll
                0x0000097c       0x18 ./source/Posicionamiento.o
                0x0000097c                Position_GetRoll
 .text.Position_GetPitch
                0x00000994       0x18 ./source/Posicionamiento.o
                0x00000994                Position_GetPitch
 .text.hw_Init  0x000009ac      0x10c ./SDK/startup/hardware.o
                0x000009ac                hw_Init
 .text.hw_EnableInterrupts
                0x00000ab8       0x30 ./SDK/startup/hardware.o
                0x00000ab8                hw_EnableInterrupts
 .text.hw_DisableInterrupts
                0x00000ae8       0x20 ./SDK/startup/hardware.o
                0x00000ae8                hw_DisableInterrupts
 .text.SystemInit
                0x00000b08       0x3c ./SDK/CMSIS/system_MK64F12.o
                0x00000b08                SystemInit
 .text.gpioMode
                0x00000b44       0x98 C:/Users/Marcelo/Documents/GitHub/LABO_DE_MICROS/TP2/Marce/Blink/source/gpio.o
                0x00000b44                gpioMode
 .text.gpioToggle
                0x00000bdc       0x48 C:/Users/Marcelo/Documents/GitHub/LABO_DE_MICROS/TP2/Marce/Blink/source/gpio.o
                0x00000bdc                gpioToggle
 .text.__aeabi_dmul
                0x00000c24      0x11c c:/nxp/mcuxpressoide_10.2.0_759/ide/tools/bin/../lib/gcc/arm-none-eabi/7.2.1/thumb/v7e-m/fpv4-sp/hard\libcr_eabihelpers.a(double.o)
                0x00000c24                __aeabi_dmul
 .text.__aeabi_ddiv
                0x00000d40      0x138 c:/nxp/mcuxpressoide_10.2.0_759/ide/tools/bin/../lib/gcc/arm-none-eabi/7.2.1/thumb/v7e-m/fpv4-sp/hard\libcr_eabihelpers.a(double.o)
                0x00000d40                __aeabi_ddiv
 .text.__aeabi_dsub
                0x00000e78      0x1b4 c:/nxp/mcuxpressoide_10.2.0_759/ide/tools/bin/../lib/gcc/arm-none-eabi/7.2.1/thumb/v7e-m/fpv4-sp/hard\libcr_eabihelpers.a(double.o)
                0x00000e78                __aeabi_dsub
 .text.__aeabi_dadd
                0x0000102c      0x10c c:/nxp/mcuxpressoide_10.2.0_759/ide/tools/bin/../lib/gcc/arm-none-eabi/7.2.1/thumb/v7e-m/fpv4-sp/hard\libcr_eabihelpers.a(double.o)
                0x0000102c                __aeabi_dadd
 .text.App_Init
                0x00001138       0x10 ./source/App.o
                0x00001138                App_Init
 .text.delayLoop
                0x00001148       0x20 ./source/App.o
 .text.main     0x00001168       0x1a ./SDK/startup/main.o
                0x00001168                main
 .text.HardFault_Handler
                0x00001182       0x2c ./SDK/startup/semihost_hardfault.o
                0x00001182                HardFault_Handler
 .text.DMA0_IRQHandler
                0x000011ae        0x8 ./SDK/startup/startup_mk64f12.o
                0x000011ae                DMA0_IRQHandler
 .text.DMA1_IRQHandler
                0x000011b6        0x8 ./SDK/startup/startup_mk64f12.o
                0x000011b6                DMA1_IRQHandler
 .text.DMA2_IRQHandler
                0x000011be        0x8 ./SDK/startup/startup_mk64f12.o
                0x000011be                DMA2_IRQHandler
 .text.DMA3_IRQHandler
                0x000011c6        0x8 ./SDK/startup/startup_mk64f12.o
                0x000011c6                DMA3_IRQHandler
 .text.DMA4_IRQHandler
                0x000011ce        0x8 ./SDK/startup/startup_mk64f12.o
                0x000011ce                DMA4_IRQHandler
 .text.DMA5_IRQHandler
                0x000011d6        0x8 ./SDK/startup/startup_mk64f12.o
                0x000011d6                DMA5_IRQHandler
 .text.DMA6_IRQHandler
                0x000011de        0x8 ./SDK/startup/startup_mk64f12.o
                0x000011de                DMA6_IRQHandler
 .text.DMA7_IRQHandler
                0x000011e6        0x8 ./SDK/startup/startup_mk64f12.o
                0x000011e6                DMA7_IRQHandler
 .text.DMA8_IRQHandler
                0x000011ee        0x8 ./SDK/startup/startup_mk64f12.o
                0x000011ee                DMA8_IRQHandler
 .text.DMA9_IRQHandler
                0x000011f6        0x8 ./SDK/startup/startup_mk64f12.o
                0x000011f6                DMA9_IRQHandler
 .text.DMA10_IRQHandler
                0x000011fe        0x8 ./SDK/startup/startup_mk64f12.o
                0x000011fe                DMA10_IRQHandler
 .text.DMA11_IRQHandler
                0x00001206        0x8 ./SDK/startup/startup_mk64f12.o
                0x00001206                DMA11_IRQHandler
 .text.DMA12_IRQHandler
                0x0000120e        0x8 ./SDK/startup/startup_mk64f12.o
                0x0000120e                DMA12_IRQHandler
 .text.DMA13_IRQHandler
                0x00001216        0x8 ./SDK/startup/startup_mk64f12.o
                0x00001216                DMA13_IRQHandler
 .text.DMA14_IRQHandler
                0x0000121e        0x8 ./SDK/startup/startup_mk64f12.o
                0x0000121e                DMA14_IRQHandler
 .text.DMA15_IRQHandler
                0x00001226        0x8 ./SDK/startup/startup_mk64f12.o
                0x00001226                DMA15_IRQHandler
 .text.DMA_Error_IRQHandler
                0x0000122e        0x8 ./SDK/startup/startup_mk64f12.o
                0x0000122e                DMA_Error_IRQHandler
 .text.MCM_IRQHandler
                0x00001236        0x8 ./SDK/startup/startup_mk64f12.o
                0x00001236                MCM_IRQHandler
 .text.FTFE_IRQHandler
                0x0000123e        0x8 ./SDK/startup/startup_mk64f12.o
                0x0000123e                FTFE_IRQHandler
 .text.Read_Collision_IRQHandler
                0x00001246        0x8 ./SDK/startup/startup_mk64f12.o
                0x00001246                Read_Collision_IRQHandler
 .text.LVD_LVW_IRQHandler
                0x0000124e        0x8 ./SDK/startup/startup_mk64f12.o
                0x0000124e                LVD_LVW_IRQHandler
 .text.LLWU_IRQHandler
                0x00001256        0x8 ./SDK/startup/startup_mk64f12.o
                0x00001256                LLWU_IRQHandler
 .text.WDOG_EWM_IRQHandler
                0x0000125e        0x8 ./SDK/startup/startup_mk64f12.o
                0x0000125e                WDOG_EWM_IRQHandler
 .text.RNG_IRQHandler
                0x00001266        0x8 ./SDK/startup/startup_mk64f12.o
                0x00001266                RNG_IRQHandler
 .text.I2C0_IRQHandler
                0x0000126e        0x8 ./SDK/startup/startup_mk64f12.o
                0x0000126e                I2C0_IRQHandler
 .text.I2C1_IRQHandler
                0x00001276        0x8 ./SDK/startup/startup_mk64f12.o
                0x00001276                I2C1_IRQHandler
 .text.SPI0_IRQHandler
                0x0000127e        0x8 ./SDK/startup/startup_mk64f12.o
                0x0000127e                SPI0_IRQHandler
 .text.SPI1_IRQHandler
                0x00001286        0x8 ./SDK/startup/startup_mk64f12.o
                0x00001286                SPI1_IRQHandler
 .text.I2S0_Tx_IRQHandler
                0x0000128e        0x8 ./SDK/startup/startup_mk64f12.o
                0x0000128e                I2S0_Tx_IRQHandler
 .text.I2S0_Rx_IRQHandler
                0x00001296        0x8 ./SDK/startup/startup_mk64f12.o
                0x00001296                I2S0_Rx_IRQHandler
 .text.UART0_LON_IRQHandler
                0x0000129e        0x8 ./SDK/startup/startup_mk64f12.o
                0x0000129e                UART0_LON_IRQHandler
 .text.UART0_RX_TX_IRQHandler
                0x000012a6        0x8 ./SDK/startup/startup_mk64f12.o
                0x000012a6                UART0_RX_TX_IRQHandler
 .text.UART0_ERR_IRQHandler
                0x000012ae        0x8 ./SDK/startup/startup_mk64f12.o
                0x000012ae                UART0_ERR_IRQHandler
 .text.UART1_RX_TX_IRQHandler
                0x000012b6        0x8 ./SDK/startup/startup_mk64f12.o
                0x000012b6                UART1_RX_TX_IRQHandler
 .text.UART1_ERR_IRQHandler
                0x000012be        0x8 ./SDK/startup/startup_mk64f12.o
                0x000012be                UART1_ERR_IRQHandler
 .text.UART2_RX_TX_IRQHandler
                0x000012c6        0x8 ./SDK/startup/startup_mk64f12.o
                0x000012c6                UART2_RX_TX_IRQHandler
 .text.UART2_ERR_IRQHandler
                0x000012ce        0x8 ./SDK/startup/startup_mk64f12.o
                0x000012ce                UART2_ERR_IRQHandler
 .text.UART3_RX_TX_IRQHandler
                0x000012d6        0x8 ./SDK/startup/startup_mk64f12.o
                0x000012d6                UART3_RX_TX_IRQHandler
 .text.UART3_ERR_IRQHandler
                0x000012de        0x8 ./SDK/startup/startup_mk64f12.o
                0x000012de                UART3_ERR_IRQHandler
 .text.ADC0_IRQHandler
                0x000012e6        0x8 ./SDK/startup/startup_mk64f12.o
                0x000012e6                ADC0_IRQHandler
 .text.CMP0_IRQHandler
                0x000012ee        0x8 ./SDK/startup/startup_mk64f12.o
                0x000012ee                CMP0_IRQHandler
 .text.CMP1_IRQHandler
                0x000012f6        0x8 ./SDK/startup/startup_mk64f12.o
                0x000012f6                CMP1_IRQHandler
 .text.FTM0_IRQHandler
                0x000012fe        0x8 ./SDK/startup/startup_mk64f12.o
                0x000012fe                FTM0_IRQHandler
 .text.FTM1_IRQHandler
                0x00001306        0x8 ./SDK/startup/startup_mk64f12.o
                0x00001306                FTM1_IRQHandler
 .text.FTM2_IRQHandler
                0x0000130e        0x8 ./SDK/startup/startup_mk64f12.o
                0x0000130e                FTM2_IRQHandler
 .text.CMT_IRQHandler
                0x00001316        0x8 ./SDK/startup/startup_mk64f12.o
                0x00001316                CMT_IRQHandler
 .text.RTC_IRQHandler
                0x0000131e        0x8 ./SDK/startup/startup_mk64f12.o
                0x0000131e                RTC_IRQHandler
 .text.RTC_Seconds_IRQHandler
                0x00001326        0x8 ./SDK/startup/startup_mk64f12.o
                0x00001326                RTC_Seconds_IRQHandler
 .text.PIT0_IRQHandler
                0x0000132e        0x8 ./SDK/startup/startup_mk64f12.o
                0x0000132e                PIT0_IRQHandler
 .text.PIT1_IRQHandler
                0x00001336        0x8 ./SDK/startup/startup_mk64f12.o
                0x00001336                PIT1_IRQHandler
 .text.PIT2_IRQHandler
                0x0000133e        0x8 ./SDK/startup/startup_mk64f12.o
                0x0000133e                PIT2_IRQHandler
 .text.PIT3_IRQHandler
                0x00001346        0x8 ./SDK/startup/startup_mk64f12.o
                0x00001346                PIT3_IRQHandler
 .text.PDB0_IRQHandler
                0x0000134e        0x8 ./SDK/startup/startup_mk64f12.o
                0x0000134e                PDB0_IRQHandler
 .text.USB0_IRQHandler
                0x00001356        0x8 ./SDK/startup/startup_mk64f12.o
                0x00001356                USB0_IRQHandler
 .text.USBDCD_IRQHandler
                0x0000135e        0x8 ./SDK/startup/startup_mk64f12.o
                0x0000135e                USBDCD_IRQHandler
 .text.Reserved71_IRQHandler
                0x00001366        0x8 ./SDK/startup/startup_mk64f12.o
                0x00001366                Reserved71_IRQHandler
 .text.DAC0_IRQHandler
                0x0000136e        0x8 ./SDK/startup/startup_mk64f12.o
                0x0000136e                DAC0_IRQHandler
 .text.MCG_IRQHandler
                0x00001376        0x8 ./SDK/startup/startup_mk64f12.o
                0x00001376                MCG_IRQHandler
 .text.LPTMR0_IRQHandler
                0x0000137e        0x8 ./SDK/startup/startup_mk64f12.o
                0x0000137e                LPTMR0_IRQHandler
 .text.PORTA_IRQHandler
                0x00001386        0x8 ./SDK/startup/startup_mk64f12.o
                0x00001386                PORTA_IRQHandler
 .text.PORTB_IRQHandler
                0x0000138e        0x8 ./SDK/startup/startup_mk64f12.o
                0x0000138e                PORTB_IRQHandler
 .text.PORTC_IRQHandler
                0x00001396        0x8 ./SDK/startup/startup_mk64f12.o
                0x00001396                PORTC_IRQHandler
 .text.PORTD_IRQHandler
                0x0000139e        0x8 ./SDK/startup/startup_mk64f12.o
                0x0000139e                PORTD_IRQHandler
 .text.PORTE_IRQHandler
                0x000013a6        0x8 ./SDK/startup/startup_mk64f12.o
                0x000013a6                PORTE_IRQHandler
 .text.SWI_IRQHandler
                0x000013ae        0x8 ./SDK/startup/startup_mk64f12.o
                0x000013ae                SWI_IRQHandler
 .text.SPI2_IRQHandler
                0x000013b6        0x8 ./SDK/startup/startup_mk64f12.o
                0x000013b6                SPI2_IRQHandler
 .text.UART4_RX_TX_IRQHandler
                0x000013be        0x8 ./SDK/startup/startup_mk64f12.o
                0x000013be                UART4_RX_TX_IRQHandler
 .text.UART4_ERR_IRQHandler
                0x000013c6        0x8 ./SDK/startup/startup_mk64f12.o
                0x000013c6                UART4_ERR_IRQHandler
 .text.UART5_RX_TX_IRQHandler
                0x000013ce        0x8 ./SDK/startup/startup_mk64f12.o
                0x000013ce                UART5_RX_TX_IRQHandler
 .text.UART5_ERR_IRQHandler
                0x000013d6        0x8 ./SDK/startup/startup_mk64f12.o
                0x000013d6                UART5_ERR_IRQHandler
 .text.CMP2_IRQHandler
                0x000013de        0x8 ./SDK/startup/startup_mk64f12.o
                0x000013de                CMP2_IRQHandler
 .text.FTM3_IRQHandler
                0x000013e6        0x8 ./SDK/startup/startup_mk64f12.o
                0x000013e6                FTM3_IRQHandler
 .text.DAC1_IRQHandler
                0x000013ee        0x8 ./SDK/startup/startup_mk64f12.o
                0x000013ee                DAC1_IRQHandler
 .text.ADC1_IRQHandler
                0x000013f6        0x8 ./SDK/startup/startup_mk64f12.o
                0x000013f6                ADC1_IRQHandler
 .text.I2C2_IRQHandler
                0x000013fe        0x8 ./SDK/startup/startup_mk64f12.o
                0x000013fe                I2C2_IRQHandler
 .text.CAN0_ORed_Message_buffer_IRQHandler
                0x00001406        0x8 ./SDK/startup/startup_mk64f12.o
                0x00001406                CAN0_ORed_Message_buffer_IRQHandler
 .text.CAN0_Bus_Off_IRQHandler
                0x0000140e        0x8 ./SDK/startup/startup_mk64f12.o
                0x0000140e                CAN0_Bus_Off_IRQHandler
 .text.CAN0_Error_IRQHandler
                0x00001416        0x8 ./SDK/startup/startup_mk64f12.o
                0x00001416                CAN0_Error_IRQHandler
 .text.CAN0_Tx_Warning_IRQHandler
                0x0000141e        0x8 ./SDK/startup/startup_mk64f12.o
                0x0000141e                CAN0_Tx_Warning_IRQHandler
 .text.CAN0_Rx_Warning_IRQHandler
                0x00001426        0x8 ./SDK/startup/startup_mk64f12.o
                0x00001426                CAN0_Rx_Warning_IRQHandler
 .text.CAN0_Wake_Up_IRQHandler
                0x0000142e        0x8 ./SDK/startup/startup_mk64f12.o
                0x0000142e                CAN0_Wake_Up_IRQHandler
 .text.SDHC_IRQHandler
                0x00001436        0x8 ./SDK/startup/startup_mk64f12.o
                0x00001436                SDHC_IRQHandler
 .text.ENET_1588_Timer_IRQHandler
                0x0000143e        0x8 ./SDK/startup/startup_mk64f12.o
                0x0000143e                ENET_1588_Timer_IRQHandler
 .text.ENET_Transmit_IRQHandler
                0x00001446        0x8 ./SDK/startup/startup_mk64f12.o
                0x00001446                ENET_Transmit_IRQHandler
 .text.ENET_Receive_IRQHandler
                0x0000144e        0x8 ./SDK/startup/startup_mk64f12.o
                0x0000144e                ENET_Receive_IRQHandler
 .text.ENET_Error_IRQHandler
                0x00001456        0x8 ./SDK/startup/startup_mk64f12.o
                0x00001456                ENET_Error_IRQHandler
 .text.SystemInitHook
                0x0000145e        0xe ./SDK/CMSIS/system_MK64F12.o
                0x0000145e                SystemInitHook
 .text.parsePin
                0x0000146c       0x42 C:/Users/Marcelo/Documents/GitHub/LABO_DE_MICROS/TP2/Marce/Blink/source/gpio.o
 .text.fabs     0x000014ae       0x22 c:/nxp/mcuxpressoide_10.2.0_759/ide/tools/bin/../lib/gcc/arm-none-eabi/7.2.1/../../../../arm-none-eabi/lib/thumb/v7e-m/fpv4-sp/hard\libcr_c.a(fabs.o)
                0x000014ae                fabs
 .text.__aeabi_d2uiz
                0x000014d0       0x30 c:/nxp/mcuxpressoide_10.2.0_759/ide/tools/bin/../lib/gcc/arm-none-eabi/7.2.1/thumb/v7e-m/fpv4-sp/hard\libcr_eabihelpers.a(double.o)
                0x000014d0                __aeabi_d2uiz
 .text.__bhs_ui2d
                0x00001500       0x46 c:/nxp/mcuxpressoide_10.2.0_759/ide/tools/bin/../lib/gcc/arm-none-eabi/7.2.1/thumb/v7e-m/fpv4-sp/hard\libcr_eabihelpers.a(double.o)
                0x00001500                __bhs_ui2d
 .text.__aeabi_i2d
                0x00001546       0x12 c:/nxp/mcuxpressoide_10.2.0_759/ide/tools/bin/../lib/gcc/arm-none-eabi/7.2.1/thumb/v7e-m/fpv4-sp/hard\libcr_eabihelpers.a(double.o)
                0x00001546                __aeabi_i2d
 .text.__aeabi_dcmplt
                0x00001558       0x58 c:/nxp/mcuxpressoide_10.2.0_759/ide/tools/bin/../lib/gcc/arm-none-eabi/7.2.1/thumb/v7e-m/fpv4-sp/hard\libcr_eabihelpers.a(double.o)
                0x00001558                __aeabi_dcmplt
 .text.__aeabi_dcmpgt
                0x000015b0       0x58 c:/nxp/mcuxpressoide_10.2.0_759/ide/tools/bin/../lib/gcc/arm-none-eabi/7.2.1/thumb/v7e-m/fpv4-sp/hard\libcr_eabihelpers.a(double.o)
                0x000015b0                __aeabi_dcmpgt
 *(SORT_BY_ALIGNMENT(.rodata) SORT_BY_ALIGNMENT(.rodata.*) SORT_BY_ALIGNMENT(.constdata) SORT_BY_ALIGNMENT(.constdata.*))
 .rodata.a.5195
                0x00001608       0x20 c:/nxp/mcuxpressoide_10.2.0_759/ide/tools/bin/../lib/gcc/arm-none-eabi/7.2.1/../../../../arm-none-eabi/lib/thumb/v7e-m/fpv4-sp/hard\libcr_c.a(atan.o)
 .rodata.portPtrList
                0x00001628       0x14 C:/Users/Marcelo/Documents/GitHub/LABO_DE_MICROS/TP2/Marce/Blink/source/gpio.o
 .rodata.gpioPtrList
                0x0000163c       0x14 C:/Users/Marcelo/Documents/GitHub/LABO_DE_MICROS/TP2/Marce/Blink/source/gpio.o
 .rodata.mode2pcr
                0x00001650       0x10 C:/Users/Marcelo/Documents/GitHub/LABO_DE_MICROS/TP2/Marce/Blink/source/gpio.o
                0x00001660                . = ALIGN (0x8)

.glue_7         0x00001660        0x0
 .glue_7        0x00001660        0x0 linker stubs

.glue_7t        0x00001660        0x0
 .glue_7t       0x00001660        0x0 linker stubs

.vfp11_veneer   0x00001660        0x0
 .vfp11_veneer  0x00001660        0x0 linker stubs

.v4_bx          0x00001660        0x0
 .v4_bx         0x00001660        0x0 linker stubs

.iplt           0x00001660        0x0
 .iplt          0x00001660        0x0 ./source/App.o

.rel.dyn        0x00001660        0x0
 .rel.iplt      0x00001660        0x0 ./source/App.o

.ARM.extab
 *(SORT_BY_ALIGNMENT(.ARM.extab*) SORT_BY_ALIGNMENT(.gnu.linkonce.armextab.*))
                0x00001660                __exidx_start = .

.ARM.exidx
 *(SORT_BY_ALIGNMENT(.ARM.exidx*) SORT_BY_ALIGNMENT(.gnu.linkonce.armexidx.*))
                0x00001660                __exidx_end = .
                0x00001660                _etext = .

.m_usb_data
 *(SORT_BY_ALIGNMENT(m_usb_bdt))

.data_RAM2      0x1fff0000        0x0 load address 0x00001660
 FILL mask 0xff
                [!provide]                PROVIDE (__start_data_RAM2, .)
 *(SORT_BY_ALIGNMENT(.ramfunc.$RAM2))
 *(SORT_BY_ALIGNMENT(.ramfunc.$SRAM_LOWER))
 *(SORT_BY_ALIGNMENT(.data.$RAM2*))
 *(SORT_BY_ALIGNMENT(.data.$SRAM_LOWER*))
                0x1fff0000                . = ALIGN (0x8)
                [!provide]                PROVIDE (__end_data_RAM2, .)

.data_RAM3      0x14000000        0x0 load address 0x00001660
 FILL mask 0xff
                [!provide]                PROVIDE (__start_data_RAM3, .)
 *(SORT_BY_ALIGNMENT(.ramfunc.$RAM3))
 *(SORT_BY_ALIGNMENT(.ramfunc.$FLEX_RAM))
 *(SORT_BY_ALIGNMENT(.data.$RAM3*))
 *(SORT_BY_ALIGNMENT(.data.$FLEX_RAM*))
                0x14000000                . = ALIGN (0x8)
                [!provide]                PROVIDE (__end_data_RAM3, .)

.uninit_RESERVED
                0x20000000        0x0
 *(SORT_BY_ALIGNMENT(.bss.$RESERVED*))
                0x20000000                . = ALIGN (0x4)
                0x20000000                _end_uninit_RESERVED = .

.data           0x20000000        0x0 load address 0x00001660
 FILL mask 0xff
                0x20000000                _data = .
 *(SORT_BY_ALIGNMENT(vtable))
 *(SORT_BY_ALIGNMENT(.ramfunc*))
 *(SORT_BY_ALIGNMENT(.data*))
                0x20000000                . = ALIGN (0x8)
                0x20000000                _edata = .

.igot.plt       0x20000000        0x0 load address 0x00001660
 .igot.plt      0x20000000        0x0 ./source/App.o

.bss_RAM2       0x1fff0000        0x0
                [!provide]                PROVIDE (__start_bss_RAM2, .)
 *(SORT_BY_ALIGNMENT(.bss.$RAM2*))
 *(SORT_BY_ALIGNMENT(.bss.$SRAM_LOWER*))
                0x1fff0000                . = ALIGN ((. != 0x0)?0x8:0x1)
                [!provide]                PROVIDE (__end_bss_RAM2, .)

.bss_RAM3       0x14000000        0x0
                [!provide]                PROVIDE (__start_bss_RAM3, .)
 *(SORT_BY_ALIGNMENT(.bss.$RAM3*))
 *(SORT_BY_ALIGNMENT(.bss.$FLEX_RAM*))
                0x14000000                . = ALIGN ((. != 0x0)?0x8:0x1)
                [!provide]                PROVIDE (__end_bss_RAM3, .)

.bss            0x20000000       0x10
                0x20000000                _bss = .
 *(SORT_BY_ALIGNMENT(.bss*))
 .bss.accel_cords
                0x20000000        0x6 ./source/Posicionamiento.o
                0x20000000                accel_cords
 *fill*         0x20000006        0x2 
 .bss.__LDM_interruptDisableCount
                0x20000008        0x4 ./SDK/startup/hardware.o
 .bss.rolido    0x2000000c        0x1 ./source/App.o
 .bss.cabeceo   0x2000000d        0x1 ./source/App.o
 .bss.roll      0x2000000e        0x1 ./source/Posicionamiento.o
                0x2000000e                roll
 .bss.pitching  0x2000000f        0x1 ./source/Posicionamiento.o
                0x2000000f                pitching
 *(SORT_BY_ALIGNMENT(COMMON))
                0x20000010                . = ALIGN (0x8)
                0x20000010                _ebss = .
                [!provide]                PROVIDE (end, .)

.noinit_RAM2    0x1fff0000        0x0
 *(SORT_BY_ALIGNMENT(.noinit.$RAM2*))
 *(SORT_BY_ALIGNMENT(.noinit.$SRAM_LOWER*))
                0x1fff0000                . = ALIGN (0x8)

.noinit_RAM3    0x14000000        0x0
 *(SORT_BY_ALIGNMENT(.noinit.$RAM3*))
 *(SORT_BY_ALIGNMENT(.noinit.$FLEX_RAM*))
                0x14000000                . = ALIGN (0x8)

.noinit         0x20000010        0x0
                0x20000010                _noinit = .
 *(SORT_BY_ALIGNMENT(.noinit*))
                0x20000010                . = ALIGN (0x8)
                0x20000010                _end_noinit = .
                0x00001000                _HeapSize = 0x1000

.heap           0x20000010     0x1000
                0x20000010                _pvHeapStart = .
                0x20001010                . = (. + _HeapSize)
 *fill*         0x20000010     0x1000 
                0x20001010                . = ALIGN (0x8)
                0x20001010                _pvHeapLimit = .
                0x00001000                _StackSize = 0x1000

.heap2stackfill
                0x20001010     0x1000
                0x20002010                . = (. + _StackSize)
 *fill*         0x20001010     0x1000 

.stack          0x2002f000        0x0
                0x2002f000                _vStackBase = .
                0x2002f000                . = ALIGN (0x8)
                0x20030000                _vStackTop = (. + _StackSize)
                0x00000000                _image_start = LOADADDR (.text)
                0x00001660                _image_end = (LOADADDR (.data) + SIZEOF (.data))
                0x00001660                _image_size = (_image_end - _image_start)
OUTPUT(Blink.axf elf32-littlearm)

.debug_info     0x00000000     0x26ba
 .debug_info    0x00000000      0x12b ./source/App.o
 .debug_info    0x0000012b      0xaf0 ./source/Posicionamiento.o
 .debug_info    0x00000c1b      0x675 ./SDK/startup/hardware.o
 .debug_info    0x00001290       0xb7 ./SDK/startup/main.o
 .debug_info    0x00001347       0x3b ./SDK/startup/semihost_hardfault.o
 .debug_info    0x00001382      0x8b0 ./SDK/startup/startup_mk64f12.o
 .debug_info    0x00001c32      0x5fc ./SDK/CMSIS/system_MK64F12.o
 .debug_info    0x0000222e      0x48c C:/Users/Marcelo/Documents/GitHub/LABO_DE_MICROS/TP2/Marce/Blink/source/gpio.o

.debug_abbrev   0x00000000      0x8d6
 .debug_abbrev  0x00000000       0xa2 ./source/App.o
 .debug_abbrev  0x000000a2      0x253 ./source/Posicionamiento.o
 .debug_abbrev  0x000002f5      0x138 ./SDK/startup/hardware.o
 .debug_abbrev  0x0000042d       0x7d ./SDK/startup/main.o
 .debug_abbrev  0x000004aa       0x2f ./SDK/startup/semihost_hardfault.o
 .debug_abbrev  0x000004d9      0x15c ./SDK/startup/startup_mk64f12.o
 .debug_abbrev  0x00000635      0x13f ./SDK/CMSIS/system_MK64F12.o
 .debug_abbrev  0x00000774      0x162 C:/Users/Marcelo/Documents/GitHub/LABO_DE_MICROS/TP2/Marce/Blink/source/gpio.o

.debug_aranges  0x00000000      0x498
 .debug_aranges
                0x00000000       0x30 ./source/App.o
 .debug_aranges
                0x00000030       0x58 ./source/Posicionamiento.o
 .debug_aranges
                0x00000088       0x30 ./SDK/startup/hardware.o
 .debug_aranges
                0x000000b8       0x20 ./SDK/startup/main.o
 .debug_aranges
                0x000000d8       0x20 ./SDK/startup/semihost_hardfault.o
 .debug_aranges
                0x000000f8      0x330 ./SDK/startup/startup_mk64f12.o
 .debug_aranges
                0x00000428       0x30 ./SDK/CMSIS/system_MK64F12.o
 .debug_aranges
                0x00000458       0x40 C:/Users/Marcelo/Documents/GitHub/LABO_DE_MICROS/TP2/Marce/Blink/source/gpio.o

.debug_ranges   0x00000000      0x448
 .debug_ranges  0x00000000       0x20 ./source/App.o
 .debug_ranges  0x00000020       0x48 ./source/Posicionamiento.o
 .debug_ranges  0x00000068       0x20 ./SDK/startup/hardware.o
 .debug_ranges  0x00000088       0x10 ./SDK/startup/main.o
 .debug_ranges  0x00000098       0x10 ./SDK/startup/semihost_hardfault.o
 .debug_ranges  0x000000a8      0x320 ./SDK/startup/startup_mk64f12.o
 .debug_ranges  0x000003c8       0x20 ./SDK/CMSIS/system_MK64F12.o
 .debug_ranges  0x000003e8       0x60 C:/Users/Marcelo/Documents/GitHub/LABO_DE_MICROS/TP2/Marce/Blink/source/gpio.o

.debug_macro    0x00000000    0x12160
 .debug_macro   0x00000000       0x55 ./source/App.o
 .debug_macro   0x00000055      0xa5a ./source/App.o
 .debug_macro   0x00000aaf      0x34e ./source/App.o
 .debug_macro   0x00000dfd       0x22 ./source/App.o
 .debug_macro   0x00000e1f       0x3a ./source/App.o
 .debug_macro   0x00000e59       0x34 ./source/App.o
 .debug_macro   0x00000e8d      0x179 ./source/Posicionamiento.o
 .debug_macro   0x00001006       0x10 ./source/Posicionamiento.o
 .debug_macro   0x00001016       0x5c ./source/Posicionamiento.o
 .debug_macro   0x00001072       0x1c ./source/Posicionamiento.o
 .debug_macro   0x0000108e       0x22 ./source/Posicionamiento.o
 .debug_macro   0x000010b0       0xdf ./source/Posicionamiento.o
 .debug_macro   0x0000118f      0xecf ./source/Posicionamiento.o
 .debug_macro   0x0000205e       0x48 ./source/Posicionamiento.o
 .debug_macro   0x000020a6     0xe07b ./source/Posicionamiento.o
 .debug_macro   0x00010121     0x122b ./source/Posicionamiento.o
 .debug_macro   0x0001134c       0x16 ./source/Posicionamiento.o
 .debug_macro   0x00011362       0x10 ./source/Posicionamiento.o
 .debug_macro   0x00011372       0x22 ./source/Posicionamiento.o
 .debug_macro   0x00011394       0x52 ./source/Posicionamiento.o
 .debug_macro   0x000113e6       0x17 ./source/Posicionamiento.o
 .debug_macro   0x000113fd       0x8d ./source/Posicionamiento.o
 .debug_macro   0x0001148a       0x35 ./source/Posicionamiento.o
 .debug_macro   0x000114bf       0x9c ./source/Posicionamiento.o
 .debug_macro   0x0001155b      0x174 ./source/Posicionamiento.o
 .debug_macro   0x000116cf       0x57 ./source/Posicionamiento.o
 .debug_macro   0x00011726       0x58 ./source/Posicionamiento.o
 .debug_macro   0x0001177e       0x1f ./source/Posicionamiento.o
 .debug_macro   0x0001179d       0x43 ./source/Posicionamiento.o
 .debug_macro   0x000117e0       0x20 ./source/Posicionamiento.o
 .debug_macro   0x00011800      0x18e ./source/Posicionamiento.o
 .debug_macro   0x0001198e      0x32a ./source/Posicionamiento.o
 .debug_macro   0x00011cb8      0x1e1 ./source/Posicionamiento.o
 .debug_macro   0x00011e99       0x9c ./SDK/startup/hardware.o
 .debug_macro   0x00011f35       0x9c ./SDK/startup/main.o
 .debug_macro   0x00011fd1       0x11 ./SDK/startup/semihost_hardfault.o
 .debug_macro   0x00011fe2       0x29 ./SDK/startup/startup_mk64f12.o
 .debug_macro   0x0001200b       0x80 ./SDK/CMSIS/system_MK64F12.o
 .debug_macro   0x0001208b       0xd5 C:/Users/Marcelo/Documents/GitHub/LABO_DE_MICROS/TP2/Marce/Blink/source/gpio.o

.debug_line     0x00000000     0x134b
 .debug_line    0x00000000      0x10e ./source/App.o
 .debug_line    0x0000010e      0x410 ./source/Posicionamiento.o
 .debug_line    0x0000051e      0x1d4 ./SDK/startup/hardware.o
 .debug_line    0x000006f2      0x175 ./SDK/startup/main.o
 .debug_line    0x00000867       0x59 ./SDK/startup/semihost_hardfault.o
 .debug_line    0x000008c0      0x6d8 ./SDK/startup/startup_mk64f12.o
 .debug_line    0x00000f98      0x1c7 ./SDK/CMSIS/system_MK64F12.o
 .debug_line    0x0000115f      0x1ec C:/Users/Marcelo/Documents/GitHub/LABO_DE_MICROS/TP2/Marce/Blink/source/gpio.o

.debug_str      0x00000000    0x7b9d6
 .debug_str     0x00000000     0x3826 ./source/App.o
                               0x3990 (size before relaxing)
 .debug_str     0x00003826    0x77399 ./source/Posicionamiento.o
                              0x7ad1d (size before relaxing)
 .debug_str     0x0007abbf      0x287 ./SDK/startup/hardware.o
                              0x771f8 (size before relaxing)
 .debug_str     0x0007ae46       0x1b ./SDK/startup/main.o
                              0x76fcc (size before relaxing)
 .debug_str     0x0007ae61       0x36 ./SDK/startup/semihost_hardfault.o
                               0x2d32 (size before relaxing)
 .debug_str     0x0007ae97      0x83a ./SDK/startup/startup_mk64f12.o
                               0x35a0 (size before relaxing)
 .debug_str     0x0007b6d1       0x62 ./SDK/CMSIS/system_MK64F12.o
                              0x77107 (size before relaxing)
 .debug_str     0x0007b733      0x2a3 C:/Users/Marcelo/Documents/GitHub/LABO_DE_MICROS/TP2/Marce/Blink/source/gpio.o
                              0x772d6 (size before relaxing)

.comment        0x00000000       0x7e
 .comment       0x00000000       0x7e ./source/App.o
                                 0x7f (size before relaxing)
 .comment       0x0000007e       0x7f ./source/Posicionamiento.o
 .comment       0x0000007e       0x7f ./SDK/startup/hardware.o
 .comment       0x0000007e       0x7f ./SDK/startup/main.o
 .comment       0x0000007e       0x7f ./SDK/startup/semihost_hardfault.o
 .comment       0x0000007e       0x7f ./SDK/startup/startup_mk64f12.o
 .comment       0x0000007e       0x7f ./SDK/CMSIS/system_MK64F12.o
 .comment       0x0000007e       0x7f C:/Users/Marcelo/Documents/GitHub/LABO_DE_MICROS/TP2/Marce/Blink/source/gpio.o
 .comment       0x0000007e       0x7f c:/nxp/mcuxpressoide_10.2.0_759/ide/tools/bin/../lib/gcc/arm-none-eabi/7.2.1/../../../../arm-none-eabi/lib/thumb/v7e-m/fpv4-sp/hard\libcr_c.a(atan.o)
 .comment       0x0000007e       0x7f c:/nxp/mcuxpressoide_10.2.0_759/ide/tools/bin/../lib/gcc/arm-none-eabi/7.2.1/../../../../arm-none-eabi/lib/thumb/v7e-m/fpv4-sp/hard\libcr_c.a(fabs.o)
 .comment       0x0000007e       0x7f c:/nxp/mcuxpressoide_10.2.0_759/ide/tools/bin/../lib/gcc/arm-none-eabi/7.2.1/thumb/v7e-m/fpv4-sp/hard\libcr_eabihelpers.a(double.o)

.ARM.attributes
                0x00000000       0x39
 .ARM.attributes
                0x00000000       0x39 ./source/App.o
 .ARM.attributes
                0x00000039       0x39 ./source/Posicionamiento.o
 .ARM.attributes
                0x00000072       0x39 ./SDK/startup/hardware.o
 .ARM.attributes
                0x000000ab       0x39 ./SDK/startup/main.o
 .ARM.attributes
                0x000000e4       0x39 ./SDK/startup/semihost_hardfault.o
 .ARM.attributes
                0x0000011d       0x39 ./SDK/startup/startup_mk64f12.o
 .ARM.attributes
                0x00000156       0x39 ./SDK/CMSIS/system_MK64F12.o
 .ARM.attributes
                0x0000018f       0x39 C:/Users/Marcelo/Documents/GitHub/LABO_DE_MICROS/TP2/Marce/Blink/source/gpio.o
 .ARM.attributes
                0x000001c8       0x39 c:/nxp/mcuxpressoide_10.2.0_759/ide/tools/bin/../lib/gcc/arm-none-eabi/7.2.1/../../../../arm-none-eabi/lib/thumb/v7e-m/fpv4-sp/hard\libcr_c.a(atan.o)
 .ARM.attributes
                0x00000201       0x39 c:/nxp/mcuxpressoide_10.2.0_759/ide/tools/bin/../lib/gcc/arm-none-eabi/7.2.1/../../../../arm-none-eabi/lib/thumb/v7e-m/fpv4-sp/hard\libcr_c.a(fabs.o)
 .ARM.attributes
                0x0000023a       0x39 c:/nxp/mcuxpressoide_10.2.0_759/ide/tools/bin/../lib/gcc/arm-none-eabi/7.2.1/thumb/v7e-m/fpv4-sp/hard\libcr_eabihelpers.a(double.o)

.debug_frame    0x00000000      0xc84
 .debug_frame   0x00000000       0x70 ./source/App.o
 .debug_frame   0x00000070      0x118 ./source/Posicionamiento.o
 .debug_frame   0x00000188       0x70 ./SDK/startup/hardware.o
 .debug_frame   0x000001f8       0x2c ./SDK/startup/main.o
 .debug_frame   0x00000224       0x20 ./SDK/startup/semihost_hardfault.o
 .debug_frame   0x00000244      0x904 ./SDK/startup/startup_mk64f12.o
 .debug_frame   0x00000b48       0x74 ./SDK/CMSIS/system_MK64F12.o
 .debug_frame   0x00000bbc       0xc8 C:/Users/Marcelo/Documents/GitHub/LABO_DE_MICROS/TP2/Marce/Blink/source/gpio.o
