Archive member included to satisfy reference by file (symbol)

c:/nxp/mcuxpressoide_10.2.0_759/ide/tools/bin/../lib/gcc/arm-none-eabi/7.2.1/../../../../arm-none-eabi/lib/thumb/v7e-m/fpv4-sp/hard\libcr_c.a(fabsf.o)
                              ./source/Posicionamiento.o (fabsf)
c:/nxp/mcuxpressoide_10.2.0_759/ide/tools/bin/../lib/gcc/arm-none-eabi/7.2.1/../../../../arm-none-eabi/lib/thumb/v7e-m/fpv4-sp/hard\libcr_c.a(atan.o)
                              ./source/Posicionamiento.o (atan)
c:/nxp/mcuxpressoide_10.2.0_759/ide/tools/bin/../lib/gcc/arm-none-eabi/7.2.1/../../../../arm-none-eabi/lib/thumb/v7e-m/fpv4-sp/hard\libcr_c.a(fabs.o)
                              c:/nxp/mcuxpressoide_10.2.0_759/ide/tools/bin/../lib/gcc/arm-none-eabi/7.2.1/../../../../arm-none-eabi/lib/thumb/v7e-m/fpv4-sp/hard\libcr_c.a(atan.o) (fabs)
c:/nxp/mcuxpressoide_10.2.0_759/ide/tools/bin/../lib/gcc/arm-none-eabi/7.2.1/thumb/v7e-m/fpv4-sp/hard\libcr_eabihelpers.a(double.o)
                              ./source/Posicionamiento.o (__aeabi_dmul)
c:/nxp/mcuxpressoide_10.2.0_759/ide/tools/bin/../lib/gcc/arm-none-eabi/7.2.1/thumb/v7e-m/fpv4-sp/hard\libcr_eabihelpers.a(float.o)
                              ./source/Posicionamiento.o (__aeabi_f2d)

Discarded input sections

 .group         0x00000000        0xc ./source/App.o
 .group         0x00000000        0xc ./source/App.o
 .group         0x00000000        0xc ./source/App.o
 .group         0x00000000        0xc ./source/App.o
 .group         0x00000000        0xc ./source/App.o
 .group         0x00000000        0xc ./source/App.o
 .group         0x00000000        0xc ./source/App.o
 .group         0x00000000        0xc ./source/App.o
 .group         0x00000000        0xc ./source/App.o
 .group         0x00000000        0xc ./source/App.o
 .group         0x00000000        0xc ./source/App.o
 .group         0x00000000        0xc ./source/App.o
 .group         0x00000000        0xc ./source/App.o
 .group         0x00000000        0xc ./source/App.o
 .group         0x00000000        0xc ./source/App.o
 .group         0x00000000        0xc ./source/App.o
 .group         0x00000000        0xc ./source/App.o
 .group         0x00000000        0xc ./source/App.o
 .group         0x00000000        0xc ./source/App.o
 .group         0x00000000        0xc ./source/App.o
 .group         0x00000000        0xc ./source/App.o
 .group         0x00000000        0xc ./source/App.o
 .group         0x00000000        0xc ./source/App.o
 .group         0x00000000        0xc ./source/App.o
 .text          0x00000000        0x0 ./source/App.o
 .data          0x00000000        0x0 ./source/App.o
 .bss           0x00000000        0x0 ./source/App.o
 .bss.fsm       0x00000000        0x1 ./source/App.o
 .bss.timPeriodico
                0x00000000        0x1 ./source/App.o
 .bss.timerUpdatePos
                0x00000000        0x1 ./source/App.o
 .bss.AppBoard  0x00000000        0x6 ./source/App.o
 .text.test     0x00000000       0x70 ./source/App.o
 .text.periodicRefresh
                0x00000000       0x94 ./source/App.o
 .group         0x00000000        0xc ./source/CAN.o
 .group         0x00000000        0xc ./source/CAN.o
 .group         0x00000000        0xc ./source/CAN.o
 .group         0x00000000        0xc ./source/CAN.o
 .group         0x00000000        0xc ./source/CAN.o
 .group         0x00000000        0xc ./source/CAN.o
 .group         0x00000000        0xc ./source/CAN.o
 .group         0x00000000        0xc ./source/CAN.o
 .group         0x00000000        0xc ./source/CAN.o
 .group         0x00000000        0xc ./source/CAN.o
 .group         0x00000000        0xc ./source/CAN.o
 .group         0x00000000        0xc ./source/CAN.o
 .group         0x00000000        0xc ./source/CAN.o
 .group         0x00000000        0xc ./source/CAN.o
 .group         0x00000000        0xc ./source/CAN.o
 .group         0x00000000        0xc ./source/CAN.o
 .group         0x00000000        0xc ./source/CAN.o
 .group         0x00000000        0xc ./source/CAN.o
 .group         0x00000000        0xc ./source/CAN.o
 .group         0x00000000        0xc ./source/CAN.o
 .group         0x00000000        0xc ./source/CAN.o
 .group         0x00000000        0xc ./source/CAN.o
 .group         0x00000000        0xc ./source/CAN.o
 .group         0x00000000        0xc ./source/CAN.o
 .group         0x00000000        0xc ./source/CAN.o
 .group         0x00000000        0xc ./source/CAN.o
 .group         0x00000000        0xc ./source/CAN.o
 .group         0x00000000        0xc ./source/CAN.o
 .group         0x00000000        0xc ./source/CAN.o
 .group         0x00000000        0xc ./source/CAN.o
 .group         0x00000000        0xc ./source/CAN.o
 .group         0x00000000        0xc ./source/CAN.o
 .group         0x00000000        0xc ./source/CAN.o
 .group         0x00000000        0xc ./source/CAN.o
 .group         0x00000000        0xc ./source/CAN.o
 .group         0x00000000        0xc ./source/CAN.o
[...]
Memory Configuration

Name             Origin             Length             Attributes
PROGRAM_FLASH    0x00000000         0x00100000         xr
SRAM_UPPER       0x20000000         0x00030000         xrw
SRAM_LOWER       0x1fff0000         0x00010000         xrw
FLEX_RAM         0x14000000         0x00001000         xrw
*default*        0x00000000         0xffffffff

Linker script and memory map

LOAD ./source/App.o
LOAD ./source/CAN.o
LOAD ./source/ExternalManager.o
LOAD ./source/Posicionamiento.o
LOAD ./source/SPI.o
LOAD ./source/Sensores.o
LOAD ./source/SysTick.o
LOAD ./source/UART.o
LOAD ./source/gpio.o
LOAD ./source/i2c.o
LOAD ./source/timer.o
LOAD ./SDK/startup/hardware.o
LOAD ./SDK/startup/main.o
LOAD ./SDK/startup/semihost_hardfault.o
LOAD ./SDK/startup/startup_mk64f12.o
LOAD ./SDK/CMSIS/system_MK64F12.o
START GROUP
LOAD c:/nxp/mcuxpressoide_10.2.0_759/ide/tools/bin/../lib/gcc/arm-none-eabi/7.2.1/../../../../arm-none-eabi/lib/thumb/v7e-m/fpv4-sp/hard\libcr_c.a
LOAD c:/nxp/mcuxpressoide_10.2.0_759/ide/tools/bin/../lib/gcc/arm-none-eabi/7.2.1/thumb/v7e-m/fpv4-sp/hard\libcr_eabihelpers.a
END GROUP
                0x00000000                __base_PROGRAM_FLASH = 0x0
                0x00000000                __base_Flash = 0x0
                0x00100000                __top_PROGRAM_FLASH = 0x100000
                0x00100000                __top_Flash = 0x100000
                0x20000000                __base_SRAM_UPPER = 0x20000000
                0x20000000                __base_RAM = 0x20000000
                0x20030000                __top_SRAM_UPPER = 0x20030000
                0x20030000                __top_RAM = 0x20030000
                0x1fff0000                __base_SRAM_LOWER = 0x1fff0000
                0x1fff0000                __base_RAM2 = 0x1fff0000
                0x20000000                __top_SRAM_LOWER = 0x20000000
                0x20000000                __top_RAM2 = 0x20000000
                0x14000000                __base_FLEX_RAM = 0x14000000
                0x14000000                __base_RAM3 = 0x14000000
                0x14001000                __top_FLEX_RAM = 0x14001000
                0x14001000                __top_RAM3 = 0x14001000

.text           0x00000000     0x1918
 FILL mask 0xff
                0x00000000                __vectors_start__ = ABSOLUTE (.)
 *(SORT_BY_ALIGNMENT(.isr_vector))
 .isr_vector    0x00000000      0x198 ./SDK/startup/startup_mk64f12.o
                0x00000000                g_pfnVectors
                0x00000000                __Vectors
                0x00000198                . = ALIGN (0x4)
                0x00000198                __section_table_start = .
                0x00000198                __data_section_table = .
                0x00000198        0x4 LONG 0x1918 LOADADDR (.data)
                0x0000019c        0x4 LONG 0x20000000 ADDR (.data)
                0x000001a0        0x4 LONG 0x90 SIZEOF (.data)
                0x000001a4        0x4 LONG 0x1918 LOADADDR (.data_RAM2)
                0x000001a8        0x4 LONG 0x1fff0000 ADDR (.data_RAM2)
                0x000001ac        0x4 LONG 0x0 SIZEOF (.data_RAM2)
                0x000001b0        0x4 LONG 0x1918 LOADADDR (.data_RAM3)
                0x000001b4        0x4 LONG 0x14000000 ADDR (.data_RAM3)
                0x000001b8        0x4 LONG 0x0 SIZEOF (.data_RAM3)
                0x000001bc                __data_section_table_end = .
                0x000001bc                __bss_section_table = .
                0x000001bc        0x4 LONG 0x20000090 ADDR (.bss)
                0x000001c0        0x4 LONG 0x600 SIZEOF (.bss)
                0x000001c4        0x4 LONG 0x1fff0000 ADDR (.bss_RAM2)
                0x000001c8        0x4 LONG 0x0 SIZEOF (.bss_RAM2)
                0x000001cc        0x4 LONG 0x14000000 ADDR (.bss_RAM3)
                0x000001d0        0x4 LONG 0x0 SIZEOF (.bss_RAM3)
                0x000001d4                __bss_section_table_end = .
                0x000001d4                __section_table_end = .
 *(SORT_BY_ALIGNMENT(.after_vectors*))
 .after_vectors.reset
                0x000001d4       0x4c ./SDK/startup/startup_mk64f12.o
                0x000001d4                ResetISR
 .after_vectors.init_data
                0x00000220       0x1e ./SDK/startup/startup_mk64f12.o
                0x00000220                data_init
 .after_vectors.init_bss
                0x0000023e       0x12 ./SDK/startup/startup_mk64f12.o
                0x0000023e                bss_init
 .after_vectors
                0x00000250       0x14 ./SDK/startup/startup_mk64f12.o
                0x00000250                NMI_Handler
                0x00000254                MemManage_Handler
                0x00000256                BusFault_Handler
                0x00000258                UsageFault_Handler
                0x0000025a                SVC_Handler
                0x0000025c                DebugMon_Handler
                0x0000025e                PendSV_Handler
                0x00000262                DMA_Error_DriverIRQHandler
                0x00000262                LPTMR0_DriverIRQHandler
                0x00000262                FTM1_DriverIRQHandler
                0x00000262                FTM2_DriverIRQHandler
                0x00000262                PIT2_DriverIRQHandler
                0x00000262                SDHC_DriverIRQHandler
                0x00000262                I2S0_Tx_DriverIRQHandler
                0x00000262                RTC_Seconds_DriverIRQHandler
                0x00000262                DMA6_DriverIRQHandler
                0x00000262                LLWU_DriverIRQHandler
                0x00000262                MCM_DriverIRQHandler
                0x00000262                MCG_DriverIRQHandler
                0x00000262                ENET_1588_Timer_DriverIRQHandler
                0x00000262                I2C2_DriverIRQHandler
                0x00000262                DAC1_DriverIRQHandler
                0x00000262                SPI1_DriverIRQHandler
                0x00000262                CMP1_DriverIRQHandler
                0x00000262                UART5_RX_TX_DriverIRQHandler
                0x00000262                FTM0_DriverIRQHandler
                0x00000262                IntDefaultHandler
                0x00000262                USB0_DriverIRQHandler
                0x00000262                UART5_ERR_DriverIRQHandler
                0x00000262                PORTC_DriverIRQHandler
                0x00000262                DMA11_DriverIRQHandler
                0x00000262                DAC0_DriverIRQHandler
                0x00000262                DMA10_DriverIRQHandler
                0x00000262                CMP2_DriverIRQHandler
                0x00000262                UART2_ERR_DriverIRQHandler
                0x00000262                SPI2_DriverIRQHandler
                0x00000262                LVD_LVW_DriverIRQHandler
                0x00000262                PIT0_DriverIRQHandler
                0x00000262                RNG_DriverIRQHandler
                0x00000262                DMA5_DriverIRQHandler
                0x00000262                DMA12_DriverIRQHandler
                0x00000262                UART2_RX_TX_DriverIRQHandler
                0x00000262                USBDCD_DriverIRQHandler
                0x00000262                UART3_ERR_DriverIRQHandler
                0x00000262                DMA3_DriverIRQHandler
                0x00000262                DMA8_DriverIRQHandler
                0x00000262                DMA9_DriverIRQHandler
                0x00000262                UART0_ERR_DriverIRQHandler
                0x00000262                CMT_DriverIRQHandler
                0x00000262                Reserved71_DriverIRQHandler
                0x00000262                ADC1_DriverIRQHandler
                0x00000262                PORTA_DriverIRQHandler
                0x00000262                DMA14_DriverIRQHandler
                0x00000262                PIT3_DriverIRQHandler
                0x00000262                PIT1_DriverIRQHandler
                0x00000262                WDOG_EWM_DriverIRQHandler
                0x00000262                PDB0_DriverIRQHandler
                0x00000262                RTC_DriverIRQHandler
                0x00000262                I2S0_Rx_DriverIRQHandler
                0x00000262                Read_Collision_DriverIRQHandler
                0x00000262                SWI_DriverIRQHandler
                0x00000262                UART4_RX_TX_DriverIRQHandler
                0x00000262                UART4_ERR_DriverIRQHandler
                0x00000262                PORTB_DriverIRQHandler
                0x00000262                UART0_LON_DriverIRQHandler
                0x00000262                DMA0_DriverIRQHandler
                0x00000262                DMA1_DriverIRQHandler
                0x00000262                I2C1_DriverIRQHandler
                0x00000262                UART3_RX_TX_DriverIRQHandler
                0x00000262                ENET_Receive_DriverIRQHandler
                0x00000262                DMA13_DriverIRQHandler
                0x00000262                ENET_Error_DriverIRQHandler
                0x00000262                DMA15_DriverIRQHandler
                0x00000262                UART0_RX_TX_DriverIRQHandler
                0x00000262                SPI0_DriverIRQHandler
                0x00000262                ADC0_DriverIRQHandler
                0x00000262                CMP0_DriverIRQHandler
                0x00000262                CAN0_DriverIRQHandler
                0x00000262                FTM3_DriverIRQHandler
                0x00000262                DMA4_DriverIRQHandler
                0x00000262                UART1_ERR_DriverIRQHandler
                0x00000262                DMA2_DriverIRQHandler
                0x00000262                ENET_Transmit_DriverIRQHandler
                0x00000262                PORTD_DriverIRQHandler
                0x00000262                PORTE_DriverIRQHandler
                0x00000262                FTFE_DriverIRQHandler
                0x00000262                I2C0_DriverIRQHandler
                0x00000262                DMA7_DriverIRQHandler
                0x00000262                UART1_RX_TX_DriverIRQHandler
                0x00000400                . = 0x400
 *fill*         0x00000264      0x19c ff
                0x00000400                PROVIDE (__FLASH_CONFIG_START__, .)
 *(SORT_BY_ALIGNMENT(.FlashConfig))
 .FlashConfig   0x00000400       0x10 ./SDK/startup/startup_mk64f12.o
                0x00000400                Flash_Config
                0x00000410                PROVIDE (__FLASH_CONFIG_END__, .)
                0x00000001                ASSERT (! ((__FLASH_CONFIG_START__ == __FLASH_CONFIG_END__)), Linker Flash Config Support Enabled, but no .FlashConfig section provided within application)
 *(SORT_BY_ALIGNMENT(.text*))
 .text.__NVIC_EnableIRQ
                0x00000410       0x3c ./source/CAN.o
 .text.CAN_READ_RX_BUFFER
                0x0000044c      0x114 ./source/CAN.o
                0x0000044c                CAN_READ_RX_BUFFER
 .text.getRXB_Data_CAN
                0x00000560       0x28 ./source/CAN.o
                0x00000560                getRXB_Data_CAN
 .text.init_CAN
                0x00000588       0xc8 ./source/CAN.o
                0x00000588                init_CAN
 .text.ExternManager_init
                0x00000650       0x3c ./source/ExternalManager.o
                0x00000650                ExternManager_init
 .text.ExternManager_EventHandler
                0x0000068c      0x110 ./source/ExternalManager.o
                0x0000068c                ExternManager_EventHandler
 .text.startTrasmissionReception
                0x0000079c       0x24 ./source/SPI.o
 .text.stopTrasmissionReception
                0x000007c0       0x24 ./source/SPI.o
 .text.SPI_driver_init
                0x000007e4       0x84 ./source/SPI.o
                0x000007e4                SPI_driver_init
 .text.setup_pin
                0x00000868       0x68 ./source/SPI.o
                0x00000868                setup_pin
 .text.SPI_driver_sendRecive
                0x000008d0       0xd0 ./source/SPI.o
                0x000008d0                SPI_driver_sendRecive
 .text.SysTick_Handler
                0x000009a0       0x24 ./source/SysTick.o
                0x000009a0                SysTick_Handler
 .text.__NVIC_EnableIRQ
                0x000009c4       0x3c ./source/UART.o
 .text.UART0_RX_TX_IRQHandler
                0x00000a00       0xf4 ./source/UART.o
                0x00000a00                UART0_RX_TX_IRQHandler
 .text.configPCR
                0x00000af4       0x94 ./source/UART.o
                0x00000af4                configPCR
 .text.uartInit
                0x00000b88      0x13c ./source/UART.o
                0x00000b88                uartInit
 .text.PORTD_IRQHandler
                0x00000cc4       0x64 ./source/gpio.o
                0x00000cc4                PORTD_IRQHandler
 .text.PORTA_IRQHandler
                0x00000d28       0x5c ./source/gpio.o
                0x00000d28                PORTA_IRQHandler
 .text.PORTB_IRQHandler
                0x00000d84       0x64 ./source/gpio.o
                0x00000d84                PORTB_IRQHandler
 .text.PORTE_IRQHandler
                0x00000de8       0x64 ./source/gpio.o
                0x00000de8                PORTE_IRQHandler
 .text.PORTC_IRQHandler
                0x00000e4c       0x64 ./source/gpio.o
                0x00000e4c                PORTC_IRQHandler
 .text.gpioMode
                0x00000eb0      0x174 ./source/gpio.o
                0x00000eb0                gpioMode
 .text.gpioIRQ  0x00001024       0x94 ./source/gpio.o
                0x00001024                gpioIRQ
 .text.PORT_ClearInterruptFlag
                0x000010b8       0x48 ./source/gpio.o
                0x000010b8                PORT_ClearInterruptFlag
 .text.I2C0_IRQHandler
                0x00001100      0x22c ./source/i2c.o
                0x00001100                I2C0_IRQHandler
 .text.finish_com
                0x0000132c       0x88 ./source/i2c.o
 .text.hw_Init  0x000013b4      0x10c ./SDK/startup/hardware.o
                0x000013b4                hw_Init
 .text.hw_EnableInterrupts
                0x000014c0       0x30 ./SDK/startup/hardware.o
                0x000014c0                hw_EnableInterrupts
 .text.hw_DisableInterrupts
                0x000014f0       0x20 ./SDK/startup/hardware.o
                0x000014f0                hw_DisableInterrupts
 .text.SystemInit
                0x00001510       0x3c ./SDK/CMSIS/system_MK64F12.o
                0x00001510                SystemInit
 .text.App_Init
                0x0000154c        0xe ./source/App.o
                0x0000154c                App_Init
 .text.App_Run  0x0000155a        0xe ./source/App.o
                0x0000155a                App_Run
 .text.CAN_RESET
                0x00001568       0x12 ./source/CAN.o
                0x00001568                CAN_RESET
 .text.CAN_ClearTxFlag
                0x0000157a       0x12 ./source/CAN.o
                0x0000157a                CAN_ClearTxFlag
 .text.CAN_ClearRxFlag
                0x0000158c       0x12 ./source/CAN.o
                0x0000158c                CAN_ClearRxFlag
 .text.CAN_BIT_MODIFY
                0x0000159e       0x38 ./source/CAN.o
                0x0000159e                CAN_BIT_MODIFY
 .text.CAN_WRITE
                0x000015d6       0x32 ./source/CAN.o
                0x000015d6                CAN_WRITE
 .text.CAN_READ
                0x00001608       0x3c ./source/CAN.o
                0x00001608                CAN_READ
 .text.main     0x00001644       0x1a ./SDK/startup/main.o
                0x00001644                main
 .text.HardFault_Handler
                0x0000165e       0x2c ./SDK/startup/semihost_hardfault.o
                0x0000165e                HardFault_Handler
 .text.DMA0_IRQHandler
                0x0000168a        0x8 ./SDK/startup/startup_mk64f12.o
                0x0000168a                DMA0_IRQHandler
 .text.DMA1_IRQHandler
                0x00001692        0x8 ./SDK/startup/startup_mk64f12.o
                0x00001692                DMA1_IRQHandler
 .text.DMA2_IRQHandler
                0x0000169a        0x8 ./SDK/startup/startup_mk64f12.o
                0x0000169a                DMA2_IRQHandler
 .text.DMA3_IRQHandler
                0x000016a2        0x8 ./SDK/startup/startup_mk64f12.o
                0x000016a2                DMA3_IRQHandler
 .text.DMA4_IRQHandler
                0x000016aa        0x8 ./SDK/startup/startup_mk64f12.o
                0x000016aa                DMA4_IRQHandler
 .text.DMA5_IRQHandler
                0x000016b2        0x8 ./SDK/startup/startup_mk64f12.o
                0x000016b2                DMA5_IRQHandler
 .text.DMA6_IRQHandler
                0x000016ba        0x8 ./SDK/startup/startup_mk64f12.o
                0x000016ba                DMA6_IRQHandler
 .text.DMA7_IRQHandler
                0x000016c2        0x8 ./SDK/startup/startup_mk64f12.o
                0x000016c2                DMA7_IRQHandler
 .text.DMA8_IRQHandler
                0x000016ca        0x8 ./SDK/startup/startup_mk64f12.o
                0x000016ca                DMA8_IRQHandler
 .text.DMA9_IRQHandler
                0x000016d2        0x8 ./SDK/startup/startup_mk64f12.o
                0x000016d2                DMA9_IRQHandler
 .text.DMA10_IRQHandler
                0x000016da        0x8 ./SDK/startup/startup_mk64f12.o
                0x000016da                DMA10_IRQHandler
 .text.DMA11_IRQHandler
                0x000016e2        0x8 ./SDK/startup/startup_mk64f12.o
                0x000016e2                DMA11_IRQHandler
 .text.DMA12_IRQHandler
                0x000016ea        0x8 ./SDK/startup/startup_mk64f12.o
                0x000016ea                DMA12_IRQHandler
 .text.DMA13_IRQHandler
                0x000016f2        0x8 ./SDK/startup/startup_mk64f12.o
                0x000016f2                DMA13_IRQHandler
 .text.DMA14_IRQHandler
                0x000016fa        0x8 ./SDK/startup/startup_mk64f12.o
                0x000016fa                DMA14_IRQHandler
 .text.DMA15_IRQHandler
                0x00001702        0x8 ./SDK/startup/startup_mk64f12.o
                0x00001702                DMA15_IRQHandler
 .text.DMA_Error_IRQHandler
                0x0000170a        0x8 ./SDK/startup/startup_mk64f12.o
                0x0000170a                DMA_Error_IRQHandler
 .text.MCM_IRQHandler
                0x00001712        0x8 ./SDK/startup/startup_mk64f12.o
                0x00001712                MCM_IRQHandler
 .text.FTFE_IRQHandler
                0x0000171a        0x8 ./SDK/startup/startup_mk64f12.o
                0x0000171a                FTFE_IRQHandler
 .text.Read_Collision_IRQHandler
                0x00001722        0x8 ./SDK/startup/startup_mk64f12.o
                0x00001722                Read_Collision_IRQHandler
 .text.LVD_LVW_IRQHandler
                0x0000172a        0x8 ./SDK/startup/startup_mk64f12.o
                0x0000172a                LVD_LVW_IRQHandler
 .text.LLWU_IRQHandler
                0x00001732        0x8 ./SDK/startup/startup_mk64f12.o
                0x00001732                LLWU_IRQHandler
 .text.WDOG_EWM_IRQHandler
                0x0000173a        0x8 ./SDK/startup/startup_mk64f12.o
                0x0000173a                WDOG_EWM_IRQHandler
 .text.RNG_IRQHandler
                0x00001742        0x8 ./SDK/startup/startup_mk64f12.o
                0x00001742                RNG_IRQHandler
 .text.I2C1_IRQHandler
                0x0000174a        0x8 ./SDK/startup/startup_mk64f12.o
                0x0000174a                I2C1_IRQHandler
 .text.SPI0_IRQHandler
                0x00001752        0x8 ./SDK/startup/startup_mk64f12.o
                0x00001752                SPI0_IRQHandler
 .text.SPI1_IRQHandler
                0x0000175a        0x8 ./SDK/startup/startup_mk64f12.o
                0x0000175a                SPI1_IRQHandler
 .text.I2S0_Tx_IRQHandler
                0x00001762        0x8 ./SDK/startup/startup_mk64f12.o
                0x00001762                I2S0_Tx_IRQHandler
 .text.I2S0_Rx_IRQHandler
                0x0000176a        0x8 ./SDK/startup/startup_mk64f12.o
                0x0000176a                I2S0_Rx_IRQHandler
 .text.UART0_LON_IRQHandler
                0x00001772        0x8 ./SDK/startup/startup_mk64f12.o
                0x00001772                UART0_LON_IRQHandler
 .text.UART0_ERR_IRQHandler
                0x0000177a        0x8 ./SDK/startup/startup_mk64f12.o
                0x0000177a                UART0_ERR_IRQHandler
 .text.UART1_RX_TX_IRQHandler
                0x00001782        0x8 ./SDK/startup/startup_mk64f12.o
                0x00001782                UART1_RX_TX_IRQHandler
 .text.UART1_ERR_IRQHandler
                0x0000178a        0x8 ./SDK/startup/startup_mk64f12.o
                0x0000178a                UART1_ERR_IRQHandler
 .text.UART2_RX_TX_IRQHandler
                0x00001792        0x8 ./SDK/startup/startup_mk64f12.o
                0x00001792                UART2_RX_TX_IRQHandler
 .text.UART2_ERR_IRQHandler
                0x0000179a        0x8 ./SDK/startup/startup_mk64f12.o
                0x0000179a                UART2_ERR_IRQHandler
 .text.UART3_RX_TX_IRQHandler
                0x000017a2        0x8 ./SDK/startup/startup_mk64f12.o
                0x000017a2                UART3_RX_TX_IRQHandler
 .text.UART3_ERR_IRQHandler
                0x000017aa        0x8 ./SDK/startup/startup_mk64f12.o
                0x000017aa                UART3_ERR_IRQHandler
 .text.ADC0_IRQHandler
                0x000017b2        0x8 ./SDK/startup/startup_mk64f12.o
                0x000017b2                ADC0_IRQHandler
 .text.CMP0_IRQHandler
                0x000017ba        0x8 ./SDK/startup/startup_mk64f12.o
                0x000017ba                CMP0_IRQHandler
 .text.CMP1_IRQHandler
                0x000017c2        0x8 ./SDK/startup/startup_mk64f12.o
                0x000017c2                CMP1_IRQHandler
 .text.FTM0_IRQHandler
                0x000017ca        0x8 ./SDK/startup/startup_mk64f12.o
                0x000017ca                FTM0_IRQHandler
 .text.FTM1_IRQHandler
                0x000017d2        0x8 ./SDK/startup/startup_mk64f12.o
                0x000017d2                FTM1_IRQHandler
 .text.FTM2_IRQHandler
                0x000017da        0x8 ./SDK/startup/startup_mk64f12.o
                0x000017da                FTM2_IRQHandler
 .text.CMT_IRQHandler
                0x000017e2        0x8 ./SDK/startup/startup_mk64f12.o
                0x000017e2                CMT_IRQHandler
 .text.RTC_IRQHandler
                0x000017ea        0x8 ./SDK/startup/startup_mk64f12.o
                0x000017ea                RTC_IRQHandler
 .text.RTC_Seconds_IRQHandler
                0x000017f2        0x8 ./SDK/startup/startup_mk64f12.o
                0x000017f2                RTC_Seconds_IRQHandler
 .text.PIT0_IRQHandler
                0x000017fa        0x8 ./SDK/startup/startup_mk64f12.o
                0x000017fa                PIT0_IRQHandler
 .text.PIT1_IRQHandler
                0x00001802        0x8 ./SDK/startup/startup_mk64f12.o
                0x00001802                PIT1_IRQHandler
 .text.PIT2_IRQHandler
                0x0000180a        0x8 ./SDK/startup/startup_mk64f12.o
                0x0000180a                PIT2_IRQHandler
 .text.PIT3_IRQHandler
                0x00001812        0x8 ./SDK/startup/startup_mk64f12.o
                0x00001812                PIT3_IRQHandler
 .text.PDB0_IRQHandler
                0x0000181a        0x8 ./SDK/startup/startup_mk64f12.o
                0x0000181a                PDB0_IRQHandler
 .text.USB0_IRQHandler
                0x00001822        0x8 ./SDK/startup/startup_mk64f12.o
                0x00001822                USB0_IRQHandler
 .text.USBDCD_IRQHandler
                0x0000182a        0x8 ./SDK/startup/startup_mk64f12.o
                0x0000182a                USBDCD_IRQHandler
 .text.Reserved71_IRQHandler
                0x00001832        0x8 ./SDK/startup/startup_mk64f12.o
                0x00001832                Reserved71_IRQHandler
 .text.DAC0_IRQHandler
                0x0000183a        0x8 ./SDK/startup/startup_mk64f12.o
                0x0000183a                DAC0_IRQHandler
 .text.MCG_IRQHandler
                0x00001842        0x8 ./SDK/startup/startup_mk64f12.o
                0x00001842                MCG_IRQHandler
 .text.LPTMR0_IRQHandler
                0x0000184a        0x8 ./SDK/startup/startup_mk64f12.o
                0x0000184a                LPTMR0_IRQHandler
 .text.SWI_IRQHandler
                0x00001852        0x8 ./SDK/startup/startup_mk64f12.o
                0x00001852                SWI_IRQHandler
 .text.SPI2_IRQHandler
                0x0000185a        0x8 ./SDK/startup/startup_mk64f12.o
                0x0000185a                SPI2_IRQHandler
 .text.UART4_RX_TX_IRQHandler
                0x00001862        0x8 ./SDK/startup/startup_mk64f12.o
                0x00001862                UART4_RX_TX_IRQHandler
 .text.UART4_ERR_IRQHandler
                0x0000186a        0x8 ./SDK/startup/startup_mk64f12.o
                0x0000186a                UART4_ERR_IRQHandler
 .text.UART5_RX_TX_IRQHandler
                0x00001872        0x8 ./SDK/startup/startup_mk64f12.o
                0x00001872                UART5_RX_TX_IRQHandler
 .text.UART5_ERR_IRQHandler
                0x0000187a        0x8 ./SDK/startup/startup_mk64f12.o
                0x0000187a                UART5_ERR_IRQHandler
 .text.CMP2_IRQHandler
                0x00001882        0x8 ./SDK/startup/startup_mk64f12.o
                0x00001882                CMP2_IRQHandler
 .text.FTM3_IRQHandler
                0x0000188a        0x8 ./SDK/startup/startup_mk64f12.o
                0x0000188a                FTM3_IRQHandler
 .text.DAC1_IRQHandler
                0x00001892        0x8 ./SDK/startup/startup_mk64f12.o
                0x00001892                DAC1_IRQHandler
 .text.ADC1_IRQHandler
                0x0000189a        0x8 ./SDK/startup/startup_mk64f12.o
                0x0000189a                ADC1_IRQHandler
 .text.I2C2_IRQHandler
                0x000018a2        0x8 ./SDK/startup/startup_mk64f12.o
                0x000018a2                I2C2_IRQHandler
 .text.CAN0_ORed_Message_buffer_IRQHandler
                0x000018aa        0x8 ./SDK/startup/startup_mk64f12.o
                0x000018aa                CAN0_ORed_Message_buffer_IRQHandler
 .text.CAN0_Bus_Off_IRQHandler
                0x000018b2        0x8 ./SDK/startup/startup_mk64f12.o
                0x000018b2                CAN0_Bus_Off_IRQHandler
 .text.CAN0_Error_IRQHandler
                0x000018ba        0x8 ./SDK/startup/startup_mk64f12.o
                0x000018ba                CAN0_Error_IRQHandler
 .text.CAN0_Tx_Warning_IRQHandler
                0x000018c2        0x8 ./SDK/startup/startup_mk64f12.o
                0x000018c2                CAN0_Tx_Warning_IRQHandler
 .text.CAN0_Rx_Warning_IRQHandler
                0x000018ca        0x8 ./SDK/startup/startup_mk64f12.o
                0x000018ca                CAN0_Rx_Warning_IRQHandler
 .text.CAN0_Wake_Up_IRQHandler
                0x000018d2        0x8 ./SDK/startup/startup_mk64f12.o
                0x000018d2                CAN0_Wake_Up_IRQHandler
 .text.SDHC_IRQHandler
                0x000018da        0x8 ./SDK/startup/startup_mk64f12.o
                0x000018da                SDHC_IRQHandler
 .text.ENET_1588_Timer_IRQHandler
                0x000018e2        0x8 ./SDK/startup/startup_mk64f12.o
                0x000018e2                ENET_1588_Timer_IRQHandler
 .text.ENET_Transmit_IRQHandler
                0x000018ea        0x8 ./SDK/startup/startup_mk64f12.o
                0x000018ea                ENET_Transmit_IRQHandler
 .text.ENET_Receive_IRQHandler
                0x000018f2        0x8 ./SDK/startup/startup_mk64f12.o
                0x000018f2                ENET_Receive_IRQHandler
 .text.ENET_Error_IRQHandler
                0x000018fa        0x8 ./SDK/startup/startup_mk64f12.o
                0x000018fa                ENET_Error_IRQHandler
 .text.SystemInitHook
                0x00001902        0xe ./SDK/CMSIS/system_MK64F12.o
                0x00001902                SystemInitHook
 *(SORT_BY_ALIGNMENT(.rodata) SORT_BY_ALIGNMENT(.rodata.*) SORT_BY_ALIGNMENT(.constdata) SORT_BY_ALIGNMENT(.constdata.*))
 .rodata        0x00001910        0x4 ./source/CAN.o
                0x00001918                . = ALIGN (0x8)
 *fill*         0x00001914        0x4 ff

.glue_7         0x00001918        0x0
 .glue_7        0x00001918        0x0 linker stubs

.glue_7t        0x00001918        0x0
 .glue_7t       0x00001918        0x0 linker stubs

.vfp11_veneer   0x00001918        0x0
 .vfp11_veneer  0x00001918        0x0 linker stubs

.v4_bx          0x00001918        0x0
 .v4_bx         0x00001918        0x0 linker stubs

.iplt           0x00001918        0x0
 .iplt          0x00001918        0x0 ./source/App.o

.rel.dyn        0x00001918        0x0
 .rel.iplt      0x00001918        0x0 ./source/App.o

.ARM.extab
 *(SORT_BY_ALIGNMENT(.ARM.extab*) SORT_BY_ALIGNMENT(.gnu.linkonce.armextab.*))
                0x00001918                __exidx_start = .

.ARM.exidx
 *(SORT_BY_ALIGNMENT(.ARM.exidx*) SORT_BY_ALIGNMENT(.gnu.linkonce.armexidx.*))
                0x00001918                __exidx_end = .
                0x00001918                _etext = .

.m_usb_data
 *(SORT_BY_ALIGNMENT(m_usb_bdt))

.data_RAM2      0x1fff0000        0x0 load address 0x00001918
 FILL mask 0xff
                [!provide]                PROVIDE (__start_data_RAM2, .)
 *(SORT_BY_ALIGNMENT(.ramfunc.$RAM2))
 *(SORT_BY_ALIGNMENT(.ramfunc.$SRAM_LOWER))
 *(SORT_BY_ALIGNMENT(.data.$RAM2*))
 *(SORT_BY_ALIGNMENT(.data.$SRAM_LOWER*))
                0x1fff0000                . = ALIGN (0x8)
                [!provide]                PROVIDE (__end_data_RAM2, .)

.data_RAM3      0x14000000        0x0 load address 0x00001918
 FILL mask 0xff
                [!provide]                PROVIDE (__start_data_RAM3, .)
 *(SORT_BY_ALIGNMENT(.ramfunc.$RAM3))
 *(SORT_BY_ALIGNMENT(.ramfunc.$FLEX_RAM))
 *(SORT_BY_ALIGNMENT(.data.$RAM3*))
 *(SORT_BY_ALIGNMENT(.data.$FLEX_RAM*))
                0x14000000                . = ALIGN (0x8)
                [!provide]                PROVIDE (__end_data_RAM3, .)

.uninit_RESERVED
                0x20000000        0x0
 *(SORT_BY_ALIGNMENT(.bss.$RESERVED*))
                0x20000000                . = ALIGN (0x4)
                0x20000000                _end_uninit_RESERVED = .

.data           0x20000000       0x90 load address 0x00001918
 FILL mask 0xff
                0x20000000                _data = .
 *(SORT_BY_ALIGNMENT(vtable))
 *(SORT_BY_ALIGNMENT(.ramfunc*))
 *(SORT_BY_ALIGNMENT(.data*))
 .data.spiPtrs  0x20000000        0xc ./source/SPI.o
 .data.ports    0x2000000c       0x14 ./source/SPI.o
 .data.sim_port
                0x20000020       0x14 ./source/SPI.o
 .data.pushrFinal.7885
                0x20000034        0x4 ./source/SPI.o
 .data.pushrInicial.7884
                0x20000038        0x4 ./source/SPI.o
 .data.portPtrs
                0x2000003c       0x14 ./source/UART.o
 .data.gpioPtrs
                0x20000050       0x14 ./source/gpio.o
 .data.portPtrs
                0x20000064       0x14 ./source/gpio.o
 .data.simMasks
                0x20000078       0x14 ./source/gpio.o
 .data.sim_ptr  0x2000008c        0x4 ./source/gpio.o
                0x20000090                . = ALIGN (0x8)
                0x20000090                _edata = .

.igot.plt       0x20000090        0x0 load address 0x000019a8
 .igot.plt      0x20000090        0x0 ./source/App.o

.bss_RAM2       0x1fff0000        0x0
                [!provide]                PROVIDE (__start_bss_RAM2, .)
 *(SORT_BY_ALIGNMENT(.bss.$RAM2*))
 *(SORT_BY_ALIGNMENT(.bss.$SRAM_LOWER*))
                0x1fff0000                . = ALIGN ((. != 0x0)?0x8:0x1)
                [!provide]                PROVIDE (__end_bss_RAM2, .)

.bss_RAM3       0x14000000        0x0
                [!provide]                PROVIDE (__start_bss_RAM3, .)
 *(SORT_BY_ALIGNMENT(.bss.$RAM3*))
 *(SORT_BY_ALIGNMENT(.bss.$FLEX_RAM*))
                0x14000000                . = ALIGN ((. != 0x0)?0x8:0x1)
                [!provide]                PROVIDE (__end_bss_RAM3, .)

.bss            0x20000090      0x600
                0x20000090                _bss = .
 *(SORT_BY_ALIGNMENT(.bss*))
 .bss.RXbufferData
                0x20000090        0xc ./source/CAN.o
 .bss.callback  0x2000009c        0x4 ./source/CAN.o
 .bss.Boards    0x200000a0       0x2a ./source/ExternalManager.o
                0x200000a0                Boards
 *fill*         0x200000ca        0x2 
 .bss.callbackTick
                0x200000cc        0x4 ./source/SysTick.o
 .bss.sendBuffer
                0x200000d0      0x190 ./source/UART.o
                0x200000d0                sendBuffer
 .bss.recvBuffer
                0x20000260      0x190 ./source/UART.o
                0x20000260                recvBuffer
 .bss.porEnviar
                0x200003f0        0x4 ./source/UART.o
                0x200003f0                porEnviar
 .bss.enviado   0x200003f4        0x4 ./source/UART.o
                0x200003f4                enviado
 .bss.porRecibir
                0x200003f8        0x4 ./source/UART.o
                0x200003f8                porRecibir
 .bss.isr_Matrix
                0x200003fc      0x280 ./source/gpio.o
 .bss.i2c       0x2000067c        0x4 ./source/i2c.o
 .bss.i2c_com   0x20000680        0x4 ./source/i2c.o
 .bss.__LDM_interruptDisableCount
                0x20000684        0x4 ./SDK/startup/hardware.o
 .bss.myID      0x20000688        0x2 ./source/CAN.o
 .bss.myGroup   0x2000068a        0x1 ./source/ExternalManager.o
                0x2000068a                myGroup
 .bss.rx_data   0x2000068b        0x1 ./source/UART.o
 .bss.device_address_r
                0x2000068c        0x1 ./source/i2c.o
 .bss.stage     0x2000068d        0x1 ./source/i2c.o
 .bss.mode      0x2000068e        0x1 ./source/i2c.o
 .bss.data_index
                0x2000068f        0x1 ./source/i2c.o
 *(SORT_BY_ALIGNMENT(COMMON))
                0x20000690                . = ALIGN (0x8)
                0x20000690                _ebss = .
                [!provide]                PROVIDE (end, .)

.noinit_RAM2    0x1fff0000        0x0
 *(SORT_BY_ALIGNMENT(.noinit.$RAM2*))
 *(SORT_BY_ALIGNMENT(.noinit.$SRAM_LOWER*))
                0x1fff0000                . = ALIGN (0x8)

.noinit_RAM3    0x14000000        0x0
 *(SORT_BY_ALIGNMENT(.noinit.$RAM3*))
 *(SORT_BY_ALIGNMENT(.noinit.$FLEX_RAM*))
                0x14000000                . = ALIGN (0x8)

.noinit         0x20000690        0x0
                0x20000690                _noinit = .
 *(SORT_BY_ALIGNMENT(.noinit*))
                0x20000690                . = ALIGN (0x8)
                0x20000690                _end_noinit = .
                0x00001000                _HeapSize = 0x1000

.heap           0x20000690     0x1000
                0x20000690                _pvHeapStart = .
                0x20001690                . = (. + _HeapSize)
 *fill*         0x20000690     0x1000 
                0x20001690                . = ALIGN (0x8)
                0x20001690                _pvHeapLimit = .
                0x00001000                _StackSize = 0x1000

.heap2stackfill
                0x20001690     0x1000
                0x20002690                . = (. + _StackSize)
 *fill*         0x20001690     0x1000 

.stack          0x2002f000        0x0
                0x2002f000                _vStackBase = .
                0x2002f000                . = ALIGN (0x8)
                0x20030000                _vStackTop = (. + _StackSize)
                0x00000000                _image_start = LOADADDR (.text)
                0x000019a8                _image_end = (LOADADDR (.data) + SIZEOF (.data))
                0x000019a8                _image_size = (_image_end - _image_start)
OUTPUT(Blink.axf elf32-littlearm)

.debug_info     0x00000000     0x6614
 .debug_info    0x00000000      0x9d7 ./source/App.o
 .debug_info    0x000009d7     0x10be ./source/CAN.o
 .debug_info    0x00001a95      0x32d ./source/ExternalManager.o
 .debug_info    0x00001dc2      0xe72 ./source/SPI.o
 .debug_info    0x00002c34      0x526 ./source/SysTick.o
 .debug_info    0x0000315a      0xb36 ./source/UART.o
 .debug_info    0x00003c90      0x706 ./source/gpio.o
 .debug_info    0x00004396      0xc6b ./source/i2c.o
 .debug_info    0x00005001      0x675 ./SDK/startup/hardware.o
 .debug_info    0x00005676       0xb7 ./SDK/startup/main.o
 .debug_info    0x0000572d       0x3b ./SDK/startup/semihost_hardfault.o
 .debug_info    0x00005768      0x8b0 ./SDK/startup/startup_mk64f12.o
 .debug_info    0x00006018      0x5fc ./SDK/CMSIS/system_MK64F12.o

.debug_abbrev   0x00000000     0x150c
 .debug_abbrev  0x00000000      0x227 ./source/App.o
 .debug_abbrev  0x00000227      0x2f2 ./source/CAN.o
 .debug_abbrev  0x00000519      0x124 ./source/ExternalManager.o
 .debug_abbrev  0x0000063d      0x28a ./source/SPI.o
 .debug_abbrev  0x000008c7      0x1a0 ./source/SysTick.o
 .debug_abbrev  0x00000a67      0x21c ./source/UART.o
 .debug_abbrev  0x00000c83      0x1a7 ./source/gpio.o
 .debug_abbrev  0x00000e2a      0x263 ./source/i2c.o
 .debug_abbrev  0x0000108d      0x138 ./SDK/startup/hardware.o
 .debug_abbrev  0x000011c5       0x7d ./SDK/startup/main.o
 .debug_abbrev  0x00001242       0x2f ./SDK/startup/semihost_hardfault.o
 .debug_abbrev  0x00001271      0x15c ./SDK/startup/startup_mk64f12.o
 .debug_abbrev  0x000013cd      0x13f ./SDK/CMSIS/system_MK64F12.o

.debug_aranges  0x00000000      0x660
 .debug_aranges
                0x00000000       0x38 ./source/App.o
 .debug_aranges
                0x00000038       0x88 ./source/CAN.o
 .debug_aranges
                0x000000c0       0x38 ./source/ExternalManager.o
 .debug_aranges
                0x000000f8       0x40 ./source/SPI.o
 .debug_aranges
                0x00000138       0x30 ./source/SysTick.o
 .debug_aranges
                0x00000168       0x58 ./source/UART.o
 .debug_aranges
                0x000001c0       0x70 ./source/gpio.o
 .debug_aranges
                0x00000230       0x60 ./source/i2c.o
 .debug_aranges
                0x00000290       0x30 ./SDK/startup/hardware.o
 .debug_aranges
                0x000002c0       0x20 ./SDK/startup/main.o
 .debug_aranges
                0x000002e0       0x20 ./SDK/startup/semihost_hardfault.o
 .debug_aranges
                0x00000300      0x330 ./SDK/startup/startup_mk64f12.o
 .debug_aranges
                0x00000630       0x30 ./SDK/CMSIS/system_MK64F12.o

.debug_ranges   0x00000000      0x590
 .debug_ranges  0x00000000       0x28 ./source/App.o
 .debug_ranges  0x00000028       0x78 ./source/CAN.o
 .debug_ranges  0x000000a0       0x28 ./source/ExternalManager.o
 .debug_ranges  0x000000c8       0x30 ./source/SPI.o
 .debug_ranges  0x000000f8       0x20 ./source/SysTick.o
 .debug_ranges  0x00000118       0x48 ./source/UART.o
 .debug_ranges  0x00000160       0x60 ./source/gpio.o
 .debug_ranges  0x000001c0       0x50 ./source/i2c.o
 .debug_ranges  0x00000210       0x20 ./SDK/startup/hardware.o
 .debug_ranges  0x00000230       0x10 ./SDK/startup/main.o
 .debug_ranges  0x00000240       0x10 ./SDK/startup/semihost_hardfault.o
 .debug_ranges  0x00000250      0x320 ./SDK/startup/startup_mk64f12.o
 .debug_ranges  0x00000570       0x20 ./SDK/CMSIS/system_MK64F12.o

.debug_macro    0x00000000    0x1325b
 .debug_macro   0x00000000      0x139 ./source/App.o
 .debug_macro   0x00000139      0xa5a ./source/App.o
 .debug_macro   0x00000b93      0x34e ./source/App.o
 .debug_macro   0x00000ee1       0x16 ./source/App.o
 .debug_macro   0x00000ef7       0x22 ./source/App.o
 .debug_macro   0x00000f19       0x22 ./source/App.o
 .debug_macro   0x00000f3b       0x17 ./source/App.o
 .debug_macro   0x00000f52       0x22 ./source/App.o
 .debug_macro   0x00000f74       0x52 ./source/App.o
 .debug_macro   0x00000fc6       0x8d ./source/App.o
 .debug_macro   0x00001053       0x35 ./source/App.o
 .debug_macro   0x00001088       0x9c ./source/App.o
 .debug_macro   0x00001124       0x16 ./source/App.o
 .debug_macro   0x0000113a      0x10e ./source/App.o
 .debug_macro   0x00001248       0x8d ./source/App.o
 .debug_macro   0x000012d5       0x57 ./source/App.o
 .debug_macro   0x0000132c       0x58 ./source/App.o
 .debug_macro   0x00001384       0x1f ./source/App.o
 .debug_macro   0x000013a3       0x43 ./source/App.o
 .debug_macro   0x000013e6       0x20 ./source/App.o
 .debug_macro   0x00001406      0x18e ./source/App.o
 .debug_macro   0x00001594      0x330 ./source/App.o
 .debug_macro   0x000018c4       0x16 ./source/App.o
 .debug_macro   0x000018da       0x29 ./source/App.o
 .debug_macro   0x00001903       0x1c ./source/App.o
 .debug_macro   0x0000191f      0x30c ./source/CAN.o
 .debug_macro   0x00001c2b       0x22 ./source/CAN.o
 .debug_macro   0x00001c4d       0x10 ./source/CAN.o
 .debug_macro   0x00001c5d       0x5c ./source/CAN.o
 .debug_macro   0x00001cb9       0x1c ./source/CAN.o
 .debug_macro   0x00001cd5       0x22 ./source/CAN.o
 .debug_macro   0x00001cf7       0xdf ./source/CAN.o
 .debug_macro   0x00001dd6      0xecf ./source/CAN.o
 .debug_macro   0x00002ca5       0x48 ./source/CAN.o
 .debug_macro   0x00002ced     0xe07b ./source/CAN.o
 .debug_macro   0x00010d68     0x122b ./source/CAN.o
 .debug_macro   0x00011f93       0x16 ./source/CAN.o
 .debug_macro   0x00011fa9       0x46 ./source/CAN.o
 .debug_macro   0x00011fef       0x58 ./source/CAN.o
 .debug_macro   0x00012047       0x16 ./source/CAN.o
 .debug_macro   0x0001205d       0x97 ./source/CAN.o
 .debug_macro   0x000120f4      0x32a ./source/CAN.o
 .debug_macro   0x0001241e       0xfd ./source/CAN.o
 .debug_macro   0x0001251b       0x10 ./source/CAN.o
 .debug_macro   0x0001252b       0x10 ./source/CAN.o
 .debug_macro   0x0001253b       0x6a ./source/CAN.o
 .debug_macro   0x000125a5       0x1c ./source/CAN.o
 .debug_macro   0x000125c1       0x52 ./source/CAN.o
 .debug_macro   0x00012613       0x40 ./source/CAN.o
 .debug_macro   0x00012653       0x10 ./source/CAN.o
 .debug_macro   0x00012663       0x40 ./source/CAN.o
 .debug_macro   0x000126a3       0xd7 ./source/CAN.o
 .debug_macro   0x0001277a       0x1c ./source/CAN.o
 .debug_macro   0x00012796       0x3d ./source/CAN.o
 .debug_macro   0x000127d3       0x16 ./source/CAN.o
 .debug_macro   0x000127e9      0x16f ./source/CAN.o
 .debug_macro   0x00012958       0x7b ./source/ExternalManager.o
 .debug_macro   0x000129d3       0x1c ./source/ExternalManager.o
 .debug_macro   0x000129ef       0x1c ./source/ExternalManager.o
 .debug_macro   0x00012a0b       0x10 ./source/ExternalManager.o
 .debug_macro   0x00012a1b       0x1c ./source/ExternalManager.o
 .debug_macro   0x00012a37      0x24c ./source/SPI.o
 .debug_macro   0x00012c83       0xac ./source/SysTick.o
 .debug_macro   0x00012d2f       0xf1 ./source/UART.o
 .debug_macro   0x00012e20       0x16 ./source/UART.o
 .debug_macro   0x00012e36       0x5e ./source/UART.o
 .debug_macro   0x00012e94       0xab ./source/gpio.o
 .debug_macro   0x00012f3f      0x12a ./source/i2c.o
 .debug_macro   0x00013069       0x9c ./SDK/startup/hardware.o
 .debug_macro   0x00013105       0x9c ./SDK/startup/main.o
 .debug_macro   0x000131a1       0x11 ./SDK/startup/semihost_hardfault.o
 .debug_macro   0x000131b2       0x29 ./SDK/startup/startup_mk64f12.o
 .debug_macro   0x000131db       0x80 ./SDK/CMSIS/system_MK64F12.o

.debug_line     0x00000000     0x2485
 .debug_line    0x00000000      0x2d9 ./source/App.o
 .debug_line    0x000002d9      0x53d ./source/CAN.o
 .debug_line    0x00000816      0x178 ./source/ExternalManager.o
 .debug_line    0x0000098e      0x448 ./source/SPI.o
 .debug_line    0x00000dd6      0x1b6 ./source/SysTick.o
 .debug_line    0x00000f8c      0x252 ./source/UART.o
 .debug_line    0x000011de      0x299 ./source/gpio.o
 .debug_line    0x00001477      0x3cd ./source/i2c.o
 .debug_line    0x00001844      0x1d4 ./SDK/startup/hardware.o
 .debug_line    0x00001a18      0x175 ./SDK/startup/main.o
 .debug_line    0x00001b8d       0x59 ./SDK/startup/semihost_hardfault.o
 .debug_line    0x00001be6      0x6d8 ./SDK/startup/startup_mk64f12.o
 .debug_line    0x000022be      0x1c7 ./SDK/CMSIS/system_MK64F12.o

.debug_str      0x00000000    0x7d828
 .debug_str     0x00000000     0x6ba0 ./source/App.o
                               0x6def (size before relaxing)
 .debug_str     0x00006ba0    0x75690 ./source/CAN.o
                              0x7c272 (size before relaxing)
 .debug_str     0x0007c230      0x16e ./source/ExternalManager.o
                               0x3aa5 (size before relaxing)
 .debug_str     0x0007c39e      0x22f ./source/SPI.o
                              0x7bb2d (size before relaxing)
 .debug_str     0x0007c5cd       0x93 ./source/SysTick.o
                              0x775b9 (size before relaxing)
 .debug_str     0x0007c660      0x19f ./source/UART.o
                              0x77a48 (size before relaxing)
 .debug_str     0x0007c7ff      0x129 ./source/gpio.o
                              0x772a0 (size before relaxing)
 .debug_str     0x0007c928      0x538 ./source/i2c.o
                              0x77d90 (size before relaxing)
 .debug_str     0x0007ce60      0x167 ./SDK/startup/hardware.o
                              0x771f7 (size before relaxing)
 .debug_str     0x0007cfc7       0x1b ./SDK/startup/main.o
                              0x76fcb (size before relaxing)
 .debug_str     0x0007cfe2       0x36 ./SDK/startup/semihost_hardfault.o
                               0x2d31 (size before relaxing)
 .debug_str     0x0007d018      0x7ae ./SDK/startup/startup_mk64f12.o
                               0x359f (size before relaxing)
 .debug_str     0x0007d7c6       0x62 ./SDK/CMSIS/system_MK64F12.o
                              0x77106 (size before relaxing)

.comment        0x00000000       0x7e
 .comment       0x00000000       0x7e ./source/App.o
                                 0x7f (size before relaxing)
 .comment       0x0000007e       0x7f ./source/CAN.o
 .comment       0x0000007e       0x7f ./source/ExternalManager.o
 .comment       0x0000007e       0x7f ./source/SPI.o
 .comment       0x0000007e       0x7f ./source/SysTick.o
 .comment       0x0000007e       0x7f ./source/UART.o
 .comment       0x0000007e       0x7f ./source/gpio.o
 .comment       0x0000007e       0x7f ./source/i2c.o
 .comment       0x0000007e       0x7f ./SDK/startup/hardware.o
 .comment       0x0000007e       0x7f ./SDK/startup/main.o
 .comment       0x0000007e       0x7f ./SDK/startup/semihost_hardfault.o
 .comment       0x0000007e       0x7f ./SDK/startup/startup_mk64f12.o
 .comment       0x0000007e       0x7f ./SDK/CMSIS/system_MK64F12.o

.ARM.attributes
                0x00000000       0x39
 .ARM.attributes
                0x00000000       0x39 ./source/App.o
 .ARM.attributes
                0x00000039       0x39 ./source/CAN.o
 .ARM.attributes
                0x00000072       0x39 ./source/ExternalManager.o
 .ARM.attributes
                0x000000ab       0x39 ./source/SPI.o
 .ARM.attributes
                0x000000e4       0x39 ./source/SysTick.o
 .ARM.attributes
                0x0000011d       0x39 ./source/UART.o
 .ARM.attributes
                0x00000156       0x39 ./source/gpio.o
 .ARM.attributes
                0x0000018f       0x39 ./source/i2c.o
 .ARM.attributes
                0x000001c8       0x39 ./SDK/startup/hardware.o
 .ARM.attributes
                0x00000201       0x39 ./SDK/startup/main.o
 .ARM.attributes
                0x0000023a       0x39 ./SDK/startup/semihost_hardfault.o
 .ARM.attributes
                0x00000273       0x39 ./SDK/startup/startup_mk64f12.o
 .ARM.attributes
                0x000002ac       0x39 ./SDK/CMSIS/system_MK64F12.o

.debug_frame    0x00000000     0x1344
 .debug_frame   0x00000000       0x8c ./source/App.o
 .debug_frame   0x0000008c      0x1f4 ./source/CAN.o
 .debug_frame   0x00000280       0xac ./source/ExternalManager.o
 .debug_frame   0x0000032c       0xb8 ./source/SPI.o
 .debug_frame   0x000003e4       0x88 ./source/SysTick.o
 .debug_frame   0x0000046c      0x144 ./source/UART.o
 .debug_frame   0x000005b0      0x1f0 ./source/gpio.o
 .debug_frame   0x000007a0      0x170 ./source/i2c.o
 .debug_frame   0x00000910       0x70 ./SDK/startup/hardware.o
 .debug_frame   0x00000980       0x2c ./SDK/startup/main.o
 .debug_frame   0x000009ac       0x20 ./SDK/startup/semihost_hardfault.o
 .debug_frame   0x000009cc      0x904 ./SDK/startup/startup_mk64f12.o
 .debug_frame   0x000012d0       0x74 ./SDK/CMSIS/system_MK64F12.o
