Archive member included to satisfy reference by file (symbol)

c:/nxp/mcuxpressoide_10.2.0_759/ide/tools/bin/../lib/gcc/arm-none-eabi/7.2.1/../../../../arm-none-eabi/lib/thumb/v7e-m/fpv4-sp/hard\libcr_c.a(fabsf.o)
                              ./source/Posicionamiento.o (fabsf)
c:/nxp/mcuxpressoide_10.2.0_759/ide/tools/bin/../lib/gcc/arm-none-eabi/7.2.1/../../../../arm-none-eabi/lib/thumb/v7e-m/fpv4-sp/hard\libcr_c.a(atan.o)
                              ./source/Posicionamiento.o (atan)
c:/nxp/mcuxpressoide_10.2.0_759/ide/tools/bin/../lib/gcc/arm-none-eabi/7.2.1/../../../../arm-none-eabi/lib/thumb/v7e-m/fpv4-sp/hard\libcr_c.a(fabs.o)
                              c:/nxp/mcuxpressoide_10.2.0_759/ide/tools/bin/../lib/gcc/arm-none-eabi/7.2.1/../../../../arm-none-eabi/lib/thumb/v7e-m/fpv4-sp/hard\libcr_c.a(atan.o) (fabs)
c:/nxp/mcuxpressoide_10.2.0_759/ide/tools/bin/../lib/gcc/arm-none-eabi/7.2.1/thumb/v7e-m/fpv4-sp/hard\libcr_eabihelpers.a(double.o)
                              ./source/Posicionamiento.o (__aeabi_dmul)
c:/nxp/mcuxpressoide_10.2.0_759/ide/tools/bin/../lib/gcc/arm-none-eabi/7.2.1/thumb/v7e-m/fpv4-sp/hard\libcr_eabihelpers.a(float.o)
                              ./source/Posicionamiento.o (__aeabi_f2d)

Discarded input sections

 .group         0x00000000        0xc ./source/App.o
 .group         0x00000000        0xc ./source/App.o
 .group         0x00000000        0xc ./source/App.o
 .group         0x00000000        0xc ./source/App.o
 .group         0x00000000        0xc ./source/App.o
 .group         0x00000000        0xc ./source/App.o
 .group         0x00000000        0xc ./source/App.o
 .group         0x00000000        0xc ./source/App.o
 .group         0x00000000        0xc ./source/App.o
 .group         0x00000000        0xc ./source/App.o
 .group         0x00000000        0xc ./source/App.o
 .group         0x00000000        0xc ./source/App.o
 .group         0x00000000        0xc ./source/App.o
 .group         0x00000000        0xc ./source/App.o
 .group         0x00000000        0xc ./source/App.o
 .group         0x00000000        0xc ./source/App.o
 .group         0x00000000        0xc ./source/App.o
 .group         0x00000000        0xc ./source/App.o
 .group         0x00000000        0xc ./source/App.o
 .group         0x00000000        0xc ./source/App.o
 .group         0x00000000        0xc ./source/App.o
 .group         0x00000000        0xc ./source/App.o
 .group         0x00000000        0xc ./source/App.o
 .group         0x00000000        0xc ./source/App.o
 .text          0x00000000        0x0 ./source/App.o
 .data          0x00000000        0x0 ./source/App.o
 .bss           0x00000000        0x0 ./source/App.o
 .group         0x00000000        0xc ./source/CAN.o
 .group         0x00000000        0xc ./source/CAN.o
 .group         0x00000000        0xc ./source/CAN.o
 .group         0x00000000        0xc ./source/CAN.o
 .group         0x00000000        0xc ./source/CAN.o
 .group         0x00000000        0xc ./source/CAN.o
 .group         0x00000000        0xc ./source/CAN.o
 .group         0x00000000        0xc ./source/CAN.o
 .group         0x00000000        0xc ./source/CAN.o
 .group         0x00000000        0xc ./source/CAN.o
 .group         0x00000000        0xc ./source/CAN.o
 .group         0x00000000        0xc ./source/CAN.o
 .group         0x00000000        0xc ./source/CAN.o
 .group         0x00000000        0xc ./source/CAN.o
 .group         0x00000000        0xc ./source/CAN.o
 .group         0x00000000        0xc ./source/CAN.o
 .group         0x00000000        0xc ./source/CAN.o
 .group         0x00000000        0xc ./source/CAN.o
 .group         0x00000000        0xc ./source/CAN.o
 .group         0x00000000        0xc ./source/CAN.o
 .group         0x00000000        0xc ./source/CAN.o
 .group         0x00000000        0xc ./source/CAN.o
 .group         0x00000000        0xc ./source/CAN.o
 .group         0x00000000        0xc ./source/CAN.o
 .group         0x00000000        0xc ./source/CAN.o
 .group         0x00000000        0xc ./source/CAN.o
 .group         0x00000000        0xc ./source/CAN.o
 .group         0x00000000        0xc ./source/CAN.o
 .group         0x00000000        0xc ./source/CAN.o
 .group         0x00000000        0xc ./source/CAN.o
 .group         0x00000000        0xc ./source/CAN.o
 .group         0x00000000        0xc ./source/CAN.o
 .group         0x00000000        0xc ./source/CAN.o
 .group         0x00000000        0xc ./source/CAN.o
 .group         0x00000000        0xc ./source/CAN.o
 .group         0x00000000        0xc ./source/CAN.o
 .group         0x00000000        0xc ./source/CAN.o
 .group         0x00000000        0xc ./source/CAN.o
 .group         0x00000000        0xc ./source/CAN.o
 .group         0x00000000        0xc ./source/CAN.o
 .group         0x00000000        0xc ./source/CAN.o
 .group         0x00000000        0xc ./source/CAN.o
 .group         0x00000000        0xc ./source/CAN.o
[...]
Memory Configuration

Name             Origin             Length             Attributes
PROGRAM_FLASH    0x00000000         0x00100000         xr
SRAM_UPPER       0x20000000         0x00030000         xrw
SRAM_LOWER       0x1fff0000         0x00010000         xrw
FLEX_RAM         0x14000000         0x00001000         xrw
*default*        0x00000000         0xffffffff

Linker script and memory map

LOAD ./source/App.o
LOAD ./source/CAN.o
LOAD ./source/ExternalManager.o
LOAD ./source/Posicionamiento.o
LOAD ./source/SPI.o
LOAD ./source/Sensores.o
LOAD ./source/SysTick.o
LOAD ./source/UART.o
LOAD ./source/gpio.o
LOAD ./source/i2c.o
LOAD ./source/timer.o
LOAD ./SDK/startup/hardware.o
LOAD ./SDK/startup/main.o
LOAD ./SDK/startup/semihost_hardfault.o
LOAD ./SDK/startup/startup_mk64f12.o
LOAD ./SDK/CMSIS/system_MK64F12.o
START GROUP
LOAD c:/nxp/mcuxpressoide_10.2.0_759/ide/tools/bin/../lib/gcc/arm-none-eabi/7.2.1/../../../../arm-none-eabi/lib/thumb/v7e-m/fpv4-sp/hard\libcr_c.a
LOAD c:/nxp/mcuxpressoide_10.2.0_759/ide/tools/bin/../lib/gcc/arm-none-eabi/7.2.1/thumb/v7e-m/fpv4-sp/hard\libcr_eabihelpers.a
END GROUP
                0x00000000                __base_PROGRAM_FLASH = 0x0
                0x00000000                __base_Flash = 0x0
                0x00100000                __top_PROGRAM_FLASH = 0x100000
                0x00100000                __top_Flash = 0x100000
                0x20000000                __base_SRAM_UPPER = 0x20000000
                0x20000000                __base_RAM = 0x20000000
                0x20030000                __top_SRAM_UPPER = 0x20030000
                0x20030000                __top_RAM = 0x20030000
                0x1fff0000                __base_SRAM_LOWER = 0x1fff0000
                0x1fff0000                __base_RAM2 = 0x1fff0000
                0x20000000                __top_SRAM_LOWER = 0x20000000
                0x20000000                __top_RAM2 = 0x20000000
                0x14000000                __base_FLEX_RAM = 0x14000000
                0x14000000                __base_RAM3 = 0x14000000
                0x14001000                __top_FLEX_RAM = 0x14001000
                0x14001000                __top_RAM3 = 0x14001000

.text           0x00000000     0x2be0
 FILL mask 0xff
                0x00000000                __vectors_start__ = ABSOLUTE (.)
 *(SORT_BY_ALIGNMENT(.isr_vector))
 .isr_vector    0x00000000      0x198 ./SDK/startup/startup_mk64f12.o
                0x00000000                g_pfnVectors
                0x00000000                __Vectors
                0x00000198                . = ALIGN (0x4)
                0x00000198                __section_table_start = .
                0x00000198                __data_section_table = .
                0x00000198        0x4 LONG 0x2be0 LOADADDR (.data)
                0x0000019c        0x4 LONG 0x20000000 ADDR (.data)
                0x000001a0        0x4 LONG 0x58 SIZEOF (.data)
                0x000001a4        0x4 LONG 0x2be0 LOADADDR (.data_RAM2)
                0x000001a8        0x4 LONG 0x1fff0000 ADDR (.data_RAM2)
                0x000001ac        0x4 LONG 0x0 SIZEOF (.data_RAM2)
                0x000001b0        0x4 LONG 0x2be0 LOADADDR (.data_RAM3)
                0x000001b4        0x4 LONG 0x14000000 ADDR (.data_RAM3)
                0x000001b8        0x4 LONG 0x0 SIZEOF (.data_RAM3)
                0x000001bc                __data_section_table_end = .
                0x000001bc                __bss_section_table = .
                0x000001bc        0x4 LONG 0x20000058 ADDR (.bss)
                0x000001c0        0x4 LONG 0x748 SIZEOF (.bss)
                0x000001c4        0x4 LONG 0x1fff0000 ADDR (.bss_RAM2)
                0x000001c8        0x4 LONG 0x0 SIZEOF (.bss_RAM2)
                0x000001cc        0x4 LONG 0x14000000 ADDR (.bss_RAM3)
                0x000001d0        0x4 LONG 0x0 SIZEOF (.bss_RAM3)
                0x000001d4                __bss_section_table_end = .
                0x000001d4                __section_table_end = .
 *(SORT_BY_ALIGNMENT(.after_vectors*))
 .after_vectors.reset
                0x000001d4       0x4c ./SDK/startup/startup_mk64f12.o
                0x000001d4                ResetISR
 .after_vectors.init_data
                0x00000220       0x1e ./SDK/startup/startup_mk64f12.o
                0x00000220                data_init
 .after_vectors.init_bss
                0x0000023e       0x12 ./SDK/startup/startup_mk64f12.o
                0x0000023e                bss_init
 .after_vectors
                0x00000250       0x14 ./SDK/startup/startup_mk64f12.o
                0x00000250                NMI_Handler
                0x00000254                MemManage_Handler
                0x00000256                BusFault_Handler
                0x00000258                UsageFault_Handler
                0x0000025a                SVC_Handler
                0x0000025c                DebugMon_Handler
                0x0000025e                PendSV_Handler
                0x00000262                DMA_Error_DriverIRQHandler
                0x00000262                LPTMR0_DriverIRQHandler
                0x00000262                FTM1_DriverIRQHandler
                0x00000262                FTM2_DriverIRQHandler
                0x00000262                PIT2_DriverIRQHandler
                0x00000262                SDHC_DriverIRQHandler
                0x00000262                I2S0_Tx_DriverIRQHandler
                0x00000262                RTC_Seconds_DriverIRQHandler
                0x00000262                DMA6_DriverIRQHandler
                0x00000262                LLWU_DriverIRQHandler
                0x00000262                MCM_DriverIRQHandler
                0x00000262                MCG_DriverIRQHandler
                0x00000262                ENET_1588_Timer_DriverIRQHandler
                0x00000262                I2C2_DriverIRQHandler
                0x00000262                DAC1_DriverIRQHandler
                0x00000262                SPI1_DriverIRQHandler
                0x00000262                CMP1_DriverIRQHandler
                0x00000262                UART5_RX_TX_DriverIRQHandler
                0x00000262                FTM0_DriverIRQHandler
                0x00000262                IntDefaultHandler
                0x00000262                USB0_DriverIRQHandler
                0x00000262                UART5_ERR_DriverIRQHandler
                0x00000262                PORTC_DriverIRQHandler
                0x00000262                DMA11_DriverIRQHandler
                0x00000262                DAC0_DriverIRQHandler
                0x00000262                DMA10_DriverIRQHandler
                0x00000262                CMP2_DriverIRQHandler
                0x00000262                UART2_ERR_DriverIRQHandler
                0x00000262                SPI2_DriverIRQHandler
                0x00000262                LVD_LVW_DriverIRQHandler
                0x00000262                PIT0_DriverIRQHandler
                0x00000262                RNG_DriverIRQHandler
                0x00000262                DMA5_DriverIRQHandler
                0x00000262                DMA12_DriverIRQHandler
                0x00000262                UART2_RX_TX_DriverIRQHandler
                0x00000262                USBDCD_DriverIRQHandler
                0x00000262                UART3_ERR_DriverIRQHandler
                0x00000262                DMA3_DriverIRQHandler
                0x00000262                DMA8_DriverIRQHandler
                0x00000262                DMA9_DriverIRQHandler
                0x00000262                UART0_ERR_DriverIRQHandler
                0x00000262                CMT_DriverIRQHandler
                0x00000262                Reserved71_DriverIRQHandler
                0x00000262                ADC1_DriverIRQHandler
                0x00000262                PORTA_DriverIRQHandler
                0x00000262                DMA14_DriverIRQHandler
                0x00000262                PIT3_DriverIRQHandler
                0x00000262                PIT1_DriverIRQHandler
                0x00000262                WDOG_EWM_DriverIRQHandler
                0x00000262                PDB0_DriverIRQHandler
                0x00000262                RTC_DriverIRQHandler
                0x00000262                I2S0_Rx_DriverIRQHandler
                0x00000262                Read_Collision_DriverIRQHandler
                0x00000262                SWI_DriverIRQHandler
                0x00000262                UART4_RX_TX_DriverIRQHandler
                0x00000262                UART4_ERR_DriverIRQHandler
                0x00000262                PORTB_DriverIRQHandler
                0x00000262                UART0_LON_DriverIRQHandler
                0x00000262                DMA0_DriverIRQHandler
                0x00000262                DMA1_DriverIRQHandler
                0x00000262                I2C1_DriverIRQHandler
                0x00000262                UART3_RX_TX_DriverIRQHandler
                0x00000262                ENET_Receive_DriverIRQHandler
                0x00000262                DMA13_DriverIRQHandler
                0x00000262                ENET_Error_DriverIRQHandler
                0x00000262                DMA15_DriverIRQHandler
                0x00000262                UART0_RX_TX_DriverIRQHandler
                0x00000262                SPI0_DriverIRQHandler
                0x00000262                ADC0_DriverIRQHandler
                0x00000262                CMP0_DriverIRQHandler
                0x00000262                CAN0_DriverIRQHandler
                0x00000262                FTM3_DriverIRQHandler
                0x00000262                DMA4_DriverIRQHandler
                0x00000262                UART1_ERR_DriverIRQHandler
                0x00000262                DMA2_DriverIRQHandler
                0x00000262                ENET_Transmit_DriverIRQHandler
                0x00000262                PORTD_DriverIRQHandler
                0x00000262                PORTE_DriverIRQHandler
                0x00000262                FTFE_DriverIRQHandler
                0x00000262                I2C0_DriverIRQHandler
                0x00000262                DMA7_DriverIRQHandler
                0x00000262                UART1_RX_TX_DriverIRQHandler
                0x00000400                . = 0x400
 *fill*         0x00000264      0x19c ff
                0x00000400                PROVIDE (__FLASH_CONFIG_START__, .)
 *(SORT_BY_ALIGNMENT(.FlashConfig))
 .FlashConfig   0x00000400       0x10 ./SDK/startup/startup_mk64f12.o
                0x00000400                Flash_Config
                0x00000410                PROVIDE (__FLASH_CONFIG_END__, .)
                0x00000001                ASSERT (! ((__FLASH_CONFIG_START__ == __FLASH_CONFIG_END__)), Linker Flash Config Support Enabled, but no .FlashConfig section provided within application)
 *(SORT_BY_ALIGNMENT(.text*))
 .text.Position_CalculateRoll
                0x00000410      0x1b8 ./source/Posicionamiento.o
                0x00000410                Position_CalculateRoll
 .text.Position_CalculatePitching
                0x000005c8      0x1b8 ./source/Posicionamiento.o
                0x000005c8                Position_CalculatePitching
 .text.Position_CalculateOrientation
                0x00000780      0x1e8 ./source/Posicionamiento.o
                0x00000780                Position_CalculateOrientation
 .text.atan     0x00000968      0x224 c:/nxp/mcuxpressoide_10.2.0_759/ide/tools/bin/../lib/gcc/arm-none-eabi/7.2.1/../../../../arm-none-eabi/lib/thumb/v7e-m/fpv4-sp/hard\libcr_c.a(atan.o)
                0x00000968                atan
 .text.test     0x00000b8c       0x70 ./source/App.o
                0x00000b8c                test
 .text.periodicRefresh
                0x00000bfc       0x94 ./source/App.o
                0x00000bfc                periodicRefresh
 .text.App_Init
                0x00000c90       0x5c ./source/App.o
                0x00000c90                App_Init
 .text.ExternManager_MakeCANMsj
                0x00000cec      0x144 ./source/ExternalManager.o
                0x00000cec                ExternManager_MakeCANMsj
 .text.ExternManager_send2Ext
                0x00000e30       0xa0 ./source/ExternalManager.o
                0x00000e30                ExternManager_send2Ext
 .text.Position_InitDrv
                0x00000ed0       0x40 ./source/Posicionamiento.o
                0x00000ed0                Position_InitDrv
 .text.callback_updatePos
                0x00000f10       0x2c ./source/Posicionamiento.o
                0x00000f10                callback_updatePos
 .text.Position_Update
                0x00000f3c       0x24 ./source/Posicionamiento.o
                0x00000f3c                Position_Update
 .text.Position_GetRoll
                0x00000f60       0x18 ./source/Posicionamiento.o
                0x00000f60                Position_GetRoll
 .text.Position_GetPitch
                0x00000f78       0x18 ./source/Posicionamiento.o
                0x00000f78                Position_GetPitch
 .text.Position_GetOrientation
                0x00000f90       0x18 ./source/Posicionamiento.o
                0x00000f90                Position_GetOrientation
 .text.Position_GetChangeEvent
                0x00000fa8       0x50 ./source/Posicionamiento.o
                0x00000fa8                Position_GetChangeEvent
 .text.startTrasmissionReception
                0x00000ff8       0x24 ./source/SPI.o
 .text.stopTrasmissionReception
                0x0000101c       0x24 ./source/SPI.o
 .text.SPI_driver_sendRecive
                0x00001040       0xd0 ./source/SPI.o
                0x00001040                SPI_driver_sendRecive
 .text.callback_init
                0x00001110       0x18 ./source/Sensores.o
 .text.callback_read
                0x00001128       0xe0 ./source/Sensores.o
 .text._mqx_ints_FXOS8700CQ_start
                0x00001208      0x168 ./source/Sensores.o
                0x00001208                _mqx_ints_FXOS8700CQ_start
 .text.ReadAccelMagnData
                0x00001370       0x4c ./source/Sensores.o
                0x00001370                ReadAccelMagnData
 .text.__NVIC_EnableIRQ
                0x000013bc       0x3c ./source/SysTick.o
 .text.SysTick_Init
                0x000013f8       0x4c ./source/SysTick.o
                0x000013f8                SysTick_Init
 .text.SysTick_Handler
                0x00001444       0x24 ./source/SysTick.o
                0x00001444                SysTick_Handler
 .text.UART0_RX_TX_IRQHandler
                0x00001468       0xf4 ./source/UART.o
                0x00001468                UART0_RX_TX_IRQHandler
 .text.PORTD_IRQHandler
                0x0000155c       0x64 ./source/gpio.o
                0x0000155c                PORTD_IRQHandler
 .text.PORTA_IRQHandler
                0x000015c0       0x5c ./source/gpio.o
                0x000015c0                PORTA_IRQHandler
 .text.PORTB_IRQHandler
                0x0000161c       0x64 ./source/gpio.o
                0x0000161c                PORTB_IRQHandler
 .text.PORTE_IRQHandler
                0x00001680       0x64 ./source/gpio.o
                0x00001680                PORTE_IRQHandler
 .text.PORTC_IRQHandler
                0x000016e4       0x64 ./source/gpio.o
                0x000016e4                PORTC_IRQHandler
 .text.PORT_ClearInterruptFlag
                0x00001748       0x48 ./source/gpio.o
                0x00001748                PORT_ClearInterruptFlag
 .text.__NVIC_EnableIRQ
                0x00001790       0x3c ./source/i2c.o
 .text.I2C0_IRQHandler
                0x000017cc      0x22c ./source/i2c.o
                0x000017cc                I2C0_IRQHandler
 .text.finish_com
                0x000019f8       0x88 ./source/i2c.o
 .text.i2cInit  0x00001a80      0x15c ./source/i2c.o
                0x00001a80                i2cInit
 .text.i2cReadMsg
                0x00001bdc       0xac ./source/i2c.o
                0x00001bdc                i2cReadMsg
 .text.i2cWriteMsg
                0x00001c88       0xac ./source/i2c.o
                0x00001c88                i2cWriteMsg
 .text.timerInit
                0x00001d34       0x28 ./source/timer.o
                0x00001d34                timerInit
 .text.timerGetId
                0x00001d5c       0x2c ./source/timer.o
                0x00001d5c                timerGetId
 .text.timerStart
                0x00001d88       0xa4 ./source/timer.o
                0x00001d88                timerStart
 .text.timerStop
                0x00001e2c       0x30 ./source/timer.o
                0x00001e2c                timerStop
 .text.timerExpired
                0x00001e5c       0x44 ./source/timer.o
                0x00001e5c                timerExpired
 .text.timer_isr
                0x00001ea0       0xdc ./source/timer.o
 .text.hw_Init  0x00001f7c      0x10c ./SDK/startup/hardware.o
                0x00001f7c                hw_Init
 .text.SystemInit
                0x00002088       0x3c ./SDK/CMSIS/system_MK64F12.o
                0x00002088                SystemInit
 .text.__aeabi_dmul
                0x000020c4      0x11c c:/nxp/mcuxpressoide_10.2.0_759/ide/tools/bin/../lib/gcc/arm-none-eabi/7.2.1/thumb/v7e-m/fpv4-sp/hard\libcr_eabihelpers.a(double.o)
                0x000020c4                __aeabi_dmul
 .text.__aeabi_ddiv
                0x000021e0      0x138 c:/nxp/mcuxpressoide_10.2.0_759/ide/tools/bin/../lib/gcc/arm-none-eabi/7.2.1/thumb/v7e-m/fpv4-sp/hard\libcr_eabihelpers.a(double.o)
                0x000021e0                __aeabi_ddiv
 .text.__aeabi_dsub
                0x00002318      0x1b4 c:/nxp/mcuxpressoide_10.2.0_759/ide/tools/bin/../lib/gcc/arm-none-eabi/7.2.1/thumb/v7e-m/fpv4-sp/hard\libcr_eabihelpers.a(double.o)
                0x00002318                __aeabi_dsub
 .text.__aeabi_dadd
                0x000024cc      0x10c c:/nxp/mcuxpressoide_10.2.0_759/ide/tools/bin/../lib/gcc/arm-none-eabi/7.2.1/thumb/v7e-m/fpv4-sp/hard\libcr_eabihelpers.a(double.o)
                0x000024cc                __aeabi_dadd
 .text.__aeabi_f2d
                0x000025d8       0x38 c:/nxp/mcuxpressoide_10.2.0_759/ide/tools/bin/../lib/gcc/arm-none-eabi/7.2.1/thumb/v7e-m/fpv4-sp/hard\libcr_eabihelpers.a(float.o)
                0x000025d8                __aeabi_f2d
 .text.App_Run  0x00002610        0xe ./source/App.o
                0x00002610                App_Run
 .text.CAN_BIT_MODIFY
                0x0000261e       0x38 ./source/CAN.o
                0x0000261e                CAN_BIT_MODIFY
 .text.CAN_WRITE
                0x00002656       0x32 ./source/CAN.o
                0x00002656                CAN_WRITE
 .text.CAN_RTS_TXB0
                0x00002688       0x1e ./source/CAN.o
                0x00002688                CAN_RTS_TXB0
 .text.CAN_LOAD_TX_BUFFER
                0x000026a6       0xbc ./source/CAN.o
                0x000026a6                CAN_LOAD_TX_BUFFER
 .text.send_CAN
                0x00002762       0x60 ./source/CAN.o
                0x00002762                send_CAN
 .text.main     0x000027c2       0x12 ./SDK/startup/main.o
                0x000027c2                main
 .text.HardFault_Handler
                0x000027d4       0x2c ./SDK/startup/semihost_hardfault.o
                0x000027d4                HardFault_Handler
 .text.DMA0_IRQHandler
                0x00002800        0x8 ./SDK/startup/startup_mk64f12.o
                0x00002800                DMA0_IRQHandler
 .text.DMA1_IRQHandler
                0x00002808        0x8 ./SDK/startup/startup_mk64f12.o
                0x00002808                DMA1_IRQHandler
 .text.DMA2_IRQHandler
                0x00002810        0x8 ./SDK/startup/startup_mk64f12.o
                0x00002810                DMA2_IRQHandler
 .text.DMA3_IRQHandler
                0x00002818        0x8 ./SDK/startup/startup_mk64f12.o
                0x00002818                DMA3_IRQHandler
 .text.DMA4_IRQHandler
                0x00002820        0x8 ./SDK/startup/startup_mk64f12.o
                0x00002820                DMA4_IRQHandler
 .text.DMA5_IRQHandler
                0x00002828        0x8 ./SDK/startup/startup_mk64f12.o
                0x00002828                DMA5_IRQHandler
 .text.DMA6_IRQHandler
                0x00002830        0x8 ./SDK/startup/startup_mk64f12.o
                0x00002830                DMA6_IRQHandler
 .text.DMA7_IRQHandler
                0x00002838        0x8 ./SDK/startup/startup_mk64f12.o
                0x00002838                DMA7_IRQHandler
 .text.DMA8_IRQHandler
                0x00002840        0x8 ./SDK/startup/startup_mk64f12.o
                0x00002840                DMA8_IRQHandler
 .text.DMA9_IRQHandler
                0x00002848        0x8 ./SDK/startup/startup_mk64f12.o
                0x00002848                DMA9_IRQHandler
 .text.DMA10_IRQHandler
                0x00002850        0x8 ./SDK/startup/startup_mk64f12.o
                0x00002850                DMA10_IRQHandler
 .text.DMA11_IRQHandler
                0x00002858        0x8 ./SDK/startup/startup_mk64f12.o
                0x00002858                DMA11_IRQHandler
 .text.DMA12_IRQHandler
                0x00002860        0x8 ./SDK/startup/startup_mk64f12.o
                0x00002860                DMA12_IRQHandler
 .text.DMA13_IRQHandler
                0x00002868        0x8 ./SDK/startup/startup_mk64f12.o
                0x00002868                DMA13_IRQHandler
 .text.DMA14_IRQHandler
                0x00002870        0x8 ./SDK/startup/startup_mk64f12.o
                0x00002870                DMA14_IRQHandler
 .text.DMA15_IRQHandler
                0x00002878        0x8 ./SDK/startup/startup_mk64f12.o
                0x00002878                DMA15_IRQHandler
 .text.DMA_Error_IRQHandler
                0x00002880        0x8 ./SDK/startup/startup_mk64f12.o
                0x00002880                DMA_Error_IRQHandler
 .text.MCM_IRQHandler
                0x00002888        0x8 ./SDK/startup/startup_mk64f12.o
                0x00002888                MCM_IRQHandler
 .text.FTFE_IRQHandler
                0x00002890        0x8 ./SDK/startup/startup_mk64f12.o
                0x00002890                FTFE_IRQHandler
 .text.Read_Collision_IRQHandler
                0x00002898        0x8 ./SDK/startup/startup_mk64f12.o
                0x00002898                Read_Collision_IRQHandler
 .text.LVD_LVW_IRQHandler
                0x000028a0        0x8 ./SDK/startup/startup_mk64f12.o
                0x000028a0                LVD_LVW_IRQHandler
 .text.LLWU_IRQHandler
                0x000028a8        0x8 ./SDK/startup/startup_mk64f12.o
                0x000028a8                LLWU_IRQHandler
 .text.WDOG_EWM_IRQHandler
                0x000028b0        0x8 ./SDK/startup/startup_mk64f12.o
                0x000028b0                WDOG_EWM_IRQHandler
 .text.RNG_IRQHandler
                0x000028b8        0x8 ./SDK/startup/startup_mk64f12.o
                0x000028b8                RNG_IRQHandler
 .text.I2C1_IRQHandler
                0x000028c0        0x8 ./SDK/startup/startup_mk64f12.o
                0x000028c0                I2C1_IRQHandler
 .text.SPI0_IRQHandler
                0x000028c8        0x8 ./SDK/startup/startup_mk64f12.o
                0x000028c8                SPI0_IRQHandler
 .text.SPI1_IRQHandler
                0x000028d0        0x8 ./SDK/startup/startup_mk64f12.o
                0x000028d0                SPI1_IRQHandler
 .text.I2S0_Tx_IRQHandler
                0x000028d8        0x8 ./SDK/startup/startup_mk64f12.o
                0x000028d8                I2S0_Tx_IRQHandler
 .text.I2S0_Rx_IRQHandler
                0x000028e0        0x8 ./SDK/startup/startup_mk64f12.o
                0x000028e0                I2S0_Rx_IRQHandler
 .text.UART0_LON_IRQHandler
                0x000028e8        0x8 ./SDK/startup/startup_mk64f12.o
                0x000028e8                UART0_LON_IRQHandler
 .text.UART0_ERR_IRQHandler
                0x000028f0        0x8 ./SDK/startup/startup_mk64f12.o
                0x000028f0                UART0_ERR_IRQHandler
 .text.UART1_RX_TX_IRQHandler
                0x000028f8        0x8 ./SDK/startup/startup_mk64f12.o
                0x000028f8                UART1_RX_TX_IRQHandler
 .text.UART1_ERR_IRQHandler
                0x00002900        0x8 ./SDK/startup/startup_mk64f12.o
                0x00002900                UART1_ERR_IRQHandler
 .text.UART2_RX_TX_IRQHandler
                0x00002908        0x8 ./SDK/startup/startup_mk64f12.o
                0x00002908                UART2_RX_TX_IRQHandler
 .text.UART2_ERR_IRQHandler
                0x00002910        0x8 ./SDK/startup/startup_mk64f12.o
                0x00002910                UART2_ERR_IRQHandler
 .text.UART3_RX_TX_IRQHandler
                0x00002918        0x8 ./SDK/startup/startup_mk64f12.o
                0x00002918                UART3_RX_TX_IRQHandler
 .text.UART3_ERR_IRQHandler
                0x00002920        0x8 ./SDK/startup/startup_mk64f12.o
                0x00002920                UART3_ERR_IRQHandler
 .text.ADC0_IRQHandler
                0x00002928        0x8 ./SDK/startup/startup_mk64f12.o
                0x00002928                ADC0_IRQHandler
 .text.CMP0_IRQHandler
                0x00002930        0x8 ./SDK/startup/startup_mk64f12.o
                0x00002930                CMP0_IRQHandler
 .text.CMP1_IRQHandler
                0x00002938        0x8 ./SDK/startup/startup_mk64f12.o
                0x00002938                CMP1_IRQHandler
 .text.FTM0_IRQHandler
                0x00002940        0x8 ./SDK/startup/startup_mk64f12.o
                0x00002940                FTM0_IRQHandler
 .text.FTM1_IRQHandler
                0x00002948        0x8 ./SDK/startup/startup_mk64f12.o
                0x00002948                FTM1_IRQHandler
 .text.FTM2_IRQHandler
                0x00002950        0x8 ./SDK/startup/startup_mk64f12.o
                0x00002950                FTM2_IRQHandler
 .text.CMT_IRQHandler
                0x00002958        0x8 ./SDK/startup/startup_mk64f12.o
                0x00002958                CMT_IRQHandler
 .text.RTC_IRQHandler
                0x00002960        0x8 ./SDK/startup/startup_mk64f12.o
                0x00002960                RTC_IRQHandler
 .text.RTC_Seconds_IRQHandler
                0x00002968        0x8 ./SDK/startup/startup_mk64f12.o
                0x00002968                RTC_Seconds_IRQHandler
 .text.PIT0_IRQHandler
                0x00002970        0x8 ./SDK/startup/startup_mk64f12.o
                0x00002970                PIT0_IRQHandler
 .text.PIT1_IRQHandler
                0x00002978        0x8 ./SDK/startup/startup_mk64f12.o
                0x00002978                PIT1_IRQHandler
 .text.PIT2_IRQHandler
                0x00002980        0x8 ./SDK/startup/startup_mk64f12.o
                0x00002980                PIT2_IRQHandler
 .text.PIT3_IRQHandler
                0x00002988        0x8 ./SDK/startup/startup_mk64f12.o
                0x00002988                PIT3_IRQHandler
 .text.PDB0_IRQHandler
                0x00002990        0x8 ./SDK/startup/startup_mk64f12.o
                0x00002990                PDB0_IRQHandler
 .text.USB0_IRQHandler
                0x00002998        0x8 ./SDK/startup/startup_mk64f12.o
                0x00002998                USB0_IRQHandler
 .text.USBDCD_IRQHandler
                0x000029a0        0x8 ./SDK/startup/startup_mk64f12.o
                0x000029a0                USBDCD_IRQHandler
 .text.Reserved71_IRQHandler
                0x000029a8        0x8 ./SDK/startup/startup_mk64f12.o
                0x000029a8                Reserved71_IRQHandler
 .text.DAC0_IRQHandler
                0x000029b0        0x8 ./SDK/startup/startup_mk64f12.o
                0x000029b0                DAC0_IRQHandler
 .text.MCG_IRQHandler
                0x000029b8        0x8 ./SDK/startup/startup_mk64f12.o
                0x000029b8                MCG_IRQHandler
 .text.LPTMR0_IRQHandler
                0x000029c0        0x8 ./SDK/startup/startup_mk64f12.o
                0x000029c0                LPTMR0_IRQHandler
 .text.SWI_IRQHandler
                0x000029c8        0x8 ./SDK/startup/startup_mk64f12.o
                0x000029c8                SWI_IRQHandler
 .text.SPI2_IRQHandler
                0x000029d0        0x8 ./SDK/startup/startup_mk64f12.o
                0x000029d0                SPI2_IRQHandler
 .text.UART4_RX_TX_IRQHandler
                0x000029d8        0x8 ./SDK/startup/startup_mk64f12.o
                0x000029d8                UART4_RX_TX_IRQHandler
 .text.UART4_ERR_IRQHandler
                0x000029e0        0x8 ./SDK/startup/startup_mk64f12.o
                0x000029e0                UART4_ERR_IRQHandler
 .text.UART5_RX_TX_IRQHandler
                0x000029e8        0x8 ./SDK/startup/startup_mk64f12.o
                0x000029e8                UART5_RX_TX_IRQHandler
 .text.UART5_ERR_IRQHandler
                0x000029f0        0x8 ./SDK/startup/startup_mk64f12.o
                0x000029f0                UART5_ERR_IRQHandler
 .text.CMP2_IRQHandler
                0x000029f8        0x8 ./SDK/startup/startup_mk64f12.o
                0x000029f8                CMP2_IRQHandler
 .text.FTM3_IRQHandler
                0x00002a00        0x8 ./SDK/startup/startup_mk64f12.o
                0x00002a00                FTM3_IRQHandler
 .text.DAC1_IRQHandler
                0x00002a08        0x8 ./SDK/startup/startup_mk64f12.o
                0x00002a08                DAC1_IRQHandler
 .text.ADC1_IRQHandler
                0x00002a10        0x8 ./SDK/startup/startup_mk64f12.o
                0x00002a10                ADC1_IRQHandler
 .text.I2C2_IRQHandler
                0x00002a18        0x8 ./SDK/startup/startup_mk64f12.o
                0x00002a18                I2C2_IRQHandler
 .text.CAN0_ORed_Message_buffer_IRQHandler
                0x00002a20        0x8 ./SDK/startup/startup_mk64f12.o
                0x00002a20                CAN0_ORed_Message_buffer_IRQHandler
 .text.CAN0_Bus_Off_IRQHandler
                0x00002a28        0x8 ./SDK/startup/startup_mk64f12.o
                0x00002a28                CAN0_Bus_Off_IRQHandler
 .text.CAN0_Error_IRQHandler
                0x00002a30        0x8 ./SDK/startup/startup_mk64f12.o
                0x00002a30                CAN0_Error_IRQHandler
 .text.CAN0_Tx_Warning_IRQHandler
                0x00002a38        0x8 ./SDK/startup/startup_mk64f12.o
                0x00002a38                CAN0_Tx_Warning_IRQHandler
 .text.CAN0_Rx_Warning_IRQHandler
                0x00002a40        0x8 ./SDK/startup/startup_mk64f12.o
                0x00002a40                CAN0_Rx_Warning_IRQHandler
 .text.CAN0_Wake_Up_IRQHandler
                0x00002a48        0x8 ./SDK/startup/startup_mk64f12.o
                0x00002a48                CAN0_Wake_Up_IRQHandler
 .text.SDHC_IRQHandler
                0x00002a50        0x8 ./SDK/startup/startup_mk64f12.o
                0x00002a50                SDHC_IRQHandler
 .text.ENET_1588_Timer_IRQHandler
                0x00002a58        0x8 ./SDK/startup/startup_mk64f12.o
                0x00002a58                ENET_1588_Timer_IRQHandler
 .text.ENET_Transmit_IRQHandler
                0x00002a60        0x8 ./SDK/startup/startup_mk64f12.o
                0x00002a60                ENET_Transmit_IRQHandler
 .text.ENET_Receive_IRQHandler
                0x00002a68        0x8 ./SDK/startup/startup_mk64f12.o
                0x00002a68                ENET_Receive_IRQHandler
 .text.ENET_Error_IRQHandler
                0x00002a70        0x8 ./SDK/startup/startup_mk64f12.o
                0x00002a70                ENET_Error_IRQHandler
 .text.SystemInitHook
                0x00002a78        0xe ./SDK/CMSIS/system_MK64F12.o
                0x00002a78                SystemInitHook
 .text.fabsf    0x00002a86       0x10 c:/nxp/mcuxpressoide_10.2.0_759/ide/tools/bin/../lib/gcc/arm-none-eabi/7.2.1/../../../../arm-none-eabi/lib/thumb/v7e-m/fpv4-sp/hard\libcr_c.a(fabsf.o)
                0x00002a86                fabsf
 .text.fabs     0x00002a96       0x22 c:/nxp/mcuxpressoide_10.2.0_759/ide/tools/bin/../lib/gcc/arm-none-eabi/7.2.1/../../../../arm-none-eabi/lib/thumb/v7e-m/fpv4-sp/hard\libcr_c.a(fabs.o)
                0x00002a96                fabs
 .text.__aeabi_d2iz
                0x00002ab8       0x40 c:/nxp/mcuxpressoide_10.2.0_759/ide/tools/bin/../lib/gcc/arm-none-eabi/7.2.1/thumb/v7e-m/fpv4-sp/hard\libcr_eabihelpers.a(double.o)
                0x00002ab8                __aeabi_d2iz
 .text.__aeabi_dcmplt
                0x00002af8       0x58 c:/nxp/mcuxpressoide_10.2.0_759/ide/tools/bin/../lib/gcc/arm-none-eabi/7.2.1/thumb/v7e-m/fpv4-sp/hard\libcr_eabihelpers.a(double.o)
                0x00002af8                __aeabi_dcmplt
 .text.__aeabi_dcmpgt
                0x00002b50       0x58 c:/nxp/mcuxpressoide_10.2.0_759/ide/tools/bin/../lib/gcc/arm-none-eabi/7.2.1/thumb/v7e-m/fpv4-sp/hard\libcr_eabihelpers.a(double.o)
                0x00002b50                __aeabi_dcmpgt
 *(SORT_BY_ALIGNMENT(.rodata) SORT_BY_ALIGNMENT(.rodata.*) SORT_BY_ALIGNMENT(.constdata) SORT_BY_ALIGNMENT(.constdata.*))
 .rodata.a.5195
                0x00002ba8       0x20 c:/nxp/mcuxpressoide_10.2.0_759/ide/tools/bin/../lib/gcc/arm-none-eabi/7.2.1/../../../../arm-none-eabi/lib/thumb/v7e-m/fpv4-sp/hard\libcr_c.a(atan.o)
 .rodata        0x00002bc8       0x14 ./source/i2c.o
                0x00002be0                . = ALIGN (0x8)
 *fill*         0x00002bdc        0x4 ff

.glue_7         0x00002be0        0x0
 .glue_7        0x00002be0        0x0 linker stubs

.glue_7t        0x00002be0        0x0
 .glue_7t       0x00002be0        0x0 linker stubs

.vfp11_veneer   0x00002be0        0x0
 .vfp11_veneer  0x00002be0        0x0 linker stubs

.v4_bx          0x00002be0        0x0
 .v4_bx         0x00002be0        0x0 linker stubs

.iplt           0x00002be0        0x0
 .iplt          0x00002be0        0x0 ./source/App.o

.rel.dyn        0x00002be0        0x0
 .rel.iplt      0x00002be0        0x0 ./source/App.o

.ARM.extab
 *(SORT_BY_ALIGNMENT(.ARM.extab*) SORT_BY_ALIGNMENT(.gnu.linkonce.armextab.*))
                0x00002be0                __exidx_start = .

.ARM.exidx
 *(SORT_BY_ALIGNMENT(.ARM.exidx*) SORT_BY_ALIGNMENT(.gnu.linkonce.armexidx.*))
                0x00002be0                __exidx_end = .
                0x00002be0                _etext = .

.m_usb_data
 *(SORT_BY_ALIGNMENT(m_usb_bdt))

.data_RAM2      0x1fff0000        0x0 load address 0x00002be0
 FILL mask 0xff
                [!provide]                PROVIDE (__start_data_RAM2, .)
 *(SORT_BY_ALIGNMENT(.ramfunc.$RAM2))
 *(SORT_BY_ALIGNMENT(.ramfunc.$SRAM_LOWER))
 *(SORT_BY_ALIGNMENT(.data.$RAM2*))
 *(SORT_BY_ALIGNMENT(.data.$SRAM_LOWER*))
                0x1fff0000                . = ALIGN (0x8)
                [!provide]                PROVIDE (__end_data_RAM2, .)

.data_RAM3      0x14000000        0x0 load address 0x00002be0
 FILL mask 0xff
                [!provide]                PROVIDE (__start_data_RAM3, .)
 *(SORT_BY_ALIGNMENT(.ramfunc.$RAM3))
 *(SORT_BY_ALIGNMENT(.ramfunc.$FLEX_RAM))
 *(SORT_BY_ALIGNMENT(.data.$RAM3*))
 *(SORT_BY_ALIGNMENT(.data.$FLEX_RAM*))
                0x14000000                . = ALIGN (0x8)
                [!provide]                PROVIDE (__end_data_RAM3, .)

.uninit_RESERVED
                0x20000000        0x0
 *(SORT_BY_ALIGNMENT(.bss.$RESERVED*))
                0x20000000                . = ALIGN (0x4)
                0x20000000                _end_uninit_RESERVED = .

.data           0x20000000       0x58 load address 0x00002be0
 FILL mask 0xff
                0x20000000                _data = .
 *(SORT_BY_ALIGNMENT(vtable))
 *(SORT_BY_ALIGNMENT(.ramfunc*))
 *(SORT_BY_ALIGNMENT(.data*))
 .data.accel_cords
                0x20000000        0x6 ./source/Posicionamiento.o
                0x20000000                accel_cords
 *fill*         0x20000006        0x2 ff
 .data.magnet_cords
                0x20000008        0x6 ./source/Posicionamiento.o
                0x20000008                magnet_cords
 *fill*         0x2000000e        0x2 ff
 .data.spiPtrs  0x20000010        0xc ./source/SPI.o
 .data.pushrFinal.7885
                0x2000001c        0x4 ./source/SPI.o
 .data.pushrInicial.7884
                0x20000020        0x4 ./source/SPI.o
 .data.SysTick_ptr
                0x20000024        0x4 ./source/SysTick.o
 .data.portPtrs
                0x20000028       0x14 ./source/gpio.o
 .data.i2cPtrs  0x2000003c        0xc ./source/i2c.o
 .data.simMasks
                0x20000048        0xc ./source/i2c.o
 .data.i2c_irqs
                0x20000054        0x3 ./source/i2c.o
 .data.timers_cant
                0x20000057        0x1 ./source/timer.o
                0x20000058                . = ALIGN (0x8)
                0x20000058                _edata = .

.igot.plt       0x20000058        0x0 load address 0x00002c38
 .igot.plt      0x20000058        0x0 ./source/App.o

.bss_RAM2       0x1fff0000        0x0
                [!provide]                PROVIDE (__start_bss_RAM2, .)
 *(SORT_BY_ALIGNMENT(.bss.$RAM2*))
 *(SORT_BY_ALIGNMENT(.bss.$SRAM_LOWER*))
                0x1fff0000                . = ALIGN ((. != 0x0)?0x8:0x1)
                [!provide]                PROVIDE (__end_bss_RAM2, .)

.bss_RAM3       0x14000000        0x0
                [!provide]                PROVIDE (__start_bss_RAM3, .)
 *(SORT_BY_ALIGNMENT(.bss.$RAM3*))
 *(SORT_BY_ALIGNMENT(.bss.$FLEX_RAM*))
                0x14000000                . = ALIGN ((. != 0x0)?0x8:0x1)
                [!provide]                PROVIDE (__end_bss_RAM3, .)

.bss            0x20000058      0x748
                0x20000058                _bss = .
 *(SORT_BY_ALIGNMENT(.bss*))
 .bss.AppBoard  0x20000058        0x6 ./source/App.o
                0x20000058                AppBoard
 *fill*         0x2000005e        0x2 
 .bss.Boards    0x20000060       0x2a ./source/ExternalManager.o
 *fill*         0x2000008a        0x2 
 .bss.accel_Read
                0x2000008c       0x10 ./source/Posicionamiento.o
 .bss.changeCallback
                0x2000009c        0x4 ./source/Posicionamiento.o
                0x2000009c                changeCallback
 .bss.i2c_com   0x200000a0       0x10 ./source/Sensores.o
                0x200000a0                i2c_com
 .bss.r_data    0x200000b0        0x4 ./source/Sensores.o
 .bss.Buffer    0x200000b4        0xd ./source/Sensores.o
                0x200000b4                Buffer
 *fill*         0x200000c1        0x3 
 .bss.callbackTick
                0x200000c4        0x4 ./source/SysTick.o
 .bss.sendBuffer
                0x200000c8      0x190 ./source/UART.o
                0x200000c8                sendBuffer
 .bss.recvBuffer
                0x20000258      0x190 ./source/UART.o
                0x20000258                recvBuffer
 .bss.porEnviar
                0x200003e8        0x4 ./source/UART.o
                0x200003e8                porEnviar
 .bss.enviado   0x200003ec        0x4 ./source/UART.o
                0x200003ec                enviado
 .bss.porRecibir
                0x200003f0        0x4 ./source/UART.o
                0x200003f0                porRecibir
 .bss.isr_Matrix
                0x200003f4      0x280 ./source/gpio.o
 .bss.i2c       0x20000674        0x4 ./source/i2c.o
 .bss.i2c_com   0x20000678        0x4 ./source/i2c.o
 .bss.timers    0x2000067c      0x100 ./source/timer.o
 .bss.roll      0x2000077c        0x2 ./source/Posicionamiento.o
                0x2000077c                roll
 .bss.prev_roll
                0x2000077e        0x2 ./source/Posicionamiento.o
                0x2000077e                prev_roll
 .bss.pitching  0x20000780        0x2 ./source/Posicionamiento.o
                0x20000780                pitching
 .bss.prev_pitching
                0x20000782        0x2 ./source/Posicionamiento.o
                0x20000782                prev_pitching
 .bss.orientation
                0x20000784        0x2 ./source/Posicionamiento.o
                0x20000784                orientation
 .bss.prev_orientation
                0x20000786        0x2 ./source/Posicionamiento.o
                0x20000786                prev_orientation
 .bss.fsm       0x20000788        0x1 ./source/App.o
                0x20000788                fsm
 .bss.timPeriodico
                0x20000789        0x1 ./source/App.o
                0x20000789                timPeriodico
 .bss.timerUpdatePos
                0x2000078a        0x1 ./source/App.o
                0x2000078a                timerUpdatePos
 .bss.myGroup   0x2000078b        0x1 ./source/ExternalManager.o
 .bss.roll_change
                0x2000078c        0x1 ./source/Posicionamiento.o
                0x2000078c                roll_change
 .bss.pitching_change
                0x2000078d        0x1 ./source/Posicionamiento.o
                0x2000078d                pitching_change
 .bss.orientation_change
                0x2000078e        0x1 ./source/Posicionamiento.o
                0x2000078e                orientation_change
 .bss.reading   0x2000078f        0x1 ./source/Posicionamiento.o
 .bss.finish    0x20000790        0x1 ./source/Sensores.o
 .bss.rx_data   0x20000791        0x1 ./source/UART.o
 .bss.ch        0x20000792        0x1 ./source/i2c.o
 .bss.device_address_r
                0x20000793        0x1 ./source/i2c.o
 .bss.device_address_w
                0x20000794        0x1 ./source/i2c.o
 .bss.stage     0x20000795        0x1 ./source/i2c.o
 .bss.mode      0x20000796        0x1 ./source/i2c.o
 .bss.data_index
                0x20000797        0x1 ./source/i2c.o
 .bss.yaInit.7476
                0x20000798        0x1 ./source/timer.o
 *(SORT_BY_ALIGNMENT(COMMON))
                0x200007a0                . = ALIGN (0x8)
 *fill*         0x20000799        0x7 
                0x200007a0                _ebss = .
                [!provide]                PROVIDE (end, .)

.noinit_RAM2    0x1fff0000        0x0
 *(SORT_BY_ALIGNMENT(.noinit.$RAM2*))
 *(SORT_BY_ALIGNMENT(.noinit.$SRAM_LOWER*))
                0x1fff0000                . = ALIGN (0x8)

.noinit_RAM3    0x14000000        0x0
 *(SORT_BY_ALIGNMENT(.noinit.$RAM3*))
 *(SORT_BY_ALIGNMENT(.noinit.$FLEX_RAM*))
                0x14000000                . = ALIGN (0x8)

.noinit         0x200007a0        0x0
                0x200007a0                _noinit = .
 *(SORT_BY_ALIGNMENT(.noinit*))
                0x200007a0                . = ALIGN (0x8)
                0x200007a0                _end_noinit = .
                0x00001000                _HeapSize = 0x1000

.heap           0x200007a0     0x1000
                0x200007a0                _pvHeapStart = .
                0x200017a0                . = (. + _HeapSize)
 *fill*         0x200007a0     0x1000 
                0x200017a0                . = ALIGN (0x8)
                0x200017a0                _pvHeapLimit = .
                0x00001000                _StackSize = 0x1000

.heap2stackfill
                0x200017a0     0x1000
                0x200027a0                . = (. + _StackSize)
 *fill*         0x200017a0     0x1000 

.stack          0x2002f000        0x0
                0x2002f000                _vStackBase = .
                0x2002f000                . = ALIGN (0x8)
                0x20030000                _vStackTop = (. + _StackSize)
                0x00000000                _image_start = LOADADDR (.text)
                0x00002c38                _image_end = (LOADADDR (.data) + SIZEOF (.data))
                0x00002c38                _image_size = (_image_end - _image_start)
OUTPUT(Blink.axf elf32-littlearm)

.debug_info     0x00000000     0x808f
 .debug_info    0x00000000      0x9f7 ./source/App.o
 .debug_info    0x000009f7     0x10be ./source/CAN.o
 .debug_info    0x00001ab5      0x338 ./source/ExternalManager.o
 .debug_info    0x00001ded      0xc6a ./source/Posicionamiento.o
 .debug_info    0x00002a57      0xe72 ./source/SPI.o
 .debug_info    0x000038c9      0x2f8 ./source/Sensores.o
 .debug_info    0x00003bc1      0x526 ./source/SysTick.o
 .debug_info    0x000040e7      0xb36 ./source/UART.o
 .debug_info    0x00004c1d      0x706 ./source/gpio.o
 .debug_info    0x00005323      0xc6b ./source/i2c.o
 .debug_info    0x00005f8e      0xaee ./source/timer.o
 .debug_info    0x00006a7c      0x675 ./SDK/startup/hardware.o
 .debug_info    0x000070f1       0xb7 ./SDK/startup/main.o
 .debug_info    0x000071a8       0x3b ./SDK/startup/semihost_hardfault.o
 .debug_info    0x000071e3      0x8b0 ./SDK/startup/startup_mk64f12.o
 .debug_info    0x00007a93      0x5fc ./SDK/CMSIS/system_MK64F12.o

.debug_abbrev   0x00000000     0x1b6e
 .debug_abbrev  0x00000000      0x227 ./source/App.o
 .debug_abbrev  0x00000227      0x2f2 ./source/CAN.o
 .debug_abbrev  0x00000519      0x113 ./source/ExternalManager.o
 .debug_abbrev  0x0000062c      0x271 ./source/Posicionamiento.o
 .debug_abbrev  0x0000089d      0x28a ./source/SPI.o
 .debug_abbrev  0x00000b27      0x15b ./source/Sensores.o
 .debug_abbrev  0x00000c82      0x1a0 ./source/SysTick.o
 .debug_abbrev  0x00000e22      0x21c ./source/UART.o
 .debug_abbrev  0x0000103e      0x1a7 ./source/gpio.o
 .debug_abbrev  0x000011e5      0x263 ./source/i2c.o
 .debug_abbrev  0x00001448      0x2a7 ./source/timer.o
 .debug_abbrev  0x000016ef      0x138 ./SDK/startup/hardware.o
 .debug_abbrev  0x00001827       0x7d ./SDK/startup/main.o
 .debug_abbrev  0x000018a4       0x2f ./SDK/startup/semihost_hardfault.o
 .debug_abbrev  0x000018d3      0x15c ./SDK/startup/startup_mk64f12.o
 .debug_abbrev  0x00001a2f      0x13f ./SDK/CMSIS/system_MK64F12.o

.debug_aranges  0x00000000      0x750
 .debug_aranges
                0x00000000       0x38 ./source/App.o
 .debug_aranges
                0x00000038       0x88 ./source/CAN.o
 .debug_aranges
                0x000000c0       0x38 ./source/ExternalManager.o
 .debug_aranges
                0x000000f8       0x68 ./source/Posicionamiento.o
 .debug_aranges
                0x00000160       0x40 ./source/SPI.o
 .debug_aranges
                0x000001a0       0x38 ./source/Sensores.o
 .debug_aranges
                0x000001d8       0x30 ./source/SysTick.o
 .debug_aranges
                0x00000208       0x58 ./source/UART.o
 .debug_aranges
                0x00000260       0x70 ./source/gpio.o
 .debug_aranges
                0x000002d0       0x60 ./source/i2c.o
 .debug_aranges
                0x00000330       0x50 ./source/timer.o
 .debug_aranges
                0x00000380       0x30 ./SDK/startup/hardware.o
 .debug_aranges
                0x000003b0       0x20 ./SDK/startup/main.o
 .debug_aranges
                0x000003d0       0x20 ./SDK/startup/semihost_hardfault.o
 .debug_aranges
                0x000003f0      0x330 ./SDK/startup/startup_mk64f12.o
 .debug_aranges
                0x00000720       0x30 ./SDK/CMSIS/system_MK64F12.o

.debug_ranges   0x00000000      0x650
 .debug_ranges  0x00000000       0x28 ./source/App.o
 .debug_ranges  0x00000028       0x78 ./source/CAN.o
 .debug_ranges  0x000000a0       0x28 ./source/ExternalManager.o
 .debug_ranges  0x000000c8       0x58 ./source/Posicionamiento.o
 .debug_ranges  0x00000120       0x30 ./source/SPI.o
 .debug_ranges  0x00000150       0x28 ./source/Sensores.o
 .debug_ranges  0x00000178       0x20 ./source/SysTick.o
 .debug_ranges  0x00000198       0x48 ./source/UART.o
 .debug_ranges  0x000001e0       0x60 ./source/gpio.o
 .debug_ranges  0x00000240       0x50 ./source/i2c.o
 .debug_ranges  0x00000290       0x40 ./source/timer.o
 .debug_ranges  0x000002d0       0x20 ./SDK/startup/hardware.o
 .debug_ranges  0x000002f0       0x10 ./SDK/startup/main.o
 .debug_ranges  0x00000300       0x10 ./SDK/startup/semihost_hardfault.o
 .debug_ranges  0x00000310      0x320 ./SDK/startup/startup_mk64f12.o
 .debug_ranges  0x00000630       0x20 ./SDK/CMSIS/system_MK64F12.o

.debug_macro    0x00000000    0x13999
 .debug_macro   0x00000000      0x139 ./source/App.o
 .debug_macro   0x00000139      0xa5a ./source/App.o
 .debug_macro   0x00000b93      0x34e ./source/App.o
 .debug_macro   0x00000ee1       0x16 ./source/App.o
 .debug_macro   0x00000ef7       0x22 ./source/App.o
 .debug_macro   0x00000f19       0x22 ./source/App.o
 .debug_macro   0x00000f3b       0x17 ./source/App.o
 .debug_macro   0x00000f52       0x22 ./source/App.o
 .debug_macro   0x00000f74       0x52 ./source/App.o
 .debug_macro   0x00000fc6       0x8d ./source/App.o
 .debug_macro   0x00001053       0x35 ./source/App.o
 .debug_macro   0x00001088       0x9c ./source/App.o
 .debug_macro   0x00001124       0x16 ./source/App.o
 .debug_macro   0x0000113a      0x10e ./source/App.o
 .debug_macro   0x00001248       0x8d ./source/App.o
 .debug_macro   0x000012d5       0x57 ./source/App.o
 .debug_macro   0x0000132c       0x58 ./source/App.o
 .debug_macro   0x00001384       0x1f ./source/App.o
 .debug_macro   0x000013a3       0x43 ./source/App.o
 .debug_macro   0x000013e6       0x20 ./source/App.o
 .debug_macro   0x00001406      0x18e ./source/App.o
 .debug_macro   0x00001594      0x330 ./source/App.o
 .debug_macro   0x000018c4       0x16 ./source/App.o
 .debug_macro   0x000018da       0x29 ./source/App.o
 .debug_macro   0x00001903       0x1c ./source/App.o
 .debug_macro   0x0000191f      0x30c ./source/CAN.o
 .debug_macro   0x00001c2b       0x22 ./source/CAN.o
 .debug_macro   0x00001c4d       0x10 ./source/CAN.o
 .debug_macro   0x00001c5d       0x5c ./source/CAN.o
 .debug_macro   0x00001cb9       0x1c ./source/CAN.o
 .debug_macro   0x00001cd5       0x22 ./source/CAN.o
 .debug_macro   0x00001cf7       0xdf ./source/CAN.o
 .debug_macro   0x00001dd6      0xecf ./source/CAN.o
 .debug_macro   0x00002ca5       0x48 ./source/CAN.o
 .debug_macro   0x00002ced     0xe07b ./source/CAN.o
 .debug_macro   0x00010d68     0x122b ./source/CAN.o
 .debug_macro   0x00011f93       0x16 ./source/CAN.o
 .debug_macro   0x00011fa9       0x46 ./source/CAN.o
 .debug_macro   0x00011fef       0x58 ./source/CAN.o
 .debug_macro   0x00012047       0x16 ./source/CAN.o
 .debug_macro   0x0001205d       0x97 ./source/CAN.o
 .debug_macro   0x000120f4      0x32a ./source/CAN.o
 .debug_macro   0x0001241e       0xfd ./source/CAN.o
 .debug_macro   0x0001251b       0x10 ./source/CAN.o
 .debug_macro   0x0001252b       0x10 ./source/CAN.o
 .debug_macro   0x0001253b       0x6a ./source/CAN.o
 .debug_macro   0x000125a5       0x1c ./source/CAN.o
 .debug_macro   0x000125c1       0x52 ./source/CAN.o
 .debug_macro   0x00012613       0x40 ./source/CAN.o
 .debug_macro   0x00012653       0x10 ./source/CAN.o
 .debug_macro   0x00012663       0x40 ./source/CAN.o
 .debug_macro   0x000126a3       0xd7 ./source/CAN.o
 .debug_macro   0x0001277a       0x1c ./source/CAN.o
 .debug_macro   0x00012796       0x3d ./source/CAN.o
 .debug_macro   0x000127d3       0x16 ./source/CAN.o
 .debug_macro   0x000127e9      0x16f ./source/CAN.o
 .debug_macro   0x00012958       0x7b ./source/ExternalManager.o
 .debug_macro   0x000129d3       0x1c ./source/ExternalManager.o
 .debug_macro   0x000129ef       0x1c ./source/ExternalManager.o
 .debug_macro   0x00012a0b       0x10 ./source/ExternalManager.o
 .debug_macro   0x00012a1b       0x1c ./source/ExternalManager.o
 .debug_macro   0x00012a37      0x1bc ./source/Posicionamiento.o
 .debug_macro   0x00012bf3      0x1e1 ./source/Posicionamiento.o
 .debug_macro   0x00012dd4      0x24c ./source/SPI.o
 .debug_macro   0x00013020       0xe5 ./source/Sensores.o
 .debug_macro   0x00013105       0x10 ./source/Sensores.o
 .debug_macro   0x00013115       0xac ./source/SysTick.o
 .debug_macro   0x000131c1       0xf1 ./source/UART.o
 .debug_macro   0x000132b2       0x16 ./source/UART.o
 .debug_macro   0x000132c8       0x5e ./source/UART.o
 .debug_macro   0x00013326       0xab ./source/gpio.o
 .debug_macro   0x000133d1      0x12a ./source/i2c.o
 .debug_macro   0x000134fb      0x1c3 ./source/timer.o
 .debug_macro   0x000136be       0x10 ./source/timer.o
 .debug_macro   0x000136ce       0xd9 ./source/timer.o
 .debug_macro   0x000137a7       0x9c ./SDK/startup/hardware.o
 .debug_macro   0x00013843       0x9c ./SDK/startup/main.o
 .debug_macro   0x000138df       0x11 ./SDK/startup/semihost_hardfault.o
 .debug_macro   0x000138f0       0x29 ./SDK/startup/startup_mk64f12.o
 .debug_macro   0x00013919       0x80 ./SDK/CMSIS/system_MK64F12.o

.debug_line     0x00000000     0x2ef8
 .debug_line    0x00000000      0x2dc ./source/App.o
 .debug_line    0x000002dc      0x53d ./source/CAN.o
 .debug_line    0x00000819      0x17a ./source/ExternalManager.o
 .debug_line    0x00000993      0x471 ./source/Posicionamiento.o
 .debug_line    0x00000e04      0x448 ./source/SPI.o
 .debug_line    0x0000124c      0x21c ./source/Sensores.o
 .debug_line    0x00001468      0x1b6 ./source/SysTick.o
 .debug_line    0x0000161e      0x252 ./source/UART.o
 .debug_line    0x00001870      0x299 ./source/gpio.o
 .debug_line    0x00001b09      0x3cd ./source/i2c.o
 .debug_line    0x00001ed6      0x3e3 ./source/timer.o
 .debug_line    0x000022b9      0x1d4 ./SDK/startup/hardware.o
 .debug_line    0x0000248d      0x173 ./SDK/startup/main.o
 .debug_line    0x00002600       0x59 ./SDK/startup/semihost_hardfault.o
 .debug_line    0x00002659      0x6d8 ./SDK/startup/startup_mk64f12.o
 .debug_line    0x00002d31      0x1c7 ./SDK/CMSIS/system_MK64F12.o

.debug_str      0x00000000    0x7e509
 .debug_str     0x00000000     0x6bb5 ./source/App.o
                               0x6e24 (size before relaxing)
 .debug_str     0x00006bb5    0x75690 ./source/CAN.o
                              0x7c272 (size before relaxing)
 .debug_str     0x0007c245      0x177 ./source/ExternalManager.o
                               0x3aae (size before relaxing)
 .debug_str     0x0007c3bc      0xa83 ./source/Posicionamiento.o
                              0x7afb9 (size before relaxing)
 .debug_str     0x0007ce3f      0x22f ./source/SPI.o
                              0x7bb2d (size before relaxing)
 .debug_str     0x0007d06e      0x21c ./source/Sensores.o
                              0x77256 (size before relaxing)
 .debug_str     0x0007d28a       0x93 ./source/SysTick.o
                              0x775b9 (size before relaxing)
 .debug_str     0x0007d31d      0x19f ./source/UART.o
                              0x77a48 (size before relaxing)
 .debug_str     0x0007d4bc      0x129 ./source/gpio.o
                              0x772a0 (size before relaxing)
 .debug_str     0x0007d5e5      0x47b ./source/i2c.o
                              0x77d90 (size before relaxing)
 .debug_str     0x0007da60       0xe1 ./source/timer.o
                              0x7a7ab (size before relaxing)
 .debug_str     0x0007db41      0x167 ./SDK/startup/hardware.o
                              0x771f7 (size before relaxing)
 .debug_str     0x0007dca8       0x1b ./SDK/startup/main.o
                              0x76fcb (size before relaxing)
 .debug_str     0x0007dcc3       0x36 ./SDK/startup/semihost_hardfault.o
                               0x2d31 (size before relaxing)
 .debug_str     0x0007dcf9      0x7ae ./SDK/startup/startup_mk64f12.o
                               0x359f (size before relaxing)
 .debug_str     0x0007e4a7       0x62 ./SDK/CMSIS/system_MK64F12.o
                              0x77106 (size before relaxing)

.comment        0x00000000       0x7e
 .comment       0x00000000       0x7e ./source/App.o
                                 0x7f (size before relaxing)
 .comment       0x0000007e       0x7f ./source/CAN.o
 .comment       0x0000007e       0x7f ./source/ExternalManager.o
 .comment       0x0000007e       0x7f ./source/Posicionamiento.o
 .comment       0x0000007e       0x7f ./source/SPI.o
 .comment       0x0000007e       0x7f ./source/Sensores.o
 .comment       0x0000007e       0x7f ./source/SysTick.o
 .comment       0x0000007e       0x7f ./source/UART.o
 .comment       0x0000007e       0x7f ./source/gpio.o
 .comment       0x0000007e       0x7f ./source/i2c.o
 .comment       0x0000007e       0x7f ./source/timer.o
 .comment       0x0000007e       0x7f ./SDK/startup/hardware.o
 .comment       0x0000007e       0x7f ./SDK/startup/main.o
 .comment       0x0000007e       0x7f ./SDK/startup/semihost_hardfault.o
 .comment       0x0000007e       0x7f ./SDK/startup/startup_mk64f12.o
 .comment       0x0000007e       0x7f ./SDK/CMSIS/system_MK64F12.o
 .comment       0x0000007e       0x7f c:/nxp/mcuxpressoide_10.2.0_759/ide/tools/bin/../lib/gcc/arm-none-eabi/7.2.1/../../../../arm-none-eabi/lib/thumb/v7e-m/fpv4-sp/hard\libcr_c.a(fabsf.o)
 .comment       0x0000007e       0x7f c:/nxp/mcuxpressoide_10.2.0_759/ide/tools/bin/../lib/gcc/arm-none-eabi/7.2.1/../../../../arm-none-eabi/lib/thumb/v7e-m/fpv4-sp/hard\libcr_c.a(atan.o)
 .comment       0x0000007e       0x7f c:/nxp/mcuxpressoide_10.2.0_759/ide/tools/bin/../lib/gcc/arm-none-eabi/7.2.1/../../../../arm-none-eabi/lib/thumb/v7e-m/fpv4-sp/hard\libcr_c.a(fabs.o)
 .comment       0x0000007e       0x7f c:/nxp/mcuxpressoide_10.2.0_759/ide/tools/bin/../lib/gcc/arm-none-eabi/7.2.1/thumb/v7e-m/fpv4-sp/hard\libcr_eabihelpers.a(double.o)
 .comment       0x0000007e       0x7f c:/nxp/mcuxpressoide_10.2.0_759/ide/tools/bin/../lib/gcc/arm-none-eabi/7.2.1/thumb/v7e-m/fpv4-sp/hard\libcr_eabihelpers.a(float.o)

.ARM.attributes
                0x00000000       0x39
 .ARM.attributes
                0x00000000       0x39 ./source/App.o
 .ARM.attributes
                0x00000039       0x39 ./source/CAN.o
 .ARM.attributes
                0x00000072       0x39 ./source/ExternalManager.o
 .ARM.attributes
                0x000000ab       0x39 ./source/Posicionamiento.o
 .ARM.attributes
                0x000000e4       0x39 ./source/SPI.o
 .ARM.attributes
                0x0000011d       0x39 ./source/Sensores.o
 .ARM.attributes
                0x00000156       0x39 ./source/SysTick.o
 .ARM.attributes
                0x0000018f       0x39 ./source/UART.o
 .ARM.attributes
                0x000001c8       0x39 ./source/gpio.o
 .ARM.attributes
                0x00000201       0x39 ./source/i2c.o
 .ARM.attributes
                0x0000023a       0x39 ./source/timer.o
 .ARM.attributes
                0x00000273       0x39 ./SDK/startup/hardware.o
 .ARM.attributes
                0x000002ac       0x39 ./SDK/startup/main.o
 .ARM.attributes
                0x000002e5       0x39 ./SDK/startup/semihost_hardfault.o
 .ARM.attributes
                0x0000031e       0x39 ./SDK/startup/startup_mk64f12.o
 .ARM.attributes
                0x00000357       0x39 ./SDK/CMSIS/system_MK64F12.o
 .ARM.attributes
                0x00000390       0x39 c:/nxp/mcuxpressoide_10.2.0_759/ide/tools/bin/../lib/gcc/arm-none-eabi/7.2.1/../../../../arm-none-eabi/lib/thumb/v7e-m/fpv4-sp/hard\libcr_c.a(fabsf.o)
 .ARM.attributes
                0x000003c9       0x39 c:/nxp/mcuxpressoide_10.2.0_759/ide/tools/bin/../lib/gcc/arm-none-eabi/7.2.1/../../../../arm-none-eabi/lib/thumb/v7e-m/fpv4-sp/hard\libcr_c.a(atan.o)
 .ARM.attributes
                0x00000402       0x39 c:/nxp/mcuxpressoide_10.2.0_759/ide/tools/bin/../lib/gcc/arm-none-eabi/7.2.1/../../../../arm-none-eabi/lib/thumb/v7e-m/fpv4-sp/hard\libcr_c.a(fabs.o)
 .ARM.attributes
                0x0000043b       0x39 c:/nxp/mcuxpressoide_10.2.0_759/ide/tools/bin/../lib/gcc/arm-none-eabi/7.2.1/thumb/v7e-m/fpv4-sp/hard\libcr_eabihelpers.a(double.o)
 .ARM.attributes
                0x00000474       0x39 c:/nxp/mcuxpressoide_10.2.0_759/ide/tools/bin/../lib/gcc/arm-none-eabi/7.2.1/thumb/v7e-m/fpv4-sp/hard\libcr_eabihelpers.a(float.o)

.debug_frame    0x00000000     0x1678
 .debug_frame   0x00000000       0x8c ./source/App.o
 .debug_frame   0x0000008c      0x1f4 ./source/CAN.o
 .debug_frame   0x00000280       0xac ./source/ExternalManager.o
 .debug_frame   0x0000032c      0x194 ./source/Posicionamiento.o
 .debug_frame   0x000004c0       0xb8 ./source/SPI.o
 .debug_frame   0x00000578       0x94 ./source/Sensores.o
 .debug_frame   0x0000060c       0x88 ./source/SysTick.o
 .debug_frame   0x00000694      0x144 ./source/UART.o
 .debug_frame   0x000007d8      0x1f0 ./source/gpio.o
 .debug_frame   0x000009c8      0x170 ./source/i2c.o
 .debug_frame   0x00000b38      0x10c ./source/timer.o
 .debug_frame   0x00000c44       0x70 ./SDK/startup/hardware.o
 .debug_frame   0x00000cb4       0x2c ./SDK/startup/main.o
 .debug_frame   0x00000ce0       0x20 ./SDK/startup/semihost_hardfault.o
 .debug_frame   0x00000d00      0x904 ./SDK/startup/startup_mk64f12.o
 .debug_frame   0x00001604       0x74 ./SDK/CMSIS/system_MK64F12.o
