20:37:05 **** Clean-only build of configuration Debug for project Blink ****
make -r -j8 clean 
rm -rf  ./source/ADC.o ./source/App.o ./source/DAC.o ./source/Modulador.o ./source/PIT.o ./source/SysTick.o ./source/demodulatorFSK.o ./source/gpio.o ./source/timer.o ./source/uart.o  ./SDK/startup/hardware.o ./SDK/startup/main.o ./SDK/startup/semihost_hardfault.o ./SDK/startup/startup_mk64f12.o  ./SDK/CMSIS/system_MK64F12.o  ./source/ADC.d ./source/App.d ./source/DAC.d ./source/Modulador.d ./source/PIT.d ./source/SysTick.d ./source/demodulatorFSK.d ./source/gpio.d ./source/timer.d ./source/uart.d  ./SDK/startup/hardware.d ./SDK/startup/main.d ./SDK/startup/semihost_hardfault.d ./SDK/startup/startup_mk64f12.d  ./SDK/CMSIS/system_MK64F12.d  Blink.axf
 
20:37:11 **** Build of configuration Debug for project Blink ****
make -r -j8 all 
Building file: ../source/ADC.c
Building file: ../source/App.c
Building file: ../source/DAC.c
Building file: ../source/Modulador.c
Building file: ../source/PIT.c
Invoking: MCU C Compiler
Invoking: MCU C Compiler
arm-none-eabi-gcc -DCPU_MK64FN1M0VLL12 -D__USE_CMSIS -DDEBUG -I../source -I../ -I../SDK/CMSIS -I../SDK/startup -O0 -fno-common -g3 -Wall -c -ffunction-sections -fdata-sections -ffreestanding -fno-builtin -mcpu=cortex-m4 -mfpu=fpv4-sp-d16 -mfloat-abi=hard -mthumb -MMD -MP -MF"source/ADC.d" -MT"source/ADC.o" -MT"source/ADC.d" -o "source/ADC.o" "../source/ADC.c"
Invoking: MCU C Compiler
arm-none-eabi-gcc -DCPU_MK64FN1M0VLL12 -D__USE_CMSIS -DDEBUG -I../source -I../ -I../SDK/CMSIS -I../SDK/startup -O0 -fno-common -g3 -Wall -c -ffunction-sections -fdata-sections -ffreestanding -fno-builtin -mcpu=cortex-m4 -mfpu=fpv4-sp-d16 -mfloat-abi=hard -mthumb -MMD -MP -MF"source/App.d" -MT"source/App.o" -MT"source/App.d" -o "source/App.o" "../source/App.c"
arm-none-eabi-gcc -DCPU_MK64FN1M0VLL12 -D__USE_CMSIS -DDEBUG -I../source -I../ -I../SDK/CMSIS -I../SDK/startup -O0 -fno-common -g3 -Wall -c -ffunction-sections -fdata-sections -ffreestanding -fno-builtin -mcpu=cortex-m4 -mfpu=fpv4-sp-d16 -mfloat-abi=hard -mthumb -MMD -MP -MF"source/DAC.d" -MT"source/DAC.o" -MT"source/DAC.d" -o "source/DAC.o" "../source/DAC.c"
Building file: ../source/SysTick.c
Invoking: MCU C Compiler
Invoking: MCU C Compiler
arm-none-eabi-gcc -DCPU_MK64FN1M0VLL12 -D__USE_CMSIS -DDEBUG -I../source -I../ -I../SDK/CMSIS -I../SDK/startup -O0 -fno-common -g3 -Wall -c -ffunction-sections -fdata-sections -ffreestanding -fno-builtin -mcpu=cortex-m4 -mfpu=fpv4-sp-d16 -mfloat-abi=hard -mthumb -MMD -MP -MF"source/Modulador.d" -MT"source/Modulador.o" -MT"source/Modulador.d" -o "source/Modulador.o" "../source/Modulador.c"
Building file: ../source/demodulatorFSK.c
arm-none-eabi-gcc -DCPU_MK64FN1M0VLL12 -D__USE_CMSIS -DDEBUG -I../source -I../ -I../SDK/CMSIS -I../SDK/startup -O0 -fno-common -g3 -Wall -c -ffunction-sections -fdata-sections -ffreestanding -fno-builtin -mcpu=cortex-m4 -mfpu=fpv4-sp-d16 -mfloat-abi=hard -mthumb -MMD -MP -MF"source/PIT.d" -MT"source/PIT.o" -MT"source/PIT.d" -o "source/PIT.o" "../source/PIT.c"
Invoking: MCU C Compiler
arm-none-eabi-gcc -DCPU_MK64FN1M0VLL12 -D__USE_CMSIS -DDEBUG -I../source -I../ -I../SDK/CMSIS -I../SDK/startup -O0 -fno-common -g3 -Wall -c -ffunction-sections -fdata-sections -ffreestanding -fno-builtin -mcpu=cortex-m4 -mfpu=fpv4-sp-d16 -mfloat-abi=hard -mthumb -MMD -MP -MF"source/SysTick.d" -MT"source/SysTick.o" -MT"source/SysTick.d" -o "source/SysTick.o" "../source/SysTick.c"
Building file: ../source/gpio.c
Invoking: MCU C Compiler
arm-none-eabi-gcc -DCPU_MK64FN1M0VLL12 -D__USE_CMSIS -DDEBUG -I../source -I../ -I../SDK/CMSIS -I../SDK/startup -O0 -fno-common -g3 -Wall -c -ffunction-sections -fdata-sections -ffreestanding -fno-builtin -mcpu=cortex-m4 -mfpu=fpv4-sp-d16 -mfloat-abi=hard -mthumb -MMD -MP -MF"source/demodulatorFSK.d" -MT"source/demodulatorFSK.o" -MT"source/demodulatorFSK.d" -o "source/demodulatorFSK.o" "../source/demodulatorFSK.c"
Invoking: MCU C Compiler
arm-none-eabi-gcc -DCPU_MK64FN1M0VLL12 -D__USE_CMSIS -DDEBUG -I../source -I../ -I../SDK/CMSIS -I../SDK/startup -O0 -fno-common -g3 -Wall -c -ffunction-sections -fdata-sections -ffreestanding -fno-builtin -mcpu=cortex-m4 -mfpu=fpv4-sp-d16 -mfloat-abi=hard -mthumb -MMD -MP -MF"source/gpio.d" -MT"source/gpio.o" -MT"source/gpio.d" -o "source/gpio.o" "../source/gpio.c"
../source/App.c: In function 'App_Init':
../source/App.c:51:23: warning: passing argument 1 of 'setOnNewCharListener' from incompatible pointer type [-Wincompatible-pointer-types]
  setOnNewCharListener(Modulador_sendChar);
                       ^~~~~~~~~~~~~~~~~~
In file included from ../source/App.c:16:0:
../source/uart.h:67:6: note: expected 'void * (*)(char)' but argument is of type 'void (*)(char)'
 void setOnNewCharListener(void *recv(char));
      ^~~~~~~~~~~~~~~~~~~~
../source/App.c: In function 'demodulador':
../source/App.c:97:6: warning: unused variable 'a' [-Wunused-variable]
  int a = 0;
      ^
Finished building: ../source/Modulador.c
 
Finished building: ../source/demodulatorFSK.c
Building file: ../source/timer.c
 
Invoking: MCU C Compiler
arm-none-eabi-gcc -DCPU_MK64FN1M0VLL12 -D__USE_CMSIS -DDEBUG -I../source -I../ -I../SDK/CMSIS -I../SDK/startup -O0 -fno-common -g3 -Wall -c -ffunction-sections -fdata-sections -ffreestanding -fno-builtin -mcpu=cortex-m4 -mfpu=fpv4-sp-d16 -mfloat-abi=hard -mthumb -MMD -MP -MF"source/timer.d" -MT"source/timer.o" -MT"source/timer.d" -o "source/timer.o" "../source/timer.c"
Finished building: ../source/DAC.c
Finished building: ../source/ADC.c
Building file: ../source/uart.c
 
 
Invoking: MCU C Compiler
Finished building: ../source/PIT.c
arm-none-eabi-gcc -DCPU_MK64FN1M0VLL12 -D__USE_CMSIS -DDEBUG -I../source -I../ -I../SDK/CMSIS -I../SDK/startup -O0 -fno-common -g3 -Wall -c -ffunction-sections -fdata-sections -ffreestanding -fno-builtin -mcpu=cortex-m4 -mfpu=fpv4-sp-d16 -mfloat-abi=hard -mthumb -MMD -MP -MF"source/uart.d" -MT"source/uart.o" -MT"source/uart.d" -o "source/uart.o" "../source/uart.c"
Building file: ../SDK/startup/hardware.c
Finished building: ../source/SysTick.c
Finished building: ../source/App.c
 
Building file: ../SDK/startup/main.c
Invoking: MCU C Compiler
arm-none-eabi-gcc -DCPU_MK64FN1M0VLL12 -D__USE_CMSIS -DDEBUG -I../source -I../ -I../SDK/CMSIS -I../SDK/startup -O0 -fno-common -g3 -Wall -c -ffunction-sections -fdata-sections -ffreestanding -fno-builtin -mcpu=cortex-m4 -mfpu=fpv4-sp-d16 -mfloat-abi=hard -mthumb -MMD -MP -MF"SDK/startup/hardware.d" -MT"SDK/startup/hardware.o" -MT"SDK/startup/hardware.d" -o "SDK/startup/hardware.o" "../SDK/startup/hardware.c"
 
Building file: ../SDK/startup/semihost_hardfault.c
 
Invoking: MCU C Compiler
Invoking: MCU C Compiler
arm-none-eabi-gcc -DCPU_MK64FN1M0VLL12 -D__USE_CMSIS -DDEBUG -I../source -I../ -I../SDK/CMSIS -I../SDK/startup -O0 -fno-common -g3 -Wall -c -ffunction-sections -fdata-sections -ffreestanding -fno-builtin -mcpu=cortex-m4 -mfpu=fpv4-sp-d16 -mfloat-abi=hard -mthumb -MMD -MP -MF"SDK/startup/semihost_hardfault.d" -MT"SDK/startup/semihost_hardfault.o" -MT"SDK/startup/semihost_hardfault.d" -o "SDK/startup/semihost_hardfault.o" "../SDK/startup/semihost_hardfault.c"
Building file: ../SDK/startup/startup_mk64f12.c
arm-none-eabi-gcc -DCPU_MK64FN1M0VLL12 -D__USE_CMSIS -DDEBUG -I../source -I../ -I../SDK/CMSIS -I../SDK/startup -O0 -fno-common -g3 -Wall -c -ffunction-sections -fdata-sections -ffreestanding -fno-builtin -mcpu=cortex-m4 -mfpu=fpv4-sp-d16 -mfloat-abi=hard -mthumb -MMD -MP -MF"SDK/startup/main.d" -MT"SDK/startup/main.o" -MT"SDK/startup/main.d" -o "SDK/startup/main.o" "../SDK/startup/main.c"
Building file: ../SDK/CMSIS/system_MK64F12.c
Invoking: MCU C Compiler
arm-none-eabi-gcc -DCPU_MK64FN1M0VLL12 -D__USE_CMSIS -DDEBUG -I../source -I../ -I../SDK/CMSIS -I../SDK/startup -O0 -fno-common -g3 -Wall -c -ffunction-sections -fdata-sections -ffreestanding -fno-builtin -mcpu=cortex-m4 -mfpu=fpv4-sp-d16 -mfloat-abi=hard -mthumb -MMD -MP -MF"SDK/startup/startup_mk64f12.d" -MT"SDK/startup/startup_mk64f12.o" -MT"SDK/startup/startup_mk64f12.d" -o "SDK/startup/startup_mk64f12.o" "../SDK/startup/startup_mk64f12.c"
Invoking: MCU C Compiler
Finished building: ../source/gpio.c
arm-none-eabi-gcc -DCPU_MK64FN1M0VLL12 -D__USE_CMSIS -DDEBUG -I../source -I../ -I../SDK/CMSIS -I../SDK/startup -O0 -fno-common -g3 -Wall -c -ffunction-sections -fdata-sections -ffreestanding -fno-builtin -mcpu=cortex-m4 -mfpu=fpv4-sp-d16 -mfloat-abi=hard -mthumb -MMD -MP -MF"SDK/CMSIS/system_MK64F12.d" -MT"SDK/CMSIS/system_MK64F12.o" -MT"SDK/CMSIS/system_MK64F12.d" -o "SDK/CMSIS/system_MK64F12.o" "../SDK/CMSIS/system_MK64F12.c"
 
../source/uart.c: In function 'uartInit':
../source/uart.c:252:2: warning: implicit declaration of function 'delayLoop' [-Wimplicit-function-declaration]
  delayLoop(10000000);
  ^~~~~~~~~
../source/uart.c: In function 'setOnNewCharListener':
../source/uart.c:255:15: warning: assignment from incompatible pointer type [-Wincompatible-pointer-types]
  recvListener = recv;
               ^
../source/uart.c: At top level:
../source/uart.c:258:6: warning: conflicting types for 'delayLoop'
 void delayLoop(uint32_t veces)
      ^~~~~~~~~
../source/uart.c:252:2: note: previous implicit declaration of 'delayLoop' was here
  delayLoop(10000000);
  ^~~~~~~~~
../source/uart.c:60:16: warning: 'dummy' defined but not used [-Wunused-variable]
 static uint8_t dummy;
                ^~~~~
Finished building: ../SDK/startup/semihost_hardfault.c
 
Finished building: ../source/timer.c
Finished building: ../SDK/startup/startup_mk64f12.c
 
 
Finished building: ../SDK/startup/hardware.c
Finished building: ../SDK/startup/main.c
 
 
Finished building: ../source/uart.c
 
Finished building: ../SDK/CMSIS/system_MK64F12.c
 
Building target: Blink.axf
Invoking: MCU Linker
arm-none-eabi-gcc -nostdlib -Xlinker -Map="Blink.map" -Xlinker --gc-sections -Xlinker -print-memory-usage -Xlinker --sort-section=alignment -mcpu=cortex-m4 -mfpu=fpv4-sp-d16 -mfloat-abi=hard -mthumb -T "Blink_Debug.ld" -o "Blink.axf"  ./source/ADC.o ./source/App.o ./source/DAC.o ./source/Modulador.o ./source/PIT.o ./source/SysTick.o ./source/demodulatorFSK.o ./source/gpio.o ./source/timer.o ./source/uart.o  ./SDK/startup/hardware.o ./SDK/startup/main.o ./SDK/startup/semihost_hardfault.o ./SDK/startup/startup_mk64f12.o  ./SDK/CMSIS/system_MK64F12.o   
Memory region         Used Size  Region Size  %age Used
   PROGRAM_FLASH:       11152 B         1 MB      1.06%
      SRAM_UPPER:       29576 B       192 KB     15.04%
      SRAM_LOWER:          0 GB        64 KB      0.00%
        FLEX_RAM:          0 GB         4 KB      0.00%
Finished building target: Blink.axf
 
make --no-print-directory post-build
Performing post-build steps
arm-none-eabi-size "Blink.axf"; # arm-none-eabi-objcopy -v -O binary "Blink.axf" "Blink.bin" ; # checksum -p MK64FN1M0xxx12 -d "Blink.bin";
   text	   data	    bss	    dec	    hex	filename
  10960	    192	  29384	  40536	   9e58	Blink.axf
 
20:39:23 **** Incremental Build of configuration Debug for project Blink ****
make -r -j8 all 
Building file: ../source/App.c
Invoking: MCU C Compiler
arm-none-eabi-gcc -DCPU_MK64FN1M0VLL12 -D__USE_CMSIS -DDEBUG -I../source -I../ -I../SDK/CMSIS -I../SDK/startup -O0 -fno-common -g3 -Wall -c -ffunction-sections -fdata-sections -ffreestanding -fno-builtin -mcpu=cortex-m4 -mfpu=fpv4-sp-d16 -mfloat-abi=hard -mthumb -MMD -MP -MF"source/App.d" -MT"source/App.o" -MT"source/App.d" -o "source/App.o" "../source/App.c"
../source/App.c: In function 'App_Init':
../source/App.c:51:23: warning: passing argument 1 of 'setOnNewCharListener' from incompatible pointer type [-Wincompatible-pointer-types]
  setOnNewCharListener(Modulador_sendChar);
                       ^~~~~~~~~~~~~~~~~~
In file included from ../source/App.c:16:0:
../source/uart.h:67:6: note: expected 'void * (*)(char)' but argument is of type 'void (*)(char)'
 void setOnNewCharListener(void *recv(char));
      ^~~~~~~~~~~~~~~~~~~~
../source/App.c: In function 'demodulador':
../source/App.c:90:6: warning: unused variable 'a' [-Wunused-variable]
  int a = 0;
      ^
Finished building: ../source/App.c
 
Building target: Blink.axf
Invoking: MCU Linker
arm-none-eabi-gcc -nostdlib -Xlinker -Map="Blink.map" -Xlinker --gc-sections -Xlinker -print-memory-usage -Xlinker --sort-section=alignment -mcpu=cortex-m4 -mfpu=fpv4-sp-d16 -mfloat-abi=hard -mthumb -T "Blink_Debug.ld" -o "Blink.axf"  ./source/ADC.o ./source/App.o ./source/DAC.o ./source/Modulador.o ./source/PIT.o ./source/SysTick.o ./source/demodulatorFSK.o ./source/gpio.o ./source/timer.o ./source/uart.o  ./SDK/startup/hardware.o ./SDK/startup/main.o ./SDK/startup/semihost_hardfault.o ./SDK/startup/startup_mk64f12.o  ./SDK/CMSIS/system_MK64F12.o   
Memory region         Used Size  Region Size  %age Used
   PROGRAM_FLASH:       11152 B         1 MB      1.06%
      SRAM_UPPER:       29576 B       192 KB     15.04%
      SRAM_LOWER:          0 GB        64 KB      0.00%
        FLEX_RAM:          0 GB         4 KB      0.00%
Finished building target: Blink.axf
 
make --no-print-directory post-build
Performing post-build steps
arm-none-eabi-size "Blink.axf"; # arm-none-eabi-objcopy -v -O binary "Blink.axf" "Blink.bin" ; # checksum -p MK64FN1M0xxx12 -d "Blink.bin";
   text	   data	    bss	    dec	    hex	filename
  10960	    192	  29384	  40536	   9e58	Blink.axf
 
20:40:37 **** Incremental Build of configuration Debug for project Blink ****
make -r -j8 all 
Building file: ../source/App.c
Invoking: MCU C Compiler
arm-none-eabi-gcc -DCPU_MK64FN1M0VLL12 -D__USE_CMSIS -DDEBUG -I../source -I../ -I../SDK/CMSIS -I../SDK/startup -O0 -fno-common -g3 -Wall -c -ffunction-sections -fdata-sections -ffreestanding -fno-builtin -mcpu=cortex-m4 -mfpu=fpv4-sp-d16 -mfloat-abi=hard -mthumb -MMD -MP -MF"source/App.d" -MT"source/App.o" -MT"source/App.d" -o "source/App.o" "../source/App.c"
../source/App.c: In function 'App_Init':
../source/App.c:52:23: warning: passing argument 1 of 'setOnNewCharListener' from incompatible pointer type [-Wincompatible-pointer-types]
  setOnNewCharListener(testfunc);
                       ^~~~~~~~
In file included from ../source/App.c:16:0:
../source/uart.h:67:6: note: expected 'void * (*)(char)' but argument is of type 'void (*)(char)'
 void setOnNewCharListener(void *recv(char));
      ^~~~~~~~~~~~~~~~~~~~
../source/App.c: In function 'demodulador':
../source/App.c:90:6: warning: unused variable 'a' [-Wunused-variable]
  int a = 0;
      ^
Finished building: ../source/App.c
 
Building target: Blink.axf
Invoking: MCU Linker
arm-none-eabi-gcc -nostdlib -Xlinker -Map="Blink.map" -Xlinker --gc-sections -Xlinker -print-memory-usage -Xlinker --sort-section=alignment -mcpu=cortex-m4 -mfpu=fpv4-sp-d16 -mfloat-abi=hard -mthumb -T "Blink_Debug.ld" -o "Blink.axf"  ./source/ADC.o ./source/App.o ./source/DAC.o ./source/Modulador.o ./source/PIT.o ./source/SysTick.o ./source/demodulatorFSK.o ./source/gpio.o ./source/timer.o ./source/uart.o  ./SDK/startup/hardware.o ./SDK/startup/main.o ./SDK/startup/semihost_hardfault.o ./SDK/startup/startup_mk64f12.o  ./SDK/CMSIS/system_MK64F12.o   
Memory region         Used Size  Region Size  %age Used
   PROGRAM_FLASH:       10968 B         1 MB      1.05%
      SRAM_UPPER:       29576 B       192 KB     15.04%
      SRAM_LOWER:          0 GB        64 KB      0.00%
        FLEX_RAM:          0 GB         4 KB      0.00%
Finished building target: Blink.axf
 
make --no-print-directory post-build
Performing post-build steps
arm-none-eabi-size "Blink.axf"; # arm-none-eabi-objcopy -v -O binary "Blink.axf" "Blink.bin" ; # checksum -p MK64FN1M0xxx12 -d "Blink.bin";
   text	   data	    bss	    dec	    hex	filename
  10776	    192	  29384	  40352	   9da0	Blink.axf
 
20:42:10 **** Incremental Build of configuration Debug for project Blink ****
make -r -j8 all 
make: Nothing to be done for `all'.
20:42:56 **** Incremental Build of configuration Debug for project Blink ****
make -r -j8 all 
Building file: ../source/App.c
Invoking: MCU C Compiler
arm-none-eabi-gcc -DCPU_MK64FN1M0VLL12 -D__USE_CMSIS -DDEBUG -I../source -I../ -I../SDK/CMSIS -I../SDK/startup -O0 -fno-common -g3 -Wall -c -ffunction-sections -fdata-sections -ffreestanding -fno-builtin -mcpu=cortex-m4 -mfpu=fpv4-sp-d16 -mfloat-abi=hard -mthumb -MMD -MP -MF"source/App.d" -MT"source/App.o" -MT"source/App.d" -o "source/App.o" "../source/App.c"
../source/App.c: In function 'App_Init':
../source/App.c:51:23: warning: passing argument 1 of 'setOnNewCharListener' from incompatible pointer type [-Wincompatible-pointer-types]
  setOnNewCharListener(Modulador_sendChar);
                       ^~~~~~~~~~~~~~~~~~
In file included from ../source/App.c:16:0:
../source/uart.h:67:6: note: expected 'void * (*)(char)' but argument is of type 'void (*)(char)'
 void setOnNewCharListener(void *recv(char));
      ^~~~~~~~~~~~~~~~~~~~
../source/App.c: In function 'demodulador':
../source/App.c:90:6: warning: unused variable 'a' [-Wunused-variable]
  int a = 0;
      ^
Finished building: ../source/App.c
 
Building target: Blink.axf
Invoking: MCU Linker
arm-none-eabi-gcc -nostdlib -Xlinker -Map="Blink.map" -Xlinker --gc-sections -Xlinker -print-memory-usage -Xlinker --sort-section=alignment -mcpu=cortex-m4 -mfpu=fpv4-sp-d16 -mfloat-abi=hard -mthumb -T "Blink_Debug.ld" -o "Blink.axf"  ./source/ADC.o ./source/App.o ./source/DAC.o ./source/Modulador.o ./source/PIT.o ./source/SysTick.o ./source/demodulatorFSK.o ./source/gpio.o ./source/timer.o ./source/uart.o  ./SDK/startup/hardware.o ./SDK/startup/main.o ./SDK/startup/semihost_hardfault.o ./SDK/startup/startup_mk64f12.o  ./SDK/CMSIS/system_MK64F12.o   
Memory region         Used Size  Region Size  %age Used
   PROGRAM_FLASH:       11152 B         1 MB      1.06%
      SRAM_UPPER:       29576 B       192 KB     15.04%
      SRAM_LOWER:          0 GB        64 KB      0.00%
        FLEX_RAM:          0 GB         4 KB      0.00%
Finished building target: Blink.axf
 
make --no-print-directory post-build
Performing post-build steps
arm-none-eabi-size "Blink.axf"; # arm-none-eabi-objcopy -v -O binary "Blink.axf" "Blink.bin" ; # checksum -p MK64FN1M0xxx12 -d "Blink.bin";
   text	   data	    bss	    dec	    hex	filename
  10960	    192	  29384	  40536	   9e58	Blink.axf
 
20:43:39 **** Incremental Build of configuration Debug for project Blink ****
make -r -j8 all 
Building file: ../source/App.c
Building file: ../SDK/startup/main.c
Invoking: MCU C Compiler
arm-none-eabi-gcc -DCPU_MK64FN1M0VLL12 -D__USE_CMSIS -DDEBUG -I../source -I../ -I../SDK/CMSIS -I../SDK/startup -O0 -fno-common -g3 -Wall -c -ffunction-sections -fdata-sections -ffreestanding -fno-builtin -mcpu=cortex-m4 -mfpu=fpv4-sp-d16 -mfloat-abi=hard -mthumb -MMD -MP -MF"source/App.d" -MT"source/App.o" -MT"source/App.d" -o "source/App.o" "../source/App.c"
Invoking: MCU C Compiler
arm-none-eabi-gcc -DCPU_MK64FN1M0VLL12 -D__USE_CMSIS -DDEBUG -I../source -I../ -I../SDK/CMSIS -I../SDK/startup -O0 -fno-common -g3 -Wall -c -ffunction-sections -fdata-sections -ffreestanding -fno-builtin -mcpu=cortex-m4 -mfpu=fpv4-sp-d16 -mfloat-abi=hard -mthumb -MMD -MP -MF"SDK/startup/main.d" -MT"SDK/startup/main.o" -MT"SDK/startup/main.d" -o "SDK/startup/main.o" "../SDK/startup/main.c"
../SDK/startup/main.c: In function 'main':
../SDK/startup/main.c:15:1: error: unknown type name 'H'
 H    hw_Init();
 ^
../SDK/startup/main.c:15:6: error: conflicting types for 'hw_Init'
 H    hw_Init();
      ^~~~~~~
In file included from ../SDK/startup/main.c:7:0:
../SDK/startup/hardware.h:31:6: note: previous declaration of 'hw_Init' was here
 void hw_Init (void);
      ^~~~~~~
make: *** [SDK/startup/main.o] Error 1
make: *** Waiting for unfinished jobs....
../source/App.c: In function 'App_Init':
../source/App.c:51:23: warning: passing argument 1 of 'setOnNewCharListener' from incompatible pointer type [-Wincompatible-pointer-types]
  setOnNewCharListener(Modulador_sendChar);
                       ^~~~~~~~~~~~~~~~~~
In file included from ../source/App.c:16:0:
../source/uart.h:67:6: note: expected 'void * (*)(char)' but argument is of type 'void (*)(char)'
 void setOnNewCharListener(void *recv(char));
      ^~~~~~~~~~~~~~~~~~~~
../source/App.c: In function 'App_Run':
../source/App.c:70:2: warning: implicit declaration of function 'delayLoop' [-Wimplicit-function-declaration]
  delayLoop(400000UL);
  ^~~~~~~~~
../source/App.c: In function 'demodulador':
../source/App.c:90:6: warning: unused variable 'a' [-Wunused-variable]
  int a = 0;
      ^
Finished building: ../source/App.c
 
20:43:46 **** Incremental Build of configuration Debug for project Blink ****
make -r -j8 all 
Building file: ../SDK/startup/main.c
Invoking: MCU C Compiler
arm-none-eabi-gcc -DCPU_MK64FN1M0VLL12 -D__USE_CMSIS -DDEBUG -I../source -I../ -I../SDK/CMSIS -I../SDK/startup -O0 -fno-common -g3 -Wall -c -ffunction-sections -fdata-sections -ffreestanding -fno-builtin -mcpu=cortex-m4 -mfpu=fpv4-sp-d16 -mfloat-abi=hard -mthumb -MMD -MP -MF"SDK/startup/main.d" -MT"SDK/startup/main.o" -MT"SDK/startup/main.d" -o "SDK/startup/main.o" "../SDK/startup/main.c"
../SDK/startup/main.c: In function 'main':
../SDK/startup/main.c:15:1: error: unknown type name 'H'
 H    hw_Init();
 ^
../SDK/startup/main.c:15:6: error: conflicting types for 'hw_Init'
 H    hw_Init();
      ^~~~~~~
In file included from ../SDK/startup/main.c:7:0:
../SDK/startup/hardware.h:31:6: note: previous declaration of 'hw_Init' was here
 void hw_Init (void);
      ^~~~~~~
make: *** [SDK/startup/main.o] Error 1
20:44:00 **** Incremental Build of configuration Debug for project Blink ****
make -r -j8 all 
Building file: ../SDK/startup/main.c
Invoking: MCU C Compiler
arm-none-eabi-gcc -DCPU_MK64FN1M0VLL12 -D__USE_CMSIS -DDEBUG -I../source -I../ -I../SDK/CMSIS -I../SDK/startup -O0 -fno-common -g3 -Wall -c -ffunction-sections -fdata-sections -ffreestanding -fno-builtin -mcpu=cortex-m4 -mfpu=fpv4-sp-d16 -mfloat-abi=hard -mthumb -MMD -MP -MF"SDK/startup/main.d" -MT"SDK/startup/main.o" -MT"SDK/startup/main.d" -o "SDK/startup/main.o" "../SDK/startup/main.c"
Finished building: ../SDK/startup/main.c
 
Building target: Blink.axf
Invoking: MCU Linker
arm-none-eabi-gcc -nostdlib -Xlinker -Map="Blink.map" -Xlinker --gc-sections -Xlinker -print-memory-usage -Xlinker --sort-section=alignment -mcpu=cortex-m4 -mfpu=fpv4-sp-d16 -mfloat-abi=hard -mthumb -T "Blink_Debug.ld" -o "Blink.axf"  ./source/ADC.o ./source/App.o ./source/DAC.o ./source/Modulador.o ./source/PIT.o ./source/SysTick.o ./source/demodulatorFSK.o ./source/gpio.o ./source/timer.o ./source/uart.o  ./SDK/startup/hardware.o ./SDK/startup/main.o ./SDK/startup/semihost_hardfault.o ./SDK/startup/startup_mk64f12.o  ./SDK/CMSIS/system_MK64F12.o   
Memory region         Used Size  Region Size  %age Used
   PROGRAM_FLASH:       11168 B         1 MB      1.07%
      SRAM_UPPER:       29576 B       192 KB     15.04%
      SRAM_LOWER:          0 GB        64 KB      0.00%
        FLEX_RAM:          0 GB         4 KB      0.00%
Finished building target: Blink.axf
 
make --no-print-directory post-build
Performing post-build steps
arm-none-eabi-size "Blink.axf"; # arm-none-eabi-objcopy -v -O binary "Blink.axf" "Blink.bin" ; # checksum -p MK64FN1M0xxx12 -d "Blink.bin";
   text	   data	    bss	    dec	    hex	filename
  10976	    192	  29384	  40552	   9e68	Blink.axf
 
20:44:03 **** Incremental Build of configuration Debug for project Blink ****
make -r -j8 all 
make: Nothing to be done for `all'.
20:44:43 **** Incremental Build of configuration Debug for project Blink ****
make -r -j8 all 
Building file: ../source/App.c
Invoking: MCU C Compiler
arm-none-eabi-gcc -DCPU_MK64FN1M0VLL12 -D__USE_CMSIS -DDEBUG -I../source -I../ -I../SDK/CMSIS -I../SDK/startup -O0 -fno-common -g3 -Wall -c -ffunction-sections -fdata-sections -ffreestanding -fno-builtin -mcpu=cortex-m4 -mfpu=fpv4-sp-d16 -mfloat-abi=hard -mthumb -MMD -MP -MF"source/App.d" -MT"source/App.o" -MT"source/App.d" -o "source/App.o" "../source/App.c"
../source/App.c: In function 'App_Init':
../source/App.c:51:23: warning: passing argument 1 of 'setOnNewCharListener' from incompatible pointer type [-Wincompatible-pointer-types]
  setOnNewCharListener(Modulador_sendChar);
                       ^~~~~~~~~~~~~~~~~~
In file included from ../source/App.c:16:0:
../source/uart.h:67:6: note: expected 'void * (*)(char)' but argument is of type 'void (*)(char)'
 void setOnNewCharListener(void *recv(char));
      ^~~~~~~~~~~~~~~~~~~~
../source/App.c: In function 'App_Run':
../source/App.c:70:2: warning: implicit declaration of function 'delayLoop' [-Wimplicit-function-declaration]
  delayLoop(40000UL);
  ^~~~~~~~~
../source/App.c: In function 'demodulador':
../source/App.c:90:6: warning: unused variable 'a' [-Wunused-variable]
  int a = 0;
      ^
Finished building: ../source/App.c
 
Building target: Blink.axf
Invoking: MCU Linker
arm-none-eabi-gcc -nostdlib -Xlinker -Map="Blink.map" -Xlinker --gc-sections -Xlinker -print-memory-usage -Xlinker --sort-section=alignment -mcpu=cortex-m4 -mfpu=fpv4-sp-d16 -mfloat-abi=hard -mthumb -T "Blink_Debug.ld" -o "Blink.axf"  ./source/ADC.o ./source/App.o ./source/DAC.o ./source/Modulador.o ./source/PIT.o ./source/SysTick.o ./source/demodulatorFSK.o ./source/gpio.o ./source/timer.o ./source/uart.o  ./SDK/startup/hardware.o ./SDK/startup/main.o ./SDK/startup/semihost_hardfault.o ./SDK/startup/startup_mk64f12.o  ./SDK/CMSIS/system_MK64F12.o   
Memory region         Used Size  Region Size  %age Used
   PROGRAM_FLASH:       11160 B         1 MB      1.06%
      SRAM_UPPER:       29576 B       192 KB     15.04%
      SRAM_LOWER:          0 GB        64 KB      0.00%
        FLEX_RAM:          0 GB         4 KB      0.00%
Finished building target: Blink.axf
 
make --no-print-directory post-build
Performing post-build steps
arm-none-eabi-size "Blink.axf"; # arm-none-eabi-objcopy -v -O binary "Blink.axf" "Blink.bin" ; # checksum -p MK64FN1M0xxx12 -d "Blink.bin";
   text	   data	    bss	    dec	    hex	filename
  10968	    192	  29384	  40544	   9e60	Blink.axf
 
20:44:46 **** Incremental Build of configuration Debug for project Blink ****
make -r -j8 all 
make: Nothing to be done for `all'.
20:45:00 **** Incremental Build of configuration Debug for project Blink ****
make -r -j8 all 
make: Nothing to be done for `all'.
20:45:02 **** Incremental Build of configuration Debug for project Blink ****
make -r -j8 all 
make: Nothing to be done for `all'.
20:45:10 **** Incremental Build of configuration Debug for project Blink ****
make -r -j8 all 
make: Nothing to be done for `all'.
20:45:37 **** Incremental Build of configuration Debug for project Blink ****
make -r -j8 all 
Building file: ../source/App.c
Invoking: MCU C Compiler
arm-none-eabi-gcc -DCPU_MK64FN1M0VLL12 -D__USE_CMSIS -DDEBUG -I../source -I../ -I../SDK/CMSIS -I../SDK/startup -O0 -fno-common -g3 -Wall -c -ffunction-sections -fdata-sections -ffreestanding -fno-builtin -mcpu=cortex-m4 -mfpu=fpv4-sp-d16 -mfloat-abi=hard -mthumb -MMD -MP -MF"source/App.d" -MT"source/App.o" -MT"source/App.d" -o "source/App.o" "../source/App.c"
../source/App.c: In function 'App_Init':
../source/App.c:51:23: warning: passing argument 1 of 'setOnNewCharListener' from incompatible pointer type [-Wincompatible-pointer-types]
  setOnNewCharListener(Modulador_sendChar);
                       ^~~~~~~~~~~~~~~~~~
In file included from ../source/App.c:16:0:
../source/uart.h:67:6: note: expected 'void * (*)(char)' but argument is of type 'void (*)(char)'
 void setOnNewCharListener(void *recv(char));
      ^~~~~~~~~~~~~~~~~~~~
../source/App.c: In function 'App_Run':
../source/App.c:70:2: warning: implicit declaration of function 'delayLoop' [-Wimplicit-function-declaration]
  delayLoop(400UL);
  ^~~~~~~~~
../source/App.c: In function 'demodulador':
../source/App.c:90:6: warning: unused variable 'a' [-Wunused-variable]
  int a = 0;
      ^
Finished building: ../source/App.c
 
Building target: Blink.axf
Invoking: MCU Linker
arm-none-eabi-gcc -nostdlib -Xlinker -Map="Blink.map" -Xlinker --gc-sections -Xlinker -print-memory-usage -Xlinker --sort-section=alignment -mcpu=cortex-m4 -mfpu=fpv4-sp-d16 -mfloat-abi=hard -mthumb -T "Blink_Debug.ld" -o "Blink.axf"  ./source/ADC.o ./source/App.o ./source/DAC.o ./source/Modulador.o ./source/PIT.o ./source/SysTick.o ./source/demodulatorFSK.o ./source/gpio.o ./source/timer.o ./source/uart.o  ./SDK/startup/hardware.o ./SDK/startup/main.o ./SDK/startup/semihost_hardfault.o ./SDK/startup/startup_mk64f12.o  ./SDK/CMSIS/system_MK64F12.o   
Memory region         Used Size  Region Size  %age Used
   PROGRAM_FLASH:       11160 B         1 MB      1.06%
      SRAM_UPPER:       29576 B       192 KB     15.04%
      SRAM_LOWER:          0 GB        64 KB      0.00%
        FLEX_RAM:          0 GB         4 KB      0.00%
Finished building target: Blink.axf
 
make --no-print-directory post-build
Performing post-build steps
arm-none-eabi-size "Blink.axf"; # arm-none-eabi-objcopy -v -O binary "Blink.axf" "Blink.bin" ; # checksum -p MK64FN1M0xxx12 -d "Blink.bin";
   text	   data	    bss	    dec	    hex	filename
  10968	    192	  29384	  40544	   9e60	Blink.axf
 
20:45:41 **** Incremental Build of configuration Debug for project Blink ****
make -r -j8 all 
make: Nothing to be done for `all'.
20:45:42 **** Incremental Build of configuration Debug for project Blink ****
make -r -j8 all 
make: Nothing to be done for `all'.
20:45:47 **** Incremental Build of configuration Debug for project Blink ****
make -r -j8 all 
make: Nothing to be done for `all'.
20:47:19 **** Incremental Build of configuration Debug for project Blink ****
make -r -j8 all 
Building file: ../source/App.c
Invoking: MCU C Compiler
arm-none-eabi-gcc -DCPU_MK64FN1M0VLL12 -D__USE_CMSIS -DDEBUG -I../source -I../ -I../SDK/CMSIS -I../SDK/startup -O0 -fno-common -g3 -Wall -c -ffunction-sections -fdata-sections -ffreestanding -fno-builtin -mcpu=cortex-m4 -mfpu=fpv4-sp-d16 -mfloat-abi=hard -mthumb -MMD -MP -MF"source/App.d" -MT"source/App.o" -MT"source/App.d" -o "source/App.o" "../source/App.c"
../source/App.c: In function 'App_Init':
../source/App.c:51:23: warning: passing argument 1 of 'setOnNewCharListener' from incompatible pointer type [-Wincompatible-pointer-types]
  setOnNewCharListener(Modulador_sendChar);
                       ^~~~~~~~~~~~~~~~~~
In file included from ../source/App.c:16:0:
../source/uart.h:67:6: note: expected 'void * (*)(char)' but argument is of type 'void (*)(char)'
 void setOnNewCharListener(void *recv(char));
      ^~~~~~~~~~~~~~~~~~~~
../source/App.c: In function 'demodulador':
../source/App.c:90:6: warning: unused variable 'a' [-Wunused-variable]
  int a = 0;
      ^
Finished building: ../source/App.c
 
Building target: Blink.axf
Invoking: MCU Linker
arm-none-eabi-gcc -nostdlib -Xlinker -Map="Blink.map" -Xlinker --gc-sections -Xlinker -print-memory-usage -Xlinker --sort-section=alignment -mcpu=cortex-m4 -mfpu=fpv4-sp-d16 -mfloat-abi=hard -mthumb -T "Blink_Debug.ld" -o "Blink.axf"  ./source/ADC.o ./source/App.o ./source/DAC.o ./source/Modulador.o ./source/PIT.o ./source/SysTick.o ./source/demodulatorFSK.o ./source/gpio.o ./source/timer.o ./source/uart.o  ./SDK/startup/hardware.o ./SDK/startup/main.o ./SDK/startup/semihost_hardfault.o ./SDK/startup/startup_mk64f12.o  ./SDK/CMSIS/system_MK64F12.o   
Memory region         Used Size  Region Size  %age Used
   PROGRAM_FLASH:       11152 B         1 MB      1.06%
      SRAM_UPPER:       29576 B       192 KB     15.04%
      SRAM_LOWER:          0 GB        64 KB      0.00%
        FLEX_RAM:          0 GB         4 KB      0.00%
Finished building target: Blink.axf
 
make --no-print-directory post-build
Performing post-build steps
arm-none-eabi-size "Blink.axf"; # arm-none-eabi-objcopy -v -O binary "Blink.axf" "Blink.bin" ; # checksum -p MK64FN1M0xxx12 -d "Blink.bin";
   text	   data	    bss	    dec	    hex	filename
  10960	    192	  29384	  40536	   9e58	Blink.axf
 
20:48:24 **** Incremental Build of configuration Debug for project Blink ****
make -r -j8 all 
Building file: ../source/uart.c
Invoking: MCU C Compiler
arm-none-eabi-gcc -DCPU_MK64FN1M0VLL12 -D__USE_CMSIS -DDEBUG -I../source -I../ -I../SDK/CMSIS -I../SDK/startup -O0 -fno-common -g3 -Wall -c -ffunction-sections -fdata-sections -ffreestanding -fno-builtin -mcpu=cortex-m4 -mfpu=fpv4-sp-d16 -mfloat-abi=hard -mthumb -MMD -MP -MF"source/uart.d" -MT"source/uart.o" -MT"source/uart.d" -o "source/uart.o" "../source/uart.c"
../source/uart.c: In function 'uartInit':
../source/uart.c:253:2: warning: implicit declaration of function 'delayLoop' [-Wimplicit-function-declaration]
  delayLoop(10000000);
  ^~~~~~~~~
../source/uart.c: In function 'setOnNewCharListener':
../source/uart.c:256:15: warning: assignment from incompatible pointer type [-Wincompatible-pointer-types]
  recvListener = recv;
               ^
../source/uart.c: At top level:
../source/uart.c:259:6: warning: conflicting types for 'delayLoop'
 void delayLoop(uint32_t veces)
      ^~~~~~~~~
../source/uart.c:253:2: note: previous implicit declaration of 'delayLoop' was here
  delayLoop(10000000);
  ^~~~~~~~~
../source/uart.c:60:16: warning: 'dummy' defined but not used [-Wunused-variable]
 static uint8_t dummy;
                ^~~~~
Finished building: ../source/uart.c
 
Building target: Blink.axf
Invoking: MCU Linker
arm-none-eabi-gcc -nostdlib -Xlinker -Map="Blink.map" -Xlinker --gc-sections -Xlinker -print-memory-usage -Xlinker --sort-section=alignment -mcpu=cortex-m4 -mfpu=fpv4-sp-d16 -mfloat-abi=hard -mthumb -T "Blink_Debug.ld" -o "Blink.axf"  ./source/ADC.o ./source/App.o ./source/DAC.o ./source/Modulador.o ./source/PIT.o ./source/SysTick.o ./source/demodulatorFSK.o ./source/gpio.o ./source/timer.o ./source/uart.o  ./SDK/startup/hardware.o ./SDK/startup/main.o ./SDK/startup/semihost_hardfault.o ./SDK/startup/startup_mk64f12.o  ./SDK/CMSIS/system_MK64F12.o   
Memory region         Used Size  Region Size  %age Used
   PROGRAM_FLASH:       11120 B         1 MB      1.06%
      SRAM_UPPER:       19576 B       192 KB      9.96%
      SRAM_LOWER:          0 GB        64 KB      0.00%
        FLEX_RAM:          0 GB         4 KB      0.00%
Finished building target: Blink.axf
 
make --no-print-directory post-build
Performing post-build steps
arm-none-eabi-size "Blink.axf"; # arm-none-eabi-objcopy -v -O binary "Blink.axf" "Blink.bin" ; # checksum -p MK64FN1M0xxx12 -d "Blink.bin";
   text	   data	    bss	    dec	    hex	filename
  10928	    192	  19384	  30504	   7728	Blink.axf
 
20:48:27 **** Incremental Build of configuration Debug for project Blink ****
make -r -j8 all 
make: Nothing to be done for `all'.
20:52:54 **** Incremental Build of configuration Debug for project Blink ****
make -r -j8 all 
Building file: ../source/App.c
Building file: ../source/demodulatorFSK.c
Invoking: MCU C Compiler
arm-none-eabi-gcc -DCPU_MK64FN1M0VLL12 -D__USE_CMSIS -DDEBUG -I../source -I../ -I../SDK/CMSIS -I../SDK/startup -O0 -fno-common -g3 -Wall -c -ffunction-sections -fdata-sections -ffreestanding -fno-builtin -mcpu=cortex-m4 -mfpu=fpv4-sp-d16 -mfloat-abi=hard -mthumb -MMD -MP -MF"source/App.d" -MT"source/App.o" -MT"source/App.d" -o "source/App.o" "../source/App.c"
Invoking: MCU C Compiler
arm-none-eabi-gcc -DCPU_MK64FN1M0VLL12 -D__USE_CMSIS -DDEBUG -I../source -I../ -I../SDK/CMSIS -I../SDK/startup -O0 -fno-common -g3 -Wall -c -ffunction-sections -fdata-sections -ffreestanding -fno-builtin -mcpu=cortex-m4 -mfpu=fpv4-sp-d16 -mfloat-abi=hard -mthumb -MMD -MP -MF"source/demodulatorFSK.d" -MT"source/demodulatorFSK.o" -MT"source/demodulatorFSK.d" -o "source/demodulatorFSK.o" "../source/demodulatorFSK.c"
../source/App.c: In function 'App_Init':
../source/App.c:51:23: warning: passing argument 1 of 'setOnNewCharListener' from incompatible pointer type [-Wincompatible-pointer-types]
  setOnNewCharListener(Modulador_sendChar);
                       ^~~~~~~~~~~~~~~~~~
In file included from ../source/App.c:16:0:
../source/uart.h:67:6: note: expected 'void * (*)(char)' but argument is of type 'void (*)(char)'
 void setOnNewCharListener(void *recv(char));
      ^~~~~~~~~~~~~~~~~~~~
../source/App.c: In function 'demodulador':
../source/App.c:95:6: warning: unused variable 'a' [-Wunused-variable]
  int a = 0;
      ^
Finished building: ../source/demodulatorFSK.c
 
Finished building: ../source/App.c
 
Building target: Blink.axf
Invoking: MCU Linker
arm-none-eabi-gcc -nostdlib -Xlinker -Map="Blink.map" -Xlinker --gc-sections -Xlinker -print-memory-usage -Xlinker --sort-section=alignment -mcpu=cortex-m4 -mfpu=fpv4-sp-d16 -mfloat-abi=hard -mthumb -T "Blink_Debug.ld" -o "Blink.axf"  ./source/ADC.o ./source/App.o ./source/DAC.o ./source/Modulador.o ./source/PIT.o ./source/SysTick.o ./source/demodulatorFSK.o ./source/gpio.o ./source/timer.o ./source/uart.o  ./SDK/startup/hardware.o ./SDK/startup/main.o ./SDK/startup/semihost_hardfault.o ./SDK/startup/startup_mk64f12.o  ./SDK/CMSIS/system_MK64F12.o   
Memory region         Used Size  Region Size  %age Used
   PROGRAM_FLASH:       11176 B         1 MB      1.07%
      SRAM_UPPER:       19576 B       192 KB      9.96%
      SRAM_LOWER:          0 GB        64 KB      0.00%
        FLEX_RAM:          0 GB         4 KB      0.00%
Finished building target: Blink.axf
 
make --no-print-directory post-build
Performing post-build steps
arm-none-eabi-size "Blink.axf"; # arm-none-eabi-objcopy -v -O binary "Blink.axf" "Blink.bin" ; # checksum -p MK64FN1M0xxx12 -d "Blink.bin";
   text	   data	    bss	    dec	    hex	filename
  10984	    192	  19384	  30560	   7760	Blink.axf
 
20:56:15 **** Incremental Build of configuration Debug for project Blink ****
make -r -j8 all 
Building file: ../source/uart.c
Building file: ../SDK/startup/main.c
Invoking: MCU C Compiler
arm-none-eabi-gcc -DCPU_MK64FN1M0VLL12 -D__USE_CMSIS -DDEBUG -I../source -I../ -I../SDK/CMSIS -I../SDK/startup -O0 -fno-common -g3 -Wall -c -ffunction-sections -fdata-sections -ffreestanding -fno-builtin -mcpu=cortex-m4 -mfpu=fpv4-sp-d16 -mfloat-abi=hard -mthumb -MMD -MP -MF"source/uart.d" -MT"source/uart.o" -MT"source/uart.d" -o "source/uart.o" "../source/uart.c"
Invoking: MCU C Compiler
arm-none-eabi-gcc -DCPU_MK64FN1M0VLL12 -D__USE_CMSIS -DDEBUG -I../source -I../ -I../SDK/CMSIS -I../SDK/startup -O0 -fno-common -g3 -Wall -c -ffunction-sections -fdata-sections -ffreestanding -fno-builtin -mcpu=cortex-m4 -mfpu=fpv4-sp-d16 -mfloat-abi=hard -mthumb -MMD -MP -MF"SDK/startup/main.d" -MT"SDK/startup/main.o" -MT"SDK/startup/main.d" -o "SDK/startup/main.o" "../SDK/startup/main.c"
../source/uart.c: In function 'uartInit':
../source/uart.c:252:2: warning: implicit declaration of function 'delayLoop' [-Wimplicit-function-declaration]
  delayLoop(10000000);
  ^~~~~~~~~
../source/uart.c: In function 'setOnNewCharListener':
../source/uart.c:255:15: warning: assignment from incompatible pointer type [-Wincompatible-pointer-types]
  recvListener = recv;
               ^
../source/uart.c: At top level:
../source/uart.c:258:6: warning: conflicting types for 'delayLoop'
 void delayLoop(uint32_t veces)
      ^~~~~~~~~
../source/uart.c:252:2: note: previous implicit declaration of 'delayLoop' was here
  delayLoop(10000000);
  ^~~~~~~~~
../source/uart.c:60:16: warning: 'dummy' defined but not used [-Wunused-variable]
 static uint8_t dummy;
                ^~~~~
Finished building: ../SDK/startup/main.c
 
Finished building: ../source/uart.c
 
Building target: Blink.axf
Invoking: MCU Linker
arm-none-eabi-gcc -nostdlib -Xlinker -Map="Blink.map" -Xlinker --gc-sections -Xlinker -print-memory-usage -Xlinker --sort-section=alignment -mcpu=cortex-m4 -mfpu=fpv4-sp-d16 -mfloat-abi=hard -mthumb -T "Blink_Debug.ld" -o "Blink.axf"  ./source/ADC.o ./source/App.o ./source/DAC.o ./source/Modulador.o ./source/PIT.o ./source/SysTick.o ./source/demodulatorFSK.o ./source/gpio.o ./source/timer.o ./source/uart.o  ./SDK/startup/hardware.o ./SDK/startup/main.o ./SDK/startup/semihost_hardfault.o ./SDK/startup/startup_mk64f12.o  ./SDK/CMSIS/system_MK64F12.o   
Memory region         Used Size  Region Size  %age Used
   PROGRAM_FLASH:       11208 B         1 MB      1.07%
      SRAM_UPPER:       29576 B       192 KB     15.04%
      SRAM_LOWER:          0 GB        64 KB      0.00%
        FLEX_RAM:          0 GB         4 KB      0.00%
Finished building target: Blink.axf
 
make --no-print-directory post-build
Performing post-build steps
arm-none-eabi-size "Blink.axf"; # arm-none-eabi-objcopy -v -O binary "Blink.axf" "Blink.bin" ; # checksum -p MK64FN1M0xxx12 -d "Blink.bin";
   text	   data	    bss	    dec	    hex	filename
  11016	    192	  29384	  40592	   9e90	Blink.axf
 
20:57:28 **** Incremental Build of configuration Debug for project Blink ****
make -r -j8 all 
make: Nothing to be done for `all'.
20:58:49 **** Incremental Build of configuration Debug for project Blink ****
make -r -j8 all 
Building file: ../source/App.c
Building file: ../source/demodulatorFSK.c
Invoking: MCU C Compiler
arm-none-eabi-gcc -DCPU_MK64FN1M0VLL12 -D__USE_CMSIS -DDEBUG -I../source -I../ -I../SDK/CMSIS -I../SDK/startup -O0 -fno-common -g3 -Wall -c -ffunction-sections -fdata-sections -ffreestanding -fno-builtin -mcpu=cortex-m4 -mfpu=fpv4-sp-d16 -mfloat-abi=hard -mthumb -MMD -MP -MF"source/App.d" -MT"source/App.o" -MT"source/App.d" -o "source/App.o" "../source/App.c"
Invoking: MCU C Compiler
arm-none-eabi-gcc -DCPU_MK64FN1M0VLL12 -D__USE_CMSIS -DDEBUG -I../source -I../ -I../SDK/CMSIS -I../SDK/startup -O0 -fno-common -g3 -Wall -c -ffunction-sections -fdata-sections -ffreestanding -fno-builtin -mcpu=cortex-m4 -mfpu=fpv4-sp-d16 -mfloat-abi=hard -mthumb -MMD -MP -MF"source/demodulatorFSK.d" -MT"source/demodulatorFSK.o" -MT"source/demodulatorFSK.d" -o "source/demodulatorFSK.o" "../source/demodulatorFSK.c"
../source/App.c: In function 'App_Init':
../source/App.c:51:23: warning: passing argument 1 of 'setOnNewCharListener' from incompatible pointer type [-Wincompatible-pointer-types]
  setOnNewCharListener(Modulador_sendChar);
                       ^~~~~~~~~~~~~~~~~~
In file included from ../source/App.c:16:0:
../source/uart.h:67:6: note: expected 'void * (*)(char)' but argument is of type 'void (*)(char)'
 void setOnNewCharListener(void *recv(char));
      ^~~~~~~~~~~~~~~~~~~~
../source/App.c: In function 'demodulador':
../source/App.c:96:6: warning: unused variable 'a' [-Wunused-variable]
  int a = 0;
      ^
Finished building: ../source/demodulatorFSK.c
 
Finished building: ../source/App.c
 
Building target: Blink.axf
Invoking: MCU Linker
arm-none-eabi-gcc -nostdlib -Xlinker -Map="Blink.map" -Xlinker --gc-sections -Xlinker -print-memory-usage -Xlinker --sort-section=alignment -mcpu=cortex-m4 -mfpu=fpv4-sp-d16 -mfloat-abi=hard -mthumb -T "Blink_Debug.ld" -o "Blink.axf"  ./source/ADC.o ./source/App.o ./source/DAC.o ./source/Modulador.o ./source/PIT.o ./source/SysTick.o ./source/demodulatorFSK.o ./source/gpio.o ./source/timer.o ./source/uart.o  ./SDK/startup/hardware.o ./SDK/startup/main.o ./SDK/startup/semihost_hardfault.o ./SDK/startup/startup_mk64f12.o  ./SDK/CMSIS/system_MK64F12.o   
Memory region         Used Size  Region Size  %age Used
   PROGRAM_FLASH:       11176 B         1 MB      1.07%
      SRAM_UPPER:       29576 B       192 KB     15.04%
      SRAM_LOWER:          0 GB        64 KB      0.00%
        FLEX_RAM:          0 GB         4 KB      0.00%
Finished building target: Blink.axf
 
make --no-print-directory post-build
Performing post-build steps
arm-none-eabi-size "Blink.axf"; # arm-none-eabi-objcopy -v -O binary "Blink.axf" "Blink.bin" ; # checksum -p MK64FN1M0xxx12 -d "Blink.bin";
   text	   data	    bss	    dec	    hex	filename
  10984	    192	  29384	  40560	   9e70	Blink.axf
 
21:00:06 **** Incremental Build of configuration Debug for project Blink ****
make -r -j8 all 
Building file: ../source/App.c
Invoking: MCU C Compiler
arm-none-eabi-gcc -DCPU_MK64FN1M0VLL12 -D__USE_CMSIS -DDEBUG -I../source -I../ -I../SDK/CMSIS -I../SDK/startup -O0 -fno-common -g3 -Wall -c -ffunction-sections -fdata-sections -ffreestanding -fno-builtin -mcpu=cortex-m4 -mfpu=fpv4-sp-d16 -mfloat-abi=hard -mthumb -MMD -MP -MF"source/App.d" -MT"source/App.o" -MT"source/App.d" -o "source/App.o" "../source/App.c"
../source/App.c: In function 'testfunc':
../source/App.c:37:2: warning: implicit declaration of function 'delayLoop' [-Wimplicit-function-declaration]
  delayLoop(400000UL);
  ^~~~~~~~~
../source/App.c: In function 'App_Init':
../source/App.c:55:23: warning: passing argument 1 of 'setOnNewCharListener' from incompatible pointer type [-Wincompatible-pointer-types]
  setOnNewCharListener(testfunc);
                       ^~~~~~~~
In file included from ../source/App.c:16:0:
../source/uart.h:67:6: note: expected 'void * (*)(char)' but argument is of type 'void (*)(char)'
 void setOnNewCharListener(void *recv(char));
      ^~~~~~~~~~~~~~~~~~~~
../source/App.c: In function 'demodulador':
../source/App.c:99:6: warning: unused variable 'a' [-Wunused-variable]
  int a = 0;
      ^
Finished building: ../source/App.c
 
Building target: Blink.axf
Invoking: MCU Linker
arm-none-eabi-gcc -nostdlib -Xlinker -Map="Blink.map" -Xlinker --gc-sections -Xlinker -print-memory-usage -Xlinker --sort-section=alignment -mcpu=cortex-m4 -mfpu=fpv4-sp-d16 -mfloat-abi=hard -mthumb -T "Blink_Debug.ld" -o "Blink.axf"  ./source/ADC.o ./source/App.o ./source/DAC.o ./source/Modulador.o ./source/PIT.o ./source/SysTick.o ./source/demodulatorFSK.o ./source/gpio.o ./source/timer.o ./source/uart.o  ./SDK/startup/hardware.o ./SDK/startup/main.o ./SDK/startup/semihost_hardfault.o ./SDK/startup/startup_mk64f12.o  ./SDK/CMSIS/system_MK64F12.o   
Memory region         Used Size  Region Size  %age Used
   PROGRAM_FLASH:       11008 B         1 MB      1.05%
      SRAM_UPPER:       29576 B       192 KB     15.04%
      SRAM_LOWER:          0 GB        64 KB      0.00%
        FLEX_RAM:          0 GB         4 KB      0.00%
Finished building target: Blink.axf
 
make --no-print-directory post-build
Performing post-build steps
arm-none-eabi-size "Blink.axf"; # arm-none-eabi-objcopy -v -O binary "Blink.axf" "Blink.bin" ; # checksum -p MK64FN1M0xxx12 -d "Blink.bin";
   text	   data	    bss	    dec	    hex	filename
  10816	    192	  29384	  40392	   9dc8	Blink.axf
 
21:00:09 **** Incremental Build of configuration Debug for project Blink ****
make -r -j8 all 
make: Nothing to be done for `all'.
21:00:22 **** Incremental Build of configuration Debug for project Blink ****
make -r -j8 all 
make: Nothing to be done for `all'.
21:00:24 **** Incremental Build of configuration Debug for project Blink ****
make -r -j8 all 
make: Nothing to be done for `all'.
21:01:58 **** Incremental Build of configuration Debug for project Blink ****
make -r -j8 all 
Building file: ../source/App.c
Invoking: MCU C Compiler
arm-none-eabi-gcc -DCPU_MK64FN1M0VLL12 -D__USE_CMSIS -DDEBUG -I../source -I../ -I../SDK/CMSIS -I../SDK/startup -O0 -fno-common -g3 -Wall -c -ffunction-sections -fdata-sections -ffreestanding -fno-builtin -mcpu=cortex-m4 -mfpu=fpv4-sp-d16 -mfloat-abi=hard -mthumb -MMD -MP -MF"source/App.d" -MT"source/App.o" -MT"source/App.d" -o "source/App.o" "../source/App.c"
../source/App.c: In function 'App_Init':
../source/App.c:54:23: warning: passing argument 1 of 'setOnNewCharListener' from incompatible pointer type [-Wincompatible-pointer-types]
  setOnNewCharListener(Modulador_sendChar);
                       ^~~~~~~~~~~~~~~~~~
In file included from ../source/App.c:16:0:
../source/uart.h:67:6: note: expected 'void * (*)(char)' but argument is of type 'void (*)(char)'
 void setOnNewCharListener(void *recv(char));
      ^~~~~~~~~~~~~~~~~~~~
../source/App.c: In function 'demodulador':
../source/App.c:99:6: warning: unused variable 'a' [-Wunused-variable]
  int a = 0;
      ^
Finished building: ../source/App.c
 
Building target: Blink.axf
Invoking: MCU Linker
arm-none-eabi-gcc -nostdlib -Xlinker -Map="Blink.map" -Xlinker --gc-sections -Xlinker -print-memory-usage -Xlinker --sort-section=alignment -mcpu=cortex-m4 -mfpu=fpv4-sp-d16 -mfloat-abi=hard -mthumb -T "Blink_Debug.ld" -o "Blink.axf"  ./source/ADC.o ./source/App.o ./source/DAC.o ./source/Modulador.o ./source/PIT.o ./source/SysTick.o ./source/demodulatorFSK.o ./source/gpio.o ./source/timer.o ./source/uart.o  ./SDK/startup/hardware.o ./SDK/startup/main.o ./SDK/startup/semihost_hardfault.o ./SDK/startup/startup_mk64f12.o  ./SDK/CMSIS/system_MK64F12.o   
Memory region         Used Size  Region Size  %age Used
   PROGRAM_FLASH:       11176 B         1 MB      1.07%
      SRAM_UPPER:       29576 B       192 KB     15.04%
      SRAM_LOWER:          0 GB        64 KB      0.00%
        FLEX_RAM:          0 GB         4 KB      0.00%
Finished building target: Blink.axf
 
make --no-print-directory post-build
Performing post-build steps
arm-none-eabi-size "Blink.axf"; # arm-none-eabi-objcopy -v -O binary "Blink.axf" "Blink.bin" ; # checksum -p MK64FN1M0xxx12 -d "Blink.bin";
   text	   data	    bss	    dec	    hex	filename
  10984	    192	  29384	  40560	   9e70	Blink.axf
 
21:06:02 **** Incremental Build of configuration Debug for project Blink ****
make -r -j8 all 
Building file: ../source/demodulatorFSK.c
Invoking: MCU C Compiler
arm-none-eabi-gcc -DCPU_MK64FN1M0VLL12 -D__USE_CMSIS -DDEBUG -I../source -I../ -I../SDK/CMSIS -I../SDK/startup -O0 -fno-common -g3 -Wall -c -ffunction-sections -fdata-sections -ffreestanding -fno-builtin -mcpu=cortex-m4 -mfpu=fpv4-sp-d16 -mfloat-abi=hard -mthumb -MMD -MP -MF"source/demodulatorFSK.d" -MT"source/demodulatorFSK.o" -MT"source/demodulatorFSK.d" -o "source/demodulatorFSK.o" "../source/demodulatorFSK.c"
Finished building: ../source/demodulatorFSK.c
 
Building target: Blink.axf
Invoking: MCU Linker
arm-none-eabi-gcc -nostdlib -Xlinker -Map="Blink.map" -Xlinker --gc-sections -Xlinker -print-memory-usage -Xlinker --sort-section=alignment -mcpu=cortex-m4 -mfpu=fpv4-sp-d16 -mfloat-abi=hard -mthumb -T "Blink_Debug.ld" -o "Blink.axf"  ./source/ADC.o ./source/App.o ./source/DAC.o ./source/Modulador.o ./source/PIT.o ./source/SysTick.o ./source/demodulatorFSK.o ./source/gpio.o ./source/timer.o ./source/uart.o  ./SDK/startup/hardware.o ./SDK/startup/main.o ./SDK/startup/semihost_hardfault.o ./SDK/startup/startup_mk64f12.o  ./SDK/CMSIS/system_MK64F12.o   
Memory region         Used Size  Region Size  %age Used
   PROGRAM_FLASH:       11176 B         1 MB      1.07%
      SRAM_UPPER:       29576 B       192 KB     15.04%
      SRAM_LOWER:          0 GB        64 KB      0.00%
        FLEX_RAM:          0 GB         4 KB      0.00%
Finished building target: Blink.axf
 
make --no-print-directory post-build
Performing post-build steps
arm-none-eabi-size "Blink.axf"; # arm-none-eabi-objcopy -v -O binary "Blink.axf" "Blink.bin" ; # checksum -p MK64FN1M0xxx12 -d "Blink.bin";
   text	   data	    bss	    dec	    hex	filename
  10984	    192	  29384	  40560	   9e70	Blink.axf
 
21:09:29 **** Incremental Build of configuration Debug for project Blink ****
make -r -j8 all 
Building file: ../source/demodulatorFSK.c
Invoking: MCU C Compiler
arm-none-eabi-gcc -DCPU_MK64FN1M0VLL12 -D__USE_CMSIS -DDEBUG -I../source -I../ -I../SDK/CMSIS -I../SDK/startup -O0 -fno-common -g3 -Wall -c -ffunction-sections -fdata-sections -ffreestanding -fno-builtin -mcpu=cortex-m4 -mfpu=fpv4-sp-d16 -mfloat-abi=hard -mthumb -MMD -MP -MF"source/demodulatorFSK.d" -MT"source/demodulatorFSK.o" -MT"source/demodulatorFSK.d" -o "source/demodulatorFSK.o" "../source/demodulatorFSK.c"
Finished building: ../source/demodulatorFSK.c
 
Building target: Blink.axf
Invoking: MCU Linker
arm-none-eabi-gcc -nostdlib -Xlinker -Map="Blink.map" -Xlinker --gc-sections -Xlinker -print-memory-usage -Xlinker --sort-section=alignment -mcpu=cortex-m4 -mfpu=fpv4-sp-d16 -mfloat-abi=hard -mthumb -T "Blink_Debug.ld" -o "Blink.axf"  ./source/ADC.o ./source/App.o ./source/DAC.o ./source/Modulador.o ./source/PIT.o ./source/SysTick.o ./source/demodulatorFSK.o ./source/gpio.o ./source/timer.o ./source/uart.o  ./SDK/startup/hardware.o ./SDK/startup/main.o ./SDK/startup/semihost_hardfault.o ./SDK/startup/startup_mk64f12.o  ./SDK/CMSIS/system_MK64F12.o   
Memory region         Used Size  Region Size  %age Used
   PROGRAM_FLASH:       11176 B         1 MB      1.07%
      SRAM_UPPER:       29608 B       192 KB     15.06%
      SRAM_LOWER:          0 GB        64 KB      0.00%
        FLEX_RAM:          0 GB         4 KB      0.00%
Finished building target: Blink.axf
 
make --no-print-directory post-build
Performing post-build steps
arm-none-eabi-size "Blink.axf"; # arm-none-eabi-objcopy -v -O binary "Blink.axf" "Blink.bin" ; # checksum -p MK64FN1M0xxx12 -d "Blink.bin";
   text	   data	    bss	    dec	    hex	filename
  10984	    192	  29416	  40592	   9e90	Blink.axf
 
21:13:15 **** Incremental Build of configuration Debug for project Blink ****
make -r -j8 all 
Building file: ../source/App.c
Building file: ../source/demodulatorFSK.c
Building file: ../SDK/startup/main.c
Invoking: MCU C Compiler
arm-none-eabi-gcc -DCPU_MK64FN1M0VLL12 -D__USE_CMSIS -DDEBUG -I../source -I../ -I../SDK/CMSIS -I../SDK/startup -O0 -fno-common -g3 -Wall -c -ffunction-sections -fdata-sections -ffreestanding -fno-builtin -mcpu=cortex-m4 -mfpu=fpv4-sp-d16 -mfloat-abi=hard -mthumb -MMD -MP -MF"source/App.d" -MT"source/App.o" -MT"source/App.d" -o "source/App.o" "../source/App.c"
Invoking: MCU C Compiler
arm-none-eabi-gcc -DCPU_MK64FN1M0VLL12 -D__USE_CMSIS -DDEBUG -I../source -I../ -I../SDK/CMSIS -I../SDK/startup -O0 -fno-common -g3 -Wall -c -ffunction-sections -fdata-sections -ffreestanding -fno-builtin -mcpu=cortex-m4 -mfpu=fpv4-sp-d16 -mfloat-abi=hard -mthumb -MMD -MP -MF"source/demodulatorFSK.d" -MT"source/demodulatorFSK.o" -MT"source/demodulatorFSK.d" -o "source/demodulatorFSK.o" "../source/demodulatorFSK.c"
Invoking: MCU C Compiler
arm-none-eabi-gcc -DCPU_MK64FN1M0VLL12 -D__USE_CMSIS -DDEBUG -I../source -I../ -I../SDK/CMSIS -I../SDK/startup -O0 -fno-common -g3 -Wall -c -ffunction-sections -fdata-sections -ffreestanding -fno-builtin -mcpu=cortex-m4 -mfpu=fpv4-sp-d16 -mfloat-abi=hard -mthumb -MMD -MP -MF"SDK/startup/main.d" -MT"SDK/startup/main.o" -MT"SDK/startup/main.d" -o "SDK/startup/main.o" "../SDK/startup/main.c"
../source/App.c: In function 'App_Init':
../source/App.c:62:23: warning: passing argument 1 of 'setOnNewCharListener' from incompatible pointer type [-Wincompatible-pointer-types]
  setOnNewCharListener(testfunc2);
                       ^~~~~~~~~
In file included from ../source/App.c:16:0:
../source/uart.h:67:6: note: expected 'void * (*)(char)' but argument is of type 'void (*)(char)'
 void setOnNewCharListener(void *recv(char));
      ^~~~~~~~~~~~~~~~~~~~
../source/App.c: In function 'demodulador':
../source/App.c:108:6: warning: unused variable 'a' [-Wunused-variable]
  int a = 0;
      ^
Finished building: ../source/demodulatorFSK.c
 
Finished building: ../SDK/startup/main.c
 
Finished building: ../source/App.c
 
Building target: Blink.axf
Invoking: MCU Linker
arm-none-eabi-gcc -nostdlib -Xlinker -Map="Blink.map" -Xlinker --gc-sections -Xlinker -print-memory-usage -Xlinker --sort-section=alignment -mcpu=cortex-m4 -mfpu=fpv4-sp-d16 -mfloat-abi=hard -mthumb -T "Blink_Debug.ld" -o "Blink.axf"  ./source/ADC.o ./source/App.o ./source/DAC.o ./source/Modulador.o ./source/PIT.o ./source/SysTick.o ./source/demodulatorFSK.o ./source/gpio.o ./source/timer.o ./source/uart.o  ./SDK/startup/hardware.o ./SDK/startup/main.o ./SDK/startup/semihost_hardfault.o ./SDK/startup/startup_mk64f12.o  ./SDK/CMSIS/system_MK64F12.o   
Memory region         Used Size  Region Size  %age Used
   PROGRAM_FLASH:       11240 B         1 MB      1.07%
      SRAM_UPPER:       29584 B       192 KB     15.05%
      SRAM_LOWER:          0 GB        64 KB      0.00%
        FLEX_RAM:          0 GB         4 KB      0.00%
Finished building target: Blink.axf
 
make --no-print-directory post-build
Performing post-build steps
arm-none-eabi-size "Blink.axf"; # arm-none-eabi-objcopy -v -O binary "Blink.axf" "Blink.bin" ; # checksum -p MK64FN1M0xxx12 -d "Blink.bin";
   text	   data	    bss	    dec	    hex	filename
  11040	    200	  29384	  40624	   9eb0	Blink.axf
 
21:13:19 **** Incremental Build of configuration Debug for project Blink ****
make -r -j8 all 
make: Nothing to be done for `all'.
21:13:44 **** Incremental Build of configuration Debug for project Blink ****
make -r -j8 all 
make: Nothing to be done for `all'.
21:13:47 **** Incremental Build of configuration Debug for project Blink ****
make -r -j8 all 
make: Nothing to be done for `all'.
21:14:48 **** Incremental Build of configuration Debug for project Blink ****
make -r -j8 all 
Building file: ../source/App.c
Invoking: MCU C Compiler
arm-none-eabi-gcc -DCPU_MK64FN1M0VLL12 -D__USE_CMSIS -DDEBUG -I../source -I../ -I../SDK/CMSIS -I../SDK/startup -O0 -fno-common -g3 -Wall -c -ffunction-sections -fdata-sections -ffreestanding -fno-builtin -mcpu=cortex-m4 -mfpu=fpv4-sp-d16 -mfloat-abi=hard -mthumb -MMD -MP -MF"source/App.d" -MT"source/App.o" -MT"source/App.d" -o "source/App.o" "../source/App.c"
../source/App.c: In function 'App_Init':
../source/App.c:60:23: warning: passing argument 1 of 'setOnNewCharListener' from incompatible pointer type [-Wincompatible-pointer-types]
  setOnNewCharListener(testfunc2);
                       ^~~~~~~~~
In file included from ../source/App.c:16:0:
../source/uart.h:67:6: note: expected 'void * (*)(char)' but argument is of type 'void (*)(char)'
 void setOnNewCharListener(void *recv(char));
      ^~~~~~~~~~~~~~~~~~~~
../source/App.c: In function 'demodulador':
../source/App.c:107:6: warning: unused variable 'a' [-Wunused-variable]
  int a = 0;
      ^
Finished building: ../source/App.c
 
Building target: Blink.axf
Invoking: MCU Linker
arm-none-eabi-gcc -nostdlib -Xlinker -Map="Blink.map" -Xlinker --gc-sections -Xlinker -print-memory-usage -Xlinker --sort-section=alignment -mcpu=cortex-m4 -mfpu=fpv4-sp-d16 -mfloat-abi=hard -mthumb -T "Blink_Debug.ld" -o "Blink.axf"  ./source/ADC.o ./source/App.o ./source/DAC.o ./source/Modulador.o ./source/PIT.o ./source/SysTick.o ./source/demodulatorFSK.o ./source/gpio.o ./source/timer.o ./source/uart.o  ./SDK/startup/hardware.o ./SDK/startup/main.o ./SDK/startup/semihost_hardfault.o ./SDK/startup/startup_mk64f12.o  ./SDK/CMSIS/system_MK64F12.o   
Memory region         Used Size  Region Size  %age Used
   PROGRAM_FLASH:       11240 B         1 MB      1.07%
      SRAM_UPPER:       29584 B       192 KB     15.05%
      SRAM_LOWER:          0 GB        64 KB      0.00%
        FLEX_RAM:          0 GB         4 KB      0.00%
Finished building target: Blink.axf
 
make --no-print-directory post-build
Performing post-build steps
arm-none-eabi-size "Blink.axf"; # arm-none-eabi-objcopy -v -O binary "Blink.axf" "Blink.bin" ; # checksum -p MK64FN1M0xxx12 -d "Blink.bin";
   text	   data	    bss	    dec	    hex	filename
  11040	    200	  29384	  40624	   9eb0	Blink.axf
 
21:14:52 **** Incremental Build of configuration Debug for project Blink ****
make -r -j8 all 
make: Nothing to be done for `all'.
21:19:52 **** Incremental Build of configuration Debug for project Blink ****
make -r -j8 all 
Building file: ../source/App.c
Invoking: MCU C Compiler
arm-none-eabi-gcc -DCPU_MK64FN1M0VLL12 -D__USE_CMSIS -DDEBUG -I../source -I../ -I../SDK/CMSIS -I../SDK/startup -O0 -fno-common -g3 -Wall -c -ffunction-sections -fdata-sections -ffreestanding -fno-builtin -mcpu=cortex-m4 -mfpu=fpv4-sp-d16 -mfloat-abi=hard -mthumb -MMD -MP -MF"source/App.d" -MT"source/App.o" -MT"source/App.d" -o "source/App.o" "../source/App.c"
../source/App.c: In function 'App_Init':
../source/App.c:61:23: warning: passing argument 1 of 'setOnNewCharListener' from incompatible pointer type [-Wincompatible-pointer-types]
  setOnNewCharListener(testfunc2);
                       ^~~~~~~~~
In file included from ../source/App.c:16:0:
../source/uart.h:67:6: note: expected 'void * (*)(char)' but argument is of type 'void (*)(char)'
 void setOnNewCharListener(void *recv(char));
      ^~~~~~~~~~~~~~~~~~~~
../source/App.c: In function 'demodulador':
../source/App.c:112:6: warning: unused variable 'a' [-Wunused-variable]
  int a = 0;
      ^
Finished building: ../source/App.c
 
Building target: Blink.axf
Invoking: MCU Linker
arm-none-eabi-gcc -nostdlib -Xlinker -Map="Blink.map" -Xlinker --gc-sections -Xlinker -print-memory-usage -Xlinker --sort-section=alignment -mcpu=cortex-m4 -mfpu=fpv4-sp-d16 -mfloat-abi=hard -mthumb -T "Blink_Debug.ld" -o "Blink.axf"  ./source/ADC.o ./source/App.o ./source/DAC.o ./source/Modulador.o ./source/PIT.o ./source/SysTick.o ./source/demodulatorFSK.o ./source/gpio.o ./source/timer.o ./source/uart.o  ./SDK/startup/hardware.o ./SDK/startup/main.o ./SDK/startup/semihost_hardfault.o ./SDK/startup/startup_mk64f12.o  ./SDK/CMSIS/system_MK64F12.o   
Memory region         Used Size  Region Size  %age Used
   PROGRAM_FLASH:       11280 B         1 MB      1.08%
      SRAM_UPPER:       29592 B       192 KB     15.05%
      SRAM_LOWER:          0 GB        64 KB      0.00%
        FLEX_RAM:          0 GB         4 KB      0.00%
Finished building target: Blink.axf
 
make --no-print-directory post-build
Performing post-build steps
arm-none-eabi-size "Blink.axf"; # arm-none-eabi-objcopy -v -O binary "Blink.axf" "Blink.bin" ; # checksum -p MK64FN1M0xxx12 -d "Blink.bin";
   text	   data	    bss	    dec	    hex	filename
  11080	    200	  29392	  40672	   9ee0	Blink.axf
 
21:19:54 **** Incremental Build of configuration Debug for project Blink ****
make -r -j8 all 
make: Nothing to be done for `all'.
21:21:04 **** Incremental Build of configuration Debug for project Blink ****
make -r -j8 all 
Building file: ../source/App.c
Invoking: MCU C Compiler
arm-none-eabi-gcc -DCPU_MK64FN1M0VLL12 -D__USE_CMSIS -DDEBUG -I../source -I../ -I../SDK/CMSIS -I../SDK/startup -O0 -fno-common -g3 -Wall -c -ffunction-sections -fdata-sections -ffreestanding -fno-builtin -mcpu=cortex-m4 -mfpu=fpv4-sp-d16 -mfloat-abi=hard -mthumb -MMD -MP -MF"source/App.d" -MT"source/App.o" -MT"source/App.d" -o "source/App.o" "../source/App.c"
../source/App.c: In function 'App_Init':
../source/App.c:62:23: warning: passing argument 1 of 'setOnNewCharListener' from incompatible pointer type [-Wincompatible-pointer-types]
  setOnNewCharListener(testfunc2);
                       ^~~~~~~~~
In file included from ../source/App.c:16:0:
../source/uart.h:67:6: note: expected 'void * (*)(char)' but argument is of type 'void (*)(char)'
 void setOnNewCharListener(void *recv(char));
      ^~~~~~~~~~~~~~~~~~~~
../source/App.c: In function 'demodulador':
../source/App.c:113:6: warning: unused variable 'a' [-Wunused-variable]
  int a = 0;
      ^
Finished building: ../source/App.c
 
Building target: Blink.axf
Invoking: MCU Linker
arm-none-eabi-gcc -nostdlib -Xlinker -Map="Blink.map" -Xlinker --gc-sections -Xlinker -print-memory-usage -Xlinker --sort-section=alignment -mcpu=cortex-m4 -mfpu=fpv4-sp-d16 -mfloat-abi=hard -mthumb -T "Blink_Debug.ld" -o "Blink.axf"  ./source/ADC.o ./source/App.o ./source/DAC.o ./source/Modulador.o ./source/PIT.o ./source/SysTick.o ./source/demodulatorFSK.o ./source/gpio.o ./source/timer.o ./source/uart.o  ./SDK/startup/hardware.o ./SDK/startup/main.o ./SDK/startup/semihost_hardfault.o ./SDK/startup/startup_mk64f12.o  ./SDK/CMSIS/system_MK64F12.o   
Memory region         Used Size  Region Size  %age Used
   PROGRAM_FLASH:       11280 B         1 MB      1.08%
      SRAM_UPPER:       29592 B       192 KB     15.05%
      SRAM_LOWER:          0 GB        64 KB      0.00%
        FLEX_RAM:          0 GB         4 KB      0.00%
Finished building target: Blink.axf
 
make --no-print-directory post-build
Performing post-build steps
arm-none-eabi-size "Blink.axf"; # arm-none-eabi-objcopy -v -O binary "Blink.axf" "Blink.bin" ; # checksum -p MK64FN1M0xxx12 -d "Blink.bin";
   text	   data	    bss	    dec	    hex	filename
  11080	    200	  29392	  40672	   9ee0	Blink.axf
 
21:21:08 **** Incremental Build of configuration Debug for project Blink ****
make -r -j8 all 
make: Nothing to be done for `all'.
21:21:18 **** Incremental Build of configuration Debug for project Blink ****
make -r -j8 all 
make: Nothing to be done for `all'.
21:22:03 **** Incremental Build of configuration Debug for project Blink ****
make -r -j8 all 
Building file: ../source/App.c
Invoking: MCU C Compiler
arm-none-eabi-gcc -DCPU_MK64FN1M0VLL12 -D__USE_CMSIS -DDEBUG -I../source -I../ -I../SDK/CMSIS -I../SDK/startup -O0 -fno-common -g3 -Wall -c -ffunction-sections -fdata-sections -ffreestanding -fno-builtin -mcpu=cortex-m4 -mfpu=fpv4-sp-d16 -mfloat-abi=hard -mthumb -MMD -MP -MF"source/App.d" -MT"source/App.o" -MT"source/App.d" -o "source/App.o" "../source/App.c"
../source/App.c: In function 'App_Init':
../source/App.c:63:23: warning: passing argument 1 of 'setOnNewCharListener' from incompatible pointer type [-Wincompatible-pointer-types]
  setOnNewCharListener(testfunc2);
                       ^~~~~~~~~
In file included from ../source/App.c:16:0:
../source/uart.h:67:6: note: expected 'void * (*)(char)' but argument is of type 'void (*)(char)'
 void setOnNewCharListener(void *recv(char));
      ^~~~~~~~~~~~~~~~~~~~
../source/App.c: In function 'demodulador':
../source/App.c:114:6: warning: unused variable 'a' [-Wunused-variable]
  int a = 0;
      ^
Finished building: ../source/App.c
 
Building target: Blink.axf
Invoking: MCU Linker
arm-none-eabi-gcc -nostdlib -Xlinker -Map="Blink.map" -Xlinker --gc-sections -Xlinker -print-memory-usage -Xlinker --sort-section=alignment -mcpu=cortex-m4 -mfpu=fpv4-sp-d16 -mfloat-abi=hard -mthumb -T "Blink_Debug.ld" -o "Blink.axf"  ./source/ADC.o ./source/App.o ./source/DAC.o ./source/Modulador.o ./source/PIT.o ./source/SysTick.o ./source/demodulatorFSK.o ./source/gpio.o ./source/timer.o ./source/uart.o  ./SDK/startup/hardware.o ./SDK/startup/main.o ./SDK/startup/semihost_hardfault.o ./SDK/startup/startup_mk64f12.o  ./SDK/CMSIS/system_MK64F12.o   
Memory region         Used Size  Region Size  %age Used
   PROGRAM_FLASH:       11256 B         1 MB      1.07%
      SRAM_UPPER:       29592 B       192 KB     15.05%
      SRAM_LOWER:          0 GB        64 KB      0.00%
        FLEX_RAM:          0 GB         4 KB      0.00%
Finished building target: Blink.axf
 
make --no-print-directory post-build
Performing post-build steps
arm-none-eabi-size "Blink.axf"; # arm-none-eabi-objcopy -v -O binary "Blink.axf" "Blink.bin" ; # checksum -p MK64FN1M0xxx12 -d "Blink.bin";
   text	   data	    bss	    dec	    hex	filename
  11056	    200	  29392	  40648	   9ec8	Blink.axf
 
21:22:16 **** Incremental Build of configuration Debug for project Blink ****
make -r -j8 all 
Building file: ../source/App.c
Invoking: MCU C Compiler
arm-none-eabi-gcc -DCPU_MK64FN1M0VLL12 -D__USE_CMSIS -DDEBUG -I../source -I../ -I../SDK/CMSIS -I../SDK/startup -O0 -fno-common -g3 -Wall -c -ffunction-sections -fdata-sections -ffreestanding -fno-builtin -mcpu=cortex-m4 -mfpu=fpv4-sp-d16 -mfloat-abi=hard -mthumb -MMD -MP -MF"source/App.d" -MT"source/App.o" -MT"source/App.d" -o "source/App.o" "../source/App.c"
../source/App.c: In function 'App_Init':
../source/App.c:63:23: warning: passing argument 1 of 'setOnNewCharListener' from incompatible pointer type [-Wincompatible-pointer-types]
  setOnNewCharListener(testfunc2);
                       ^~~~~~~~~
In file included from ../source/App.c:16:0:
../source/uart.h:67:6: note: expected 'void * (*)(char)' but argument is of type 'void (*)(char)'
 void setOnNewCharListener(void *recv(char));
      ^~~~~~~~~~~~~~~~~~~~
../source/App.c: In function 'demodulador':
../source/App.c:114:6: warning: unused variable 'a' [-Wunused-variable]
  int a = 0;
      ^
Finished building: ../source/App.c
 
Building target: Blink.axf
Invoking: MCU Linker
arm-none-eabi-gcc -nostdlib -Xlinker -Map="Blink.map" -Xlinker --gc-sections -Xlinker -print-memory-usage -Xlinker --sort-section=alignment -mcpu=cortex-m4 -mfpu=fpv4-sp-d16 -mfloat-abi=hard -mthumb -T "Blink_Debug.ld" -o "Blink.axf"  ./source/ADC.o ./source/App.o ./source/DAC.o ./source/Modulador.o ./source/PIT.o ./source/SysTick.o ./source/demodulatorFSK.o ./source/gpio.o ./source/timer.o ./source/uart.o  ./SDK/startup/hardware.o ./SDK/startup/main.o ./SDK/startup/semihost_hardfault.o ./SDK/startup/startup_mk64f12.o  ./SDK/CMSIS/system_MK64F12.o   
Memory region         Used Size  Region Size  %age Used
   PROGRAM_FLASH:       11280 B         1 MB      1.08%
      SRAM_UPPER:       29592 B       192 KB     15.05%
      SRAM_LOWER:          0 GB        64 KB      0.00%
        FLEX_RAM:          0 GB         4 KB      0.00%
Finished building target: Blink.axf
 
make --no-print-directory post-build
Performing post-build steps
arm-none-eabi-size "Blink.axf"; # arm-none-eabi-objcopy -v -O binary "Blink.axf" "Blink.bin" ; # checksum -p MK64FN1M0xxx12 -d "Blink.bin";
   text	   data	    bss	    dec	    hex	filename
  11080	    200	  29392	  40672	   9ee0	Blink.axf
 
21:22:20 **** Incremental Build of configuration Debug for project Blink ****
make -r -j8 all 
make: Nothing to be done for `all'.
21:22:38 **** Incremental Build of configuration Debug for project Blink ****
make -r -j8 all 
Building file: ../source/App.c
Invoking: MCU C Compiler
arm-none-eabi-gcc -DCPU_MK64FN1M0VLL12 -D__USE_CMSIS -DDEBUG -I../source -I../ -I../SDK/CMSIS -I../SDK/startup -O0 -fno-common -g3 -Wall -c -ffunction-sections -fdata-sections -ffreestanding -fno-builtin -mcpu=cortex-m4 -mfpu=fpv4-sp-d16 -mfloat-abi=hard -mthumb -MMD -MP -MF"source/App.d" -MT"source/App.o" -MT"source/App.d" -o "source/App.o" "../source/App.c"
../source/App.c: In function 'App_Init':
../source/App.c:63:23: warning: passing argument 1 of 'setOnNewCharListener' from incompatible pointer type [-Wincompatible-pointer-types]
  setOnNewCharListener(testfunc2);
                       ^~~~~~~~~
In file included from ../source/App.c:16:0:
../source/uart.h:67:6: note: expected 'void * (*)(char)' but argument is of type 'void (*)(char)'
 void setOnNewCharListener(void *recv(char));
      ^~~~~~~~~~~~~~~~~~~~
../source/App.c: In function 'demodulador':
../source/App.c:114:6: warning: unused variable 'a' [-Wunused-variable]
  int a = 0;
      ^
Finished building: ../source/App.c
 
Building target: Blink.axf
Invoking: MCU Linker
arm-none-eabi-gcc -nostdlib -Xlinker -Map="Blink.map" -Xlinker --gc-sections -Xlinker -print-memory-usage -Xlinker --sort-section=alignment -mcpu=cortex-m4 -mfpu=fpv4-sp-d16 -mfloat-abi=hard -mthumb -T "Blink_Debug.ld" -o "Blink.axf"  ./source/ADC.o ./source/App.o ./source/DAC.o ./source/Modulador.o ./source/PIT.o ./source/SysTick.o ./source/demodulatorFSK.o ./source/gpio.o ./source/timer.o ./source/uart.o  ./SDK/startup/hardware.o ./SDK/startup/main.o ./SDK/startup/semihost_hardfault.o ./SDK/startup/startup_mk64f12.o  ./SDK/CMSIS/system_MK64F12.o   
Memory region         Used Size  Region Size  %age Used
   PROGRAM_FLASH:       11304 B         1 MB      1.08%
      SRAM_UPPER:       29592 B       192 KB     15.05%
      SRAM_LOWER:          0 GB        64 KB      0.00%
        FLEX_RAM:          0 GB         4 KB      0.00%
Finished building target: Blink.axf
 
make --no-print-directory post-build
Performing post-build steps
arm-none-eabi-size "Blink.axf"; # arm-none-eabi-objcopy -v -O binary "Blink.axf" "Blink.bin" ; # checksum -p MK64FN1M0xxx12 -d "Blink.bin";
   text	   data	    bss	    dec	    hex	filename
  11104	    200	  29392	  40696	   9ef8	Blink.axf
 
21:22:41 **** Incremental Build of configuration Debug for project Blink ****
make -r -j8 all 
make: Nothing to be done for `all'.
21:24:15 **** Incremental Build of configuration Debug for project Blink ****
make -r -j8 all 
Building file: ../source/App.c
Invoking: MCU C Compiler
arm-none-eabi-gcc -DCPU_MK64FN1M0VLL12 -D__USE_CMSIS -DDEBUG -I../source -I../ -I../SDK/CMSIS -I../SDK/startup -O0 -fno-common -g3 -Wall -c -ffunction-sections -fdata-sections -ffreestanding -fno-builtin -mcpu=cortex-m4 -mfpu=fpv4-sp-d16 -mfloat-abi=hard -mthumb -MMD -MP -MF"source/App.d" -MT"source/App.o" -MT"source/App.d" -o "source/App.o" "../source/App.c"
../source/App.c: In function 'App_Init':
../source/App.c:63:23: warning: passing argument 1 of 'setOnNewCharListener' from incompatible pointer type [-Wincompatible-pointer-types]
  setOnNewCharListener(testfunc2);
                       ^~~~~~~~~
In file included from ../source/App.c:16:0:
../source/uart.h:67:6: note: expected 'void * (*)(char)' but argument is of type 'void (*)(char)'
 void setOnNewCharListener(void *recv(char));
      ^~~~~~~~~~~~~~~~~~~~
../source/App.c: In function 'demodulador':
../source/App.c:114:6: warning: unused variable 'a' [-Wunused-variable]
  int a = 0;
      ^
Finished building: ../source/App.c
 
Building target: Blink.axf
Invoking: MCU Linker
arm-none-eabi-gcc -nostdlib -Xlinker -Map="Blink.map" -Xlinker --gc-sections -Xlinker -print-memory-usage -Xlinker --sort-section=alignment -mcpu=cortex-m4 -mfpu=fpv4-sp-d16 -mfloat-abi=hard -mthumb -T "Blink_Debug.ld" -o "Blink.axf"  ./source/ADC.o ./source/App.o ./source/DAC.o ./source/Modulador.o ./source/PIT.o ./source/SysTick.o ./source/demodulatorFSK.o ./source/gpio.o ./source/timer.o ./source/uart.o  ./SDK/startup/hardware.o ./SDK/startup/main.o ./SDK/startup/semihost_hardfault.o ./SDK/startup/startup_mk64f12.o  ./SDK/CMSIS/system_MK64F12.o   
Memory region         Used Size  Region Size  %age Used
   PROGRAM_FLASH:       11312 B         1 MB      1.08%
      SRAM_UPPER:       29592 B       192 KB     15.05%
      SRAM_LOWER:          0 GB        64 KB      0.00%
        FLEX_RAM:          0 GB         4 KB      0.00%
Finished building target: Blink.axf
 
make --no-print-directory post-build
Performing post-build steps
arm-none-eabi-size "Blink.axf"; # arm-none-eabi-objcopy -v -O binary "Blink.axf" "Blink.bin" ; # checksum -p MK64FN1M0xxx12 -d "Blink.bin";
   text	   data	    bss	    dec	    hex	filename
  11112	    200	  29392	  40704	   9f00	Blink.axf
 
21:24:22 **** Incremental Build of configuration Debug for project Blink ****
make -r -j8 all 
make: Nothing to be done for `all'.
21:25:20 **** Incremental Build of configuration Debug for project Blink ****
make -r -j8 all 
Building file: ../source/App.c
Invoking: MCU C Compiler
arm-none-eabi-gcc -DCPU_MK64FN1M0VLL12 -D__USE_CMSIS -DDEBUG -I../source -I../ -I../SDK/CMSIS -I../SDK/startup -O0 -fno-common -g3 -Wall -c -ffunction-sections -fdata-sections -ffreestanding -fno-builtin -mcpu=cortex-m4 -mfpu=fpv4-sp-d16 -mfloat-abi=hard -mthumb -MMD -MP -MF"source/App.d" -MT"source/App.o" -MT"source/App.d" -o "source/App.o" "../source/App.c"
../source/App.c: In function 'App_Init':
../source/App.c:63:23: warning: passing argument 1 of 'setOnNewCharListener' from incompatible pointer type [-Wincompatible-pointer-types]
  setOnNewCharListener(testfunc2);
                       ^~~~~~~~~
In file included from ../source/App.c:16:0:
../source/uart.h:67:6: note: expected 'void * (*)(char)' but argument is of type 'void (*)(char)'
 void setOnNewCharListener(void *recv(char));
      ^~~~~~~~~~~~~~~~~~~~
../source/App.c: In function 'demodulador':
../source/App.c:111:6: warning: unused variable 'a' [-Wunused-variable]
  int a = 0;
      ^
Finished building: ../source/App.c
 
Building target: Blink.axf
Invoking: MCU Linker
arm-none-eabi-gcc -nostdlib -Xlinker -Map="Blink.map" -Xlinker --gc-sections -Xlinker -print-memory-usage -Xlinker --sort-section=alignment -mcpu=cortex-m4 -mfpu=fpv4-sp-d16 -mfloat-abi=hard -mthumb -T "Blink_Debug.ld" -o "Blink.axf"  ./source/ADC.o ./source/App.o ./source/DAC.o ./source/Modulador.o ./source/PIT.o ./source/SysTick.o ./source/demodulatorFSK.o ./source/gpio.o ./source/timer.o ./source/uart.o  ./SDK/startup/hardware.o ./SDK/startup/main.o ./SDK/startup/semihost_hardfault.o ./SDK/startup/startup_mk64f12.o  ./SDK/CMSIS/system_MK64F12.o   
Memory region         Used Size  Region Size  %age Used
   PROGRAM_FLASH:         11 KB         1 MB      1.07%
      SRAM_UPPER:       29592 B       192 KB     15.05%
      SRAM_LOWER:          0 GB        64 KB      0.00%
        FLEX_RAM:          0 GB         4 KB      0.00%
Finished building target: Blink.axf
 
make --no-print-directory post-build
Performing post-build steps
arm-none-eabi-size "Blink.axf"; # arm-none-eabi-objcopy -v -O binary "Blink.axf" "Blink.bin" ; # checksum -p MK64FN1M0xxx12 -d "Blink.bin";
   text	   data	    bss	    dec	    hex	filename
  11064	    200	  29392	  40656	   9ed0	Blink.axf
 
21:25:25 **** Incremental Build of configuration Debug for project Blink ****
make -r -j8 all 
make: Nothing to be done for `all'.
21:26:56 **** Incremental Build of configuration Debug for project Blink ****
make -r -j8 all 
Building file: ../source/App.c
Invoking: MCU C Compiler
arm-none-eabi-gcc -DCPU_MK64FN1M0VLL12 -D__USE_CMSIS -DDEBUG -I../source -I../ -I../SDK/CMSIS -I../SDK/startup -O0 -fno-common -g3 -Wall -c -ffunction-sections -fdata-sections -ffreestanding -fno-builtin -mcpu=cortex-m4 -mfpu=fpv4-sp-d16 -mfloat-abi=hard -mthumb -MMD -MP -MF"source/App.d" -MT"source/App.o" -MT"source/App.d" -o "source/App.o" "../source/App.c"
../source/App.c: In function 'App_Init':
../source/App.c:63:23: warning: passing argument 1 of 'setOnNewCharListener' from incompatible pointer type [-Wincompatible-pointer-types]
  setOnNewCharListener(testfunc2);
                       ^~~~~~~~~
In file included from ../source/App.c:16:0:
../source/uart.h:67:6: note: expected 'void * (*)(char)' but argument is of type 'void (*)(char)'
 void setOnNewCharListener(void *recv(char));
      ^~~~~~~~~~~~~~~~~~~~
../source/App.c: In function 'App_Run':
../source/App.c:81:3: warning: implicit declaration of function 'delayLoop' [-Wimplicit-function-declaration]
   delayLoop(400000UL);
   ^~~~~~~~~
../source/App.c: In function 'demodulador':
../source/App.c:112:6: warning: unused variable 'a' [-Wunused-variable]
  int a = 0;
      ^
Finished building: ../source/App.c
 
Building target: Blink.axf
Invoking: MCU Linker
arm-none-eabi-gcc -nostdlib -Xlinker -Map="Blink.map" -Xlinker --gc-sections -Xlinker -print-memory-usage -Xlinker --sort-section=alignment -mcpu=cortex-m4 -mfpu=fpv4-sp-d16 -mfloat-abi=hard -mthumb -T "Blink_Debug.ld" -o "Blink.axf"  ./source/ADC.o ./source/App.o ./source/DAC.o ./source/Modulador.o ./source/PIT.o ./source/SysTick.o ./source/demodulatorFSK.o ./source/gpio.o ./source/timer.o ./source/uart.o  ./SDK/startup/hardware.o ./SDK/startup/main.o ./SDK/startup/semihost_hardfault.o ./SDK/startup/startup_mk64f12.o  ./SDK/CMSIS/system_MK64F12.o   
Memory region         Used Size  Region Size  %age Used
   PROGRAM_FLASH:       11272 B         1 MB      1.07%
      SRAM_UPPER:       29592 B       192 KB     15.05%
      SRAM_LOWER:          0 GB        64 KB      0.00%
        FLEX_RAM:          0 GB         4 KB      0.00%
Finished building target: Blink.axf
 
make --no-print-directory post-build
Performing post-build steps
arm-none-eabi-size "Blink.axf"; # arm-none-eabi-objcopy -v -O binary "Blink.axf" "Blink.bin" ; # checksum -p MK64FN1M0xxx12 -d "Blink.bin";
   text	   data	    bss	    dec	    hex	filename
  11072	    200	  29392	  40664	   9ed8	Blink.axf
 
21:26:59 **** Incremental Build of configuration Debug for project Blink ****
make -r -j8 all 
make: Nothing to be done for `all'.
21:27:08 **** Incremental Build of configuration Debug for project Blink ****
make -r -j8 all 
make: Nothing to be done for `all'.
21:27:10 **** Incremental Build of configuration Debug for project Blink ****
make -r -j8 all 
make: Nothing to be done for `all'.
21:27:49 **** Incremental Build of configuration Debug for project Blink ****
make -r -j8 all 
Building file: ../source/App.c
Invoking: MCU C Compiler
[...]
  setOnNewCharListener(testfunc2);
                       ^~~~~~~~~
In file included from ../source/App.c:16:0:
../source/uart.h:67:6: note: expected 'void * (*)(char)' but argument is of type 'void (*)(char)'
 void setOnNewCharListener(void *recv(char));
      ^~~~~~~~~~~~~~~~~~~~
../source/App.c: In function 'demodulador':
../source/App.c:120:6: warning: unused variable 'a' [-Wunused-variable]
  int a = 0;
      ^
Finished building: ../source/demodulatorFSK.c
 
Finished building: ../source/App.c
 
Building target: Blink.axf
Invoking: MCU Linker
arm-none-eabi-gcc -nostdlib -Xlinker -Map="Blink.map" -Xlinker --gc-sections -Xlinker -print-memory-usage -Xlinker --sort-section=alignment -mcpu=cortex-m4 -mfpu=fpv4-sp-d16 -mfloat-abi=hard -mthumb -T "Blink_Debug.ld" -o "Blink.axf"  ./source/ADC.o ./source/App.o ./source/DAC.o ./source/Modulador.o ./source/PIT.o ./source/SysTick.o ./source/demodulatorFSK.o ./source/gpio.o ./source/timer.o ./source/uart.o  ./SDK/startup/hardware.o ./SDK/startup/main.o ./SDK/startup/semihost_hardfault.o ./SDK/startup/startup_mk64f12.o  ./SDK/CMSIS/system_MK64F12.o   
Memory region         Used Size  Region Size  %age Used
   PROGRAM_FLASH:       11384 B         1 MB      1.09%
      SRAM_UPPER:       39600 B       192 KB     20.14%
      SRAM_LOWER:          0 GB        64 KB      0.00%
        FLEX_RAM:          0 GB         4 KB      0.00%
Finished building target: Blink.axf
 
make --no-print-directory post-build
Performing post-build steps
arm-none-eabi-size "Blink.axf"; # arm-none-eabi-objcopy -v -O binary "Blink.axf" "Blink.bin" ; # checksum -p MK64FN1M0xxx12 -d "Blink.bin";
   text	   data	    bss	    dec	    hex	filename
  11184	    200	  39400	  50784	   c660	Blink.axf
 
21:52:08 **** Incremental Build of configuration Debug for project Blink ****
make -r -j8 all 
Building file: ../source/App.c
Invoking: MCU C Compiler
arm-none-eabi-gcc -DCPU_MK64FN1M0VLL12 -D__USE_CMSIS -DDEBUG -I../source -I../ -I../SDK/CMSIS -I../SDK/startup -O0 -fno-common -g3 -Wall -c -ffunction-sections -fdata-sections -ffreestanding -fno-builtin -mcpu=cortex-m4 -mfpu=fpv4-sp-d16 -mfloat-abi=hard -mthumb -MMD -MP -MF"source/App.d" -MT"source/App.o" -MT"source/App.d" -o "source/App.o" "../source/App.c"
../source/App.c: In function 'App_Init':
../source/App.c:69:23: warning: passing argument 1 of 'setOnNewCharListener' from incompatible pointer type [-Wincompatible-pointer-types]
  setOnNewCharListener(testfunc2);
                       ^~~~~~~~~
In file included from ../source/App.c:16:0:
../source/uart.h:67:6: note: expected 'void * (*)(char)' but argument is of type 'void (*)(char)'
 void setOnNewCharListener(void *recv(char));
      ^~~~~~~~~~~~~~~~~~~~
../source/App.c: In function 'demodulador':
../source/App.c:120:6: warning: unused variable 'a' [-Wunused-variable]
  int a = 0;
      ^
Finished building: ../source/App.c
 
Building target: Blink.axf
Invoking: MCU Linker
arm-none-eabi-gcc -nostdlib -Xlinker -Map="Blink.map" -Xlinker --gc-sections -Xlinker -print-memory-usage -Xlinker --sort-section=alignment -mcpu=cortex-m4 -mfpu=fpv4-sp-d16 -mfloat-abi=hard -mthumb -T "Blink_Debug.ld" -o "Blink.axf"  ./source/ADC.o ./source/App.o ./source/DAC.o ./source/Modulador.o ./source/PIT.o ./source/SysTick.o ./source/demodulatorFSK.o ./source/gpio.o ./source/timer.o ./source/uart.o  ./SDK/startup/hardware.o ./SDK/startup/main.o ./SDK/startup/semihost_hardfault.o ./SDK/startup/startup_mk64f12.o  ./SDK/CMSIS/system_MK64F12.o   
Memory region         Used Size  Region Size  %age Used
   PROGRAM_FLASH:       10688 B         1 MB      1.02%
      SRAM_UPPER:       39424 B       192 KB     20.05%
      SRAM_LOWER:          0 GB        64 KB      0.00%
        FLEX_RAM:          0 GB         4 KB      0.00%
Finished building target: Blink.axf
 
make --no-print-directory post-build
Performing post-build steps
arm-none-eabi-size "Blink.axf"; # arm-none-eabi-objcopy -v -O binary "Blink.axf" "Blink.bin" ; # checksum -p MK64FN1M0xxx12 -d "Blink.bin";
   text	   data	    bss	    dec	    hex	filename
  10568	    120	  39304	  49992	   c348	Blink.axf
 
21:52:12 **** Incremental Build of configuration Debug for project Blink ****
make -r -j8 all 
make: Nothing to be done for `all'.
21:53:32 **** Incremental Build of configuration Debug for project Blink ****
make -r -j8 all 
Building file: ../source/App.c
Building file: ../source/demodulatorFSK.c
Invoking: MCU C Compiler
arm-none-eabi-gcc -DCPU_MK64FN1M0VLL12 -D__USE_CMSIS -DDEBUG -I../source -I../ -I../SDK/CMSIS -I../SDK/startup -O0 -fno-common -g3 -Wall -c -ffunction-sections -fdata-sections -ffreestanding -fno-builtin -mcpu=cortex-m4 -mfpu=fpv4-sp-d16 -mfloat-abi=hard -mthumb -MMD -MP -MF"source/App.d" -MT"source/App.o" -MT"source/App.d" -o "source/App.o" "../source/App.c"
Invoking: MCU C Compiler
arm-none-eabi-gcc -DCPU_MK64FN1M0VLL12 -D__USE_CMSIS -DDEBUG -I../source -I../ -I../SDK/CMSIS -I../SDK/startup -O0 -fno-common -g3 -Wall -c -ffunction-sections -fdata-sections -ffreestanding -fno-builtin -mcpu=cortex-m4 -mfpu=fpv4-sp-d16 -mfloat-abi=hard -mthumb -MMD -MP -MF"source/demodulatorFSK.d" -MT"source/demodulatorFSK.o" -MT"source/demodulatorFSK.d" -o "source/demodulatorFSK.o" "../source/demodulatorFSK.c"
../source/App.c: In function 'App_Init':
../source/App.c:69:23: warning: passing argument 1 of 'setOnNewCharListener' from incompatible pointer type [-Wincompatible-pointer-types]
  setOnNewCharListener(testfunc2);
                       ^~~~~~~~~
In file included from ../source/App.c:16:0:
../source/uart.h:67:6: note: expected 'void * (*)(char)' but argument is of type 'void (*)(char)'
 void setOnNewCharListener(void *recv(char));
      ^~~~~~~~~~~~~~~~~~~~
../source/App.c: In function 'demodulador':
../source/App.c:120:6: warning: unused variable 'a' [-Wunused-variable]
  int a = 0;
      ^
Finished building: ../source/demodulatorFSK.c
 
Finished building: ../source/App.c
 
Building target: Blink.axf
Invoking: MCU Linker
arm-none-eabi-gcc -nostdlib -Xlinker -Map="Blink.map" -Xlinker --gc-sections -Xlinker -print-memory-usage -Xlinker --sort-section=alignment -mcpu=cortex-m4 -mfpu=fpv4-sp-d16 -mfloat-abi=hard -mthumb -T "Blink_Debug.ld" -o "Blink.axf"  ./source/ADC.o ./source/App.o ./source/DAC.o ./source/Modulador.o ./source/PIT.o ./source/SysTick.o ./source/demodulatorFSK.o ./source/gpio.o ./source/timer.o ./source/uart.o  ./SDK/startup/hardware.o ./SDK/startup/main.o ./SDK/startup/semihost_hardfault.o ./SDK/startup/startup_mk64f12.o  ./SDK/CMSIS/system_MK64F12.o   
Memory region         Used Size  Region Size  %age Used
   PROGRAM_FLASH:       10688 B         1 MB      1.02%
      SRAM_UPPER:       39424 B       192 KB     20.05%
      SRAM_LOWER:          0 GB        64 KB      0.00%
        FLEX_RAM:          0 GB         4 KB      0.00%
Finished building target: Blink.axf
 
make --no-print-directory post-build
Performing post-build steps
arm-none-eabi-size "Blink.axf"; # arm-none-eabi-objcopy -v -O binary "Blink.axf" "Blink.bin" ; # checksum -p MK64FN1M0xxx12 -d "Blink.bin";
   text	   data	    bss	    dec	    hex	filename
  10568	    120	  39304	  49992	   c348	Blink.axf
 
21:53:38 **** Incremental Build of configuration Debug for project Blink ****
make -r -j8 all 
make: Nothing to be done for `all'.
21:53:58 **** Incremental Build of configuration Debug for project Blink ****
make -r -j8 all 
make: Nothing to be done for `all'.
21:55:23 **** Incremental Build of configuration Debug for project Blink ****
make -r -j8 all 
Building file: ../source/App.c
Invoking: MCU C Compiler
arm-none-eabi-gcc -DCPU_MK64FN1M0VLL12 -D__USE_CMSIS -DDEBUG -I../source -I../ -I../SDK/CMSIS -I../SDK/startup -O0 -fno-common -g3 -Wall -c -ffunction-sections -fdata-sections -ffreestanding -fno-builtin -mcpu=cortex-m4 -mfpu=fpv4-sp-d16 -mfloat-abi=hard -mthumb -MMD -MP -MF"source/App.d" -MT"source/App.o" -MT"source/App.d" -o "source/App.o" "../source/App.c"
../source/App.c: In function 'App_Init':
../source/App.c:69:23: warning: passing argument 1 of 'setOnNewCharListener' from incompatible pointer type [-Wincompatible-pointer-types]
  setOnNewCharListener(testfunc2);
                       ^~~~~~~~~
In file included from ../source/App.c:16:0:
../source/uart.h:67:6: note: expected 'void * (*)(char)' but argument is of type 'void (*)(char)'
 void setOnNewCharListener(void *recv(char));
      ^~~~~~~~~~~~~~~~~~~~
../source/App.c: In function 'demodulador':
../source/App.c:120:6: warning: unused variable 'a' [-Wunused-variable]
  int a = 0;
      ^
Finished building: ../source/App.c
 
Building target: Blink.axf
Invoking: MCU Linker
arm-none-eabi-gcc -nostdlib -Xlinker -Map="Blink.map" -Xlinker --gc-sections -Xlinker -print-memory-usage -Xlinker --sort-section=alignment -mcpu=cortex-m4 -mfpu=fpv4-sp-d16 -mfloat-abi=hard -mthumb -T "Blink_Debug.ld" -o "Blink.axf"  ./source/ADC.o ./source/App.o ./source/DAC.o ./source/Modulador.o ./source/PIT.o ./source/SysTick.o ./source/demodulatorFSK.o ./source/gpio.o ./source/timer.o ./source/uart.o  ./SDK/startup/hardware.o ./SDK/startup/main.o ./SDK/startup/semihost_hardfault.o ./SDK/startup/startup_mk64f12.o  ./SDK/CMSIS/system_MK64F12.o   
Memory region         Used Size  Region Size  %age Used
   PROGRAM_FLASH:       10640 B         1 MB      1.01%
      SRAM_UPPER:       39424 B       192 KB     20.05%
      SRAM_LOWER:          0 GB        64 KB      0.00%
        FLEX_RAM:          0 GB         4 KB      0.00%
Finished building target: Blink.axf
 
make --no-print-directory post-build
Performing post-build steps
arm-none-eabi-size "Blink.axf"; # arm-none-eabi-objcopy -v -O binary "Blink.axf" "Blink.bin" ; # checksum -p MK64FN1M0xxx12 -d "Blink.bin";
   text	   data	    bss	    dec	    hex	filename
  10520	    120	  39304	  49944	   c318	Blink.axf
 
21:55:33 **** Incremental Build of configuration Debug for project Blink ****
make -r -j8 all 
make: Nothing to be done for `all'.
21:56:18 **** Incremental Build of configuration Debug for project Blink ****
make -r -j8 all 
Building file: ../source/App.c
Invoking: MCU C Compiler
arm-none-eabi-gcc -DCPU_MK64FN1M0VLL12 -D__USE_CMSIS -DDEBUG -I../source -I../ -I../SDK/CMSIS -I../SDK/startup -O0 -fno-common -g3 -Wall -c -ffunction-sections -fdata-sections -ffreestanding -fno-builtin -mcpu=cortex-m4 -mfpu=fpv4-sp-d16 -mfloat-abi=hard -mthumb -MMD -MP -MF"source/App.d" -MT"source/App.o" -MT"source/App.d" -o "source/App.o" "../source/App.c"
../source/App.c: In function 'App_Init':
../source/App.c:69:23: warning: passing argument 1 of 'setOnNewCharListener' from incompatible pointer type [-Wincompatible-pointer-types]
  setOnNewCharListener(testfunc2);
                       ^~~~~~~~~
In file included from ../source/App.c:16:0:
../source/uart.h:67:6: note: expected 'void * (*)(char)' but argument is of type 'void (*)(char)'
 void setOnNewCharListener(void *recv(char));
      ^~~~~~~~~~~~~~~~~~~~
../source/App.c: In function 'demodulador':
../source/App.c:120:6: warning: unused variable 'a' [-Wunused-variable]
  int a = 0;
      ^
Finished building: ../source/App.c
 
Building target: Blink.axf
Invoking: MCU Linker
arm-none-eabi-gcc -nostdlib -Xlinker -Map="Blink.map" -Xlinker --gc-sections -Xlinker -print-memory-usage -Xlinker --sort-section=alignment -mcpu=cortex-m4 -mfpu=fpv4-sp-d16 -mfloat-abi=hard -mthumb -T "Blink_Debug.ld" -o "Blink.axf"  ./source/ADC.o ./source/App.o ./source/DAC.o ./source/Modulador.o ./source/PIT.o ./source/SysTick.o ./source/demodulatorFSK.o ./source/gpio.o ./source/timer.o ./source/uart.o  ./SDK/startup/hardware.o ./SDK/startup/main.o ./SDK/startup/semihost_hardfault.o ./SDK/startup/startup_mk64f12.o  ./SDK/CMSIS/system_MK64F12.o   
Memory region         Used Size  Region Size  %age Used
   PROGRAM_FLASH:       11344 B         1 MB      1.08%
      SRAM_UPPER:       39600 B       192 KB     20.14%
      SRAM_LOWER:          0 GB        64 KB      0.00%
        FLEX_RAM:          0 GB         4 KB      0.00%
Finished building target: Blink.axf
 
make --no-print-directory post-build
Performing post-build steps
arm-none-eabi-size "Blink.axf"; # arm-none-eabi-objcopy -v -O binary "Blink.axf" "Blink.bin" ; # checksum -p MK64FN1M0xxx12 -d "Blink.bin";
   text	   data	    bss	    dec	    hex	filename
  11144	    200	  39400	  50744	   c638	Blink.axf
 
21:56:37 **** Incremental Build of configuration Debug for project Blink ****
make -r -j8 all 
make: Nothing to be done for `all'.
21:58:00 **** Incremental Build of configuration Debug for project Blink ****
make -r -j8 all 
Building file: ../source/demodulatorFSK.c
Invoking: MCU C Compiler
arm-none-eabi-gcc -DCPU_MK64FN1M0VLL12 -D__USE_CMSIS -DDEBUG -I../source -I../ -I../SDK/CMSIS -I../SDK/startup -O0 -fno-common -g3 -Wall -c -ffunction-sections -fdata-sections -ffreestanding -fno-builtin -mcpu=cortex-m4 -mfpu=fpv4-sp-d16 -mfloat-abi=hard -mthumb -MMD -MP -MF"source/demodulatorFSK.d" -MT"source/demodulatorFSK.o" -MT"source/demodulatorFSK.d" -o "source/demodulatorFSK.o" "../source/demodulatorFSK.c"
Finished building: ../source/demodulatorFSK.c
 
Building target: Blink.axf
Invoking: MCU Linker
arm-none-eabi-gcc -nostdlib -Xlinker -Map="Blink.map" -Xlinker --gc-sections -Xlinker -print-memory-usage -Xlinker --sort-section=alignment -mcpu=cortex-m4 -mfpu=fpv4-sp-d16 -mfloat-abi=hard -mthumb -T "Blink_Debug.ld" -o "Blink.axf"  ./source/ADC.o ./source/App.o ./source/DAC.o ./source/Modulador.o ./source/PIT.o ./source/SysTick.o ./source/demodulatorFSK.o ./source/gpio.o ./source/timer.o ./source/uart.o  ./SDK/startup/hardware.o ./SDK/startup/main.o ./SDK/startup/semihost_hardfault.o ./SDK/startup/startup_mk64f12.o  ./SDK/CMSIS/system_MK64F12.o   
Memory region         Used Size  Region Size  %age Used
   PROGRAM_FLASH:       11344 B         1 MB      1.08%
      SRAM_UPPER:       39600 B       192 KB     20.14%
      SRAM_LOWER:          0 GB        64 KB      0.00%
        FLEX_RAM:          0 GB         4 KB      0.00%
Finished building target: Blink.axf
 
make --no-print-directory post-build
Performing post-build steps
arm-none-eabi-size "Blink.axf"; # arm-none-eabi-objcopy -v -O binary "Blink.axf" "Blink.bin" ; # checksum -p MK64FN1M0xxx12 -d "Blink.bin";
   text	   data	    bss	    dec	    hex	filename
  11144	    200	  39400	  50744	   c638	Blink.axf
 
21:59:14 **** Incremental Build of configuration Debug for project Blink ****
make -r -j8 all 
Building file: ../source/demodulatorFSK.c
Invoking: MCU C Compiler
arm-none-eabi-gcc -DCPU_MK64FN1M0VLL12 -D__USE_CMSIS -DDEBUG -I../source -I../ -I../SDK/CMSIS -I../SDK/startup -O0 -fno-common -g3 -Wall -c -ffunction-sections -fdata-sections -ffreestanding -fno-builtin -mcpu=cortex-m4 -mfpu=fpv4-sp-d16 -mfloat-abi=hard -mthumb -MMD -MP -MF"source/demodulatorFSK.d" -MT"source/demodulatorFSK.o" -MT"source/demodulatorFSK.d" -o "source/demodulatorFSK.o" "../source/demodulatorFSK.c"
Finished building: ../source/demodulatorFSK.c
 
Building target: Blink.axf
Invoking: MCU Linker
arm-none-eabi-gcc -nostdlib -Xlinker -Map="Blink.map" -Xlinker --gc-sections -Xlinker -print-memory-usage -Xlinker --sort-section=alignment -mcpu=cortex-m4 -mfpu=fpv4-sp-d16 -mfloat-abi=hard -mthumb -T "Blink_Debug.ld" -o "Blink.axf"  ./source/ADC.o ./source/App.o ./source/DAC.o ./source/Modulador.o ./source/PIT.o ./source/SysTick.o ./source/demodulatorFSK.o ./source/gpio.o ./source/timer.o ./source/uart.o  ./SDK/startup/hardware.o ./SDK/startup/main.o ./SDK/startup/semihost_hardfault.o ./SDK/startup/startup_mk64f12.o  ./SDK/CMSIS/system_MK64F12.o   
Memory region         Used Size  Region Size  %age Used
   PROGRAM_FLASH:       11344 B         1 MB      1.08%
      SRAM_UPPER:       39600 B       192 KB     20.14%
      SRAM_LOWER:          0 GB        64 KB      0.00%
        FLEX_RAM:          0 GB         4 KB      0.00%
Finished building target: Blink.axf
 
make --no-print-directory post-build
Performing post-build steps
arm-none-eabi-size "Blink.axf"; # arm-none-eabi-objcopy -v -O binary "Blink.axf" "Blink.bin" ; # checksum -p MK64FN1M0xxx12 -d "Blink.bin";
   text	   data	    bss	    dec	    hex	filename
  11144	    200	  39400	  50744	   c638	Blink.axf
 
22:00:33 **** Incremental Build of configuration Debug for project Blink ****
make -r -j8 all 
Building file: ../source/demodulatorFSK.c
Invoking: MCU C Compiler
arm-none-eabi-gcc -DCPU_MK64FN1M0VLL12 -D__USE_CMSIS -DDEBUG -I../source -I../ -I../SDK/CMSIS -I../SDK/startup -O0 -fno-common -g3 -Wall -c -ffunction-sections -fdata-sections -ffreestanding -fno-builtin -mcpu=cortex-m4 -mfpu=fpv4-sp-d16 -mfloat-abi=hard -mthumb -MMD -MP -MF"source/demodulatorFSK.d" -MT"source/demodulatorFSK.o" -MT"source/demodulatorFSK.d" -o "source/demodulatorFSK.o" "../source/demodulatorFSK.c"
Finished building: ../source/demodulatorFSK.c
 
Building target: Blink.axf
Invoking: MCU Linker
arm-none-eabi-gcc -nostdlib -Xlinker -Map="Blink.map" -Xlinker --gc-sections -Xlinker -print-memory-usage -Xlinker --sort-section=alignment -mcpu=cortex-m4 -mfpu=fpv4-sp-d16 -mfloat-abi=hard -mthumb -T "Blink_Debug.ld" -o "Blink.axf"  ./source/ADC.o ./source/App.o ./source/DAC.o ./source/Modulador.o ./source/PIT.o ./source/SysTick.o ./source/demodulatorFSK.o ./source/gpio.o ./source/timer.o ./source/uart.o  ./SDK/startup/hardware.o ./SDK/startup/main.o ./SDK/startup/semihost_hardfault.o ./SDK/startup/startup_mk64f12.o  ./SDK/CMSIS/system_MK64F12.o   
Memory region         Used Size  Region Size  %age Used
   PROGRAM_FLASH:       11344 B         1 MB      1.08%
      SRAM_UPPER:       39600 B       192 KB     20.14%
      SRAM_LOWER:          0 GB        64 KB      0.00%
        FLEX_RAM:          0 GB         4 KB      0.00%
Finished building target: Blink.axf
 
make --no-print-directory post-build
Performing post-build steps
arm-none-eabi-size "Blink.axf"; # arm-none-eabi-objcopy -v -O binary "Blink.axf" "Blink.bin" ; # checksum -p MK64FN1M0xxx12 -d "Blink.bin";
   text	   data	    bss	    dec	    hex	filename
  11144	    200	  39400	  50744	   c638	Blink.axf
 
22:01:34 **** Incremental Build of configuration Debug for project Blink ****
make -r -j8 all 
Building file: ../source/demodulatorFSK.c
Invoking: MCU C Compiler
arm-none-eabi-gcc -DCPU_MK64FN1M0VLL12 -D__USE_CMSIS -DDEBUG -I../source -I../ -I../SDK/CMSIS -I../SDK/startup -O0 -fno-common -g3 -Wall -c -ffunction-sections -fdata-sections -ffreestanding -fno-builtin -mcpu=cortex-m4 -mfpu=fpv4-sp-d16 -mfloat-abi=hard -mthumb -MMD -MP -MF"source/demodulatorFSK.d" -MT"source/demodulatorFSK.o" -MT"source/demodulatorFSK.d" -o "source/demodulatorFSK.o" "../source/demodulatorFSK.c"
Finished building: ../source/demodulatorFSK.c
 
Building target: Blink.axf
Invoking: MCU Linker
arm-none-eabi-gcc -nostdlib -Xlinker -Map="Blink.map" -Xlinker --gc-sections -Xlinker -print-memory-usage -Xlinker --sort-section=alignment -mcpu=cortex-m4 -mfpu=fpv4-sp-d16 -mfloat-abi=hard -mthumb -T "Blink_Debug.ld" -o "Blink.axf"  ./source/ADC.o ./source/App.o ./source/DAC.o ./source/Modulador.o ./source/PIT.o ./source/SysTick.o ./source/demodulatorFSK.o ./source/gpio.o ./source/timer.o ./source/uart.o  ./SDK/startup/hardware.o ./SDK/startup/main.o ./SDK/startup/semihost_hardfault.o ./SDK/startup/startup_mk64f12.o  ./SDK/CMSIS/system_MK64F12.o   
Memory region         Used Size  Region Size  %age Used
   PROGRAM_FLASH:       11344 B         1 MB      1.08%
      SRAM_UPPER:       39600 B       192 KB     20.14%
      SRAM_LOWER:          0 GB        64 KB      0.00%
        FLEX_RAM:          0 GB         4 KB      0.00%
Finished building target: Blink.axf
 
make --no-print-directory post-build
Performing post-build steps
arm-none-eabi-size "Blink.axf"; # arm-none-eabi-objcopy -v -O binary "Blink.axf" "Blink.bin" ; # checksum -p MK64FN1M0xxx12 -d "Blink.bin";
   text	   data	    bss	    dec	    hex	filename
  11144	    200	  39400	  50744	   c638	Blink.axf
 
