15:10:36 **** Clean-only build of configuration Debug for project Blink ****
make -r -j3 clean 
rm -rf  ./source/ADC.o ./source/App.o ./source/DAC.o ./source/Modulador.o ./source/PIT.o ./source/SysTick.o ./source/demodulatorFSK.o ./source/gpio.o ./source/timer.o  ./SDK/startup/hardware.o ./SDK/startup/main.o ./SDK/startup/semihost_hardfault.o ./SDK/startup/startup_mk64f12.o  ./SDK/CMSIS/system_MK64F12.o  ./source/ADC.d ./source/App.d ./source/DAC.d ./source/Modulador.d ./source/PIT.d ./source/SysTick.d ./source/demodulatorFSK.d ./source/gpio.d ./source/timer.d  ./SDK/startup/hardware.d ./SDK/startup/main.d ./SDK/startup/semihost_hardfault.d ./SDK/startup/startup_mk64f12.d  ./SDK/CMSIS/system_MK64F12.d  Blink.axf
 
15:13:01 **** Build of configuration Debug for project Blink ****
make -r -j3 all 
Building file: ../source/ADC.c
Building file: ../source/App.c
Building file: ../source/DAC.c
Invoking: MCU C Compiler
Invoking: MCU C Compiler
Invoking: MCU C Compiler
arm-none-eabi-gcc -DCPU_MK64FN1M0VLL12 -D__USE_CMSIS -DDEBUG -I../source -I../ -I../SDK/CMSIS -I../SDK/startup -O0 -fno-common -g3 -Wall -c -ffunction-sections -fdata-sections -ffreestanding -fno-builtin -mcpu=cortex-m4 -mfpu=fpv4-sp-d16 -mfloat-abi=hard -mthumb -fstack-usage -MMD -MP -MF"source/App.d" -MT"source/App.o" -MT"source/App.d" -o "source/App.o" "../source/App.c"
arm-none-eabi-gcc -DCPU_MK64FN1M0VLL12 -D__USE_CMSIS -DDEBUG -I../source -I../ -I../SDK/CMSIS -I../SDK/startup -O0 -fno-common -g3 -Wall -c -ffunction-sections -fdata-sections -ffreestanding -fno-builtin -mcpu=cortex-m4 -mfpu=fpv4-sp-d16 -mfloat-abi=hard -mthumb -fstack-usage -MMD -MP -MF"source/DAC.d" -MT"source/DAC.o" -MT"source/DAC.d" -o "source/DAC.o" "../source/DAC.c"
arm-none-eabi-gcc -DCPU_MK64FN1M0VLL12 -D__USE_CMSIS -DDEBUG -I../source -I../ -I../SDK/CMSIS -I../SDK/startup -O0 -fno-common -g3 -Wall -c -ffunction-sections -fdata-sections -ffreestanding -fno-builtin -mcpu=cortex-m4 -mfpu=fpv4-sp-d16 -mfloat-abi=hard -mthumb -fstack-usage -MMD -MP -MF"source/ADC.d" -MT"source/ADC.o" -MT"source/ADC.d" -o "source/ADC.o" "../source/ADC.c"
../source/App.c: In function 'demodulador':
../source/App.c:81:7: warning: unused variable 'b' [-Wunused-variable]
  char b = get_Msg();
       ^
../source/App.c:80:6: warning: unused variable 'a' [-Wunused-variable]
  int a = 0;
      ^
Finished building: ../source/DAC.c
Finished building: ../source/ADC.c
 
 
Building file: ../source/Modulador.c
Building file: ../source/PIT.c
Invoking: MCU C Compiler
arm-none-eabi-gcc -DCPU_MK64FN1M0VLL12 -D__USE_CMSIS -DDEBUG -I../source -I../ -I../SDK/CMSIS -I../SDK/startup -O0 -fno-common -g3 -Wall -c -ffunction-sections -fdata-sections -ffreestanding -fno-builtin -mcpu=cortex-m4 -mfpu=fpv4-sp-d16 -mfloat-abi=hard -mthumb -fstack-usage -MMD -MP -MF"source/Modulador.d" -MT"source/Modulador.o" -MT"source/Modulador.d" -o "source/Modulador.o" "../source/Modulador.c"
Invoking: MCU C Compiler
arm-none-eabi-gcc -DCPU_MK64FN1M0VLL12 -D__USE_CMSIS -DDEBUG -I../source -I../ -I../SDK/CMSIS -I../SDK/startup -O0 -fno-common -g3 -Wall -c -ffunction-sections -fdata-sections -ffreestanding -fno-builtin -mcpu=cortex-m4 -mfpu=fpv4-sp-d16 -mfloat-abi=hard -mthumb -fstack-usage -MMD -MP -MF"source/PIT.d" -MT"source/PIT.o" -MT"source/PIT.d" -o "source/PIT.o" "../source/PIT.c"
Finished building: ../source/App.c
Finished building: ../source/Modulador.c
 
 
Building file: ../source/SysTick.c
Building file: ../source/demodulatorFSK.c
Invoking: MCU C Compiler
arm-none-eabi-gcc -DCPU_MK64FN1M0VLL12 -D__USE_CMSIS -DDEBUG -I../source -I../ -I../SDK/CMSIS -I../SDK/startup -O0 -fno-common -g3 -Wall -c -ffunction-sections -fdata-sections -ffreestanding -fno-builtin -mcpu=cortex-m4 -mfpu=fpv4-sp-d16 -mfloat-abi=hard -mthumb -fstack-usage -MMD -MP -MF"source/SysTick.d" -MT"source/SysTick.o" -MT"source/SysTick.d" -o "source/SysTick.o" "../source/SysTick.c"
Invoking: MCU C Compiler
arm-none-eabi-gcc -DCPU_MK64FN1M0VLL12 -D__USE_CMSIS -DDEBUG -I../source -I../ -I../SDK/CMSIS -I../SDK/startup -O0 -fno-common -g3 -Wall -c -ffunction-sections -fdata-sections -ffreestanding -fno-builtin -mcpu=cortex-m4 -mfpu=fpv4-sp-d16 -mfloat-abi=hard -mthumb -fstack-usage -MMD -MP -MF"source/demodulatorFSK.d" -MT"source/demodulatorFSK.o" -MT"source/demodulatorFSK.d" -o "source/demodulatorFSK.o" "../source/demodulatorFSK.c"
Finished building: ../source/demodulatorFSK.c
 
Building file: ../source/gpio.c
Invoking: MCU C Compiler
arm-none-eabi-gcc -DCPU_MK64FN1M0VLL12 -D__USE_CMSIS -DDEBUG -I../source -I../ -I../SDK/CMSIS -I../SDK/startup -O0 -fno-common -g3 -Wall -c -ffunction-sections -fdata-sections -ffreestanding -fno-builtin -mcpu=cortex-m4 -mfpu=fpv4-sp-d16 -mfloat-abi=hard -mthumb -fstack-usage -MMD -MP -MF"source/gpio.d" -MT"source/gpio.o" -MT"source/gpio.d" -o "source/gpio.o" "../source/gpio.c"
Finished building: ../source/PIT.c
 
Building file: ../source/timer.c
Invoking: MCU C Compiler
arm-none-eabi-gcc -DCPU_MK64FN1M0VLL12 -D__USE_CMSIS -DDEBUG -I../source -I../ -I../SDK/CMSIS -I../SDK/startup -O0 -fno-common -g3 -Wall -c -ffunction-sections -fdata-sections -ffreestanding -fno-builtin -mcpu=cortex-m4 -mfpu=fpv4-sp-d16 -mfloat-abi=hard -mthumb -fstack-usage -MMD -MP -MF"source/timer.d" -MT"source/timer.o" -MT"source/timer.d" -o "source/timer.o" "../source/timer.c"
Finished building: ../source/SysTick.c
 
Building file: ../SDK/startup/hardware.c
Invoking: MCU C Compiler
arm-none-eabi-gcc -DCPU_MK64FN1M0VLL12 -D__USE_CMSIS -DDEBUG -I../source -I../ -I../SDK/CMSIS -I../SDK/startup -O0 -fno-common -g3 -Wall -c -ffunction-sections -fdata-sections -ffreestanding -fno-builtin -mcpu=cortex-m4 -mfpu=fpv4-sp-d16 -mfloat-abi=hard -mthumb -fstack-usage -MMD -MP -MF"SDK/startup/hardware.d" -MT"SDK/startup/hardware.o" -MT"SDK/startup/hardware.d" -o "SDK/startup/hardware.o" "../SDK/startup/hardware.c"
Finished building: ../source/gpio.c
 
Building file: ../SDK/startup/main.c
Invoking: MCU C Compiler
arm-none-eabi-gcc -DCPU_MK64FN1M0VLL12 -D__USE_CMSIS -DDEBUG -I../source -I../ -I../SDK/CMSIS -I../SDK/startup -O0 -fno-common -g3 -Wall -c -ffunction-sections -fdata-sections -ffreestanding -fno-builtin -mcpu=cortex-m4 -mfpu=fpv4-sp-d16 -mfloat-abi=hard -mthumb -fstack-usage -MMD -MP -MF"SDK/startup/main.d" -MT"SDK/startup/main.o" -MT"SDK/startup/main.d" -o "SDK/startup/main.o" "../SDK/startup/main.c"
Finished building: ../source/timer.c
 
Building file: ../SDK/startup/semihost_hardfault.c
Invoking: MCU C Compiler
arm-none-eabi-gcc -DCPU_MK64FN1M0VLL12 -D__USE_CMSIS -DDEBUG -I../source -I../ -I../SDK/CMSIS -I../SDK/startup -O0 -fno-common -g3 -Wall -c -ffunction-sections -fdata-sections -ffreestanding -fno-builtin -mcpu=cortex-m4 -mfpu=fpv4-sp-d16 -mfloat-abi=hard -mthumb -fstack-usage -MMD -MP -MF"SDK/startup/semihost_hardfault.d" -MT"SDK/startup/semihost_hardfault.o" -MT"SDK/startup/semihost_hardfault.d" -o "SDK/startup/semihost_hardfault.o" "../SDK/startup/semihost_hardfault.c"
Finished building: ../SDK/startup/semihost_hardfault.c
 
Building file: ../SDK/startup/startup_mk64f12.c
Invoking: MCU C Compiler
arm-none-eabi-gcc -DCPU_MK64FN1M0VLL12 -D__USE_CMSIS -DDEBUG -I../source -I../ -I../SDK/CMSIS -I../SDK/startup -O0 -fno-common -g3 -Wall -c -ffunction-sections -fdata-sections -ffreestanding -fno-builtin -mcpu=cortex-m4 -mfpu=fpv4-sp-d16 -mfloat-abi=hard -mthumb -fstack-usage -MMD -MP -MF"SDK/startup/startup_mk64f12.d" -MT"SDK/startup/startup_mk64f12.o" -MT"SDK/startup/startup_mk64f12.d" -o "SDK/startup/startup_mk64f12.o" "../SDK/startup/startup_mk64f12.c"
Finished building: ../SDK/startup/hardware.c
 
Building file: ../SDK/CMSIS/system_MK64F12.c
Invoking: MCU C Compiler
arm-none-eabi-gcc -DCPU_MK64FN1M0VLL12 -D__USE_CMSIS -DDEBUG -I../source -I../ -I../SDK/CMSIS -I../SDK/startup -O0 -fno-common -g3 -Wall -c -ffunction-sections -fdata-sections -ffreestanding -fno-builtin -mcpu=cortex-m4 -mfpu=fpv4-sp-d16 -mfloat-abi=hard -mthumb -fstack-usage -MMD -MP -MF"SDK/CMSIS/system_MK64F12.d" -MT"SDK/CMSIS/system_MK64F12.o" -MT"SDK/CMSIS/system_MK64F12.d" -o "SDK/CMSIS/system_MK64F12.o" "../SDK/CMSIS/system_MK64F12.c"
Finished building: ../SDK/startup/main.c
 
Finished building: ../SDK/CMSIS/system_MK64F12.c
 
Finished building: ../SDK/startup/startup_mk64f12.c
 
Building target: Blink.axf
Invoking: MCU Linker
arm-none-eabi-gcc -nostdlib -Xlinker -Map="Blink.map" -Xlinker --gc-sections -Xlinker -print-memory-usage -Xlinker --sort-section=alignment -mcpu=cortex-m4 -mfpu=fpv4-sp-d16 -mfloat-abi=hard -mthumb -T "Blink_Debug.ld" -o "Blink.axf"  ./source/ADC.o ./source/App.o ./source/DAC.o ./source/Modulador.o ./source/PIT.o ./source/SysTick.o ./source/demodulatorFSK.o ./source/gpio.o ./source/timer.o  ./SDK/startup/hardware.o ./SDK/startup/main.o ./SDK/startup/semihost_hardfault.o ./SDK/startup/startup_mk64f12.o  ./SDK/CMSIS/system_MK64F12.o   
Memory region         Used Size  Region Size  %age Used
   PROGRAM_FLASH:        9704 B         1 MB      0.93%
      SRAM_UPPER:        9528 B       192 KB      4.85%
      SRAM_LOWER:          0 GB        64 KB      0.00%
        FLEX_RAM:          0 GB         4 KB      0.00%
Finished building target: Blink.axf
 
make --no-print-directory post-build
Performing post-build steps
arm-none-eabi-size "Blink.axf"; # arm-none-eabi-objcopy -v -O binary "Blink.axf" "Blink.bin" ; # checksum -p MK64FN1M0xxx12 -d "Blink.bin";
   text	   data	    bss	    dec	    hex	filename
   9528	    176	   9352	  19056	   4a70	Blink.axf
 
15:16:36 **** Incremental Build of configuration Debug for project Blink ****
make -r -j3 all 
Building file: ../source/demodulatorFSK.c
Invoking: MCU C Compiler
arm-none-eabi-gcc -DCPU_MK64FN1M0VLL12 -D__USE_CMSIS -DDEBUG -I../source -I../ -I../SDK/CMSIS -I../SDK/startup -O0 -fno-common -g3 -Wall -c -ffunction-sections -fdata-sections -ffreestanding -fno-builtin -mcpu=cortex-m4 -mfpu=fpv4-sp-d16 -mfloat-abi=hard -mthumb -fstack-usage -MMD -MP -MF"source/demodulatorFSK.d" -MT"source/demodulatorFSK.o" -MT"source/demodulatorFSK.d" -o "source/demodulatorFSK.o" "../source/demodulatorFSK.c"
Finished building: ../source/demodulatorFSK.c
 
Building target: Blink.axf
Invoking: MCU Linker
arm-none-eabi-gcc -nostdlib -Xlinker -Map="Blink.map" -Xlinker --gc-sections -Xlinker -print-memory-usage -Xlinker --sort-section=alignment -mcpu=cortex-m4 -mfpu=fpv4-sp-d16 -mfloat-abi=hard -mthumb -T "Blink_Debug.ld" -o "Blink.axf"  ./source/ADC.o ./source/App.o ./source/DAC.o ./source/Modulador.o ./source/PIT.o ./source/SysTick.o ./source/demodulatorFSK.o ./source/gpio.o ./source/timer.o  ./SDK/startup/hardware.o ./SDK/startup/main.o ./SDK/startup/semihost_hardfault.o ./SDK/startup/startup_mk64f12.o  ./SDK/CMSIS/system_MK64F12.o   
Memory region         Used Size  Region Size  %age Used
   PROGRAM_FLASH:        9712 B         1 MB      0.93%
      SRAM_UPPER:        9528 B       192 KB      4.85%
      SRAM_LOWER:          0 GB        64 KB      0.00%
        FLEX_RAM:          0 GB         4 KB      0.00%
Finished building target: Blink.axf
 
make --no-print-directory post-build
Performing post-build steps
arm-none-eabi-size "Blink.axf"; # arm-none-eabi-objcopy -v -O binary "Blink.axf" "Blink.bin" ; # checksum -p MK64FN1M0xxx12 -d "Blink.bin";
   text	   data	    bss	    dec	    hex	filename
   9536	    176	   9352	  19064	   4a78	Blink.axf
 
15:20:29 **** Incremental Build of configuration Debug for project Blink ****
make -r -j3 all 
make: Nothing to be done for `all'.
15:21:33 **** Incremental Build of configuration Debug for project Blink ****
make -r -j3 all 
make: Nothing to be done for `all'.
15:25:49 **** Incremental Build of configuration Debug for project Blink ****
make -r -j3 all 
make: Nothing to be done for `all'.
15:33:14 **** Incremental Build of configuration Debug for project Blink ****
make -r -j3 all 
Building file: ../source/demodulatorFSK.c
Invoking: MCU C Compiler
arm-none-eabi-gcc -DCPU_MK64FN1M0VLL12 -D__USE_CMSIS -DDEBUG -I../source -I../ -I../SDK/CMSIS -I../SDK/startup -O0 -fno-common -g3 -Wall -c -ffunction-sections -fdata-sections -ffreestanding -fno-builtin -mcpu=cortex-m4 -mfpu=fpv4-sp-d16 -mfloat-abi=hard -mthumb -fstack-usage -MMD -MP -MF"source/demodulatorFSK.d" -MT"source/demodulatorFSK.o" -MT"source/demodulatorFSK.d" -o "source/demodulatorFSK.o" "../source/demodulatorFSK.c"
Finished building: ../source/demodulatorFSK.c
 
Building target: Blink.axf
Invoking: MCU Linker
arm-none-eabi-gcc -nostdlib -Xlinker -Map="Blink.map" -Xlinker --gc-sections -Xlinker -print-memory-usage -Xlinker --sort-section=alignment -mcpu=cortex-m4 -mfpu=fpv4-sp-d16 -mfloat-abi=hard -mthumb -T "Blink_Debug.ld" -o "Blink.axf"  ./source/ADC.o ./source/App.o ./source/DAC.o ./source/Modulador.o ./source/PIT.o ./source/SysTick.o ./source/demodulatorFSK.o ./source/gpio.o ./source/timer.o  ./SDK/startup/hardware.o ./SDK/startup/main.o ./SDK/startup/semihost_hardfault.o ./SDK/startup/startup_mk64f12.o  ./SDK/CMSIS/system_MK64F12.o   
Memory region         Used Size  Region Size  %age Used
   PROGRAM_FLASH:        9712 B         1 MB      0.93%
      SRAM_UPPER:        9528 B       192 KB      4.85%
      SRAM_LOWER:          0 GB        64 KB      0.00%
        FLEX_RAM:          0 GB         4 KB      0.00%
Finished building target: Blink.axf
 
make --no-print-directory post-build
Performing post-build steps
arm-none-eabi-size "Blink.axf"; # arm-none-eabi-objcopy -v -O binary "Blink.axf" "Blink.bin" ; # checksum -p MK64FN1M0xxx12 -d "Blink.bin";
   text	   data	    bss	    dec	    hex	filename
   9536	    176	   9352	  19064	   4a78	Blink.axf
 
15:34:58 **** Incremental Build of configuration Debug for project Blink ****
make -r -j3 all 
Building file: ../source/demodulatorFSK.c
Invoking: MCU C Compiler
arm-none-eabi-gcc -DCPU_MK64FN1M0VLL12 -D__USE_CMSIS -DDEBUG -I../source -I../ -I../SDK/CMSIS -I../SDK/startup -O0 -fno-common -g3 -Wall -c -ffunction-sections -fdata-sections -ffreestanding -fno-builtin -mcpu=cortex-m4 -mfpu=fpv4-sp-d16 -mfloat-abi=hard -mthumb -fstack-usage -MMD -MP -MF"source/demodulatorFSK.d" -MT"source/demodulatorFSK.o" -MT"source/demodulatorFSK.d" -o "source/demodulatorFSK.o" "../source/demodulatorFSK.c"
Finished building: ../source/demodulatorFSK.c
 
Building target: Blink.axf
Invoking: MCU Linker
arm-none-eabi-gcc -nostdlib -Xlinker -Map="Blink.map" -Xlinker --gc-sections -Xlinker -print-memory-usage -Xlinker --sort-section=alignment -mcpu=cortex-m4 -mfpu=fpv4-sp-d16 -mfloat-abi=hard -mthumb -T "Blink_Debug.ld" -o "Blink.axf"  ./source/ADC.o ./source/App.o ./source/DAC.o ./source/Modulador.o ./source/PIT.o ./source/SysTick.o ./source/demodulatorFSK.o ./source/gpio.o ./source/timer.o  ./SDK/startup/hardware.o ./SDK/startup/main.o ./SDK/startup/semihost_hardfault.o ./SDK/startup/startup_mk64f12.o  ./SDK/CMSIS/system_MK64F12.o   
Memory region         Used Size  Region Size  %age Used
   PROGRAM_FLASH:        9712 B         1 MB      0.93%
      SRAM_UPPER:        9528 B       192 KB      4.85%
      SRAM_LOWER:          0 GB        64 KB      0.00%
        FLEX_RAM:          0 GB         4 KB      0.00%
Finished building target: Blink.axf
 
make --no-print-directory post-build
Performing post-build steps
arm-none-eabi-size "Blink.axf"; # arm-none-eabi-objcopy -v -O binary "Blink.axf" "Blink.bin" ; # checksum -p MK64FN1M0xxx12 -d "Blink.bin";
   text	   data	    bss	    dec	    hex	filename
   9536	    176	   9352	  19064	   4a78	Blink.axf
 
15:35:22 **** Incremental Build of configuration Debug for project Blink ****
make -r -j3 all 
make: Nothing to be done for `all'.
15:36:06 **** Incremental Build of configuration Debug for project Blink ****
make -r -j3 all 
make: Nothing to be done for `all'.
15:37:45 **** Incremental Build of configuration Debug for project Blink ****
make -r -j3 all 
Building file: ../source/demodulatorFSK.c
Invoking: MCU C Compiler
arm-none-eabi-gcc -DCPU_MK64FN1M0VLL12 -D__USE_CMSIS -DDEBUG -I../source -I../ -I../SDK/CMSIS -I../SDK/startup -O0 -fno-common -g3 -Wall -c -ffunction-sections -fdata-sections -ffreestanding -fno-builtin -mcpu=cortex-m4 -mfpu=fpv4-sp-d16 -mfloat-abi=hard -mthumb -fstack-usage -MMD -MP -MF"source/demodulatorFSK.d" -MT"source/demodulatorFSK.o" -MT"source/demodulatorFSK.d" -o "source/demodulatorFSK.o" "../source/demodulatorFSK.c"
Finished building: ../source/demodulatorFSK.c
 
Building target: Blink.axf
Invoking: MCU Linker
arm-none-eabi-gcc -nostdlib -Xlinker -Map="Blink.map" -Xlinker --gc-sections -Xlinker -print-memory-usage -Xlinker --sort-section=alignment -mcpu=cortex-m4 -mfpu=fpv4-sp-d16 -mfloat-abi=hard -mthumb -T "Blink_Debug.ld" -o "Blink.axf"  ./source/ADC.o ./source/App.o ./source/DAC.o ./source/Modulador.o ./source/PIT.o ./source/SysTick.o ./source/demodulatorFSK.o ./source/gpio.o ./source/timer.o  ./SDK/startup/hardware.o ./SDK/startup/main.o ./SDK/startup/semihost_hardfault.o ./SDK/startup/startup_mk64f12.o  ./SDK/CMSIS/system_MK64F12.o   
Memory region         Used Size  Region Size  %age Used
   PROGRAM_FLASH:        9712 B         1 MB      0.93%
      SRAM_UPPER:        9528 B       192 KB      4.85%
      SRAM_LOWER:          0 GB        64 KB      0.00%
        FLEX_RAM:          0 GB         4 KB      0.00%
Finished building target: Blink.axf
 
make --no-print-directory post-build
Performing post-build steps
arm-none-eabi-size "Blink.axf"; # arm-none-eabi-objcopy -v -O binary "Blink.axf" "Blink.bin" ; # checksum -p MK64FN1M0xxx12 -d "Blink.bin";
   text	   data	    bss	    dec	    hex	filename
   9536	    176	   9352	  19064	   4a78	Blink.axf
 
15:40:41 **** Incremental Build of configuration Debug for project Blink ****
make -r -j3 all 
make: Nothing to be done for `all'.
15:46:01 **** Incremental Build of configuration Debug for project Blink ****
make -r -j3 all 
Building file: ../source/App.c
Building file: ../source/demodulatorFSK.c
Invoking: MCU C Compiler
Invoking: MCU C Compiler
arm-none-eabi-gcc -DCPU_MK64FN1M0VLL12 -D__USE_CMSIS -DDEBUG -I../source -I../ -I../SDK/CMSIS -I../SDK/startup -O0 -fno-common -g3 -Wall -c -ffunction-sections -fdata-sections -ffreestanding -fno-builtin -mcpu=cortex-m4 -mfpu=fpv4-sp-d16 -mfloat-abi=hard -mthumb -fstack-usage -MMD -MP -MF"source/demodulatorFSK.d" -MT"source/demodulatorFSK.o" -MT"source/demodulatorFSK.d" -o "source/demodulatorFSK.o" "../source/demodulatorFSK.c"
arm-none-eabi-gcc -DCPU_MK64FN1M0VLL12 -D__USE_CMSIS -DDEBUG -I../source -I../ -I../SDK/CMSIS -I../SDK/startup -O0 -fno-common -g3 -Wall -c -ffunction-sections -fdata-sections -ffreestanding -fno-builtin -mcpu=cortex-m4 -mfpu=fpv4-sp-d16 -mfloat-abi=hard -mthumb -fstack-usage -MMD -MP -MF"source/App.d" -MT"source/App.o" -MT"source/App.d" -o "source/App.o" "../source/App.c"
Finished building: ../source/demodulatorFSK.c
 
../source/App.c: In function 'demodulador':
../source/App.c:82:6: warning: unused variable 'a' [-Wunused-variable]
  int a = 0;
      ^
../source/App.c:81:7: warning: unused variable 'b' [-Wunused-variable]
  char b = get_Msg();
       ^
Finished building: ../source/App.c
 
Building target: Blink.axf
Invoking: MCU Linker
arm-none-eabi-gcc -nostdlib -Xlinker -Map="Blink.map" -Xlinker --gc-sections -Xlinker -print-memory-usage -Xlinker --sort-section=alignment -mcpu=cortex-m4 -mfpu=fpv4-sp-d16 -mfloat-abi=hard -mthumb -T "Blink_Debug.ld" -o "Blink.axf"  ./source/ADC.o ./source/App.o ./source/DAC.o ./source/Modulador.o ./source/PIT.o ./source/SysTick.o ./source/demodulatorFSK.o ./source/gpio.o ./source/timer.o  ./SDK/startup/hardware.o ./SDK/startup/main.o ./SDK/startup/semihost_hardfault.o ./SDK/startup/startup_mk64f12.o  ./SDK/CMSIS/system_MK64F12.o   
Memory region         Used Size  Region Size  %age Used
   PROGRAM_FLASH:        9720 B         1 MB      0.93%
      SRAM_UPPER:        9528 B       192 KB      4.85%
      SRAM_LOWER:          0 GB        64 KB      0.00%
        FLEX_RAM:          0 GB         4 KB      0.00%
Finished building target: Blink.axf
 
make --no-print-directory post-build
Performing post-build steps
arm-none-eabi-size "Blink.axf"; # arm-none-eabi-objcopy -v -O binary "Blink.axf" "Blink.bin" ; # checksum -p MK64FN1M0xxx12 -d "Blink.bin";
   text	   data	    bss	    dec	    hex	filename
   9544	    176	   9352	  19072	   4a80	Blink.axf
 
15:46:52 **** Incremental Build of configuration Debug for project Blink ****
make -r -j3 all 
Building file: ../source/App.c
Invoking: MCU C Compiler
arm-none-eabi-gcc -DCPU_MK64FN1M0VLL12 -D__USE_CMSIS -DDEBUG -I../source -I../ -I../SDK/CMSIS -I../SDK/startup -O0 -fno-common -g3 -Wall -c -ffunction-sections -fdata-sections -ffreestanding -fno-builtin -mcpu=cortex-m4 -mfpu=fpv4-sp-d16 -mfloat-abi=hard -mthumb -fstack-usage -MMD -MP -MF"source/App.d" -MT"source/App.o" -MT"source/App.d" -o "source/App.o" "../source/App.c"
../source/App.c: In function 'demodulador':
../source/App.c:82:6: warning: unused variable 'a' [-Wunused-variable]
  int a = 0;
      ^
../source/App.c:81:7: warning: unused variable 'b' [-Wunused-variable]
  char b = get_Msg();
       ^
Finished building: ../source/App.c
 
Building target: Blink.axf
Invoking: MCU Linker
arm-none-eabi-gcc -nostdlib -Xlinker -Map="Blink.map" -Xlinker --gc-sections -Xlinker -print-memory-usage -Xlinker --sort-section=alignment -mcpu=cortex-m4 -mfpu=fpv4-sp-d16 -mfloat-abi=hard -mthumb -T "Blink_Debug.ld" -o "Blink.axf"  ./source/ADC.o ./source/App.o ./source/DAC.o ./source/Modulador.o ./source/PIT.o ./source/SysTick.o ./source/demodulatorFSK.o ./source/gpio.o ./source/timer.o  ./SDK/startup/hardware.o ./SDK/startup/main.o ./SDK/startup/semihost_hardfault.o ./SDK/startup/startup_mk64f12.o  ./SDK/CMSIS/system_MK64F12.o   
Memory region         Used Size  Region Size  %age Used
   PROGRAM_FLASH:        9720 B         1 MB      0.93%
      SRAM_UPPER:        9528 B       192 KB      4.85%
      SRAM_LOWER:          0 GB        64 KB      0.00%
        FLEX_RAM:          0 GB         4 KB      0.00%
Finished building target: Blink.axf
 
make --no-print-directory post-build
Performing post-build steps
arm-none-eabi-size "Blink.axf"; # arm-none-eabi-objcopy -v -O binary "Blink.axf" "Blink.bin" ; # checksum -p MK64FN1M0xxx12 -d "Blink.bin";
   text	   data	    bss	    dec	    hex	filename
   9544	    176	   9352	  19072	   4a80	Blink.axf
 
