19:16:20 **** Incremental Build of configuration Debug for project Blink ****
make -r -j3 all 
Building file: ../source/Sensores.c
Invoking: MCU C Compiler
arm-none-eabi-gcc -DCPU_MK64FN1M0VLL12 -D__USE_CMSIS -DDEBUG -I../source -I../ -I../SDK/CMSIS -I../SDK/startup -O0 -fno-common -g3 -Wall -c -ffunction-sections -fdata-sections -ffreestanding -fno-builtin -mcpu=cortex-m4 -mfpu=fpv4-sp-d16 -mfloat-abi=hard -mthumb -fstack-usage -MMD -MP -MF"source/Sensores.d" -MT"source/Sensores.o" -MT"source/Sensores.d" -o "source/Sensores.o" "../source/Sensores.c"
Finished building: ../source/Sensores.c
 
Building target: Blink.axf
Invoking: MCU Linker
arm-none-eabi-gcc -nostdlib -Xlinker -Map="Blink.map" -Xlinker --gc-sections -Xlinker -print-memory-usage -Xlinker --sort-section=alignment -mcpu=cortex-m4 -mfpu=fpv4-sp-d16 -mfloat-abi=hard -mthumb -T "Blink_Debug.ld" -o "Blink.axf"  ./source/App.o ./source/Posicionamiento.o ./source/Sensores.o ./source/SysTick.o ./source/gpio.o ./source/i2c.o ./source/timer.o  ./SDK/startup/hardware.o ./SDK/startup/main.o ./SDK/startup/semihost_hardfault.o ./SDK/startup/startup_mk64f12.o  ./SDK/CMSIS/system_MK64F12.o   
Memory region         Used Size  Region Size  %age Used
   PROGRAM_FLASH:       12752 B         1 MB      1.22%
      SRAM_UPPER:        9312 B       192 KB      4.74%
      SRAM_LOWER:          0 GB        64 KB      0.00%
        FLEX_RAM:          0 GB         4 KB      0.00%
Finished building target: Blink.axf
 
make --no-print-directory post-build
Performing post-build steps
arm-none-eabi-size "Blink.axf"; # arm-none-eabi-objcopy -v -O binary "Blink.axf" "Blink.bin" ; # checksum -p MK64FN1M0xxx12 -d "Blink.bin";
   text	   data	    bss	    dec	    hex	filename
  12640	    112	   9200	  21952	   55c0	Blink.axf
 

19:16:21 Build Finished. 0 errors, 0 warnings. (took 958ms)

