17:29:58 **** Clean-only build of configuration Debug for project Blink ****
make -r -j3 clean 
rm -rf  ./source/App.o ./source/Posicionamiento.o ./source/Sensores.o ./source/SysTick.o ./source/gpio.o ./source/i2c.o ./source/timer.o  ./SDK/startup/hardware.o ./SDK/startup/main.o ./SDK/startup/semihost_hardfault.o ./SDK/startup/startup_mk64f12.o  ./SDK/CMSIS/system_MK64F12.o  ./source/App.d ./source/Posicionamiento.d ./source/Sensores.d ./source/SysTick.d ./source/gpio.d ./source/i2c.d ./source/timer.d  ./SDK/startup/hardware.d ./SDK/startup/main.d ./SDK/startup/semihost_hardfault.d ./SDK/startup/startup_mk64f12.d  ./SDK/CMSIS/system_MK64F12.d  Blink.axf
 
17:30:23 **** Build of configuration Debug for project Blink ****
make -r -j3 all 
Building file: ../source/App.c
Invoking: MCU C Compiler
Building file: ../source/Sensores.c
Building file: ../source/Posicionamiento.c
arm-none-eabi-gcc -DCPU_MK64FN1M0VLL12 -D__USE_CMSIS -DDEBUG -I../source -I../ -I../SDK/CMSIS -I../SDK/startup -O0 -fno-common -g3 -Wall -c -ffunction-sections -fdata-sections -ffreestanding -fno-builtin -mcpu=cortex-m4 -mfpu=fpv4-sp-d16 -mfloat-abi=hard -mthumb -fstack-usage -MMD -MP -MF"source/App.d" -MT"source/App.o" -MT"source/App.d" -o "source/App.o" "../source/App.c"
Invoking: MCU C Compiler
arm-none-eabi-gcc -DCPU_MK64FN1M0VLL12 -D__USE_CMSIS -DDEBUG -I../source -I../ -I../SDK/CMSIS -I../SDK/startup -O0 -fno-common -g3 -Wall -c -ffunction-sections -fdata-sections -ffreestanding -fno-builtin -mcpu=cortex-m4 -mfpu=fpv4-sp-d16 -mfloat-abi=hard -mthumb -fstack-usage -MMD -MP -MF"source/Sensores.d" -MT"source/Sensores.o" -MT"source/Sensores.d" -o "source/Sensores.o" "../source/Sensores.c"
Invoking: MCU C Compiler
arm-none-eabi-gcc -DCPU_MK64FN1M0VLL12 -D__USE_CMSIS -DDEBUG -I../source -I../ -I../SDK/CMSIS -I../SDK/startup -O0 -fno-common -g3 -Wall -c -ffunction-sections -fdata-sections -ffreestanding -fno-builtin -mcpu=cortex-m4 -mfpu=fpv4-sp-d16 -mfloat-abi=hard -mthumb -fstack-usage -MMD -MP -MF"source/Posicionamiento.d" -MT"source/Posicionamiento.o" -MT"source/Posicionamiento.d" -o "source/Posicionamiento.o" "../source/Posicionamiento.c"
Finished building: ../source/App.c
 
Building file: ../source/SysTick.c
Invoking: MCU C Compiler
arm-none-eabi-gcc -DCPU_MK64FN1M0VLL12 -D__USE_CMSIS -DDEBUG -I../source -I../ -I../SDK/CMSIS -I../SDK/startup -O0 -fno-common -g3 -Wall -c -ffunction-sections -fdata-sections -ffreestanding -fno-builtin -mcpu=cortex-m4 -mfpu=fpv4-sp-d16 -mfloat-abi=hard -mthumb -fstack-usage -MMD -MP -MF"source/SysTick.d" -MT"source/SysTick.o" -MT"source/SysTick.d" -o "source/SysTick.o" "../source/SysTick.c"
../source/Posicionamiento.c: In function 'Position_CalculateOrientation':
../source/Posicionamiento.c:239:6: warning: unused variable 'tita' [-Wunused-variable]
  int tita;
      ^~~~
../source/Posicionamiento.c:238:10: warning: unused variable 'clock_type' [-Wunused-variable]
  uint8_t clock_type;
          ^~~~~~~~~~
../source/Posicionamiento.c: In function 'Position_GetChangeEvent':
../source/Posicionamiento.c:125:1: warning: control reaches end of non-void function [-Wreturn-type]
 }
 ^
Finished building: ../source/Sensores.c
 
Building file: ../source/gpio.c
Invoking: MCU C Compiler
arm-none-eabi-gcc -DCPU_MK64FN1M0VLL12 -D__USE_CMSIS -DDEBUG -I../source -I../ -I../SDK/CMSIS -I../SDK/startup -O0 -fno-common -g3 -Wall -c -ffunction-sections -fdata-sections -ffreestanding -fno-builtin -mcpu=cortex-m4 -mfpu=fpv4-sp-d16 -mfloat-abi=hard -mthumb -fstack-usage -MMD -MP -MF"source/gpio.d" -MT"source/gpio.o" -MT"source/gpio.d" -o "source/gpio.o" "../source/gpio.c"
Finished building: ../source/SysTick.c
 
Building file: ../source/i2c.c
Invoking: MCU C Compiler
arm-none-eabi-gcc -DCPU_MK64FN1M0VLL12 -D__USE_CMSIS -DDEBUG -I../source -I../ -I../SDK/CMSIS -I../SDK/startup -O0 -fno-common -g3 -Wall -c -ffunction-sections -fdata-sections -ffreestanding -fno-builtin -mcpu=cortex-m4 -mfpu=fpv4-sp-d16 -mfloat-abi=hard -mthumb -fstack-usage -MMD -MP -MF"source/i2c.d" -MT"source/i2c.o" -MT"source/i2c.d" -o "source/i2c.o" "../source/i2c.c"
Finished building: ../source/Posicionamiento.c
 
Building file: ../source/timer.c
Invoking: MCU C Compiler
arm-none-eabi-gcc -DCPU_MK64FN1M0VLL12 -D__USE_CMSIS -DDEBUG -I../source -I../ -I../SDK/CMSIS -I../SDK/startup -O0 -fno-common -g3 -Wall -c -ffunction-sections -fdata-sections -ffreestanding -fno-builtin -mcpu=cortex-m4 -mfpu=fpv4-sp-d16 -mfloat-abi=hard -mthumb -fstack-usage -MMD -MP -MF"source/timer.d" -MT"source/timer.o" -MT"source/timer.d" -o "source/timer.o" "../source/timer.c"
../source/i2c.c: In function 'I2C0_IRQHandler':
../source/i2c.c:61:10: warning: variable 'dummy_data' set but not used [-Wunused-but-set-variable]
  uint8_t dummy_data;
          ^~~~~~~~~~
../source/i2c.c: In function 'i2cReadMsgBlocking':
../source/i2c.c:512:14: warning: unused variable 'dummy_data' [-Wunused-variable]
      uint8_t dummy_data = I2C_READ_BYTE;
              ^~~~~~~~~~
Finished building: ../source/gpio.c
 
Building file: ../SDK/startup/hardware.c
Invoking: MCU C Compiler
arm-none-eabi-gcc -DCPU_MK64FN1M0VLL12 -D__USE_CMSIS -DDEBUG -I../source -I../ -I../SDK/CMSIS -I../SDK/startup -O0 -fno-common -g3 -Wall -c -ffunction-sections -fdata-sections -ffreestanding -fno-builtin -mcpu=cortex-m4 -mfpu=fpv4-sp-d16 -mfloat-abi=hard -mthumb -fstack-usage -MMD -MP -MF"SDK/startup/hardware.d" -MT"SDK/startup/hardware.o" -MT"SDK/startup/hardware.d" -o "SDK/startup/hardware.o" "../SDK/startup/hardware.c"
Finished building: ../source/i2c.c
 
Finished building: ../source/timer.c
Building file: ../SDK/startup/main.c
 
Invoking: MCU C Compiler
arm-none-eabi-gcc -DCPU_MK64FN1M0VLL12 -D__USE_CMSIS -DDEBUG -I../source -I../ -I../SDK/CMSIS -I../SDK/startup -O0 -fno-common -g3 -Wall -c -ffunction-sections -fdata-sections -ffreestanding -fno-builtin -mcpu=cortex-m4 -mfpu=fpv4-sp-d16 -mfloat-abi=hard -mthumb -fstack-usage -MMD -MP -MF"SDK/startup/main.d" -MT"SDK/startup/main.o" -MT"SDK/startup/main.d" -o "SDK/startup/main.o" "../SDK/startup/main.c"
Building file: ../SDK/startup/semihost_hardfault.c
Invoking: MCU C Compiler
arm-none-eabi-gcc -DCPU_MK64FN1M0VLL12 -D__USE_CMSIS -DDEBUG -I../source -I../ -I../SDK/CMSIS -I../SDK/startup -O0 -fno-common -g3 -Wall -c -ffunction-sections -fdata-sections -ffreestanding -fno-builtin -mcpu=cortex-m4 -mfpu=fpv4-sp-d16 -mfloat-abi=hard -mthumb -fstack-usage -MMD -MP -MF"SDK/startup/semihost_hardfault.d" -MT"SDK/startup/semihost_hardfault.o" -MT"SDK/startup/semihost_hardfault.d" -o "SDK/startup/semihost_hardfault.o" "../SDK/startup/semihost_hardfault.c"
Finished building: ../SDK/startup/semihost_hardfault.c
 
Building file: ../SDK/startup/startup_mk64f12.c
Invoking: MCU C Compiler
arm-none-eabi-gcc -DCPU_MK64FN1M0VLL12 -D__USE_CMSIS -DDEBUG -I../source -I../ -I../SDK/CMSIS -I../SDK/startup -O0 -fno-common -g3 -Wall -c -ffunction-sections -fdata-sections -ffreestanding -fno-builtin -mcpu=cortex-m4 -mfpu=fpv4-sp-d16 -mfloat-abi=hard -mthumb -fstack-usage -MMD -MP -MF"SDK/startup/startup_mk64f12.d" -MT"SDK/startup/startup_mk64f12.o" -MT"SDK/startup/startup_mk64f12.d" -o "SDK/startup/startup_mk64f12.o" "../SDK/startup/startup_mk64f12.c"
Finished building: ../SDK/startup/hardware.c
 
Building file: ../SDK/CMSIS/system_MK64F12.c
Invoking: MCU C Compiler
arm-none-eabi-gcc -DCPU_MK64FN1M0VLL12 -D__USE_CMSIS -DDEBUG -I../source -I../ -I../SDK/CMSIS -I../SDK/startup -O0 -fno-common -g3 -Wall -c -ffunction-sections -fdata-sections -ffreestanding -fno-builtin -mcpu=cortex-m4 -mfpu=fpv4-sp-d16 -mfloat-abi=hard -mthumb -fstack-usage -MMD -MP -MF"SDK/CMSIS/system_MK64F12.d" -MT"SDK/CMSIS/system_MK64F12.o" -MT"SDK/CMSIS/system_MK64F12.d" -o "SDK/CMSIS/system_MK64F12.o" "../SDK/CMSIS/system_MK64F12.c"
Finished building: ../SDK/startup/main.c
 
Finished building: ../SDK/startup/startup_mk64f12.c
 
Finished building: ../SDK/CMSIS/system_MK64F12.c
 
Building target: Blink.axf
Invoking: MCU Linker
arm-none-eabi-gcc -nostdlib -Xlinker -Map="Blink.map" -Xlinker --gc-sections -Xlinker -print-memory-usage -Xlinker --sort-section=alignment -mcpu=cortex-m4 -mfpu=fpv4-sp-d16 -mfloat-abi=hard -mthumb -T "Blink_Debug.ld" -o "Blink.axf"  ./source/App.o ./source/Posicionamiento.o ./source/Sensores.o ./source/SysTick.o ./source/gpio.o ./source/i2c.o ./source/timer.o  ./SDK/startup/hardware.o ./SDK/startup/main.o ./SDK/startup/semihost_hardfault.o ./SDK/startup/startup_mk64f12.o  ./SDK/CMSIS/system_MK64F12.o   
Memory region         Used Size  Region Size  %age Used
   PROGRAM_FLASH:       10800 B         1 MB      1.03%
      SRAM_UPPER:        9264 B       192 KB      4.71%
      SRAM_LOWER:          0 GB        64 KB      0.00%
        FLEX_RAM:          0 GB         4 KB      0.00%
Finished building target: Blink.axf
 
make --no-print-directory post-build
Performing post-build steps
arm-none-eabi-size "Blink.axf"; # arm-none-eabi-objcopy -v -O binary "Blink.axf" "Blink.bin" ; # checksum -p MK64FN1M0xxx12 -d "Blink.bin";
   text	   data	    bss	    dec	    hex	filename
  10728	     72	   9192	  19992	   4e18	Blink.axf
 
17:31:33 **** Incremental Build of configuration Debug for project Blink ****
make -r -j3 all 
Building file: ../source/Posicionamiento.c
Invoking: MCU C Compiler
arm-none-eabi-gcc -DCPU_MK64FN1M0VLL12 -D__USE_CMSIS -DDEBUG -I../source -I../ -I../SDK/CMSIS -I../SDK/startup -O0 -fno-common -g3 -Wall -c -ffunction-sections -fdata-sections -ffreestanding -fno-builtin -mcpu=cortex-m4 -mfpu=fpv4-sp-d16 -mfloat-abi=hard -mthumb -fstack-usage -MMD -MP -MF"source/Posicionamiento.d" -MT"source/Posicionamiento.o" -MT"source/Posicionamiento.d" -o "source/Posicionamiento.o" "../source/Posicionamiento.c"
../source/Posicionamiento.c: In function 'Position_InitDrv':
../source/Posicionamiento.c:64:7: warning: unused variable 'a' [-Wunused-variable]
   int a ;
       ^
../source/Posicionamiento.c: In function 'Position_CalculateOrientation':
../source/Posicionamiento.c:239:6: warning: unused variable 'tita' [-Wunused-variable]
  int tita;
      ^~~~
../source/Posicionamiento.c:238:10: warning: unused variable 'clock_type' [-Wunused-variable]
  uint8_t clock_type;
          ^~~~~~~~~~
../source/Posicionamiento.c: In function 'Position_GetChangeEvent':
../source/Posicionamiento.c:125:1: warning: control reaches end of non-void function [-Wreturn-type]
 }
 ^
Finished building: ../source/Posicionamiento.c
 
Building target: Blink.axf
Invoking: MCU Linker
arm-none-eabi-gcc -nostdlib -Xlinker -Map="Blink.map" -Xlinker --gc-sections -Xlinker -print-memory-usage -Xlinker --sort-section=alignment -mcpu=cortex-m4 -mfpu=fpv4-sp-d16 -mfloat-abi=hard -mthumb -T "Blink_Debug.ld" -o "Blink.axf"  ./source/App.o ./source/Posicionamiento.o ./source/Sensores.o ./source/SysTick.o ./source/gpio.o ./source/i2c.o ./source/timer.o  ./SDK/startup/hardware.o ./SDK/startup/main.o ./SDK/startup/semihost_hardfault.o ./SDK/startup/startup_mk64f12.o  ./SDK/CMSIS/system_MK64F12.o   
Memory region         Used Size  Region Size  %age Used
   PROGRAM_FLASH:       10800 B         1 MB      1.03%
      SRAM_UPPER:        9264 B       192 KB      4.71%
      SRAM_LOWER:          0 GB        64 KB      0.00%
        FLEX_RAM:          0 GB         4 KB      0.00%
Finished building target: Blink.axf
 
make --no-print-directory post-build
Performing post-build steps
arm-none-eabi-size "Blink.axf"; # arm-none-eabi-objcopy -v -O binary "Blink.axf" "Blink.bin" ; # checksum -p MK64FN1M0xxx12 -d "Blink.bin";
   text	   data	    bss	    dec	    hex	filename
  10728	     72	   9192	  19992	   4e18	Blink.axf
 
17:37:18 **** Incremental Build of configuration Debug for project Blink ****
make -r -j3 all 
Building file: ../source/Posicionamiento.c
Invoking: MCU C Compiler
arm-none-eabi-gcc -DCPU_MK64FN1M0VLL12 -D__USE_CMSIS -DDEBUG -I../source -I../ -I../SDK/CMSIS -I../SDK/startup -O0 -fno-common -g3 -Wall -c -ffunction-sections -fdata-sections -ffreestanding -fno-builtin -mcpu=cortex-m4 -mfpu=fpv4-sp-d16 -mfloat-abi=hard -mthumb -fstack-usage -MMD -MP -MF"source/Posicionamiento.d" -MT"source/Posicionamiento.o" -MT"source/Posicionamiento.d" -o "source/Posicionamiento.o" "../source/Posicionamiento.c"
../source/Posicionamiento.c: In function 'Position_CalculateOrientation':
../source/Posicionamiento.c:235:6: warning: unused variable 'tita' [-Wunused-variable]
  int tita;
      ^~~~
../source/Posicionamiento.c:234:10: warning: variable 'clock_type' set but not used [-Wunused-but-set-variable]
  uint8_t clock_type;
          ^~~~~~~~~~
../source/Posicionamiento.c: In function 'Position_GetChangeEvent':
../source/Posicionamiento.c:121:1: warning: control reaches end of non-void function [-Wreturn-type]
 }
 ^
Finished building: ../source/Posicionamiento.c
 
Building target: Blink.axf
Invoking: MCU Linker
arm-none-eabi-gcc -nostdlib -Xlinker -Map="Blink.map" -Xlinker --gc-sections -Xlinker -print-memory-usage -Xlinker --sort-section=alignment -mcpu=cortex-m4 -mfpu=fpv4-sp-d16 -mfloat-abi=hard -mthumb -T "Blink_Debug.ld" -o "Blink.axf"  ./source/App.o ./source/Posicionamiento.o ./source/Sensores.o ./source/SysTick.o ./source/gpio.o ./source/i2c.o ./source/timer.o  ./SDK/startup/hardware.o ./SDK/startup/main.o ./SDK/startup/semihost_hardfault.o ./SDK/startup/startup_mk64f12.o  ./SDK/CMSIS/system_MK64F12.o   
Memory region         Used Size  Region Size  %age Used
   PROGRAM_FLASH:       10840 B         1 MB      1.03%
      SRAM_UPPER:        9264 B       192 KB      4.71%
      SRAM_LOWER:          0 GB        64 KB      0.00%
        FLEX_RAM:          0 GB         4 KB      0.00%
Finished building target: Blink.axf
 
make --no-print-directory post-build
Performing post-build steps
arm-none-eabi-size "Blink.axf"; # arm-none-eabi-objcopy -v -O binary "Blink.axf" "Blink.bin" ; # checksum -p MK64FN1M0xxx12 -d "Blink.bin";
   text	   data	    bss	    dec	    hex	filename
  10768	     72	   9192	  20032	   4e40	Blink.axf
 
17:49:56 **** Incremental Build of configuration Debug for project Blink ****
make -r -j3 all 
Building file: ../source/Posicionamiento.c
Invoking: MCU C Compiler
arm-none-eabi-gcc -DCPU_MK64FN1M0VLL12 -D__USE_CMSIS -DDEBUG -I../source -I../ -I../SDK/CMSIS -I../SDK/startup -O0 -fno-common -g3 -Wall -c -ffunction-sections -fdata-sections -ffreestanding -fno-builtin -mcpu=cortex-m4 -mfpu=fpv4-sp-d16 -mfloat-abi=hard -mthumb -fstack-usage -MMD -MP -MF"source/Posicionamiento.d" -MT"source/Posicionamiento.o" -MT"source/Posicionamiento.d" -o "source/Posicionamiento.o" "../source/Posicionamiento.c"
../source/Posicionamiento.c: In function 'Position_GetChangeEvent':
../source/Posicionamiento.c:121:1: warning: control reaches end of non-void function [-Wreturn-type]
 }
 ^
Finished building: ../source/Posicionamiento.c
 
Building target: Blink.axf
Invoking: MCU Linker
arm-none-eabi-gcc -nostdlib -Xlinker -Map="Blink.map" -Xlinker --gc-sections -Xlinker -print-memory-usage -Xlinker --sort-section=alignment -mcpu=cortex-m4 -mfpu=fpv4-sp-d16 -mfloat-abi=hard -mthumb -T "Blink_Debug.ld" -o "Blink.axf"  ./source/App.o ./source/Posicionamiento.o ./source/Sensores.o ./source/SysTick.o ./source/gpio.o ./source/i2c.o ./source/timer.o  ./SDK/startup/hardware.o ./SDK/startup/main.o ./SDK/startup/semihost_hardfault.o ./SDK/startup/startup_mk64f12.o  ./SDK/CMSIS/system_MK64F12.o   
Memory region         Used Size  Region Size  %age Used
   PROGRAM_FLASH:       10704 B         1 MB      1.02%
      SRAM_UPPER:        9264 B       192 KB      4.71%
      SRAM_LOWER:          0 GB        64 KB      0.00%
        FLEX_RAM:          0 GB         4 KB      0.00%
Finished building target: Blink.axf
 
make --no-print-directory post-build
Performing post-build steps
arm-none-eabi-size "Blink.axf"; # arm-none-eabi-objcopy -v -O binary "Blink.axf" "Blink.bin" ; # checksum -p MK64FN1M0xxx12 -d "Blink.bin";
   text	   data	    bss	    dec	    hex	filename
  10632	     72	   9192	  19896	   4db8	Blink.axf
 
17:52:13 **** Incremental Build of configuration Debug for project Blink ****
make -r -j3 all 
Building file: ../source/Posicionamiento.c
Invoking: MCU C Compiler
arm-none-eabi-gcc -DCPU_MK64FN1M0VLL12 -D__USE_CMSIS -DDEBUG -I../source -I../ -I../SDK/CMSIS -I../SDK/startup -O0 -fno-common -g3 -Wall -c -ffunction-sections -fdata-sections -ffreestanding -fno-builtin -mcpu=cortex-m4 -mfpu=fpv4-sp-d16 -mfloat-abi=hard -mthumb -fstack-usage -MMD -MP -MF"source/Posicionamiento.d" -MT"source/Posicionamiento.o" -MT"source/Posicionamiento.d" -o "source/Posicionamiento.o" "../source/Posicionamiento.c"
../source/Posicionamiento.c: In function 'Position_GetChangeEvent':
../source/Posicionamiento.c:121:1: warning: control reaches end of non-void function [-Wreturn-type]
 }
 ^
Finished building: ../source/Posicionamiento.c
 
Building target: Blink.axf
Invoking: MCU Linker
arm-none-eabi-gcc -nostdlib -Xlinker -Map="Blink.map" -Xlinker --gc-sections -Xlinker -print-memory-usage -Xlinker --sort-section=alignment -mcpu=cortex-m4 -mfpu=fpv4-sp-d16 -mfloat-abi=hard -mthumb -T "Blink_Debug.ld" -o "Blink.axf"  ./source/App.o ./source/Posicionamiento.o ./source/Sensores.o ./source/SysTick.o ./source/gpio.o ./source/i2c.o ./source/timer.o  ./SDK/startup/hardware.o ./SDK/startup/main.o ./SDK/startup/semihost_hardfault.o ./SDK/startup/startup_mk64f12.o  ./SDK/CMSIS/system_MK64F12.o   
Memory region         Used Size  Region Size  %age Used
   PROGRAM_FLASH:       10704 B         1 MB      1.02%
      SRAM_UPPER:        9264 B       192 KB      4.71%
      SRAM_LOWER:          0 GB        64 KB      0.00%
        FLEX_RAM:          0 GB         4 KB      0.00%
Finished building target: Blink.axf
 
make --no-print-directory post-build
Performing post-build steps
arm-none-eabi-size "Blink.axf"; # arm-none-eabi-objcopy -v -O binary "Blink.axf" "Blink.bin" ; # checksum -p MK64FN1M0xxx12 -d "Blink.bin";
   text	   data	    bss	    dec	    hex	filename
  10632	     72	   9192	  19896	   4db8	Blink.axf
 
18:02:16 **** Incremental Build of configuration Debug for project Blink ****
make -r -j3 all 
make: Nothing to be done for `all'.
18:03:34 **** Incremental Build of configuration Debug for project Blink ****
make -r -j3 all 
Building file: ../source/Posicionamiento.c
Invoking: MCU C Compiler
arm-none-eabi-gcc -DCPU_MK64FN1M0VLL12 -D__USE_CMSIS -DDEBUG -I../source -I../ -I../SDK/CMSIS -I../SDK/startup -O0 -fno-common -g3 -Wall -c -ffunction-sections -fdata-sections -ffreestanding -fno-builtin -mcpu=cortex-m4 -mfpu=fpv4-sp-d16 -mfloat-abi=hard -mthumb -fstack-usage -MMD -MP -MF"source/Posicionamiento.d" -MT"source/Posicionamiento.o" -MT"source/Posicionamiento.d" -o "source/Posicionamiento.o" "../source/Posicionamiento.c"
../source/Posicionamiento.c: In function 'Position_GetChangeEvent':
../source/Posicionamiento.c:121:1: warning: control reaches end of non-void function [-Wreturn-type]
 }
 ^
Finished building: ../source/Posicionamiento.c
 
Building target: Blink.axf
Invoking: MCU Linker
arm-none-eabi-gcc -nostdlib -Xlinker -Map="Blink.map" -Xlinker --gc-sections -Xlinker -print-memory-usage -Xlinker --sort-section=alignment -mcpu=cortex-m4 -mfpu=fpv4-sp-d16 -mfloat-abi=hard -mthumb -T "Blink_Debug.ld" -o "Blink.axf"  ./source/App.o ./source/Posicionamiento.o ./source/Sensores.o ./source/SysTick.o ./source/gpio.o ./source/i2c.o ./source/timer.o  ./SDK/startup/hardware.o ./SDK/startup/main.o ./SDK/startup/semihost_hardfault.o ./SDK/startup/startup_mk64f12.o  ./SDK/CMSIS/system_MK64F12.o   
Memory region         Used Size  Region Size  %age Used
   PROGRAM_FLASH:       10696 B         1 MB      1.02%
      SRAM_UPPER:        9264 B       192 KB      4.71%
      SRAM_LOWER:          0 GB        64 KB      0.00%
        FLEX_RAM:          0 GB         4 KB      0.00%
Finished building target: Blink.axf
 
make --no-print-directory post-build
Performing post-build steps
arm-none-eabi-size "Blink.axf"; # arm-none-eabi-objcopy -v -O binary "Blink.axf" "Blink.bin" ; # checksum -p MK64FN1M0xxx12 -d "Blink.bin";
   text	   data	    bss	    dec	    hex	filename
  10624	     72	   9192	  19888	   4db0	Blink.axf
 
18:06:14 **** Incremental Build of configuration Debug for project Blink ****
make -r -j3 all 
Building file: ../source/Posicionamiento.c
Invoking: MCU C Compiler
arm-none-eabi-gcc -DCPU_MK64FN1M0VLL12 -D__USE_CMSIS -DDEBUG -I../source -I../ -I../SDK/CMSIS -I../SDK/startup -O0 -fno-common -g3 -Wall -c -ffunction-sections -fdata-sections -ffreestanding -fno-builtin -mcpu=cortex-m4 -mfpu=fpv4-sp-d16 -mfloat-abi=hard -mthumb -fstack-usage -MMD -MP -MF"source/Posicionamiento.d" -MT"source/Posicionamiento.o" -MT"source/Posicionamiento.d" -o "source/Posicionamiento.o" "../source/Posicionamiento.c"
../source/Posicionamiento.c: In function 'Position_GetChangeEvent':
../source/Posicionamiento.c:121:1: warning: control reaches end of non-void function [-Wreturn-type]
 }
 ^
Finished building: ../source/Posicionamiento.c
 
Building target: Blink.axf
Invoking: MCU Linker
arm-none-eabi-gcc -nostdlib -Xlinker -Map="Blink.map" -Xlinker --gc-sections -Xlinker -print-memory-usage -Xlinker --sort-section=alignment -mcpu=cortex-m4 -mfpu=fpv4-sp-d16 -mfloat-abi=hard -mthumb -T "Blink_Debug.ld" -o "Blink.axf"  ./source/App.o ./source/Posicionamiento.o ./source/Sensores.o ./source/SysTick.o ./source/gpio.o ./source/i2c.o ./source/timer.o  ./SDK/startup/hardware.o ./SDK/startup/main.o ./SDK/startup/semihost_hardfault.o ./SDK/startup/startup_mk64f12.o  ./SDK/CMSIS/system_MK64F12.o   
Memory region         Used Size  Region Size  %age Used
   PROGRAM_FLASH:       10696 B         1 MB      1.02%
      SRAM_UPPER:        9264 B       192 KB      4.71%
      SRAM_LOWER:          0 GB        64 KB      0.00%
        FLEX_RAM:          0 GB         4 KB      0.00%
Finished building target: Blink.axf
 
make --no-print-directory post-build
Performing post-build steps
arm-none-eabi-size "Blink.axf"; # arm-none-eabi-objcopy -v -O binary "Blink.axf" "Blink.bin" ; # checksum -p MK64FN1M0xxx12 -d "Blink.bin";
   text	   data	    bss	    dec	    hex	filename
  10624	     72	   9192	  19888	   4db0	Blink.axf
 
18:11:07 **** Incremental Build of configuration Debug for project Blink ****
make -r -j3 all 
Building file: ../source/Posicionamiento.c
Invoking: MCU C Compiler
arm-none-eabi-gcc -DCPU_MK64FN1M0VLL12 -D__USE_CMSIS -DDEBUG -I../source -I../ -I../SDK/CMSIS -I../SDK/startup -O0 -fno-common -g3 -Wall -c -ffunction-sections -fdata-sections -ffreestanding -fno-builtin -mcpu=cortex-m4 -mfpu=fpv4-sp-d16 -mfloat-abi=hard -mthumb -fstack-usage -MMD -MP -MF"source/Posicionamiento.d" -MT"source/Posicionamiento.o" -MT"source/Posicionamiento.d" -o "source/Posicionamiento.o" "../source/Posicionamiento.c"
../source/Posicionamiento.c: In function 'Position_GetChangeEvent':
../source/Posicionamiento.c:121:1: warning: control reaches end of non-void function [-Wreturn-type]
 }
 ^
Finished building: ../source/Posicionamiento.c
 
Building target: Blink.axf
Invoking: MCU Linker
arm-none-eabi-gcc -nostdlib -Xlinker -Map="Blink.map" -Xlinker --gc-sections -Xlinker -print-memory-usage -Xlinker --sort-section=alignment -mcpu=cortex-m4 -mfpu=fpv4-sp-d16 -mfloat-abi=hard -mthumb -T "Blink_Debug.ld" -o "Blink.axf"  ./source/App.o ./source/Posicionamiento.o ./source/Sensores.o ./source/SysTick.o ./source/gpio.o ./source/i2c.o ./source/timer.o  ./SDK/startup/hardware.o ./SDK/startup/main.o ./SDK/startup/semihost_hardfault.o ./SDK/startup/startup_mk64f12.o  ./SDK/CMSIS/system_MK64F12.o   
Memory region         Used Size  Region Size  %age Used
   PROGRAM_FLASH:       10696 B         1 MB      1.02%
      SRAM_UPPER:        9264 B       192 KB      4.71%
      SRAM_LOWER:          0 GB        64 KB      0.00%
        FLEX_RAM:          0 GB         4 KB      0.00%
Finished building target: Blink.axf
 
make --no-print-directory post-build
Performing post-build steps
arm-none-eabi-size "Blink.axf"; # arm-none-eabi-objcopy -v -O binary "Blink.axf" "Blink.bin" ; # checksum -p MK64FN1M0xxx12 -d "Blink.bin";
   text	   data	    bss	    dec	    hex	filename
  10624	     72	   9192	  19888	   4db0	Blink.axf
 
18:12:14 **** Incremental Build of configuration Debug for project Blink ****
make -r -j3 all 
make: Nothing to be done for `all'.
18:16:09 **** Incremental Build of configuration Debug for project Blink ****
make -r -j3 all 
Building file: ../source/Posicionamiento.c
Invoking: MCU C Compiler
arm-none-eabi-gcc -DCPU_MK64FN1M0VLL12 -D__USE_CMSIS -DDEBUG -I../source -I../ -I../SDK/CMSIS -I../SDK/startup -O0 -fno-common -g3 -Wall -c -ffunction-sections -fdata-sections -ffreestanding -fno-builtin -mcpu=cortex-m4 -mfpu=fpv4-sp-d16 -mfloat-abi=hard -mthumb -fstack-usage -MMD -MP -MF"source/Posicionamiento.d" -MT"source/Posicionamiento.o" -MT"source/Posicionamiento.d" -o "source/Posicionamiento.o" "../source/Posicionamiento.c"
../source/Posicionamiento.c: In function 'Position_GetChangeEvent':
../source/Posicionamiento.c:121:1: warning: control reaches end of non-void function [-Wreturn-type]
 }
 ^
Finished building: ../source/Posicionamiento.c
 
Building target: Blink.axf
Invoking: MCU Linker
arm-none-eabi-gcc -nostdlib -Xlinker -Map="Blink.map" -Xlinker --gc-sections -Xlinker -print-memory-usage -Xlinker --sort-section=alignment -mcpu=cortex-m4 -mfpu=fpv4-sp-d16 -mfloat-abi=hard -mthumb -T "Blink_Debug.ld" -o "Blink.axf"  ./source/App.o ./source/Posicionamiento.o ./source/Sensores.o ./source/SysTick.o ./source/gpio.o ./source/i2c.o ./source/timer.o  ./SDK/startup/hardware.o ./SDK/startup/main.o ./SDK/startup/semihost_hardfault.o ./SDK/startup/startup_mk64f12.o  ./SDK/CMSIS/system_MK64F12.o   
Memory region         Used Size  Region Size  %age Used
   PROGRAM_FLASH:       10696 B         1 MB      1.02%
      SRAM_UPPER:        9264 B       192 KB      4.71%
      SRAM_LOWER:          0 GB        64 KB      0.00%
        FLEX_RAM:          0 GB         4 KB      0.00%
Finished building target: Blink.axf
 
make --no-print-directory post-build
Performing post-build steps
arm-none-eabi-size "Blink.axf"; # arm-none-eabi-objcopy -v -O binary "Blink.axf" "Blink.bin" ; # checksum -p MK64FN1M0xxx12 -d "Blink.bin";
   text	   data	    bss	    dec	    hex	filename
  10624	     72	   9192	  19888	   4db0	Blink.axf
 
18:21:48 **** Incremental Build of configuration Debug for project Blink ****
make -r -j3 all 
make: Nothing to be done for `all'.
18:24:38 **** Incremental Build of configuration Debug for project Blink ****
make -r -j3 all 
Building file: ../source/Posicionamiento.c
Invoking: MCU C Compiler
arm-none-eabi-gcc -DCPU_MK64FN1M0VLL12 -D__USE_CMSIS -DDEBUG -I../source -I../ -I../SDK/CMSIS -I../SDK/startup -O0 -fno-common -g3 -Wall -c -ffunction-sections -fdata-sections -ffreestanding -fno-builtin -mcpu=cortex-m4 -mfpu=fpv4-sp-d16 -mfloat-abi=hard -mthumb -fstack-usage -MMD -MP -MF"source/Posicionamiento.d" -MT"source/Posicionamiento.o" -MT"source/Posicionamiento.d" -o "source/Posicionamiento.o" "../source/Posicionamiento.c"
../source/Posicionamiento.c: In function 'Position_GetChangeEvent':
../source/Posicionamiento.c:121:1: warning: control reaches end of non-void function [-Wreturn-type]
 }
 ^
Finished building: ../source/Posicionamiento.c
 
Building target: Blink.axf
Invoking: MCU Linker
arm-none-eabi-gcc -nostdlib -Xlinker -Map="Blink.map" -Xlinker --gc-sections -Xlinker -print-memory-usage -Xlinker --sort-section=alignment -mcpu=cortex-m4 -mfpu=fpv4-sp-d16 -mfloat-abi=hard -mthumb -T "Blink_Debug.ld" -o "Blink.axf"  ./source/App.o ./source/Posicionamiento.o ./source/Sensores.o ./source/SysTick.o ./source/gpio.o ./source/i2c.o ./source/timer.o  ./SDK/startup/hardware.o ./SDK/startup/main.o ./SDK/startup/semihost_hardfault.o ./SDK/startup/startup_mk64f12.o  ./SDK/CMSIS/system_MK64F12.o   
Memory region         Used Size  Region Size  %age Used
   PROGRAM_FLASH:       10704 B         1 MB      1.02%
      SRAM_UPPER:        9264 B       192 KB      4.71%
      SRAM_LOWER:          0 GB        64 KB      0.00%
        FLEX_RAM:          0 GB         4 KB      0.00%
Finished building target: Blink.axf
 
make --no-print-directory post-build
Performing post-build steps
arm-none-eabi-size "Blink.axf"; # arm-none-eabi-objcopy -v -O binary "Blink.axf" "Blink.bin" ; # checksum -p MK64FN1M0xxx12 -d "Blink.bin";
   text	   data	    bss	    dec	    hex	filename
  10632	     72	   9192	  19896	   4db8	Blink.axf
 
18:26:30 **** Incremental Build of configuration Debug for project Blink ****
make -r -j3 all 
Building file: ../source/Posicionamiento.c
Invoking: MCU C Compiler
arm-none-eabi-gcc -DCPU_MK64FN1M0VLL12 -D__USE_CMSIS -DDEBUG -I../source -I../ -I../SDK/CMSIS -I../SDK/startup -O0 -fno-common -g3 -Wall -c -ffunction-sections -fdata-sections -ffreestanding -fno-builtin -mcpu=cortex-m4 -mfpu=fpv4-sp-d16 -mfloat-abi=hard -mthumb -fstack-usage -MMD -MP -MF"source/Posicionamiento.d" -MT"source/Posicionamiento.o" -MT"source/Posicionamiento.d" -o "source/Posicionamiento.o" "../source/Posicionamiento.c"
../source/Posicionamiento.c: In function 'Position_GetChangeEvent':
../source/Posicionamiento.c:121:1: warning: control reaches end of non-void function [-Wreturn-type]
 }
 ^
Finished building: ../source/Posicionamiento.c
 
Building target: Blink.axf
Invoking: MCU Linker
arm-none-eabi-gcc -nostdlib -Xlinker -Map="Blink.map" -Xlinker --gc-sections -Xlinker -print-memory-usage -Xlinker --sort-section=alignment -mcpu=cortex-m4 -mfpu=fpv4-sp-d16 -mfloat-abi=hard -mthumb -T "Blink_Debug.ld" -o "Blink.axf"  ./source/App.o ./source/Posicionamiento.o ./source/Sensores.o ./source/SysTick.o ./source/gpio.o ./source/i2c.o ./source/timer.o  ./SDK/startup/hardware.o ./SDK/startup/main.o ./SDK/startup/semihost_hardfault.o ./SDK/startup/startup_mk64f12.o  ./SDK/CMSIS/system_MK64F12.o   
Memory region         Used Size  Region Size  %age Used
   PROGRAM_FLASH:       10696 B         1 MB      1.02%
      SRAM_UPPER:        9264 B       192 KB      4.71%
      SRAM_LOWER:          0 GB        64 KB      0.00%
        FLEX_RAM:          0 GB         4 KB      0.00%
Finished building target: Blink.axf
 
make --no-print-directory post-build
Performing post-build steps
arm-none-eabi-size "Blink.axf"; # arm-none-eabi-objcopy -v -O binary "Blink.axf" "Blink.bin" ; # checksum -p MK64FN1M0xxx12 -d "Blink.bin";
   text	   data	    bss	    dec	    hex	filename
  10624	     72	   9192	  19888	   4db0	Blink.axf
 
