15:57:29 **** Incremental Build of configuration Debug for project Blink ****
make -r -j3 all 
Building file: ../source/App.c
Building file: ../source/Posicionamiento.c
Building file: ../SDK/startup/main.c
Invoking: MCU C Compiler
Invoking: MCU C Compiler
arm-none-eabi-gcc -DCPU_MK64FN1M0VLL12 -D__USE_CMSIS -DDEBUG -I../source -I../ -I../SDK/CMSIS -I../SDK/startup -O0 -fno-common -g3 -Wall -c -ffunction-sections -fdata-sections -ffreestanding -fno-builtin -mcpu=cortex-m4 -mfpu=fpv4-sp-d16 -mfloat-abi=hard -mthumb -fstack-usage -MMD -MP -MF"source/Posicionamiento.d" -MT"source/Posicionamiento.o" -MT"source/Posicionamiento.d" -o "source/Posicionamiento.o" "../source/Posicionamiento.c"
arm-none-eabi-gcc -DCPU_MK64FN1M0VLL12 -D__USE_CMSIS -DDEBUG -I../source -I../ -I../SDK/CMSIS -I../SDK/startup -O0 -fno-common -g3 -Wall -c -ffunction-sections -fdata-sections -ffreestanding -fno-builtin -mcpu=cortex-m4 -mfpu=fpv4-sp-d16 -mfloat-abi=hard -mthumb -fstack-usage -MMD -MP -MF"SDK/startup/main.d" -MT"SDK/startup/main.o" -MT"SDK/startup/main.d" -o "SDK/startup/main.o" "../SDK/startup/main.c"
Invoking: MCU C Compiler
arm-none-eabi-gcc -DCPU_MK64FN1M0VLL12 -D__USE_CMSIS -DDEBUG -I../source -I../ -I../SDK/CMSIS -I../SDK/startup -O0 -fno-common -g3 -Wall -c -ffunction-sections -fdata-sections -ffreestanding -fno-builtin -mcpu=cortex-m4 -mfpu=fpv4-sp-d16 -mfloat-abi=hard -mthumb -fstack-usage -MMD -MP -MF"source/App.d" -MT"source/App.o" -MT"source/App.d" -o "source/App.o" "../source/App.c"
../source/Posicionamiento.c: In function 'Position_GetChangeEvent':
../source/Posicionamiento.c:118:1: warning: control reaches end of non-void function [-Wreturn-type]
 }
 ^
Finished building: ../SDK/startup/main.c
 
../source/App.c: In function 'App_Init':
../source/App.c:88:3: warning: implicit declaration of function '_mqx_ints_FXOS8700CQ_start' [-Wimplicit-function-declaration]
   _mqx_ints_FXOS8700CQ_start();
   ^~~~~~~~~~~~~~~~~~~~~~~~~~
Finished building: ../source/App.c
 
Finished building: ../source/Posicionamiento.c
 
Building target: Blink.axf
Invoking: MCU Linker
arm-none-eabi-gcc -nostdlib -Xlinker -Map="Blink.map" -Xlinker --gc-sections -Xlinker -print-memory-usage -Xlinker --sort-section=alignment -mcpu=cortex-m4 -mfpu=fpv4-sp-d16 -mfloat-abi=hard -mthumb -T "Blink_Debug.ld" -o "Blink.axf"  ./source/App.o ./source/Posicionamiento.o ./source/Sensores.o ./source/SysTick.o ./source/gpio.o ./source/i2c.o ./source/timer.o  ./SDK/startup/hardware.o ./SDK/startup/main.o ./SDK/startup/semihost_hardfault.o ./SDK/startup/startup_mk64f12.o  ./SDK/CMSIS/system_MK64F12.o   
Memory region         Used Size  Region Size  %age Used
   PROGRAM_FLASH:       11528 B         1 MB      1.10%
      SRAM_UPPER:        9304 B       192 KB      4.73%
      SRAM_LOWER:          0 GB        64 KB      0.00%
        FLEX_RAM:          0 GB         4 KB      0.00%
Finished building target: Blink.axf
 
make --no-print-directory post-build
Performing post-build steps
arm-none-eabi-size "Blink.axf"; # arm-none-eabi-objcopy -v -O binary "Blink.axf" "Blink.bin" ; # checksum -p MK64FN1M0xxx12 -d "Blink.bin";
   text	   data	    bss	    dec	    hex	filename
  11416	    112	   9192	  20720	   50f0	Blink.axf
 
15:58:02 **** Incremental Build of configuration Debug for project Blink ****
make -r -j3 all 
make: Nothing to be done for `all'.
16:00:09 **** Incremental Build of configuration Debug for project Blink ****
make -r -j3 all 
make: Nothing to be done for `all'.
16:03:12 **** Incremental Build of configuration Debug for project Blink ****
make -r -j3 all 
Building file: ../source/App.c
Invoking: MCU C Compiler
arm-none-eabi-gcc -DCPU_MK64FN1M0VLL12 -D__USE_CMSIS -DDEBUG -I../source -I../ -I../SDK/CMSIS -I../SDK/startup -O0 -fno-common -g3 -Wall -c -ffunction-sections -fdata-sections -ffreestanding -fno-builtin -mcpu=cortex-m4 -mfpu=fpv4-sp-d16 -mfloat-abi=hard -mthumb -fstack-usage -MMD -MP -MF"source/App.d" -MT"source/App.o" -MT"source/App.d" -o "source/App.o" "../source/App.c"
../source/App.c: In function 'App_Init':
../source/App.c:88:3: warning: implicit declaration of function '_mqx_ints_FXOS8700CQ_start' [-Wimplicit-function-declaration]
   _mqx_ints_FXOS8700CQ_start();
   ^~~~~~~~~~~~~~~~~~~~~~~~~~
Finished building: ../source/App.c
 
Building target: Blink.axf
Invoking: MCU Linker
arm-none-eabi-gcc -nostdlib -Xlinker -Map="Blink.map" -Xlinker --gc-sections -Xlinker -print-memory-usage -Xlinker --sort-section=alignment -mcpu=cortex-m4 -mfpu=fpv4-sp-d16 -mfloat-abi=hard -mthumb -T "Blink_Debug.ld" -o "Blink.axf"  ./source/App.o ./source/Posicionamiento.o ./source/Sensores.o ./source/SysTick.o ./source/gpio.o ./source/i2c.o ./source/timer.o  ./SDK/startup/hardware.o ./SDK/startup/main.o ./SDK/startup/semihost_hardfault.o ./SDK/startup/startup_mk64f12.o  ./SDK/CMSIS/system_MK64F12.o   
Memory region         Used Size  Region Size  %age Used
   PROGRAM_FLASH:       12048 B         1 MB      1.15%
      SRAM_UPPER:        9312 B       192 KB      4.74%
      SRAM_LOWER:          0 GB        64 KB      0.00%
        FLEX_RAM:          0 GB         4 KB      0.00%
Finished building target: Blink.axf
 
make --no-print-directory post-build
Performing post-build steps
arm-none-eabi-size "Blink.axf"; # arm-none-eabi-objcopy -v -O binary "Blink.axf" "Blink.bin" ; # checksum -p MK64FN1M0xxx12 -d "Blink.bin";
   text	   data	    bss	    dec	    hex	filename
  11936	    112	   9200	  21248	   5300	Blink.axf
 
16:04:08 **** Incremental Build of configuration Debug for project Blink ****
make -r -j3 all 
Building file: ../source/App.c
Building file: ../source/Posicionamiento.c
Invoking: MCU C Compiler
arm-none-eabi-gcc -DCPU_MK64FN1M0VLL12 -D__USE_CMSIS -DDEBUG -I../source -I../ -I../SDK/CMSIS -I../SDK/startup -O0 -fno-common -g3 -Wall -c -ffunction-sections -fdata-sections -ffreestanding -fno-builtin -mcpu=cortex-m4 -mfpu=fpv4-sp-d16 -mfloat-abi=hard -mthumb -fstack-usage -MMD -MP -MF"source/App.d" -MT"source/App.o" -MT"source/App.d" -o "source/App.o" "../source/App.c"
Invoking: MCU C Compiler
arm-none-eabi-gcc -DCPU_MK64FN1M0VLL12 -D__USE_CMSIS -DDEBUG -I../source -I../ -I../SDK/CMSIS -I../SDK/startup -O0 -fno-common -g3 -Wall -c -ffunction-sections -fdata-sections -ffreestanding -fno-builtin -mcpu=cortex-m4 -mfpu=fpv4-sp-d16 -mfloat-abi=hard -mthumb -fstack-usage -MMD -MP -MF"source/Posicionamiento.d" -MT"source/Posicionamiento.o" -MT"source/Posicionamiento.d" -o "source/Posicionamiento.o" "../source/Posicionamiento.c"
../source/Posicionamiento.c: In function 'Position_GetChangeEvent':
../source/Posicionamiento.c:122:1: warning: control reaches end of non-void function [-Wreturn-type]
 }
 ^
Finished building: ../source/App.c
 
Finished building: ../source/Posicionamiento.c
 
Building target: Blink.axf
Invoking: MCU Linker
arm-none-eabi-gcc -nostdlib -Xlinker -Map="Blink.map" -Xlinker --gc-sections -Xlinker -print-memory-usage -Xlinker --sort-section=alignment -mcpu=cortex-m4 -mfpu=fpv4-sp-d16 -mfloat-abi=hard -mthumb -T "Blink_Debug.ld" -o "Blink.axf"  ./source/App.o ./source/Posicionamiento.o ./source/Sensores.o ./source/SysTick.o ./source/gpio.o ./source/i2c.o ./source/timer.o  ./SDK/startup/hardware.o ./SDK/startup/main.o ./SDK/startup/semihost_hardfault.o ./SDK/startup/startup_mk64f12.o  ./SDK/CMSIS/system_MK64F12.o   
Memory region         Used Size  Region Size  %age Used
   PROGRAM_FLASH:       12040 B         1 MB      1.15%
      SRAM_UPPER:        9312 B       192 KB      4.74%
      SRAM_LOWER:          0 GB        64 KB      0.00%
        FLEX_RAM:          0 GB         4 KB      0.00%
Finished building target: Blink.axf
 
make --no-print-directory post-build
Performing post-build steps
arm-none-eabi-size "Blink.axf"; # arm-none-eabi-objcopy -v -O binary "Blink.axf" "Blink.bin" ; # checksum -p MK64FN1M0xxx12 -d "Blink.bin";
   text	   data	    bss	    dec	    hex	filename
  11928	    112	   9200	  21240	   52f8	Blink.axf
 
16:12:40 **** Incremental Build of configuration Debug for project Blink ****
make -r -j3 all 
Building file: ../source/Posicionamiento.c
Invoking: MCU C Compiler
arm-none-eabi-gcc -DCPU_MK64FN1M0VLL12 -D__USE_CMSIS -DDEBUG -I../source -I../ -I../SDK/CMSIS -I../SDK/startup -O0 -fno-common -g3 -Wall -c -ffunction-sections -fdata-sections -ffreestanding -fno-builtin -mcpu=cortex-m4 -mfpu=fpv4-sp-d16 -mfloat-abi=hard -mthumb -fstack-usage -MMD -MP -MF"source/Posicionamiento.d" -MT"source/Posicionamiento.o" -MT"source/Posicionamiento.d" -o "source/Posicionamiento.o" "../source/Posicionamiento.c"
../source/Posicionamiento.c: In function 'Position_GetChangeEvent':
../source/Posicionamiento.c:122:1: warning: control reaches end of non-void function [-Wreturn-type]
 }
 ^
Finished building: ../source/Posicionamiento.c
 
Building target: Blink.axf
Invoking: MCU Linker
arm-none-eabi-gcc -nostdlib -Xlinker -Map="Blink.map" -Xlinker --gc-sections -Xlinker -print-memory-usage -Xlinker --sort-section=alignment -mcpu=cortex-m4 -mfpu=fpv4-sp-d16 -mfloat-abi=hard -mthumb -T "Blink_Debug.ld" -o "Blink.axf"  ./source/App.o ./source/Posicionamiento.o ./source/Sensores.o ./source/SysTick.o ./source/gpio.o ./source/i2c.o ./source/timer.o  ./SDK/startup/hardware.o ./SDK/startup/main.o ./SDK/startup/semihost_hardfault.o ./SDK/startup/startup_mk64f12.o  ./SDK/CMSIS/system_MK64F12.o   
Memory region         Used Size  Region Size  %age Used
   PROGRAM_FLASH:       12040 B         1 MB      1.15%
      SRAM_UPPER:        9312 B       192 KB      4.74%
      SRAM_LOWER:          0 GB        64 KB      0.00%
        FLEX_RAM:          0 GB         4 KB      0.00%
Finished building target: Blink.axf
 
make --no-print-directory post-build
Performing post-build steps
arm-none-eabi-size "Blink.axf"; # arm-none-eabi-objcopy -v -O binary "Blink.axf" "Blink.bin" ; # checksum -p MK64FN1M0xxx12 -d "Blink.bin";
   text	   data	    bss	    dec	    hex	filename
  11928	    112	   9200	  21240	   52f8	Blink.axf
 
16:33:50 **** Incremental Build of configuration Debug for project Blink ****
make -r -j3 all 
Building file: ../source/Posicionamiento.c
Invoking: MCU C Compiler
arm-none-eabi-gcc -DCPU_MK64FN1M0VLL12 -D__USE_CMSIS -DDEBUG -I../source -I../ -I../SDK/CMSIS -I../SDK/startup -O0 -fno-common -g3 -Wall -c -ffunction-sections -fdata-sections -ffreestanding -fno-builtin -mcpu=cortex-m4 -mfpu=fpv4-sp-d16 -mfloat-abi=hard -mthumb -fstack-usage -MMD -MP -MF"source/Posicionamiento.d" -MT"source/Posicionamiento.o" -MT"source/Posicionamiento.d" -o "source/Posicionamiento.o" "../source/Posicionamiento.c"
../source/Posicionamiento.c: In function 'Position_GetChangeEvent':
../source/Posicionamiento.c:122:1: warning: control reaches end of non-void function [-Wreturn-type]
 }
 ^
Finished building: ../source/Posicionamiento.c
 
Building target: Blink.axf
Invoking: MCU Linker
arm-none-eabi-gcc -nostdlib -Xlinker -Map="Blink.map" -Xlinker --gc-sections -Xlinker -print-memory-usage -Xlinker --sort-section=alignment -mcpu=cortex-m4 -mfpu=fpv4-sp-d16 -mfloat-abi=hard -mthumb -T "Blink_Debug.ld" -o "Blink.axf"  ./source/App.o ./source/Posicionamiento.o ./source/Sensores.o ./source/SysTick.o ./source/gpio.o ./source/i2c.o ./source/timer.o  ./SDK/startup/hardware.o ./SDK/startup/main.o ./SDK/startup/semihost_hardfault.o ./SDK/startup/startup_mk64f12.o  ./SDK/CMSIS/system_MK64F12.o   
Memory region         Used Size  Region Size  %age Used
   PROGRAM_FLASH:       11888 B         1 MB      1.13%
      SRAM_UPPER:        9312 B       192 KB      4.74%
      SRAM_LOWER:          0 GB        64 KB      0.00%
        FLEX_RAM:          0 GB         4 KB      0.00%
Finished building target: Blink.axf
 
make --no-print-directory post-build
Performing post-build steps
arm-none-eabi-size "Blink.axf"; # arm-none-eabi-objcopy -v -O binary "Blink.axf" "Blink.bin" ; # checksum -p MK64FN1M0xxx12 -d "Blink.bin";
   text	   data	    bss	    dec	    hex	filename
  11776	    112	   9200	  21088	   5260	Blink.axf
 
16:41:26 **** Incremental Build of configuration Debug for project Blink ****
make -r -j3 all 
Building file: ../source/Posicionamiento.c
Invoking: MCU C Compiler
arm-none-eabi-gcc -DCPU_MK64FN1M0VLL12 -D__USE_CMSIS -DDEBUG -I../source -I../ -I../SDK/CMSIS -I../SDK/startup -O0 -fno-common -g3 -Wall -c -ffunction-sections -fdata-sections -ffreestanding -fno-builtin -mcpu=cortex-m4 -mfpu=fpv4-sp-d16 -mfloat-abi=hard -mthumb -fstack-usage -MMD -MP -MF"source/Posicionamiento.d" -MT"source/Posicionamiento.o" -MT"source/Posicionamiento.d" -o "source/Posicionamiento.o" "../source/Posicionamiento.c"
../source/Posicionamiento.c: In function 'Position_GetChangeEvent':
../source/Posicionamiento.c:122:1: warning: control reaches end of non-void function [-Wreturn-type]
 }
 ^
Finished building: ../source/Posicionamiento.c
 
Building target: Blink.axf
Invoking: MCU Linker
arm-none-eabi-gcc -nostdlib -Xlinker -Map="Blink.map" -Xlinker --gc-sections -Xlinker -print-memory-usage -Xlinker --sort-section=alignment -mcpu=cortex-m4 -mfpu=fpv4-sp-d16 -mfloat-abi=hard -mthumb -T "Blink_Debug.ld" -o "Blink.axf"  ./source/App.o ./source/Posicionamiento.o ./source/Sensores.o ./source/SysTick.o ./source/gpio.o ./source/i2c.o ./source/timer.o  ./SDK/startup/hardware.o ./SDK/startup/main.o ./SDK/startup/semihost_hardfault.o ./SDK/startup/startup_mk64f12.o  ./SDK/CMSIS/system_MK64F12.o   
Memory region         Used Size  Region Size  %age Used
   PROGRAM_FLASH:       11912 B         1 MB      1.14%
      SRAM_UPPER:        9312 B       192 KB      4.74%
      SRAM_LOWER:          0 GB        64 KB      0.00%
        FLEX_RAM:          0 GB         4 KB      0.00%
Finished building target: Blink.axf
 
make --no-print-directory post-build
Performing post-build steps
arm-none-eabi-size "Blink.axf"; # arm-none-eabi-objcopy -v -O binary "Blink.axf" "Blink.bin" ; # checksum -p MK64FN1M0xxx12 -d "Blink.bin";
   text	   data	    bss	    dec	    hex	filename
  11800	    112	   9200	  21112	   5278	Blink.axf
 
16:43:28 **** Incremental Build of configuration Debug for project Blink ****
make -r -j3 all 
Building file: ../source/Posicionamiento.c
Invoking: MCU C Compiler
arm-none-eabi-gcc -DCPU_MK64FN1M0VLL12 -D__USE_CMSIS -DDEBUG -I../source -I../ -I../SDK/CMSIS -I../SDK/startup -O0 -fno-common -g3 -Wall -c -ffunction-sections -fdata-sections -ffreestanding -fno-builtin -mcpu=cortex-m4 -mfpu=fpv4-sp-d16 -mfloat-abi=hard -mthumb -fstack-usage -MMD -MP -MF"source/Posicionamiento.d" -MT"source/Posicionamiento.o" -MT"source/Posicionamiento.d" -o "source/Posicionamiento.o" "../source/Posicionamiento.c"
../source/Posicionamiento.c: In function 'Position_GetChangeEvent':
../source/Posicionamiento.c:122:1: warning: control reaches end of non-void function [-Wreturn-type]
 }
 ^
Finished building: ../source/Posicionamiento.c
 
Building target: Blink.axf
Invoking: MCU Linker
arm-none-eabi-gcc -nostdlib -Xlinker -Map="Blink.map" -Xlinker --gc-sections -Xlinker -print-memory-usage -Xlinker --sort-section=alignment -mcpu=cortex-m4 -mfpu=fpv4-sp-d16 -mfloat-abi=hard -mthumb -T "Blink_Debug.ld" -o "Blink.axf"  ./source/App.o ./source/Posicionamiento.o ./source/Sensores.o ./source/SysTick.o ./source/gpio.o ./source/i2c.o ./source/timer.o  ./SDK/startup/hardware.o ./SDK/startup/main.o ./SDK/startup/semihost_hardfault.o ./SDK/startup/startup_mk64f12.o  ./SDK/CMSIS/system_MK64F12.o   
Memory region         Used Size  Region Size  %age Used
   PROGRAM_FLASH:       11936 B         1 MB      1.14%
      SRAM_UPPER:        9312 B       192 KB      4.74%
      SRAM_LOWER:          0 GB        64 KB      0.00%
        FLEX_RAM:          0 GB         4 KB      0.00%
Finished building target: Blink.axf
 
make --no-print-directory post-build
Performing post-build steps
arm-none-eabi-size "Blink.axf"; # arm-none-eabi-objcopy -v -O binary "Blink.axf" "Blink.bin" ; # checksum -p MK64FN1M0xxx12 -d "Blink.bin";
   text	   data	    bss	    dec	    hex	filename
  11824	    112	   9200	  21136	   5290	Blink.axf
 
16:44:49 **** Incremental Build of configuration Debug for project Blink ****
make -r -j3 all 
make: Nothing to be done for `all'.
16:48:45 **** Incremental Build of configuration Debug for project Blink ****
make -r -j3 all 
Building file: ../source/Posicionamiento.c
Invoking: MCU C Compiler
arm-none-eabi-gcc -DCPU_MK64FN1M0VLL12 -D__USE_CMSIS -DDEBUG -I../source -I../ -I../SDK/CMSIS -I../SDK/startup -O0 -fno-common -g3 -Wall -c -ffunction-sections -fdata-sections -ffreestanding -fno-builtin -mcpu=cortex-m4 -mfpu=fpv4-sp-d16 -mfloat-abi=hard -mthumb -fstack-usage -MMD -MP -MF"source/Posicionamiento.d" -MT"source/Posicionamiento.o" -MT"source/Posicionamiento.d" -o "source/Posicionamiento.o" "../source/Posicionamiento.c"
../source/Posicionamiento.c: In function 'Position_GetChangeEvent':
../source/Posicionamiento.c:122:1: warning: control reaches end of non-void function [-Wreturn-type]
 }
 ^
Finished building: ../source/Posicionamiento.c
 
Building target: Blink.axf
Invoking: MCU Linker
arm-none-eabi-gcc -nostdlib -Xlinker -Map="Blink.map" -Xlinker --gc-sections -Xlinker -print-memory-usage -Xlinker --sort-section=alignment -mcpu=cortex-m4 -mfpu=fpv4-sp-d16 -mfloat-abi=hard -mthumb -T "Blink_Debug.ld" -o "Blink.axf"  ./source/App.o ./source/Posicionamiento.o ./source/Sensores.o ./source/SysTick.o ./source/gpio.o ./source/i2c.o ./source/timer.o  ./SDK/startup/hardware.o ./SDK/startup/main.o ./SDK/startup/semihost_hardfault.o ./SDK/startup/startup_mk64f12.o  ./SDK/CMSIS/system_MK64F12.o   
Memory region         Used Size  Region Size  %age Used
   PROGRAM_FLASH:       11944 B         1 MB      1.14%
      SRAM_UPPER:        9312 B       192 KB      4.74%
      SRAM_LOWER:          0 GB        64 KB      0.00%
        FLEX_RAM:          0 GB         4 KB      0.00%
Finished building target: Blink.axf
 
make --no-print-directory post-build
Performing post-build steps
arm-none-eabi-size "Blink.axf"; # arm-none-eabi-objcopy -v -O binary "Blink.axf" "Blink.bin" ; # checksum -p MK64FN1M0xxx12 -d "Blink.bin";
   text	   data	    bss	    dec	    hex	filename
  11832	    112	   9200	  21144	   5298	Blink.axf
 
16:50:04 **** Incremental Build of configuration Debug for project Blink ****
make -r -j3 all 
Building file: ../source/Posicionamiento.c
Invoking: MCU C Compiler
arm-none-eabi-gcc -DCPU_MK64FN1M0VLL12 -D__USE_CMSIS -DDEBUG -I../source -I../ -I../SDK/CMSIS -I../SDK/startup -O0 -fno-common -g3 -Wall -c -ffunction-sections -fdata-sections -ffreestanding -fno-builtin -mcpu=cortex-m4 -mfpu=fpv4-sp-d16 -mfloat-abi=hard -mthumb -fstack-usage -MMD -MP -MF"source/Posicionamiento.d" -MT"source/Posicionamiento.o" -MT"source/Posicionamiento.d" -o "source/Posicionamiento.o" "../source/Posicionamiento.c"
../source/Posicionamiento.c: In function 'Position_GetChangeEvent':
../source/Posicionamiento.c:122:1: warning: control reaches end of non-void function [-Wreturn-type]
 }
 ^
Finished building: ../source/Posicionamiento.c
 
Building target: Blink.axf
Invoking: MCU Linker
arm-none-eabi-gcc -nostdlib -Xlinker -Map="Blink.map" -Xlinker --gc-sections -Xlinker -print-memory-usage -Xlinker --sort-section=alignment -mcpu=cortex-m4 -mfpu=fpv4-sp-d16 -mfloat-abi=hard -mthumb -T "Blink_Debug.ld" -o "Blink.axf"  ./source/App.o ./source/Posicionamiento.o ./source/Sensores.o ./source/SysTick.o ./source/gpio.o ./source/i2c.o ./source/timer.o  ./SDK/startup/hardware.o ./SDK/startup/main.o ./SDK/startup/semihost_hardfault.o ./SDK/startup/startup_mk64f12.o  ./SDK/CMSIS/system_MK64F12.o   
Memory region         Used Size  Region Size  %age Used
   PROGRAM_FLASH:       11952 B         1 MB      1.14%
      SRAM_UPPER:        9312 B       192 KB      4.74%
      SRAM_LOWER:          0 GB        64 KB      0.00%
        FLEX_RAM:          0 GB         4 KB      0.00%
Finished building target: Blink.axf
 
make --no-print-directory post-build
Performing post-build steps
arm-none-eabi-size "Blink.axf"; # arm-none-eabi-objcopy -v -O binary "Blink.axf" "Blink.bin" ; # checksum -p MK64FN1M0xxx12 -d "Blink.bin";
   text	   data	    bss	    dec	    hex	filename
  11840	    112	   9200	  21152	   52a0	Blink.axf
 
17:03:10 **** Incremental Build of configuration Debug for project Blink ****
make -r -j3 all 
make: Nothing to be done for `all'.
17:16:13 **** Incremental Build of configuration Debug for project Blink ****
make -r -j3 all 
make: Nothing to be done for `all'.
17:16:48 **** Incremental Build of configuration Debug for project Blink ****
make -r -j3 all 
make: Nothing to be done for `all'.
17:23:09 **** Incremental Build of configuration Debug for project Blink ****
make -r -j3 all 
Building file: ../source/Posicionamiento.c
Invoking: MCU C Compiler
arm-none-eabi-gcc -DCPU_MK64FN1M0VLL12 -D__USE_CMSIS -DDEBUG -I../source -I../ -I../SDK/CMSIS -I../SDK/startup -O0 -fno-common -g3 -Wall -c -ffunction-sections -fdata-sections -ffreestanding -fno-builtin -mcpu=cortex-m4 -mfpu=fpv4-sp-d16 -mfloat-abi=hard -mthumb -fstack-usage -MMD -MP -MF"source/Posicionamiento.d" -MT"source/Posicionamiento.o" -MT"source/Posicionamiento.d" -o "source/Posicionamiento.o" "../source/Posicionamiento.c"
../source/Posicionamiento.c: In function 'Position_GetChangeEvent':
../source/Posicionamiento.c:122:1: warning: control reaches end of non-void function [-Wreturn-type]
 }
 ^
Finished building: ../source/Posicionamiento.c
 
Building target: Blink.axf
Invoking: MCU Linker
arm-none-eabi-gcc -nostdlib -Xlinker -Map="Blink.map" -Xlinker --gc-sections -Xlinker -print-memory-usage -Xlinker --sort-section=alignment -mcpu=cortex-m4 -mfpu=fpv4-sp-d16 -mfloat-abi=hard -mthumb -T "Blink_Debug.ld" -o "Blink.axf"  ./source/App.o ./source/Posicionamiento.o ./source/Sensores.o ./source/SysTick.o ./source/gpio.o ./source/i2c.o ./source/timer.o  ./SDK/startup/hardware.o ./SDK/startup/main.o ./SDK/startup/semihost_hardfault.o ./SDK/startup/startup_mk64f12.o  ./SDK/CMSIS/system_MK64F12.o   
Memory region         Used Size  Region Size  %age Used
   PROGRAM_FLASH:       11952 B         1 MB      1.14%
      SRAM_UPPER:        9312 B       192 KB      4.74%
      SRAM_LOWER:          0 GB        64 KB      0.00%
        FLEX_RAM:          0 GB         4 KB      0.00%
Finished building target: Blink.axf
 
make --no-print-directory post-build
Performing post-build steps
arm-none-eabi-size "Blink.axf"; # arm-none-eabi-objcopy -v -O binary "Blink.axf" "Blink.bin" ; # checksum -p MK64FN1M0xxx12 -d "Blink.bin";
   text	   data	    bss	    dec	    hex	filename
  11840	    112	   9200	  21152	   52a0	Blink.axf
 
17:29:32 **** Incremental Build of configuration Debug for project Blink ****
make -r -j3 all 
make: Nothing to be done for `all'.
17:33:20 **** Incremental Build of configuration Debug for project Blink ****
make -r -j3 all 
Building file: ../source/Posicionamiento.c
Invoking: MCU C Compiler
arm-none-eabi-gcc -DCPU_MK64FN1M0VLL12 -D__USE_CMSIS -DDEBUG -I../source -I../ -I../SDK/CMSIS -I../SDK/startup -O0 -fno-common -g3 -Wall -c -ffunction-sections -fdata-sections -ffreestanding -fno-builtin -mcpu=cortex-m4 -mfpu=fpv4-sp-d16 -mfloat-abi=hard -mthumb -fstack-usage -MMD -MP -MF"source/Posicionamiento.d" -MT"source/Posicionamiento.o" -MT"source/Posicionamiento.d" -o "source/Posicionamiento.o" "../source/Posicionamiento.c"
../source/Posicionamiento.c: In function 'Position_GetChangeEvent':
../source/Posicionamiento.c:122:1: warning: control reaches end of non-void function [-Wreturn-type]
 }
 ^
Finished building: ../source/Posicionamiento.c
 
Building target: Blink.axf
Invoking: MCU Linker
arm-none-eabi-gcc -nostdlib -Xlinker -Map="Blink.map" -Xlinker --gc-sections -Xlinker -print-memory-usage -Xlinker --sort-section=alignment -mcpu=cortex-m4 -mfpu=fpv4-sp-d16 -mfloat-abi=hard -mthumb -T "Blink_Debug.ld" -o "Blink.axf"  ./source/App.o ./source/Posicionamiento.o ./source/Sensores.o ./source/SysTick.o ./source/gpio.o ./source/i2c.o ./source/timer.o  ./SDK/startup/hardware.o ./SDK/startup/main.o ./SDK/startup/semihost_hardfault.o ./SDK/startup/startup_mk64f12.o  ./SDK/CMSIS/system_MK64F12.o   
Memory region         Used Size  Region Size  %age Used
   PROGRAM_FLASH:       11952 B         1 MB      1.14%
      SRAM_UPPER:        9312 B       192 KB      4.74%
      SRAM_LOWER:          0 GB        64 KB      0.00%
        FLEX_RAM:          0 GB         4 KB      0.00%
Finished building target: Blink.axf
 
make --no-print-directory post-build
Performing post-build steps
arm-none-eabi-size "Blink.axf"; # arm-none-eabi-objcopy -v -O binary "Blink.axf" "Blink.bin" ; # checksum -p MK64FN1M0xxx12 -d "Blink.bin";
   text	   data	    bss	    dec	    hex	filename
  11840	    112	   9200	  21152	   52a0	Blink.axf
 
17:45:13 **** Incremental Build of configuration Debug for project Blink ****
make -r -j3 all 
Building file: ../source/Posicionamiento.c
Invoking: MCU C Compiler
arm-none-eabi-gcc -DCPU_MK64FN1M0VLL12 -D__USE_CMSIS -DDEBUG -I../source -I../ -I../SDK/CMSIS -I../SDK/startup -O0 -fno-common -g3 -Wall -c -ffunction-sections -fdata-sections -ffreestanding -fno-builtin -mcpu=cortex-m4 -mfpu=fpv4-sp-d16 -mfloat-abi=hard -mthumb -fstack-usage -MMD -MP -MF"source/Posicionamiento.d" -MT"source/Posicionamiento.o" -MT"source/Posicionamiento.d" -o "source/Posicionamiento.o" "../source/Posicionamiento.c"
../source/Posicionamiento.c: In function 'Position_GetChangeEvent':
../source/Posicionamiento.c:122:1: warning: control reaches end of non-void function [-Wreturn-type]
 }
 ^
Finished building: ../source/Posicionamiento.c
 
Building target: Blink.axf
Invoking: MCU Linker
arm-none-eabi-gcc -nostdlib -Xlinker -Map="Blink.map" -Xlinker --gc-sections -Xlinker -print-memory-usage -Xlinker --sort-section=alignment -mcpu=cortex-m4 -mfpu=fpv4-sp-d16 -mfloat-abi=hard -mthumb -T "Blink_Debug.ld" -o "Blink.axf"  ./source/App.o ./source/Posicionamiento.o ./source/Sensores.o ./source/SysTick.o ./source/gpio.o ./source/i2c.o ./source/timer.o  ./SDK/startup/hardware.o ./SDK/startup/main.o ./SDK/startup/semihost_hardfault.o ./SDK/startup/startup_mk64f12.o  ./SDK/CMSIS/system_MK64F12.o   
Memory region         Used Size  Region Size  %age Used
   PROGRAM_FLASH:       11944 B         1 MB      1.14%
      SRAM_UPPER:        9312 B       192 KB      4.74%
      SRAM_LOWER:          0 GB        64 KB      0.00%
        FLEX_RAM:          0 GB         4 KB      0.00%
Finished building target: Blink.axf
 
make --no-print-directory post-build
Performing post-build steps
arm-none-eabi-size "Blink.axf"; # arm-none-eabi-objcopy -v -O binary "Blink.axf" "Blink.bin" ; # checksum -p MK64FN1M0xxx12 -d "Blink.bin";
   text	   data	    bss	    dec	    hex	filename
  11832	    112	   9200	  21144	   5298	Blink.axf
 
17:53:19 **** Incremental Build of configuration Debug for project Blink ****
make -r -j3 all 
make: Nothing to be done for `all'.
18:09:46 **** Incremental Build of configuration Debug for project Blink ****
make -r -j3 all 
Building file: ../source/Posicionamiento.c
Invoking: MCU C Compiler
arm-none-eabi-gcc -DCPU_MK64FN1M0VLL12 -D__USE_CMSIS -DDEBUG -I../source -I../ -I../SDK/CMSIS -I../SDK/startup -O0 -fno-common -g3 -Wall -c -ffunction-sections -fdata-sections -ffreestanding -fno-builtin -mcpu=cortex-m4 -mfpu=fpv4-sp-d16 -mfloat-abi=hard -mthumb -fstack-usage -MMD -MP -MF"source/Posicionamiento.d" -MT"source/Posicionamiento.o" -MT"source/Posicionamiento.d" -o "source/Posicionamiento.o" "../source/Posicionamiento.c"
../source/Posicionamiento.c: In function 'Position_GetChangeEvent':
../source/Posicionamiento.c:122:1: warning: control reaches end of non-void function [-Wreturn-type]
 }
 ^
Finished building: ../source/Posicionamiento.c
 
Building target: Blink.axf
Invoking: MCU Linker
arm-none-eabi-gcc -nostdlib -Xlinker -Map="Blink.map" -Xlinker --gc-sections -Xlinker -print-memory-usage -Xlinker --sort-section=alignment -mcpu=cortex-m4 -mfpu=fpv4-sp-d16 -mfloat-abi=hard -mthumb -T "Blink_Debug.ld" -o "Blink.axf"  ./source/App.o ./source/Posicionamiento.o ./source/Sensores.o ./source/SysTick.o ./source/gpio.o ./source/i2c.o ./source/timer.o  ./SDK/startup/hardware.o ./SDK/startup/main.o ./SDK/startup/semihost_hardfault.o ./SDK/startup/startup_mk64f12.o  ./SDK/CMSIS/system_MK64F12.o   
Memory region         Used Size  Region Size  %age Used
   PROGRAM_FLASH:       11952 B         1 MB      1.14%
      SRAM_UPPER:        9312 B       192 KB      4.74%
      SRAM_LOWER:          0 GB        64 KB      0.00%
        FLEX_RAM:          0 GB         4 KB      0.00%
Finished building target: Blink.axf
 
make --no-print-directory post-build
Performing post-build steps
arm-none-eabi-size "Blink.axf"; # arm-none-eabi-objcopy -v -O binary "Blink.axf" "Blink.bin" ; # checksum -p MK64FN1M0xxx12 -d "Blink.bin";
   text	   data	    bss	    dec	    hex	filename
  11840	    112	   9200	  21152	   52a0	Blink.axf
 
18:09:56 **** Incremental Build of configuration Debug for project Blink ****
make -r -j3 all 
make: Nothing to be done for `all'.
18:26:07 **** Incremental Build of configuration Debug for project Blink ****
make -r -j3 all 
Building file: ../source/Posicionamiento.c
Invoking: MCU C Compiler
arm-none-eabi-gcc -DCPU_MK64FN1M0VLL12 -D__USE_CMSIS -DDEBUG -I../source -I../ -I../SDK/CMSIS -I../SDK/startup -O0 -fno-common -g3 -Wall -c -ffunction-sections -fdata-sections -ffreestanding -fno-builtin -mcpu=cortex-m4 -mfpu=fpv4-sp-d16 -mfloat-abi=hard -mthumb -fstack-usage -MMD -MP -MF"source/Posicionamiento.d" -MT"source/Posicionamiento.o" -MT"source/Posicionamiento.d" -o "source/Posicionamiento.o" "../source/Posicionamiento.c"
../source/Posicionamiento.c: In function 'Position_GetChangeEvent':
../source/Posicionamiento.c:122:1: warning: control reaches end of non-void function [-Wreturn-type]
 }
 ^
Finished building: ../source/Posicionamiento.c
 
Building target: Blink.axf
Invoking: MCU Linker
arm-none-eabi-gcc -nostdlib -Xlinker -Map="Blink.map" -Xlinker --gc-sections -Xlinker -print-memory-usage -Xlinker --sort-section=alignment -mcpu=cortex-m4 -mfpu=fpv4-sp-d16 -mfloat-abi=hard -mthumb -T "Blink_Debug.ld" -o "Blink.axf"  ./source/App.o ./source/Posicionamiento.o ./source/Sensores.o ./source/SysTick.o ./source/gpio.o ./source/i2c.o ./source/timer.o  ./SDK/startup/hardware.o ./SDK/startup/main.o ./SDK/startup/semihost_hardfault.o ./SDK/startup/startup_mk64f12.o  ./SDK/CMSIS/system_MK64F12.o   
Memory region         Used Size  Region Size  %age Used
   PROGRAM_FLASH:       11904 B         1 MB      1.14%
      SRAM_UPPER:        9312 B       192 KB      4.74%
      SRAM_LOWER:          0 GB        64 KB      0.00%
        FLEX_RAM:          0 GB         4 KB      0.00%
Finished building target: Blink.axf
 
make --no-print-directory post-build
Performing post-build steps
arm-none-eabi-size "Blink.axf"; # arm-none-eabi-objcopy -v -O binary "Blink.axf" "Blink.bin" ; # checksum -p MK64FN1M0xxx12 -d "Blink.bin";
   text	   data	    bss	    dec	    hex	filename
  11792	    112	   9200	  21104	   5270	Blink.axf
 
18:39:43 **** Incremental Build of configuration Debug for project Blink ****
make -r -j3 all 
Building file: ../source/Posicionamiento.c
Invoking: MCU C Compiler
arm-none-eabi-gcc -DCPU_MK64FN1M0VLL12 -D__USE_CMSIS -DDEBUG -I../source -I../ -I../SDK/CMSIS -I../SDK/startup -O0 -fno-common -g3 -Wall -c -ffunction-sections -fdata-sections -ffreestanding -fno-builtin -mcpu=cortex-m4 -mfpu=fpv4-sp-d16 -mfloat-abi=hard -mthumb -fstack-usage -MMD -MP -MF"source/Posicionamiento.d" -MT"source/Posicionamiento.o" -MT"source/Posicionamiento.d" -o "source/Posicionamiento.o" "../source/Posicionamiento.c"
../source/Posicionamiento.c: In function 'Position_GetChangeEvent':
../source/Posicionamiento.c:122:1: warning: control reaches end of non-void function [-Wreturn-type]
 }
 ^
Finished building: ../source/Posicionamiento.c
 
Building target: Blink.axf
Invoking: MCU Linker
arm-none-eabi-gcc -nostdlib -Xlinker -Map="Blink.map" -Xlinker --gc-sections -Xlinker -print-memory-usage -Xlinker --sort-section=alignment -mcpu=cortex-m4 -mfpu=fpv4-sp-d16 -mfloat-abi=hard -mthumb -T "Blink_Debug.ld" -o "Blink.axf"  ./source/App.o ./source/Posicionamiento.o ./source/Sensores.o ./source/SysTick.o ./source/gpio.o ./source/i2c.o ./source/timer.o  ./SDK/startup/hardware.o ./SDK/startup/main.o ./SDK/startup/semihost_hardfault.o ./SDK/startup/startup_mk64f12.o  ./SDK/CMSIS/system_MK64F12.o   
Memory region         Used Size  Region Size  %age Used
   PROGRAM_FLASH:       11768 B         1 MB      1.12%
      SRAM_UPPER:        9312 B       192 KB      4.74%
      SRAM_LOWER:          0 GB        64 KB      0.00%
        FLEX_RAM:          0 GB         4 KB      0.00%
Finished building target: Blink.axf
 
make --no-print-directory post-build
Performing post-build steps
arm-none-eabi-size "Blink.axf"; # arm-none-eabi-objcopy -v -O binary "Blink.axf" "Blink.bin" ; # checksum -p MK64FN1M0xxx12 -d "Blink.bin";
   text	   data	    bss	    dec	    hex	filename
  11656	    112	   9200	  20968	   51e8	Blink.axf
 
18:51:57 **** Incremental Build of configuration Debug for project Blink ****
make -r -j3 all 
Building file: ../source/Sensores.c
Invoking: MCU C Compiler
arm-none-eabi-gcc -DCPU_MK64FN1M0VLL12 -D__USE_CMSIS -DDEBUG -I../source -I../ -I../SDK/CMSIS -I../SDK/startup -O0 -fno-common -g3 -Wall -c -ffunction-sections -fdata-sections -ffreestanding -fno-builtin -mcpu=cortex-m4 -mfpu=fpv4-sp-d16 -mfloat-abi=hard -mthumb -fstack-usage -MMD -MP -MF"source/Sensores.d" -MT"source/Sensores.o" -MT"source/Sensores.d" -o "source/Sensores.o" "../source/Sensores.c"
Finished building: ../source/Sensores.c
 
Building target: Blink.axf
Invoking: MCU Linker
arm-none-eabi-gcc -nostdlib -Xlinker -Map="Blink.map" -Xlinker --gc-sections -Xlinker -print-memory-usage -Xlinker --sort-section=alignment -mcpu=cortex-m4 -mfpu=fpv4-sp-d16 -mfloat-abi=hard -mthumb -T "Blink_Debug.ld" -o "Blink.axf"  ./source/App.o ./source/Posicionamiento.o ./source/Sensores.o ./source/SysTick.o ./source/gpio.o ./source/i2c.o ./source/timer.o  ./SDK/startup/hardware.o ./SDK/startup/main.o ./SDK/startup/semihost_hardfault.o ./SDK/startup/startup_mk64f12.o  ./SDK/CMSIS/system_MK64F12.o   
Memory region         Used Size  Region Size  %age Used
   PROGRAM_FLASH:       12760 B         1 MB      1.22%
      SRAM_UPPER:        9312 B       192 KB      4.74%
      SRAM_LOWER:          0 GB        64 KB      0.00%
        FLEX_RAM:          0 GB         4 KB      0.00%
Finished building target: Blink.axf
 
make --no-print-directory post-build
Performing post-build steps
arm-none-eabi-size "Blink.axf"; # arm-none-eabi-objcopy -v -O binary "Blink.axf" "Blink.bin" ; # checksum -p MK64FN1M0xxx12 -d "Blink.bin";
   text	   data	    bss	    dec	    hex	filename
  12648	    112	   9200	  21960	   55c8	Blink.axf
 
18:52:08 **** Incremental Build of configuration Debug for project Blink ****
make -r -j3 all 
make: Nothing to be done for `all'.
18:53:30 **** Incremental Build of configuration Debug for project Blink ****
make -r -j3 all 
make: Nothing to be done for `all'.
18:54:39 **** Incremental Build of configuration Debug for project Blink ****
make -r -j3 all 
make: Nothing to be done for `all'.
18:55:50 **** Incremental Build of configuration Debug for project Blink ****
make -r -j3 all 
make: Nothing to be done for `all'.
18:57:06 **** Incremental Build of configuration Debug for project Blink ****
make -r -j3 all 
make: Nothing to be done for `all'.
18:58:19 **** Incremental Build of configuration Debug for project Blink ****
make -r -j3 all 
make: Nothing to be done for `all'.
18:59:40 **** Incremental Build of configuration Debug for project Blink ****
make -r -j3 all 
make: Nothing to be done for `all'.
19:00:30 **** Incremental Build of configuration Debug for project Blink ****
make -r -j3 all 
make: Nothing to be done for `all'.
19:01:35 **** Incremental Build of configuration Debug for project Blink ****
make -r -j3 all 
make: Nothing to be done for `all'.
19:02:16 **** Incremental Build of configuration Debug for project Blink ****
make -r -j3 all 
make: Nothing to be done for `all'.
19:02:53 **** Incremental Build of configuration Debug for project Blink ****
make -r -j3 all 
make: Nothing to be done for `all'.
19:03:46 **** Incremental Build of configuration Debug for project Blink ****
make -r -j3 all 
make: Nothing to be done for `all'.
19:05:35 **** Incremental Build of configuration Debug for project Blink ****
make -r -j3 all 
make: Nothing to be done for `all'.
19:06:31 **** Incremental Build of configuration Debug for project Blink ****
make -r -j3 all 
make: Nothing to be done for `all'.
19:09:10 **** Incremental Build of configuration Debug for project Blink ****
make -r -j3 all 
Building file: ../source/i2c.c
Invoking: MCU C Compiler
arm-none-eabi-gcc -DCPU_MK64FN1M0VLL12 -D__USE_CMSIS -DDEBUG -I../source -I../ -I../SDK/CMSIS -I../SDK/startup -O0 -fno-common -g3 -Wall -c -ffunction-sections -fdata-sections -ffreestanding -fno-builtin -mcpu=cortex-m4 -mfpu=fpv4-sp-d16 -mfloat-abi=hard -mthumb -fstack-usage -MMD -MP -MF"source/i2c.d" -MT"source/i2c.o" -MT"source/i2c.d" -o "source/i2c.o" "../source/i2c.c"
../source/i2c.c: In function 'I2C0_IRQHandler':
../source/i2c.c:61:10: warning: variable 'dummy_data' set but not used [-Wunused-but-set-variable]
  uint8_t dummy_data;
          ^~~~~~~~~~
../source/i2c.c: In function 'i2cReadMsgBlocking':
../source/i2c.c:517:14: warning: unused variable 'dummy_data' [-Wunused-variable]
      uint8_t dummy_data = I2C_READ_BYTE;
              ^~~~~~~~~~
Finished building: ../source/i2c.c
 
Building target: Blink.axf
Invoking: MCU Linker
arm-none-eabi-gcc -nostdlib -Xlinker -Map="Blink.map" -Xlinker --gc-sections -Xlinker -print-memory-usage -Xlinker --sort-section=alignment -mcpu=cortex-m4 -mfpu=fpv4-sp-d16 -mfloat-abi=hard -mthumb -T "Blink_Debug.ld" -o "Blink.axf"  ./source/App.o ./source/Posicionamiento.o ./source/Sensores.o ./source/SysTick.o ./source/gpio.o ./source/i2c.o ./source/timer.o  ./SDK/startup/hardware.o ./SDK/startup/main.o ./SDK/startup/semihost_hardfault.o ./SDK/startup/startup_mk64f12.o  ./SDK/CMSIS/system_MK64F12.o   
Memory region         Used Size  Region Size  %age Used
   PROGRAM_FLASH:       12776 B         1 MB      1.22%
      SRAM_UPPER:        9312 B       192 KB      4.74%
      SRAM_LOWER:          0 GB        64 KB      0.00%
        FLEX_RAM:          0 GB         4 KB      0.00%
Finished building target: Blink.axf
 
make --no-print-directory post-build
Performing post-build steps
arm-none-eabi-size "Blink.axf"; # arm-none-eabi-objcopy -v -O binary "Blink.axf" "Blink.bin" ; # checksum -p MK64FN1M0xxx12 -d "Blink.bin";
   text	   data	    bss	    dec	    hex	filename
  12664	    112	   9200	  21976	   55d8	Blink.axf
 
19:09:51 **** Incremental Build of configuration Debug for project Blink ****
make -r -j3 all 
make: Nothing to be done for `all'.
19:11:26 **** Incremental Build of configuration Debug for project Blink ****
make -r -j3 all 
Building file: ../source/i2c.c
Invoking: MCU C Compiler
arm-none-eabi-gcc -DCPU_MK64FN1M0VLL12 -D__USE_CMSIS -DDEBUG -I../source -I../ -I../SDK/CMSIS -I../SDK/startup -O0 -fno-common -g3 -Wall -c -ffunction-sections -fdata-sections -ffreestanding -fno-builtin -mcpu=cortex-m4 -mfpu=fpv4-sp-d16 -mfloat-abi=hard -mthumb -fstack-usage -MMD -MP -MF"source/i2c.d" -MT"source/i2c.o" -MT"source/i2c.d" -o "source/i2c.o" "../source/i2c.c"
../source/i2c.c: In function 'I2C0_IRQHandler':
../source/i2c.c:61:10: warning: variable 'dummy_data' set but not used [-Wunused-but-set-variable]
  uint8_t dummy_data;
          ^~~~~~~~~~
../source/i2c.c: In function 'i2cReadMsgBlocking':
../source/i2c.c:517:14: warning: unused variable 'dummy_data' [-Wunused-variable]
      uint8_t dummy_data = I2C_READ_BYTE;
              ^~~~~~~~~~
Finished building: ../source/i2c.c
 
Building target: Blink.axf
Invoking: MCU Linker
arm-none-eabi-gcc -nostdlib -Xlinker -Map="Blink.map" -Xlinker --gc-sections -Xlinker -print-memory-usage -Xlinker --sort-section=alignment -mcpu=cortex-m4 -mfpu=fpv4-sp-d16 -mfloat-abi=hard -mthumb -T "Blink_Debug.ld" -o "Blink.axf"  ./source/App.o ./source/Posicionamiento.o ./source/Sensores.o ./source/SysTick.o ./source/gpio.o ./source/i2c.o ./source/timer.o  ./SDK/startup/hardware.o ./SDK/startup/main.o ./SDK/startup/semihost_hardfault.o ./SDK/startup/startup_mk64f12.o  ./SDK/CMSIS/system_MK64F12.o   
Memory region         Used Size  Region Size  %age Used
   PROGRAM_FLASH:       12776 B         1 MB      1.22%
      SRAM_UPPER:        9312 B       192 KB      4.74%
      SRAM_LOWER:          0 GB        64 KB      0.00%
        FLEX_RAM:          0 GB         4 KB      0.00%
Finished building target: Blink.axf
 
make --no-print-directory post-build
Performing post-build steps
arm-none-eabi-size "Blink.axf"; # arm-none-eabi-objcopy -v -O binary "Blink.axf" "Blink.bin" ; # checksum -p MK64FN1M0xxx12 -d "Blink.bin";
   text	   data	    bss	    dec	    hex	filename
  12664	    112	   9200	  21976	   55d8	Blink.axf
 
19:12:57 **** Incremental Build of configuration Debug for project Blink ****
make -r -j3 all 
Building file: ../source/i2c.c
Invoking: MCU C Compiler
arm-none-eabi-gcc -DCPU_MK64FN1M0VLL12 -D__USE_CMSIS -DDEBUG -I../source -I../ -I../SDK/CMSIS -I../SDK/startup -O0 -fno-common -g3 -Wall -c -ffunction-sections -fdata-sections -ffreestanding -fno-builtin -mcpu=cortex-m4 -mfpu=fpv4-sp-d16 -mfloat-abi=hard -mthumb -fstack-usage -MMD -MP -MF"source/i2c.d" -MT"source/i2c.o" -MT"source/i2c.d" -o "source/i2c.o" "../source/i2c.c"
../source/i2c.c: In function 'I2C0_IRQHandler':
../source/i2c.c:61:10: warning: variable 'dummy_data' set but not used [-Wunused-but-set-variable]
  uint8_t dummy_data;
          ^~~~~~~~~~
../source/i2c.c: In function 'i2cReadMsgBlocking':
../source/i2c.c:514:14: warning: unused variable 'dummy_data' [-Wunused-variable]
      uint8_t dummy_data = I2C_READ_BYTE;
              ^~~~~~~~~~
Finished building: ../source/i2c.c
 
Building target: Blink.axf
Invoking: MCU Linker
arm-none-eabi-gcc -nostdlib -Xlinker -Map="Blink.map" -Xlinker --gc-sections -Xlinker -print-memory-usage -Xlinker --sort-section=alignment -mcpu=cortex-m4 -mfpu=fpv4-sp-d16 -mfloat-abi=hard -mthumb -T "Blink_Debug.ld" -o "Blink.axf"  ./source/App.o ./source/Posicionamiento.o ./source/Sensores.o ./source/SysTick.o ./source/gpio.o ./source/i2c.o ./source/timer.o  ./SDK/startup/hardware.o ./SDK/startup/main.o ./SDK/startup/semihost_hardfault.o ./SDK/startup/startup_mk64f12.o  ./SDK/CMSIS/system_MK64F12.o   
Memory region         Used Size  Region Size  %age Used
   PROGRAM_FLASH:       12776 B         1 MB      1.22%
      SRAM_UPPER:        9312 B       192 KB      4.74%
      SRAM_LOWER:          0 GB        64 KB      0.00%
        FLEX_RAM:          0 GB         4 KB      0.00%
Finished building target: Blink.axf
 
make --no-print-directory post-build
Performing post-build steps
arm-none-eabi-size "Blink.axf"; # arm-none-eabi-objcopy -v -O binary "Blink.axf" "Blink.bin" ; # checksum -p MK64FN1M0xxx12 -d "Blink.bin";
   text	   data	    bss	    dec	    hex	filename
  12664	    112	   9200	  21976	   55d8	Blink.axf
 
19:15:38 **** Incremental Build of configuration Debug for project Blink ****
make -r -j3 all 
Building file: ../source/Sensores.c
Invoking: MCU C Compiler
arm-none-eabi-gcc -DCPU_MK64FN1M0VLL12 -D__USE_CMSIS -DDEBUG -I../source -I../ -I../SDK/CMSIS -I../SDK/startup -O0 -fno-common -g3 -Wall -c -ffunction-sections -fdata-sections -ffreestanding -fno-builtin -mcpu=cortex-m4 -mfpu=fpv4-sp-d16 -mfloat-abi=hard -mthumb -fstack-usage -MMD -MP -MF"source/Sensores.d" -MT"source/Sensores.o" -MT"source/Sensores.d" -o "source/Sensores.o" "../source/Sensores.c"
../source/Sensores.c: In function '_mqx_ints_FXOS8700CQ_start':
../source/Sensores.c:92:80: warning: comparison between 'I2C_FAULT' {aka 'enum <anonymous>'} and 'enum <anonymous>' [-Wenum-compare]
  if (i2cReadMsgBlocking(&databyte, 1, FXOS8700CQ_WHOAMI, FXOS8700CQ_SLAVE_ADDR)!= I2C_OK)
                                                                                ^~
Finished building: ../source/Sensores.c
 
Building target: Blink.axf
Invoking: MCU Linker
arm-none-eabi-gcc -nostdlib -Xlinker -Map="Blink.map" -Xlinker --gc-sections -Xlinker -print-memory-usage -Xlinker --sort-section=alignment -mcpu=cortex-m4 -mfpu=fpv4-sp-d16 -mfloat-abi=hard -mthumb -T "Blink_Debug.ld" -o "Blink.axf"  ./source/App.o ./source/Posicionamiento.o ./source/Sensores.o ./source/SysTick.o ./source/gpio.o ./source/i2c.o ./source/timer.o  ./SDK/startup/hardware.o ./SDK/startup/main.o ./SDK/startup/semihost_hardfault.o ./SDK/startup/startup_mk64f12.o  ./SDK/CMSIS/system_MK64F12.o   
Memory region         Used Size  Region Size  %age Used
   PROGRAM_FLASH:       12752 B         1 MB      1.22%
      SRAM_UPPER:        9312 B       192 KB      4.74%
      SRAM_LOWER:          0 GB        64 KB      0.00%
        FLEX_RAM:          0 GB         4 KB      0.00%
Finished building target: Blink.axf
 
make --no-print-directory post-build
Performing post-build steps
arm-none-eabi-size "Blink.axf"; # arm-none-eabi-objcopy -v -O binary "Blink.axf" "Blink.bin" ; # checksum -p MK64FN1M0xxx12 -d "Blink.bin";
   text	   data	    bss	    dec	    hex	filename
  12640	    112	   9200	  21952	   55c0	Blink.axf
 
19:16:20 **** Incremental Build of configuration Debug for project Blink ****
make -r -j3 all 
Building file: ../source/Sensores.c
Invoking: MCU C Compiler
arm-none-eabi-gcc -DCPU_MK64FN1M0VLL12 -D__USE_CMSIS -DDEBUG -I../source -I../ -I../SDK/CMSIS -I../SDK/startup -O0 -fno-common -g3 -Wall -c -ffunction-sections -fdata-sections -ffreestanding -fno-builtin -mcpu=cortex-m4 -mfpu=fpv4-sp-d16 -mfloat-abi=hard -mthumb -fstack-usage -MMD -MP -MF"source/Sensores.d" -MT"source/Sensores.o" -MT"source/Sensores.d" -o "source/Sensores.o" "../source/Sensores.c"
Finished building: ../source/Sensores.c
 
Building target: Blink.axf
Invoking: MCU Linker
arm-none-eabi-gcc -nostdlib -Xlinker -Map="Blink.map" -Xlinker --gc-sections -Xlinker -print-memory-usage -Xlinker --sort-section=alignment -mcpu=cortex-m4 -mfpu=fpv4-sp-d16 -mfloat-abi=hard -mthumb -T "Blink_Debug.ld" -o "Blink.axf"  ./source/App.o ./source/Posicionamiento.o ./source/Sensores.o ./source/SysTick.o ./source/gpio.o ./source/i2c.o ./source/timer.o  ./SDK/startup/hardware.o ./SDK/startup/main.o ./SDK/startup/semihost_hardfault.o ./SDK/startup/startup_mk64f12.o  ./SDK/CMSIS/system_MK64F12.o   
Memory region         Used Size  Region Size  %age Used
   PROGRAM_FLASH:       12752 B         1 MB      1.22%
      SRAM_UPPER:        9312 B       192 KB      4.74%
      SRAM_LOWER:          0 GB        64 KB      0.00%
        FLEX_RAM:          0 GB         4 KB      0.00%
Finished building target: Blink.axf
 
make --no-print-directory post-build
Performing post-build steps
arm-none-eabi-size "Blink.axf"; # arm-none-eabi-objcopy -v -O binary "Blink.axf" "Blink.bin" ; # checksum -p MK64FN1M0xxx12 -d "Blink.bin";
   text	   data	    bss	    dec	    hex	filename
  12640	    112	   9200	  21952	   55c0	Blink.axf
 
