17:18:48 **** Incremental Build of configuration Debug for project Guia_4_uart ****
make -r -j8 all 
Building file: ../source/uart.c
Invoking: MCU C Compiler
arm-none-eabi-gcc -DCPU_MK64FN1M0VLL12 -D__USE_CMSIS -DDEBUG -I../source -I../ -I../SDK/CMSIS -I../SDK/startup -O0 -fno-common -g3 -Wall -c -ffunction-sections -fdata-sections -ffreestanding -fno-builtin -mcpu=cortex-m4 -mfpu=fpv4-sp-d16 -mfloat-abi=hard -mthumb -MMD -MP -MF"source/uart.d" -MT"source/uart.o" -MT"source/uart.d" -o "source/uart.o" "../source/uart.c"
Finished building: ../source/uart.c
 
Building target: Guia_4_uart.axf
Invoking: MCU Linker
arm-none-eabi-gcc -nostdlib -Xlinker -Map="Guia_4_uart.map" -Xlinker --gc-sections -Xlinker -print-memory-usage -Xlinker --sort-section=alignment -mcpu=cortex-m4 -mfpu=fpv4-sp-d16 -mfloat-abi=hard -mthumb -T "Blink_Debug.ld" -o "Guia_4_uart.axf"  ./source/App.o ./source/uart.o  ./SDK/startup/hardware.o ./SDK/startup/main.o ./SDK/startup/semihost_hardfault.o ./SDK/startup/startup_mk64f12.o  ./SDK/CMSIS/system_MK64F12.o  C:/Users/newto/LABO_DE_MICROS/Guia_4_uart/source/gpio.o 
Memory region         Used Size  Region Size  %age Used
   PROGRAM_FLASH:        3560 B         1 MB      0.34%
      SRAM_UPPER:        8632 B       192 KB      4.39%
      SRAM_LOWER:          0 GB        64 KB      0.00%
        FLEX_RAM:          0 GB         4 KB      0.00%
Finished building target: Guia_4_uart.axf
 
make --no-print-directory post-build
Performing post-build steps
arm-none-eabi-size "Guia_4_uart.axf"; # arm-none-eabi-objcopy -v -O binary "Guia_4_uart.axf" "Guia_4_uart.bin" ; # checksum -p MK64FN1M0xxx12 -d "Guia_4_uart.bin";
   text	   data	    bss	    dec	    hex	filename
   3536	     24	   8608	  12168	   2f88	Guia_4_uart.axf
 
17:18:50 **** Incremental Build of configuration Debug for project Guia_4_uart ****
make -r -j8 all 
make: Nothing to be done for `all'.
17:20:50 **** Incremental Build of configuration Debug for project Guia_4_uart ****
make -r -j8 all 
Building file: ../source/uart.c
Invoking: MCU C Compiler
arm-none-eabi-gcc -DCPU_MK64FN1M0VLL12 -D__USE_CMSIS -DDEBUG -I../source -I../ -I../SDK/CMSIS -I../SDK/startup -O0 -fno-common -g3 -Wall -c -ffunction-sections -fdata-sections -ffreestanding -fno-builtin -mcpu=cortex-m4 -mfpu=fpv4-sp-d16 -mfloat-abi=hard -mthumb -MMD -MP -MF"source/uart.d" -MT"source/uart.o" -MT"source/uart.d" -o "source/uart.o" "../source/uart.c"
Finished building: ../source/uart.c
 
Building target: Guia_4_uart.axf
Invoking: MCU Linker
arm-none-eabi-gcc -nostdlib -Xlinker -Map="Guia_4_uart.map" -Xlinker --gc-sections -Xlinker -print-memory-usage -Xlinker --sort-section=alignment -mcpu=cortex-m4 -mfpu=fpv4-sp-d16 -mfloat-abi=hard -mthumb -T "Blink_Debug.ld" -o "Guia_4_uart.axf"  ./source/App.o ./source/uart.o  ./SDK/startup/hardware.o ./SDK/startup/main.o ./SDK/startup/semihost_hardfault.o ./SDK/startup/startup_mk64f12.o  ./SDK/CMSIS/system_MK64F12.o  C:/Users/newto/LABO_DE_MICROS/Guia_4_uart/source/gpio.o 
Memory region         Used Size  Region Size  %age Used
   PROGRAM_FLASH:        3560 B         1 MB      0.34%
      SRAM_UPPER:        8632 B       192 KB      4.39%
      SRAM_LOWER:          0 GB        64 KB      0.00%
        FLEX_RAM:          0 GB         4 KB      0.00%
Finished building target: Guia_4_uart.axf
 
make --no-print-directory post-build
Performing post-build steps
arm-none-eabi-size "Guia_4_uart.axf"; # arm-none-eabi-objcopy -v -O binary "Guia_4_uart.axf" "Guia_4_uart.bin" ; # checksum -p MK64FN1M0xxx12 -d "Guia_4_uart.bin";
   text	   data	    bss	    dec	    hex	filename
   3536	     24	   8608	  12168	   2f88	Guia_4_uart.axf
 
17:20:52 **** Incremental Build of configuration Debug for project Guia_4_uart ****
make -r -j8 all 
make: Nothing to be done for `all'.
17:23:08 **** Incremental Build of configuration Debug for project Guia_4_uart ****
make -r -j8 all 
make: Nothing to be done for `all'.
17:23:13 **** Incremental Build of configuration Debug for project Guia_4_uart ****
make -r -j8 all 
make: Nothing to be done for `all'.
17:24:06 **** Incremental Build of configuration Debug for project Guia_4_uart ****
make -r -j8 all 
make: Nothing to be done for `all'.
17:24:07 **** Incremental Build of configuration Debug for project Guia_4_uart ****
make -r -j8 all 
make: Nothing to be done for `all'.
17:26:48 **** Incremental Build of configuration Debug for project Guia_4_uart ****
make -r -j8 all 
Building file: ../source/App.c
Invoking: MCU C Compiler
arm-none-eabi-gcc -DCPU_MK64FN1M0VLL12 -D__USE_CMSIS -DDEBUG -I../source -I../ -I../SDK/CMSIS -I../SDK/startup -O0 -fno-common -g3 -Wall -c -ffunction-sections -fdata-sections -ffreestanding -fno-builtin -mcpu=cortex-m4 -mfpu=fpv4-sp-d16 -mfloat-abi=hard -mthumb -MMD -MP -MF"source/App.d" -MT"source/App.o" -MT"source/App.d" -o "source/App.o" "../source/App.c"
../source/App.c: In function 'App_Run':
../source/App.c:50:5: warning: implicit declaration of function 'sendWord' [-Wimplicit-function-declaration]
     sendWord("¡Bualo Ari y Valen xdxdxd!");
     ^~~~~~~~
Finished building: ../source/App.c
 
Building target: Guia_4_uart.axf
Invoking: MCU Linker
arm-none-eabi-gcc -nostdlib -Xlinker -Map="Guia_4_uart.map" -Xlinker --gc-sections -Xlinker -print-memory-usage -Xlinker --sort-section=alignment -mcpu=cortex-m4 -mfpu=fpv4-sp-d16 -mfloat-abi=hard -mthumb -T "Blink_Debug.ld" -o "Guia_4_uart.axf"  ./source/App.o ./source/uart.o  ./SDK/startup/hardware.o ./SDK/startup/main.o ./SDK/startup/semihost_hardfault.o ./SDK/startup/startup_mk64f12.o  ./SDK/CMSIS/system_MK64F12.o  C:/Users/newto/LABO_DE_MICROS/Guia_4_uart/source/gpio.o 
Memory region         Used Size  Region Size  %age Used
   PROGRAM_FLASH:        3560 B         1 MB      0.34%
      SRAM_UPPER:        8632 B       192 KB      4.39%
      SRAM_LOWER:          0 GB        64 KB      0.00%
        FLEX_RAM:          0 GB         4 KB      0.00%
Finished building target: Guia_4_uart.axf
 
make --no-print-directory post-build
Performing post-build steps
arm-none-eabi-size "Guia_4_uart.axf"; # arm-none-eabi-objcopy -v -O binary "Guia_4_uart.axf" "Guia_4_uart.bin" ; # checksum -p MK64FN1M0xxx12 -d "Guia_4_uart.bin";
   text	   data	    bss	    dec	    hex	filename
   3536	     24	   8608	  12168	   2f88	Guia_4_uart.axf
 
17:26:51 **** Incremental Build of configuration Debug for project Guia_4_uart ****
make -r -j8 all 
make: Nothing to be done for `all'.
17:30:06 **** Incremental Build of configuration Debug for project Guia_4_uart ****
make -r -j8 all 
Building file: ../source/App.c
Invoking: MCU C Compiler
arm-none-eabi-gcc -DCPU_MK64FN1M0VLL12 -D__USE_CMSIS -DDEBUG -I../source -I../ -I../SDK/CMSIS -I../SDK/startup -O0 -fno-common -g3 -Wall -c -ffunction-sections -fdata-sections -ffreestanding -fno-builtin -mcpu=cortex-m4 -mfpu=fpv4-sp-d16 -mfloat-abi=hard -mthumb -MMD -MP -MF"source/App.d" -MT"source/App.o" -MT"source/App.d" -o "source/App.o" "../source/App.c"
../source/App.c: In function 'App_Run':
../source/App.c:50:5: warning: implicit declaration of function 'sendWord' [-Wimplicit-function-declaration]
     sendWord("¡Bualo Ari y Valen xdxdxd!");
     ^~~~~~~~
Finished building: ../source/App.c
 
Building target: Guia_4_uart.axf
Invoking: MCU Linker
arm-none-eabi-gcc -nostdlib -Xlinker -Map="Guia_4_uart.map" -Xlinker --gc-sections -Xlinker -print-memory-usage -Xlinker --sort-section=alignment -mcpu=cortex-m4 -mfpu=fpv4-sp-d16 -mfloat-abi=hard -mthumb -T "Blink_Debug.ld" -o "Guia_4_uart.axf"  ./source/App.o ./source/uart.o  ./SDK/startup/hardware.o ./SDK/startup/main.o ./SDK/startup/semihost_hardfault.o ./SDK/startup/startup_mk64f12.o  ./SDK/CMSIS/system_MK64F12.o  C:/Users/newto/LABO_DE_MICROS/Guia_4_uart/source/gpio.o 
Memory region         Used Size  Region Size  %age Used
   PROGRAM_FLASH:        3560 B         1 MB      0.34%
      SRAM_UPPER:        8632 B       192 KB      4.39%
      SRAM_LOWER:          0 GB        64 KB      0.00%
        FLEX_RAM:          0 GB         4 KB      0.00%
Finished building target: Guia_4_uart.axf
 
make --no-print-directory post-build
Performing post-build steps
arm-none-eabi-size "Guia_4_uart.axf"; # arm-none-eabi-objcopy -v -O binary "Guia_4_uart.axf" "Guia_4_uart.bin" ; # checksum -p MK64FN1M0xxx12 -d "Guia_4_uart.bin";
   text	   data	    bss	    dec	    hex	filename
   3536	     24	   8608	  12168	   2f88	Guia_4_uart.axf
 
17:30:09 **** Incremental Build of configuration Debug for project Guia_4_uart ****
make -r -j8 all 
make: Nothing to be done for `all'.
17:30:24 **** Incremental Build of configuration Debug for project Guia_4_uart ****
make -r -j8 all 
make: Nothing to be done for `all'.
17:30:28 **** Incremental Build of configuration Debug for project Guia_4_uart ****
make -r -j8 all 
make: Nothing to be done for `all'.
17:30:33 **** Incremental Build of configuration Debug for project Guia_4_uart ****
make -r -j8 all 
make: Nothing to be done for `all'.
17:30:37 **** Incremental Build of configuration Debug for project Guia_4_uart ****
make -r -j8 all 
make: Nothing to be done for `all'.
17:31:17 **** Incremental Build of configuration Debug for project Guia_4_uart ****
make -r -j8 all 
Building file: ../source/uart.c
Invoking: MCU C Compiler
arm-none-eabi-gcc -DCPU_MK64FN1M0VLL12 -D__USE_CMSIS -DDEBUG -I../source -I../ -I../SDK/CMSIS -I../SDK/startup -O0 -fno-common -g3 -Wall -c -ffunction-sections -fdata-sections -ffreestanding -fno-builtin -mcpu=cortex-m4 -mfpu=fpv4-sp-d16 -mfloat-abi=hard -mthumb -MMD -MP -MF"source/uart.d" -MT"source/uart.o" -MT"source/uart.d" -o "source/uart.o" "../source/uart.c"
Finished building: ../source/uart.c
 
Building target: Guia_4_uart.axf
Invoking: MCU Linker
arm-none-eabi-gcc -nostdlib -Xlinker -Map="Guia_4_uart.map" -Xlinker --gc-sections -Xlinker -print-memory-usage -Xlinker --sort-section=alignment -mcpu=cortex-m4 -mfpu=fpv4-sp-d16 -mfloat-abi=hard -mthumb -T "Blink_Debug.ld" -o "Guia_4_uart.axf"  ./source/App.o ./source/uart.o  ./SDK/startup/hardware.o ./SDK/startup/main.o ./SDK/startup/semihost_hardfault.o ./SDK/startup/startup_mk64f12.o  ./SDK/CMSIS/system_MK64F12.o  C:/Users/newto/LABO_DE_MICROS/Guia_4_uart/source/gpio.o 
Memory region         Used Size  Region Size  %age Used
   PROGRAM_FLASH:        3560 B         1 MB      0.34%
      SRAM_UPPER:        8632 B       192 KB      4.39%
      SRAM_LOWER:          0 GB        64 KB      0.00%
        FLEX_RAM:          0 GB         4 KB      0.00%
Finished building target: Guia_4_uart.axf
 
make --no-print-directory post-build
Performing post-build steps
arm-none-eabi-size "Guia_4_uart.axf"; # arm-none-eabi-objcopy -v -O binary "Guia_4_uart.axf" "Guia_4_uart.bin" ; # checksum -p MK64FN1M0xxx12 -d "Guia_4_uart.bin";
   text	   data	    bss	    dec	    hex	filename
   3536	     24	   8608	  12168	   2f88	Guia_4_uart.axf
 
17:31:19 **** Incremental Build of configuration Debug for project Guia_4_uart ****
make -r -j8 all 
make: Nothing to be done for `all'.
17:31:30 **** Incremental Build of configuration Debug for project Guia_4_uart ****
make -r -j8 all 
make: Nothing to be done for `all'.
17:31:40 **** Incremental Build of configuration Debug for project Guia_4_uart ****
make -r -j8 all 
make: Nothing to be done for `all'.
17:31:45 **** Incremental Build of configuration Debug for project Guia_4_uart ****
make -r -j8 all 
make: Nothing to be done for `all'.
17:33:33 **** Incremental Build of configuration Debug for project Guia_4_uart ****
make -r -j8 all 
Building file: ../source/uart.c
Invoking: MCU C Compiler
arm-none-eabi-gcc -DCPU_MK64FN1M0VLL12 -D__USE_CMSIS -DDEBUG -I../source -I../ -I../SDK/CMSIS -I../SDK/startup -O0 -fno-common -g3 -Wall -c -ffunction-sections -fdata-sections -ffreestanding -fno-builtin -mcpu=cortex-m4 -mfpu=fpv4-sp-d16 -mfloat-abi=hard -mthumb -MMD -MP -MF"source/uart.d" -MT"source/uart.o" -MT"source/uart.d" -o "source/uart.o" "../source/uart.c"
Finished building: ../source/uart.c
 
Building target: Guia_4_uart.axf
Invoking: MCU Linker
arm-none-eabi-gcc -nostdlib -Xlinker -Map="Guia_4_uart.map" -Xlinker --gc-sections -Xlinker -print-memory-usage -Xlinker --sort-section=alignment -mcpu=cortex-m4 -mfpu=fpv4-sp-d16 -mfloat-abi=hard -mthumb -T "Blink_Debug.ld" -o "Guia_4_uart.axf"  ./source/App.o ./source/uart.o  ./SDK/startup/hardware.o ./SDK/startup/main.o ./SDK/startup/semihost_hardfault.o ./SDK/startup/startup_mk64f12.o  ./SDK/CMSIS/system_MK64F12.o  C:/Users/newto/LABO_DE_MICROS/Guia_4_uart/source/gpio.o 
Memory region         Used Size  Region Size  %age Used
   PROGRAM_FLASH:        3560 B         1 MB      0.34%
      SRAM_UPPER:        8632 B       192 KB      4.39%
      SRAM_LOWER:          0 GB        64 KB      0.00%
        FLEX_RAM:          0 GB         4 KB      0.00%
Finished building target: Guia_4_uart.axf
 
make --no-print-directory post-build
Performing post-build steps
arm-none-eabi-size "Guia_4_uart.axf"; # arm-none-eabi-objcopy -v -O binary "Guia_4_uart.axf" "Guia_4_uart.bin" ; # checksum -p MK64FN1M0xxx12 -d "Guia_4_uart.bin";
   text	   data	    bss	    dec	    hex	filename
   3536	     24	   8608	  12168	   2f88	Guia_4_uart.axf
 
17:33:36 **** Incremental Build of configuration Debug for project Guia_4_uart ****
make -r -j8 all 
make: Nothing to be done for `all'.
17:33:43 **** Incremental Build of configuration Debug for project Guia_4_uart ****
make -r -j8 all 
make: Nothing to be done for `all'.
17:33:49 **** Incremental Build of configuration Debug for project Guia_4_uart ****
make -r -j8 all 
make: Nothing to be done for `all'.
17:34:33 **** Incremental Build of configuration Debug for project Guia_4_uart ****
make -r -j8 all 
Building file: ../source/uart.c
Invoking: MCU C Compiler
arm-none-eabi-gcc -DCPU_MK64FN1M0VLL12 -D__USE_CMSIS -DDEBUG -I../source -I../ -I../SDK/CMSIS -I../SDK/startup -O0 -fno-common -g3 -Wall -c -ffunction-sections -fdata-sections -ffreestanding -fno-builtin -mcpu=cortex-m4 -mfpu=fpv4-sp-d16 -mfloat-abi=hard -mthumb -MMD -MP -MF"source/uart.d" -MT"source/uart.o" -MT"source/uart.d" -o "source/uart.o" "../source/uart.c"
Finished building: ../source/uart.c
 
Building target: Guia_4_uart.axf
Invoking: MCU Linker
arm-none-eabi-gcc -nostdlib -Xlinker -Map="Guia_4_uart.map" -Xlinker --gc-sections -Xlinker -print-memory-usage -Xlinker --sort-section=alignment -mcpu=cortex-m4 -mfpu=fpv4-sp-d16 -mfloat-abi=hard -mthumb -T "Blink_Debug.ld" -o "Guia_4_uart.axf"  ./source/App.o ./source/uart.o  ./SDK/startup/hardware.o ./SDK/startup/main.o ./SDK/startup/semihost_hardfault.o ./SDK/startup/startup_mk64f12.o  ./SDK/CMSIS/system_MK64F12.o  C:/Users/newto/LABO_DE_MICROS/Guia_4_uart/source/gpio.o 
Memory region         Used Size  Region Size  %age Used
   PROGRAM_FLASH:        3560 B         1 MB      0.34%
      SRAM_UPPER:        8632 B       192 KB      4.39%
      SRAM_LOWER:          0 GB        64 KB      0.00%
        FLEX_RAM:          0 GB         4 KB      0.00%
Finished building target: Guia_4_uart.axf
 
make --no-print-directory post-build
Performing post-build steps
arm-none-eabi-size "Guia_4_uart.axf"; # arm-none-eabi-objcopy -v -O binary "Guia_4_uart.axf" "Guia_4_uart.bin" ; # checksum -p MK64FN1M0xxx12 -d "Guia_4_uart.bin";
   text	   data	    bss	    dec	    hex	filename
   3536	     24	   8608	  12168	   2f88	Guia_4_uart.axf
 
17:34:49 **** Incremental Build of configuration Debug for project Guia_4_uart ****
make -r -j8 all 
make: Nothing to be done for `all'.
17:36:41 **** Incremental Build of configuration Debug for project Guia_4_uart ****
make -r -j8 all 
Building file: ../source/App.c
Invoking: MCU C Compiler
arm-none-eabi-gcc -DCPU_MK64FN1M0VLL12 -D__USE_CMSIS -DDEBUG -I../source -I../ -I../SDK/CMSIS -I../SDK/startup -O0 -fno-common -g3 -Wall -c -ffunction-sections -fdata-sections -ffreestanding -fno-builtin -mcpu=cortex-m4 -mfpu=fpv4-sp-d16 -mfloat-abi=hard -mthumb -MMD -MP -MF"source/App.d" -MT"source/App.o" -MT"source/App.d" -o "source/App.o" "../source/App.c"
../source/App.c: In function 'App_Run':
../source/App.c:50:5: warning: implicit declaration of function 'sendWord' [-Wimplicit-function-declaration]
     sendWord("¡Bualo Ari y Valen xdxdxd!");
     ^~~~~~~~
Finished building: ../source/App.c
 
Building target: Guia_4_uart.axf
Invoking: MCU Linker
arm-none-eabi-gcc -nostdlib -Xlinker -Map="Guia_4_uart.map" -Xlinker --gc-sections -Xlinker -print-memory-usage -Xlinker --sort-section=alignment -mcpu=cortex-m4 -mfpu=fpv4-sp-d16 -mfloat-abi=hard -mthumb -T "Blink_Debug.ld" -o "Guia_4_uart.axf"  ./source/App.o ./source/uart.o  ./SDK/startup/hardware.o ./SDK/startup/main.o ./SDK/startup/semihost_hardfault.o ./SDK/startup/startup_mk64f12.o  ./SDK/CMSIS/system_MK64F12.o  C:/Users/newto/LABO_DE_MICROS/Guia_4_uart/source/gpio.o 
Memory region         Used Size  Region Size  %age Used
   PROGRAM_FLASH:        3560 B         1 MB      0.34%
      SRAM_UPPER:        8632 B       192 KB      4.39%
      SRAM_LOWER:          0 GB        64 KB      0.00%
        FLEX_RAM:          0 GB         4 KB      0.00%
Finished building target: Guia_4_uart.axf
 
make --no-print-directory post-build
Performing post-build steps
arm-none-eabi-size "Guia_4_uart.axf"; # arm-none-eabi-objcopy -v -O binary "Guia_4_uart.axf" "Guia_4_uart.bin" ; # checksum -p MK64FN1M0xxx12 -d "Guia_4_uart.bin";
   text	   data	    bss	    dec	    hex	filename
   3536	     24	   8608	  12168	   2f88	Guia_4_uart.axf
 
17:36:42 **** Incremental Build of configuration Debug for project Guia_4_uart ****
make -r -j8 all 
make: Nothing to be done for `all'.
17:36:48 **** Incremental Build of configuration Debug for project Guia_4_uart ****
make -r -j8 all 
make: Nothing to be done for `all'.
17:45:09 **** Incremental Build of configuration Debug for project Guia_4_uart ****
make -r -j8 all 
Building file: ../source/App.c
Building file: ../source/uart.c
Invoking: MCU C Compiler
arm-none-eabi-gcc -DCPU_MK64FN1M0VLL12 -D__USE_CMSIS -DDEBUG -I../source -I../ -I../SDK/CMSIS -I../SDK/startup -O0 -fno-common -g3 -Wall -c -ffunction-sections -fdata-sections -ffreestanding -fno-builtin -mcpu=cortex-m4 -mfpu=fpv4-sp-d16 -mfloat-abi=hard -mthumb -MMD -MP -MF"source/App.d" -MT"source/App.o" -MT"source/App.d" -o "source/App.o" "../source/App.c"
Invoking: MCU C Compiler
arm-none-eabi-gcc -DCPU_MK64FN1M0VLL12 -D__USE_CMSIS -DDEBUG -I../source -I../ -I../SDK/CMSIS -I../SDK/startup -O0 -fno-common -g3 -Wall -c -ffunction-sections -fdata-sections -ffreestanding -fno-builtin -mcpu=cortex-m4 -mfpu=fpv4-sp-d16 -mfloat-abi=hard -mthumb -MMD -MP -MF"source/uart.d" -MT"source/uart.o" -MT"source/uart.d" -o "source/uart.o" "../source/uart.c"
../source/App.c: In function 'App_Run':
../source/App.c:50:5: warning: implicit declaration of function 'sendWord' [-Wimplicit-function-declaration]
     sendWord("¡Bualo Ari y Valen xdxdxd!");
     ^~~~~~~~
Finished building: ../source/App.c
 
Finished building: ../source/uart.c
 
Building target: Guia_4_uart.axf
Invoking: MCU Linker
arm-none-eabi-gcc -nostdlib -Xlinker -Map="Guia_4_uart.map" -Xlinker --gc-sections -Xlinker -print-memory-usage -Xlinker --sort-section=alignment -mcpu=cortex-m4 -mfpu=fpv4-sp-d16 -mfloat-abi=hard -mthumb -T "Blink_Debug.ld" -o "Guia_4_uart.axf"  ./source/App.o ./source/uart.o  ./SDK/startup/hardware.o ./SDK/startup/main.o ./SDK/startup/semihost_hardfault.o ./SDK/startup/startup_mk64f12.o  ./SDK/CMSIS/system_MK64F12.o  C:/Users/newto/LABO_DE_MICROS/Guia_4_uart/source/gpio.o 
Memory region         Used Size  Region Size  %age Used
   PROGRAM_FLASH:        3560 B         1 MB      0.34%
      SRAM_UPPER:        8632 B       192 KB      4.39%
      SRAM_LOWER:          0 GB        64 KB      0.00%
        FLEX_RAM:          0 GB         4 KB      0.00%
Finished building target: Guia_4_uart.axf
 
make --no-print-directory post-build
Performing post-build steps
arm-none-eabi-size "Guia_4_uart.axf"; # arm-none-eabi-objcopy -v -O binary "Guia_4_uart.axf" "Guia_4_uart.bin" ; # checksum -p MK64FN1M0xxx12 -d "Guia_4_uart.bin";
   text	   data	    bss	    dec	    hex	filename
   3536	     24	   8608	  12168	   2f88	Guia_4_uart.axf
 
17:45:18 **** Incremental Build of configuration Debug for project Guia_4_uart ****
make -r -j8 all 
make: Nothing to be done for `all'.
17:45:40 **** Incremental Build of configuration Debug for project Guia_4_uart ****
make -r -j8 all 
make: Nothing to be done for `all'.
17:46:29 **** Incremental Build of configuration Debug for project Guia_4_uart ****
make -r -j8 all 
Building file: ../source/uart.c
Invoking: MCU C Compiler
arm-none-eabi-gcc -DCPU_MK64FN1M0VLL12 -D__USE_CMSIS -DDEBUG -I../source -I../ -I../SDK/CMSIS -I../SDK/startup -O0 -fno-common -g3 -Wall -c -ffunction-sections -fdata-sections -ffreestanding -fno-builtin -mcpu=cortex-m4 -mfpu=fpv4-sp-d16 -mfloat-abi=hard -mthumb -MMD -MP -MF"source/uart.d" -MT"source/uart.o" -MT"source/uart.d" -o "source/uart.o" "../source/uart.c"
Finished building: ../source/uart.c
 
Building target: Guia_4_uart.axf
Invoking: MCU Linker
arm-none-eabi-gcc -nostdlib -Xlinker -Map="Guia_4_uart.map" -Xlinker --gc-sections -Xlinker -print-memory-usage -Xlinker --sort-section=alignment -mcpu=cortex-m4 -mfpu=fpv4-sp-d16 -mfloat-abi=hard -mthumb -T "Blink_Debug.ld" -o "Guia_4_uart.axf"  ./source/App.o ./source/uart.o  ./SDK/startup/hardware.o ./SDK/startup/main.o ./SDK/startup/semihost_hardfault.o ./SDK/startup/startup_mk64f12.o  ./SDK/CMSIS/system_MK64F12.o  C:/Users/newto/LABO_DE_MICROS/Guia_4_uart/source/gpio.o 
Memory region         Used Size  Region Size  %age Used
   PROGRAM_FLASH:        3560 B         1 MB      0.34%
      SRAM_UPPER:        8632 B       192 KB      4.39%
      SRAM_LOWER:          0 GB        64 KB      0.00%
        FLEX_RAM:          0 GB         4 KB      0.00%
Finished building target: Guia_4_uart.axf
 
make --no-print-directory post-build
Performing post-build steps
arm-none-eabi-size "Guia_4_uart.axf"; # arm-none-eabi-objcopy -v -O binary "Guia_4_uart.axf" "Guia_4_uart.bin" ; # checksum -p MK64FN1M0xxx12 -d "Guia_4_uart.bin";
   text	   data	    bss	    dec	    hex	filename
   3536	     24	   8608	  12168	   2f88	Guia_4_uart.axf
 
17:46:33 **** Incremental Build of configuration Debug for project Guia_4_uart ****
make -r -j8 all 
make: Nothing to be done for `all'.
17:49:52 **** Incremental Build of configuration Debug for project Guia_4_uart ****
make -r -j8 all 
Building file: ../source/App.c
Building file: ../source/uart.c
Invoking: MCU C Compiler
arm-none-eabi-gcc -DCPU_MK64FN1M0VLL12 -D__USE_CMSIS -DDEBUG -I../source -I../ -I../SDK/CMSIS -I../SDK/startup -O0 -fno-common -g3 -Wall -c -ffunction-sections -fdata-sections -ffreestanding -fno-builtin -mcpu=cortex-m4 -mfpu=fpv4-sp-d16 -mfloat-abi=hard -mthumb -MMD -MP -MF"source/App.d" -MT"source/App.o" -MT"source/App.d" -o "source/App.o" "../source/App.c"
Invoking: MCU C Compiler
arm-none-eabi-gcc -DCPU_MK64FN1M0VLL12 -D__USE_CMSIS -DDEBUG -I../source -I../ -I../SDK/CMSIS -I../SDK/startup -O0 -fno-common -g3 -Wall -c -ffunction-sections -fdata-sections -ffreestanding -fno-builtin -mcpu=cortex-m4 -mfpu=fpv4-sp-d16 -mfloat-abi=hard -mthumb -MMD -MP -MF"source/uart.d" -MT"source/uart.o" -MT"source/uart.d" -o "source/uart.o" "../source/uart.c"
../source/App.c: In function 'App_Run':
../source/App.c:50:5: warning: implicit declaration of function 'sendWord' [-Wimplicit-function-declaration]
     sendWord("¡Bualo Ari y Valen xdxdxd!");
     ^~~~~~~~
../source/App.c:51:5: warning: implicit declaration of function 'func' [-Wimplicit-function-declaration]
     func();
     ^~~~
Finished building: ../source/App.c
 
Finished building: ../source/uart.c
 
Building target: Guia_4_uart.axf
Invoking: MCU Linker
arm-none-eabi-gcc -nostdlib -Xlinker -Map="Guia_4_uart.map" -Xlinker --gc-sections -Xlinker -print-memory-usage -Xlinker --sort-section=alignment -mcpu=cortex-m4 -mfpu=fpv4-sp-d16 -mfloat-abi=hard -mthumb -T "Blink_Debug.ld" -o "Guia_4_uart.axf"  ./source/App.o ./source/uart.o  ./SDK/startup/hardware.o ./SDK/startup/main.o ./SDK/startup/semihost_hardfault.o ./SDK/startup/startup_mk64f12.o  ./SDK/CMSIS/system_MK64F12.o  C:/Users/newto/LABO_DE_MICROS/Guia_4_uart/source/gpio.o 
Memory region         Used Size  Region Size  %age Used
./source/App.o: In function `App_Run':
   PROGRAM_FLASH:        3560 B         1 MB      0.34%
C:\Users\newto\LABO_DE_MICROS\Guia_4_uart\Debug/../source/App.c:51: undefined reference to `func'
      SRAM_UPPER:        8632 B       192 KB      4.39%
collect2.exe: error: ld returned 1 exit status
      SRAM_LOWER:          0 GB        64 KB      0.00%
        FLEX_RAM:          0 GB         4 KB      0.00%
make: *** [Guia_4_uart.axf] Error 1
17:49:55 **** Incremental Build of configuration Debug for project Guia_4_uart ****
make -r -j8 all 
Building target: Guia_4_uart.axf
Invoking: MCU Linker
arm-none-eabi-gcc -nostdlib -Xlinker -Map="Guia_4_uart.map" -Xlinker --gc-sections -Xlinker -print-memory-usage -Xlinker --sort-section=alignment -mcpu=cortex-m4 -mfpu=fpv4-sp-d16 -mfloat-abi=hard -mthumb -T "Blink_Debug.ld" -o "Guia_4_uart.axf"  ./source/App.o ./source/uart.o  ./SDK/startup/hardware.o ./SDK/startup/main.o ./SDK/startup/semihost_hardfault.o ./SDK/startup/startup_mk64f12.o  ./SDK/CMSIS/system_MK64F12.o  C:/Users/newto/LABO_DE_MICROS/Guia_4_uart/source/gpio.o 
Memory region         Used Size  Region Size  %age Used
./source/App.o: In function `App_Run':
   PROGRAM_FLASH:        3560 B         1 MB      0.34%
C:\Users\newto\LABO_DE_MICROS\Guia_4_uart\Debug/../source/App.c:51: undefined reference to `func'
      SRAM_UPPER:        8632 B       192 KB      4.39%
collect2.exe: error: ld returned 1 exit status
      SRAM_LOWER:          0 GB        64 KB      0.00%
        FLEX_RAM:          0 GB         4 KB      0.00%
make: *** [Guia_4_uart.axf] Error 1
17:50:10 **** Incremental Build of configuration Debug for project Guia_4_uart ****
make -r -j8 all 
Building target: Guia_4_uart.axf
Invoking: MCU Linker
arm-none-eabi-gcc -nostdlib -Xlinker -Map="Guia_4_uart.map" -Xlinker --gc-sections -Xlinker -print-memory-usage -Xlinker --sort-section=alignment -mcpu=cortex-m4 -mfpu=fpv4-sp-d16 -mfloat-abi=hard -mthumb -T "Blink_Debug.ld" -o "Guia_4_uart.axf"  ./source/App.o ./source/uart.o  ./SDK/startup/hardware.o ./SDK/startup/main.o ./SDK/startup/semihost_hardfault.o ./SDK/startup/startup_mk64f12.o  ./SDK/CMSIS/system_MK64F12.o  C:/Users/newto/LABO_DE_MICROS/Guia_4_uart/source/gpio.o 
Memory region         Used Size  Region Size  %age Used
   PROGRAM_FLASH:        3560 B         1 MB      0.34%
      SRAM_UPPER:        8632 B       192 KB      4.39%
      SRAM_LOWER:          0 GB        64 KB      0.00%
        FLEX_RAM:          0 GB         4 KB      0.00%
./source/App.o: In function `App_Run':
C:\Users\newto\LABO_DE_MICROS\Guia_4_uart\Debug/../source/App.c:51: undefined reference to `func'
collect2.exe: error: ld returned 1 exit status
make: *** [Guia_4_uart.axf] Error 1
17:50:17 **** Incremental Build of configuration Debug for project Guia_4_uart ****
make -r -j8 all 
Building file: ../source/App.c
Invoking: MCU C Compiler
arm-none-eabi-gcc -DCPU_MK64FN1M0VLL12 -D__USE_CMSIS -DDEBUG -I../source -I../ -I../SDK/CMSIS -I../SDK/startup -O0 -fno-common -g3 -Wall -c -ffunction-sections -fdata-sections -ffreestanding -fno-builtin -mcpu=cortex-m4 -mfpu=fpv4-sp-d16 -mfloat-abi=hard -mthumb -MMD -MP -MF"source/App.d" -MT"source/App.o" -MT"source/App.d" -o "source/App.o" "../source/App.c"
../source/App.c: In function 'App_Run':
../source/App.c:50:5: warning: implicit declaration of function 'sendWord' [-Wimplicit-function-declaration]
     sendWord("¡Bualo Ari y Valen xdxdxd!");
     ^~~~~~~~
Finished building: ../source/App.c
 
Building target: Guia_4_uart.axf
Invoking: MCU Linker
arm-none-eabi-gcc -nostdlib -Xlinker -Map="Guia_4_uart.map" -Xlinker --gc-sections -Xlinker -print-memory-usage -Xlinker --sort-section=alignment -mcpu=cortex-m4 -mfpu=fpv4-sp-d16 -mfloat-abi=hard -mthumb -T "Blink_Debug.ld" -o "Guia_4_uart.axf"  ./source/App.o ./source/uart.o  ./SDK/startup/hardware.o ./SDK/startup/main.o ./SDK/startup/semihost_hardfault.o ./SDK/startup/startup_mk64f12.o  ./SDK/CMSIS/system_MK64F12.o  C:/Users/newto/LABO_DE_MICROS/Guia_4_uart/source/gpio.o 
Memory region         Used Size  Region Size  %age Used
   PROGRAM_FLASH:        3560 B         1 MB      0.34%
      SRAM_UPPER:        8632 B       192 KB      4.39%
      SRAM_LOWER:          0 GB        64 KB      0.00%
        FLEX_RAM:          0 GB         4 KB      0.00%
Finished building target: Guia_4_uart.axf
 
make --no-print-directory post-build
Performing post-build steps
arm-none-eabi-size "Guia_4_uart.axf"; # arm-none-eabi-objcopy -v -O binary "Guia_4_uart.axf" "Guia_4_uart.bin" ; # checksum -p MK64FN1M0xxx12 -d "Guia_4_uart.bin";
   text	   data	    bss	    dec	    hex	filename
   3536	     24	   8608	  12168	   2f88	Guia_4_uart.axf
 
17:50:19 **** Incremental Build of configuration Debug for project Guia_4_uart ****
make -r -j8 all 
make: Nothing to be done for `all'.
17:50:58 **** Incremental Build of configuration Debug for project Guia_4_uart ****
make -r -j8 all 
Building file: ../source/uart.c
Invoking: MCU C Compiler
arm-none-eabi-gcc -DCPU_MK64FN1M0VLL12 -D__USE_CMSIS -DDEBUG -I../source -I../ -I../SDK/CMSIS -I../SDK/startup -O0 -fno-common -g3 -Wall -c -ffunction-sections -fdata-sections -ffreestanding -fno-builtin -mcpu=cortex-m4 -mfpu=fpv4-sp-d16 -mfloat-abi=hard -mthumb -MMD -MP -MF"source/uart.d" -MT"source/uart.o" -MT"source/uart.d" -o "source/uart.o" "../source/uart.c"
Finished building: ../source/uart.c
 
Building target: Guia_4_uart.axf
Invoking: MCU Linker
arm-none-eabi-gcc -nostdlib -Xlinker -Map="Guia_4_uart.map" -Xlinker --gc-sections -Xlinker -print-memory-usage -Xlinker --sort-section=alignment -mcpu=cortex-m4 -mfpu=fpv4-sp-d16 -mfloat-abi=hard -mthumb -T "Blink_Debug.ld" -o "Guia_4_uart.axf"  ./source/App.o ./source/uart.o  ./SDK/startup/hardware.o ./SDK/startup/main.o ./SDK/startup/semihost_hardfault.o ./SDK/startup/startup_mk64f12.o  ./SDK/CMSIS/system_MK64F12.o  C:/Users/newto/LABO_DE_MICROS/Guia_4_uart/source/gpio.o 
Memory region         Used Size  Region Size  %age Used
   PROGRAM_FLASH:        3560 B         1 MB      0.34%
      SRAM_UPPER:        8632 B       192 KB      4.39%
      SRAM_LOWER:          0 GB        64 KB      0.00%
        FLEX_RAM:          0 GB         4 KB      0.00%
Finished building target: Guia_4_uart.axf
 
make --no-print-directory post-build
Performing post-build steps
arm-none-eabi-size "Guia_4_uart.axf"; # arm-none-eabi-objcopy -v -O binary "Guia_4_uart.axf" "Guia_4_uart.bin" ; # checksum -p MK64FN1M0xxx12 -d "Guia_4_uart.bin";
   text	   data	    bss	    dec	    hex	filename
   3536	     24	   8608	  12168	   2f88	Guia_4_uart.axf
 
17:51:01 **** Incremental Build of configuration Debug for project Guia_4_uart ****
make -r -j8 all 
make: Nothing to be done for `all'.
17:52:08 **** Incremental Build of configuration Debug for project Guia_4_uart ****
make -r -j8 all 
Building file: ../source/App.c
Invoking: MCU C Compiler
arm-none-eabi-gcc -DCPU_MK64FN1M0VLL12 -D__USE_CMSIS -DDEBUG -I../source -I../ -I../SDK/CMSIS -I../SDK/startup -O0 -fno-common -g3 -Wall -c -ffunction-sections -fdata-sections -ffreestanding -fno-builtin -mcpu=cortex-m4 -mfpu=fpv4-sp-d16 -mfloat-abi=hard -mthumb -MMD -MP -MF"source/App.d" -MT"source/App.o" -MT"source/App.d" -o "source/App.o" "../source/App.c"
../source/App.c: In function 'App_Run':
../source/App.c:50:5: warning: implicit declaration of function 'sendWord' [-Wimplicit-function-declaration]
     sendWord("¡Bualo Ari y Valen xdxdxd!");
     ^~~~~~~~
Finished building: ../source/App.c
 
Building target: Guia_4_uart.axf
Invoking: MCU Linker
arm-none-eabi-gcc -nostdlib -Xlinker -Map="Guia_4_uart.map" -Xlinker --gc-sections -Xlinker -print-memory-usage -Xlinker --sort-section=alignment -mcpu=cortex-m4 -mfpu=fpv4-sp-d16 -mfloat-abi=hard -mthumb -T "Blink_Debug.ld" -o "Guia_4_uart.axf"  ./source/App.o ./source/uart.o  ./SDK/startup/hardware.o ./SDK/startup/main.o ./SDK/startup/semihost_hardfault.o ./SDK/startup/startup_mk64f12.o  ./SDK/CMSIS/system_MK64F12.o  C:/Users/newto/LABO_DE_MICROS/Guia_4_uart/source/gpio.o 
Memory region         Used Size  Region Size  %age Used
   PROGRAM_FLASH:        3560 B         1 MB      0.34%
      SRAM_UPPER:        8632 B       192 KB      4.39%
      SRAM_LOWER:          0 GB        64 KB      0.00%
        FLEX_RAM:          0 GB         4 KB      0.00%
Finished building target: Guia_4_uart.axf
 
make --no-print-directory post-build
Performing post-build steps
arm-none-eabi-size "Guia_4_uart.axf"; # arm-none-eabi-objcopy -v -O binary "Guia_4_uart.axf" "Guia_4_uart.bin" ; # checksum -p MK64FN1M0xxx12 -d "Guia_4_uart.bin";
   text	   data	    bss	    dec	    hex	filename
   3536	     24	   8608	  12168	   2f88	Guia_4_uart.axf
 
17:52:10 **** Incremental Build of configuration Debug for project Guia_4_uart ****
make -r -j8 all 
make: Nothing to be done for `all'.
17:52:15 **** Incremental Build of configuration Debug for project Guia_4_uart ****
make -r -j8 all 
make: Nothing to be done for `all'.
17:55:33 **** Incremental Build of configuration Debug for project Guia_4_uart ****
make -r -j8 all 
Building file: ../source/uart.c
Invoking: MCU C Compiler
arm-none-eabi-gcc -DCPU_MK64FN1M0VLL12 -D__USE_CMSIS -DDEBUG -I../source -I../ -I../SDK/CMSIS -I../SDK/startup -O0 -fno-common -g3 -Wall -c -ffunction-sections -fdata-sections -ffreestanding -fno-builtin -mcpu=cortex-m4 -mfpu=fpv4-sp-d16 -mfloat-abi=hard -mthumb -MMD -MP -MF"source/uart.d" -MT"source/uart.o" -MT"source/uart.d" -o "source/uart.o" "../source/uart.c"
Finished building: ../source/uart.c
 
Building target: Guia_4_uart.axf
Invoking: MCU Linker
arm-none-eabi-gcc -nostdlib -Xlinker -Map="Guia_4_uart.map" -Xlinker --gc-sections -Xlinker -print-memory-usage -Xlinker --sort-section=alignment -mcpu=cortex-m4 -mfpu=fpv4-sp-d16 -mfloat-abi=hard -mthumb -T "Blink_Debug.ld" -o "Guia_4_uart.axf"  ./source/App.o ./source/uart.o  ./SDK/startup/hardware.o ./SDK/startup/main.o ./SDK/startup/semihost_hardfault.o ./SDK/startup/startup_mk64f12.o  ./SDK/CMSIS/system_MK64F12.o  C:/Users/newto/LABO_DE_MICROS/Guia_4_uart/source/gpio.o 
Memory region         Used Size  Region Size  %age Used
   PROGRAM_FLASH:        3560 B         1 MB      0.34%
      SRAM_UPPER:        8632 B       192 KB      4.39%
      SRAM_LOWER:          0 GB        64 KB      0.00%
        FLEX_RAM:          0 GB         4 KB      0.00%
Finished building target: Guia_4_uart.axf
 
make --no-print-directory post-build
Performing post-build steps
arm-none-eabi-size "Guia_4_uart.axf"; # arm-none-eabi-objcopy -v -O binary "Guia_4_uart.axf" "Guia_4_uart.bin" ; # checksum -p MK64FN1M0xxx12 -d "Guia_4_uart.bin";
   text	   data	    bss	    dec	    hex	filename
   3536	     24	   8608	  12168	   2f88	Guia_4_uart.axf
 
17:58:33 **** Incremental Build of configuration Debug for project Guia_4_uart ****
make -r -j8 all 
Building file: ../source/App.c
Invoking: MCU C Compiler
arm-none-eabi-gcc -DCPU_MK64FN1M0VLL12 -D__USE_CMSIS -DDEBUG -I../source -I../ -I../SDK/CMSIS -I../SDK/startup -O0 -fno-common -g3 -Wall -c -ffunction-sections -fdata-sections -ffreestanding -fno-builtin -mcpu=cortex-m4 -mfpu=fpv4-sp-d16 -mfloat-abi=hard -mthumb -MMD -MP -MF"source/App.d" -MT"source/App.o" -MT"source/App.d" -o "source/App.o" "../source/App.c"
../source/App.c: In function 'App_Run':
../source/App.c:50:5: warning: implicit declaration of function 'sendWord' [-Wimplicit-function-declaration]
     sendWord("¡Bualo Ari y Valen xdxdxd!");
     ^~~~~~~~
Finished building: ../source/App.c
 
Building target: Guia_4_uart.axf
Invoking: MCU Linker
arm-none-eabi-gcc -nostdlib -Xlinker -Map="Guia_4_uart.map" -Xlinker --gc-sections -Xlinker -print-memory-usage -Xlinker --sort-section=alignment -mcpu=cortex-m4 -mfpu=fpv4-sp-d16 -mfloat-abi=hard -mthumb -T "Blink_Debug.ld" -o "Guia_4_uart.axf"  ./source/App.o ./source/uart.o  ./SDK/startup/hardware.o ./SDK/startup/main.o ./SDK/startup/semihost_hardfault.o ./SDK/startup/startup_mk64f12.o  ./SDK/CMSIS/system_MK64F12.o  C:/Users/newto/LABO_DE_MICROS/Guia_4_uart/source/gpio.o 
Memory region         Used Size  Region Size  %age Used
   PROGRAM_FLASH:        3560 B         1 MB      0.34%
      SRAM_UPPER:        8632 B       192 KB      4.39%
      SRAM_LOWER:          0 GB        64 KB      0.00%
        FLEX_RAM:          0 GB         4 KB      0.00%
Finished building target: Guia_4_uart.axf
 
make --no-print-directory post-build
Performing post-build steps
arm-none-eabi-size "Guia_4_uart.axf"; # arm-none-eabi-objcopy -v -O binary "Guia_4_uart.axf" "Guia_4_uart.bin" ; # checksum -p MK64FN1M0xxx12 -d "Guia_4_uart.bin";
   text	   data	    bss	    dec	    hex	filename
   3536	     24	   8608	  12168	   2f88	Guia_4_uart.axf
 
18:01:13 **** Incremental Build of configuration Debug for project Guia_4_uart ****
make -r -j8 all 
Building file: ../source/App.c
Building file: ../source/uart.c
Invoking: MCU C Compiler
arm-none-eabi-gcc -DCPU_MK64FN1M0VLL12 -D__USE_CMSIS -DDEBUG -I../source -I../ -I../SDK/CMSIS -I../SDK/startup -O0 -fno-common -g3 -Wall -c -ffunction-sections -fdata-sections -ffreestanding -fno-builtin -mcpu=cortex-m4 -mfpu=fpv4-sp-d16 -mfloat-abi=hard -mthumb -MMD -MP -MF"source/App.d" -MT"source/App.o" -MT"source/App.d" -o "source/App.o" "../source/App.c"
Invoking: MCU C Compiler
arm-none-eabi-gcc -DCPU_MK64FN1M0VLL12 -D__USE_CMSIS -DDEBUG -I../source -I../ -I../SDK/CMSIS -I../SDK/startup -O0 -fno-common -g3 -Wall -c -ffunction-sections -fdata-sections -ffreestanding -fno-builtin -mcpu=cortex-m4 -mfpu=fpv4-sp-d16 -mfloat-abi=hard -mthumb -MMD -MP -MF"source/uart.d" -MT"source/uart.o" -MT"source/uart.d" -o "source/uart.o" "../source/uart.c"
Finished building: ../source/App.c
 
Finished building: ../source/uart.c
 
Building target: Guia_4_uart.axf
Invoking: MCU Linker
arm-none-eabi-gcc -nostdlib -Xlinker -Map="Guia_4_uart.map" -Xlinker --gc-sections -Xlinker -print-memory-usage -Xlinker --sort-section=alignment -mcpu=cortex-m4 -mfpu=fpv4-sp-d16 -mfloat-abi=hard -mthumb -T "Blink_Debug.ld" -o "Guia_4_uart.axf"  ./source/App.o ./source/uart.o  ./SDK/startup/hardware.o ./SDK/startup/main.o ./SDK/startup/semihost_hardfault.o ./SDK/startup/startup_mk64f12.o  ./SDK/CMSIS/system_MK64F12.o  C:/Users/newto/LABO_DE_MICROS/Guia_4_uart/source/gpio.o 
Memory region         Used Size  Region Size  %age Used
   PROGRAM_FLASH:        3560 B         1 MB      0.34%
      SRAM_UPPER:        8632 B       192 KB      4.39%
      SRAM_LOWER:          0 GB        64 KB      0.00%
        FLEX_RAM:          0 GB         4 KB      0.00%
Finished building target: Guia_4_uart.axf
 
make --no-print-directory post-build
Performing post-build steps
arm-none-eabi-size "Guia_4_uart.axf"; # arm-none-eabi-objcopy -v -O binary "Guia_4_uart.axf" "Guia_4_uart.bin" ; # checksum -p MK64FN1M0xxx12 -d "Guia_4_uart.bin";
   text	   data	    bss	    dec	    hex	filename
   3536	     24	   8608	  12168	   2f88	Guia_4_uart.axf
 
18:02:55 **** Incremental Build of configuration Debug for project Guia_4_uart ****
make -r -j8 all 
make: Nothing to be done for `all'.
18:06:13 **** Incremental Build of configuration Debug for project Guia_4_uart ****
make -r -j8 all 
Building file: ../source/App.c
Invoking: MCU C Compiler
arm-none-eabi-gcc -DCPU_MK64FN1M0VLL12 -D__USE_CMSIS -DDEBUG -I../source -I../ -I../SDK/CMSIS -I../SDK/startup -O0 -fno-common -g3 -Wall -c -ffunction-sections -fdata-sections -ffreestanding -fno-builtin -mcpu=cortex-m4 -mfpu=fpv4-sp-d16 -mfloat-abi=hard -mthumb -MMD -MP -MF"source/App.d" -MT"source/App.o" -MT"source/App.d" -o "source/App.o" "../source/App.c"
Finished building: ../source/App.c
 
Building target: Guia_4_uart.axf
Invoking: MCU Linker
arm-none-eabi-gcc -nostdlib -Xlinker -Map="Guia_4_uart.map" -Xlinker --gc-sections -Xlinker -print-memory-usage -Xlinker --sort-section=alignment -mcpu=cortex-m4 -mfpu=fpv4-sp-d16 -mfloat-abi=hard -mthumb -T "Blink_Debug.ld" -o "Guia_4_uart.axf"  ./source/App.o ./source/uart.o  ./SDK/startup/hardware.o ./SDK/startup/main.o ./SDK/startup/semihost_hardfault.o ./SDK/startup/startup_mk64f12.o  ./SDK/CMSIS/system_MK64F12.o  C:/Users/newto/LABO_DE_MICROS/Guia_4_uart/source/gpio.o 
Memory region         Used Size  Region Size  %age Used
   PROGRAM_FLASH:        3560 B         1 MB      0.34%
      SRAM_UPPER:        8632 B       192 KB      4.39%
      SRAM_LOWER:          0 GB        64 KB      0.00%
        FLEX_RAM:          0 GB         4 KB      0.00%
Finished building target: Guia_4_uart.axf
 
make --no-print-directory post-build
Performing post-build steps
arm-none-eabi-size "Guia_4_uart.axf"; # arm-none-eabi-objcopy -v -O binary "Guia_4_uart.axf" "Guia_4_uart.bin" ; # checksum -p MK64FN1M0xxx12 -d "Guia_4_uart.bin";
   text	   data	    bss	    dec	    hex	filename
   3536	     24	   8608	  12168	   2f88	Guia_4_uart.axf
 
18:10:41 **** Incremental Build of configuration Debug for project Guia_4_uart ****
make -r -j8 all 
make: Nothing to be done for `all'.
18:15:26 **** Incremental Build of configuration Debug for project Guia_4_uart ****
make -r -j8 all 
Building file: ../source/uart.c
Invoking: MCU C Compiler
arm-none-eabi-gcc -DCPU_MK64FN1M0VLL12 -D__USE_CMSIS -DDEBUG -I../source -I../ -I../SDK/CMSIS -I../SDK/startup -O0 -fno-common -g3 -Wall -c -ffunction-sections -fdata-sections -ffreestanding -fno-builtin -mcpu=cortex-m4 -mfpu=fpv4-sp-d16 -mfloat-abi=hard -mthumb -MMD -MP -MF"source/uart.d" -MT"source/uart.o" -MT"source/uart.d" -o "source/uart.o" "../source/uart.c"
Finished building: ../source/uart.c
 
Building target: Guia_4_uart.axf
Invoking: MCU Linker
arm-none-eabi-gcc -nostdlib -Xlinker -Map="Guia_4_uart.map" -Xlinker --gc-sections -Xlinker -print-memory-usage -Xlinker --sort-section=alignment -mcpu=cortex-m4 -mfpu=fpv4-sp-d16 -mfloat-abi=hard -mthumb -T "Blink_Debug.ld" -o "Guia_4_uart.axf"  ./source/App.o ./source/uart.o  ./SDK/startup/hardware.o ./SDK/startup/main.o ./SDK/startup/semihost_hardfault.o ./SDK/startup/startup_mk64f12.o  ./SDK/CMSIS/system_MK64F12.o  C:/Users/newto/LABO_DE_MICROS/Guia_4_uart/source/gpio.o 
Memory region         Used Size  Region Size  %age Used
   PROGRAM_FLASH:        3696 B         1 MB      0.35%
      SRAM_UPPER:        8632 B       192 KB      4.39%
      SRAM_LOWER:          0 GB        64 KB      0.00%
        FLEX_RAM:          0 GB         4 KB      0.00%
Finished building target: Guia_4_uart.axf
 
make --no-print-directory post-build
Performing post-build steps
arm-none-eabi-size "Guia_4_uart.axf"; # arm-none-eabi-objcopy -v -O binary "Guia_4_uart.axf" "Guia_4_uart.bin" ; # checksum -p MK64FN1M0xxx12 -d "Guia_4_uart.bin";
   text	   data	    bss	    dec	    hex	filename
   3672	     24	   8608	  12304	   3010	Guia_4_uart.axf
 
18:25:17 **** Incremental Build of configuration Debug for project Guia_4_uart ****
make -r -j8 all 
Building file: ../source/uart.c
Invoking: MCU C Compiler
arm-none-eabi-gcc -DCPU_MK64FN1M0VLL12 -D__USE_CMSIS -DDEBUG -I../source -I../ -I../SDK/CMSIS -I../SDK/startup -O0 -fno-common -g3 -Wall -c -ffunction-sections -fdata-sections -ffreestanding -fno-builtin -mcpu=cortex-m4 -mfpu=fpv4-sp-d16 -mfloat-abi=hard -mthumb -MMD -MP -MF"source/uart.d" -MT"source/uart.o" -MT"source/uart.d" -o "source/uart.o" "../source/uart.c"
Finished building: ../source/uart.c
 
Building target: Guia_4_uart.axf
Invoking: MCU Linker
arm-none-eabi-gcc -nostdlib -Xlinker -Map="Guia_4_uart.map" -Xlinker --gc-sections -Xlinker -print-memory-usage -Xlinker --sort-section=alignment -mcpu=cortex-m4 -mfpu=fpv4-sp-d16 -mfloat-abi=hard -mthumb -T "Blink_Debug.ld" -o "Guia_4_uart.axf"  ./source/App.o ./source/uart.o  ./SDK/startup/hardware.o ./SDK/startup/main.o ./SDK/startup/semihost_hardfault.o ./SDK/startup/startup_mk64f12.o  ./SDK/CMSIS/system_MK64F12.o  C:/Users/newto/LABO_DE_MICROS/Guia_4_uart/source/gpio.o 
Memory region         Used Size  Region Size  %age Used
   PROGRAM_FLASH:        3648 B         1 MB      0.35%
      SRAM_UPPER:        8632 B       192 KB      4.39%
      SRAM_LOWER:          0 GB        64 KB      0.00%
        FLEX_RAM:          0 GB         4 KB      0.00%
Finished building target: Guia_4_uart.axf
 
make --no-print-directory post-build
Performing post-build steps
arm-none-eabi-size "Guia_4_uart.axf"; # arm-none-eabi-objcopy -v -O binary "Guia_4_uart.axf" "Guia_4_uart.bin" ; # checksum -p MK64FN1M0xxx12 -d "Guia_4_uart.bin";
   text	   data	    bss	    dec	    hex	filename
   3624	     24	   8608	  12256	   2fe0	Guia_4_uart.axf
 
18:25:20 **** Incremental Build of configuration Debug for project Guia_4_uart ****
make -r -j8 all 
make: Nothing to be done for `all'.
18:25:26 **** Incremental Build of configuration Debug for project Guia_4_uart ****
make -r -j8 all 
make: Nothing to be done for `all'.
18:25:27 **** Incremental Build of configuration Debug for project Guia_4_uart ****
make -r -j8 all 
make: Nothing to be done for `all'.
18:28:27 **** Incremental Build of configuration Debug for project Guia_4_uart ****
make -r -j8 all 
make: Nothing to be done for `all'.
18:28:30 **** Incremental Build of configuration Debug for project Guia_4_uart ****
make -r -j8 all 
make: Nothing to be done for `all'.
18:33:29 **** Incremental Build of configuration Debug for project Guia_4_uart ****
make -r -j8 all 
make: Nothing to be done for `all'.
18:33:40 **** Incremental Build of configuration Debug for project Guia_4_uart ****
make -r -j8 all 
make: Nothing to be done for `all'.
18:33:49 **** Incremental Build of configuration Debug for project Guia_4_uart ****
make -r -j8 all 
make: Nothing to be done for `all'.
18:34:02 **** Incremental Build of configuration Debug for project Guia_4_uart ****
make -r -j8 all 
make: Nothing to be done for `all'.
18:34:29 **** Incremental Build of configuration Debug for project Guia_4_uart ****
make -r -j8 all 
make: Nothing to be done for `all'.
18:34:35 **** Incremental Build of configuration Debug for project Guia_4_uart ****
make -r -j8 all 
make: Nothing to be done for `all'.
18:37:16 **** Incremental Build of configuration Debug for project Guia_4_uart ****
make -r -j8 all 
make: Nothing to be done for `all'.
18:37:43 **** Incremental Build of configuration Debug for project Guia_4_uart ****
make -r -j8 all 
make: Nothing to be done for `all'.
18:37:58 **** Incremental Build of configuration Debug for project Guia_4_uart ****
make -r -j8 all 
make: Nothing to be done for `all'.
18:39:05 **** Incremental Build of configuration Debug for project Guia_4_uart ****
make -r -j8 all 
make: Nothing to be done for `all'.
18:40:31 **** Incremental Build of configuration Debug for project Guia_4_uart ****
make -r -j8 all 
make: Nothing to be done for `all'.
18:43:18 **** Incremental Build of configuration Debug for project Guia_4_uart ****
make -r -j8 all 
Building target: Guia_4_uart.axf
Invoking: MCU Linker
arm-none-eabi-gcc -nostdlib -Xlinker -Map="Guia_4_uart.map" -Xlinker --gc-sections -Xlinker -print-memory-usage -Xlinker --sort-section=alignment -mcpu=cortex-m4 -mfpu=fpv4-sp-d16 -mfloat-abi=hard -mthumb -T "Blink_Debug.ld" -o "Guia_4_uart.axf"  ./source/App.o ./source/uart.o  ./SDK/startup/hardware.o ./SDK/startup/main.o ./SDK/startup/semihost_hardfault.o ./SDK/startup/startup_mk64f12.o  ./SDK/CMSIS/system_MK64F12.o  C:/Users/newto/LABO_DE_MICROS/Guia_4_uart/source/gpio.o 
Memory region         Used Size  Region Size  %age Used
   PROGRAM_FLASH:        3648 B         1 MB      0.35%
      SRAM_UPPER:        8632 B       192 KB      4.39%
      SRAM_LOWER:          0 GB        64 KB      0.00%
        FLEX_RAM:          0 GB         4 KB      0.00%
Finished building target: Guia_4_uart.axf
 
make --no-print-directory post-build
Performing post-build steps
arm-none-eabi-size "Guia_4_uart.axf"; # arm-none-eabi-objcopy -v -O binary "Guia_4_uart.axf" "Guia_4_uart.bin" ; # checksum -p MK64FN1M0xxx12 -d "Guia_4_uart.bin";
   text	   data	    bss	    dec	    hex	filename
   3624	     24	   8608	  12256	   2fe0	Guia_4_uart.axf
 
18:43:47 **** Clean-only build of configuration Debug for project Guia_4_uart ****
make -r -j8 clean 
rm -rf  ./source/App.o ./source/uart.o  ./SDK/startup/hardware.o ./SDK/startup/main.o ./SDK/startup/semihost_hardfault.o ./SDK/startup/startup_mk64f12.o  ./SDK/CMSIS/system_MK64F12.o  ./source/App.d ./source/uart.d  ./SDK/startup/hardware.d ./SDK/startup/main.d ./SDK/startup/semihost_hardfault.d ./SDK/startup/startup_mk64f12.d  ./SDK/CMSIS/system_MK64F12.d  Guia_4_uart.axf
 
18:43:47 **** Build of configuration Debug for project Guia_4_uart ****
make -r -j8 all 
Building file: ../source/App.c
Building file: ../source/uart.c
Building file: ../SDK/startup/hardware.c
Building file: ../SDK/startup/main.c
Building file: ../SDK/startup/semihost_hardfault.c
Building file: ../SDK/startup/startup_mk64f12.c
Invoking: MCU C Compiler
Invoking: MCU C Compiler
arm-none-eabi-gcc -DCPU_MK64FN1M0VLL12 -D__USE_CMSIS -DDEBUG -I../source -I../ -I../SDK/CMSIS -I../SDK/startup -O0 -fno-common -g3 -Wall -c -ffunction-sections -fdata-sections -ffreestanding -fno-builtin -mcpu=cortex-m4 -mfpu=fpv4-sp-d16 -mfloat-abi=hard -mthumb -MMD -MP -MF"source/uart.d" -MT"source/uart.o" -MT"source/uart.d" -o "source/uart.o" "../source/uart.c"
Invoking: MCU C Compiler
Invoking: MCU C Compiler
arm-none-eabi-gcc -DCPU_MK64FN1M0VLL12 -D__USE_CMSIS -DDEBUG -I../source -I../ -I../SDK/CMSIS -I../SDK/startup -O0 -fno-common -g3 -Wall -c -ffunction-sections -fdata-sections -ffreestanding -fno-builtin -mcpu=cortex-m4 -mfpu=fpv4-sp-d16 -mfloat-abi=hard -mthumb -MMD -MP -MF"source/App.d" -MT"source/App.o" -MT"source/App.d" -o "source/App.o" "../source/App.c"
arm-none-eabi-gcc -DCPU_MK64FN1M0VLL12 -D__USE_CMSIS -DDEBUG -I../source -I../ -I../SDK/CMSIS -I../SDK/startup -O0 -fno-common -g3 -Wall -c -ffunction-sections -fdata-sections -ffreestanding -fno-builtin -mcpu=cortex-m4 -mfpu=fpv4-sp-d16 -mfloat-abi=hard -mthumb -MMD -MP -MF"SDK/startup/main.d" -MT"SDK/startup/main.o" -MT"SDK/startup/main.d" -o "SDK/startup/main.o" "../SDK/startup/main.c"
Invoking: MCU C Compiler
arm-none-eabi-gcc -DCPU_MK64FN1M0VLL12 -D__USE_CMSIS -DDEBUG -I../source -I../ -I../SDK/CMSIS -I../SDK/startup -O0 -fno-common -g3 -Wall -c -ffunction-sections -fdata-sections -ffreestanding -fno-builtin -mcpu=cortex-m4 -mfpu=fpv4-sp-d16 -mfloat-abi=hard -mthumb -MMD -MP -MF"SDK/startup/hardware.d" -MT"SDK/startup/hardware.o" -MT"SDK/startup/hardware.d" -o "SDK/startup/hardware.o" "../SDK/startup/hardware.c"
Building file: ../SDK/CMSIS/system_MK64F12.c
Invoking: MCU C Compiler
arm-none-eabi-gcc -DCPU_MK64FN1M0VLL12 -D__USE_CMSIS -DDEBUG -I../source -I../ -I../SDK/CMSIS -I../SDK/startup -O0 -fno-common -g3 -Wall -c -ffunction-sections -fdata-sections -ffreestanding -fno-builtin -mcpu=cortex-m4 -mfpu=fpv4-sp-d16 -mfloat-abi=hard -mthumb -MMD -MP -MF"SDK/startup/semihost_hardfault.d" -MT"SDK/startup/semihost_hardfault.o" -MT"SDK/startup/semihost_hardfault.d" -o "SDK/startup/semihost_hardfault.o" "../SDK/startup/semihost_hardfault.c"
arm-none-eabi-gcc -DCPU_MK64FN1M0VLL12 -D__USE_CMSIS -DDEBUG -I../source -I../ -I../SDK/CMSIS -I../SDK/startup -O0 -fno-common -g3 -Wall -c -ffunction-sections -fdata-sections -ffreestanding -fno-builtin -mcpu=cortex-m4 -mfpu=fpv4-sp-d16 -mfloat-abi=hard -mthumb -MMD -MP -MF"SDK/startup/startup_mk64f12.d" -MT"SDK/startup/startup_mk64f12.o" -MT"SDK/startup/startup_mk64f12.d" -o "SDK/startup/startup_mk64f12.o" "../SDK/startup/startup_mk64f12.c"
Invoking: MCU C Compiler
arm-none-eabi-gcc -DCPU_MK64FN1M0VLL12 -D__USE_CMSIS -DDEBUG -I../source -I../ -I../SDK/CMSIS -I../SDK/startup -O0 -fno-common -g3 -Wall -c -ffunction-sections -fdata-sections -ffreestanding -fno-builtin -mcpu=cortex-m4 -mfpu=fpv4-sp-d16 -mfloat-abi=hard -mthumb -MMD -MP -MF"SDK/CMSIS/system_MK64F12.d" -MT"SDK/CMSIS/system_MK64F12.o" -MT"SDK/CMSIS/system_MK64F12.d" -o "SDK/CMSIS/system_MK64F12.o" "../SDK/CMSIS/system_MK64F12.c"
Finished building: ../source/App.c
Finished building: ../SDK/startup/semihost_hardfault.c
 
 
Finished building: ../SDK/startup/startup_mk64f12.c
 
Finished building: ../SDK/startup/main.c
 
Finished building: ../SDK/startup/hardware.c
 
Finished building: ../source/uart.c
 
Finished building: ../SDK/CMSIS/system_MK64F12.c
 
Building target: Guia_4_uart.axf
Invoking: MCU Linker
arm-none-eabi-gcc -nostdlib -Xlinker -Map="Guia_4_uart.map" -Xlinker --gc-sections -Xlinker -print-memory-usage -Xlinker --sort-section=alignment -mcpu=cortex-m4 -mfpu=fpv4-sp-d16 -mfloat-abi=hard -mthumb -T "Blink_Debug.ld" -o "Guia_4_uart.axf"  ./source/App.o ./source/uart.o  ./SDK/startup/hardware.o ./SDK/startup/main.o ./SDK/startup/semihost_hardfault.o ./SDK/startup/startup_mk64f12.o  ./SDK/CMSIS/system_MK64F12.o  C:/Users/newto/LABO_DE_MICROS/Guia_4_uart/source/gpio.o 
Memory region         Used Size  Region Size  %age Used
   PROGRAM_FLASH:        3648 B         1 MB      0.35%
      SRAM_UPPER:        8632 B       192 KB      4.39%
      SRAM_LOWER:          0 GB        64 KB      0.00%
        FLEX_RAM:          0 GB         4 KB      0.00%
Finished building target: Guia_4_uart.axf
 
make --no-print-directory post-build
Performing post-build steps
arm-none-eabi-size "Guia_4_uart.axf"; # arm-none-eabi-objcopy -v -O binary "Guia_4_uart.axf" "Guia_4_uart.bin" ; # checksum -p MK64FN1M0xxx12 -d "Guia_4_uart.bin";
   text	   data	    bss	    dec	    hex	filename
   3624	     24	   8608	  12256	   2fe0	Guia_4_uart.axf
 
18:43:52 **** Clean-only build of configuration Debug for project Guia_4_uart ****
make -r -j8 clean 
rm -rf  ./source/App.o ./source/uart.o  ./SDK/startup/hardware.o ./SDK/startup/main.o ./SDK/startup/semihost_hardfault.o ./SDK/startup/startup_mk64f12.o  ./SDK/CMSIS/system_MK64F12.o  ./source/App.d ./source/uart.d  ./SDK/startup/hardware.d ./SDK/startup/main.d ./SDK/startup/semihost_hardfault.d ./SDK/startup/startup_mk64f12.d  ./SDK/CMSIS/system_MK64F12.d  Guia_4_uart.axf
 
18:43:52 **** Build of configuration Debug for project Guia_4_uart ****
make -r -j8 all 
Building file: ../source/App.c
Building file: ../source/uart.c
Building file: ../SDK/startup/hardware.c
Building file: ../SDK/startup/main.c
Building file: ../SDK/startup/semihost_hardfault.c
Invoking: MCU C Compiler
Building file: ../SDK/startup/startup_mk64f12.c
arm-none-eabi-gcc -DCPU_MK64FN1M0VLL12 -D__USE_CMSIS -DDEBUG -I../source -I../ -I../SDK/CMSIS -I../SDK/startup -O0 -fno-common -g3 -Wall -c -ffunction-sections -fdata-sections -ffreestanding -fno-builtin -mcpu=cortex-m4 -mfpu=fpv4-sp-d16 -mfloat-abi=hard -mthumb -MMD -MP -MF"source/App.d" -MT"source/App.o" -MT"source/App.d" -o "source/App.o" "../source/App.c"
Invoking: MCU C Compiler
Invoking: MCU C Compiler
arm-none-eabi-gcc -DCPU_MK64FN1M0VLL12 -D__USE_CMSIS -DDEBUG -I../source -I../ -I../SDK/CMSIS -I../SDK/startup -O0 -fno-common -g3 -Wall -c -ffunction-sections -fdata-sections -ffreestanding -fno-builtin -mcpu=cortex-m4 -mfpu=fpv4-sp-d16 -mfloat-abi=hard -mthumb -MMD -MP -MF"source/uart.d" -MT"source/uart.o" -MT"source/uart.d" -o "source/uart.o" "../source/uart.c"
Invoking: MCU C Compiler
arm-none-eabi-gcc -DCPU_MK64FN1M0VLL12 -D__USE_CMSIS -DDEBUG -I../source -I../ -I../SDK/CMSIS -I../SDK/startup -O0 -fno-common -g3 -Wall -c -ffunction-sections -fdata-sections -ffreestanding -fno-builtin -mcpu=cortex-m4 -mfpu=fpv4-sp-d16 -mfloat-abi=hard -mthumb -MMD -MP -MF"SDK/startup/hardware.d" -MT"SDK/startup/hardware.o" -MT"SDK/startup/hardware.d" -o "SDK/startup/hardware.o" "../SDK/startup/hardware.c"
arm-none-eabi-gcc -DCPU_MK64FN1M0VLL12 -D__USE_CMSIS -DDEBUG -I../source -I../ -I../SDK/CMSIS -I../SDK/startup -O0 -fno-common -g3 -Wall -c -ffunction-sections -fdata-sections -ffreestanding -fno-builtin -mcpu=cortex-m4 -mfpu=fpv4-sp-d16 -mfloat-abi=hard -mthumb -MMD -MP -MF"SDK/startup/main.d" -MT"SDK/startup/main.o" -MT"SDK/startup/main.d" -o "SDK/startup/main.o" "../SDK/startup/main.c"
Building file: ../SDK/CMSIS/system_MK64F12.c
Invoking: MCU C Compiler
arm-none-eabi-gcc -DCPU_MK64FN1M0VLL12 -D__USE_CMSIS -DDEBUG -I../source -I../ -I../SDK/CMSIS -I../SDK/startup -O0 -fno-common -g3 -Wall -c -ffunction-sections -fdata-sections -ffreestanding -fno-builtin -mcpu=cortex-m4 -mfpu=fpv4-sp-d16 -mfloat-abi=hard -mthumb -MMD -MP -MF"SDK/startup/semihost_hardfault.d" -MT"SDK/startup/semihost_hardfault.o" -MT"SDK/startup/semihost_hardfault.d" -o "SDK/startup/semihost_hardfault.o" "../SDK/startup/semihost_hardfault.c"
Invoking: MCU C Compiler
arm-none-eabi-gcc -DCPU_MK64FN1M0VLL12 -D__USE_CMSIS -DDEBUG -I../source -I../ -I../SDK/CMSIS -I../SDK/startup -O0 -fno-common -g3 -Wall -c -ffunction-sections -fdata-sections -ffreestanding -fno-builtin -mcpu=cortex-m4 -mfpu=fpv4-sp-d16 -mfloat-abi=hard -mthumb -MMD -MP -MF"SDK/startup/startup_mk64f12.d" -MT"SDK/startup/startup_mk64f12.o" -MT"SDK/startup/startup_mk64f12.d" -o "SDK/startup/startup_mk64f12.o" "../SDK/startup/startup_mk64f12.c"
Invoking: MCU C Compiler
arm-none-eabi-gcc -DCPU_MK64FN1M0VLL12 -D__USE_CMSIS -DDEBUG -I../source -I../ -I../SDK/CMSIS -I../SDK/startup -O0 -fno-common -g3 -Wall -c -ffunction-sections -fdata-sections -ffreestanding -fno-builtin -mcpu=cortex-m4 -mfpu=fpv4-sp-d16 -mfloat-abi=hard -mthumb -MMD -MP -MF"SDK/CMSIS/system_MK64F12.d" -MT"SDK/CMSIS/system_MK64F12.o" -MT"SDK/CMSIS/system_MK64F12.d" -o "SDK/CMSIS/system_MK64F12.o" "../SDK/CMSIS/system_MK64F12.c"
Finished building: ../source/App.c
Finished building: ../SDK/startup/semihost_hardfault.c
 
 
Finished building: ../SDK/startup/startup_mk64f12.c
 
Finished building: ../SDK/startup/main.c
 
Finished building: ../SDK/startup/hardware.c
Finished building: ../source/uart.c
 
 
Finished building: ../SDK/CMSIS/system_MK64F12.c
 
Building target: Guia_4_uart.axf
Invoking: MCU Linker
arm-none-eabi-gcc -nostdlib -Xlinker -Map="Guia_4_uart.map" -Xlinker --gc-sections -Xlinker -print-memory-usage -Xlinker --sort-section=alignment -mcpu=cortex-m4 -mfpu=fpv4-sp-d16 -mfloat-abi=hard -mthumb -T "Blink_Debug.ld" -o "Guia_4_uart.axf"  ./source/App.o ./source/uart.o  ./SDK/startup/hardware.o ./SDK/startup/main.o ./SDK/startup/semihost_hardfault.o ./SDK/startup/startup_mk64f12.o  ./SDK/CMSIS/system_MK64F12.o  C:/Users/newto/LABO_DE_MICROS/Guia_4_uart/source/gpio.o 
Memory region         Used Size  Region Size  %age Used
   PROGRAM_FLASH:        3648 B         1 MB      0.35%
      SRAM_UPPER:        8632 B       192 KB      4.39%
      SRAM_LOWER:          0 GB        64 KB      0.00%
        FLEX_RAM:          0 GB         4 KB      0.00%
Finished building target: Guia_4_uart.axf
 
make --no-print-directory post-build
Performing post-build steps
arm-none-eabi-size "Guia_4_uart.axf"; # arm-none-eabi-objcopy -v -O binary "Guia_4_uart.axf" "Guia_4_uart.bin" ; # checksum -p MK64FN1M0xxx12 -d "Guia_4_uart.bin";
   text	   data	    bss	    dec	    hex	filename
   3624	     24	   8608	  12256	   2fe0	Guia_4_uart.axf
 
18:44:41 **** Incremental Build of configuration Debug for project Guia_4_uart ****
make -r -j8 all 
make: Nothing to be done for `all'.
18:45:33 **** Incremental Build of configuration Debug for project Guia_4_uart ****
make -r -j8 all 
make: Nothing to be done for `all'.
18:45:41 **** Incremental Build of configuration Debug for project Guia_4_uart ****
make -r -j8 all 
make: Nothing to be done for `all'.
18:46:11 **** Incremental Build of configuration Debug for project Guia_4_uart ****
make -r -j8 all 
make: Nothing to be done for `all'.
18:52:03 **** Incremental Build of configuration Debug for project Guia_4_uart ****
make -r -j8 all 
Building file: ../source/App.c
Building file: ../source/uart.c
Invoking: MCU C Compiler
arm-none-eabi-gcc -DCPU_MK64FN1M0VLL12 -D__USE_CMSIS -DDEBUG -I../source -I../ -I../SDK/CMSIS -I../SDK/startup -O0 -fno-common -g3 -Wall -c -ffunction-sections -fdata-sections -ffreestanding -fno-builtin -mcpu=cortex-m4 -mfpu=fpv4-sp-d16 -mfloat-abi=hard -mthumb -MMD -MP -MF"source/App.d" -MT"source/App.o" -MT"source/App.d" -o "source/App.o" "../source/App.c"
Invoking: MCU C Compiler
arm-none-eabi-gcc -DCPU_MK64FN1M0VLL12 -D__USE_CMSIS -DDEBUG -I../source -I../ -I../SDK/CMSIS -I../SDK/startup -O0 -fno-common -g3 -Wall -c -ffunction-sections -fdata-sections -ffreestanding -fno-builtin -mcpu=cortex-m4 -mfpu=fpv4-sp-d16 -mfloat-abi=hard -mthumb -MMD -MP -MF"source/uart.d" -MT"source/uart.o" -MT"source/uart.d" -o "source/uart.o" "../source/uart.c"
Finished building: ../source/App.c
 
Finished building: ../source/uart.c
 
Building target: Guia_4_uart.axf
Invoking: MCU Linker
arm-none-eabi-gcc -nostdlib -Xlinker -Map="Guia_4_uart.map" -Xlinker --gc-sections -Xlinker -print-memory-usage -Xlinker --sort-section=alignment -mcpu=cortex-m4 -mfpu=fpv4-sp-d16 -mfloat-abi=hard -mthumb -T "Blink_Debug.ld" -o "Guia_4_uart.axf"  ./source/App.o ./source/uart.o  ./SDK/startup/hardware.o ./SDK/startup/main.o ./SDK/startup/semihost_hardfault.o ./SDK/startup/startup_mk64f12.o  ./SDK/CMSIS/system_MK64F12.o  C:/Users/newto/LABO_DE_MICROS/Guia_4_uart/source/gpio.o 
Memory region         Used Size  Region Size  %age Used
   PROGRAM_FLASH:        3560 B         1 MB      0.34%
      SRAM_UPPER:        8632 B       192 KB      4.39%
      SRAM_LOWER:          0 GB        64 KB      0.00%
        FLEX_RAM:          0 GB         4 KB      0.00%
Finished building target: Guia_4_uart.axf
 
make --no-print-directory post-build
Performing post-build steps
arm-none-eabi-size "Guia_4_uart.axf"; # arm-none-eabi-objcopy -v -O binary "Guia_4_uart.axf" "Guia_4_uart.bin" ; # checksum -p MK64FN1M0xxx12 -d "Guia_4_uart.bin";
   text	   data	    bss	    dec	    hex	filename
   3536	     24	   8608	  12168	   2f88	Guia_4_uart.axf
 
18:52:05 **** Incremental Build of configuration Debug for project Guia_4_uart ****
make -r -j8 all 
make: Nothing to be done for `all'.
18:54:24 **** Incremental Build of configuration Debug for project Guia_4_uart ****
make -r -j8 all 
Building file: ../source/uart.c
Invoking: MCU C Compiler
arm-none-eabi-gcc -DCPU_MK64FN1M0VLL12 -D__USE_CMSIS -DDEBUG -I../source -I../ -I../SDK/CMSIS -I../SDK/startup -O0 -fno-common -g3 -Wall -c -ffunction-sections -fdata-sections -ffreestanding -fno-builtin -mcpu=cortex-m4 -mfpu=fpv4-sp-d16 -mfloat-abi=hard -mthumb -MMD -MP -MF"source/uart.d" -MT"source/uart.o" -MT"source/uart.d" -o "source/uart.o" "../source/uart.c"
Finished building: ../source/uart.c
 
Building target: Guia_4_uart.axf
Invoking: MCU Linker
arm-none-eabi-gcc -nostdlib -Xlinker -Map="Guia_4_uart.map" -Xlinker --gc-sections -Xlinker -print-memory-usage -Xlinker --sort-section=alignment -mcpu=cortex-m4 -mfpu=fpv4-sp-d16 -mfloat-abi=hard -mthumb -T "Blink_Debug.ld" -o "Guia_4_uart.axf"  ./source/App.o ./source/uart.o  ./SDK/startup/hardware.o ./SDK/startup/main.o ./SDK/startup/semihost_hardfault.o ./SDK/startup/startup_mk64f12.o  ./SDK/CMSIS/system_MK64F12.o  C:/Users/newto/LABO_DE_MICROS/Guia_4_uart/source/gpio.o 
Memory region         Used Size  Region Size  %age Used
   PROGRAM_FLASH:        3560 B         1 MB      0.34%
      SRAM_UPPER:        8632 B       192 KB      4.39%
      SRAM_LOWER:          0 GB        64 KB      0.00%
        FLEX_RAM:          0 GB         4 KB      0.00%
Finished building target: Guia_4_uart.axf
 
make --no-print-directory post-build
Performing post-build steps
arm-none-eabi-size "Guia_4_uart.axf"; # arm-none-eabi-objcopy -v -O binary "Guia_4_uart.axf" "Guia_4_uart.bin" ; # checksum -p MK64FN1M0xxx12 -d "Guia_4_uart.bin";
   text	   data	    bss	    dec	    hex	filename
   3536	     24	   8608	  12168	   2f88	Guia_4_uart.axf
 
18:54:26 **** Incremental Build of configuration Debug for project Guia_4_uart ****
make -r -j8 all 
make: Nothing to be done for `all'.
19:06:34 **** Incremental Build of configuration Debug for project Guia_4_uart ****
make -r -j8 all 
make: Nothing to be done for `all'.
19:06:38 **** Incremental Build of configuration Debug for project Guia_4_uart ****
make -r -j8 all 
make: Nothing to be done for `all'.
19:07:00 **** Incremental Build of configuration Debug for project Guia_4_uart ****
make -r -j8 all 
make: Nothing to be done for `all'.
19:07:14 **** Incremental Build of configuration Debug for project Guia_4_uart ****
make -r -j8 all 
make: Nothing to be done for `all'.
19:07:35 **** Incremental Build of configuration Debug for project Guia_4_uart ****
make -r -j8 all 
make: Nothing to be done for `all'.
19:08:01 **** Incremental Build of configuration Debug for project Guia_4_uart ****
make -r -j8 all 
make: Nothing to be done for `all'.
19:08:03 **** Incremental Build of configuration Debug for project Guia_4_uart ****
make -r -j8 all 
make: Nothing to be done for `all'.
19:08:48 **** Incremental Build of configuration Debug for project Guia_4_uart ****
make -r -j8 all 
make: Nothing to be done for `all'.
19:08:53 **** Incremental Build of configuration Debug for project Guia_4_uart ****
make -r -j8 all 
make: Nothing to be done for `all'.
19:09:38 **** Incremental Build of configuration Debug for project Guia_4_uart ****
make -r -j8 all 
make: Nothing to be done for `all'.
19:09:58 **** Incremental Build of configuration Debug for project Guia_4_uart ****
make -r -j8 all 
Building file: ../source/App.c
Invoking: MCU C Compiler
arm-none-eabi-gcc -DCPU_MK64FN1M0VLL12 -D__USE_CMSIS -DDEBUG -I../source -I../ -I../SDK/CMSIS -I../SDK/startup -O0 -fno-common -g3 -Wall -c -ffunction-sections -fdata-sections -ffreestanding -fno-builtin -mcpu=cortex-m4 -mfpu=fpv4-sp-d16 -mfloat-abi=hard -mthumb -MMD -MP -MF"source/App.d" -MT"source/App.o" -MT"source/App.d" -o "source/App.o" "../source/App.c"
Finished building: ../source/App.c
 
Building target: Guia_4_uart.axf
Invoking: MCU Linker
arm-none-eabi-gcc -nostdlib -Xlinker -Map="Guia_4_uart.map" -Xlinker --gc-sections -Xlinker -print-memory-usage -Xlinker --sort-section=alignment -mcpu=cortex-m4 -mfpu=fpv4-sp-d16 -mfloat-abi=hard -mthumb -T "Blink_Debug.ld" -o "Guia_4_uart.axf"  ./source/App.o ./source/uart.o  ./SDK/startup/hardware.o ./SDK/startup/main.o ./SDK/startup/semihost_hardfault.o ./SDK/startup/startup_mk64f12.o  ./SDK/CMSIS/system_MK64F12.o  C:/Users/newto/LABO_DE_MICROS/Guia_4_uart/source/gpio.o 
Memory region         Used Size  Region Size  %age Used
   PROGRAM_FLASH:        3560 B         1 MB      0.34%
      SRAM_UPPER:        8632 B       192 KB      4.39%
      SRAM_LOWER:          0 GB        64 KB      0.00%
        FLEX_RAM:          0 GB         4 KB      0.00%
Finished building target: Guia_4_uart.axf
 
make --no-print-directory post-build
Performing post-build steps
arm-none-eabi-size "Guia_4_uart.axf"; # arm-none-eabi-objcopy -v -O binary "Guia_4_uart.axf" "Guia_4_uart.bin" ; # checksum -p MK64FN1M0xxx12 -d "Guia_4_uart.bin";
   text	   data	    bss	    dec	    hex	filename
   3536	     24	   8608	  12168	   2f88	Guia_4_uart.axf
 
19:10:01 **** Incremental Build of configuration Debug for project Guia_4_uart ****
make -r -j8 all 
make: Nothing to be done for `all'.
19:10:19 **** Incremental Build of configuration Debug for project Guia_4_uart ****
make -r -j8 all 
make: Nothing to be done for `all'.
19:10:51 **** Incremental Build of configuration Debug for project Guia_4_uart ****
make -r -j8 all 
make: Nothing to be done for `all'.
19:10:59 **** Incremental Build of configuration Debug for project Guia_4_uart ****
make -r -j8 all 
Building file: ../source/App.c
Invoking: MCU C Compiler
arm-none-eabi-gcc -DCPU_MK64FN1M0VLL12 -D__USE_CMSIS -DDEBUG -I../source -I../ -I../SDK/CMSIS -I../SDK/startup -O0 -fno-common -g3 -Wall -c -ffunction-sections -fdata-sections -ffreestanding -fno-builtin -mcpu=cortex-m4 -mfpu=fpv4-sp-d16 -mfloat-abi=hard -mthumb -MMD -MP -MF"source/App.d" -MT"source/App.o" -MT"source/App.d" -o "source/App.o" "../source/App.c"
Finished building: ../source/App.c
 
Building target: Guia_4_uart.axf
Invoking: MCU Linker
arm-none-eabi-gcc -nostdlib -Xlinker -Map="Guia_4_uart.map" -Xlinker --gc-sections -Xlinker -print-memory-usage -Xlinker --sort-section=alignment -mcpu=cortex-m4 -mfpu=fpv4-sp-d16 -mfloat-abi=hard -mthumb -T "Blink_Debug.ld" -o "Guia_4_uart.axf"  ./source/App.o ./source/uart.o  ./SDK/startup/hardware.o ./SDK/startup/main.o ./SDK/startup/semihost_hardfault.o ./SDK/startup/startup_mk64f12.o  ./SDK/CMSIS/system_MK64F12.o  C:/Users/newto/LABO_DE_MICROS/Guia_4_uart/source/gpio.o 
Memory region         Used Size  Region Size  %age Used
   PROGRAM_FLASH:        3560 B         1 MB      0.34%
      SRAM_UPPER:        8632 B       192 KB      4.39%
      SRAM_LOWER:          0 GB        64 KB      0.00%
        FLEX_RAM:          0 GB         4 KB      0.00%
Finished building target: Guia_4_uart.axf
 
make --no-print-directory post-build
Performing post-build steps
arm-none-eabi-size "Guia_4_uart.axf"; # arm-none-eabi-objcopy -v -O binary "Guia_4_uart.axf" "Guia_4_uart.bin" ; # checksum -p MK64FN1M0xxx12 -d "Guia_4_uart.bin";
   text	   data	    bss	    dec	    hex	filename
   3536	     24	   8608	  12168	   2f88	Guia_4_uart.axf
 
19:11:03 **** Incremental Build of configuration Debug for project Guia_4_uart ****
make -r -j8 all 
make: Nothing to be done for `all'.
19:11:20 **** Incremental Build of configuration Debug for project Guia_4_uart ****
make -r -j8 all 
make: Nothing to be done for `all'.
19:11:37 **** Incremental Build of configuration Debug for project Guia_4_uart ****
make -r -j8 all 
make: Nothing to be done for `all'.
19:11:50 **** Incremental Build of configuration Debug for project Guia_4_uart ****
make -r -j8 all 
make: Nothing to be done for `all'.
19:12:41 **** Incremental Build of configuration Debug for project Guia_4_uart ****
make -r -j8 all 
Building file: ../source/App.c
Invoking: MCU C Compiler
arm-none-eabi-gcc -DCPU_MK64FN1M0VLL12 -D__USE_CMSIS -DDEBUG -I../source -I../ -I../SDK/CMSIS -I../SDK/startup -O0 -fno-common -g3 -Wall -c -ffunction-sections -fdata-sections -ffreestanding -fno-builtin -mcpu=cortex-m4 -mfpu=fpv4-sp-d16 -mfloat-abi=hard -mthumb -MMD -MP -MF"source/App.d" -MT"source/App.o" -MT"source/App.d" -o "source/App.o" "../source/App.c"
Finished building: ../source/App.c
 
Building target: Guia_4_uart.axf
Invoking: MCU Linker
arm-none-eabi-gcc -nostdlib -Xlinker -Map="Guia_4_uart.map" -Xlinker --gc-sections -Xlinker -print-memory-usage -Xlinker --sort-section=alignment -mcpu=cortex-m4 -mfpu=fpv4-sp-d16 -mfloat-abi=hard -mthumb -T "Blink_Debug.ld" -o "Guia_4_uart.axf"  ./source/App.o ./source/uart.o  ./SDK/startup/hardware.o ./SDK/startup/main.o ./SDK/startup/semihost_hardfault.o ./SDK/startup/startup_mk64f12.o  ./SDK/CMSIS/system_MK64F12.o  C:/Users/newto/LABO_DE_MICROS/Guia_4_uart/source/gpio.o 
Memory region         Used Size  Region Size  %age Used
   PROGRAM_FLASH:        3560 B         1 MB      0.34%
      SRAM_UPPER:        8632 B       192 KB      4.39%
      SRAM_LOWER:          0 GB        64 KB      0.00%
        FLEX_RAM:          0 GB         4 KB      0.00%
Finished building target: Guia_4_uart.axf
 
make --no-print-directory post-build
Performing post-build steps
arm-none-eabi-size "Guia_4_uart.axf"; # arm-none-eabi-objcopy -v -O binary "Guia_4_uart.axf" "Guia_4_uart.bin" ; # checksum -p MK64FN1M0xxx12 -d "Guia_4_uart.bin";
   text	   data	    bss	    dec	    hex	filename
   3536	     24	   8608	  12168	   2f88	Guia_4_uart.axf
 
19:12:43 **** Incremental Build of configuration Debug for project Guia_4_uart ****
make -r -j8 all 
make: Nothing to be done for `all'.
19:13:43 **** Incremental Build of configuration Debug for project Guia_4_uart ****
make -r -j8 all 
make: Nothing to be done for `all'.
19:14:00 **** Incremental Build of configuration Debug for project Guia_4_uart ****
make -r -j8 all 
make: Nothing to be done for `all'.
19:14:04 **** Incremental Build of configuration Debug for project Guia_4_uart ****
make -r -j8 all 
make: Nothing to be done for `all'.
19:15:45 **** Incremental Build of configuration Debug for project Guia_4_uart ****
make -r -j8 all 
make: Nothing to be done for `all'.
19:16:29 **** Incremental Build of configuration Debug for project Guia_4_uart ****
make -r -j8 all 
make: Nothing to be done for `all'.
19:16:32 **** Incremental Build of configuration Debug for project Guia_4_uart ****
make -r -j8 all 
make: Nothing to be done for `all'.
19:17:14 **** Incremental Build of configuration Debug for project Guia_4_uart ****
make -r -j8 all 
make: Nothing to be done for `all'.
19:17:20 **** Incremental Build of configuration Debug for project Guia_4_uart ****
make -r -j8 all 
make: Nothing to be done for `all'.
19:17:22 **** Incremental Build of configuration Debug for project Guia_4_uart ****
make -r -j8 all 
make: Nothing to be done for `all'.
19:18:08 **** Incremental Build of configuration Debug for project Guia_4_uart ****
make -r -j8 all 
make: Nothing to be done for `all'.
19:18:16 **** Incremental Build of configuration Debug for project Guia_4_uart ****
make -r -j8 all 
make: Nothing to be done for `all'.
19:18:21 **** Incremental Build of configuration Debug for project Guia_4_uart ****
make -r -j8 all 
make: Nothing to be done for `all'.
19:18:34 **** Incremental Build of configuration Debug for project Guia_4_uart ****
make -r -j8 all 
make: Nothing to be done for `all'.
19:18:50 **** Incremental Build of configuration Debug for project Guia_4_uart ****
make -r -j8 all 
make: Nothing to be done for `all'.
19:18:52 **** Incremental Build of configuration Debug for project Guia_4_uart ****
make -r -j8 all 
make: Nothing to be done for `all'.
19:19:01 **** Incremental Build of configuration Debug for project Guia_4_uart ****
make -r -j8 all 
make: Nothing to be done for `all'.
19:19:17 **** Incremental Build of configuration Debug for project Guia_4_uart ****
make -r -j8 all 
make: Nothing to be done for `all'.
19:19:29 **** Incremental Build of configuration Debug for project Guia_4_uart ****
make -r -j8 all 
make: Nothing to be done for `all'.
19:19:58 **** Incremental Build of configuration Debug for project Guia_4_uart ****
make -r -j8 all 
make: Nothing to be done for `all'.
19:20:01 **** Incremental Build of configuration Debug for project Guia_4_uart ****
make -r -j8 all 
make: Nothing to be done for `all'.
19:20:21 **** Incremental Build of configuration Debug for project Guia_4_uart ****
make -r -j8 all 
make: Nothing to be done for `all'.
19:20:23 **** Incremental Build of configuration Debug for project Guia_4_uart ****
make -r -j8 all 
make: Nothing to be done for `all'.
19:22:30 **** Incremental Build of configuration Debug for project Guia_4_uart ****
make -r -j8 all 
make: Nothing to be done for `all'.
19:22:32 **** Incremental Build of configuration Debug for project Guia_4_uart ****
make -r -j8 all 
make: Nothing to be done for `all'.
19:24:11 **** Incremental Build of configuration Debug for project Guia_4_uart ****
make -r -j8 all 
make: Nothing to be done for `all'.
19:24:47 **** Incremental Build of configuration Debug for project Guia_4_uart ****
make -r -j8 all 
make: Nothing to be done for `all'.
19:24:53 **** Incremental Build of configuration Debug for project Guia_4_uart ****
make -r -j8 all 
make: Nothing to be done for `all'.
19:27:22 **** Incremental Build of configuration Debug for project Guia_4_uart ****
make -r -j8 all 
make: Nothing to be done for `all'.
19:28:06 **** Incremental Build of configuration Debug for project Guia_4_uart ****
make -r -j8 all 
make: Nothing to be done for `all'.
19:29:48 **** Incremental Build of configuration Debug for project Guia_4_uart ****
make -r -j8 all 
make: Nothing to be done for `all'.
19:29:50 **** Incremental Build of configuration Debug for project Guia_4_uart ****
make -r -j8 all 
make: Nothing to be done for `all'.
19:30:36 **** Incremental Build of configuration Debug for project Guia_4_uart ****
make -r -j8 all 
Building file: ../source/App.c
Invoking: MCU C Compiler
arm-none-eabi-gcc -DCPU_MK64FN1M0VLL12 -D__USE_CMSIS -DDEBUG -I../source -I../ -I../SDK/CMSIS -I../SDK/startup -O0 -fno-common -g3 -Wall -c -ffunction-sections -fdata-sections -ffreestanding -fno-builtin -mcpu=cortex-m4 -mfpu=fpv4-sp-d16 -mfloat-abi=hard -mthumb -MMD -MP -MF"source/App.d" -MT"source/App.o" -MT"source/App.d" -o "source/App.o" "../source/App.c"
Finished building: ../source/App.c
 
Building target: Guia_4_uart.axf
Invoking: MCU Linker
arm-none-eabi-gcc -nostdlib -Xlinker -Map="Guia_4_uart.map" -Xlinker --gc-sections -Xlinker -print-memory-usage -Xlinker --sort-section=alignment -mcpu=cortex-m4 -mfpu=fpv4-sp-d16 -mfloat-abi=hard -mthumb -T "Blink_Debug.ld" -o "Guia_4_uart.axf"  ./source/App.o ./source/uart.o  ./SDK/startup/hardware.o ./SDK/startup/main.o ./SDK/startup/semihost_hardfault.o ./SDK/startup/startup_mk64f12.o  ./SDK/CMSIS/system_MK64F12.o  C:/Users/newto/LABO_DE_MICROS/Guia_4_uart/source/gpio.o 
Memory region         Used Size  Region Size  %age Used
   PROGRAM_FLASH:        3560 B         1 MB      0.34%
      SRAM_UPPER:        8632 B       192 KB      4.39%
      SRAM_LOWER:          0 GB        64 KB      0.00%
        FLEX_RAM:          0 GB         4 KB      0.00%
Finished building target: Guia_4_uart.axf
 
make --no-print-directory post-build
Performing post-build steps
arm-none-eabi-size "Guia_4_uart.axf"; # arm-none-eabi-objcopy -v -O binary "Guia_4_uart.axf" "Guia_4_uart.bin" ; # checksum -p MK64FN1M0xxx12 -d "Guia_4_uart.bin";
   text	   data	    bss	    dec	    hex	filename
   3536	     24	   8608	  12168	   2f88	Guia_4_uart.axf
 
19:30:38 **** Incremental Build of configuration Debug for project Guia_4_uart ****
make -r -j8 all 
make: Nothing to be done for `all'.
19:33:37 **** Incremental Build of configuration Debug for project Guia_4_uart ****
make -r -j8 all 
Building file: ../source/App.c
Invoking: MCU C Compiler
arm-none-eabi-gcc -DCPU_MK64FN1M0VLL12 -D__USE_CMSIS -DDEBUG -I../source -I../ -I../SDK/CMSIS -I../SDK/startup -O0 -fno-common -g3 -Wall -c -ffunction-sections -fdata-sections -ffreestanding -fno-builtin -mcpu=cortex-m4 -mfpu=fpv4-sp-d16 -mfloat-abi=hard -mthumb -MMD -MP -MF"source/App.d" -MT"source/App.o" -MT"source/App.d" -o "source/App.o" "../source/App.c"
Finished building: ../source/App.c
 
Building target: Guia_4_uart.axf
Invoking: MCU Linker
arm-none-eabi-gcc -nostdlib -Xlinker -Map="Guia_4_uart.map" -Xlinker --gc-sections -Xlinker -print-memory-usage -Xlinker --sort-section=alignment -mcpu=cortex-m4 -mfpu=fpv4-sp-d16 -mfloat-abi=hard -mthumb -T "Blink_Debug.ld" -o "Guia_4_uart.axf"  ./source/App.o ./source/uart.o  ./SDK/startup/hardware.o ./SDK/startup/main.o ./SDK/startup/semihost_hardfault.o ./SDK/startup/startup_mk64f12.o  ./SDK/CMSIS/system_MK64F12.o  C:/Users/newto/LABO_DE_MICROS/Guia_4_uart/source/gpio.o 
Memory region         Used Size  Region Size  %age Used
   PROGRAM_FLASH:        3560 B         1 MB      0.34%
      SRAM_UPPER:        8632 B       192 KB      4.39%
      SRAM_LOWER:          0 GB        64 KB      0.00%
        FLEX_RAM:          0 GB         4 KB      0.00%
Finished building target: Guia_4_uart.axf
 
make --no-print-directory post-build
Performing post-build steps
arm-none-eabi-size "Guia_4_uart.axf"; # arm-none-eabi-objcopy -v -O binary "Guia_4_uart.axf" "Guia_4_uart.bin" ; # checksum -p MK64FN1M0xxx12 -d "Guia_4_uart.bin";
   text	   data	    bss	    dec	    hex	filename
   3536	     24	   8608	  12168	   2f88	Guia_4_uart.axf
 
19:33:42 **** Incremental Build of configuration Debug for project Guia_4_uart ****
make -r -j8 all 
make: Nothing to be done for `all'.
19:34:11 **** Incremental Build of configuration Debug for project Guia_4_uart ****
make -r -j8 all 
Building file: ../source/uart.c
Invoking: MCU C Compiler
arm-none-eabi-gcc -DCPU_MK64FN1M0VLL12 -D__USE_CMSIS -DDEBUG -I../source -I../ -I../SDK/CMSIS -I../SDK/startup -O0 -fno-common -g3 -Wall -c -ffunction-sections -fdata-sections -ffreestanding -fno-builtin -mcpu=cortex-m4 -mfpu=fpv4-sp-d16 -mfloat-abi=hard -mthumb -MMD -MP -MF"source/uart.d" -MT"source/uart.o" -MT"source/uart.d" -o "source/uart.o" "../source/uart.c"
[...]
make -r -j8 all 
make: Nothing to be done for `all'.
21:00:58 **** Incremental Build of configuration Debug for project Guia_4_uart ****
make -r -j8 all 
make: Nothing to be done for `all'.
21:01:17 **** Incremental Build of configuration Debug for project Guia_4_uart ****
make -r -j8 all 
make: Nothing to be done for `all'.
21:01:18 **** Incremental Build of configuration Debug for project Guia_4_uart ****
make -r -j8 all 
make: Nothing to be done for `all'.
21:01:30 **** Incremental Build of configuration Debug for project Guia_4_uart ****
make -r -j8 all 
make: Nothing to be done for `all'.
21:01:47 **** Incremental Build of configuration Debug for project Guia_4_uart ****
make -r -j8 all 
make: Nothing to be done for `all'.
21:02:43 **** Incremental Build of configuration Debug for project Guia_4_uart ****
make -r -j8 all 
make: Nothing to be done for `all'.
21:10:08 **** Incremental Build of configuration Debug for project Guia_4_uart ****
make -r -j8 all 
Building file: ../source/uart.c
Invoking: MCU C Compiler
arm-none-eabi-gcc -DCPU_MK64FN1M0VLL12 -D__USE_CMSIS -DDEBUG -I../source -I../ -I../SDK/CMSIS -I../SDK/startup -O0 -fno-common -g3 -Wall -c -ffunction-sections -fdata-sections -ffreestanding -fno-builtin -mcpu=cortex-m4 -mfpu=fpv4-sp-d16 -mfloat-abi=hard -mthumb -MMD -MP -MF"source/uart.d" -MT"source/uart.o" -MT"source/uart.d" -o "source/uart.o" "../source/uart.c"
Finished building: ../source/uart.c
 
Building target: Guia_4_uart.axf
Invoking: MCU Linker
arm-none-eabi-gcc -nostdlib -Xlinker -Map="Guia_4_uart.map" -Xlinker --gc-sections -Xlinker -print-memory-usage -Xlinker --sort-section=alignment -mcpu=cortex-m4 -mfpu=fpv4-sp-d16 -mfloat-abi=hard -mthumb -T "Blink_Debug.ld" -o "Guia_4_uart.axf"  ./source/App.o ./source/uart.o  ./SDK/startup/hardware.o ./SDK/startup/main.o ./SDK/startup/semihost_hardfault.o ./SDK/startup/startup_mk64f12.o  ./SDK/CMSIS/system_MK64F12.o  C:/Users/newto/LABO_DE_MICROS/Guia_4_uart/source/gpio.o 
Memory region         Used Size  Region Size  %age Used
   PROGRAM_FLASH:        3536 B         1 MB      0.34%
      SRAM_UPPER:        8632 B       192 KB      4.39%
      SRAM_LOWER:          0 GB        64 KB      0.00%
        FLEX_RAM:          0 GB         4 KB      0.00%
Finished building target: Guia_4_uart.axf
 
make --no-print-directory post-build
Performing post-build steps
arm-none-eabi-size "Guia_4_uart.axf"; # arm-none-eabi-objcopy -v -O binary "Guia_4_uart.axf" "Guia_4_uart.bin" ; # checksum -p MK64FN1M0xxx12 -d "Guia_4_uart.bin";
   text	   data	    bss	    dec	    hex	filename
   3512	     24	   8608	  12144	   2f70	Guia_4_uart.axf
 
21:10:20 **** Incremental Build of configuration Debug for project Guia_4_uart ****
make -r -j8 all 
make: Nothing to be done for `all'.
21:10:36 **** Incremental Build of configuration Debug for project Guia_4_uart ****
make -r -j8 all 
make: Nothing to be done for `all'.
21:10:47 **** Incremental Build of configuration Debug for project Guia_4_uart ****
make -r -j8 all 
make: Nothing to be done for `all'.
21:11:08 **** Incremental Build of configuration Debug for project Guia_4_uart ****
make -r -j8 all 
make: Nothing to be done for `all'.
21:11:10 **** Incremental Build of configuration Debug for project Guia_4_uart ****
make -r -j8 all 
make: Nothing to be done for `all'.
21:11:28 **** Incremental Build of configuration Debug for project Guia_4_uart ****
make -r -j8 all 
make: Nothing to be done for `all'.
21:11:40 **** Incremental Build of configuration Debug for project Guia_4_uart ****
make -r -j8 all 
make: Nothing to be done for `all'.
21:11:43 **** Incremental Build of configuration Debug for project Guia_4_uart ****
make -r -j8 all 
make: Nothing to be done for `all'.
21:12:07 **** Incremental Build of configuration Debug for project Guia_4_uart ****
make -r -j8 all 
make: Nothing to be done for `all'.
21:12:20 **** Incremental Build of configuration Debug for project Guia_4_uart ****
make -r -j8 all 
make: Nothing to be done for `all'.
21:12:39 **** Incremental Build of configuration Debug for project Guia_4_uart ****
make -r -j8 all 
make: Nothing to be done for `all'.
21:12:54 **** Incremental Build of configuration Debug for project Guia_4_uart ****
make -r -j8 all 
make: Nothing to be done for `all'.
21:12:58 **** Incremental Build of configuration Debug for project Guia_4_uart ****
make -r -j8 all 
make: Nothing to be done for `all'.
21:13:18 **** Incremental Build of configuration Debug for project Guia_4_uart ****
make -r -j8 all 
make: Nothing to be done for `all'.
21:13:52 **** Incremental Build of configuration Debug for project Guia_4_uart ****
make -r -j8 all 
Building file: ../source/uart.c
Invoking: MCU C Compiler
arm-none-eabi-gcc -DCPU_MK64FN1M0VLL12 -D__USE_CMSIS -DDEBUG -I../source -I../ -I../SDK/CMSIS -I../SDK/startup -O0 -fno-common -g3 -Wall -c -ffunction-sections -fdata-sections -ffreestanding -fno-builtin -mcpu=cortex-m4 -mfpu=fpv4-sp-d16 -mfloat-abi=hard -mthumb -MMD -MP -MF"source/uart.d" -MT"source/uart.o" -MT"source/uart.d" -o "source/uart.o" "../source/uart.c"
Finished building: ../source/uart.c
 
Building target: Guia_4_uart.axf
Invoking: MCU Linker
arm-none-eabi-gcc -nostdlib -Xlinker -Map="Guia_4_uart.map" -Xlinker --gc-sections -Xlinker -print-memory-usage -Xlinker --sort-section=alignment -mcpu=cortex-m4 -mfpu=fpv4-sp-d16 -mfloat-abi=hard -mthumb -T "Blink_Debug.ld" -o "Guia_4_uart.axf"  ./source/App.o ./source/uart.o  ./SDK/startup/hardware.o ./SDK/startup/main.o ./SDK/startup/semihost_hardfault.o ./SDK/startup/startup_mk64f12.o  ./SDK/CMSIS/system_MK64F12.o  C:/Users/newto/LABO_DE_MICROS/Guia_4_uart/source/gpio.o 
Memory region         Used Size  Region Size  %age Used
   PROGRAM_FLASH:        3584 B         1 MB      0.34%
      SRAM_UPPER:        8632 B       192 KB      4.39%
      SRAM_LOWER:          0 GB        64 KB      0.00%
        FLEX_RAM:          0 GB         4 KB      0.00%
Finished building target: Guia_4_uart.axf
 
make --no-print-directory post-build
Performing post-build steps
arm-none-eabi-size "Guia_4_uart.axf"; # arm-none-eabi-objcopy -v -O binary "Guia_4_uart.axf" "Guia_4_uart.bin" ; # checksum -p MK64FN1M0xxx12 -d "Guia_4_uart.bin";
   text	   data	    bss	    dec	    hex	filename
   3560	     24	   8608	  12192	   2fa0	Guia_4_uart.axf
 
21:13:56 **** Incremental Build of configuration Debug for project Guia_4_uart ****
make -r -j8 all 
make: Nothing to be done for `all'.
21:16:39 **** Incremental Build of configuration Debug for project Guia_4_uart ****
make -r -j8 all 
Building file: ../source/uart.c
Invoking: MCU C Compiler
arm-none-eabi-gcc -DCPU_MK64FN1M0VLL12 -D__USE_CMSIS -DDEBUG -I../source -I../ -I../SDK/CMSIS -I../SDK/startup -O0 -fno-common -g3 -Wall -c -ffunction-sections -fdata-sections -ffreestanding -fno-builtin -mcpu=cortex-m4 -mfpu=fpv4-sp-d16 -mfloat-abi=hard -mthumb -MMD -MP -MF"source/uart.d" -MT"source/uart.o" -MT"source/uart.d" -o "source/uart.o" "../source/uart.c"
Finished building: ../source/uart.c
 
Building target: Guia_4_uart.axf
Invoking: MCU Linker
arm-none-eabi-gcc -nostdlib -Xlinker -Map="Guia_4_uart.map" -Xlinker --gc-sections -Xlinker -print-memory-usage -Xlinker --sort-section=alignment -mcpu=cortex-m4 -mfpu=fpv4-sp-d16 -mfloat-abi=hard -mthumb -T "Blink_Debug.ld" -o "Guia_4_uart.axf"  ./source/App.o ./source/uart.o  ./SDK/startup/hardware.o ./SDK/startup/main.o ./SDK/startup/semihost_hardfault.o ./SDK/startup/startup_mk64f12.o  ./SDK/CMSIS/system_MK64F12.o  C:/Users/newto/LABO_DE_MICROS/Guia_4_uart/source/gpio.o 
Memory region         Used Size  Region Size  %age Used
   PROGRAM_FLASH:        3536 B         1 MB      0.34%
      SRAM_UPPER:        8632 B       192 KB      4.39%
      SRAM_LOWER:          0 GB        64 KB      0.00%
        FLEX_RAM:          0 GB         4 KB      0.00%
Finished building target: Guia_4_uart.axf
 
make --no-print-directory post-build
Performing post-build steps
arm-none-eabi-size "Guia_4_uart.axf"; # arm-none-eabi-objcopy -v -O binary "Guia_4_uart.axf" "Guia_4_uart.bin" ; # checksum -p MK64FN1M0xxx12 -d "Guia_4_uart.bin";
   text	   data	    bss	    dec	    hex	filename
   3512	     24	   8608	  12144	   2f70	Guia_4_uart.axf
 
21:16:47 **** Incremental Build of configuration Debug for project Guia_4_uart ****
make -r -j8 all 
make: Nothing to be done for `all'.
21:17:03 **** Incremental Build of configuration Debug for project Guia_4_uart ****
make -r -j8 all 
make: Nothing to be done for `all'.
21:17:05 **** Incremental Build of configuration Debug for project Guia_4_uart ****
make -r -j8 all 
make: Nothing to be done for `all'.
21:17:28 **** Incremental Build of configuration Debug for project Guia_4_uart ****
make -r -j8 all 
Building file: ../source/uart.c
Invoking: MCU C Compiler
arm-none-eabi-gcc -DCPU_MK64FN1M0VLL12 -D__USE_CMSIS -DDEBUG -I../source -I../ -I../SDK/CMSIS -I../SDK/startup -O0 -fno-common -g3 -Wall -c -ffunction-sections -fdata-sections -ffreestanding -fno-builtin -mcpu=cortex-m4 -mfpu=fpv4-sp-d16 -mfloat-abi=hard -mthumb -MMD -MP -MF"source/uart.d" -MT"source/uart.o" -MT"source/uart.d" -o "source/uart.o" "../source/uart.c"
Finished building: ../source/uart.c
 
Building target: Guia_4_uart.axf
Invoking: MCU Linker
arm-none-eabi-gcc -nostdlib -Xlinker -Map="Guia_4_uart.map" -Xlinker --gc-sections -Xlinker -print-memory-usage -Xlinker --sort-section=alignment -mcpu=cortex-m4 -mfpu=fpv4-sp-d16 -mfloat-abi=hard -mthumb -T "Blink_Debug.ld" -o "Guia_4_uart.axf"  ./source/App.o ./source/uart.o  ./SDK/startup/hardware.o ./SDK/startup/main.o ./SDK/startup/semihost_hardfault.o ./SDK/startup/startup_mk64f12.o  ./SDK/CMSIS/system_MK64F12.o  C:/Users/newto/LABO_DE_MICROS/Guia_4_uart/source/gpio.o 
Memory region         Used Size  Region Size  %age Used
   PROGRAM_FLASH:        3568 B         1 MB      0.34%
      SRAM_UPPER:        8632 B       192 KB      4.39%
      SRAM_LOWER:          0 GB        64 KB      0.00%
        FLEX_RAM:          0 GB         4 KB      0.00%
Finished building target: Guia_4_uart.axf
 
make --no-print-directory post-build
Performing post-build steps
arm-none-eabi-size "Guia_4_uart.axf"; # arm-none-eabi-objcopy -v -O binary "Guia_4_uart.axf" "Guia_4_uart.bin" ; # checksum -p MK64FN1M0xxx12 -d "Guia_4_uart.bin";
   text	   data	    bss	    dec	    hex	filename
   3544	     24	   8608	  12176	   2f90	Guia_4_uart.axf
 
21:17:38 **** Incremental Build of configuration Debug for project Guia_4_uart ****
make -r -j8 all 
make: Nothing to be done for `all'.
21:18:08 **** Incremental Build of configuration Debug for project Guia_4_uart ****
make -r -j8 all 
Building file: ../source/uart.c
Invoking: MCU C Compiler
arm-none-eabi-gcc -DCPU_MK64FN1M0VLL12 -D__USE_CMSIS -DDEBUG -I../source -I../ -I../SDK/CMSIS -I../SDK/startup -O0 -fno-common -g3 -Wall -c -ffunction-sections -fdata-sections -ffreestanding -fno-builtin -mcpu=cortex-m4 -mfpu=fpv4-sp-d16 -mfloat-abi=hard -mthumb -MMD -MP -MF"source/uart.d" -MT"source/uart.o" -MT"source/uart.d" -o "source/uart.o" "../source/uart.c"
Finished building: ../source/uart.c
 
Building target: Guia_4_uart.axf
Invoking: MCU Linker
arm-none-eabi-gcc -nostdlib -Xlinker -Map="Guia_4_uart.map" -Xlinker --gc-sections -Xlinker -print-memory-usage -Xlinker --sort-section=alignment -mcpu=cortex-m4 -mfpu=fpv4-sp-d16 -mfloat-abi=hard -mthumb -T "Blink_Debug.ld" -o "Guia_4_uart.axf"  ./source/App.o ./source/uart.o  ./SDK/startup/hardware.o ./SDK/startup/main.o ./SDK/startup/semihost_hardfault.o ./SDK/startup/startup_mk64f12.o  ./SDK/CMSIS/system_MK64F12.o  C:/Users/newto/LABO_DE_MICROS/Guia_4_uart/source/gpio.o 
Memory region         Used Size  Region Size  %age Used
   PROGRAM_FLASH:        3576 B         1 MB      0.34%
      SRAM_UPPER:        8632 B       192 KB      4.39%
      SRAM_LOWER:          0 GB        64 KB      0.00%
        FLEX_RAM:          0 GB         4 KB      0.00%
Finished building target: Guia_4_uart.axf
 
make --no-print-directory post-build
Performing post-build steps
arm-none-eabi-size "Guia_4_uart.axf"; # arm-none-eabi-objcopy -v -O binary "Guia_4_uart.axf" "Guia_4_uart.bin" ; # checksum -p MK64FN1M0xxx12 -d "Guia_4_uart.bin";
   text	   data	    bss	    dec	    hex	filename
   3552	     24	   8608	  12184	   2f98	Guia_4_uart.axf
 
21:18:27 **** Incremental Build of configuration Debug for project Guia_4_uart ****
make -r -j8 all 
make: Nothing to be done for `all'.
21:18:40 **** Incremental Build of configuration Debug for project Guia_4_uart ****
make -r -j8 all 
make: Nothing to be done for `all'.
21:19:18 **** Incremental Build of configuration Debug for project Guia_4_uart ****
make -r -j8 all 
make: Nothing to be done for `all'.
21:19:22 **** Incremental Build of configuration Debug for project Guia_4_uart ****
make -r -j8 all 
make: Nothing to be done for `all'.
21:19:39 **** Incremental Build of configuration Debug for project Guia_4_uart ****
make -r -j8 all 
make: Nothing to be done for `all'.
15:27:28 **** Incremental Build of configuration Debug for project Guia_4_uart ****
make -r -j8 all 
Building file: ../source/App.c
Building file: ../source/uart.c
Building file: ../SDK/startup/hardware.c
Building file: ../SDK/startup/main.c
Building file: ../SDK/startup/semihost_hardfault.c
Building file: ../SDK/startup/startup_mk64f12.c
Building file: ../SDK/CMSIS/system_MK64F12.c
Invoking: MCU C Compiler
Invoking: MCU C Compiler
arm-none-eabi-gcc -DCPU_MK64FN1M0VLL12 -D__USE_CMSIS -DDEBUG -I../source -I../ -I../SDK/CMSIS -I../SDK/startup -O0 -fno-common -g3 -Wall -c -ffunction-sections -fdata-sections -ffreestanding -fno-builtin -mcpu=cortex-m4 -mfpu=fpv4-sp-d16 -mfloat-abi=hard -mthumb -MMD -MP -MF"source/uart.d" -MT"source/uart.o" -MT"source/uart.d" -o "source/uart.o" "../source/uart.c"
Invoking: MCU C Compiler
arm-none-eabi-gcc -DCPU_MK64FN1M0VLL12 -D__USE_CMSIS -DDEBUG -I../source -I../ -I../SDK/CMSIS -I../SDK/startup -O0 -fno-common -g3 -Wall -c -ffunction-sections -fdata-sections -ffreestanding -fno-builtin -mcpu=cortex-m4 -mfpu=fpv4-sp-d16 -mfloat-abi=hard -mthumb -MMD -MP -MF"SDK/startup/hardware.d" -MT"SDK/startup/hardware.o" -MT"SDK/startup/hardware.d" -o "SDK/startup/hardware.o" "../SDK/startup/hardware.c"
arm-none-eabi-gcc -DCPU_MK64FN1M0VLL12 -D__USE_CMSIS -DDEBUG -I../source -I../ -I../SDK/CMSIS -I../SDK/startup -O0 -fno-common -g3 -Wall -c -ffunction-sections -fdata-sections -ffreestanding -fno-builtin -mcpu=cortex-m4 -mfpu=fpv4-sp-d16 -mfloat-abi=hard -mthumb -MMD -MP -MF"SDK/startup/main.d" -MT"SDK/startup/main.o" -MT"SDK/startup/main.d" -o "SDK/startup/main.o" "../SDK/startup/main.c"
Invoking: MCU C Compiler
Invoking: MCU C Compiler
Invoking: MCU C Compiler
arm-none-eabi-gcc -DCPU_MK64FN1M0VLL12 -D__USE_CMSIS -DDEBUG -I../source -I../ -I../SDK/CMSIS -I../SDK/startup -O0 -fno-common -g3 -Wall -c -ffunction-sections -fdata-sections -ffreestanding -fno-builtin -mcpu=cortex-m4 -mfpu=fpv4-sp-d16 -mfloat-abi=hard -mthumb -MMD -MP -MF"SDK/startup/startup_mk64f12.d" -MT"SDK/startup/startup_mk64f12.o" -MT"SDK/startup/startup_mk64f12.d" -o "SDK/startup/startup_mk64f12.o" "../SDK/startup/startup_mk64f12.c"
Invoking: MCU C Compiler
arm-none-eabi-gcc -DCPU_MK64FN1M0VLL12 -D__USE_CMSIS -DDEBUG -I../source -I../ -I../SDK/CMSIS -I../SDK/startup -O0 -fno-common -g3 -Wall -c -ffunction-sections -fdata-sections -ffreestanding -fno-builtin -mcpu=cortex-m4 -mfpu=fpv4-sp-d16 -mfloat-abi=hard -mthumb -MMD -MP -MF"SDK/CMSIS/system_MK64F12.d" -MT"SDK/CMSIS/system_MK64F12.o" -MT"SDK/CMSIS/system_MK64F12.d" -o "SDK/CMSIS/system_MK64F12.o" "../SDK/CMSIS/system_MK64F12.c"
arm-none-eabi-gcc -DCPU_MK64FN1M0VLL12 -D__USE_CMSIS -DDEBUG -I../source -I../ -I../SDK/CMSIS -I../SDK/startup -O0 -fno-common -g3 -Wall -c -ffunction-sections -fdata-sections -ffreestanding -fno-builtin -mcpu=cortex-m4 -mfpu=fpv4-sp-d16 -mfloat-abi=hard -mthumb -MMD -MP -MF"SDK/startup/semihost_hardfault.d" -MT"SDK/startup/semihost_hardfault.o" -MT"SDK/startup/semihost_hardfault.d" -o "SDK/startup/semihost_hardfault.o" "../SDK/startup/semihost_hardfault.c"
arm-none-eabi-gcc -DCPU_MK64FN1M0VLL12 -D__USE_CMSIS -DDEBUG -I../source -I../ -I../SDK/CMSIS -I../SDK/startup -O0 -fno-common -g3 -Wall -c -ffunction-sections -fdata-sections -ffreestanding -fno-builtin -mcpu=cortex-m4 -mfpu=fpv4-sp-d16 -mfloat-abi=hard -mthumb -MMD -MP -MF"source/App.d" -MT"source/App.o" -MT"source/App.d" -o "source/App.o" "../source/App.c"
Finished building: ../source/App.c
Finished building: ../SDK/startup/semihost_hardfault.c
Finished building: ../SDK/startup/startup_mk64f12.c
 
 
 
Finished building: ../source/uart.c
Finished building: ../SDK/startup/main.c
Finished building: ../SDK/startup/hardware.c
Finished building: ../SDK/CMSIS/system_MK64F12.c
 
 
 
 
Building target: Guia_4_uart.axf
Invoking: MCU Linker
arm-none-eabi-gcc -nostdlib -Xlinker -Map="Guia_4_uart.map" -Xlinker --gc-sections -Xlinker -print-memory-usage -Xlinker --sort-section=alignment -mcpu=cortex-m4 -mfpu=fpv4-sp-d16 -mfloat-abi=hard -mthumb -T "Blink_Debug.ld" -o "Guia_4_uart.axf"  ./source/App.o ./source/uart.o  ./SDK/startup/hardware.o ./SDK/startup/main.o ./SDK/startup/semihost_hardfault.o ./SDK/startup/startup_mk64f12.o  ./SDK/CMSIS/system_MK64F12.o  C:/Users/newto/LABO_DE_MICROS/Guia_4_uart/source/gpio.o 
Memory region         Used Size  Region Size  %age Used
   PROGRAM_FLASH:        3536 B         1 MB      0.34%
      SRAM_UPPER:        8632 B       192 KB      4.39%
      SRAM_LOWER:          0 GB        64 KB      0.00%
        FLEX_RAM:          0 GB         4 KB      0.00%
Finished building target: Guia_4_uart.axf
 
make --no-print-directory post-build
Performing post-build steps
arm-none-eabi-size "Guia_4_uart.axf"; # arm-none-eabi-objcopy -v -O binary "Guia_4_uart.axf" "Guia_4_uart.bin" ; # checksum -p MK64FN1M0xxx12 -d "Guia_4_uart.bin";
   text	   data	    bss	    dec	    hex	filename
   3512	     24	   8608	  12144	   2f70	Guia_4_uart.axf
 
15:27:36 **** Incremental Build of configuration Debug for project Guia_4_uart ****
make -r -j8 all 
make: Nothing to be done for `all'.
15:42:59 **** Incremental Build of configuration Debug for project Guia_4_uart ****
make -r -j8 all 
Building file: ../source/uart.c
Invoking: MCU C Compiler
arm-none-eabi-gcc -DCPU_MK64FN1M0VLL12 -D__USE_CMSIS -DDEBUG -I../source -I../ -I../SDK/CMSIS -I../SDK/startup -O0 -fno-common -g3 -Wall -c -ffunction-sections -fdata-sections -ffreestanding -fno-builtin -mcpu=cortex-m4 -mfpu=fpv4-sp-d16 -mfloat-abi=hard -mthumb -MMD -MP -MF"source/uart.d" -MT"source/uart.o" -MT"source/uart.d" -o "source/uart.o" "../source/uart.c"
Finished building: ../source/uart.c
 
Building target: Guia_4_uart.axf
Invoking: MCU Linker
arm-none-eabi-gcc -nostdlib -Xlinker -Map="Guia_4_uart.map" -Xlinker --gc-sections -Xlinker -print-memory-usage -Xlinker --sort-section=alignment -mcpu=cortex-m4 -mfpu=fpv4-sp-d16 -mfloat-abi=hard -mthumb -T "Blink_Debug.ld" -o "Guia_4_uart.axf"  ./source/App.o ./source/uart.o  ./SDK/startup/hardware.o ./SDK/startup/main.o ./SDK/startup/semihost_hardfault.o ./SDK/startup/startup_mk64f12.o  ./SDK/CMSIS/system_MK64F12.o  C:/Users/newto/LABO_DE_MICROS/Guia_4_uart/source/gpio.o 
Memory region         Used Size  Region Size  %age Used
   PROGRAM_FLASH:        3576 B         1 MB      0.34%
      SRAM_UPPER:        8632 B       192 KB      4.39%
      SRAM_LOWER:          0 GB        64 KB      0.00%
        FLEX_RAM:          0 GB         4 KB      0.00%
Finished building target: Guia_4_uart.axf
 
make --no-print-directory post-build
Performing post-build steps
arm-none-eabi-size "Guia_4_uart.axf"; # arm-none-eabi-objcopy -v -O binary "Guia_4_uart.axf" "Guia_4_uart.bin" ; # checksum -p MK64FN1M0xxx12 -d "Guia_4_uart.bin";
   text	   data	    bss	    dec	    hex	filename
   3552	     24	   8608	  12184	   2f98	Guia_4_uart.axf
 
15:43:02 **** Incremental Build of configuration Debug for project Guia_4_uart ****
make -r -j8 all 
make: Nothing to be done for `all'.
