Archive member included to satisfy reference by file (symbol)

c:/nxp/mcuxpressoide_10.2.0_759/ide/tools/bin/../lib/gcc/arm-none-eabi/7.2.1/../../../../arm-none-eabi/lib/thumb/v7e-m/fpv4-sp/hard\libcr_c.a(sin.o)
                              ./source/Modulador.o (sin)
c:/nxp/mcuxpressoide_10.2.0_759/ide/tools/bin/../lib/gcc/arm-none-eabi/7.2.1/../../../../arm-none-eabi/lib/thumb/v7e-m/fpv4-sp/hard\libcr_c.a(_sincos.o)
                              c:/nxp/mcuxpressoide_10.2.0_759/ide/tools/bin/../lib/gcc/arm-none-eabi/7.2.1/../../../../arm-none-eabi/lib/thumb/v7e-m/fpv4-sp/hard\libcr_c.a(sin.o) (_sincos)
c:/nxp/mcuxpressoide_10.2.0_759/ide/tools/bin/../lib/gcc/arm-none-eabi/7.2.1/../../../../arm-none-eabi/lib/thumb/v7e-m/fpv4-sp/hard\libcr_c.a(errno.o)
                              c:/nxp/mcuxpressoide_10.2.0_759/ide/tools/bin/../lib/gcc/arm-none-eabi/7.2.1/../../../../arm-none-eabi/lib/thumb/v7e-m/fpv4-sp/hard\libcr_c.a(_sincos.o) (errno)
c:/nxp/mcuxpressoide_10.2.0_759/ide/tools/bin/../lib/gcc/arm-none-eabi/7.2.1/../../../../arm-none-eabi/lib/thumb/v7e-m/fpv4-sp/hard\libcr_c.a(fabs.o)
                              c:/nxp/mcuxpressoide_10.2.0_759/ide/tools/bin/../lib/gcc/arm-none-eabi/7.2.1/../../../../arm-none-eabi/lib/thumb/v7e-m/fpv4-sp/hard\libcr_c.a(_sincos.o) (fabs)
c:/nxp/mcuxpressoide_10.2.0_759/ide/tools/bin/../lib/gcc/arm-none-eabi/7.2.1/../../../../arm-none-eabi/lib/thumb/v7e-m/fpv4-sp/hard\libcr_c.a(_hugeval.o)
                              c:/nxp/mcuxpressoide_10.2.0_759/ide/tools/bin/../lib/gcc/arm-none-eabi/7.2.1/../../../../arm-none-eabi/lib/thumb/v7e-m/fpv4-sp/hard\libcr_c.a(_sincos.o) (__huge_val)
c:/nxp/mcuxpressoide_10.2.0_759/ide/tools/bin/../lib/gcc/arm-none-eabi/7.2.1/thumb/v7e-m/fpv4-sp/hard\libcr_eabihelpers.a(double.o)
                              ./source/Modulador.o (__aeabi_dmul)

Discarded input sections

 .group         0x00000000        0xc ./source/ADC.o
 .group         0x00000000        0xc ./source/ADC.o
 .group         0x00000000        0xc ./source/ADC.o
 .group         0x00000000        0xc ./source/ADC.o
 .group         0x00000000        0xc ./source/ADC.o
 .group         0x00000000        0xc ./source/ADC.o
 .group         0x00000000        0xc ./source/ADC.o
 .group         0x00000000        0xc ./source/ADC.o
 .group         0x00000000        0xc ./source/ADC.o
 .group         0x00000000        0xc ./source/ADC.o
 .group         0x00000000        0xc ./source/ADC.o
 .group         0x00000000        0xc ./source/ADC.o
 .group         0x00000000        0xc ./source/ADC.o
 .group         0x00000000        0xc ./source/ADC.o
 .text          0x00000000        0x0 ./source/ADC.o
 .data          0x00000000        0x0 ./source/ADC.o
 .bss           0x00000000        0x0 ./source/ADC.o
 .text.__NVIC_EnableIRQ
                0x00000000       0x3c ./source/ADC.o
 .data.sim_ptr  0x00000000        0x4 ./source/ADC.o
 .text.ADC_init
                0x00000000      0x134 ./source/ADC.o
 .text.ADC_enableModule
                0x00000000       0x3c ./source/ADC.o
 .text.ADC_disableModule
                0x00000000       0x34 ./source/ADC.o
 .text.ADC_getDataResult
                0x00000000       0x18 ./source/ADC.o
 .group         0x00000000        0xc ./source/App.o
 .group         0x00000000        0xc ./source/App.o
 .group         0x00000000        0xc ./source/App.o
 .group         0x00000000        0xc ./source/App.o
 .group         0x00000000        0xc ./source/App.o
 .group         0x00000000        0xc ./source/App.o
 .group         0x00000000        0xc ./source/App.o
 .group         0x00000000        0xc ./source/App.o
 .group         0x00000000        0xc ./source/App.o
 .group         0x00000000        0xc ./source/App.o
 .group         0x00000000        0xc ./source/App.o
 .group         0x00000000        0xc ./source/App.o
 .group         0x00000000        0xc ./source/App.o
 .group         0x00000000        0xc ./source/App.o
 .group         0x00000000        0xc ./source/App.o
 .group         0x00000000        0xc ./source/App.o
 .group         0x00000000        0xc ./source/App.o
 .text          0x00000000        0x0 ./source/App.o
 .data          0x00000000        0x0 ./source/App.o
 .bss           0x00000000        0x0 ./source/App.o
 .debug_macro   0x00000000      0xa5a ./source/App.o
 .debug_macro   0x00000000      0x34e ./source/App.o
 .debug_macro   0x00000000       0x22 ./source/App.o
 .debug_macro   0x00000000       0x10 ./source/App.o
 .debug_macro   0x00000000       0x5c ./source/App.o
 .debug_macro   0x00000000       0x1c ./source/App.o
 .debug_macro   0x00000000       0x22 ./source/App.o
 .debug_macro   0x00000000       0xdf ./source/App.o
 .debug_macro   0x00000000      0xecf ./source/App.o
 .debug_macro   0x00000000       0x48 ./source/App.o
 .debug_macro   0x00000000     0xe07b ./source/App.o
 .debug_macro   0x00000000     0x122b ./source/App.o
 .debug_macro   0x00000000       0x16 ./source/App.o
 .group         0x00000000        0xc ./source/CMP.o
 .group         0x00000000        0xc ./source/CMP.o
 .group         0x00000000        0xc ./source/CMP.o
 .group         0x00000000        0xc ./source/CMP.o
 .group         0x00000000        0xc ./source/CMP.o
 .group         0x00000000        0xc ./source/CMP.o
 .group         0x00000000        0xc ./source/CMP.o
 .group         0x00000000        0xc ./source/CMP.o
 .group         0x00000000        0xc ./source/CMP.o
 .group         0x00000000        0xc ./source/CMP.o
 .group         0x00000000        0xc ./source/CMP.o
 .group         0x00000000        0xc ./source/CMP.o
 .group         0x00000000        0xc ./source/CMP.o
 .group         0x00000000        0xc ./source/CMP.o
 .group         0x00000000        0xc ./source/CMP.o
 .text          0x00000000        0x0 ./source/CMP.o
 .data          0x00000000        0x0 ./source/CMP.o
 .bss           0x00000000        0x0 ./source/CMP.o
 .debug_macro   0x00000000      0xa5a ./source/CMP.o
 .debug_macro   0x00000000      0x34e ./source/CMP.o
 .debug_macro   0x00000000       0x22 ./source/CMP.o
 .debug_macro   0x00000000       0x10 ./source/CMP.o
 .debug_macro   0x00000000       0x5c ./source/CMP.o
 .debug_macro   0x00000000       0x1c ./source/CMP.o
 .debug_macro   0x00000000       0x22 ./source/CMP.o
 .debug_macro   0x00000000       0xdf ./source/CMP.o
 .debug_macro   0x00000000      0xecf ./source/CMP.o
 .debug_macro   0x00000000       0x48 ./source/CMP.o
 .debug_macro   0x00000000     0xe07b ./source/CMP.o
 .debug_macro   0x00000000     0x122b ./source/CMP.o
 .debug_macro   0x00000000       0x16 ./source/CMP.o
 .group         0x00000000        0xc ./source/DAC.o
 .group         0x00000000        0xc ./source/DAC.o
 .group         0x00000000        0xc ./source/DAC.o
 .group         0x00000000        0xc ./source/DAC.o
 .group         0x00000000        0xc ./source/DAC.o
 .group         0x00000000        0xc ./source/DAC.o
 .group         0x00000000        0xc ./source/DAC.o
 .group         0x00000000        0xc ./source/DAC.o
 .group         0x00000000        0xc ./source/DAC.o
 .group         0x00000000        0xc ./source/DAC.o
 .group         0x00000000        0xc ./source/DAC.o
 .group         0x00000000        0xc ./source/DAC.o
 .group         0x00000000        0xc ./source/DAC.o
 .text          0x00000000        0x0 ./source/DAC.o
 .data          0x00000000        0x0 ./source/DAC.o
 .bss           0x00000000        0x0 ./source/DAC.o
 .data.DAC0_ptr
                0x00000000        0x4 ./source/DAC.o
 .data.sim_ptr  0x00000000        0x4 ./source/DAC.o
 .text.DAC_init
                0x00000000       0x8c ./source/DAC.o
 .text.DAC_setData
                0x00000000       0x38 ./source/DAC.o
 .debug_info    0x00000000      0x36d ./source/DAC.o
 .debug_abbrev  0x00000000      0x132 ./source/DAC.o
 .debug_aranges
                0x00000000       0x28 ./source/DAC.o
 .debug_ranges  0x00000000       0x18 ./source/DAC.o
 .debug_macro   0x00000000       0xac ./source/DAC.o
 .debug_macro   0x00000000      0xa5a ./source/DAC.o
 .debug_macro   0x00000000      0x34e ./source/DAC.o
 .debug_macro   0x00000000       0x22 ./source/DAC.o
 .debug_macro   0x00000000       0x10 ./source/DAC.o
 .debug_macro   0x00000000       0x5c ./source/DAC.o
 .debug_macro   0x00000000       0x1c ./source/DAC.o
 .debug_macro   0x00000000       0x22 ./source/DAC.o
 .debug_macro   0x00000000       0xdf ./source/DAC.o
 .debug_macro   0x00000000      0xecf ./source/DAC.o
 .debug_macro   0x00000000       0x48 ./source/DAC.o
 .debug_macro   0x00000000     0xe07b ./source/DAC.o
 .debug_macro   0x00000000     0x122b ./source/DAC.o
 .debug_macro   0x00000000       0x16 ./source/DAC.o
 .debug_line    0x00000000      0x196 ./source/DAC.o
 .debug_str     0x00000000    0x77101 ./source/DAC.o
 .comment       0x00000000       0x7f ./source/DAC.o
 .debug_frame   0x00000000       0x58 ./source/DAC.o
 .ARM.attributes
                0x00000000       0x39 ./source/DAC.o
 .group         0x00000000        0xc ./source/DMA.o
 .group         0x00000000        0xc ./source/DMA.o
 .group         0x00000000        0xc ./source/DMA.o
 .group         0x00000000        0xc ./source/DMA.o
 .group         0x00000000        0xc ./source/DMA.o
 .group         0x00000000        0xc ./source/DMA.o
 .group         0x00000000        0xc ./source/DMA.o
 .group         0x00000000        0xc ./source/DMA.o
 .group         0x00000000        0xc ./source/DMA.o
 .group         0x00000000        0xc ./source/DMA.o
 .group         0x00000000        0xc ./source/DMA.o
 .group         0x00000000        0xc ./source/DMA.o
 .group         0x00000000        0xc ./source/DMA.o
 .text          0x00000000        0x0 ./source/DMA.o
 .data          0x00000000        0x0 ./source/DMA.o
 .bss           0x00000000        0x0 ./source/DMA.o
 .debug_macro   0x00000000      0xa5a ./source/DMA.o
 .debug_macro   0x00000000      0x34e ./source/DMA.o
 .debug_macro   0x00000000       0x22 ./source/DMA.o
 .debug_macro   0x00000000       0x10 ./source/DMA.o
 .debug_macro   0x00000000       0x5c ./source/DMA.o
 .debug_macro   0x00000000       0x1c ./source/DMA.o
 .debug_macro   0x00000000       0x22 ./source/DMA.o
 .debug_macro   0x00000000       0xdf ./source/DMA.o
 .debug_macro   0x00000000      0xecf ./source/DMA.o
 .debug_macro   0x00000000       0x48 ./source/DMA.o
 .debug_macro   0x00000000     0xe07b ./source/DMA.o
 .debug_macro   0x00000000     0x122b ./source/DMA.o
 .debug_macro   0x00000000       0x16 ./source/DMA.o
 .group         0x00000000        0xc ./source/DecodeBits.o
 .group         0x00000000        0xc ./source/DecodeBits.o
 .group         0x00000000        0xc ./source/DecodeBits.o
 .group         0x00000000        0xc ./source/DecodeBits.o
 .group         0x00000000        0xc ./source/DecodeBits.o
 .group         0x00000000        0xc ./source/DecodeBits.o
 .group         0x00000000        0xc ./source/DecodeBits.o
 .group         0x00000000        0xc ./source/DecodeBits.o
 .group         0x00000000        0xc ./source/DecodeBits.o
 .group         0x00000000        0xc ./source/DecodeBits.o
 .group         0x00000000        0xc ./source/DecodeBits.o
 .group         0x00000000        0xc ./source/DecodeBits.o
 .group         0x00000000        0xc ./source/DecodeBits.o
 .text          0x00000000        0x0 ./source/DecodeBits.o
 .data          0x00000000        0x0 ./source/DecodeBits.o
 .bss           0x00000000        0x0 ./source/DecodeBits.o
 .debug_macro   0x00000000      0xa5a ./source/DecodeBits.o
 .debug_macro   0x00000000      0x34e ./source/DecodeBits.o
 .debug_macro   0x00000000       0x22 ./source/DecodeBits.o
 .debug_macro   0x00000000       0x10 ./source/DecodeBits.o
 .debug_macro   0x00000000       0x5c ./source/DecodeBits.o
 .debug_macro   0x00000000       0x1c ./source/DecodeBits.o
 .debug_macro   0x00000000       0x22 ./source/DecodeBits.o
 .debug_macro   0x00000000       0xdf ./source/DecodeBits.o
 .debug_macro   0x00000000      0xecf ./source/DecodeBits.o
 .debug_macro   0x00000000       0x48 ./source/DecodeBits.o
 .debug_macro   0x00000000     0xe07b ./source/DecodeBits.o
 .debug_macro   0x00000000     0x122b ./source/DecodeBits.o
 .debug_macro   0x00000000       0x16 ./source/DecodeBits.o
 .group         0x00000000        0xc ./source/Modulador.o
 .group         0x00000000        0xc ./source/Modulador.o
 .group         0x00000000        0xc ./source/Modulador.o
 .group         0x00000000        0xc ./source/Modulador.o
 .group         0x00000000        0xc ./source/Modulador.o
 .group         0x00000000        0xc ./source/Modulador.o
 .group         0x00000000        0xc ./source/Modulador.o
 .group         0x00000000        0xc ./source/Modulador.o
 .group         0x00000000        0xc ./source/Modulador.o
 .group         0x00000000        0xc ./source/Modulador.o
 .group         0x00000000        0xc ./source/Modulador.o
 .group         0x00000000        0xc ./source/Modulador.o
 .group         0x00000000        0xc ./source/Modulador.o
 .group         0x00000000        0xc ./source/Modulador.o
 .group         0x00000000        0xc ./source/Modulador.o
 .group         0x00000000        0xc ./source/Modulador.o
 .group         0x00000000        0xc ./source/Modulador.o
 .group         0x00000000        0xc ./source/Modulador.o
 .text          0x00000000        0x0 ./source/Modulador.o
 .data          0x00000000        0x0 ./source/Modulador.o
 .bss           0x00000000        0x0 ./source/Modulador.o
 .debug_macro   0x00000000      0xa5a ./source/Modulador.o
 .debug_macro   0x00000000      0x34e ./source/Modulador.o
 .debug_macro   0x00000000       0x22 ./source/Modulador.o
 .group         0x00000000        0xc ./source/PIT.o
 .group         0x00000000        0xc ./source/PIT.o
 .group         0x00000000        0xc ./source/PIT.o
 .group         0x00000000        0xc ./source/PIT.o
 .group         0x00000000        0xc ./source/PIT.o
 .group         0x00000000        0xc ./source/PIT.o
 .group         0x00000000        0xc ./source/PIT.o
 .group         0x00000000        0xc ./source/PIT.o
 .group         0x00000000        0xc ./source/PIT.o
 .group         0x00000000        0xc ./source/PIT.o
 .group         0x00000000        0xc ./source/PIT.o
 .group         0x00000000        0xc ./source/PIT.o
 .group         0x00000000        0xc ./source/PIT.o
 .text          0x00000000        0x0 ./source/PIT.o
 .data          0x00000000        0x0 ./source/PIT.o
 .bss           0x00000000        0x0 ./source/PIT.o
 .text.__NVIC_EnableIRQ
                0x00000000       0x3c ./source/PIT.o
 .data.sim_ptr  0x00000000        0x4 ./source/PIT.o
 .text.PIT_init
                0x00000000       0x54 ./source/PIT.o
 .text.PIT_configTimer
                0x00000000      0x12c ./source/PIT.o
 .text.PIT_startTime
                0x00000000       0xac ./source/PIT.o
 .text.PIT_stopTime
                0x00000000       0xa4 ./source/PIT.o
 .debug_macro   0x00000000      0xa5a ./source/PIT.o
 .debug_macro   0x00000000      0x34e ./source/PIT.o
 .debug_macro   0x00000000       0x22 ./source/PIT.o
 .debug_macro   0x00000000       0x10 ./source/PIT.o
 .debug_macro   0x00000000       0x5c ./source/PIT.o
 .debug_macro   0x00000000       0x1c ./source/PIT.o
 .debug_macro   0x00000000       0x22 ./source/PIT.o
 .debug_macro   0x00000000       0xdf ./source/PIT.o
 .debug_macro   0x00000000      0xecf ./source/PIT.o
 .debug_macro   0x00000000       0x48 ./source/PIT.o
 .debug_macro   0x00000000     0xe07b ./source/PIT.o
 .debug_macro   0x00000000     0x122b ./source/PIT.o
 .debug_macro   0x00000000       0x16 ./source/PIT.o
 .group         0x00000000        0xc ./source/ftm.o
 .group         0x00000000        0xc ./source/ftm.o
 .group         0x00000000        0xc ./source/ftm.o
 .group         0x00000000        0xc ./source/ftm.o
 .group         0x00000000        0xc ./source/ftm.o
 .group         0x00000000        0xc ./source/ftm.o
 .group         0x00000000        0xc ./source/ftm.o
 .group         0x00000000        0xc ./source/ftm.o
 .group         0x00000000        0xc ./source/ftm.o
 .group         0x00000000        0xc ./source/ftm.o
 .group         0x00000000        0xc ./source/ftm.o
 .group         0x00000000        0xc ./source/ftm.o
 .group         0x00000000        0xc ./source/ftm.o
 .group         0x00000000        0xc ./source/ftm.o
 .group         0x00000000        0xc ./source/ftm.o
 .text          0x00000000        0x0 ./source/ftm.o
 .data          0x00000000        0x0 ./source/ftm.o
 .bss           0x00000000        0x0 ./source/ftm.o
 .data.OC_Delta
                0x00000000        0x2 ./source/ftm.o
 .text.OC_ISR   0x00000000       0x7c ./source/ftm.o
 .text.FTM_SetCounter
                0x00000000       0x2a ./source/ftm.o
 .text.FTM_DisableInterrupts
                0x00000000       0x34 ./source/ftm.o
 .text.setOC    0x00000000       0x6a ./source/ftm.o
 .text.getPulseMeasure
                0x00000000       0x18 ./source/ftm.o
 .debug_macro   0x00000000      0xa5a ./source/ftm.o
 .debug_macro   0x00000000      0x34e ./source/ftm.o
 .debug_macro   0x00000000       0x22 ./source/ftm.o
 .debug_macro   0x00000000       0x10 ./source/ftm.o
 .debug_macro   0x00000000       0x5c ./source/ftm.o
 .debug_macro   0x00000000       0x1c ./source/ftm.o
 .debug_macro   0x00000000       0x22 ./source/ftm.o
 .debug_macro   0x00000000       0xdf ./source/ftm.o
 .debug_macro   0x00000000      0xecf ./source/ftm.o
 .debug_macro   0x00000000       0x48 ./source/ftm.o
 .debug_macro   0x00000000     0xe07b ./source/ftm.o
 .debug_macro   0x00000000     0x122b ./source/ftm.o
 .debug_macro   0x00000000       0x16 ./source/ftm.o
 .debug_macro   0x00000000       0x46 ./source/ftm.o
 .debug_macro   0x00000000       0x46 ./source/ftm.o
 .group         0x00000000        0xc ./source/gpio.o
 .group         0x00000000        0xc ./source/gpio.o
 .group         0x00000000        0xc ./source/gpio.o
 .group         0x00000000        0xc ./source/gpio.o
 .group         0x00000000        0xc ./source/gpio.o
 .group         0x00000000        0xc ./source/gpio.o
 .group         0x00000000        0xc ./source/gpio.o
 .group         0x00000000        0xc ./source/gpio.o
 .group         0x00000000        0xc ./source/gpio.o
 .group         0x00000000        0xc ./source/gpio.o
 .group         0x00000000        0xc ./source/gpio.o
 .group         0x00000000        0xc ./source/gpio.o
 .group         0x00000000        0xc ./source/gpio.o
 .group         0x00000000        0xc ./source/gpio.o
 .text          0x00000000        0x0 ./source/gpio.o
 .data          0x00000000        0x0 ./source/gpio.o
 .bss           0x00000000        0x0 ./source/gpio.o
 .text.gpioWrite
                0x00000000       0x6c ./source/gpio.o
 .text.gpioRead
                0x00000000       0x5c ./source/gpio.o
 .text.gpioIRQ  0x00000000       0x94 ./source/gpio.o
 .debug_macro   0x00000000      0xa5a ./source/gpio.o
 .debug_macro   0x00000000      0x34e ./source/gpio.o
 .debug_macro   0x00000000       0x22 ./source/gpio.o
 .debug_macro   0x00000000       0x10 ./source/gpio.o
 .debug_macro   0x00000000       0x5c ./source/gpio.o
 .debug_macro   0x00000000       0x1c ./source/gpio.o
 .debug_macro   0x00000000       0x22 ./source/gpio.o
 .debug_macro   0x00000000       0xdf ./source/gpio.o
 .debug_macro   0x00000000      0xecf ./source/gpio.o
 .debug_macro   0x00000000       0x48 ./source/gpio.o
 .debug_macro   0x00000000     0xe07b ./source/gpio.o
 .debug_macro   0x00000000     0x122b ./source/gpio.o
 .debug_macro   0x00000000       0x16 ./source/gpio.o
 .debug_macro   0x00000000       0x46 ./source/gpio.o
 .group         0x00000000        0xc ./SDK/startup/hardware.o
 .group         0x00000000        0xc ./SDK/startup/hardware.o
 .group         0x00000000        0xc ./SDK/startup/hardware.o
 .group         0x00000000        0xc ./SDK/startup/hardware.o
 .group         0x00000000        0xc ./SDK/startup/hardware.o
 .group         0x00000000        0xc ./SDK/startup/hardware.o
 .group         0x00000000        0xc ./SDK/startup/hardware.o
 .group         0x00000000        0xc ./SDK/startup/hardware.o
 .group         0x00000000        0xc ./SDK/startup/hardware.o
 .group         0x00000000        0xc ./SDK/startup/hardware.o
 .group         0x00000000        0xc ./SDK/startup/hardware.o
 .group         0x00000000        0xc ./SDK/startup/hardware.o
 .group         0x00000000        0xc ./SDK/startup/hardware.o
 .text          0x00000000        0x0 ./SDK/startup/hardware.o
 .data          0x00000000        0x0 ./SDK/startup/hardware.o
 .bss           0x00000000        0x0 ./SDK/startup/hardware.o
 .debug_macro   0x00000000      0xa5a ./SDK/startup/hardware.o
 .debug_macro   0x00000000      0x34e ./SDK/startup/hardware.o
 .debug_macro   0x00000000       0x22 ./SDK/startup/hardware.o
 .debug_macro   0x00000000       0x10 ./SDK/startup/hardware.o
 .debug_macro   0x00000000       0x5c ./SDK/startup/hardware.o
 .debug_macro   0x00000000       0x1c ./SDK/startup/hardware.o
 .debug_macro   0x00000000       0x22 ./SDK/startup/hardware.o
 .debug_macro   0x00000000       0xdf ./SDK/startup/hardware.o
 .debug_macro   0x00000000      0xecf ./SDK/startup/hardware.o
 .debug_macro   0x00000000       0x48 ./SDK/startup/hardware.o
 .debug_macro   0x00000000     0xe07b ./SDK/startup/hardware.o
 .debug_macro   0x00000000     0x122b ./SDK/startup/hardware.o
 .debug_macro   0x00000000       0x16 ./SDK/startup/hardware.o
 .group         0x00000000        0xc ./SDK/startup/main.o
 .group         0x00000000        0xc ./SDK/startup/main.o
 .group         0x00000000        0xc ./SDK/startup/main.o
 .group         0x00000000        0xc ./SDK/startup/main.o
 .group         0x00000000        0xc ./SDK/startup/main.o
 .group         0x00000000        0xc ./SDK/startup/main.o
 .group         0x00000000        0xc ./SDK/startup/main.o
 .group         0x00000000        0xc ./SDK/startup/main.o
 .group         0x00000000        0xc ./SDK/startup/main.o
 .group         0x00000000        0xc ./SDK/startup/main.o
 .group         0x00000000        0xc ./SDK/startup/main.o
 .group         0x00000000        0xc ./SDK/startup/main.o
 .group         0x00000000        0xc ./SDK/startup/main.o
 .text          0x00000000        0x0 ./SDK/startup/main.o
 .data          0x00000000        0x0 ./SDK/startup/main.o
 .bss           0x00000000        0x0 ./SDK/startup/main.o
 .debug_macro   0x00000000      0xa5a ./SDK/startup/main.o
 .debug_macro   0x00000000      0x34e ./SDK/startup/main.o
 .debug_macro   0x00000000       0x22 ./SDK/startup/main.o
 .debug_macro   0x00000000       0x10 ./SDK/startup/main.o
 .debug_macro   0x00000000       0x5c ./SDK/startup/main.o
 .debug_macro   0x00000000       0x1c ./SDK/startup/main.o
 .debug_macro   0x00000000       0x22 ./SDK/startup/main.o
 .debug_macro   0x00000000       0xdf ./SDK/startup/main.o
 .debug_macro   0x00000000      0xecf ./SDK/startup/main.o
 .debug_macro   0x00000000       0x48 ./SDK/startup/main.o
 .debug_macro   0x00000000     0xe07b ./SDK/startup/main.o
 .debug_macro   0x00000000     0x122b ./SDK/startup/main.o
 .debug_macro   0x00000000       0x16 ./SDK/startup/main.o
 .group         0x00000000        0xc ./SDK/startup/semihost_hardfault.o
 .text          0x00000000        0x0 ./SDK/startup/semihost_hardfault.o
 .data          0x00000000        0x0 ./SDK/startup/semihost_hardfault.o
 .bss           0x00000000        0x0 ./SDK/startup/semihost_hardfault.o
 .debug_macro   0x00000000      0xa5a ./SDK/startup/semihost_hardfault.o
 .group         0x00000000        0xc ./SDK/startup/startup_mk64f12.o
 .text          0x00000000        0x0 ./SDK/startup/startup_mk64f12.o
 .data          0x00000000        0x0 ./SDK/startup/startup_mk64f12.o
 .bss           0x00000000        0x0 ./SDK/startup/startup_mk64f12.o
 .text.DMA0_IRQHandler
                0x00000000        0x8 ./SDK/startup/startup_mk64f12.o
 .text.DMA1_IRQHandler
                0x00000000        0x8 ./SDK/startup/startup_mk64f12.o
 .text.ADC0_IRQHandler
                0x00000000        0x8 ./SDK/startup/startup_mk64f12.o
 .text.CMP0_IRQHandler
                0x00000000        0x8 ./SDK/startup/startup_mk64f12.o
 .text.FTM0_IRQHandler
                0x00000000        0x8 ./SDK/startup/startup_mk64f12.o
 .text.PIT0_IRQHandler
                0x00000000        0x8 ./SDK/startup/startup_mk64f12.o
 .text.PIT1_IRQHandler
                0x00000000        0x8 ./SDK/startup/startup_mk64f12.o
 .text.PORTA_IRQHandler
                0x00000000        0x8 ./SDK/startup/startup_mk64f12.o
 .text.PORTB_IRQHandler
                0x00000000        0x8 ./SDK/startup/startup_mk64f12.o
 .text.PORTC_IRQHandler
                0x00000000        0x8 ./SDK/startup/startup_mk64f12.o
 .text.PORTD_IRQHandler
                0x00000000        0x8 ./SDK/startup/startup_mk64f12.o
 .text.PORTE_IRQHandler
                0x00000000        0x8 ./SDK/startup/startup_mk64f12.o
 .text.FTM3_IRQHandler
                0x00000000        0x8 ./SDK/startup/startup_mk64f12.o
 .debug_macro   0x00000000      0xa5a ./SDK/startup/startup_mk64f12.o
 .group         0x00000000        0xc ./SDK/CMSIS/system_MK64F12.o
 .group         0x00000000        0xc ./SDK/CMSIS/system_MK64F12.o
 .group         0x00000000        0xc ./SDK/CMSIS/system_MK64F12.o
 .group         0x00000000        0xc ./SDK/CMSIS/system_MK64F12.o
 .group         0x00000000        0xc ./SDK/CMSIS/system_MK64F12.o
 .group         0x00000000        0xc ./SDK/CMSIS/system_MK64F12.o
 .group         0x00000000        0xc ./SDK/CMSIS/system_MK64F12.o
 .group         0x00000000        0xc ./SDK/CMSIS/system_MK64F12.o
 .group         0x00000000        0xc ./SDK/CMSIS/system_MK64F12.o
 .group         0x00000000        0xc ./SDK/CMSIS/system_MK64F12.o
 .group         0x00000000        0xc ./SDK/CMSIS/system_MK64F12.o
 .text          0x00000000        0x0 ./SDK/CMSIS/system_MK64F12.o
 .data          0x00000000        0x0 ./SDK/CMSIS/system_MK64F12.o
 .bss           0x00000000        0x0 ./SDK/CMSIS/system_MK64F12.o
 .data.SystemCoreClock
                0x00000000        0x4 ./SDK/CMSIS/system_MK64F12.o
 .text.SystemCoreClockUpdate
                0x00000000      0x278 ./SDK/CMSIS/system_MK64F12.o
 .debug_macro   0x00000000      0xa5a ./SDK/CMSIS/system_MK64F12.o
 .debug_macro   0x00000000      0x34e ./SDK/CMSIS/system_MK64F12.o
 .debug_macro   0x00000000       0x10 ./SDK/CMSIS/system_MK64F12.o
 .debug_macro   0x00000000       0x5c ./SDK/CMSIS/system_MK64F12.o
 .debug_macro   0x00000000       0x1c ./SDK/CMSIS/system_MK64F12.o
 .debug_macro   0x00000000       0x22 ./SDK/CMSIS/system_MK64F12.o
 .debug_macro   0x00000000       0xdf ./SDK/CMSIS/system_MK64F12.o
 .debug_macro   0x00000000      0xecf ./SDK/CMSIS/system_MK64F12.o
 .debug_macro   0x00000000       0x48 ./SDK/CMSIS/system_MK64F12.o
 .debug_macro   0x00000000     0xe07b ./SDK/CMSIS/system_MK64F12.o
 .debug_macro   0x00000000     0x122b ./SDK/CMSIS/system_MK64F12.o
 .text          0x00000000        0x0 c:/nxp/mcuxpressoide_10.2.0_759/ide/tools/bin/../lib/gcc/arm-none-eabi/7.2.1/../../../../arm-none-eabi/lib/thumb/v7e-m/fpv4-sp/hard\libcr_c.a(sin.o)
 .data          0x00000000        0x0 c:/nxp/mcuxpressoide_10.2.0_759/ide/tools/bin/../lib/gcc/arm-none-eabi/7.2.1/../../../../arm-none-eabi/lib/thumb/v7e-m/fpv4-sp/hard\libcr_c.a(sin.o)
 .bss           0x00000000        0x0 c:/nxp/mcuxpressoide_10.2.0_759/ide/tools/bin/../lib/gcc/arm-none-eabi/7.2.1/../../../../arm-none-eabi/lib/thumb/v7e-m/fpv4-sp/hard\libcr_c.a(sin.o)
 .text          0x00000000        0x0 c:/nxp/mcuxpressoide_10.2.0_759/ide/tools/bin/../lib/gcc/arm-none-eabi/7.2.1/../../../../arm-none-eabi/lib/thumb/v7e-m/fpv4-sp/hard\libcr_c.a(_sincos.o)
 .data          0x00000000        0x0 c:/nxp/mcuxpressoide_10.2.0_759/ide/tools/bin/../lib/gcc/arm-none-eabi/7.2.1/../../../../arm-none-eabi/lib/thumb/v7e-m/fpv4-sp/hard\libcr_c.a(_sincos.o)
 .bss           0x00000000        0x0 c:/nxp/mcuxpressoide_10.2.0_759/ide/tools/bin/../lib/gcc/arm-none-eabi/7.2.1/../../../../arm-none-eabi/lib/thumb/v7e-m/fpv4-sp/hard\libcr_c.a(_sincos.o)
 .text          0x00000000        0x0 c:/nxp/mcuxpressoide_10.2.0_759/ide/tools/bin/../lib/gcc/arm-none-eabi/7.2.1/../../../../arm-none-eabi/lib/thumb/v7e-m/fpv4-sp/hard\libcr_c.a(errno.o)
 .data          0x00000000        0x0 c:/nxp/mcuxpressoide_10.2.0_759/ide/tools/bin/../lib/gcc/arm-none-eabi/7.2.1/../../../../arm-none-eabi/lib/thumb/v7e-m/fpv4-sp/hard\libcr_c.a(errno.o)
 .bss           0x00000000        0x0 c:/nxp/mcuxpressoide_10.2.0_759/ide/tools/bin/../lib/gcc/arm-none-eabi/7.2.1/../../../../arm-none-eabi/lib/thumb/v7e-m/fpv4-sp/hard\libcr_c.a(errno.o)
 .text          0x00000000        0x0 c:/nxp/mcuxpressoide_10.2.0_759/ide/tools/bin/../lib/gcc/arm-none-eabi/7.2.1/../../../../arm-none-eabi/lib/thumb/v7e-m/fpv4-sp/hard\libcr_c.a(fabs.o)
 .data          0x00000000        0x0 c:/nxp/mcuxpressoide_10.2.0_759/ide/tools/bin/../lib/gcc/arm-none-eabi/7.2.1/../../../../arm-none-eabi/lib/thumb/v7e-m/fpv4-sp/hard\libcr_c.a(fabs.o)
 .bss           0x00000000        0x0 c:/nxp/mcuxpressoide_10.2.0_759/ide/tools/bin/../lib/gcc/arm-none-eabi/7.2.1/../../../../arm-none-eabi/lib/thumb/v7e-m/fpv4-sp/hard\libcr_c.a(fabs.o)
 .text          0x00000000        0x0 c:/nxp/mcuxpressoide_10.2.0_759/ide/tools/bin/../lib/gcc/arm-none-eabi/7.2.1/../../../../arm-none-eabi/lib/thumb/v7e-m/fpv4-sp/hard\libcr_c.a(_hugeval.o)
 .data          0x00000000        0x0 c:/nxp/mcuxpressoide_10.2.0_759/ide/tools/bin/../lib/gcc/arm-none-eabi/7.2.1/../../../../arm-none-eabi/lib/thumb/v7e-m/fpv4-sp/hard\libcr_c.a(_hugeval.o)
 .bss           0x00000000        0x0 c:/nxp/mcuxpressoide_10.2.0_759/ide/tools/bin/../lib/gcc/arm-none-eabi/7.2.1/../../../../arm-none-eabi/lib/thumb/v7e-m/fpv4-sp/hard\libcr_c.a(_hugeval.o)
 .rodata.__huge_vall
                0x00000000        0x8 c:/nxp/mcuxpressoide_10.2.0_759/ide/tools/bin/../lib/gcc/arm-none-eabi/7.2.1/../../../../arm-none-eabi/lib/thumb/v7e-m/fpv4-sp/hard\libcr_c.a(_hugeval.o)
 .text          0x00000000        0x0 c:/nxp/mcuxpressoide_10.2.0_759/ide/tools/bin/../lib/gcc/arm-none-eabi/7.2.1/thumb/v7e-m/fpv4-sp/hard\libcr_eabihelpers.a(double.o)
 .data          0x00000000        0x0 c:/nxp/mcuxpressoide_10.2.0_759/ide/tools/bin/../lib/gcc/arm-none-eabi/7.2.1/thumb/v7e-m/fpv4-sp/hard\libcr_eabihelpers.a(double.o)
 .bss           0x00000000        0x0 c:/nxp/mcuxpressoide_10.2.0_759/ide/tools/bin/../lib/gcc/arm-none-eabi/7.2.1/thumb/v7e-m/fpv4-sp/hard\libcr_eabihelpers.a(double.o)
 .text.__aeabi_drsub
                0x00000000       0x18 c:/nxp/mcuxpressoide_10.2.0_759/ide/tools/bin/../lib/gcc/arm-none-eabi/7.2.1/thumb/v7e-m/fpv4-sp/hard\libcr_eabihelpers.a(double.o)
 .text.__aeabi_dneg
                0x00000000        0xe c:/nxp/mcuxpressoide_10.2.0_759/ide/tools/bin/../lib/gcc/arm-none-eabi/7.2.1/thumb/v7e-m/fpv4-sp/hard\libcr_eabihelpers.a(double.o)
 .text.__aeabi_d2f
                0x00000000       0x54 c:/nxp/mcuxpressoide_10.2.0_759/ide/tools/bin/../lib/gcc/arm-none-eabi/7.2.1/thumb/v7e-m/fpv4-sp/hard\libcr_eabihelpers.a(double.o)
 .text.__aeabi_d2lz
                0x00000000       0x6c c:/nxp/mcuxpressoide_10.2.0_759/ide/tools/bin/../lib/gcc/arm-none-eabi/7.2.1/thumb/v7e-m/fpv4-sp/hard\libcr_eabihelpers.a(double.o)
 .text.__aeabi_d2ulz
                0x00000000       0x56 c:/nxp/mcuxpressoide_10.2.0_759/ide/tools/bin/../lib/gcc/arm-none-eabi/7.2.1/thumb/v7e-m/fpv4-sp/hard\libcr_eabihelpers.a(double.o)
 .text.__bhs_ul2d
                0x00000000       0x8a c:/nxp/mcuxpressoide_10.2.0_759/ide/tools/bin/../lib/gcc/arm-none-eabi/7.2.1/thumb/v7e-m/fpv4-sp/hard\libcr_eabihelpers.a(double.o)
 .text.__aeabi_ui2d
                0x00000000        0x8 c:/nxp/mcuxpressoide_10.2.0_759/ide/tools/bin/../lib/gcc/arm-none-eabi/7.2.1/thumb/v7e-m/fpv4-sp/hard\libcr_eabihelpers.a(double.o)
 .text.__aeabi_l2d
                0x00000000       0x1a c:/nxp/mcuxpressoide_10.2.0_759/ide/tools/bin/../lib/gcc/arm-none-eabi/7.2.1/thumb/v7e-m/fpv4-sp/hard\libcr_eabihelpers.a(double.o)
 .text.__aeabi_ul2d
                0x00000000        0x8 c:/nxp/mcuxpressoide_10.2.0_759/ide/tools/bin/../lib/gcc/arm-none-eabi/7.2.1/thumb/v7e-m/fpv4-sp/hard\libcr_eabihelpers.a(double.o)
 .text.__aeabi_dcmpeq
                0x00000000       0x30 c:/nxp/mcuxpressoide_10.2.0_759/ide/tools/bin/../lib/gcc/arm-none-eabi/7.2.1/thumb/v7e-m/fpv4-sp/hard\libcr_eabihelpers.a(double.o)
 .text.__aeabi_dcmpgt
                0x00000000       0x58 c:/nxp/mcuxpressoide_10.2.0_759/ide/tools/bin/../lib/gcc/arm-none-eabi/7.2.1/thumb/v7e-m/fpv4-sp/hard\libcr_eabihelpers.a(double.o)
 .text.__aeabi_dcmple
                0x00000000       0x5a c:/nxp/mcuxpressoide_10.2.0_759/ide/tools/bin/../lib/gcc/arm-none-eabi/7.2.1/thumb/v7e-m/fpv4-sp/hard\libcr_eabihelpers.a(double.o)
 .text.__aeabi_dcmpun
                0x00000000       0x1a c:/nxp/mcuxpressoide_10.2.0_759/ide/tools/bin/../lib/gcc/arm-none-eabi/7.2.1/thumb/v7e-m/fpv4-sp/hard\libcr_eabihelpers.a(double.o)
 .text.__aeabi_cdcmple
                0x00000000       0x2c c:/nxp/mcuxpressoide_10.2.0_759/ide/tools/bin/../lib/gcc/arm-none-eabi/7.2.1/thumb/v7e-m/fpv4-sp/hard\libcr_eabihelpers.a(double.o)
 .text.__aeabi_cdrcmple
                0x00000000       0x14 c:/nxp/mcuxpressoide_10.2.0_759/ide/tools/bin/../lib/gcc/arm-none-eabi/7.2.1/thumb/v7e-m/fpv4-sp/hard\libcr_eabihelpers.a(double.o)

Memory Configuration

Name             Origin             Length             Attributes
PROGRAM_FLASH    0x00000000         0x00100000         xr
SRAM_UPPER       0x20000000         0x00030000         xrw
SRAM_LOWER       0x1fff0000         0x00010000         xrw
FLEX_RAM         0x14000000         0x00001000         xrw
*default*        0x00000000         0xffffffff

Linker script and memory map

LOAD ./source/ADC.o
LOAD ./source/App.o
LOAD ./source/CMP.o
LOAD ./source/DAC.o
LOAD ./source/DMA.o
LOAD ./source/DecodeBits.o
LOAD ./source/Modulador.o
LOAD ./source/PIT.o
LOAD ./source/ftm.o
LOAD ./source/gpio.o
LOAD ./SDK/startup/hardware.o
LOAD ./SDK/startup/main.o
LOAD ./SDK/startup/semihost_hardfault.o
LOAD ./SDK/startup/startup_mk64f12.o
LOAD ./SDK/CMSIS/system_MK64F12.o
START GROUP
LOAD c:/nxp/mcuxpressoide_10.2.0_759/ide/tools/bin/../lib/gcc/arm-none-eabi/7.2.1/../../../../arm-none-eabi/lib/thumb/v7e-m/fpv4-sp/hard\libcr_c.a
LOAD c:/nxp/mcuxpressoide_10.2.0_759/ide/tools/bin/../lib/gcc/arm-none-eabi/7.2.1/thumb/v7e-m/fpv4-sp/hard\libcr_eabihelpers.a
END GROUP
                0x00000000                __base_PROGRAM_FLASH = 0x0
                0x00000000                __base_Flash = 0x0
                0x00100000                __top_PROGRAM_FLASH = 0x100000
                0x00100000                __top_Flash = 0x100000
                0x20000000                __base_SRAM_UPPER = 0x20000000
                0x20000000                __base_RAM = 0x20000000
                0x20030000                __top_SRAM_UPPER = 0x20030000
                0x20030000                __top_RAM = 0x20030000
                0x1fff0000                __base_SRAM_LOWER = 0x1fff0000
                0x1fff0000                __base_RAM2 = 0x1fff0000
                0x20000000                __top_SRAM_LOWER = 0x20000000
                0x20000000                __top_RAM2 = 0x20000000
                0x14000000                __base_FLEX_RAM = 0x14000000
                0x14000000                __base_RAM3 = 0x14000000
                0x14001000                __top_FLEX_RAM = 0x14001000
                0x14001000                __top_RAM3 = 0x14001000

.text           0x00000000     0x2f78
 FILL mask 0xff
                0x00000000                __vectors_start__ = ABSOLUTE (.)
 *(SORT_BY_ALIGNMENT(.isr_vector))
 .isr_vector    0x00000000      0x198 ./SDK/startup/startup_mk64f12.o
                0x00000000                g_pfnVectors
                0x00000000                __Vectors
                0x00000198                . = ALIGN (0x4)
                0x00000198                __section_table_start = .
                0x00000198                __data_section_table = .
                0x00000198        0x4 LONG 0x2f78 LOADADDR (.data)
                0x0000019c        0x4 LONG 0x20000000 ADDR (.data)
                0x000001a0        0x4 LONG 0xa8 SIZEOF (.data)
                0x000001a4        0x4 LONG 0x2f78 LOADADDR (.data_RAM2)
                0x000001a8        0x4 LONG 0x1fff0000 ADDR (.data_RAM2)
                0x000001ac        0x4 LONG 0x0 SIZEOF (.data_RAM2)
                0x000001b0        0x4 LONG 0x2f78 LOADADDR (.data_RAM3)
                0x000001b4        0x4 LONG 0x14000000 ADDR (.data_RAM3)
                0x000001b8        0x4 LONG 0x0 SIZEOF (.data_RAM3)
                0x000001bc                __data_section_table_end = .
                0x000001bc                __bss_section_table = .
                0x000001bc        0x4 LONG 0x200000a8 ADDR (.bss)
                0x000001c0        0x4 LONG 0x498 SIZEOF (.bss)
                0x000001c4        0x4 LONG 0x1fff0000 ADDR (.bss_RAM2)
                0x000001c8        0x4 LONG 0x0 SIZEOF (.bss_RAM2)
                0x000001cc        0x4 LONG 0x14000000 ADDR (.bss_RAM3)
                0x000001d0        0x4 LONG 0x0 SIZEOF (.bss_RAM3)
                0x000001d4                __bss_section_table_end = .
                0x000001d4                __section_table_end = .
 *(SORT_BY_ALIGNMENT(.after_vectors*))
 .after_vectors.reset
                0x000001d4       0x4c ./SDK/startup/startup_mk64f12.o
                0x000001d4                ResetISR
 .after_vectors.init_data
                0x00000220       0x1e ./SDK/startup/startup_mk64f12.o
                0x00000220                data_init
 .after_vectors.init_bss
                0x0000023e       0x12 ./SDK/startup/startup_mk64f12.o
                0x0000023e                bss_init
 .after_vectors
                0x00000250       0x14 ./SDK/startup/startup_mk64f12.o
                0x00000250                NMI_Handler
                0x00000254                MemManage_Handler
                0x00000256                BusFault_Handler
                0x00000258                UsageFault_Handler
                0x0000025a                SVC_Handler
                0x0000025c                DebugMon_Handler
                0x0000025e                PendSV_Handler
                0x00000260                SysTick_Handler
                0x00000262                DMA_Error_DriverIRQHandler
                0x00000262                LPTMR0_DriverIRQHandler
                0x00000262                FTM1_DriverIRQHandler
                0x00000262                FTM2_DriverIRQHandler
                0x00000262                PIT2_DriverIRQHandler
                0x00000262                SDHC_DriverIRQHandler
                0x00000262                I2S0_Tx_DriverIRQHandler
                0x00000262                RTC_Seconds_DriverIRQHandler
                0x00000262                DMA6_DriverIRQHandler
                0x00000262                LLWU_DriverIRQHandler
                0x00000262                MCM_DriverIRQHandler
                0x00000262                MCG_DriverIRQHandler
                0x00000262                ENET_1588_Timer_DriverIRQHandler
                0x00000262                I2C2_DriverIRQHandler
                0x00000262                DAC1_DriverIRQHandler
                0x00000262                SPI1_DriverIRQHandler
                0x00000262                CMP1_DriverIRQHandler
                0x00000262                UART5_RX_TX_DriverIRQHandler
                0x00000262                FTM0_DriverIRQHandler
                0x00000262                IntDefaultHandler
                0x00000262                USB0_DriverIRQHandler
                0x00000262                UART5_ERR_DriverIRQHandler
                0x00000262                PORTC_DriverIRQHandler
                0x00000262                DMA11_DriverIRQHandler
                0x00000262                DAC0_DriverIRQHandler
                0x00000262                DMA10_DriverIRQHandler
                0x00000262                CMP2_DriverIRQHandler
                0x00000262                UART2_ERR_DriverIRQHandler
                0x00000262                SPI2_DriverIRQHandler
                0x00000262                LVD_LVW_DriverIRQHandler
                0x00000262                PIT0_DriverIRQHandler
                0x00000262                RNG_DriverIRQHandler
                0x00000262                DMA12_DriverIRQHandler
                0x00000262                DMA4_DriverIRQHandler
                0x00000262                UART2_RX_TX_DriverIRQHandler
                0x00000262                USBDCD_DriverIRQHandler
                0x00000262                UART3_ERR_DriverIRQHandler
                0x00000262                DMA3_DriverIRQHandler
                0x00000262                DMA8_DriverIRQHandler
                0x00000262                DMA9_DriverIRQHandler
                0x00000262                UART0_ERR_DriverIRQHandler
                0x00000262                CMT_DriverIRQHandler
                0x00000262                Reserved71_DriverIRQHandler
                0x00000262                ADC1_DriverIRQHandler
                0x00000262                PORTA_DriverIRQHandler
                0x00000262                DMA14_DriverIRQHandler
                0x00000262                PIT3_DriverIRQHandler
                0x00000262                PIT1_DriverIRQHandler
                0x00000262                WDOG_EWM_DriverIRQHandler
                0x00000262                PDB0_DriverIRQHandler
                0x00000262                RTC_DriverIRQHandler
                0x00000262                I2S0_Rx_DriverIRQHandler
                0x00000262                Read_Collision_DriverIRQHandler
                0x00000262                SWI_DriverIRQHandler
                0x00000262                UART4_RX_TX_DriverIRQHandler
                0x00000262                UART4_ERR_DriverIRQHandler
                0x00000262                PORTB_DriverIRQHandler
                0x00000262                UART0_LON_DriverIRQHandler
                0x00000262                DMA0_DriverIRQHandler
                0x00000262                DMA1_DriverIRQHandler
                0x00000262                I2C1_DriverIRQHandler
                0x00000262                UART3_RX_TX_DriverIRQHandler
                0x00000262                ENET_Receive_DriverIRQHandler
                0x00000262                DMA13_DriverIRQHandler
                0x00000262                ENET_Error_DriverIRQHandler
                0x00000262                DMA15_DriverIRQHandler
                0x00000262                UART0_RX_TX_DriverIRQHandler
                0x00000262                SPI0_DriverIRQHandler
                0x00000262                ADC0_DriverIRQHandler
                0x00000262                CMP0_DriverIRQHandler
                0x00000262                CAN0_DriverIRQHandler
                0x00000262                FTM3_DriverIRQHandler
                0x00000262                DMA5_DriverIRQHandler
                0x00000262                UART1_ERR_DriverIRQHandler
                0x00000262                DMA2_DriverIRQHandler
                0x00000262                ENET_Transmit_DriverIRQHandler
                0x00000262                PORTD_DriverIRQHandler
                0x00000262                PORTE_DriverIRQHandler
                0x00000262                FTFE_DriverIRQHandler
                0x00000262                I2C0_DriverIRQHandler
                0x00000262                DMA7_DriverIRQHandler
                0x00000262                UART1_RX_TX_DriverIRQHandler
                0x00000400                . = 0x400
 *fill*         0x00000264      0x19c ff
                0x00000400                PROVIDE (__FLASH_CONFIG_START__, .)
 *(SORT_BY_ALIGNMENT(.FlashConfig))
 .FlashConfig   0x00000400       0x10 ./SDK/startup/startup_mk64f12.o
                0x00000400                Flash_Config
                0x00000410                PROVIDE (__FLASH_CONFIG_END__, .)
                0x00000001                ASSERT (! ((__FLASH_CONFIG_START__ == __FLASH_CONFIG_END__)), Linker Flash Config Support Enabled, but no .FlashConfig section provided within application)
 *(SORT_BY_ALIGNMENT(.text*))
 .text.Modulador_init
                0x00000410      0x1bc ./source/Modulador.o
                0x00000410                Modulador_init
 *fill*         0x000005cc        0x4 ff
 .text._sincos  0x000005d0      0x214 c:/nxp/mcuxpressoide_10.2.0_759/ide/tools/bin/../lib/gcc/arm-none-eabi/7.2.1/../../../../arm-none-eabi/lib/thumb/v7e-m/fpv4-sp/hard\libcr_c.a(_sincos.o)
                0x000005d0                _sincos
 .text.ADC0_IRQHandler
                0x000007e4       0x24 ./source/ADC.o
                0x000007e4                ADC0_IRQHandler
 .text.App_Init
                0x00000808       0x48 ./source/App.o
                0x00000808                App_Init
 .text.test     0x00000850       0x3c ./source/App.o
                0x00000850                test
 .text.__NVIC_EnableIRQ
                0x0000088c       0x3c ./source/CMP.o
 .text.CMP_init
                0x000008c8       0xb8 ./source/CMP.o
                0x000008c8                CMP_init
 .text.configurePins
                0x00000980       0x64 ./source/CMP.o
 .text.enableInterrupts
                0x000009e4       0x28 ./source/CMP.o
 .text.configureInputs
                0x00000a0c       0x58 ./source/CMP.o
 .text.configureDAC
                0x00000a64       0x28 ./source/CMP.o
 .text.CMP0_IRQHandler
                0x00000a8c       0x2c ./source/CMP.o
                0x00000a8c                CMP0_IRQHandler
 .text.__NVIC_EnableIRQ
                0x00000ab8       0x3c ./source/DMA.o
 .text.__NVIC_ClearPendingIRQ
                0x00000af4       0x3c ./source/DMA.o
 .text.DMA0_Config
                0x00000b30       0xcc ./source/DMA.o
                0x00000b30                DMA0_Config
 .text.DMA0_ConfigCounters
                0x00000bfc       0x90 ./source/DMA.o
                0x00000bfc                DMA0_ConfigCounters
 .text.DMA0_EnableRequest
                0x00000c8c       0x84 ./source/DMA.o
                0x00000c8c                DMA0_EnableRequest
 .text.DMA0_DisableRequest
                0x00000d10       0x74 ./source/DMA.o
                0x00000d10                DMA0_DisableRequest
 .text.DMA0_ConfigSourceAddress
                0x00000d84       0x2c ./source/DMA.o
                0x00000d84                DMA0_ConfigSourceAddress
 .text.DMA0_ConfigDestAddress
                0x00000db0       0x30 ./source/DMA.o
                0x00000db0                DMA0_ConfigDestAddress
 .text.DMA0_IRQHandler
                0x00000de0       0x20 ./source/DMA.o
                0x00000de0                DMA0_IRQHandler
 .text.DMA1_Config
                0x00000e00       0x9c ./source/DMA.o
                0x00000e00                DMA1_Config
 .text.DMA1_IRQHandler
                0x00000e9c       0x28 ./source/DMA.o
                0x00000e9c                DMA1_IRQHandler
 .text.Decoder_init
                0x00000ec4       0x38 ./source/DecodeBits.o
                0x00000ec4                Decoder_init
 .text.processPulse
                0x00000efc       0xcc ./source/DecodeBits.o
                0x00000efc                processPulse
 .text.Decoder_parsePulse
                0x00000fc8       0x78 ./source/DecodeBits.o
                0x00000fc8                Decoder_parsePulse
 .text.bufferFlush
                0x00001040       0x3c ./source/DecodeBits.o
                0x00001040                bufferFlush
 .text.buffer2UART
                0x0000107c       0x18 ./source/DecodeBits.o
                0x0000107c                buffer2UART
 .text.writeBuffer
                0x00001094       0xc4 ./source/DecodeBits.o
                0x00001094                writeBuffer
 .text.isBufferFull
                0x00001158       0x18 ./source/DecodeBits.o
                0x00001158                isBufferFull
 .text.decodeDutys
                0x00001170      0x144 ./source/DecodeBits.o
                0x00001170                decodeDutys
 .text.Modulador_sendStream
                0x000012b4       0x40 ./source/Modulador.o
                0x000012b4                Modulador_sendStream
 .text.procesBitStream
                0x000012f4       0xe8 ./source/Modulador.o
                0x000012f4                procesBitStream
 .text.setNextBit
                0x000013dc       0x28 ./source/Modulador.o
                0x000013dc                setNextBit
 .text.PIT0_IRQHandler
                0x00001404       0x20 ./source/PIT.o
                0x00001404                PIT0_IRQHandler
 .text.PIT1_IRQHandler
                0x00001424       0x20 ./source/PIT.o
                0x00001424                PIT1_IRQHandler
 .text.__NVIC_EnableIRQ
                0x00001444       0x3c ./source/ftm.o
 .text.getDutyAddress
                0x00001480       0x14 ./source/ftm.o
                0x00001480                getDutyAddress
 .text.PWM_ISR  0x00001494       0x5c ./source/ftm.o
                0x00001494                PWM_ISR
 .text.setDuty  0x000014f0       0x24 ./source/ftm.o
                0x000014f0                setDuty
 .text.IC_ISR   0x00001514       0xe4 ./source/ftm.o
                0x00001514                IC_ISR
 .text.configPinFtm
                0x000015f8       0x88 ./source/ftm.o
                0x000015f8                configPinFtm
 .text.setChannelnModeForIcOrOC
                0x00001680      0x12c ./source/ftm.o
                0x00001680                setChannelnModeForIcOrOC
 .text.setChannelnModeForPwm
                0x000017ac      0x130 ./source/ftm.o
                0x000017ac                setChannelnModeForPwm
 .text.updateDuty
                0x000018dc       0x6c ./source/ftm.o
                0x000018dc                updateDuty
 .text.FTM0_DmaMode
                0x00001948       0x44 ./source/ftm.o
                0x00001948                FTM0_DmaMode
 .text.FTM3_DmaMode
                0x0000198c       0x44 ./source/ftm.o
                0x0000198c                FTM3_DmaMode
 .text.ftmInit  0x000019d0      0x140 ./source/ftm.o
                0x000019d0                ftmInit
 .text.getMedAddress
                0x00001b10       0x14 ./source/ftm.o
                0x00001b10                getMedAddress
 .text.PORTD_IRQHandler
                0x00001b24       0x64 ./source/gpio.o
                0x00001b24                PORTD_IRQHandler
 .text.PORTA_IRQHandler
                0x00001b88       0x5c ./source/gpio.o
                0x00001b88                PORTA_IRQHandler
 .text.PORTB_IRQHandler
                0x00001be4       0x64 ./source/gpio.o
                0x00001be4                PORTB_IRQHandler
 .text.PORTE_IRQHandler
                0x00001c48       0x64 ./source/gpio.o
                0x00001c48                PORTE_IRQHandler
 .text.PORTC_IRQHandler
                0x00001cac       0x64 ./source/gpio.o
                0x00001cac                PORTC_IRQHandler
 .text.gpioMode
                0x00001d10      0x174 ./source/gpio.o
                0x00001d10                gpioMode
 .text.gpioToggle
                0x00001e84       0x7c ./source/gpio.o
                0x00001e84                gpioToggle
 .text.PORT_ClearInterruptFlag
                0x00001f00       0x48 ./source/gpio.o
                0x00001f00                PORT_ClearInterruptFlag
 .text.gpioMUX_ALT
                0x00001f48       0x64 ./source/gpio.o
                0x00001f48                gpioMUX_ALT
 .text.hw_Init  0x00001fac      0x10c ./SDK/startup/hardware.o
                0x00001fac                hw_Init
 .text.hw_EnableInterrupts
                0x000020b8       0x30 ./SDK/startup/hardware.o
                0x000020b8                hw_EnableInterrupts
 .text.hw_DisableInterrupts
                0x000020e8       0x20 ./SDK/startup/hardware.o
                0x000020e8                hw_DisableInterrupts
 .text.SystemInit
                0x00002108       0x3c ./SDK/CMSIS/system_MK64F12.o
                0x00002108                SystemInit
 .text.__aeabi_dmul
                0x00002144      0x11c c:/nxp/mcuxpressoide_10.2.0_759/ide/tools/bin/../lib/gcc/arm-none-eabi/7.2.1/thumb/v7e-m/fpv4-sp/hard\libcr_eabihelpers.a(double.o)
                0x00002144                __aeabi_dmul
 .text.__aeabi_ddiv
                0x00002260      0x138 c:/nxp/mcuxpressoide_10.2.0_759/ide/tools/bin/../lib/gcc/arm-none-eabi/7.2.1/thumb/v7e-m/fpv4-sp/hard\libcr_eabihelpers.a(double.o)
                0x00002260                __aeabi_ddiv
 .text.__aeabi_dsub
                0x00002398      0x1b4 c:/nxp/mcuxpressoide_10.2.0_759/ide/tools/bin/../lib/gcc/arm-none-eabi/7.2.1/thumb/v7e-m/fpv4-sp/hard\libcr_eabihelpers.a(double.o)
                0x00002398                __aeabi_dsub
 .text.__aeabi_dadd
                0x0000254c      0x10c c:/nxp/mcuxpressoide_10.2.0_759/ide/tools/bin/../lib/gcc/arm-none-eabi/7.2.1/thumb/v7e-m/fpv4-sp/hard\libcr_eabihelpers.a(double.o)
                0x0000254c                __aeabi_dadd
 .text.App_Run  0x00002658        0xe ./source/App.o
                0x00002658                App_Run
 .text.testDecode
                0x00002666        0xe ./source/App.o
                0x00002666                testDecode
 .text.isNumberN
                0x00002674       0x3c ./source/DecodeBits.o
                0x00002674                isNumberN
 .text.isZero   0x000026b0       0x2a ./source/DecodeBits.o
                0x000026b0                isZero
 .text.isValidA0
                0x000026da       0x46 ./source/DecodeBits.o
                0x000026da                isValidA0
 .text.isValidA1
                0x00002720       0x6c ./source/DecodeBits.o
                0x00002720                isValidA1
 .text.write2BuffLogic
                0x0000278c       0x4c ./source/DecodeBits.o
                0x0000278c                write2BuffLogic
 .text.FTM0_IRQHandler
                0x000027d8       0x1c ./source/ftm.o
                0x000027d8                FTM0_IRQHandler
 .text.FTM3_IRQHandler
                0x000027f4       0x1c ./source/ftm.o
                0x000027f4                FTM3_IRQHandler
 .text.isTimerOverFlowInterrupt
                0x00002810       0x26 ./source/ftm.o
                0x00002810                isTimerOverFlowInterrupt
 .text.clearTimerOverFlowFlag
                0x00002836       0x20 ./source/ftm.o
                0x00002836                clearTimerOverFlowFlag
 .text.isChannelnInterrupt
                0x00002856       0x32 ./source/ftm.o
                0x00002856                isChannelnInterrupt
 .text.FTM_GetCounter
                0x00002888       0x26 ./source/ftm.o
                0x00002888                FTM_GetCounter
 .text.FTM_ClearInterruptFlag
                0x000028ae       0x34 ./source/ftm.o
                0x000028ae                FTM_ClearInterruptFlag
 .text.FTM_SetClock
                0x000028e2       0x20 ./source/ftm.o
                0x000028e2                FTM_SetClock
 .text.FTM_DisableClock
                0x00002902       0x20 ./source/ftm.o
                0x00002902                FTM_DisableClock
 .text.FTM_EnableInterrupts
                0x00002922       0x34 ./source/ftm.o
                0x00002922                FTM_EnableInterrupts
 .text.initSettings
                0x00002956       0x7e ./source/ftm.o
                0x00002956                initSettings
 .text.setAlignedPWM
                0x000029d4       0xae ./source/ftm.o
                0x000029d4                setAlignedPWM
 .text.setIC    0x00002a82       0x76 ./source/ftm.o
                0x00002a82                setIC
 .text.main     0x00002af8       0x1a ./SDK/startup/main.o
                0x00002af8                main
 .text.HardFault_Handler
                0x00002b12       0x2c ./SDK/startup/semihost_hardfault.o
                0x00002b12                HardFault_Handler
 .text.DMA2_IRQHandler
                0x00002b3e        0x8 ./SDK/startup/startup_mk64f12.o
                0x00002b3e                DMA2_IRQHandler
 .text.DMA3_IRQHandler
                0x00002b46        0x8 ./SDK/startup/startup_mk64f12.o
                0x00002b46                DMA3_IRQHandler
 .text.DMA4_IRQHandler
                0x00002b4e        0x8 ./SDK/startup/startup_mk64f12.o
                0x00002b4e                DMA4_IRQHandler
 .text.DMA5_IRQHandler
                0x00002b56        0x8 ./SDK/startup/startup_mk64f12.o
                0x00002b56                DMA5_IRQHandler
 .text.DMA6_IRQHandler
                0x00002b5e        0x8 ./SDK/startup/startup_mk64f12.o
                0x00002b5e                DMA6_IRQHandler
 .text.DMA7_IRQHandler
                0x00002b66        0x8 ./SDK/startup/startup_mk64f12.o
                0x00002b66                DMA7_IRQHandler
 .text.DMA8_IRQHandler
                0x00002b6e        0x8 ./SDK/startup/startup_mk64f12.o
                0x00002b6e                DMA8_IRQHandler
 .text.DMA9_IRQHandler
                0x00002b76        0x8 ./SDK/startup/startup_mk64f12.o
                0x00002b76                DMA9_IRQHandler
 .text.DMA10_IRQHandler
                0x00002b7e        0x8 ./SDK/startup/startup_mk64f12.o
                0x00002b7e                DMA10_IRQHandler
 .text.DMA11_IRQHandler
                0x00002b86        0x8 ./SDK/startup/startup_mk64f12.o
                0x00002b86                DMA11_IRQHandler
 .text.DMA12_IRQHandler
                0x00002b8e        0x8 ./SDK/startup/startup_mk64f12.o
                0x00002b8e                DMA12_IRQHandler
 .text.DMA13_IRQHandler
                0x00002b96        0x8 ./SDK/startup/startup_mk64f12.o
                0x00002b96                DMA13_IRQHandler
 .text.DMA14_IRQHandler
                0x00002b9e        0x8 ./SDK/startup/startup_mk64f12.o
                0x00002b9e                DMA14_IRQHandler
 .text.DMA15_IRQHandler
                0x00002ba6        0x8 ./SDK/startup/startup_mk64f12.o
                0x00002ba6                DMA15_IRQHandler
 .text.DMA_Error_IRQHandler
                0x00002bae        0x8 ./SDK/startup/startup_mk64f12.o
                0x00002bae                DMA_Error_IRQHandler
 .text.MCM_IRQHandler
                0x00002bb6        0x8 ./SDK/startup/startup_mk64f12.o
                0x00002bb6                MCM_IRQHandler
 .text.FTFE_IRQHandler
                0x00002bbe        0x8 ./SDK/startup/startup_mk64f12.o
                0x00002bbe                FTFE_IRQHandler
 .text.Read_Collision_IRQHandler
                0x00002bc6        0x8 ./SDK/startup/startup_mk64f12.o
                0x00002bc6                Read_Collision_IRQHandler
 .text.LVD_LVW_IRQHandler
                0x00002bce        0x8 ./SDK/startup/startup_mk64f12.o
                0x00002bce                LVD_LVW_IRQHandler
 .text.LLWU_IRQHandler
                0x00002bd6        0x8 ./SDK/startup/startup_mk64f12.o
                0x00002bd6                LLWU_IRQHandler
 .text.WDOG_EWM_IRQHandler
                0x00002bde        0x8 ./SDK/startup/startup_mk64f12.o
                0x00002bde                WDOG_EWM_IRQHandler
 .text.RNG_IRQHandler
                0x00002be6        0x8 ./SDK/startup/startup_mk64f12.o
                0x00002be6                RNG_IRQHandler
 .text.I2C0_IRQHandler
                0x00002bee        0x8 ./SDK/startup/startup_mk64f12.o
                0x00002bee                I2C0_IRQHandler
 .text.I2C1_IRQHandler
                0x00002bf6        0x8 ./SDK/startup/startup_mk64f12.o
                0x00002bf6                I2C1_IRQHandler
 .text.SPI0_IRQHandler
                0x00002bfe        0x8 ./SDK/startup/startup_mk64f12.o
                0x00002bfe                SPI0_IRQHandler
 .text.SPI1_IRQHandler
                0x00002c06        0x8 ./SDK/startup/startup_mk64f12.o
                0x00002c06                SPI1_IRQHandler
 .text.I2S0_Tx_IRQHandler
                0x00002c0e        0x8 ./SDK/startup/startup_mk64f12.o
                0x00002c0e                I2S0_Tx_IRQHandler
 .text.I2S0_Rx_IRQHandler
                0x00002c16        0x8 ./SDK/startup/startup_mk64f12.o
                0x00002c16                I2S0_Rx_IRQHandler
 .text.UART0_LON_IRQHandler
                0x00002c1e        0x8 ./SDK/startup/startup_mk64f12.o
                0x00002c1e                UART0_LON_IRQHandler
 .text.UART0_RX_TX_IRQHandler
                0x00002c26        0x8 ./SDK/startup/startup_mk64f12.o
                0x00002c26                UART0_RX_TX_IRQHandler
 .text.UART0_ERR_IRQHandler
                0x00002c2e        0x8 ./SDK/startup/startup_mk64f12.o
                0x00002c2e                UART0_ERR_IRQHandler
 .text.UART1_RX_TX_IRQHandler
                0x00002c36        0x8 ./SDK/startup/startup_mk64f12.o
                0x00002c36                UART1_RX_TX_IRQHandler
 .text.UART1_ERR_IRQHandler
                0x00002c3e        0x8 ./SDK/startup/startup_mk64f12.o
                0x00002c3e                UART1_ERR_IRQHandler
 .text.UART2_RX_TX_IRQHandler
                0x00002c46        0x8 ./SDK/startup/startup_mk64f12.o
                0x00002c46                UART2_RX_TX_IRQHandler
 .text.UART2_ERR_IRQHandler
                0x00002c4e        0x8 ./SDK/startup/startup_mk64f12.o
                0x00002c4e                UART2_ERR_IRQHandler
 .text.UART3_RX_TX_IRQHandler
                0x00002c56        0x8 ./SDK/startup/startup_mk64f12.o
                0x00002c56                UART3_RX_TX_IRQHandler
 .text.UART3_ERR_IRQHandler
                0x00002c5e        0x8 ./SDK/startup/startup_mk64f12.o
                0x00002c5e                UART3_ERR_IRQHandler
 .text.CMP1_IRQHandler
                0x00002c66        0x8 ./SDK/startup/startup_mk64f12.o
                0x00002c66                CMP1_IRQHandler
 .text.FTM1_IRQHandler
                0x00002c6e        0x8 ./SDK/startup/startup_mk64f12.o
                0x00002c6e                FTM1_IRQHandler
 .text.FTM2_IRQHandler
                0x00002c76        0x8 ./SDK/startup/startup_mk64f12.o
                0x00002c76                FTM2_IRQHandler
 .text.CMT_IRQHandler
                0x00002c7e        0x8 ./SDK/startup/startup_mk64f12.o
                0x00002c7e                CMT_IRQHandler
 .text.RTC_IRQHandler
                0x00002c86        0x8 ./SDK/startup/startup_mk64f12.o
                0x00002c86                RTC_IRQHandler
 .text.RTC_Seconds_IRQHandler
                0x00002c8e        0x8 ./SDK/startup/startup_mk64f12.o
                0x00002c8e                RTC_Seconds_IRQHandler
 .text.PIT2_IRQHandler
                0x00002c96        0x8 ./SDK/startup/startup_mk64f12.o
                0x00002c96                PIT2_IRQHandler
 .text.PIT3_IRQHandler
                0x00002c9e        0x8 ./SDK/startup/startup_mk64f12.o
                0x00002c9e                PIT3_IRQHandler
 .text.PDB0_IRQHandler
                0x00002ca6        0x8 ./SDK/startup/startup_mk64f12.o
                0x00002ca6                PDB0_IRQHandler
 .text.USB0_IRQHandler
                0x00002cae        0x8 ./SDK/startup/startup_mk64f12.o
                0x00002cae                USB0_IRQHandler
 .text.USBDCD_IRQHandler
                0x00002cb6        0x8 ./SDK/startup/startup_mk64f12.o
                0x00002cb6                USBDCD_IRQHandler
 .text.Reserved71_IRQHandler
                0x00002cbe        0x8 ./SDK/startup/startup_mk64f12.o
                0x00002cbe                Reserved71_IRQHandler
 .text.DAC0_IRQHandler
                0x00002cc6        0x8 ./SDK/startup/startup_mk64f12.o
                0x00002cc6                DAC0_IRQHandler
 .text.MCG_IRQHandler
                0x00002cce        0x8 ./SDK/startup/startup_mk64f12.o
                0x00002cce                MCG_IRQHandler
 .text.LPTMR0_IRQHandler
                0x00002cd6        0x8 ./SDK/startup/startup_mk64f12.o
                0x00002cd6                LPTMR0_IRQHandler
 .text.SWI_IRQHandler
                0x00002cde        0x8 ./SDK/startup/startup_mk64f12.o
                0x00002cde                SWI_IRQHandler
 .text.SPI2_IRQHandler
                0x00002ce6        0x8 ./SDK/startup/startup_mk64f12.o
                0x00002ce6                SPI2_IRQHandler
 .text.UART4_RX_TX_IRQHandler
                0x00002cee        0x8 ./SDK/startup/startup_mk64f12.o
                0x00002cee                UART4_RX_TX_IRQHandler
 .text.UART4_ERR_IRQHandler
                0x00002cf6        0x8 ./SDK/startup/startup_mk64f12.o
                0x00002cf6                UART4_ERR_IRQHandler
 .text.UART5_RX_TX_IRQHandler
                0x00002cfe        0x8 ./SDK/startup/startup_mk64f12.o
                0x00002cfe                UART5_RX_TX_IRQHandler
 .text.UART5_ERR_IRQHandler
                0x00002d06        0x8 ./SDK/startup/startup_mk64f12.o
                0x00002d06                UART5_ERR_IRQHandler
 .text.CMP2_IRQHandler
                0x00002d0e        0x8 ./SDK/startup/startup_mk64f12.o
                0x00002d0e                CMP2_IRQHandler
 .text.DAC1_IRQHandler
                0x00002d16        0x8 ./SDK/startup/startup_mk64f12.o
                0x00002d16                DAC1_IRQHandler
 .text.ADC1_IRQHandler
                0x00002d1e        0x8 ./SDK/startup/startup_mk64f12.o
                0x00002d1e                ADC1_IRQHandler
 .text.I2C2_IRQHandler
                0x00002d26        0x8 ./SDK/startup/startup_mk64f12.o
                0x00002d26                I2C2_IRQHandler
 .text.CAN0_ORed_Message_buffer_IRQHandler
                0x00002d2e        0x8 ./SDK/startup/startup_mk64f12.o
                0x00002d2e                CAN0_ORed_Message_buffer_IRQHandler
 .text.CAN0_Bus_Off_IRQHandler
                0x00002d36        0x8 ./SDK/startup/startup_mk64f12.o
                0x00002d36                CAN0_Bus_Off_IRQHandler
 .text.CAN0_Error_IRQHandler
                0x00002d3e        0x8 ./SDK/startup/startup_mk64f12.o
                0x00002d3e                CAN0_Error_IRQHandler
 .text.CAN0_Tx_Warning_IRQHandler
                0x00002d46        0x8 ./SDK/startup/startup_mk64f12.o
                0x00002d46                CAN0_Tx_Warning_IRQHandler
 .text.CAN0_Rx_Warning_IRQHandler
                0x00002d4e        0x8 ./SDK/startup/startup_mk64f12.o
                0x00002d4e                CAN0_Rx_Warning_IRQHandler
 .text.CAN0_Wake_Up_IRQHandler
                0x00002d56        0x8 ./SDK/startup/startup_mk64f12.o
                0x00002d56                CAN0_Wake_Up_IRQHandler
 .text.SDHC_IRQHandler
                0x00002d5e        0x8 ./SDK/startup/startup_mk64f12.o
                0x00002d5e                SDHC_IRQHandler
 .text.ENET_1588_Timer_IRQHandler
                0x00002d66        0x8 ./SDK/startup/startup_mk64f12.o
                0x00002d66                ENET_1588_Timer_IRQHandler
 .text.ENET_Transmit_IRQHandler
                0x00002d6e        0x8 ./SDK/startup/startup_mk64f12.o
                0x00002d6e                ENET_Transmit_IRQHandler
 .text.ENET_Receive_IRQHandler
                0x00002d76        0x8 ./SDK/startup/startup_mk64f12.o
                0x00002d76                ENET_Receive_IRQHandler
 .text.ENET_Error_IRQHandler
                0x00002d7e        0x8 ./SDK/startup/startup_mk64f12.o
                0x00002d7e                ENET_Error_IRQHandler
 .text.SystemInitHook
                0x00002d86        0xe ./SDK/CMSIS/system_MK64F12.o
                0x00002d86                SystemInitHook
 .text.sin      0x00002d94       0x40 c:/nxp/mcuxpressoide_10.2.0_759/ide/tools/bin/../lib/gcc/arm-none-eabi/7.2.1/../../../../arm-none-eabi/lib/thumb/v7e-m/fpv4-sp/hard\libcr_c.a(sin.o)
                0x00002d94                sin
 .text.fabs     0x00002dd4       0x22 c:/nxp/mcuxpressoide_10.2.0_759/ide/tools/bin/../lib/gcc/arm-none-eabi/7.2.1/../../../../arm-none-eabi/lib/thumb/v7e-m/fpv4-sp/hard\libcr_c.a(fabs.o)
                0x00002dd4                fabs
 .text.__aeabi_d2iz
                0x00002df6       0x40 c:/nxp/mcuxpressoide_10.2.0_759/ide/tools/bin/../lib/gcc/arm-none-eabi/7.2.1/thumb/v7e-m/fpv4-sp/hard\libcr_eabihelpers.a(double.o)
                0x00002df6                __aeabi_d2iz
 .text.__aeabi_d2uiz
                0x00002e36       0x30 c:/nxp/mcuxpressoide_10.2.0_759/ide/tools/bin/../lib/gcc/arm-none-eabi/7.2.1/thumb/v7e-m/fpv4-sp/hard\libcr_eabihelpers.a(double.o)
                0x00002e36                __aeabi_d2uiz
 .text.__bhs_ui2d
                0x00002e66       0x46 c:/nxp/mcuxpressoide_10.2.0_759/ide/tools/bin/../lib/gcc/arm-none-eabi/7.2.1/thumb/v7e-m/fpv4-sp/hard\libcr_eabihelpers.a(double.o)
                0x00002e66                __bhs_ui2d
 .text.__aeabi_i2d
                0x00002eac       0x12 c:/nxp/mcuxpressoide_10.2.0_759/ide/tools/bin/../lib/gcc/arm-none-eabi/7.2.1/thumb/v7e-m/fpv4-sp/hard\libcr_eabihelpers.a(double.o)
                0x00002eac                __aeabi_i2d
 .text.__aeabi_dcmplt
                0x00002ebe       0x58 c:/nxp/mcuxpressoide_10.2.0_759/ide/tools/bin/../lib/gcc/arm-none-eabi/7.2.1/thumb/v7e-m/fpv4-sp/hard\libcr_eabihelpers.a(double.o)
                0x00002ebe                __aeabi_dcmplt
 .text.__aeabi_dcmpge
                0x00002f16       0x58 c:/nxp/mcuxpressoide_10.2.0_759/ide/tools/bin/../lib/gcc/arm-none-eabi/7.2.1/thumb/v7e-m/fpv4-sp/hard\libcr_eabihelpers.a(double.o)
                0x00002f16                __aeabi_dcmpge
 *(SORT_BY_ALIGNMENT(.rodata) SORT_BY_ALIGNMENT(.rodata.*) SORT_BY_ALIGNMENT(.constdata) SORT_BY_ALIGNMENT(.constdata.*))
 *fill*         0x00002f6e        0x2 ff
 .rodata.__huge_val
                0x00002f70        0x8 c:/nxp/mcuxpressoide_10.2.0_759/ide/tools/bin/../lib/gcc/arm-none-eabi/7.2.1/../../../../arm-none-eabi/lib/thumb/v7e-m/fpv4-sp/hard\libcr_c.a(_hugeval.o)
                0x00002f70                __huge_val
                0x00002f78                . = ALIGN (0x8)

.glue_7         0x00002f78        0x0
 .glue_7        0x00002f78        0x0 linker stubs

.glue_7t        0x00002f78        0x0
 .glue_7t       0x00002f78        0x0 linker stubs

.vfp11_veneer   0x00002f78        0x0
 .vfp11_veneer  0x00002f78        0x0 linker stubs

.v4_bx          0x00002f78        0x0
 .v4_bx         0x00002f78        0x0 linker stubs

.iplt           0x00002f78        0x0
 .iplt          0x00002f78        0x0 ./source/ADC.o

.rel.dyn        0x00002f78        0x0
 .rel.iplt      0x00002f78        0x0 ./source/ADC.o

.ARM.extab
 *(SORT_BY_ALIGNMENT(.ARM.extab*) SORT_BY_ALIGNMENT(.gnu.linkonce.armextab.*))
                0x00002f78                __exidx_start = .

.ARM.exidx
 *(SORT_BY_ALIGNMENT(.ARM.exidx*) SORT_BY_ALIGNMENT(.gnu.linkonce.armexidx.*))
                0x00002f78                __exidx_end = .
                0x00002f78                _etext = .

.m_usb_data
 *(SORT_BY_ALIGNMENT(m_usb_bdt))

.data_RAM2      0x1fff0000        0x0 load address 0x00002f78
 FILL mask 0xff
                [!provide]                PROVIDE (__start_data_RAM2, .)
 *(SORT_BY_ALIGNMENT(.ramfunc.$RAM2))
 *(SORT_BY_ALIGNMENT(.ramfunc.$SRAM_LOWER))
 *(SORT_BY_ALIGNMENT(.data.$RAM2*))
 *(SORT_BY_ALIGNMENT(.data.$SRAM_LOWER*))
                0x1fff0000                . = ALIGN (0x8)
                [!provide]                PROVIDE (__end_data_RAM2, .)

.data_RAM3      0x14000000        0x0 load address 0x00002f78
 FILL mask 0xff
                [!provide]                PROVIDE (__start_data_RAM3, .)
 *(SORT_BY_ALIGNMENT(.ramfunc.$RAM3))
 *(SORT_BY_ALIGNMENT(.ramfunc.$FLEX_RAM))
 *(SORT_BY_ALIGNMENT(.data.$RAM3*))
 *(SORT_BY_ALIGNMENT(.data.$FLEX_RAM*))
                0x14000000                . = ALIGN (0x8)
                [!provide]                PROVIDE (__end_data_RAM3, .)

.uninit_RESERVED
                0x20000000        0x0
 *(SORT_BY_ALIGNMENT(.bss.$RESERVED*))
                0x20000000                . = ALIGN (0x4)
                0x20000000                _end_uninit_RESERVED = .

.data           0x20000000       0xa8 load address 0x00002f78
 FILL mask 0xff
                0x20000000                _data = .
 *(SORT_BY_ALIGNMENT(vtable))
 *(SORT_BY_ALIGNMENT(.ramfunc*))
 *(SORT_BY_ALIGNMENT(.data*))
 .data.ADC0_ptr
                0x20000000        0x4 ./source/ADC.o
 .data.testStream
                0x20000004        0xb ./source/App.o
 *fill*         0x2000000f        0x1 ff
 .data.testStream2
                0x20000010        0xb ./source/App.o
 *fill*         0x2000001b        0x1 ff
 .data.dummyStream
                0x2000001c        0xb ./source/App.o
 *fill*         0x20000027        0x1 ff
 .data.CMP_in_pins
                0x20000028        0x2 ./source/CMP.o
                0x20000028                CMP_in_pins
 *fill*         0x2000002a        0x2 ff
 .data.CMP_out_pins
                0x2000002c        0x2 ./source/CMP.o
                0x2000002c                CMP_out_pins
 *fill*         0x2000002e        0x2 ff
 .data.arrayP2CMP
                0x20000030        0xc ./source/CMP.o
                0x20000030                arrayP2CMP
 .data.arrayCMPirqs
                0x2000003c        0x3 ./source/CMP.o
                0x2000003c                arrayCMPirqs
 *fill*         0x2000003f        0x1 ff
 .data.buffer   0x20000040        0xb ./source/DecodeBits.o
 *fill*         0x2000004b        0x1 ff
 .data.PIT_ptr  0x2000004c        0x4 ./source/PIT.o
 .data.sim_ptr  0x20000050        0x4 ./source/ftm.o
 .data.portPointers
                0x20000054       0x14 ./source/ftm.o
 .data.gpioPtrs
                0x20000068       0x14 ./source/gpio.o
 .data.portPtrs
                0x2000007c       0x14 ./source/gpio.o
 .data.simMasks
                0x20000090       0x14 ./source/gpio.o
 .data.sim_ptr  0x200000a4        0x4 ./source/gpio.o
                0x200000a8                . = ALIGN (0x8)
                0x200000a8                _edata = .

.igot.plt       0x200000a8        0x0 load address 0x00003020
 .igot.plt      0x200000a8        0x0 ./source/ADC.o

.bss_RAM2       0x1fff0000        0x0
                [!provide]                PROVIDE (__start_bss_RAM2, .)
 *(SORT_BY_ALIGNMENT(.bss.$RAM2*))
 *(SORT_BY_ALIGNMENT(.bss.$SRAM_LOWER*))
                0x1fff0000                . = ALIGN ((. != 0x0)?0x8:0x1)
                [!provide]                PROVIDE (__end_bss_RAM2, .)

.bss_RAM3       0x14000000        0x0
                [!provide]                PROVIDE (__start_bss_RAM3, .)
 *(SORT_BY_ALIGNMENT(.bss.$RAM3*))
 *(SORT_BY_ALIGNMENT(.bss.$FLEX_RAM*))
                0x14000000                . = ALIGN ((. != 0x0)?0x8:0x1)
                [!provide]                PROVIDE (__end_bss_RAM3, .)

.bss            0x200000a8      0x498
                0x200000a8                _bss = .
 *(SORT_BY_ALIGNMENT(.bss*))
 .bss.ADCdata   0x200000a8        0x4 ./source/ADC.o
 .bss.ADCcallback
                0x200000ac        0x4 ./source/ADC.o
                0x200000ac                ADCcallback
 .bss.base      0x200000b0        0x4 ./source/CMP.o
                0x200000b0                base
 .bss.LoopCallback
                0x200000b4        0x4 ./source/DMA.o
                0x200000b4                LoopCallback
 .bss.InputCapCallback
                0x200000b8        0x4 ./source/DMA.o
                0x200000b8                InputCapCallback
 .bss.input_pulse
                0x200000bc        0x4 ./source/DecodeBits.o
 .bss.entradasleidas
                0x200000c0       0x58 ./source/DecodeBits.o
 .bss.cont      0x20000118        0x4 ./source/DecodeBits.o
 .bss.med       0x2000011c        0x4 ./source/DecodeBits.o
 .bss.med1      0x20000120        0x4 ./source/DecodeBits.o
 .bss.med2      0x20000124        0x4 ./source/DecodeBits.o
 .bss.medStatus
                0x20000128        0x4 ./source/DecodeBits.o
 .bss.sinValues
                0x2000012c       0xa6 ./source/Modulador.o
 *fill*         0x200001d2        0x2 
 .bss.sinValues1
                0x200001d4       0xa6 ./source/Modulador.o
 *fill*         0x2000027a        0x2 
 .bss.bitStream
                0x2000027c        0xb ./source/Modulador.o
 *fill*         0x20000287        0x1 
 .bss.MsgSendedCallback
                0x20000288        0x4 ./source/Modulador.o
                0x20000288                MsgSendedCallback
 .bss.callback0
                0x2000028c        0x4 ./source/PIT.o
                0x2000028c                callback0
 .bss.callback1
                0x20000290        0x4 ./source/PIT.o
                0x20000290                callback1
 .bss.callback  0x20000294        0x4 ./source/ftm.o
                0x20000294                callback
 .bss.med       0x20000298        0x4 ./source/ftm.o
                0x20000298                med
 .bss.cnt_ovf.6950
                0x2000029c        0x4 ./source/ftm.o
 .bss.med1.6948
                0x200002a0        0x4 ./source/ftm.o
 .bss.med2.6949
                0x200002a4        0x4 ./source/ftm.o
 .bss.isr_Matrix
                0x200002a8      0x280 ./source/gpio.o
 .bss.__LDM_interruptDisableCount
                0x20000528        0x4 ./SDK/startup/hardware.o
 .bss.errno     0x2000052c        0x4 c:/nxp/mcuxpressoide_10.2.0_759/ide/tools/bin/../lib/gcc/arm-none-eabi/7.2.1/../../../../arm-none-eabi/lib/thumb/v7e-m/fpv4-sp/hard\libcr_c.a(errno.o)
                0x2000052c                errno
 .bss.dutys     0x20000530        0x2 ./source/ftm.o
 .bss.a         0x20000532        0x1 ./source/App.o
 .bss.index     0x20000533        0x1 ./source/DecodeBits.o
 .bss.is_buff_full
                0x20000534        0x1 ./source/DecodeBits.o
 .bss.status    0x20000535        0x1 ./source/DecodeBits.o
 .bss.a0        0x20000536        0x1 ./source/DecodeBits.o
 .bss.a1        0x20000537        0x1 ./source/DecodeBits.o
 .bss.is_RX     0x20000538        0x1 ./source/DecodeBits.o
 .bss.msg_ptr   0x20000539        0x1 ./source/Modulador.o
 .bss.is_Tx     0x2000053a        0x1 ./source/Modulador.o
 .bss.state.6951
                0x2000053b        0x1 ./source/ftm.o
 *(SORT_BY_ALIGNMENT(COMMON))
                0x20000540                . = ALIGN (0x8)
 *fill*         0x2000053c        0x4 
                0x20000540                _ebss = .
                [!provide]                PROVIDE (end, .)

.noinit_RAM2    0x1fff0000        0x0
 *(SORT_BY_ALIGNMENT(.noinit.$RAM2*))
 *(SORT_BY_ALIGNMENT(.noinit.$SRAM_LOWER*))
                0x1fff0000                . = ALIGN (0x8)

.noinit_RAM3    0x14000000        0x0
 *(SORT_BY_ALIGNMENT(.noinit.$RAM3*))
 *(SORT_BY_ALIGNMENT(.noinit.$FLEX_RAM*))
                0x14000000                . = ALIGN (0x8)

.noinit         0x20000540        0x0
                0x20000540                _noinit = .
 *(SORT_BY_ALIGNMENT(.noinit*))
                0x20000540                . = ALIGN (0x8)
                0x20000540                _end_noinit = .
                0x00001000                _HeapSize = 0x1000

.heap           0x20000540     0x1000
                0x20000540                _pvHeapStart = .
                0x20001540                . = (. + _HeapSize)
 *fill*         0x20000540     0x1000 
                0x20001540                . = ALIGN (0x8)
                0x20001540                _pvHeapLimit = .
                0x00001000                _StackSize = 0x1000

.heap2stackfill
                0x20001540     0x1000
                0x20002540                . = (. + _StackSize)
 *fill*         0x20001540     0x1000 

.stack          0x2002f000        0x0
                0x2002f000                _vStackBase = .
                0x2002f000                . = ALIGN (0x8)
                0x20030000                _vStackTop = (. + _StackSize)
                0x00000000                _image_start = LOADADDR (.text)
                0x00003020                _image_end = (LOADADDR (.data) + SIZEOF (.data))
                0x00003020                _image_size = (_image_end - _image_start)
OUTPUT(Blink.axf elf32-littlearm)

.debug_info     0x00000000     0x6331
 .debug_info    0x00000000      0x893 ./source/ADC.o
 .debug_info    0x00000893      0x171 ./source/App.o
 .debug_info    0x00000a04      0x83a ./source/CMP.o
 .debug_info    0x0000123e      0xb8b ./source/DMA.o
 .debug_info    0x00001dc9      0x5a4 ./source/DecodeBits.o
 .debug_info    0x0000236d      0xa44 ./source/Modulador.o
 .debug_info    0x00002db1      0x7ca ./source/PIT.o
 .debug_info    0x0000357b     0x104f ./source/ftm.o
 .debug_info    0x000045ca      0x754 ./source/gpio.o
 .debug_info    0x00004d1e      0x675 ./SDK/startup/hardware.o
 .debug_info    0x00005393       0xb7 ./SDK/startup/main.o
 .debug_info    0x0000544a       0x3b ./SDK/startup/semihost_hardfault.o
 .debug_info    0x00005485      0x8b0 ./SDK/startup/startup_mk64f12.o
 .debug_info    0x00005d35      0x5fc ./SDK/CMSIS/system_MK64F12.o

.debug_abbrev   0x00000000     0x154b
 .debug_abbrev  0x00000000      0x1ef ./source/ADC.o
 .debug_abbrev  0x000001ef       0xdd ./source/App.o
 .debug_abbrev  0x000002cc      0x20b ./source/CMP.o
 .debug_abbrev  0x000004d7      0x1e7 ./source/DMA.o
 .debug_abbrev  0x000006be      0x1cb ./source/DecodeBits.o
 .debug_abbrev  0x00000889      0x21f ./source/Modulador.o
 .debug_abbrev  0x00000aa8      0x1e4 ./source/PIT.o
 .debug_abbrev  0x00000c8c      0x299 ./source/ftm.o
 .debug_abbrev  0x00000f25      0x1a7 ./source/gpio.o
 .debug_abbrev  0x000010cc      0x138 ./SDK/startup/hardware.o
 .debug_abbrev  0x00001204       0x7d ./SDK/startup/main.o
 .debug_abbrev  0x00001281       0x2f ./SDK/startup/semihost_hardfault.o
 .debug_abbrev  0x000012b0      0x15c ./SDK/startup/startup_mk64f12.o
 .debug_abbrev  0x0000140c      0x13f ./SDK/CMSIS/system_MK64F12.o

.debug_aranges  0x00000000      0x7a0
 .debug_aranges
                0x00000000       0x48 ./source/ADC.o
 .debug_aranges
                0x00000048       0x38 ./source/App.o
 .debug_aranges
                0x00000080       0x50 ./source/CMP.o
 .debug_aranges
                0x000000d0       0x70 ./source/DMA.o
 .debug_aranges
                0x00000140       0x80 ./source/DecodeBits.o
 .debug_aranges
                0x000001c0       0x38 ./source/Modulador.o
 .debug_aranges
                0x000001f8       0x50 ./source/PIT.o
 .debug_aranges
                0x00000248      0x110 ./source/ftm.o
 .debug_aranges
                0x00000358       0x78 ./source/gpio.o
 .debug_aranges
                0x000003d0       0x30 ./SDK/startup/hardware.o
 .debug_aranges
                0x00000400       0x20 ./SDK/startup/main.o
 .debug_aranges
                0x00000420       0x20 ./SDK/startup/semihost_hardfault.o
 .debug_aranges
                0x00000440      0x330 ./SDK/startup/startup_mk64f12.o
 .debug_aranges
                0x00000770       0x30 ./SDK/CMSIS/system_MK64F12.o

.debug_ranges   0x00000000      0x6c0
 .debug_ranges  0x00000000       0x38 ./source/ADC.o
 .debug_ranges  0x00000038       0x28 ./source/App.o
 .debug_ranges  0x00000060       0x40 ./source/CMP.o
 .debug_ranges  0x000000a0       0x60 ./source/DMA.o
 .debug_ranges  0x00000100       0x70 ./source/DecodeBits.o
 .debug_ranges  0x00000170       0x28 ./source/Modulador.o
 .debug_ranges  0x00000198       0x40 ./source/PIT.o
 .debug_ranges  0x000001d8      0x100 ./source/ftm.o
 .debug_ranges  0x000002d8       0x68 ./source/gpio.o
 .debug_ranges  0x00000340       0x20 ./SDK/startup/hardware.o
 .debug_ranges  0x00000360       0x10 ./SDK/startup/main.o
 .debug_ranges  0x00000370       0x10 ./SDK/startup/semihost_hardfault.o
 .debug_ranges  0x00000380      0x320 ./SDK/startup/startup_mk64f12.o
 .debug_ranges  0x000006a0       0x20 ./SDK/CMSIS/system_MK64F12.o

.debug_macro    0x00000000    0x126c0
 .debug_macro   0x00000000       0xab ./source/ADC.o
 .debug_macro   0x000000ab      0xa5a ./source/ADC.o
 .debug_macro   0x00000b05      0x34e ./source/ADC.o
 .debug_macro   0x00000e53       0x10 ./source/ADC.o
 .debug_macro   0x00000e63       0x22 ./source/ADC.o
 .debug_macro   0x00000e85       0x10 ./source/ADC.o
 .debug_macro   0x00000e95       0x5c ./source/ADC.o
 .debug_macro   0x00000ef1       0x1c ./source/ADC.o
 .debug_macro   0x00000f0d       0x22 ./source/ADC.o
 .debug_macro   0x00000f2f       0xdf ./source/ADC.o
 .debug_macro   0x0000100e      0xecf ./source/ADC.o
 .debug_macro   0x00001edd       0x48 ./source/ADC.o
 .debug_macro   0x00001f25     0xe07b ./source/ADC.o
 .debug_macro   0x0000ffa0     0x122b ./source/ADC.o
 .debug_macro   0x000111cb       0x16 ./source/ADC.o
 .debug_macro   0x000111e1       0xe0 ./source/App.o
 .debug_macro   0x000112c1       0x46 ./source/App.o
 .debug_macro   0x00011307       0x46 ./source/App.o
 .debug_macro   0x0001134d       0x10 ./source/App.o
 .debug_macro   0x0001135d       0x10 ./source/App.o
 .debug_macro   0x0001136d       0xd6 ./source/CMP.o
 .debug_macro   0x00011443       0x4c ./source/CMP.o
 .debug_macro   0x0001148f       0x4c ./source/CMP.o
 .debug_macro   0x000114db       0xa6 ./source/DMA.o
 .debug_macro   0x00011581       0xb0 ./source/DecodeBits.o
 .debug_macro   0x00011631      0x13f ./source/Modulador.o
 .debug_macro   0x00011770       0x22 ./source/Modulador.o
 .debug_macro   0x00011792       0x52 ./source/Modulador.o
 .debug_macro   0x000117e4       0x17 ./source/Modulador.o
 .debug_macro   0x000117fb       0x8d ./source/Modulador.o
 .debug_macro   0x00011888       0x35 ./source/Modulador.o
 .debug_macro   0x000118bd       0x9c ./source/Modulador.o
 .debug_macro   0x00011959      0x174 ./source/Modulador.o
 .debug_macro   0x00011acd       0x57 ./source/Modulador.o
 .debug_macro   0x00011b24       0x58 ./source/Modulador.o
 .debug_macro   0x00011b7c       0x1f ./source/Modulador.o
 .debug_macro   0x00011b9b       0x43 ./source/Modulador.o
 .debug_macro   0x00011bde       0x20 ./source/Modulador.o
 .debug_macro   0x00011bfe      0x18e ./source/Modulador.o
 .debug_macro   0x00011d8c      0x330 ./source/Modulador.o
 .debug_macro   0x000120bc      0x1e1 ./source/Modulador.o
 .debug_macro   0x0001229d       0xa6 ./source/PIT.o
 .debug_macro   0x00012343       0xe0 ./source/ftm.o
 .debug_macro   0x00012423       0xab ./source/gpio.o
 .debug_macro   0x000124ce       0x9c ./SDK/startup/hardware.o
 .debug_macro   0x0001256a       0x9c ./SDK/startup/main.o
 .debug_macro   0x00012606       0x11 ./SDK/startup/semihost_hardfault.o
 .debug_macro   0x00012617       0x29 ./SDK/startup/startup_mk64f12.o
 .debug_macro   0x00012640       0x80 ./SDK/CMSIS/system_MK64F12.o

.debug_line     0x00000000     0x2408
 .debug_line    0x00000000      0x201 ./source/ADC.o
 .debug_line    0x00000201      0x1f9 ./source/App.o
 .debug_line    0x000003fa      0x226 ./source/CMP.o
 .debug_line    0x00000620      0x275 ./source/DMA.o
 .debug_line    0x00000895      0x301 ./source/DecodeBits.o
 .debug_line    0x00000b96      0x2f2 ./source/Modulador.o
 .debug_line    0x00000e88      0x217 ./source/PIT.o
 .debug_line    0x0000109f      0x479 ./source/ftm.o
 .debug_line    0x00001518      0x2af ./source/gpio.o
 .debug_line    0x000017c7      0x1d4 ./SDK/startup/hardware.o
 .debug_line    0x0000199b      0x175 ./SDK/startup/main.o
 .debug_line    0x00001b10       0x59 ./SDK/startup/semihost_hardfault.o
 .debug_line    0x00001b69      0x6d8 ./SDK/startup/startup_mk64f12.o
 .debug_line    0x00002241      0x1c7 ./SDK/CMSIS/system_MK64F12.o

.debug_str      0x00000000    0x7c916
 .debug_str     0x00000000    0x77545 ./source/ADC.o
                              0x7770a (size before relaxing)
 .debug_str     0x00077545      0x2ad ./source/App.o
                              0x7727c (size before relaxing)
 .debug_str     0x000777f2      0x154 ./source/CMP.o
                              0x7794f (size before relaxing)
 .debug_str     0x00077946      0x29a ./source/DMA.o
                              0x7789f (size before relaxing)
 .debug_str     0x00077be0      0x206 ./source/DecodeBits.o
                              0x771f1 (size before relaxing)
 .debug_str     0x00077de6     0x3b90 ./source/Modulador.o
                               0x7528 (size before relaxing)
 .debug_str     0x0007b976       0xb2 ./source/PIT.o
                              0x776bd (size before relaxing)
 .debug_str     0x0007ba28      0x427 ./source/ftm.o
                              0x77d1f (size before relaxing)
 .debug_str     0x0007be4f      0x140 ./source/gpio.o
                              0x772c7 (size before relaxing)
 .debug_str     0x0007bf8f      0x16f ./SDK/startup/hardware.o
                              0x77208 (size before relaxing)
 .debug_str     0x0007c0fe       0x1b ./SDK/startup/main.o
                              0x76fdc (size before relaxing)
 .debug_str     0x0007c119       0x36 ./SDK/startup/semihost_hardfault.o
                               0x2d42 (size before relaxing)
 .debug_str     0x0007c14f      0x765 ./SDK/startup/startup_mk64f12.o
                               0x35b0 (size before relaxing)
 .debug_str     0x0007c8b4       0x62 ./SDK/CMSIS/system_MK64F12.o
                              0x77117 (size before relaxing)

.comment        0x00000000       0x7e
 .comment       0x00000000       0x7e ./source/ADC.o
                                 0x7f (size before relaxing)
 .comment       0x0000007e       0x7f ./source/App.o
 .comment       0x0000007e       0x7f ./source/CMP.o
 .comment       0x0000007e       0x7f ./source/DMA.o
 .comment       0x0000007e       0x7f ./source/DecodeBits.o
 .comment       0x0000007e       0x7f ./source/Modulador.o
 .comment       0x0000007e       0x7f ./source/PIT.o
 .comment       0x0000007e       0x7f ./source/ftm.o
 .comment       0x0000007e       0x7f ./source/gpio.o
 .comment       0x0000007e       0x7f ./SDK/startup/hardware.o
 .comment       0x0000007e       0x7f ./SDK/startup/main.o
 .comment       0x0000007e       0x7f ./SDK/startup/semihost_hardfault.o
 .comment       0x0000007e       0x7f ./SDK/startup/startup_mk64f12.o
 .comment       0x0000007e       0x7f ./SDK/CMSIS/system_MK64F12.o
 .comment       0x0000007e       0x7f c:/nxp/mcuxpressoide_10.2.0_759/ide/tools/bin/../lib/gcc/arm-none-eabi/7.2.1/../../../../arm-none-eabi/lib/thumb/v7e-m/fpv4-sp/hard\libcr_c.a(sin.o)
 .comment       0x0000007e       0x7f c:/nxp/mcuxpressoide_10.2.0_759/ide/tools/bin/../lib/gcc/arm-none-eabi/7.2.1/../../../../arm-none-eabi/lib/thumb/v7e-m/fpv4-sp/hard\libcr_c.a(_sincos.o)
 .comment       0x0000007e       0x7f c:/nxp/mcuxpressoide_10.2.0_759/ide/tools/bin/../lib/gcc/arm-none-eabi/7.2.1/../../../../arm-none-eabi/lib/thumb/v7e-m/fpv4-sp/hard\libcr_c.a(errno.o)
 .comment       0x0000007e       0x7f c:/nxp/mcuxpressoide_10.2.0_759/ide/tools/bin/../lib/gcc/arm-none-eabi/7.2.1/../../../../arm-none-eabi/lib/thumb/v7e-m/fpv4-sp/hard\libcr_c.a(fabs.o)
 .comment       0x0000007e       0x7f c:/nxp/mcuxpressoide_10.2.0_759/ide/tools/bin/../lib/gcc/arm-none-eabi/7.2.1/../../../../arm-none-eabi/lib/thumb/v7e-m/fpv4-sp/hard\libcr_c.a(_hugeval.o)
 .comment       0x0000007e       0x7f c:/nxp/mcuxpressoide_10.2.0_759/ide/tools/bin/../lib/gcc/arm-none-eabi/7.2.1/thumb/v7e-m/fpv4-sp/hard\libcr_eabihelpers.a(double.o)

.ARM.attributes
                0x00000000       0x39
 .ARM.attributes
                0x00000000       0x39 ./source/ADC.o
 .ARM.attributes
                0x00000039       0x39 ./source/App.o
 .ARM.attributes
                0x00000072       0x39 ./source/CMP.o
 .ARM.attributes
                0x000000ab       0x39 ./source/DMA.o
 .ARM.attributes
                0x000000e4       0x39 ./source/DecodeBits.o
 .ARM.attributes
                0x0000011d       0x39 ./source/Modulador.o
 .ARM.attributes
                0x00000156       0x39 ./source/PIT.o
 .ARM.attributes
                0x0000018f       0x39 ./source/ftm.o
 .ARM.attributes
                0x000001c8       0x39 ./source/gpio.o
 .ARM.attributes
                0x00000201       0x39 ./SDK/startup/hardware.o
 .ARM.attributes
                0x0000023a       0x39 ./SDK/startup/main.o
 .ARM.attributes
                0x00000273       0x39 ./SDK/startup/semihost_hardfault.o
 .ARM.attributes
                0x000002ac       0x39 ./SDK/startup/startup_mk64f12.o
 .ARM.attributes
                0x000002e5       0x39 ./SDK/CMSIS/system_MK64F12.o
 .ARM.attributes
                0x0000031e       0x39 c:/nxp/mcuxpressoide_10.2.0_759/ide/tools/bin/../lib/gcc/arm-none-eabi/7.2.1/../../../../arm-none-eabi/lib/thumb/v7e-m/fpv4-sp/hard\libcr_c.a(sin.o)
 .ARM.attributes
                0x00000357       0x39 c:/nxp/mcuxpressoide_10.2.0_759/ide/tools/bin/../lib/gcc/arm-none-eabi/7.2.1/../../../../arm-none-eabi/lib/thumb/v7e-m/fpv4-sp/hard\libcr_c.a(_sincos.o)
 .ARM.attributes
                0x00000390       0x39 c:/nxp/mcuxpressoide_10.2.0_759/ide/tools/bin/../lib/gcc/arm-none-eabi/7.2.1/../../../../arm-none-eabi/lib/thumb/v7e-m/fpv4-sp/hard\libcr_c.a(errno.o)
 .ARM.attributes
                0x000003c9       0x39 c:/nxp/mcuxpressoide_10.2.0_759/ide/tools/bin/../lib/gcc/arm-none-eabi/7.2.1/../../../../arm-none-eabi/lib/thumb/v7e-m/fpv4-sp/hard\libcr_c.a(fabs.o)
 .ARM.attributes
                0x00000402       0x39 c:/nxp/mcuxpressoide_10.2.0_759/ide/tools/bin/../lib/gcc/arm-none-eabi/7.2.1/../../../../arm-none-eabi/lib/thumb/v7e-m/fpv4-sp/hard\libcr_c.a(_hugeval.o)
 .ARM.attributes
                0x0000043b       0x39 c:/nxp/mcuxpressoide_10.2.0_759/ide/tools/bin/../lib/gcc/arm-none-eabi/7.2.1/thumb/v7e-m/fpv4-sp/hard\libcr_eabihelpers.a(double.o)

.debug_frame    0x00000000     0x18ac
 .debug_frame   0x00000000       0xe0 ./source/ADC.o
 .debug_frame   0x000000e0       0x88 ./source/App.o
 .debug_frame   0x00000168      0x110 ./source/CMP.o
 .debug_frame   0x00000278      0x1a8 ./source/DMA.o
 .debug_frame   0x00000420      0x1e0 ./source/DecodeBits.o
 .debug_frame   0x00000600       0x9c ./source/Modulador.o
 .debug_frame   0x0000069c      0x104 ./source/PIT.o
 .debug_frame   0x000007a0      0x4c0 ./source/ftm.o
 .debug_frame   0x00000c60      0x218 ./source/gpio.o
 .debug_frame   0x00000e78       0x70 ./SDK/startup/hardware.o
 .debug_frame   0x00000ee8       0x2c ./SDK/startup/main.o
 .debug_frame   0x00000f14       0x20 ./SDK/startup/semihost_hardfault.o
 .debug_frame   0x00000f34      0x904 ./SDK/startup/startup_mk64f12.o
 .debug_frame   0x00001838       0x74 ./SDK/CMSIS/system_MK64F12.o
