Archive member included to satisfy reference by file (symbol)

c:/nxp/mcuxpressoide_10.2.0_759/ide/tools/bin/../lib/gcc/arm-none-eabi/7.2.1/../../../../arm-none-eabi/lib/thumb/v7e-m/fpv4-sp/hard\libcr_c.a(sin.o)
                              ./source/Modulador.o (sin)
c:/nxp/mcuxpressoide_10.2.0_759/ide/tools/bin/../lib/gcc/arm-none-eabi/7.2.1/../../../../arm-none-eabi/lib/thumb/v7e-m/fpv4-sp/hard\libcr_c.a(_sincos.o)
                              c:/nxp/mcuxpressoide_10.2.0_759/ide/tools/bin/../lib/gcc/arm-none-eabi/7.2.1/../../../../arm-none-eabi/lib/thumb/v7e-m/fpv4-sp/hard\libcr_c.a(sin.o) (_sincos)
c:/nxp/mcuxpressoide_10.2.0_759/ide/tools/bin/../lib/gcc/arm-none-eabi/7.2.1/../../../../arm-none-eabi/lib/thumb/v7e-m/fpv4-sp/hard\libcr_c.a(errno.o)
                              c:/nxp/mcuxpressoide_10.2.0_759/ide/tools/bin/../lib/gcc/arm-none-eabi/7.2.1/../../../../arm-none-eabi/lib/thumb/v7e-m/fpv4-sp/hard\libcr_c.a(_sincos.o) (errno)
c:/nxp/mcuxpressoide_10.2.0_759/ide/tools/bin/../lib/gcc/arm-none-eabi/7.2.1/../../../../arm-none-eabi/lib/thumb/v7e-m/fpv4-sp/hard\libcr_c.a(fabs.o)
                              c:/nxp/mcuxpressoide_10.2.0_759/ide/tools/bin/../lib/gcc/arm-none-eabi/7.2.1/../../../../arm-none-eabi/lib/thumb/v7e-m/fpv4-sp/hard\libcr_c.a(_sincos.o) (fabs)
c:/nxp/mcuxpressoide_10.2.0_759/ide/tools/bin/../lib/gcc/arm-none-eabi/7.2.1/../../../../arm-none-eabi/lib/thumb/v7e-m/fpv4-sp/hard\libcr_c.a(_hugeval.o)
                              c:/nxp/mcuxpressoide_10.2.0_759/ide/tools/bin/../lib/gcc/arm-none-eabi/7.2.1/../../../../arm-none-eabi/lib/thumb/v7e-m/fpv4-sp/hard\libcr_c.a(_sincos.o) (__huge_val)
c:/nxp/mcuxpressoide_10.2.0_759/ide/tools/bin/../lib/gcc/arm-none-eabi/7.2.1/thumb/v7e-m/fpv4-sp/hard\libcr_eabihelpers.a(division_64.o)
                              ./source/uart.o (__aeabi_ldivmod)
c:/nxp/mcuxpressoide_10.2.0_759/ide/tools/bin/../lib/gcc/arm-none-eabi/7.2.1/thumb/v7e-m/fpv4-sp/hard\libcr_eabihelpers.a(division_idiv0.o)
                              c:/nxp/mcuxpressoide_10.2.0_759/ide/tools/bin/../lib/gcc/arm-none-eabi/7.2.1/thumb/v7e-m/fpv4-sp/hard\libcr_eabihelpers.a(division_64.o) (__aeabi_idiv0)
c:/nxp/mcuxpressoide_10.2.0_759/ide/tools/bin/../lib/gcc/arm-none-eabi/7.2.1/thumb/v7e-m/fpv4-sp/hard\libcr_eabihelpers.a(double.o)
                              ./source/Modulador.o (__aeabi_dmul)

Discarded input sections

 .group         0x00000000        0xc ./source/ADC.o
 .group         0x00000000        0xc ./source/ADC.o
 .group         0x00000000        0xc ./source/ADC.o
 .group         0x00000000        0xc ./source/ADC.o
 .group         0x00000000        0xc ./source/ADC.o
 .group         0x00000000        0xc ./source/ADC.o
 .group         0x00000000        0xc ./source/ADC.o
 .group         0x00000000        0xc ./source/ADC.o
 .group         0x00000000        0xc ./source/ADC.o
 .group         0x00000000        0xc ./source/ADC.o
 .group         0x00000000        0xc ./source/ADC.o
 .group         0x00000000        0xc ./source/ADC.o
 .group         0x00000000        0xc ./source/ADC.o
 .group         0x00000000        0xc ./source/ADC.o
 .text          0x00000000        0x0 ./source/ADC.o
 .data          0x00000000        0x0 ./source/ADC.o
 .bss           0x00000000        0x0 ./source/ADC.o
 .text.__NVIC_EnableIRQ
                0x00000000       0x3c ./source/ADC.o
 .data.sim_ptr  0x00000000        0x4 ./source/ADC.o
 .text.ADC_init
                0x00000000      0x134 ./source/ADC.o
 .text.ADC_enableModule
                0x00000000       0x3c ./source/ADC.o
 .text.ADC_disableModule
                0x00000000       0x34 ./source/ADC.o
 .text.ADC_getDataResult
                0x00000000       0x18 ./source/ADC.o
 .group         0x00000000        0xc ./source/App.o
 .group         0x00000000        0xc ./source/App.o
 .group         0x00000000        0xc ./source/App.o
 .group         0x00000000        0xc ./source/App.o
 .group         0x00000000        0xc ./source/App.o
 .group         0x00000000        0xc ./source/App.o
 .group         0x00000000        0xc ./source/App.o
 .group         0x00000000        0xc ./source/App.o
 .group         0x00000000        0xc ./source/App.o
 .group         0x00000000        0xc ./source/App.o
 .group         0x00000000        0xc ./source/App.o
 .group         0x00000000        0xc ./source/App.o
 .group         0x00000000        0xc ./source/App.o
 .group         0x00000000        0xc ./source/App.o
 .group         0x00000000        0xc ./source/App.o
 .group         0x00000000        0xc ./source/App.o
 .group         0x00000000        0xc ./source/App.o
 .group         0x00000000        0xc ./source/App.o
 .text          0x00000000        0x0 ./source/App.o
 .data          0x00000000        0x0 ./source/App.o
 .bss           0x00000000        0x0 ./source/App.o
 .data.testStream
                0x00000000        0xb ./source/App.o
 .data.testStream2
                0x00000000        0xb ./source/App.o
 .data.dummyStream
[...]
Memory Configuration

Name             Origin             Length             Attributes
PROGRAM_FLASH    0x00000000         0x00100000         xr
SRAM_UPPER       0x20000000         0x00030000         xrw
SRAM_LOWER       0x1fff0000         0x00010000         xrw
FLEX_RAM         0x14000000         0x00001000         xrw
*default*        0x00000000         0xffffffff

Linker script and memory map

LOAD ./source/ADC.o
LOAD ./source/App.o
LOAD ./source/CMP.o
LOAD ./source/DAC.o
LOAD ./source/DMA.o
LOAD ./source/DecodeBits.o
LOAD ./source/Modulador.o
LOAD ./source/PIT.o
LOAD ./source/ftm.o
LOAD ./source/gpio.o
LOAD ./source/uart.o
LOAD ./SDK/startup/hardware.o
LOAD ./SDK/startup/main.o
LOAD ./SDK/startup/semihost_hardfault.o
LOAD ./SDK/startup/startup_mk64f12.o
LOAD ./SDK/CMSIS/system_MK64F12.o
START GROUP
LOAD c:/nxp/mcuxpressoide_10.2.0_759/ide/tools/bin/../lib/gcc/arm-none-eabi/7.2.1/../../../../arm-none-eabi/lib/thumb/v7e-m/fpv4-sp/hard\libcr_c.a
LOAD c:/nxp/mcuxpressoide_10.2.0_759/ide/tools/bin/../lib/gcc/arm-none-eabi/7.2.1/thumb/v7e-m/fpv4-sp/hard\libcr_eabihelpers.a
END GROUP
                0x00000000                __base_PROGRAM_FLASH = 0x0
                0x00000000                __base_Flash = 0x0
                0x00100000                __top_PROGRAM_FLASH = 0x100000
                0x00100000                __top_Flash = 0x100000
                0x20000000                __base_SRAM_UPPER = 0x20000000
                0x20000000                __base_RAM = 0x20000000
                0x20030000                __top_SRAM_UPPER = 0x20030000
                0x20030000                __top_RAM = 0x20030000
                0x1fff0000                __base_SRAM_LOWER = 0x1fff0000
                0x1fff0000                __base_RAM2 = 0x1fff0000
                0x20000000                __top_SRAM_LOWER = 0x20000000
                0x20000000                __top_RAM2 = 0x20000000
                0x14000000                __base_FLEX_RAM = 0x14000000
                0x14000000                __base_RAM3 = 0x14000000
                0x14001000                __top_FLEX_RAM = 0x14001000
                0x14001000                __top_RAM3 = 0x14001000

.text           0x00000000     0x3610
 FILL mask 0xff
                0x00000000                __vectors_start__ = ABSOLUTE (.)
 *(SORT_BY_ALIGNMENT(.isr_vector))
 .isr_vector    0x00000000      0x198 ./SDK/startup/startup_mk64f12.o
                0x00000000                g_pfnVectors
                0x00000000                __Vectors
                0x00000198                . = ALIGN (0x4)
                0x00000198                __section_table_start = .
                0x00000198                __data_section_table = .
                0x00000198        0x4 LONG 0x3610 LOADADDR (.data)
                0x0000019c        0x4 LONG 0x20000000 ADDR (.data)
                0x000001a0        0x4 LONG 0x98 SIZEOF (.data)
                0x000001a4        0x4 LONG 0x3610 LOADADDR (.data_RAM2)
                0x000001a8        0x4 LONG 0x1fff0000 ADDR (.data_RAM2)
                0x000001ac        0x4 LONG 0x0 SIZEOF (.data_RAM2)
                0x000001b0        0x4 LONG 0x3610 LOADADDR (.data_RAM3)
                0x000001b4        0x4 LONG 0x14000000 ADDR (.data_RAM3)
                0x000001b8        0x4 LONG 0x0 SIZEOF (.data_RAM3)
                0x000001bc                __data_section_table_end = .
                0x000001bc                __bss_section_table = .
                0x000001bc        0x4 LONG 0x20000098 ADDR (.bss)
                0x000001c0        0x4 LONG 0x52b0 SIZEOF (.bss)
                0x000001c4        0x4 LONG 0x1fff0000 ADDR (.bss_RAM2)
                0x000001c8        0x4 LONG 0x0 SIZEOF (.bss_RAM2)
                0x000001cc        0x4 LONG 0x14000000 ADDR (.bss_RAM3)
                0x000001d0        0x4 LONG 0x0 SIZEOF (.bss_RAM3)
                0x000001d4                __bss_section_table_end = .
                0x000001d4                __section_table_end = .
 *(SORT_BY_ALIGNMENT(.after_vectors*))
 .after_vectors.reset
                0x000001d4       0x4c ./SDK/startup/startup_mk64f12.o
                0x000001d4                ResetISR
 .after_vectors.init_data
                0x00000220       0x1e ./SDK/startup/startup_mk64f12.o
                0x00000220                data_init
 .after_vectors.init_bss
                0x0000023e       0x12 ./SDK/startup/startup_mk64f12.o
                0x0000023e                bss_init
 .after_vectors
                0x00000250       0x14 ./SDK/startup/startup_mk64f12.o
                0x00000250                NMI_Handler
                0x00000254                MemManage_Handler
                0x00000256                BusFault_Handler
                0x00000258                UsageFault_Handler
                0x0000025a                SVC_Handler
                0x0000025c                DebugMon_Handler
                0x0000025e                PendSV_Handler
                0x00000260                SysTick_Handler
                0x00000262                DMA_Error_DriverIRQHandler
                0x00000262                LPTMR0_DriverIRQHandler
                0x00000262                FTM1_DriverIRQHandler
                0x00000262                FTM2_DriverIRQHandler
                0x00000262                PIT2_DriverIRQHandler
                0x00000262                SDHC_DriverIRQHandler
                0x00000262                I2S0_Tx_DriverIRQHandler
                0x00000262                RTC_Seconds_DriverIRQHandler
                0x00000262                DMA6_DriverIRQHandler
                0x00000262                LLWU_DriverIRQHandler
                0x00000262                MCM_DriverIRQHandler
                0x00000262                MCG_DriverIRQHandler
                0x00000262                ENET_1588_Timer_DriverIRQHandler
                0x00000262                I2C2_DriverIRQHandler
                0x00000262                DAC1_DriverIRQHandler
                0x00000262                SPI1_DriverIRQHandler
                0x00000262                CMP1_DriverIRQHandler
                0x00000262                UART5_RX_TX_DriverIRQHandler
                0x00000262                FTM0_DriverIRQHandler
                0x00000262                IntDefaultHandler
                0x00000262                USB0_DriverIRQHandler
                0x00000262                UART5_ERR_DriverIRQHandler
                0x00000262                PORTC_DriverIRQHandler
                0x00000262                DMA11_DriverIRQHandler
                0x00000262                DAC0_DriverIRQHandler
                0x00000262                DMA10_DriverIRQHandler
                0x00000262                CMP2_DriverIRQHandler
                0x00000262                UART2_ERR_DriverIRQHandler
                0x00000262                SPI2_DriverIRQHandler
                0x00000262                LVD_LVW_DriverIRQHandler
                0x00000262                PIT0_DriverIRQHandler
                0x00000262                RNG_DriverIRQHandler
                0x00000262                DMA12_DriverIRQHandler
                0x00000262                DMA4_DriverIRQHandler
                0x00000262                UART2_RX_TX_DriverIRQHandler
                0x00000262                USBDCD_DriverIRQHandler
                0x00000262                UART3_ERR_DriverIRQHandler
                0x00000262                DMA3_DriverIRQHandler
                0x00000262                DMA8_DriverIRQHandler
                0x00000262                DMA9_DriverIRQHandler
                0x00000262                UART0_ERR_DriverIRQHandler
                0x00000262                CMT_DriverIRQHandler
                0x00000262                Reserved71_DriverIRQHandler
                0x00000262                ADC1_DriverIRQHandler
                0x00000262                PORTA_DriverIRQHandler
                0x00000262                DMA14_DriverIRQHandler
                0x00000262                PIT3_DriverIRQHandler
                0x00000262                PIT1_DriverIRQHandler
                0x00000262                WDOG_EWM_DriverIRQHandler
                0x00000262                PDB0_DriverIRQHandler
                0x00000262                RTC_DriverIRQHandler
                0x00000262                I2S0_Rx_DriverIRQHandler
                0x00000262                Read_Collision_DriverIRQHandler
                0x00000262                SWI_DriverIRQHandler
                0x00000262                UART4_RX_TX_DriverIRQHandler
                0x00000262                UART4_ERR_DriverIRQHandler
                0x00000262                PORTB_DriverIRQHandler
                0x00000262                UART0_LON_DriverIRQHandler
                0x00000262                DMA0_DriverIRQHandler
                0x00000262                DMA1_DriverIRQHandler
                0x00000262                I2C1_DriverIRQHandler
                0x00000262                UART3_RX_TX_DriverIRQHandler
                0x00000262                ENET_Receive_DriverIRQHandler
                0x00000262                DMA13_DriverIRQHandler
                0x00000262                ENET_Error_DriverIRQHandler
                0x00000262                DMA15_DriverIRQHandler
                0x00000262                UART0_RX_TX_DriverIRQHandler
                0x00000262                SPI0_DriverIRQHandler
                0x00000262                ADC0_DriverIRQHandler
                0x00000262                CMP0_DriverIRQHandler
                0x00000262                CAN0_DriverIRQHandler
                0x00000262                FTM3_DriverIRQHandler
                0x00000262                DMA5_DriverIRQHandler
                0x00000262                UART1_ERR_DriverIRQHandler
                0x00000262                DMA2_DriverIRQHandler
                0x00000262                ENET_Transmit_DriverIRQHandler
                0x00000262                PORTD_DriverIRQHandler
                0x00000262                PORTE_DriverIRQHandler
                0x00000262                FTFE_DriverIRQHandler
                0x00000262                I2C0_DriverIRQHandler
                0x00000262                DMA7_DriverIRQHandler
                0x00000262                UART1_RX_TX_DriverIRQHandler
                0x00000400                . = 0x400
 *fill*         0x00000264      0x19c ff
                0x00000400                PROVIDE (__FLASH_CONFIG_START__, .)
 *(SORT_BY_ALIGNMENT(.FlashConfig))
 .FlashConfig   0x00000400       0x10 ./SDK/startup/startup_mk64f12.o
                0x00000400                Flash_Config
                0x00000410                PROVIDE (__FLASH_CONFIG_END__, .)
                0x00000001                ASSERT (! ((__FLASH_CONFIG_START__ == __FLASH_CONFIG_END__)), Linker Flash Config Support Enabled, but no .FlashConfig section provided within application)
 *(SORT_BY_ALIGNMENT(.text*))
 .text.Modulador_init
                0x00000410      0x1bc ./source/Modulador.o
                0x00000410                Modulador_init
 *fill*         0x000005cc        0x4 ff
 .text._sincos  0x000005d0      0x214 c:/nxp/mcuxpressoide_10.2.0_759/ide/tools/bin/../lib/gcc/arm-none-eabi/7.2.1/../../../../arm-none-eabi/lib/thumb/v7e-m/fpv4-sp/hard\libcr_c.a(_sincos.o)
                0x000005d0                _sincos
 .text.ADC0_IRQHandler
                0x000007e4       0x24 ./source/ADC.o
                0x000007e4                ADC0_IRQHandler
 .text.App_Init
                0x00000808       0x58 ./source/App.o
                0x00000808                App_Init
 .text.__NVIC_EnableIRQ
                0x00000860       0x3c ./source/CMP.o
 .text.CMP_init
                0x0000089c       0xb8 ./source/CMP.o
                0x0000089c                CMP_init
 .text.configurePins
                0x00000954       0x64 ./source/CMP.o
 .text.enableInterrupts
                0x000009b8       0x28 ./source/CMP.o
 .text.configureInputs
                0x000009e0       0x58 ./source/CMP.o
 .text.configureDAC
                0x00000a38       0x28 ./source/CMP.o
 .text.CMP0_IRQHandler
                0x00000a60       0x2c ./source/CMP.o
                0x00000a60                CMP0_IRQHandler
 .text.__NVIC_EnableIRQ
                0x00000a8c       0x3c ./source/DMA.o
 .text.__NVIC_ClearPendingIRQ
                0x00000ac8       0x3c ./source/DMA.o
 .text.DMA0_Config
                0x00000b04       0xcc ./source/DMA.o
                0x00000b04                DMA0_Config
 .text.DMA0_ConfigCounters
                0x00000bd0       0x90 ./source/DMA.o
                0x00000bd0                DMA0_ConfigCounters
 .text.DMA0_EnableRequest
                0x00000c60       0x84 ./source/DMA.o
                0x00000c60                DMA0_EnableRequest
 .text.DMA0_DisableRequest
                0x00000ce4       0x74 ./source/DMA.o
                0x00000ce4                DMA0_DisableRequest
 .text.DMA0_ConfigSourceAddress
                0x00000d58       0x2c ./source/DMA.o
                0x00000d58                DMA0_ConfigSourceAddress
 .text.DMA0_ConfigDestAddress
                0x00000d84       0x30 ./source/DMA.o
                0x00000d84                DMA0_ConfigDestAddress
 .text.DMA0_IRQHandler
                0x00000db4       0x2c ./source/DMA.o
                0x00000db4                DMA0_IRQHandler
 .text.DMA1_Config
                0x00000de0       0x9c ./source/DMA.o
                0x00000de0                DMA1_Config
 .text.DMA1_IRQHandler
                0x00000e7c       0x28 ./source/DMA.o
                0x00000e7c                DMA1_IRQHandler
 .text.setCntOvf
                0x00000ea4       0x1c ./source/DecodeBits.o
                0x00000ea4                setCntOvf
 .text.Decoder_init
                0x00000ec0       0x44 ./source/DecodeBits.o
                0x00000ec0                Decoder_init
 .text.processPulse
                0x00000f04       0xc4 ./source/DecodeBits.o
                0x00000f04                processPulse
 .text.Decoder_parsePulse
                0x00000fc8       0x78 ./source/DecodeBits.o
                0x00000fc8                Decoder_parsePulse
 .text.bufferFlush
                0x00001040       0x3c ./source/DecodeBits.o
                0x00001040                bufferFlush
 .text.buffer2UART
                0x0000107c       0x54 ./source/DecodeBits.o
                0x0000107c                buffer2UART
 .text.writeBuffer
                0x000010d0       0xd0 ./source/DecodeBits.o
                0x000010d0                writeBuffer
 .text.isBufferFull
                0x000011a0       0x18 ./source/DecodeBits.o
                0x000011a0                isBufferFull
 .text.decodeDutys
                0x000011b8      0x104 ./source/DecodeBits.o
                0x000011b8                decodeDutys
 .text.Modulador_sendChar
                0x000012bc       0x9c ./source/Modulador.o
                0x000012bc                Modulador_sendChar
 .text.procesBitStream
                0x00001358       0xe8 ./source/Modulador.o
                0x00001358                procesBitStream
 .text.setNextBit
                0x00001440       0x40 ./source/Modulador.o
                0x00001440                setNextBit
 .text.PIT0_IRQHandler
                0x00001480       0x20 ./source/PIT.o
                0x00001480                PIT0_IRQHandler
 .text.PIT1_IRQHandler
                0x000014a0       0x20 ./source/PIT.o
                0x000014a0                PIT1_IRQHandler
 .text.__NVIC_EnableIRQ
                0x000014c0       0x3c ./source/ftm.o
 .text.getDutyAddress
                0x000014fc       0x14 ./source/ftm.o
                0x000014fc                getDutyAddress
 .text.PWM_ISR  0x00001510       0x5c ./source/ftm.o
                0x00001510                PWM_ISR
 .text.setDuty  0x0000156c       0x24 ./source/ftm.o
                0x0000156c                setDuty
 .text.IC_ISR   0x00001590       0x68 ./source/ftm.o
                0x00001590                IC_ISR
 .text.configPinFtm
                0x000015f8       0x88 ./source/ftm.o
                0x000015f8                configPinFtm
 .text.setChannelnModeForIcOrOC
                0x00001680      0x12c ./source/ftm.o
                0x00001680                setChannelnModeForIcOrOC
 .text.setChannelnModeForPwm
                0x000017ac      0x130 ./source/ftm.o
                0x000017ac                setChannelnModeForPwm
 .text.updateDuty
                0x000018dc       0x6c ./source/ftm.o
                0x000018dc                updateDuty
 .text.FTM0_DmaMode
                0x00001948       0x44 ./source/ftm.o
                0x00001948                FTM0_DmaMode
 .text.FTM3_DmaMode
                0x0000198c       0x44 ./source/ftm.o
                0x0000198c                FTM3_DmaMode
 .text.ftmInit  0x000019d0      0x140 ./source/ftm.o
                0x000019d0                ftmInit
 .text.getMedAddress
                0x00001b10       0x14 ./source/ftm.o
                0x00001b10                getMedAddress
 .text.PORTD_IRQHandler
                0x00001b24       0x64 ./source/gpio.o
                0x00001b24                PORTD_IRQHandler
 .text.PORTA_IRQHandler
                0x00001b88       0x5c ./source/gpio.o
                0x00001b88                PORTA_IRQHandler
 .text.PORTB_IRQHandler
                0x00001be4       0x64 ./source/gpio.o
                0x00001be4                PORTB_IRQHandler
 .text.PORTE_IRQHandler
                0x00001c48       0x64 ./source/gpio.o
                0x00001c48                PORTE_IRQHandler
 .text.PORTC_IRQHandler
                0x00001cac       0x64 ./source/gpio.o
                0x00001cac                PORTC_IRQHandler
 .text.gpioMode
                0x00001d10      0x174 ./source/gpio.o
                0x00001d10                gpioMode
 .text.gpioToggle
                0x00001e84       0x7c ./source/gpio.o
                0x00001e84                gpioToggle
 .text.PORT_ClearInterruptFlag
                0x00001f00       0x48 ./source/gpio.o
                0x00001f00                PORT_ClearInterruptFlag
 .text.gpioMUX_ALT
                0x00001f48       0x64 ./source/gpio.o
                0x00001f48                gpioMUX_ALT
 .text.__NVIC_EnableIRQ
                0x00001fac       0x3c ./source/uart.o
 .text.UART0_RX_TX_IRQHandler
                0x00001fe8      0x108 ./source/uart.o
                0x00001fe8                UART0_RX_TX_IRQHandler
 .text.sendWord
                0x000020f0       0x7c ./source/uart.o
                0x000020f0                sendWord
 .text.updateWord
                0x0000216c       0x64 ./source/uart.o
                0x0000216c                updateWord
 .text.configPCR
                0x000021d0       0xc4 ./source/uart.o
                0x000021d0                configPCR
 .text.uartInit
                0x00002294      0x178 ./source/uart.o
                0x00002294                uartInit
 .text.setOnNewCharListener
                0x0000240c       0x20 ./source/uart.o
                0x0000240c                setOnNewCharListener
 .text.hw_Init  0x0000242c      0x10c ./SDK/startup/hardware.o
                0x0000242c                hw_Init
 .text.hw_EnableInterrupts
                0x00002538       0x30 ./SDK/startup/hardware.o
                0x00002538                hw_EnableInterrupts
 .text.hw_DisableInterrupts
                0x00002568       0x20 ./SDK/startup/hardware.o
                0x00002568                hw_DisableInterrupts
 .text.SystemInit
                0x00002588       0x3c ./SDK/CMSIS/system_MK64F12.o
                0x00002588                SystemInit
 .text.__aeabi_dmul
                0x000025c4      0x11c c:/nxp/mcuxpressoide_10.2.0_759/ide/tools/bin/../lib/gcc/arm-none-eabi/7.2.1/thumb/v7e-m/fpv4-sp/hard\libcr_eabihelpers.a(double.o)
                0x000025c4                __aeabi_dmul
 .text.__aeabi_ddiv
                0x000026e0      0x138 c:/nxp/mcuxpressoide_10.2.0_759/ide/tools/bin/../lib/gcc/arm-none-eabi/7.2.1/thumb/v7e-m/fpv4-sp/hard\libcr_eabihelpers.a(double.o)
                0x000026e0                __aeabi_ddiv
 .text.__aeabi_dsub
                0x00002818      0x1b4 c:/nxp/mcuxpressoide_10.2.0_759/ide/tools/bin/../lib/gcc/arm-none-eabi/7.2.1/thumb/v7e-m/fpv4-sp/hard\libcr_eabihelpers.a(double.o)
                0x00002818                __aeabi_dsub
 .text.__aeabi_dadd
                0x000029cc      0x10c c:/nxp/mcuxpressoide_10.2.0_759/ide/tools/bin/../lib/gcc/arm-none-eabi/7.2.1/thumb/v7e-m/fpv4-sp/hard\libcr_eabihelpers.a(double.o)
                0x000029cc                __aeabi_dadd
 .text.incrementOvfCnt
                0x00002ad8        0xc ./source/App.o
                0x00002ad8                incrementOvfCnt
 .text.App_Run  0x00002ae4        0xc ./source/App.o
                0x00002ae4                App_Run
 .text.test     0x00002af0        0xe ./source/App.o
                0x00002af0                test
 .text.testfunc
                0x00002afe       0x24 ./source/App.o
                0x00002afe                testfunc
 .text.testfunc2
                0x00002b22       0x1a ./source/App.o
                0x00002b22                testfunc2
 .text.isNumberN
                0x00002b3c       0x3c ./source/DecodeBits.o
                0x00002b3c                isNumberN
 .text.isZero   0x00002b78       0x2a ./source/DecodeBits.o
                0x00002b78                isZero
 .text.isValidA0
                0x00002ba2       0x46 ./source/DecodeBits.o
                0x00002ba2                isValidA0
 .text.isValidA1
                0x00002be8       0x6c ./source/DecodeBits.o
                0x00002be8                isValidA1
 .text.write2BuffLogic
                0x00002c54       0x4c ./source/DecodeBits.o
                0x00002c54                write2BuffLogic
 .text.parity   0x00002ca0       0x4e ./source/Modulador.o
                0x00002ca0                parity
 .text.FTM0_IRQHandler
                0x00002cee       0x1c ./source/ftm.o
                0x00002cee                FTM0_IRQHandler
 .text.FTM3_IRQHandler
                0x00002d0a       0x1c ./source/ftm.o
                0x00002d0a                FTM3_IRQHandler
 .text.isTimerOverFlowInterrupt
                0x00002d26       0x26 ./source/ftm.o
                0x00002d26                isTimerOverFlowInterrupt
 .text.clearTimerOverFlowFlag
                0x00002d4c       0x20 ./source/ftm.o
                0x00002d4c                clearTimerOverFlowFlag
 .text.isChannelnInterrupt
                0x00002d6c       0x32 ./source/ftm.o
                0x00002d6c                isChannelnInterrupt
 .text.FTM_ClearInterruptFlag
                0x00002d9e       0x34 ./source/ftm.o
                0x00002d9e                FTM_ClearInterruptFlag
 .text.FTM_SetClock
                0x00002dd2       0x20 ./source/ftm.o
                0x00002dd2                FTM_SetClock
 .text.FTM_DisableClock
                0x00002df2       0x20 ./source/ftm.o
                0x00002df2                FTM_DisableClock
 .text.FTM_EnableInterrupts
                0x00002e12       0x34 ./source/ftm.o
                0x00002e12                FTM_EnableInterrupts
 .text.initSettings
                0x00002e46       0x7e ./source/ftm.o
                0x00002e46                initSettings
 .text.setAlignedPWM
                0x00002ec4       0xae ./source/ftm.o
                0x00002ec4                setAlignedPWM
 .text.setIC    0x00002f72       0x6a ./source/ftm.o
                0x00002f72                setIC
 .text.delayLoop
                0x00002fdc       0x20 ./source/uart.o
                0x00002fdc                delayLoop
 .text.main     0x00002ffc       0x1a ./SDK/startup/main.o
                0x00002ffc                main
 .text.HardFault_Handler
                0x00003016       0x2c ./SDK/startup/semihost_hardfault.o
                0x00003016                HardFault_Handler
 .text.DMA2_IRQHandler
                0x00003042        0x8 ./SDK/startup/startup_mk64f12.o
                0x00003042                DMA2_IRQHandler
 .text.DMA3_IRQHandler
                0x0000304a        0x8 ./SDK/startup/startup_mk64f12.o
                0x0000304a                DMA3_IRQHandler
 .text.DMA4_IRQHandler
                0x00003052        0x8 ./SDK/startup/startup_mk64f12.o
                0x00003052                DMA4_IRQHandler
 .text.DMA5_IRQHandler
                0x0000305a        0x8 ./SDK/startup/startup_mk64f12.o
                0x0000305a                DMA5_IRQHandler
 .text.DMA6_IRQHandler
                0x00003062        0x8 ./SDK/startup/startup_mk64f12.o
                0x00003062                DMA6_IRQHandler
 .text.DMA7_IRQHandler
                0x0000306a        0x8 ./SDK/startup/startup_mk64f12.o
                0x0000306a                DMA7_IRQHandler
 .text.DMA8_IRQHandler
                0x00003072        0x8 ./SDK/startup/startup_mk64f12.o
                0x00003072                DMA8_IRQHandler
 .text.DMA9_IRQHandler
                0x0000307a        0x8 ./SDK/startup/startup_mk64f12.o
                0x0000307a                DMA9_IRQHandler
 .text.DMA10_IRQHandler
                0x00003082        0x8 ./SDK/startup/startup_mk64f12.o
                0x00003082                DMA10_IRQHandler
 .text.DMA11_IRQHandler
                0x0000308a        0x8 ./SDK/startup/startup_mk64f12.o
                0x0000308a                DMA11_IRQHandler
 .text.DMA12_IRQHandler
                0x00003092        0x8 ./SDK/startup/startup_mk64f12.o
                0x00003092                DMA12_IRQHandler
 .text.DMA13_IRQHandler
                0x0000309a        0x8 ./SDK/startup/startup_mk64f12.o
                0x0000309a                DMA13_IRQHandler
 .text.DMA14_IRQHandler
                0x000030a2        0x8 ./SDK/startup/startup_mk64f12.o
                0x000030a2                DMA14_IRQHandler
 .text.DMA15_IRQHandler
                0x000030aa        0x8 ./SDK/startup/startup_mk64f12.o
                0x000030aa                DMA15_IRQHandler
 .text.DMA_Error_IRQHandler
                0x000030b2        0x8 ./SDK/startup/startup_mk64f12.o
                0x000030b2                DMA_Error_IRQHandler
 .text.MCM_IRQHandler
                0x000030ba        0x8 ./SDK/startup/startup_mk64f12.o
                0x000030ba                MCM_IRQHandler
 .text.FTFE_IRQHandler
                0x000030c2        0x8 ./SDK/startup/startup_mk64f12.o
                0x000030c2                FTFE_IRQHandler
 .text.Read_Collision_IRQHandler
                0x000030ca        0x8 ./SDK/startup/startup_mk64f12.o
                0x000030ca                Read_Collision_IRQHandler
 .text.LVD_LVW_IRQHandler
                0x000030d2        0x8 ./SDK/startup/startup_mk64f12.o
                0x000030d2                LVD_LVW_IRQHandler
 .text.LLWU_IRQHandler
                0x000030da        0x8 ./SDK/startup/startup_mk64f12.o
                0x000030da                LLWU_IRQHandler
 .text.WDOG_EWM_IRQHandler
                0x000030e2        0x8 ./SDK/startup/startup_mk64f12.o
                0x000030e2                WDOG_EWM_IRQHandler
 .text.RNG_IRQHandler
                0x000030ea        0x8 ./SDK/startup/startup_mk64f12.o
                0x000030ea                RNG_IRQHandler
 .text.I2C0_IRQHandler
                0x000030f2        0x8 ./SDK/startup/startup_mk64f12.o
                0x000030f2                I2C0_IRQHandler
 .text.I2C1_IRQHandler
                0x000030fa        0x8 ./SDK/startup/startup_mk64f12.o
                0x000030fa                I2C1_IRQHandler
 .text.SPI0_IRQHandler
                0x00003102        0x8 ./SDK/startup/startup_mk64f12.o
                0x00003102                SPI0_IRQHandler
 .text.SPI1_IRQHandler
                0x0000310a        0x8 ./SDK/startup/startup_mk64f12.o
                0x0000310a                SPI1_IRQHandler
 .text.I2S0_Tx_IRQHandler
                0x00003112        0x8 ./SDK/startup/startup_mk64f12.o
                0x00003112                I2S0_Tx_IRQHandler
 .text.I2S0_Rx_IRQHandler
                0x0000311a        0x8 ./SDK/startup/startup_mk64f12.o
                0x0000311a                I2S0_Rx_IRQHandler
 .text.UART0_LON_IRQHandler
                0x00003122        0x8 ./SDK/startup/startup_mk64f12.o
                0x00003122                UART0_LON_IRQHandler
 .text.UART0_ERR_IRQHandler
                0x0000312a        0x8 ./SDK/startup/startup_mk64f12.o
                0x0000312a                UART0_ERR_IRQHandler
 .text.UART1_RX_TX_IRQHandler
                0x00003132        0x8 ./SDK/startup/startup_mk64f12.o
                0x00003132                UART1_RX_TX_IRQHandler
 .text.UART1_ERR_IRQHandler
                0x0000313a        0x8 ./SDK/startup/startup_mk64f12.o
                0x0000313a                UART1_ERR_IRQHandler
 .text.UART2_RX_TX_IRQHandler
                0x00003142        0x8 ./SDK/startup/startup_mk64f12.o
                0x00003142                UART2_RX_TX_IRQHandler
 .text.UART2_ERR_IRQHandler
                0x0000314a        0x8 ./SDK/startup/startup_mk64f12.o
                0x0000314a                UART2_ERR_IRQHandler
 .text.UART3_RX_TX_IRQHandler
                0x00003152        0x8 ./SDK/startup/startup_mk64f12.o
                0x00003152                UART3_RX_TX_IRQHandler
 .text.UART3_ERR_IRQHandler
                0x0000315a        0x8 ./SDK/startup/startup_mk64f12.o
                0x0000315a                UART3_ERR_IRQHandler
 .text.CMP1_IRQHandler
                0x00003162        0x8 ./SDK/startup/startup_mk64f12.o
                0x00003162                CMP1_IRQHandler
 .text.FTM1_IRQHandler
                0x0000316a        0x8 ./SDK/startup/startup_mk64f12.o
                0x0000316a                FTM1_IRQHandler
 .text.FTM2_IRQHandler
                0x00003172        0x8 ./SDK/startup/startup_mk64f12.o
                0x00003172                FTM2_IRQHandler
 .text.CMT_IRQHandler
                0x0000317a        0x8 ./SDK/startup/startup_mk64f12.o
                0x0000317a                CMT_IRQHandler
 .text.RTC_IRQHandler
                0x00003182        0x8 ./SDK/startup/startup_mk64f12.o
                0x00003182                RTC_IRQHandler
 .text.RTC_Seconds_IRQHandler
                0x0000318a        0x8 ./SDK/startup/startup_mk64f12.o
                0x0000318a                RTC_Seconds_IRQHandler
 .text.PIT2_IRQHandler
                0x00003192        0x8 ./SDK/startup/startup_mk64f12.o
                0x00003192                PIT2_IRQHandler
 .text.PIT3_IRQHandler
                0x0000319a        0x8 ./SDK/startup/startup_mk64f12.o
                0x0000319a                PIT3_IRQHandler
 .text.PDB0_IRQHandler
                0x000031a2        0x8 ./SDK/startup/startup_mk64f12.o
                0x000031a2                PDB0_IRQHandler
 .text.USB0_IRQHandler
                0x000031aa        0x8 ./SDK/startup/startup_mk64f12.o
                0x000031aa                USB0_IRQHandler
 .text.USBDCD_IRQHandler
                0x000031b2        0x8 ./SDK/startup/startup_mk64f12.o
                0x000031b2                USBDCD_IRQHandler
 .text.Reserved71_IRQHandler
                0x000031ba        0x8 ./SDK/startup/startup_mk64f12.o
                0x000031ba                Reserved71_IRQHandler
 .text.DAC0_IRQHandler
                0x000031c2        0x8 ./SDK/startup/startup_mk64f12.o
                0x000031c2                DAC0_IRQHandler
 .text.MCG_IRQHandler
                0x000031ca        0x8 ./SDK/startup/startup_mk64f12.o
                0x000031ca                MCG_IRQHandler
 .text.LPTMR0_IRQHandler
                0x000031d2        0x8 ./SDK/startup/startup_mk64f12.o
                0x000031d2                LPTMR0_IRQHandler
 .text.SWI_IRQHandler
                0x000031da        0x8 ./SDK/startup/startup_mk64f12.o
                0x000031da                SWI_IRQHandler
 .text.SPI2_IRQHandler
                0x000031e2        0x8 ./SDK/startup/startup_mk64f12.o
                0x000031e2                SPI2_IRQHandler
 .text.UART4_RX_TX_IRQHandler
                0x000031ea        0x8 ./SDK/startup/startup_mk64f12.o
                0x000031ea                UART4_RX_TX_IRQHandler
 .text.UART4_ERR_IRQHandler
                0x000031f2        0x8 ./SDK/startup/startup_mk64f12.o
                0x000031f2                UART4_ERR_IRQHandler
 .text.UART5_RX_TX_IRQHandler
                0x000031fa        0x8 ./SDK/startup/startup_mk64f12.o
                0x000031fa                UART5_RX_TX_IRQHandler
 .text.UART5_ERR_IRQHandler
                0x00003202        0x8 ./SDK/startup/startup_mk64f12.o
                0x00003202                UART5_ERR_IRQHandler
 .text.CMP2_IRQHandler
                0x0000320a        0x8 ./SDK/startup/startup_mk64f12.o
                0x0000320a                CMP2_IRQHandler
 .text.DAC1_IRQHandler
                0x00003212        0x8 ./SDK/startup/startup_mk64f12.o
                0x00003212                DAC1_IRQHandler
 .text.ADC1_IRQHandler
                0x0000321a        0x8 ./SDK/startup/startup_mk64f12.o
                0x0000321a                ADC1_IRQHandler
 .text.I2C2_IRQHandler
                0x00003222        0x8 ./SDK/startup/startup_mk64f12.o
                0x00003222                I2C2_IRQHandler
 .text.CAN0_ORed_Message_buffer_IRQHandler
                0x0000322a        0x8 ./SDK/startup/startup_mk64f12.o
                0x0000322a                CAN0_ORed_Message_buffer_IRQHandler
 .text.CAN0_Bus_Off_IRQHandler
                0x00003232        0x8 ./SDK/startup/startup_mk64f12.o
                0x00003232                CAN0_Bus_Off_IRQHandler
 .text.CAN0_Error_IRQHandler
                0x0000323a        0x8 ./SDK/startup/startup_mk64f12.o
                0x0000323a                CAN0_Error_IRQHandler
 .text.CAN0_Tx_Warning_IRQHandler
                0x00003242        0x8 ./SDK/startup/startup_mk64f12.o
                0x00003242                CAN0_Tx_Warning_IRQHandler
 .text.CAN0_Rx_Warning_IRQHandler
                0x0000324a        0x8 ./SDK/startup/startup_mk64f12.o
                0x0000324a                CAN0_Rx_Warning_IRQHandler
 .text.CAN0_Wake_Up_IRQHandler
                0x00003252        0x8 ./SDK/startup/startup_mk64f12.o
                0x00003252                CAN0_Wake_Up_IRQHandler
 .text.SDHC_IRQHandler
                0x0000325a        0x8 ./SDK/startup/startup_mk64f12.o
                0x0000325a                SDHC_IRQHandler
 .text.ENET_1588_Timer_IRQHandler
                0x00003262        0x8 ./SDK/startup/startup_mk64f12.o
                0x00003262                ENET_1588_Timer_IRQHandler
 .text.ENET_Transmit_IRQHandler
                0x0000326a        0x8 ./SDK/startup/startup_mk64f12.o
                0x0000326a                ENET_Transmit_IRQHandler
 .text.ENET_Receive_IRQHandler
                0x00003272        0x8 ./SDK/startup/startup_mk64f12.o
                0x00003272                ENET_Receive_IRQHandler
 .text.ENET_Error_IRQHandler
                0x0000327a        0x8 ./SDK/startup/startup_mk64f12.o
                0x0000327a                ENET_Error_IRQHandler
 .text.SystemInitHook
                0x00003282        0xe ./SDK/CMSIS/system_MK64F12.o
                0x00003282                SystemInitHook
 .text.sin      0x00003290       0x40 c:/nxp/mcuxpressoide_10.2.0_759/ide/tools/bin/../lib/gcc/arm-none-eabi/7.2.1/../../../../arm-none-eabi/lib/thumb/v7e-m/fpv4-sp/hard\libcr_c.a(sin.o)
                0x00003290                sin
 .text.fabs     0x000032d0       0x22 c:/nxp/mcuxpressoide_10.2.0_759/ide/tools/bin/../lib/gcc/arm-none-eabi/7.2.1/../../../../arm-none-eabi/lib/thumb/v7e-m/fpv4-sp/hard\libcr_c.a(fabs.o)
                0x000032d0                fabs
 .text.__aeabi_division_ldivmod
                0x000032f2       0x26 c:/nxp/mcuxpressoide_10.2.0_759/ide/tools/bin/../lib/gcc/arm-none-eabi/7.2.1/thumb/v7e-m/fpv4-sp/hard\libcr_eabihelpers.a(division_64.o)
                0x000032f2                __aeabi_ldivmod
 .text.__aeabi_division_uldivmod
                0x00003318      0x174 c:/nxp/mcuxpressoide_10.2.0_759/ide/tools/bin/../lib/gcc/arm-none-eabi/7.2.1/thumb/v7e-m/fpv4-sp/hard\libcr_eabihelpers.a(division_64.o)
                0x00003318                __aeabi_uldivmod
                0x0000331c                __bhs_ldivmod1
 .text.__aeabi_division_idiv0
                0x0000348c        0x2 c:/nxp/mcuxpressoide_10.2.0_759/ide/tools/bin/../lib/gcc/arm-none-eabi/7.2.1/thumb/v7e-m/fpv4-sp/hard\libcr_eabihelpers.a(division_idiv0.o)
                0x0000348c                __aeabi_idiv0
 .text.__aeabi_d2iz
                0x0000348e       0x40 c:/nxp/mcuxpressoide_10.2.0_759/ide/tools/bin/../lib/gcc/arm-none-eabi/7.2.1/thumb/v7e-m/fpv4-sp/hard\libcr_eabihelpers.a(double.o)
                0x0000348e                __aeabi_d2iz
 .text.__aeabi_d2uiz
                0x000034ce       0x30 c:/nxp/mcuxpressoide_10.2.0_759/ide/tools/bin/../lib/gcc/arm-none-eabi/7.2.1/thumb/v7e-m/fpv4-sp/hard\libcr_eabihelpers.a(double.o)
                0x000034ce                __aeabi_d2uiz
 .text.__bhs_ui2d
                0x000034fe       0x46 c:/nxp/mcuxpressoide_10.2.0_759/ide/tools/bin/../lib/gcc/arm-none-eabi/7.2.1/thumb/v7e-m/fpv4-sp/hard\libcr_eabihelpers.a(double.o)
                0x000034fe                __bhs_ui2d
 .text.__aeabi_i2d
                0x00003544       0x12 c:/nxp/mcuxpressoide_10.2.0_759/ide/tools/bin/../lib/gcc/arm-none-eabi/7.2.1/thumb/v7e-m/fpv4-sp/hard\libcr_eabihelpers.a(double.o)
                0x00003544                __aeabi_i2d
 .text.__aeabi_dcmplt
                0x00003556       0x58 c:/nxp/mcuxpressoide_10.2.0_759/ide/tools/bin/../lib/gcc/arm-none-eabi/7.2.1/thumb/v7e-m/fpv4-sp/hard\libcr_eabihelpers.a(double.o)
                0x00003556                __aeabi_dcmplt
 .text.__aeabi_dcmpge
                0x000035ae       0x58 c:/nxp/mcuxpressoide_10.2.0_759/ide/tools/bin/../lib/gcc/arm-none-eabi/7.2.1/thumb/v7e-m/fpv4-sp/hard\libcr_eabihelpers.a(double.o)
                0x000035ae                __aeabi_dcmpge
 *(SORT_BY_ALIGNMENT(.rodata) SORT_BY_ALIGNMENT(.rodata.*) SORT_BY_ALIGNMENT(.constdata) SORT_BY_ALIGNMENT(.constdata.*))
 *fill*         0x00003606        0x2 ff
 .rodata.__huge_val
                0x00003608        0x8 c:/nxp/mcuxpressoide_10.2.0_759/ide/tools/bin/../lib/gcc/arm-none-eabi/7.2.1/../../../../arm-none-eabi/lib/thumb/v7e-m/fpv4-sp/hard\libcr_c.a(_hugeval.o)
                0x00003608                __huge_val
                0x00003610                . = ALIGN (0x8)

.glue_7         0x00003610        0x0
 .glue_7        0x00003610        0x0 linker stubs

.glue_7t        0x00003610        0x0
 .glue_7t       0x00003610        0x0 linker stubs

.vfp11_veneer   0x00003610        0x0
 .vfp11_veneer  0x00003610        0x0 linker stubs

.v4_bx          0x00003610        0x0
 .v4_bx         0x00003610        0x0 linker stubs

.iplt           0x00003610        0x0
 .iplt          0x00003610        0x0 ./source/ADC.o

.rel.dyn        0x00003610        0x0
 .rel.iplt      0x00003610        0x0 ./source/ADC.o

.ARM.extab
 *(SORT_BY_ALIGNMENT(.ARM.extab*) SORT_BY_ALIGNMENT(.gnu.linkonce.armextab.*))
                0x00003610                __exidx_start = .

.ARM.exidx
 *(SORT_BY_ALIGNMENT(.ARM.exidx*) SORT_BY_ALIGNMENT(.gnu.linkonce.armexidx.*))
                0x00003610                __exidx_end = .
                0x00003610                _etext = .

.m_usb_data
 *(SORT_BY_ALIGNMENT(m_usb_bdt))

.data_RAM2      0x1fff0000        0x0 load address 0x00003610
 FILL mask 0xff
                [!provide]                PROVIDE (__start_data_RAM2, .)
 *(SORT_BY_ALIGNMENT(.ramfunc.$RAM2))
 *(SORT_BY_ALIGNMENT(.ramfunc.$SRAM_LOWER))
 *(SORT_BY_ALIGNMENT(.data.$RAM2*))
 *(SORT_BY_ALIGNMENT(.data.$SRAM_LOWER*))
                0x1fff0000                . = ALIGN (0x8)
                [!provide]                PROVIDE (__end_data_RAM2, .)

.data_RAM3      0x14000000        0x0 load address 0x00003610
 FILL mask 0xff
                [!provide]                PROVIDE (__start_data_RAM3, .)
 *(SORT_BY_ALIGNMENT(.ramfunc.$RAM3))
 *(SORT_BY_ALIGNMENT(.ramfunc.$FLEX_RAM))
 *(SORT_BY_ALIGNMENT(.data.$RAM3*))
 *(SORT_BY_ALIGNMENT(.data.$FLEX_RAM*))
                0x14000000                . = ALIGN (0x8)
                [!provide]                PROVIDE (__end_data_RAM3, .)

.uninit_RESERVED
                0x20000000        0x0
 *(SORT_BY_ALIGNMENT(.bss.$RESERVED*))
                0x20000000                . = ALIGN (0x4)
                0x20000000                _end_uninit_RESERVED = .

.data           0x20000000       0x98 load address 0x00003610
 FILL mask 0xff
                0x20000000                _data = .
 *(SORT_BY_ALIGNMENT(vtable))
 *(SORT_BY_ALIGNMENT(.ramfunc*))
 *(SORT_BY_ALIGNMENT(.data*))
 .data.ADC0_ptr
                0x20000000        0x4 ./source/ADC.o
 .data.CMP_in_pins
                0x20000004        0x2 ./source/CMP.o
                0x20000004                CMP_in_pins
 *fill*         0x20000006        0x2 ff
 .data.CMP_out_pins
                0x20000008        0x2 ./source/CMP.o
                0x20000008                CMP_out_pins
 *fill*         0x2000000a        0x2 ff
 .data.arrayP2CMP
                0x2000000c        0xc ./source/CMP.o
                0x2000000c                arrayP2CMP
 .data.arrayCMPirqs
                0x20000018        0x3 ./source/CMP.o
                0x20000018                arrayCMPirqs
 *fill*         0x2000001b        0x1 ff
 .data.buffer   0x2000001c        0xb ./source/DecodeBits.o
 *fill*         0x20000027        0x1 ff
 .data.PIT_ptr  0x20000028        0x4 ./source/PIT.o
 .data.sim_ptr  0x2000002c        0x4 ./source/ftm.o
 .data.portPointers
                0x20000030       0x14 ./source/ftm.o
 .data.gpioPtrs
                0x20000044       0x14 ./source/gpio.o
 .data.portPtrs
                0x20000058       0x14 ./source/gpio.o
 .data.simMasks
                0x2000006c       0x14 ./source/gpio.o
 .data.sim_ptr  0x20000080        0x4 ./source/gpio.o
 .data.portPtrs
                0x20000084       0x14 ./source/uart.o
                0x20000098                . = ALIGN (0x8)
                0x20000098                _edata = .

.igot.plt       0x20000098        0x0 load address 0x000036a8
 .igot.plt      0x20000098        0x0 ./source/ADC.o

.bss_RAM2       0x1fff0000        0x0
                [!provide]                PROVIDE (__start_bss_RAM2, .)
 *(SORT_BY_ALIGNMENT(.bss.$RAM2*))
 *(SORT_BY_ALIGNMENT(.bss.$SRAM_LOWER*))
                0x1fff0000                . = ALIGN ((. != 0x0)?0x8:0x1)
                [!provide]                PROVIDE (__end_bss_RAM2, .)

.bss_RAM3       0x14000000        0x0
                [!provide]                PROVIDE (__start_bss_RAM3, .)
 *(SORT_BY_ALIGNMENT(.bss.$RAM3*))
 *(SORT_BY_ALIGNMENT(.bss.$FLEX_RAM*))
                0x14000000                . = ALIGN ((. != 0x0)?0x8:0x1)
                [!provide]                PROVIDE (__end_bss_RAM3, .)

.bss            0x20000098     0x52b0
                0x20000098                _bss = .
 *(SORT_BY_ALIGNMENT(.bss*))
 .bss.porEnviar
                0x20000098        0x8 ./source/uart.o
                0x20000098                porEnviar
 .bss.porRecibir
                0x200000a0        0x8 ./source/uart.o
                0x200000a0                porRecibir
 .bss.recibido  0x200000a8        0x8 ./source/uart.o
                0x200000a8                recibido
 .bss.ADCdata   0x200000b0        0x4 ./source/ADC.o
 .bss.ADCcallback
                0x200000b4        0x4 ./source/ADC.o
                0x200000b4                ADCcallback
 .bss.base      0x200000b8        0x4 ./source/CMP.o
                0x200000b8                base
 .bss.LoopCallback
                0x200000bc        0x4 ./source/DMA.o
                0x200000bc                LoopCallback
 .bss.InputCapCallback
                0x200000c0        0x4 ./source/DMA.o
                0x200000c0                InputCapCallback
 .bss.input_pulse
                0x200000c4        0x4 ./source/DecodeBits.o
 .bss.entradasleidas
                0x200000c8       0x2c ./source/DecodeBits.o
 .bss.cont      0x200000f4        0x4 ./source/DecodeBits.o
 .bss.cnt_ovf   0x200000f8        0x4 ./source/DecodeBits.o
 .bss.med       0x200000fc        0x4 ./source/DecodeBits.o
 .bss.med1      0x20000100        0x4 ./source/DecodeBits.o
 .bss.med2      0x20000104        0x4 ./source/DecodeBits.o
 .bss.medStatus
                0x20000108        0x4 ./source/DecodeBits.o
 .bss.callbackToSend
                0x2000010c        0x4 ./source/DecodeBits.o
                0x2000010c                callbackToSend
 .bss.sinValues
                0x20000110       0xa6 ./source/Modulador.o
 *fill*         0x200001b6        0x2 
 .bss.sinValues1
                0x200001b8       0xa6 ./source/Modulador.o
 *fill*         0x2000025e        0x2 
 .bss.bitStream
                0x20000260        0xb ./source/Modulador.o
 *fill*         0x2000026b        0x1 
 .bss.MsgSendedCallback
                0x2000026c        0x4 ./source/Modulador.o
                0x2000026c                MsgSendedCallback
 .bss.callback0
                0x20000270        0x4 ./source/PIT.o
                0x20000270                callback0
 .bss.callback1
                0x20000274        0x4 ./source/PIT.o
                0x20000274                callback1
 .bss.callback  0x20000278        0x4 ./source/ftm.o
                0x20000278                callback
 .bss.med       0x2000027c        0x4 ./source/ftm.o
                0x2000027c                med
 .bss.cnt_ovf.6952
                0x20000280        0x4 ./source/ftm.o
 .bss.isr_Matrix
                0x20000284      0x280 ./source/gpio.o
 .bss.sendBuffer
                0x20000504     0x2710 ./source/uart.o
                0x20000504                sendBuffer
 .bss.recvBuffer
                0x20002c14     0x2710 ./source/uart.o
                0x20002c14                recvBuffer
 .bss.enviado   0x20005324        0x4 ./source/uart.o
                0x20005324                enviado
 .bss.recvListener
                0x20005328        0x4 ./source/uart.o
                0x20005328                recvListener
 .bss.__LDM_interruptDisableCount
                0x2000532c        0x4 ./SDK/startup/hardware.o
 .bss.errno     0x20005330        0x4 c:/nxp/mcuxpressoide_10.2.0_759/ide/tools/bin/../lib/gcc/arm-none-eabi/7.2.1/../../../../arm-none-eabi/lib/thumb/v7e-m/fpv4-sp/hard\libcr_c.a(errno.o)
                0x20005330                errno
 .bss.dutys     0x20005334        0x2 ./source/ftm.o
 .bss.index     0x20005336        0x1 ./source/DecodeBits.o
 .bss.is_buff_full
                0x20005337        0x1 ./source/DecodeBits.o
 .bss.status    0x20005338        0x1 ./source/DecodeBits.o
 .bss.a0        0x20005339        0x1 ./source/DecodeBits.o
 .bss.a1        0x2000533a        0x1 ./source/DecodeBits.o
 .bss.is_RX     0x2000533b        0x1 ./source/DecodeBits.o
 .bss.rts       0x2000533c        0x1 ./source/Modulador.o
 .bss.llegoAlgo
                0x2000533d        0x1 ./source/Modulador.o
 .bss.msg_ptr   0x2000533e        0x1 ./source/Modulador.o
 .bss.is_Tx     0x2000533f        0x1 ./source/Modulador.o
 .bss.rx_data   0x20005340        0x1 ./source/uart.o
 *(SORT_BY_ALIGNMENT(COMMON))
                0x20005348                . = ALIGN (0x8)
 *fill*         0x20005341        0x7 
                0x20005348                _ebss = .
                [!provide]                PROVIDE (end, .)

.noinit_RAM2    0x1fff0000        0x0
 *(SORT_BY_ALIGNMENT(.noinit.$RAM2*))
 *(SORT_BY_ALIGNMENT(.noinit.$SRAM_LOWER*))
                0x1fff0000                . = ALIGN (0x8)

.noinit_RAM3    0x14000000        0x0
 *(SORT_BY_ALIGNMENT(.noinit.$RAM3*))
 *(SORT_BY_ALIGNMENT(.noinit.$FLEX_RAM*))
                0x14000000                . = ALIGN (0x8)

.noinit         0x20005348        0x0
                0x20005348                _noinit = .
 *(SORT_BY_ALIGNMENT(.noinit*))
                0x20005348                . = ALIGN (0x8)
                0x20005348                _end_noinit = .
                0x00001000                _HeapSize = 0x1000

.heap           0x20005348     0x1000
                0x20005348                _pvHeapStart = .
                0x20006348                . = (. + _HeapSize)
 *fill*         0x20005348     0x1000 
                0x20006348                . = ALIGN (0x8)
                0x20006348                _pvHeapLimit = .
                0x00001000                _StackSize = 0x1000

.heap2stackfill
                0x20006348     0x1000
                0x20007348                . = (. + _StackSize)
 *fill*         0x20006348     0x1000 

.stack          0x2002f000        0x0
                0x2002f000                _vStackBase = .
                0x2002f000                . = ALIGN (0x8)
                0x20030000                _vStackTop = (. + _StackSize)
                0x00000000                _image_start = LOADADDR (.text)
                0x000036a8                _image_end = (LOADADDR (.data) + SIZEOF (.data))
                0x000036a8                _image_size = (_image_end - _image_start)
OUTPUT(Blink.axf elf32-littlearm)

.debug_info     0x00000000     0x7904
 .debug_info    0x00000000      0x893 ./source/ADC.o
 .debug_info    0x00000893      0x1f7 ./source/App.o
 .debug_info    0x00000a8a      0x83a ./source/CMP.o
 .debug_info    0x000012c4      0xbb2 ./source/DMA.o
 .debug_info    0x00001e76      0x624 ./source/DecodeBits.o
 .debug_info    0x0000249a      0xafa ./source/Modulador.o
 .debug_info    0x00002f94      0x7ca ./source/PIT.o
 .debug_info    0x0000375e     0x104b ./source/ftm.o
 .debug_info    0x000047a9      0x754 ./source/gpio.o
 .debug_info    0x00004efd     0x13f4 ./source/uart.o
 .debug_info    0x000062f1      0x675 ./SDK/startup/hardware.o
 .debug_info    0x00006966       0xb7 ./SDK/startup/main.o
 .debug_info    0x00006a1d       0x3b ./SDK/startup/semihost_hardfault.o
 .debug_info    0x00006a58      0x8b0 ./SDK/startup/startup_mk64f12.o
 .debug_info    0x00007308      0x5fc ./SDK/CMSIS/system_MK64F12.o

.debug_abbrev   0x00000000     0x18f3
 .debug_abbrev  0x00000000      0x1ef ./source/ADC.o
 .debug_abbrev  0x000001ef      0x108 ./source/App.o
 .debug_abbrev  0x000002f7      0x20b ./source/CMP.o
 .debug_abbrev  0x00000502      0x201 ./source/DMA.o
 .debug_abbrev  0x00000703      0x1ec ./source/DecodeBits.o
 .debug_abbrev  0x000008ef      0x24a ./source/Modulador.o
 .debug_abbrev  0x00000b39      0x1e4 ./source/PIT.o
 .debug_abbrev  0x00000d1d      0x2a8 ./source/ftm.o
 .debug_abbrev  0x00000fc5      0x1a7 ./source/gpio.o
 .debug_abbrev  0x0000116c      0x308 ./source/uart.o
 .debug_abbrev  0x00001474      0x138 ./SDK/startup/hardware.o
 .debug_abbrev  0x000015ac       0x7d ./SDK/startup/main.o
 .debug_abbrev  0x00001629       0x2f ./SDK/startup/semihost_hardfault.o
 .debug_abbrev  0x00001658      0x15c ./SDK/startup/startup_mk64f12.o
 .debug_abbrev  0x000017b4      0x13f ./SDK/CMSIS/system_MK64F12.o

.debug_aranges  0x00000000      0x838
 .debug_aranges
                0x00000000       0x48 ./source/ADC.o
 .debug_aranges
                0x00000048       0x50 ./source/App.o
 .debug_aranges
                0x00000098       0x50 ./source/CMP.o
 .debug_aranges
                0x000000e8       0x70 ./source/DMA.o
 .debug_aranges
                0x00000158       0x88 ./source/DecodeBits.o
 .debug_aranges
                0x000001e0       0x48 ./source/Modulador.o
 .debug_aranges
                0x00000228       0x50 ./source/PIT.o
 .debug_aranges
                0x00000278      0x110 ./source/ftm.o
 .debug_aranges
                0x00000388       0x78 ./source/gpio.o
 .debug_aranges
                0x00000400       0x68 ./source/uart.o
 .debug_aranges
                0x00000468       0x30 ./SDK/startup/hardware.o
 .debug_aranges
                0x00000498       0x20 ./SDK/startup/main.o
 .debug_aranges
                0x000004b8       0x20 ./SDK/startup/semihost_hardfault.o
 .debug_aranges
                0x000004d8      0x330 ./SDK/startup/startup_mk64f12.o
 .debug_aranges
                0x00000808       0x30 ./SDK/CMSIS/system_MK64F12.o

.debug_ranges   0x00000000      0x748
 .debug_ranges  0x00000000       0x38 ./source/ADC.o
 .debug_ranges  0x00000038       0x40 ./source/App.o
 .debug_ranges  0x00000078       0x40 ./source/CMP.o
 .debug_ranges  0x000000b8       0x60 ./source/DMA.o
 .debug_ranges  0x00000118       0x78 ./source/DecodeBits.o
 .debug_ranges  0x00000190       0x38 ./source/Modulador.o
 .debug_ranges  0x000001c8       0x40 ./source/PIT.o
 .debug_ranges  0x00000208      0x100 ./source/ftm.o
 .debug_ranges  0x00000308       0x68 ./source/gpio.o
 .debug_ranges  0x00000370       0x58 ./source/uart.o
 .debug_ranges  0x000003c8       0x20 ./SDK/startup/hardware.o
 .debug_ranges  0x000003e8       0x10 ./SDK/startup/main.o
 .debug_ranges  0x000003f8       0x10 ./SDK/startup/semihost_hardfault.o
 .debug_ranges  0x00000408      0x320 ./SDK/startup/startup_mk64f12.o
 .debug_ranges  0x00000728       0x20 ./SDK/CMSIS/system_MK64F12.o

.debug_macro    0x00000000    0x132e5
 .debug_macro   0x00000000       0xab ./source/ADC.o
 .debug_macro   0x000000ab      0xa5a ./source/ADC.o
 .debug_macro   0x00000b05      0x34e ./source/ADC.o
 .debug_macro   0x00000e53       0x10 ./source/ADC.o
 .debug_macro   0x00000e63       0x22 ./source/ADC.o
 .debug_macro   0x00000e85       0x10 ./source/ADC.o
 .debug_macro   0x00000e95       0x5c ./source/ADC.o
 .debug_macro   0x00000ef1       0x1c ./source/ADC.o
 .debug_macro   0x00000f0d       0x22 ./source/ADC.o
 .debug_macro   0x00000f2f       0xdf ./source/ADC.o
 .debug_macro   0x0000100e      0xecf ./source/ADC.o
 .debug_macro   0x00001edd       0x48 ./source/ADC.o
 .debug_macro   0x00001f25     0xe07b ./source/ADC.o
 .debug_macro   0x0000ffa0     0x122b ./source/ADC.o
 .debug_macro   0x000111cb       0x16 ./source/ADC.o
 .debug_macro   0x000111e1       0xe9 ./source/App.o
 .debug_macro   0x000112ca       0x46 ./source/App.o
 .debug_macro   0x00011310       0x5e ./source/App.o
 .debug_macro   0x0001136e       0x10 ./source/App.o
 .debug_macro   0x0001137e       0x10 ./source/App.o
 .debug_macro   0x0001138e       0x1c ./source/App.o
 .debug_macro   0x000113aa       0xd6 ./source/CMP.o
 .debug_macro   0x00011480       0x4c ./source/CMP.o
 .debug_macro   0x000114cc       0x64 ./source/CMP.o
 .debug_macro   0x00011530       0xbe ./source/DMA.o
 .debug_macro   0x000115ee       0xb9 ./source/DecodeBits.o
 .debug_macro   0x000116a7      0x145 ./source/Modulador.o
 .debug_macro   0x000117ec       0x22 ./source/Modulador.o
 .debug_macro   0x0001180e       0x52 ./source/Modulador.o
 .debug_macro   0x00011860       0x17 ./source/Modulador.o
 .debug_macro   0x00011877       0x8d ./source/Modulador.o
 .debug_macro   0x00011904       0x35 ./source/Modulador.o
 .debug_macro   0x00011939       0x9c ./source/Modulador.o
 .debug_macro   0x000119d5      0x174 ./source/Modulador.o
 .debug_macro   0x00011b49       0x57 ./source/Modulador.o
 .debug_macro   0x00011ba0       0x58 ./source/Modulador.o
 .debug_macro   0x00011bf8       0x1f ./source/Modulador.o
 .debug_macro   0x00011c17       0x43 ./source/Modulador.o
 .debug_macro   0x00011c5a       0x20 ./source/Modulador.o
 .debug_macro   0x00011c7a      0x18e ./source/Modulador.o
 .debug_macro   0x00011e08      0x330 ./source/Modulador.o
 .debug_macro   0x00012138      0x1e1 ./source/Modulador.o
 .debug_macro   0x00012319       0xa6 ./source/PIT.o
 .debug_macro   0x000123bf       0xe0 ./source/ftm.o
 .debug_macro   0x0001249f       0xab ./source/gpio.o
 .debug_macro   0x0001254a      0x282 ./source/uart.o
 .debug_macro   0x000127cc       0x16 ./source/uart.o
 .debug_macro   0x000127e2       0x16 ./source/uart.o
 .debug_macro   0x000127f8       0x97 ./source/uart.o
 .debug_macro   0x0001288f      0x32a ./source/uart.o
 .debug_macro   0x00012bb9       0xfd ./source/uart.o
 .debug_macro   0x00012cb6       0x10 ./source/uart.o
 .debug_macro   0x00012cc6       0x10 ./source/uart.o
 .debug_macro   0x00012cd6       0x6a ./source/uart.o
 .debug_macro   0x00012d40       0x1c ./source/uart.o
 .debug_macro   0x00012d5c       0x52 ./source/uart.o
 .debug_macro   0x00012dae       0x40 ./source/uart.o
 .debug_macro   0x00012dee       0x10 ./source/uart.o
 .debug_macro   0x00012dfe       0x40 ./source/uart.o
 .debug_macro   0x00012e3e       0xd7 ./source/uart.o
 .debug_macro   0x00012f15       0x1c ./source/uart.o
 .debug_macro   0x00012f31       0x3d ./source/uart.o
 .debug_macro   0x00012f6e       0x16 ./source/uart.o
 .debug_macro   0x00012f84      0x16f ./source/uart.o
 .debug_macro   0x000130f3       0x9c ./SDK/startup/hardware.o
 .debug_macro   0x0001318f       0x9c ./SDK/startup/main.o
 .debug_macro   0x0001322b       0x11 ./SDK/startup/semihost_hardfault.o
 .debug_macro   0x0001323c       0x29 ./SDK/startup/startup_mk64f12.o
 .debug_macro   0x00013265       0x80 ./SDK/CMSIS/system_MK64F12.o

.debug_line     0x00000000     0x29b1
 .debug_line    0x00000000      0x201 ./source/ADC.o
 .debug_line    0x00000201      0x23a ./source/App.o
 .debug_line    0x0000043b      0x226 ./source/CMP.o
 .debug_line    0x00000661      0x28c ./source/DMA.o
 .debug_line    0x000008ed      0x32f ./source/DecodeBits.o
 .debug_line    0x00000c1c      0x355 ./source/Modulador.o
 .debug_line    0x00000f71      0x217 ./source/PIT.o
 .debug_line    0x00001188      0x471 ./source/ftm.o
 .debug_line    0x000015f9      0x2af ./source/gpio.o
 .debug_line    0x000018a8      0x4c8 ./source/uart.o
 .debug_line    0x00001d70      0x1d4 ./SDK/startup/hardware.o
 .debug_line    0x00001f44      0x175 ./SDK/startup/main.o
 .debug_line    0x000020b9       0x59 ./SDK/startup/semihost_hardfault.o
 .debug_line    0x00002112      0x6d8 ./SDK/startup/startup_mk64f12.o
 .debug_line    0x000027ea      0x1c7 ./SDK/CMSIS/system_MK64F12.o

.debug_str      0x00000000    0x7df96
 .debug_str     0x00000000    0x77545 ./source/ADC.o
                              0x7770a (size before relaxing)
 .debug_str     0x00077545      0x33e ./source/App.o
                              0x77312 (size before relaxing)
 .debug_str     0x00077883      0x154 ./source/CMP.o
                              0x77963 (size before relaxing)
 .debug_str     0x000779d7      0x29a ./source/DMA.o
                              0x77abf (size before relaxing)
 .debug_str     0x00077c71      0x22f ./source/DecodeBits.o
                              0x7725e (size before relaxing)
 .debug_str     0x00077ea0     0x3bcf ./source/Modulador.o
                               0x756d (size before relaxing)
 .debug_str     0x0007ba6f       0xb2 ./source/PIT.o
                              0x776bd (size before relaxing)
 .debug_str     0x0007bb21      0x41f ./source/ftm.o
                              0x77d33 (size before relaxing)
 .debug_str     0x0007bf40      0x140 ./source/gpio.o
                              0x772c7 (size before relaxing)
 .debug_str     0x0007c080     0x15a6 ./source/uart.o
                              0x7c19a (size before relaxing)
 .debug_str     0x0007d626      0x16f ./SDK/startup/hardware.o
                              0x77208 (size before relaxing)
 .debug_str     0x0007d795       0x1b ./SDK/startup/main.o
                              0x76fdc (size before relaxing)
 .debug_str     0x0007d7b0       0x36 ./SDK/startup/semihost_hardfault.o
                               0x2d42 (size before relaxing)
 .debug_str     0x0007d7e6      0x74e ./SDK/startup/startup_mk64f12.o
                               0x35b0 (size before relaxing)
 .debug_str     0x0007df34       0x62 ./SDK/CMSIS/system_MK64F12.o
                              0x77117 (size before relaxing)

.comment        0x00000000       0x7e
 .comment       0x00000000       0x7e ./source/ADC.o
                                 0x7f (size before relaxing)
 .comment       0x0000007e       0x7f ./source/App.o
 .comment       0x0000007e       0x7f ./source/CMP.o
 .comment       0x0000007e       0x7f ./source/DMA.o
 .comment       0x0000007e       0x7f ./source/DecodeBits.o
 .comment       0x0000007e       0x7f ./source/Modulador.o
 .comment       0x0000007e       0x7f ./source/PIT.o
 .comment       0x0000007e       0x7f ./source/ftm.o
 .comment       0x0000007e       0x7f ./source/gpio.o
 .comment       0x0000007e       0x7f ./source/uart.o
 .comment       0x0000007e       0x7f ./SDK/startup/hardware.o
 .comment       0x0000007e       0x7f ./SDK/startup/main.o
 .comment       0x0000007e       0x7f ./SDK/startup/semihost_hardfault.o
 .comment       0x0000007e       0x7f ./SDK/startup/startup_mk64f12.o
 .comment       0x0000007e       0x7f ./SDK/CMSIS/system_MK64F12.o
 .comment       0x0000007e       0x7f c:/nxp/mcuxpressoide_10.2.0_759/ide/tools/bin/../lib/gcc/arm-none-eabi/7.2.1/../../../../arm-none-eabi/lib/thumb/v7e-m/fpv4-sp/hard\libcr_c.a(sin.o)
 .comment       0x0000007e       0x7f c:/nxp/mcuxpressoide_10.2.0_759/ide/tools/bin/../lib/gcc/arm-none-eabi/7.2.1/../../../../arm-none-eabi/lib/thumb/v7e-m/fpv4-sp/hard\libcr_c.a(_sincos.o)
 .comment       0x0000007e       0x7f c:/nxp/mcuxpressoide_10.2.0_759/ide/tools/bin/../lib/gcc/arm-none-eabi/7.2.1/../../../../arm-none-eabi/lib/thumb/v7e-m/fpv4-sp/hard\libcr_c.a(errno.o)
 .comment       0x0000007e       0x7f c:/nxp/mcuxpressoide_10.2.0_759/ide/tools/bin/../lib/gcc/arm-none-eabi/7.2.1/../../../../arm-none-eabi/lib/thumb/v7e-m/fpv4-sp/hard\libcr_c.a(fabs.o)
 .comment       0x0000007e       0x7f c:/nxp/mcuxpressoide_10.2.0_759/ide/tools/bin/../lib/gcc/arm-none-eabi/7.2.1/../../../../arm-none-eabi/lib/thumb/v7e-m/fpv4-sp/hard\libcr_c.a(_hugeval.o)
 .comment       0x0000007e       0x7f c:/nxp/mcuxpressoide_10.2.0_759/ide/tools/bin/../lib/gcc/arm-none-eabi/7.2.1/thumb/v7e-m/fpv4-sp/hard\libcr_eabihelpers.a(double.o)

.ARM.attributes
                0x00000000       0x37
 .ARM.attributes
                0x00000000       0x39 ./source/ADC.o
 .ARM.attributes
                0x00000039       0x39 ./source/App.o
 .ARM.attributes
                0x00000072       0x39 ./source/CMP.o
 .ARM.attributes
                0x000000ab       0x39 ./source/DMA.o
 .ARM.attributes
                0x000000e4       0x39 ./source/DecodeBits.o
 .ARM.attributes
                0x0000011d       0x39 ./source/Modulador.o
 .ARM.attributes
                0x00000156       0x39 ./source/PIT.o
 .ARM.attributes
                0x0000018f       0x39 ./source/ftm.o
 .ARM.attributes
                0x000001c8       0x39 ./source/gpio.o
 .ARM.attributes
                0x00000201       0x39 ./source/uart.o
 .ARM.attributes
                0x0000023a       0x39 ./SDK/startup/hardware.o
 .ARM.attributes
                0x00000273       0x39 ./SDK/startup/main.o
 .ARM.attributes
                0x000002ac       0x39 ./SDK/startup/semihost_hardfault.o
 .ARM.attributes
                0x000002e5       0x39 ./SDK/startup/startup_mk64f12.o
 .ARM.attributes
                0x0000031e       0x39 ./SDK/CMSIS/system_MK64F12.o
 .ARM.attributes
                0x00000357       0x39 c:/nxp/mcuxpressoide_10.2.0_759/ide/tools/bin/../lib/gcc/arm-none-eabi/7.2.1/../../../../arm-none-eabi/lib/thumb/v7e-m/fpv4-sp/hard\libcr_c.a(sin.o)
 .ARM.attributes
                0x00000390       0x39 c:/nxp/mcuxpressoide_10.2.0_759/ide/tools/bin/../lib/gcc/arm-none-eabi/7.2.1/../../../../arm-none-eabi/lib/thumb/v7e-m/fpv4-sp/hard\libcr_c.a(_sincos.o)
 .ARM.attributes
                0x000003c9       0x39 c:/nxp/mcuxpressoide_10.2.0_759/ide/tools/bin/../lib/gcc/arm-none-eabi/7.2.1/../../../../arm-none-eabi/lib/thumb/v7e-m/fpv4-sp/hard\libcr_c.a(errno.o)
 .ARM.attributes
                0x00000402       0x39 c:/nxp/mcuxpressoide_10.2.0_759/ide/tools/bin/../lib/gcc/arm-none-eabi/7.2.1/../../../../arm-none-eabi/lib/thumb/v7e-m/fpv4-sp/hard\libcr_c.a(fabs.o)
 .ARM.attributes
                0x0000043b       0x39 c:/nxp/mcuxpressoide_10.2.0_759/ide/tools/bin/../lib/gcc/arm-none-eabi/7.2.1/../../../../arm-none-eabi/lib/thumb/v7e-m/fpv4-sp/hard\libcr_c.a(_hugeval.o)
 .ARM.attributes
                0x00000474       0x25 c:/nxp/mcuxpressoide_10.2.0_759/ide/tools/bin/../lib/gcc/arm-none-eabi/7.2.1/thumb/v7e-m/fpv4-sp/hard\libcr_eabihelpers.a(division_64.o)
 .ARM.attributes
                0x00000499       0x25 c:/nxp/mcuxpressoide_10.2.0_759/ide/tools/bin/../lib/gcc/arm-none-eabi/7.2.1/thumb/v7e-m/fpv4-sp/hard\libcr_eabihelpers.a(division_idiv0.o)
 .ARM.attributes
                0x000004be       0x39 c:/nxp/mcuxpressoide_10.2.0_759/ide/tools/bin/../lib/gcc/arm-none-eabi/7.2.1/thumb/v7e-m/fpv4-sp/hard\libcr_eabihelpers.a(double.o)

.debug_frame    0x00000000     0x1b18
 .debug_frame   0x00000000       0xe0 ./source/ADC.o
 .debug_frame   0x000000e0       0xf4 ./source/App.o
 .debug_frame   0x000001d4      0x110 ./source/CMP.o
 .debug_frame   0x000002e4      0x1a8 ./source/DMA.o
 .debug_frame   0x0000048c      0x204 ./source/DecodeBits.o
 .debug_frame   0x00000690       0xe8 ./source/Modulador.o
 .debug_frame   0x00000778      0x104 ./source/PIT.o
 .debug_frame   0x0000087c      0x4c0 ./source/ftm.o
 .debug_frame   0x00000d3c      0x218 ./source/gpio.o
 .debug_frame   0x00000f54      0x190 ./source/uart.o
 .debug_frame   0x000010e4       0x70 ./SDK/startup/hardware.o
 .debug_frame   0x00001154       0x2c ./SDK/startup/main.o
 .debug_frame   0x00001180       0x20 ./SDK/startup/semihost_hardfault.o
 .debug_frame   0x000011a0      0x904 ./SDK/startup/startup_mk64f12.o
 .debug_frame   0x00001aa4       0x74 ./SDK/CMSIS/system_MK64F12.o
